Copyright 1986-2022 Xilinx, Inc. All Rights Reserved. Copyright 2022-2025 Advanced Micro Devices, Inc. All Rights Reserved.
---------------------------------------------------------------------------------------------------------------------------------------------
| Tool Version : Vivado v.2025.1.1 (lin64) Build 6233196 Thu Sep 11 21:27:11 MDT 2025
| Date         : Fri Feb 20 13:40:02 2026
| Host         : ece-linlabsrv01 running 64-bit Red Hat Enterprise Linux release 8.10 (Ootpa)
| Command      : report_utilization -hierarchical -hierarchical_depth 7 -file ./report/top_kernel_utilization_hierarchical_synth.rpt
| Design       : bd_0_wrapper
| Device       : xczu3eg-sbva484-1-e
| Speed File   : -1
| Design State : Synthesized
---------------------------------------------------------------------------------------------------------------------------------------------

Utilization Design Information

Table of Contents
-----------------
1. Utilization by Hierarchy

1. Utilization by Hierarchy
---------------------------

+------------------------------------------------------------------------------+--------------------------------------------------------------------------------------------------------+------------+------------+---------+------+------+--------+--------+------+------------+
|                                   Instance                                   |                                                 Module                                                 | Total LUTs | Logic LUTs | LUTRAMs | SRLs |  FFs | RAMB36 | RAMB18 | URAM | DSP Blocks |
+------------------------------------------------------------------------------+--------------------------------------------------------------------------------------------------------+------------+------------+---------+------+------+--------+--------+------+------------+
| bd_0_wrapper                                                                 |                                                                                                  (top) |       2856 |       2554 |       0 |  302 | 2860 |     88 |      3 |    0 |          4 |
|   bd_0_i                                                                     |                                                                                                   bd_0 |       2856 |       2554 |       0 |  302 | 2860 |     88 |      3 |    0 |          4 |
|     hls_inst                                                                 |                                                                                        bd_0_hls_inst_0 |       2856 |       2554 |       0 |  302 | 2860 |     88 |      3 |    0 |          4 |
|       inst                                                                   |                                                                             bd_0_hls_inst_0_top_kernel |       2856 |       2554 |       0 |  302 | 2860 |     88 |      3 |    0 |          4 |
|         write_output_U0                                                      |                                                                bd_0_hls_inst_0_top_kernel_write_output |         49 |         47 |       0 |    2 |  117 |      0 |      0 |    0 |          0 |
|           (write_output_U0)                                                  |                                                                bd_0_hls_inst_0_top_kernel_write_output |         23 |         21 |       0 |    2 |  116 |      0 |      0 |    0 |          0 |
|         A_in_m_axi_U                                                         |                                                                  bd_0_hls_inst_0_top_kernel_A_in_m_axi |        500 |        437 |       0 |   63 |  741 |      0 |      1 |    0 |          0 |
|           load_unit_0                                                        |                                                             bd_0_hls_inst_0_top_kernel_A_in_m_axi_load |        131 |         68 |       0 |   63 |  180 |      0 |      1 |    0 |          0 |
|             (load_unit_0)                                                    |                                                             bd_0_hls_inst_0_top_kernel_A_in_m_axi_load |          1 |          1 |       0 |    0 |   66 |      0 |      0 |    0 |          0 |
|             fifo_rreq                                                        |                                                             bd_0_hls_inst_0_top_kernel_A_in_m_axi_fifo |         82 |         19 |       0 |   63 |   77 |      0 |      0 |    0 |          0 |
|               U_fifo_srl                                                     |                                                              bd_0_hls_inst_0_top_kernel_A_in_m_axi_srl |         65 |          2 |       0 |   63 |   63 |      0 |      0 |    0 |          0 |
|           bus_read                                                           |                                                             bd_0_hls_inst_0_top_kernel_A_in_m_axi_read |        369 |        369 |       0 |    0 |  561 |      0 |      0 |    0 |          0 |
|             rreq_burst_conv                                                  |                                                  bd_0_hls_inst_0_top_kernel_A_in_m_axi_burst_converter |        291 |        291 |       0 |    0 |  459 |      0 |      0 |    0 |          0 |
|               burst_sequential                                               |                                                 bd_0_hls_inst_0_top_kernel_A_in_m_axi_burst_sequential |        291 |        291 |       0 |    0 |  459 |      0 |      0 |    0 |          0 |
|             rs_rdata                                                         |                                        bd_0_hls_inst_0_top_kernel_A_in_m_axi_reg_slice__parameterized0 |         40 |         40 |       0 |    0 |   71 |      0 |      0 |    0 |          0 |
|         A_out_m_axi_U                                                        |                                                                 bd_0_hls_inst_0_top_kernel_A_out_m_axi |        705 |        546 |       0 |  159 |  998 |      0 |      0 |    0 |          0 |
|           bus_write                                                          |                                                           bd_0_hls_inst_0_top_kernel_A_out_m_axi_write |        501 |        438 |       0 |   63 |  750 |      0 |      0 |    0 |          0 |
|             wreq_burst_conv                                                  |                                                 bd_0_hls_inst_0_top_kernel_A_out_m_axi_burst_converter |        291 |        291 |       0 |    0 |  459 |      0 |      0 |    0 |          0 |
|               burst_sequential                                               |                                                bd_0_hls_inst_0_top_kernel_A_out_m_axi_burst_sequential |        291 |        291 |       0 |    0 |  459 |      0 |      0 |    0 |          0 |
|             wreq_throttle                                                    |                                                        bd_0_hls_inst_0_top_kernel_A_out_m_axi_throttle |        183 |        121 |       0 |   62 |  268 |      0 |      0 |    0 |          0 |
|               rs_req                                                         |                                       bd_0_hls_inst_0_top_kernel_A_out_m_axi_reg_slice__parameterized1 |         73 |         73 |       0 |    0 |  137 |      0 |      0 |    0 |          0 |
|               fifo_burst_gen[0].fifo_req                                     |                                            bd_0_hls_inst_0_top_kernel_A_out_m_axi_fifo__parameterized4 |         84 |         22 |       0 |   62 |   79 |      0 |      0 |    0 |          0 |
|           store_unit_0                                                       |                                                           bd_0_hls_inst_0_top_kernel_A_out_m_axi_store |        204 |        108 |       0 |   96 |  248 |      0 |      0 |    0 |          0 |
|             (store_unit_0)                                                   |                                                           bd_0_hls_inst_0_top_kernel_A_out_m_axi_store |          2 |          2 |       0 |    0 |   78 |      0 |      0 |    0 |          0 |
|             buff_wdata                                                       |                                            bd_0_hls_inst_0_top_kernel_A_out_m_axi_fifo__parameterized1 |         51 |         23 |       0 |   28 |   48 |      0 |      0 |    0 |          0 |
|             fifo_wreq                                                        |                                            bd_0_hls_inst_0_top_kernel_A_out_m_axi_fifo__parameterized0 |         75 |         12 |       0 |   63 |   74 |      0 |      0 |    0 |          0 |
|               U_fifo_srl                                                     |                                             bd_0_hls_inst_0_top_kernel_A_out_m_axi_srl__parameterized0 |         65 |          2 |       0 |   63 |   63 |      0 |      0 |    0 |          0 |
|         A_out_r_c_U                                                          |                                                               bd_0_hls_inst_0_top_kernel_fifo_w64_d4_S |         70 |          8 |       0 |   62 |    7 |      0 |      0 |    0 |          0 |
|           U_top_kernel_fifo_w64_d4_S_ShiftReg                                |                                                      bd_0_hls_inst_0_top_kernel_fifo_w64_d4_S_ShiftReg |         63 |          1 |       0 |   62 |    0 |      0 |      0 |    0 |          0 |
|         compute_U0                                                           |                                                                     bd_0_hls_inst_0_top_kernel_compute |       1273 |       1258 |       0 |   15 |  623 |     88 |      2 |    0 |          4 |
|           (compute_U0)                                                       |                                                                     bd_0_hls_inst_0_top_kernel_compute |          6 |          6 |       0 |    0 |  240 |      0 |      0 |    0 |          0 |
|           bufferB_1_U                                                        |                                               bd_0_hls_inst_0_top_kernel_compute_bufferB_RAM_AUTO_1R1W |         69 |         69 |       0 |    0 |    0 |     11 |      0 |    0 |          0 |
|           bufferB_3_U                                                        |                                             bd_0_hls_inst_0_top_kernel_compute_bufferB_RAM_AUTO_1R1W_6 |         71 |         71 |       0 |    0 |    0 |     11 |      0 |    0 |          0 |
|           grp_compute_Pipeline_VITIS_LOOP_133_9_VITIS_LOOP_134_10_fu_131     |                         bd_0_hls_inst_0_top_kernel_compute_Pipeline_VITIS_LOOP_133_9_VITIS_LOOP_134_10 |        128 |        128 |       0 |    0 |   40 |      0 |      0 |    0 |          0 |
|             (grp_compute_Pipeline_VITIS_LOOP_133_9_VITIS_LOOP_134_10_fu_131) |                         bd_0_hls_inst_0_top_kernel_compute_Pipeline_VITIS_LOOP_133_9_VITIS_LOOP_134_10 |        116 |        116 |       0 |    0 |   38 |      0 |      0 |    0 |          0 |
|           grp_compute_Pipeline_VITIS_LOOP_34_1_VITIS_LOOP_35_2_fu_104        |                            bd_0_hls_inst_0_top_kernel_compute_Pipeline_VITIS_LOOP_34_1_VITIS_LOOP_35_2 |         57 |         57 |       0 |    0 |   37 |      0 |      0 |    0 |          0 |
|           grp_compute_Pipeline_VITIS_LOOP_50_4_fu_118                        |                                            bd_0_hls_inst_0_top_kernel_compute_Pipeline_VITIS_LOOP_50_4 |         70 |         70 |       0 |    0 |   20 |      0 |      0 |    0 |          0 |
|             flow_control_loop_pipe_sequential_init_U                         |                                   bd_0_hls_inst_0_top_kernel_flow_control_loop_pipe_sequential_init_10 |         55 |         55 |       0 |    0 |    2 |      0 |      0 |    0 |          0 |
|           grp_compute_Pipeline_VITIS_LOOP_60_5_fu_141                        |                                            bd_0_hls_inst_0_top_kernel_compute_Pipeline_VITIS_LOOP_60_5 |         53 |         53 |       0 |    0 |   20 |      0 |      0 |    0 |          0 |
|           grp_compute_Pipeline_VITIS_LOOP_72_6_VITIS_LOOP_73_7_fu_154        |                            bd_0_hls_inst_0_top_kernel_compute_Pipeline_VITIS_LOOP_72_6_VITIS_LOOP_73_7 |        718 |        703 |       0 |   15 |  266 |      0 |      2 |    0 |          4 |
|             (grp_compute_Pipeline_VITIS_LOOP_72_6_VITIS_LOOP_73_7_fu_154)    |                            bd_0_hls_inst_0_top_kernel_compute_Pipeline_VITIS_LOOP_72_6_VITIS_LOOP_73_7 |        271 |        256 |       0 |   15 |  264 |      0 |      0 |    0 |          0 |
|             flow_control_loop_pipe_sequential_init_U                         |                                      bd_0_hls_inst_0_top_kernel_flow_control_loop_pipe_sequential_init |         79 |         79 |       0 |    0 |    2 |      0 |      0 |    0 |          0 |
|             line_buf_U                                                       | bd_0_hls_inst_0_top_kernel_compute_Pipeline_VITIS_LOOP_72_6_VITIS_LOOP_73_7_line_buf_1_RAM_AUTO_1R1W_8 |         55 |         55 |       0 |    0 |    0 |      0 |      1 |    0 |          0 |
|             mul_39s_24ns_63_1_1_U29                                          |                                                         bd_0_hls_inst_0_top_kernel_mul_39s_24ns_63_1_1 |        197 |        197 |       0 |    0 |    0 |      0 |      0 |    0 |          2 |
|             mul_39s_26ns_65_1_1_U30                                          |                                                         bd_0_hls_inst_0_top_kernel_mul_39s_26ns_65_1_1 |         90 |         90 |       0 |    0 |    0 |      0 |      0 |    0 |          2 |
|         control_s_axi_U                                                      |                                                               bd_0_hls_inst_0_top_kernel_control_s_axi |        158 |        158 |       0 |    0 |  181 |      0 |      0 |    0 |          0 |
|         grid_final_U                                                         |                                                               bd_0_hls_inst_0_top_kernel_fifo_w24_d2_S |         20 |         20 |       0 |    0 |   54 |      0 |      0 |    0 |          0 |
|         grid_initial_U                                                       |                                                             bd_0_hls_inst_0_top_kernel_fifo_w24_d2_S_0 |         34 |         34 |       0 |    0 |   54 |      0 |      0 |    0 |          0 |
|         read_input_U0                                                        |                                                                  bd_0_hls_inst_0_top_kernel_read_input |         32 |         32 |       0 |    0 |   73 |      0 |      0 |    0 |          0 |
+------------------------------------------------------------------------------+--------------------------------------------------------------------------------------------------------+------------+------------+---------+------+------+--------+--------+------+------------+


