Copyright 1986-2022 Xilinx, Inc. All Rights Reserved. Copyright 2022-2025 Advanced Micro Devices, Inc. All Rights Reserved.
--------------------------------------------------------------------------------------------------------------------------------------------------
| Tool Version      : Vivado v.2025.1.1 (lin64) Build 6233196 Thu Sep 11 21:27:11 MDT 2025
| Date              : Fri Feb 20 12:11:49 2026
| Host              : ece-linlabsrv01 running 64-bit Red Hat Enterprise Linux release 8.10 (Ootpa)
| Command           : report_timing -max_paths 10 -file ./report/top_kernel_timing_paths_synth.rpt
| Design            : bd_0_wrapper
| Device            : xczu3eg-sbva484
| Speed File        : -1  PRODUCTION 1.30 05-15-2022
| Design State      : Synthesized
| Temperature Grade : E
--------------------------------------------------------------------------------------------------------------------------------------------------

Timing Report

Slack (MET) :             5.168ns  (required time - arrival time)
  Source:                 bd_0_i/hls_inst/inst/compute_U0/buffer_1_U/ram_reg_bram_8/CLKBWRCLK
                            (rising edge-triggered cell RAMB36E2 clocked by ap_clk  {rise@0.000ns fall@5.000ns period=10.000ns})
  Destination:            bd_0_i/hls_inst/inst/compute_U0/buffer_1_U/ram_reg_bram_0/DINADIN[0]
                            (rising edge-triggered cell RAMB36E2 clocked by ap_clk  {rise@0.000ns fall@5.000ns period=10.000ns})
  Path Group:             ap_clk
  Path Type:              Setup (Max at Slow Process Corner)
  Requirement:            10.000ns  (ap_clk rise@10.000ns - ap_clk rise@0.000ns)
  Data Path Delay:        4.425ns  (logic 3.013ns (68.089%)  route 1.412ns (31.911%))
  Logic Levels:           10  (LUT6=3 RAMB36E2=7)
  Clock Path Skew:        -0.040ns (DCD - SCD + CPR)
    Destination Clock Delay (DCD):    0.041ns = ( 10.041 - 10.000 ) 
    Source Clock Delay      (SCD):    0.081ns
    Clock Pessimism Removal (CPR):    0.000ns
  Clock Uncertainty:      0.035ns  ((TSJ^2 + TIJ^2)^1/2 + DJ) / 2 + PE
    Total System Jitter     (TSJ):    0.071ns
    Total Input Jitter      (TIJ):    0.000ns
    Discrete Jitter          (DJ):    0.000ns
    Phase Error              (PE):    0.000ns

    Location             Delay type                Incr(ns)  Path(ns)    Netlist Resource(s)
  -------------------------------------------------------------------    -------------------
                         (clock ap_clk rise edge)     0.000     0.000 r  
                                                      0.000     0.000 r  ap_clk (IN)
                         net (fo=3370, unset)         0.081     0.081    bd_0_i/hls_inst/inst/compute_U0/buffer_1_U/ap_clk
                         RAMB36E2                                     r  bd_0_i/hls_inst/inst/compute_U0/buffer_1_U/ram_reg_bram_8/CLKBWRCLK
  -------------------------------------------------------------------    -------------------
                         RAMB36E2 (Prop_RAMB36E2_CLKBWRCLK_CASDOUTB[0])
                                                      1.238     1.319 r  bd_0_i/hls_inst/inst/compute_U0/buffer_1_U/ram_reg_bram_8/CASDOUTB[0]
                         net (fo=1, unplaced)         0.031     1.350    bd_0_i/hls_inst/inst/compute_U0/buffer_1_U/ram_reg_bram_8_n_69
                         RAMB36E2 (Prop_RAMB36E2_CASDINB[0]_CASDOUTB[0])
                                                      0.220     1.570 r  bd_0_i/hls_inst/inst/compute_U0/buffer_1_U/ram_reg_bram_9/CASDOUTB[0]
                         net (fo=1, unplaced)         0.031     1.601    bd_0_i/hls_inst/inst/compute_U0/buffer_1_U/ram_reg_bram_9_n_69
                         RAMB36E2 (Prop_RAMB36E2_CASDINB[0]_CASDOUTB[0])
                                                      0.220     1.821 r  bd_0_i/hls_inst/inst/compute_U0/buffer_1_U/ram_reg_bram_10/CASDOUTB[0]
                         net (fo=1, unplaced)         0.031     1.852    bd_0_i/hls_inst/inst/compute_U0/buffer_1_U/ram_reg_bram_10_n_69
                         RAMB36E2 (Prop_RAMB36E2_CASDINB[0]_CASDOUTB[0])
                                                      0.220     2.072 r  bd_0_i/hls_inst/inst/compute_U0/buffer_1_U/ram_reg_bram_11/CASDOUTB[0]
                         net (fo=1, unplaced)         0.031     2.103    bd_0_i/hls_inst/inst/compute_U0/buffer_1_U/ram_reg_bram_11_n_69
                         RAMB36E2 (Prop_RAMB36E2_CASDINB[0]_CASDOUTB[0])
                                                      0.220     2.323 r  bd_0_i/hls_inst/inst/compute_U0/buffer_1_U/ram_reg_bram_12/CASDOUTB[0]
                         net (fo=1, unplaced)         0.031     2.354    bd_0_i/hls_inst/inst/compute_U0/buffer_1_U/ram_reg_bram_12_n_69
                         RAMB36E2 (Prop_RAMB36E2_CASDINB[0]_CASDOUTB[0])
                                                      0.220     2.574 r  bd_0_i/hls_inst/inst/compute_U0/buffer_1_U/ram_reg_bram_13/CASDOUTB[0]
                         net (fo=1, unplaced)         0.031     2.605    bd_0_i/hls_inst/inst/compute_U0/buffer_1_U/ram_reg_bram_13_n_69
                         RAMB36E2 (Prop_RAMB36E2_CASDINB[0]_CASDOUTB[0])
                                                      0.220     2.825 r  bd_0_i/hls_inst/inst/compute_U0/buffer_1_U/ram_reg_bram_14/CASDOUTB[0]
                         net (fo=1, unplaced)         0.031     2.856    bd_0_i/hls_inst/inst/compute_U0/buffer_1_U/ram_reg_bram_14_n_69
                         RAMB36E2 (Prop_RAMB36E2_CASDINB[0]_DOUTBDOUT[0])
                                                      0.120     2.976 r  bd_0_i/hls_inst/inst/compute_U0/buffer_1_U/ram_reg_bram_15/DOUTBDOUT[0]
                         net (fo=3, unplaced)         0.243     3.219    bd_0_i/hls_inst/inst/compute_U0/buffer_U/ram_reg[0]
                         LUT6 (Prop_LUT6_I0_O)        0.179     3.398 r  bd_0_i/hls_inst/inst/compute_U0/buffer_U/ram_reg_bram_0_i_137/O
                         net (fo=1, unplaced)         0.214     3.612    bd_0_i/hls_inst/inst/grid_initial_U/U_top_kernel_fifo_w24_d2_S_ShiftReg/ram_reg_bram_15_1
                         LUT6 (Prop_LUT6_I5_O)        0.040     3.652 r  bd_0_i/hls_inst/inst/grid_initial_U/U_top_kernel_fifo_w24_d2_S_ShiftReg/ram_reg_bram_0_i_94/O
                         net (fo=2, unplaced)         0.161     3.813    bd_0_i/hls_inst/inst/compute_U0/grp_compute_Pipeline_VITIS_LOOP_62_6_VITIS_LOOP_63_7_fu_138/ram_reg_bram_15
                         LUT6 (Prop_LUT6_I0_O)        0.116     3.929 r  bd_0_i/hls_inst/inst/compute_U0/grp_compute_Pipeline_VITIS_LOOP_62_6_VITIS_LOOP_63_7_fu_138/ram_reg_bram_0_i_38/O
                         net (fo=16, unplaced)        0.577     4.506    bd_0_i/hls_inst/inst/compute_U0/buffer_1_U/DINADIN[0]
                         RAMB36E2                                     r  bd_0_i/hls_inst/inst/compute_U0/buffer_1_U/ram_reg_bram_0/DINADIN[0]
  -------------------------------------------------------------------    -------------------

                         (clock ap_clk rise edge)    10.000    10.000 r  
                                                      0.000    10.000 r  ap_clk (IN)
                         net (fo=3370, unset)         0.041    10.041    bd_0_i/hls_inst/inst/compute_U0/buffer_1_U/ap_clk
                         RAMB36E2                                     r  bd_0_i/hls_inst/inst/compute_U0/buffer_1_U/ram_reg_bram_0/CLKARDCLK
                         clock pessimism              0.000    10.041    
                         clock uncertainty           -0.035    10.006    
                         RAMB36E2 (Setup_RAMB36E2_CLKARDCLK_DINADIN[0])
                                                     -0.332     9.674    bd_0_i/hls_inst/inst/compute_U0/buffer_1_U/ram_reg_bram_0
  -------------------------------------------------------------------
                         required time                          9.674    
                         arrival time                          -4.506    
  -------------------------------------------------------------------
                         slack                                  5.168    

Slack (MET) :             5.168ns  (required time - arrival time)
  Source:                 bd_0_i/hls_inst/inst/compute_U0/buffer_1_U/ram_reg_bram_8/CLKBWRCLK
                            (rising edge-triggered cell RAMB36E2 clocked by ap_clk  {rise@0.000ns fall@5.000ns period=10.000ns})
  Destination:            bd_0_i/hls_inst/inst/compute_U0/buffer_1_U/ram_reg_bram_1/DINADIN[0]
                            (rising edge-triggered cell RAMB36E2 clocked by ap_clk  {rise@0.000ns fall@5.000ns period=10.000ns})
  Path Group:             ap_clk
  Path Type:              Setup (Max at Slow Process Corner)
  Requirement:            10.000ns  (ap_clk rise@10.000ns - ap_clk rise@0.000ns)
  Data Path Delay:        4.425ns  (logic 3.013ns (68.089%)  route 1.412ns (31.911%))
  Logic Levels:           10  (LUT6=3 RAMB36E2=7)
  Clock Path Skew:        -0.040ns (DCD - SCD + CPR)
    Destination Clock Delay (DCD):    0.041ns = ( 10.041 - 10.000 ) 
    Source Clock Delay      (SCD):    0.081ns
    Clock Pessimism Removal (CPR):    0.000ns
  Clock Uncertainty:      0.035ns  ((TSJ^2 + TIJ^2)^1/2 + DJ) / 2 + PE
    Total System Jitter     (TSJ):    0.071ns
    Total Input Jitter      (TIJ):    0.000ns
    Discrete Jitter          (DJ):    0.000ns
    Phase Error              (PE):    0.000ns

    Location             Delay type                Incr(ns)  Path(ns)    Netlist Resource(s)
  -------------------------------------------------------------------    -------------------
                         (clock ap_clk rise edge)     0.000     0.000 r  
                                                      0.000     0.000 r  ap_clk (IN)
                         net (fo=3370, unset)         0.081     0.081    bd_0_i/hls_inst/inst/compute_U0/buffer_1_U/ap_clk
                         RAMB36E2                                     r  bd_0_i/hls_inst/inst/compute_U0/buffer_1_U/ram_reg_bram_8/CLKBWRCLK
  -------------------------------------------------------------------    -------------------
                         RAMB36E2 (Prop_RAMB36E2_CLKBWRCLK_CASDOUTB[0])
                                                      1.238     1.319 r  bd_0_i/hls_inst/inst/compute_U0/buffer_1_U/ram_reg_bram_8/CASDOUTB[0]
                         net (fo=1, unplaced)         0.031     1.350    bd_0_i/hls_inst/inst/compute_U0/buffer_1_U/ram_reg_bram_8_n_69
                         RAMB36E2 (Prop_RAMB36E2_CASDINB[0]_CASDOUTB[0])
                                                      0.220     1.570 r  bd_0_i/hls_inst/inst/compute_U0/buffer_1_U/ram_reg_bram_9/CASDOUTB[0]
                         net (fo=1, unplaced)         0.031     1.601    bd_0_i/hls_inst/inst/compute_U0/buffer_1_U/ram_reg_bram_9_n_69
                         RAMB36E2 (Prop_RAMB36E2_CASDINB[0]_CASDOUTB[0])
                                                      0.220     1.821 r  bd_0_i/hls_inst/inst/compute_U0/buffer_1_U/ram_reg_bram_10/CASDOUTB[0]
                         net (fo=1, unplaced)         0.031     1.852    bd_0_i/hls_inst/inst/compute_U0/buffer_1_U/ram_reg_bram_10_n_69
                         RAMB36E2 (Prop_RAMB36E2_CASDINB[0]_CASDOUTB[0])
                                                      0.220     2.072 r  bd_0_i/hls_inst/inst/compute_U0/buffer_1_U/ram_reg_bram_11/CASDOUTB[0]
                         net (fo=1, unplaced)         0.031     2.103    bd_0_i/hls_inst/inst/compute_U0/buffer_1_U/ram_reg_bram_11_n_69
                         RAMB36E2 (Prop_RAMB36E2_CASDINB[0]_CASDOUTB[0])
                                                      0.220     2.323 r  bd_0_i/hls_inst/inst/compute_U0/buffer_1_U/ram_reg_bram_12/CASDOUTB[0]
                         net (fo=1, unplaced)         0.031     2.354    bd_0_i/hls_inst/inst/compute_U0/buffer_1_U/ram_reg_bram_12_n_69
                         RAMB36E2 (Prop_RAMB36E2_CASDINB[0]_CASDOUTB[0])
                                                      0.220     2.574 r  bd_0_i/hls_inst/inst/compute_U0/buffer_1_U/ram_reg_bram_13/CASDOUTB[0]
                         net (fo=1, unplaced)         0.031     2.605    bd_0_i/hls_inst/inst/compute_U0/buffer_1_U/ram_reg_bram_13_n_69
                         RAMB36E2 (Prop_RAMB36E2_CASDINB[0]_CASDOUTB[0])
                                                      0.220     2.825 r  bd_0_i/hls_inst/inst/compute_U0/buffer_1_U/ram_reg_bram_14/CASDOUTB[0]
                         net (fo=1, unplaced)         0.031     2.856    bd_0_i/hls_inst/inst/compute_U0/buffer_1_U/ram_reg_bram_14_n_69
                         RAMB36E2 (Prop_RAMB36E2_CASDINB[0]_DOUTBDOUT[0])
                                                      0.120     2.976 r  bd_0_i/hls_inst/inst/compute_U0/buffer_1_U/ram_reg_bram_15/DOUTBDOUT[0]
                         net (fo=3, unplaced)         0.243     3.219    bd_0_i/hls_inst/inst/compute_U0/buffer_U/ram_reg[0]
                         LUT6 (Prop_LUT6_I0_O)        0.179     3.398 r  bd_0_i/hls_inst/inst/compute_U0/buffer_U/ram_reg_bram_0_i_137/O
                         net (fo=1, unplaced)         0.214     3.612    bd_0_i/hls_inst/inst/grid_initial_U/U_top_kernel_fifo_w24_d2_S_ShiftReg/ram_reg_bram_15_1
                         LUT6 (Prop_LUT6_I5_O)        0.040     3.652 r  bd_0_i/hls_inst/inst/grid_initial_U/U_top_kernel_fifo_w24_d2_S_ShiftReg/ram_reg_bram_0_i_94/O
                         net (fo=2, unplaced)         0.161     3.813    bd_0_i/hls_inst/inst/compute_U0/grp_compute_Pipeline_VITIS_LOOP_62_6_VITIS_LOOP_63_7_fu_138/ram_reg_bram_15
                         LUT6 (Prop_LUT6_I0_O)        0.116     3.929 r  bd_0_i/hls_inst/inst/compute_U0/grp_compute_Pipeline_VITIS_LOOP_62_6_VITIS_LOOP_63_7_fu_138/ram_reg_bram_0_i_38/O
                         net (fo=16, unplaced)        0.577     4.506    bd_0_i/hls_inst/inst/compute_U0/buffer_1_U/DINADIN[0]
                         RAMB36E2                                     r  bd_0_i/hls_inst/inst/compute_U0/buffer_1_U/ram_reg_bram_1/DINADIN[0]
  -------------------------------------------------------------------    -------------------

                         (clock ap_clk rise edge)    10.000    10.000 r  
                                                      0.000    10.000 r  ap_clk (IN)
                         net (fo=3370, unset)         0.041    10.041    bd_0_i/hls_inst/inst/compute_U0/buffer_1_U/ap_clk
                         RAMB36E2                                     r  bd_0_i/hls_inst/inst/compute_U0/buffer_1_U/ram_reg_bram_1/CLKARDCLK
                         clock pessimism              0.000    10.041    
                         clock uncertainty           -0.035    10.006    
                         RAMB36E2 (Setup_RAMB36E2_CLKARDCLK_DINADIN[0])
                                                     -0.332     9.674    bd_0_i/hls_inst/inst/compute_U0/buffer_1_U/ram_reg_bram_1
  -------------------------------------------------------------------
                         required time                          9.674    
                         arrival time                          -4.506    
  -------------------------------------------------------------------
                         slack                                  5.168    

Slack (MET) :             5.168ns  (required time - arrival time)
  Source:                 bd_0_i/hls_inst/inst/compute_U0/buffer_1_U/ram_reg_bram_8/CLKBWRCLK
                            (rising edge-triggered cell RAMB36E2 clocked by ap_clk  {rise@0.000ns fall@5.000ns period=10.000ns})
  Destination:            bd_0_i/hls_inst/inst/compute_U0/buffer_1_U/ram_reg_bram_10/DINADIN[0]
                            (rising edge-triggered cell RAMB36E2 clocked by ap_clk  {rise@0.000ns fall@5.000ns period=10.000ns})
  Path Group:             ap_clk
  Path Type:              Setup (Max at Slow Process Corner)
  Requirement:            10.000ns  (ap_clk rise@10.000ns - ap_clk rise@0.000ns)
  Data Path Delay:        4.425ns  (logic 3.013ns (68.089%)  route 1.412ns (31.911%))
  Logic Levels:           10  (LUT6=3 RAMB36E2=7)
  Clock Path Skew:        -0.040ns (DCD - SCD + CPR)
    Destination Clock Delay (DCD):    0.041ns = ( 10.041 - 10.000 ) 
    Source Clock Delay      (SCD):    0.081ns
    Clock Pessimism Removal (CPR):    0.000ns
  Clock Uncertainty:      0.035ns  ((TSJ^2 + TIJ^2)^1/2 + DJ) / 2 + PE
    Total System Jitter     (TSJ):    0.071ns
    Total Input Jitter      (TIJ):    0.000ns
    Discrete Jitter          (DJ):    0.000ns
    Phase Error              (PE):    0.000ns

    Location             Delay type                Incr(ns)  Path(ns)    Netlist Resource(s)
  -------------------------------------------------------------------    -------------------
                         (clock ap_clk rise edge)     0.000     0.000 r  
                                                      0.000     0.000 r  ap_clk (IN)
                         net (fo=3370, unset)         0.081     0.081    bd_0_i/hls_inst/inst/compute_U0/buffer_1_U/ap_clk
                         RAMB36E2                                     r  bd_0_i/hls_inst/inst/compute_U0/buffer_1_U/ram_reg_bram_8/CLKBWRCLK
  -------------------------------------------------------------------    -------------------
                         RAMB36E2 (Prop_RAMB36E2_CLKBWRCLK_CASDOUTB[0])
                                                      1.238     1.319 r  bd_0_i/hls_inst/inst/compute_U0/buffer_1_U/ram_reg_bram_8/CASDOUTB[0]
                         net (fo=1, unplaced)         0.031     1.350    bd_0_i/hls_inst/inst/compute_U0/buffer_1_U/ram_reg_bram_8_n_69
                         RAMB36E2 (Prop_RAMB36E2_CASDINB[0]_CASDOUTB[0])
                                                      0.220     1.570 r  bd_0_i/hls_inst/inst/compute_U0/buffer_1_U/ram_reg_bram_9/CASDOUTB[0]
                         net (fo=1, unplaced)         0.031     1.601    bd_0_i/hls_inst/inst/compute_U0/buffer_1_U/ram_reg_bram_9_n_69
                         RAMB36E2 (Prop_RAMB36E2_CASDINB[0]_CASDOUTB[0])
                                                      0.220     1.821 r  bd_0_i/hls_inst/inst/compute_U0/buffer_1_U/ram_reg_bram_10/CASDOUTB[0]
                         net (fo=1, unplaced)         0.031     1.852    bd_0_i/hls_inst/inst/compute_U0/buffer_1_U/ram_reg_bram_10_n_69
                         RAMB36E2 (Prop_RAMB36E2_CASDINB[0]_CASDOUTB[0])
                                                      0.220     2.072 r  bd_0_i/hls_inst/inst/compute_U0/buffer_1_U/ram_reg_bram_11/CASDOUTB[0]
                         net (fo=1, unplaced)         0.031     2.103    bd_0_i/hls_inst/inst/compute_U0/buffer_1_U/ram_reg_bram_11_n_69
                         RAMB36E2 (Prop_RAMB36E2_CASDINB[0]_CASDOUTB[0])
                                                      0.220     2.323 r  bd_0_i/hls_inst/inst/compute_U0/buffer_1_U/ram_reg_bram_12/CASDOUTB[0]
                         net (fo=1, unplaced)         0.031     2.354    bd_0_i/hls_inst/inst/compute_U0/buffer_1_U/ram_reg_bram_12_n_69
                         RAMB36E2 (Prop_RAMB36E2_CASDINB[0]_CASDOUTB[0])
                                                      0.220     2.574 r  bd_0_i/hls_inst/inst/compute_U0/buffer_1_U/ram_reg_bram_13/CASDOUTB[0]
                         net (fo=1, unplaced)         0.031     2.605    bd_0_i/hls_inst/inst/compute_U0/buffer_1_U/ram_reg_bram_13_n_69
                         RAMB36E2 (Prop_RAMB36E2_CASDINB[0]_CASDOUTB[0])
                                                      0.220     2.825 r  bd_0_i/hls_inst/inst/compute_U0/buffer_1_U/ram_reg_bram_14/CASDOUTB[0]
                         net (fo=1, unplaced)         0.031     2.856    bd_0_i/hls_inst/inst/compute_U0/buffer_1_U/ram_reg_bram_14_n_69
                         RAMB36E2 (Prop_RAMB36E2_CASDINB[0]_DOUTBDOUT[0])
                                                      0.120     2.976 r  bd_0_i/hls_inst/inst/compute_U0/buffer_1_U/ram_reg_bram_15/DOUTBDOUT[0]
                         net (fo=3, unplaced)         0.243     3.219    bd_0_i/hls_inst/inst/compute_U0/buffer_U/ram_reg[0]
                         LUT6 (Prop_LUT6_I0_O)        0.179     3.398 r  bd_0_i/hls_inst/inst/compute_U0/buffer_U/ram_reg_bram_0_i_137/O
                         net (fo=1, unplaced)         0.214     3.612    bd_0_i/hls_inst/inst/grid_initial_U/U_top_kernel_fifo_w24_d2_S_ShiftReg/ram_reg_bram_15_1
                         LUT6 (Prop_LUT6_I5_O)        0.040     3.652 r  bd_0_i/hls_inst/inst/grid_initial_U/U_top_kernel_fifo_w24_d2_S_ShiftReg/ram_reg_bram_0_i_94/O
                         net (fo=2, unplaced)         0.161     3.813    bd_0_i/hls_inst/inst/compute_U0/grp_compute_Pipeline_VITIS_LOOP_62_6_VITIS_LOOP_63_7_fu_138/ram_reg_bram_15
                         LUT6 (Prop_LUT6_I0_O)        0.116     3.929 r  bd_0_i/hls_inst/inst/compute_U0/grp_compute_Pipeline_VITIS_LOOP_62_6_VITIS_LOOP_63_7_fu_138/ram_reg_bram_0_i_38/O
                         net (fo=16, unplaced)        0.577     4.506    bd_0_i/hls_inst/inst/compute_U0/buffer_1_U/DINADIN[0]
                         RAMB36E2                                     r  bd_0_i/hls_inst/inst/compute_U0/buffer_1_U/ram_reg_bram_10/DINADIN[0]
  -------------------------------------------------------------------    -------------------

                         (clock ap_clk rise edge)    10.000    10.000 r  
                                                      0.000    10.000 r  ap_clk (IN)
                         net (fo=3370, unset)         0.041    10.041    bd_0_i/hls_inst/inst/compute_U0/buffer_1_U/ap_clk
                         RAMB36E2                                     r  bd_0_i/hls_inst/inst/compute_U0/buffer_1_U/ram_reg_bram_10/CLKARDCLK
                         clock pessimism              0.000    10.041    
                         clock uncertainty           -0.035    10.006    
                         RAMB36E2 (Setup_RAMB36E2_CLKARDCLK_DINADIN[0])
                                                     -0.332     9.674    bd_0_i/hls_inst/inst/compute_U0/buffer_1_U/ram_reg_bram_10
  -------------------------------------------------------------------
                         required time                          9.674    
                         arrival time                          -4.506    
  -------------------------------------------------------------------
                         slack                                  5.168    

Slack (MET) :             5.168ns  (required time - arrival time)
  Source:                 bd_0_i/hls_inst/inst/compute_U0/buffer_1_U/ram_reg_bram_8/CLKBWRCLK
                            (rising edge-triggered cell RAMB36E2 clocked by ap_clk  {rise@0.000ns fall@5.000ns period=10.000ns})
  Destination:            bd_0_i/hls_inst/inst/compute_U0/buffer_1_U/ram_reg_bram_11/DINADIN[0]
                            (rising edge-triggered cell RAMB36E2 clocked by ap_clk  {rise@0.000ns fall@5.000ns period=10.000ns})
  Path Group:             ap_clk
  Path Type:              Setup (Max at Slow Process Corner)
  Requirement:            10.000ns  (ap_clk rise@10.000ns - ap_clk rise@0.000ns)
  Data Path Delay:        4.425ns  (logic 3.013ns (68.089%)  route 1.412ns (31.911%))
  Logic Levels:           10  (LUT6=3 RAMB36E2=7)
  Clock Path Skew:        -0.040ns (DCD - SCD + CPR)
    Destination Clock Delay (DCD):    0.041ns = ( 10.041 - 10.000 ) 
    Source Clock Delay      (SCD):    0.081ns
    Clock Pessimism Removal (CPR):    0.000ns
  Clock Uncertainty:      0.035ns  ((TSJ^2 + TIJ^2)^1/2 + DJ) / 2 + PE
    Total System Jitter     (TSJ):    0.071ns
    Total Input Jitter      (TIJ):    0.000ns
    Discrete Jitter          (DJ):    0.000ns
    Phase Error              (PE):    0.000ns

    Location             Delay type                Incr(ns)  Path(ns)    Netlist Resource(s)
  -------------------------------------------------------------------    -------------------
                         (clock ap_clk rise edge)     0.000     0.000 r  
                                                      0.000     0.000 r  ap_clk (IN)
                         net (fo=3370, unset)         0.081     0.081    bd_0_i/hls_inst/inst/compute_U0/buffer_1_U/ap_clk
                         RAMB36E2                                     r  bd_0_i/hls_inst/inst/compute_U0/buffer_1_U/ram_reg_bram_8/CLKBWRCLK
  -------------------------------------------------------------------    -------------------
                         RAMB36E2 (Prop_RAMB36E2_CLKBWRCLK_CASDOUTB[0])
                                                      1.238     1.319 r  bd_0_i/hls_inst/inst/compute_U0/buffer_1_U/ram_reg_bram_8/CASDOUTB[0]
                         net (fo=1, unplaced)         0.031     1.350    bd_0_i/hls_inst/inst/compute_U0/buffer_1_U/ram_reg_bram_8_n_69
                         RAMB36E2 (Prop_RAMB36E2_CASDINB[0]_CASDOUTB[0])
                                                      0.220     1.570 r  bd_0_i/hls_inst/inst/compute_U0/buffer_1_U/ram_reg_bram_9/CASDOUTB[0]
                         net (fo=1, unplaced)         0.031     1.601    bd_0_i/hls_inst/inst/compute_U0/buffer_1_U/ram_reg_bram_9_n_69
                         RAMB36E2 (Prop_RAMB36E2_CASDINB[0]_CASDOUTB[0])
                                                      0.220     1.821 r  bd_0_i/hls_inst/inst/compute_U0/buffer_1_U/ram_reg_bram_10/CASDOUTB[0]
                         net (fo=1, unplaced)         0.031     1.852    bd_0_i/hls_inst/inst/compute_U0/buffer_1_U/ram_reg_bram_10_n_69
                         RAMB36E2 (Prop_RAMB36E2_CASDINB[0]_CASDOUTB[0])
                                                      0.220     2.072 r  bd_0_i/hls_inst/inst/compute_U0/buffer_1_U/ram_reg_bram_11/CASDOUTB[0]
                         net (fo=1, unplaced)         0.031     2.103    bd_0_i/hls_inst/inst/compute_U0/buffer_1_U/ram_reg_bram_11_n_69
                         RAMB36E2 (Prop_RAMB36E2_CASDINB[0]_CASDOUTB[0])
                                                      0.220     2.323 r  bd_0_i/hls_inst/inst/compute_U0/buffer_1_U/ram_reg_bram_12/CASDOUTB[0]
                         net (fo=1, unplaced)         0.031     2.354    bd_0_i/hls_inst/inst/compute_U0/buffer_1_U/ram_reg_bram_12_n_69
                         RAMB36E2 (Prop_RAMB36E2_CASDINB[0]_CASDOUTB[0])
                                                      0.220     2.574 r  bd_0_i/hls_inst/inst/compute_U0/buffer_1_U/ram_reg_bram_13/CASDOUTB[0]
                         net (fo=1, unplaced)         0.031     2.605    bd_0_i/hls_inst/inst/compute_U0/buffer_1_U/ram_reg_bram_13_n_69
                         RAMB36E2 (Prop_RAMB36E2_CASDINB[0]_CASDOUTB[0])
                                                      0.220     2.825 r  bd_0_i/hls_inst/inst/compute_U0/buffer_1_U/ram_reg_bram_14/CASDOUTB[0]
                         net (fo=1, unplaced)         0.031     2.856    bd_0_i/hls_inst/inst/compute_U0/buffer_1_U/ram_reg_bram_14_n_69
                         RAMB36E2 (Prop_RAMB36E2_CASDINB[0]_DOUTBDOUT[0])
                                                      0.120     2.976 r  bd_0_i/hls_inst/inst/compute_U0/buffer_1_U/ram_reg_bram_15/DOUTBDOUT[0]
                         net (fo=3, unplaced)         0.243     3.219    bd_0_i/hls_inst/inst/compute_U0/buffer_U/ram_reg[0]
                         LUT6 (Prop_LUT6_I0_O)        0.179     3.398 r  bd_0_i/hls_inst/inst/compute_U0/buffer_U/ram_reg_bram_0_i_137/O
                         net (fo=1, unplaced)         0.214     3.612    bd_0_i/hls_inst/inst/grid_initial_U/U_top_kernel_fifo_w24_d2_S_ShiftReg/ram_reg_bram_15_1
                         LUT6 (Prop_LUT6_I5_O)        0.040     3.652 r  bd_0_i/hls_inst/inst/grid_initial_U/U_top_kernel_fifo_w24_d2_S_ShiftReg/ram_reg_bram_0_i_94/O
                         net (fo=2, unplaced)         0.161     3.813    bd_0_i/hls_inst/inst/compute_U0/grp_compute_Pipeline_VITIS_LOOP_62_6_VITIS_LOOP_63_7_fu_138/ram_reg_bram_15
                         LUT6 (Prop_LUT6_I0_O)        0.116     3.929 r  bd_0_i/hls_inst/inst/compute_U0/grp_compute_Pipeline_VITIS_LOOP_62_6_VITIS_LOOP_63_7_fu_138/ram_reg_bram_0_i_38/O
                         net (fo=16, unplaced)        0.577     4.506    bd_0_i/hls_inst/inst/compute_U0/buffer_1_U/DINADIN[0]
                         RAMB36E2                                     r  bd_0_i/hls_inst/inst/compute_U0/buffer_1_U/ram_reg_bram_11/DINADIN[0]
  -------------------------------------------------------------------    -------------------

                         (clock ap_clk rise edge)    10.000    10.000 r  
                                                      0.000    10.000 r  ap_clk (IN)
                         net (fo=3370, unset)         0.041    10.041    bd_0_i/hls_inst/inst/compute_U0/buffer_1_U/ap_clk
                         RAMB36E2                                     r  bd_0_i/hls_inst/inst/compute_U0/buffer_1_U/ram_reg_bram_11/CLKARDCLK
                         clock pessimism              0.000    10.041    
                         clock uncertainty           -0.035    10.006    
                         RAMB36E2 (Setup_RAMB36E2_CLKARDCLK_DINADIN[0])
                                                     -0.332     9.674    bd_0_i/hls_inst/inst/compute_U0/buffer_1_U/ram_reg_bram_11
  -------------------------------------------------------------------
                         required time                          9.674    
                         arrival time                          -4.506    
  -------------------------------------------------------------------
                         slack                                  5.168    

Slack (MET) :             5.168ns  (required time - arrival time)
  Source:                 bd_0_i/hls_inst/inst/compute_U0/buffer_1_U/ram_reg_bram_8/CLKBWRCLK
                            (rising edge-triggered cell RAMB36E2 clocked by ap_clk  {rise@0.000ns fall@5.000ns period=10.000ns})
  Destination:            bd_0_i/hls_inst/inst/compute_U0/buffer_1_U/ram_reg_bram_12/DINADIN[0]
                            (rising edge-triggered cell RAMB36E2 clocked by ap_clk  {rise@0.000ns fall@5.000ns period=10.000ns})
  Path Group:             ap_clk
  Path Type:              Setup (Max at Slow Process Corner)
  Requirement:            10.000ns  (ap_clk rise@10.000ns - ap_clk rise@0.000ns)
  Data Path Delay:        4.425ns  (logic 3.013ns (68.089%)  route 1.412ns (31.911%))
  Logic Levels:           10  (LUT6=3 RAMB36E2=7)
  Clock Path Skew:        -0.040ns (DCD - SCD + CPR)
    Destination Clock Delay (DCD):    0.041ns = ( 10.041 - 10.000 ) 
    Source Clock Delay      (SCD):    0.081ns
    Clock Pessimism Removal (CPR):    0.000ns
  Clock Uncertainty:      0.035ns  ((TSJ^2 + TIJ^2)^1/2 + DJ) / 2 + PE
    Total System Jitter     (TSJ):    0.071ns
    Total Input Jitter      (TIJ):    0.000ns
    Discrete Jitter          (DJ):    0.000ns
    Phase Error              (PE):    0.000ns

    Location             Delay type                Incr(ns)  Path(ns)    Netlist Resource(s)
  -------------------------------------------------------------------    -------------------
                         (clock ap_clk rise edge)     0.000     0.000 r  
                                                      0.000     0.000 r  ap_clk (IN)
                         net (fo=3370, unset)         0.081     0.081    bd_0_i/hls_inst/inst/compute_U0/buffer_1_U/ap_clk
                         RAMB36E2                                     r  bd_0_i/hls_inst/inst/compute_U0/buffer_1_U/ram_reg_bram_8/CLKBWRCLK
  -------------------------------------------------------------------    -------------------
                         RAMB36E2 (Prop_RAMB36E2_CLKBWRCLK_CASDOUTB[0])
                                                      1.238     1.319 r  bd_0_i/hls_inst/inst/compute_U0/buffer_1_U/ram_reg_bram_8/CASDOUTB[0]
                         net (fo=1, unplaced)         0.031     1.350    bd_0_i/hls_inst/inst/compute_U0/buffer_1_U/ram_reg_bram_8_n_69
                         RAMB36E2 (Prop_RAMB36E2_CASDINB[0]_CASDOUTB[0])
                                                      0.220     1.570 r  bd_0_i/hls_inst/inst/compute_U0/buffer_1_U/ram_reg_bram_9/CASDOUTB[0]
                         net (fo=1, unplaced)         0.031     1.601    bd_0_i/hls_inst/inst/compute_U0/buffer_1_U/ram_reg_bram_9_n_69
                         RAMB36E2 (Prop_RAMB36E2_CASDINB[0]_CASDOUTB[0])
                                                      0.220     1.821 r  bd_0_i/hls_inst/inst/compute_U0/buffer_1_U/ram_reg_bram_10/CASDOUTB[0]
                         net (fo=1, unplaced)         0.031     1.852    bd_0_i/hls_inst/inst/compute_U0/buffer_1_U/ram_reg_bram_10_n_69
                         RAMB36E2 (Prop_RAMB36E2_CASDINB[0]_CASDOUTB[0])
                                                      0.220     2.072 r  bd_0_i/hls_inst/inst/compute_U0/buffer_1_U/ram_reg_bram_11/CASDOUTB[0]
                         net (fo=1, unplaced)         0.031     2.103    bd_0_i/hls_inst/inst/compute_U0/buffer_1_U/ram_reg_bram_11_n_69
                         RAMB36E2 (Prop_RAMB36E2_CASDINB[0]_CASDOUTB[0])
                                                      0.220     2.323 r  bd_0_i/hls_inst/inst/compute_U0/buffer_1_U/ram_reg_bram_12/CASDOUTB[0]
                         net (fo=1, unplaced)         0.031     2.354    bd_0_i/hls_inst/inst/compute_U0/buffer_1_U/ram_reg_bram_12_n_69
                         RAMB36E2 (Prop_RAMB36E2_CASDINB[0]_CASDOUTB[0])
                                                      0.220     2.574 r  bd_0_i/hls_inst/inst/compute_U0/buffer_1_U/ram_reg_bram_13/CASDOUTB[0]
                         net (fo=1, unplaced)         0.031     2.605    bd_0_i/hls_inst/inst/compute_U0/buffer_1_U/ram_reg_bram_13_n_69
                         RAMB36E2 (Prop_RAMB36E2_CASDINB[0]_CASDOUTB[0])
                                                      0.220     2.825 r  bd_0_i/hls_inst/inst/compute_U0/buffer_1_U/ram_reg_bram_14/CASDOUTB[0]
                         net (fo=1, unplaced)         0.031     2.856    bd_0_i/hls_inst/inst/compute_U0/buffer_1_U/ram_reg_bram_14_n_69
                         RAMB36E2 (Prop_RAMB36E2_CASDINB[0]_DOUTBDOUT[0])
                                                      0.120     2.976 r  bd_0_i/hls_inst/inst/compute_U0/buffer_1_U/ram_reg_bram_15/DOUTBDOUT[0]
                         net (fo=3, unplaced)         0.243     3.219    bd_0_i/hls_inst/inst/compute_U0/buffer_U/ram_reg[0]
                         LUT6 (Prop_LUT6_I0_O)        0.179     3.398 r  bd_0_i/hls_inst/inst/compute_U0/buffer_U/ram_reg_bram_0_i_137/O
                         net (fo=1, unplaced)         0.214     3.612    bd_0_i/hls_inst/inst/grid_initial_U/U_top_kernel_fifo_w24_d2_S_ShiftReg/ram_reg_bram_15_1
                         LUT6 (Prop_LUT6_I5_O)        0.040     3.652 r  bd_0_i/hls_inst/inst/grid_initial_U/U_top_kernel_fifo_w24_d2_S_ShiftReg/ram_reg_bram_0_i_94/O
                         net (fo=2, unplaced)         0.161     3.813    bd_0_i/hls_inst/inst/compute_U0/grp_compute_Pipeline_VITIS_LOOP_62_6_VITIS_LOOP_63_7_fu_138/ram_reg_bram_15
                         LUT6 (Prop_LUT6_I0_O)        0.116     3.929 r  bd_0_i/hls_inst/inst/compute_U0/grp_compute_Pipeline_VITIS_LOOP_62_6_VITIS_LOOP_63_7_fu_138/ram_reg_bram_0_i_38/O
                         net (fo=16, unplaced)        0.577     4.506    bd_0_i/hls_inst/inst/compute_U0/buffer_1_U/DINADIN[0]
                         RAMB36E2                                     r  bd_0_i/hls_inst/inst/compute_U0/buffer_1_U/ram_reg_bram_12/DINADIN[0]
  -------------------------------------------------------------------    -------------------

                         (clock ap_clk rise edge)    10.000    10.000 r  
                                                      0.000    10.000 r  ap_clk (IN)
                         net (fo=3370, unset)         0.041    10.041    bd_0_i/hls_inst/inst/compute_U0/buffer_1_U/ap_clk
                         RAMB36E2                                     r  bd_0_i/hls_inst/inst/compute_U0/buffer_1_U/ram_reg_bram_12/CLKARDCLK
                         clock pessimism              0.000    10.041    
                         clock uncertainty           -0.035    10.006    
                         RAMB36E2 (Setup_RAMB36E2_CLKARDCLK_DINADIN[0])
                                                     -0.332     9.674    bd_0_i/hls_inst/inst/compute_U0/buffer_1_U/ram_reg_bram_12
  -------------------------------------------------------------------
                         required time                          9.674    
                         arrival time                          -4.506    
  -------------------------------------------------------------------
                         slack                                  5.168    

Slack (MET) :             5.168ns  (required time - arrival time)
  Source:                 bd_0_i/hls_inst/inst/compute_U0/buffer_1_U/ram_reg_bram_8/CLKBWRCLK
                            (rising edge-triggered cell RAMB36E2 clocked by ap_clk  {rise@0.000ns fall@5.000ns period=10.000ns})
  Destination:            bd_0_i/hls_inst/inst/compute_U0/buffer_1_U/ram_reg_bram_13/DINADIN[0]
                            (rising edge-triggered cell RAMB36E2 clocked by ap_clk  {rise@0.000ns fall@5.000ns period=10.000ns})
  Path Group:             ap_clk
  Path Type:              Setup (Max at Slow Process Corner)
  Requirement:            10.000ns  (ap_clk rise@10.000ns - ap_clk rise@0.000ns)
  Data Path Delay:        4.425ns  (logic 3.013ns (68.089%)  route 1.412ns (31.911%))
  Logic Levels:           10  (LUT6=3 RAMB36E2=7)
  Clock Path Skew:        -0.040ns (DCD - SCD + CPR)
    Destination Clock Delay (DCD):    0.041ns = ( 10.041 - 10.000 ) 
    Source Clock Delay      (SCD):    0.081ns
    Clock Pessimism Removal (CPR):    0.000ns
  Clock Uncertainty:      0.035ns  ((TSJ^2 + TIJ^2)^1/2 + DJ) / 2 + PE
    Total System Jitter     (TSJ):    0.071ns
    Total Input Jitter      (TIJ):    0.000ns
    Discrete Jitter          (DJ):    0.000ns
    Phase Error              (PE):    0.000ns

    Location             Delay type                Incr(ns)  Path(ns)    Netlist Resource(s)
  -------------------------------------------------------------------    -------------------
                         (clock ap_clk rise edge)     0.000     0.000 r  
                                                      0.000     0.000 r  ap_clk (IN)
                         net (fo=3370, unset)         0.081     0.081    bd_0_i/hls_inst/inst/compute_U0/buffer_1_U/ap_clk
                         RAMB36E2                                     r  bd_0_i/hls_inst/inst/compute_U0/buffer_1_U/ram_reg_bram_8/CLKBWRCLK
  -------------------------------------------------------------------    -------------------
                         RAMB36E2 (Prop_RAMB36E2_CLKBWRCLK_CASDOUTB[0])
                                                      1.238     1.319 r  bd_0_i/hls_inst/inst/compute_U0/buffer_1_U/ram_reg_bram_8/CASDOUTB[0]
                         net (fo=1, unplaced)         0.031     1.350    bd_0_i/hls_inst/inst/compute_U0/buffer_1_U/ram_reg_bram_8_n_69
                         RAMB36E2 (Prop_RAMB36E2_CASDINB[0]_CASDOUTB[0])
                                                      0.220     1.570 r  bd_0_i/hls_inst/inst/compute_U0/buffer_1_U/ram_reg_bram_9/CASDOUTB[0]
                         net (fo=1, unplaced)         0.031     1.601    bd_0_i/hls_inst/inst/compute_U0/buffer_1_U/ram_reg_bram_9_n_69
                         RAMB36E2 (Prop_RAMB36E2_CASDINB[0]_CASDOUTB[0])
                                                      0.220     1.821 r  bd_0_i/hls_inst/inst/compute_U0/buffer_1_U/ram_reg_bram_10/CASDOUTB[0]
                         net (fo=1, unplaced)         0.031     1.852    bd_0_i/hls_inst/inst/compute_U0/buffer_1_U/ram_reg_bram_10_n_69
                         RAMB36E2 (Prop_RAMB36E2_CASDINB[0]_CASDOUTB[0])
                                                      0.220     2.072 r  bd_0_i/hls_inst/inst/compute_U0/buffer_1_U/ram_reg_bram_11/CASDOUTB[0]
                         net (fo=1, unplaced)         0.031     2.103    bd_0_i/hls_inst/inst/compute_U0/buffer_1_U/ram_reg_bram_11_n_69
                         RAMB36E2 (Prop_RAMB36E2_CASDINB[0]_CASDOUTB[0])
                                                      0.220     2.323 r  bd_0_i/hls_inst/inst/compute_U0/buffer_1_U/ram_reg_bram_12/CASDOUTB[0]
                         net (fo=1, unplaced)         0.031     2.354    bd_0_i/hls_inst/inst/compute_U0/buffer_1_U/ram_reg_bram_12_n_69
                         RAMB36E2 (Prop_RAMB36E2_CASDINB[0]_CASDOUTB[0])
                                                      0.220     2.574 r  bd_0_i/hls_inst/inst/compute_U0/buffer_1_U/ram_reg_bram_13/CASDOUTB[0]
                         net (fo=1, unplaced)         0.031     2.605    bd_0_i/hls_inst/inst/compute_U0/buffer_1_U/ram_reg_bram_13_n_69
                         RAMB36E2 (Prop_RAMB36E2_CASDINB[0]_CASDOUTB[0])
                                                      0.220     2.825 r  bd_0_i/hls_inst/inst/compute_U0/buffer_1_U/ram_reg_bram_14/CASDOUTB[0]
                         net (fo=1, unplaced)         0.031     2.856    bd_0_i/hls_inst/inst/compute_U0/buffer_1_U/ram_reg_bram_14_n_69
                         RAMB36E2 (Prop_RAMB36E2_CASDINB[0]_DOUTBDOUT[0])
                                                      0.120     2.976 r  bd_0_i/hls_inst/inst/compute_U0/buffer_1_U/ram_reg_bram_15/DOUTBDOUT[0]
                         net (fo=3, unplaced)         0.243     3.219    bd_0_i/hls_inst/inst/compute_U0/buffer_U/ram_reg[0]
                         LUT6 (Prop_LUT6_I0_O)        0.179     3.398 r  bd_0_i/hls_inst/inst/compute_U0/buffer_U/ram_reg_bram_0_i_137/O
                         net (fo=1, unplaced)         0.214     3.612    bd_0_i/hls_inst/inst/grid_initial_U/U_top_kernel_fifo_w24_d2_S_ShiftReg/ram_reg_bram_15_1
                         LUT6 (Prop_LUT6_I5_O)        0.040     3.652 r  bd_0_i/hls_inst/inst/grid_initial_U/U_top_kernel_fifo_w24_d2_S_ShiftReg/ram_reg_bram_0_i_94/O
                         net (fo=2, unplaced)         0.161     3.813    bd_0_i/hls_inst/inst/compute_U0/grp_compute_Pipeline_VITIS_LOOP_62_6_VITIS_LOOP_63_7_fu_138/ram_reg_bram_15
                         LUT6 (Prop_LUT6_I0_O)        0.116     3.929 r  bd_0_i/hls_inst/inst/compute_U0/grp_compute_Pipeline_VITIS_LOOP_62_6_VITIS_LOOP_63_7_fu_138/ram_reg_bram_0_i_38/O
                         net (fo=16, unplaced)        0.577     4.506    bd_0_i/hls_inst/inst/compute_U0/buffer_1_U/DINADIN[0]
                         RAMB36E2                                     r  bd_0_i/hls_inst/inst/compute_U0/buffer_1_U/ram_reg_bram_13/DINADIN[0]
  -------------------------------------------------------------------    -------------------

                         (clock ap_clk rise edge)    10.000    10.000 r  
                                                      0.000    10.000 r  ap_clk (IN)
                         net (fo=3370, unset)         0.041    10.041    bd_0_i/hls_inst/inst/compute_U0/buffer_1_U/ap_clk
                         RAMB36E2                                     r  bd_0_i/hls_inst/inst/compute_U0/buffer_1_U/ram_reg_bram_13/CLKARDCLK
                         clock pessimism              0.000    10.041    
                         clock uncertainty           -0.035    10.006    
                         RAMB36E2 (Setup_RAMB36E2_CLKARDCLK_DINADIN[0])
                                                     -0.332     9.674    bd_0_i/hls_inst/inst/compute_U0/buffer_1_U/ram_reg_bram_13
  -------------------------------------------------------------------
                         required time                          9.674    
                         arrival time                          -4.506    
  -------------------------------------------------------------------
                         slack                                  5.168    

Slack (MET) :             5.168ns  (required time - arrival time)
  Source:                 bd_0_i/hls_inst/inst/compute_U0/buffer_1_U/ram_reg_bram_8/CLKBWRCLK
                            (rising edge-triggered cell RAMB36E2 clocked by ap_clk  {rise@0.000ns fall@5.000ns period=10.000ns})
  Destination:            bd_0_i/hls_inst/inst/compute_U0/buffer_1_U/ram_reg_bram_14/DINADIN[0]
                            (rising edge-triggered cell RAMB36E2 clocked by ap_clk  {rise@0.000ns fall@5.000ns period=10.000ns})
  Path Group:             ap_clk
  Path Type:              Setup (Max at Slow Process Corner)
  Requirement:            10.000ns  (ap_clk rise@10.000ns - ap_clk rise@0.000ns)
  Data Path Delay:        4.425ns  (logic 3.013ns (68.089%)  route 1.412ns (31.911%))
  Logic Levels:           10  (LUT6=3 RAMB36E2=7)
  Clock Path Skew:        -0.040ns (DCD - SCD + CPR)
    Destination Clock Delay (DCD):    0.041ns = ( 10.041 - 10.000 ) 
    Source Clock Delay      (SCD):    0.081ns
    Clock Pessimism Removal (CPR):    0.000ns
  Clock Uncertainty:      0.035ns  ((TSJ^2 + TIJ^2)^1/2 + DJ) / 2 + PE
    Total System Jitter     (TSJ):    0.071ns
    Total Input Jitter      (TIJ):    0.000ns
    Discrete Jitter          (DJ):    0.000ns
    Phase Error              (PE):    0.000ns

    Location             Delay type                Incr(ns)  Path(ns)    Netlist Resource(s)
  -------------------------------------------------------------------    -------------------
                         (clock ap_clk rise edge)     0.000     0.000 r  
                                                      0.000     0.000 r  ap_clk (IN)
                         net (fo=3370, unset)         0.081     0.081    bd_0_i/hls_inst/inst/compute_U0/buffer_1_U/ap_clk
                         RAMB36E2                                     r  bd_0_i/hls_inst/inst/compute_U0/buffer_1_U/ram_reg_bram_8/CLKBWRCLK
  -------------------------------------------------------------------    -------------------
                         RAMB36E2 (Prop_RAMB36E2_CLKBWRCLK_CASDOUTB[0])
                                                      1.238     1.319 r  bd_0_i/hls_inst/inst/compute_U0/buffer_1_U/ram_reg_bram_8/CASDOUTB[0]
                         net (fo=1, unplaced)         0.031     1.350    bd_0_i/hls_inst/inst/compute_U0/buffer_1_U/ram_reg_bram_8_n_69
                         RAMB36E2 (Prop_RAMB36E2_CASDINB[0]_CASDOUTB[0])
                                                      0.220     1.570 r  bd_0_i/hls_inst/inst/compute_U0/buffer_1_U/ram_reg_bram_9/CASDOUTB[0]
                         net (fo=1, unplaced)         0.031     1.601    bd_0_i/hls_inst/inst/compute_U0/buffer_1_U/ram_reg_bram_9_n_69
                         RAMB36E2 (Prop_RAMB36E2_CASDINB[0]_CASDOUTB[0])
                                                      0.220     1.821 r  bd_0_i/hls_inst/inst/compute_U0/buffer_1_U/ram_reg_bram_10/CASDOUTB[0]
                         net (fo=1, unplaced)         0.031     1.852    bd_0_i/hls_inst/inst/compute_U0/buffer_1_U/ram_reg_bram_10_n_69
                         RAMB36E2 (Prop_RAMB36E2_CASDINB[0]_CASDOUTB[0])
                                                      0.220     2.072 r  bd_0_i/hls_inst/inst/compute_U0/buffer_1_U/ram_reg_bram_11/CASDOUTB[0]
                         net (fo=1, unplaced)         0.031     2.103    bd_0_i/hls_inst/inst/compute_U0/buffer_1_U/ram_reg_bram_11_n_69
                         RAMB36E2 (Prop_RAMB36E2_CASDINB[0]_CASDOUTB[0])
                                                      0.220     2.323 r  bd_0_i/hls_inst/inst/compute_U0/buffer_1_U/ram_reg_bram_12/CASDOUTB[0]
                         net (fo=1, unplaced)         0.031     2.354    bd_0_i/hls_inst/inst/compute_U0/buffer_1_U/ram_reg_bram_12_n_69
                         RAMB36E2 (Prop_RAMB36E2_CASDINB[0]_CASDOUTB[0])
                                                      0.220     2.574 r  bd_0_i/hls_inst/inst/compute_U0/buffer_1_U/ram_reg_bram_13/CASDOUTB[0]
                         net (fo=1, unplaced)         0.031     2.605    bd_0_i/hls_inst/inst/compute_U0/buffer_1_U/ram_reg_bram_13_n_69
                         RAMB36E2 (Prop_RAMB36E2_CASDINB[0]_CASDOUTB[0])
                                                      0.220     2.825 r  bd_0_i/hls_inst/inst/compute_U0/buffer_1_U/ram_reg_bram_14/CASDOUTB[0]
                         net (fo=1, unplaced)         0.031     2.856    bd_0_i/hls_inst/inst/compute_U0/buffer_1_U/ram_reg_bram_14_n_69
                         RAMB36E2 (Prop_RAMB36E2_CASDINB[0]_DOUTBDOUT[0])
                                                      0.120     2.976 r  bd_0_i/hls_inst/inst/compute_U0/buffer_1_U/ram_reg_bram_15/DOUTBDOUT[0]
                         net (fo=3, unplaced)         0.243     3.219    bd_0_i/hls_inst/inst/compute_U0/buffer_U/ram_reg[0]
                         LUT6 (Prop_LUT6_I0_O)        0.179     3.398 r  bd_0_i/hls_inst/inst/compute_U0/buffer_U/ram_reg_bram_0_i_137/O
                         net (fo=1, unplaced)         0.214     3.612    bd_0_i/hls_inst/inst/grid_initial_U/U_top_kernel_fifo_w24_d2_S_ShiftReg/ram_reg_bram_15_1
                         LUT6 (Prop_LUT6_I5_O)        0.040     3.652 r  bd_0_i/hls_inst/inst/grid_initial_U/U_top_kernel_fifo_w24_d2_S_ShiftReg/ram_reg_bram_0_i_94/O
                         net (fo=2, unplaced)         0.161     3.813    bd_0_i/hls_inst/inst/compute_U0/grp_compute_Pipeline_VITIS_LOOP_62_6_VITIS_LOOP_63_7_fu_138/ram_reg_bram_15
                         LUT6 (Prop_LUT6_I0_O)        0.116     3.929 r  bd_0_i/hls_inst/inst/compute_U0/grp_compute_Pipeline_VITIS_LOOP_62_6_VITIS_LOOP_63_7_fu_138/ram_reg_bram_0_i_38/O
                         net (fo=16, unplaced)        0.577     4.506    bd_0_i/hls_inst/inst/compute_U0/buffer_1_U/DINADIN[0]
                         RAMB36E2                                     r  bd_0_i/hls_inst/inst/compute_U0/buffer_1_U/ram_reg_bram_14/DINADIN[0]
  -------------------------------------------------------------------    -------------------

                         (clock ap_clk rise edge)    10.000    10.000 r  
                                                      0.000    10.000 r  ap_clk (IN)
                         net (fo=3370, unset)         0.041    10.041    bd_0_i/hls_inst/inst/compute_U0/buffer_1_U/ap_clk
                         RAMB36E2                                     r  bd_0_i/hls_inst/inst/compute_U0/buffer_1_U/ram_reg_bram_14/CLKARDCLK
                         clock pessimism              0.000    10.041    
                         clock uncertainty           -0.035    10.006    
                         RAMB36E2 (Setup_RAMB36E2_CLKARDCLK_DINADIN[0])
                                                     -0.332     9.674    bd_0_i/hls_inst/inst/compute_U0/buffer_1_U/ram_reg_bram_14
  -------------------------------------------------------------------
                         required time                          9.674    
                         arrival time                          -4.506    
  -------------------------------------------------------------------
                         slack                                  5.168    

Slack (MET) :             5.168ns  (required time - arrival time)
  Source:                 bd_0_i/hls_inst/inst/compute_U0/buffer_1_U/ram_reg_bram_8/CLKBWRCLK
                            (rising edge-triggered cell RAMB36E2 clocked by ap_clk  {rise@0.000ns fall@5.000ns period=10.000ns})
  Destination:            bd_0_i/hls_inst/inst/compute_U0/buffer_1_U/ram_reg_bram_15/DINADIN[0]
                            (rising edge-triggered cell RAMB36E2 clocked by ap_clk  {rise@0.000ns fall@5.000ns period=10.000ns})
  Path Group:             ap_clk
  Path Type:              Setup (Max at Slow Process Corner)
  Requirement:            10.000ns  (ap_clk rise@10.000ns - ap_clk rise@0.000ns)
  Data Path Delay:        4.425ns  (logic 3.013ns (68.089%)  route 1.412ns (31.911%))
  Logic Levels:           10  (LUT6=3 RAMB36E2=7)
  Clock Path Skew:        -0.040ns (DCD - SCD + CPR)
    Destination Clock Delay (DCD):    0.041ns = ( 10.041 - 10.000 ) 
    Source Clock Delay      (SCD):    0.081ns
    Clock Pessimism Removal (CPR):    0.000ns
  Clock Uncertainty:      0.035ns  ((TSJ^2 + TIJ^2)^1/2 + DJ) / 2 + PE
    Total System Jitter     (TSJ):    0.071ns
    Total Input Jitter      (TIJ):    0.000ns
    Discrete Jitter          (DJ):    0.000ns
    Phase Error              (PE):    0.000ns

    Location             Delay type                Incr(ns)  Path(ns)    Netlist Resource(s)
  -------------------------------------------------------------------    -------------------
                         (clock ap_clk rise edge)     0.000     0.000 r  
                                                      0.000     0.000 r  ap_clk (IN)
                         net (fo=3370, unset)         0.081     0.081    bd_0_i/hls_inst/inst/compute_U0/buffer_1_U/ap_clk
                         RAMB36E2                                     r  bd_0_i/hls_inst/inst/compute_U0/buffer_1_U/ram_reg_bram_8/CLKBWRCLK
  -------------------------------------------------------------------    -------------------
                         RAMB36E2 (Prop_RAMB36E2_CLKBWRCLK_CASDOUTB[0])
                                                      1.238     1.319 r  bd_0_i/hls_inst/inst/compute_U0/buffer_1_U/ram_reg_bram_8/CASDOUTB[0]
                         net (fo=1, unplaced)         0.031     1.350    bd_0_i/hls_inst/inst/compute_U0/buffer_1_U/ram_reg_bram_8_n_69
                         RAMB36E2 (Prop_RAMB36E2_CASDINB[0]_CASDOUTB[0])
                                                      0.220     1.570 r  bd_0_i/hls_inst/inst/compute_U0/buffer_1_U/ram_reg_bram_9/CASDOUTB[0]
                         net (fo=1, unplaced)         0.031     1.601    bd_0_i/hls_inst/inst/compute_U0/buffer_1_U/ram_reg_bram_9_n_69
                         RAMB36E2 (Prop_RAMB36E2_CASDINB[0]_CASDOUTB[0])
                                                      0.220     1.821 r  bd_0_i/hls_inst/inst/compute_U0/buffer_1_U/ram_reg_bram_10/CASDOUTB[0]
                         net (fo=1, unplaced)         0.031     1.852    bd_0_i/hls_inst/inst/compute_U0/buffer_1_U/ram_reg_bram_10_n_69
                         RAMB36E2 (Prop_RAMB36E2_CASDINB[0]_CASDOUTB[0])
                                                      0.220     2.072 r  bd_0_i/hls_inst/inst/compute_U0/buffer_1_U/ram_reg_bram_11/CASDOUTB[0]
                         net (fo=1, unplaced)         0.031     2.103    bd_0_i/hls_inst/inst/compute_U0/buffer_1_U/ram_reg_bram_11_n_69
                         RAMB36E2 (Prop_RAMB36E2_CASDINB[0]_CASDOUTB[0])
                                                      0.220     2.323 r  bd_0_i/hls_inst/inst/compute_U0/buffer_1_U/ram_reg_bram_12/CASDOUTB[0]
                         net (fo=1, unplaced)         0.031     2.354    bd_0_i/hls_inst/inst/compute_U0/buffer_1_U/ram_reg_bram_12_n_69
                         RAMB36E2 (Prop_RAMB36E2_CASDINB[0]_CASDOUTB[0])
                                                      0.220     2.574 r  bd_0_i/hls_inst/inst/compute_U0/buffer_1_U/ram_reg_bram_13/CASDOUTB[0]
                         net (fo=1, unplaced)         0.031     2.605    bd_0_i/hls_inst/inst/compute_U0/buffer_1_U/ram_reg_bram_13_n_69
                         RAMB36E2 (Prop_RAMB36E2_CASDINB[0]_CASDOUTB[0])
                                                      0.220     2.825 r  bd_0_i/hls_inst/inst/compute_U0/buffer_1_U/ram_reg_bram_14/CASDOUTB[0]
                         net (fo=1, unplaced)         0.031     2.856    bd_0_i/hls_inst/inst/compute_U0/buffer_1_U/ram_reg_bram_14_n_69
                         RAMB36E2 (Prop_RAMB36E2_CASDINB[0]_DOUTBDOUT[0])
                                                      0.120     2.976 r  bd_0_i/hls_inst/inst/compute_U0/buffer_1_U/ram_reg_bram_15/DOUTBDOUT[0]
                         net (fo=3, unplaced)         0.243     3.219    bd_0_i/hls_inst/inst/compute_U0/buffer_U/ram_reg[0]
                         LUT6 (Prop_LUT6_I0_O)        0.179     3.398 r  bd_0_i/hls_inst/inst/compute_U0/buffer_U/ram_reg_bram_0_i_137/O
                         net (fo=1, unplaced)         0.214     3.612    bd_0_i/hls_inst/inst/grid_initial_U/U_top_kernel_fifo_w24_d2_S_ShiftReg/ram_reg_bram_15_1
                         LUT6 (Prop_LUT6_I5_O)        0.040     3.652 r  bd_0_i/hls_inst/inst/grid_initial_U/U_top_kernel_fifo_w24_d2_S_ShiftReg/ram_reg_bram_0_i_94/O
                         net (fo=2, unplaced)         0.161     3.813    bd_0_i/hls_inst/inst/compute_U0/grp_compute_Pipeline_VITIS_LOOP_62_6_VITIS_LOOP_63_7_fu_138/ram_reg_bram_15
                         LUT6 (Prop_LUT6_I0_O)        0.116     3.929 r  bd_0_i/hls_inst/inst/compute_U0/grp_compute_Pipeline_VITIS_LOOP_62_6_VITIS_LOOP_63_7_fu_138/ram_reg_bram_0_i_38/O
                         net (fo=16, unplaced)        0.577     4.506    bd_0_i/hls_inst/inst/compute_U0/buffer_1_U/DINADIN[0]
                         RAMB36E2                                     r  bd_0_i/hls_inst/inst/compute_U0/buffer_1_U/ram_reg_bram_15/DINADIN[0]
  -------------------------------------------------------------------    -------------------

                         (clock ap_clk rise edge)    10.000    10.000 r  
                                                      0.000    10.000 r  ap_clk (IN)
                         net (fo=3370, unset)         0.041    10.041    bd_0_i/hls_inst/inst/compute_U0/buffer_1_U/ap_clk
                         RAMB36E2                                     r  bd_0_i/hls_inst/inst/compute_U0/buffer_1_U/ram_reg_bram_15/CLKARDCLK
                         clock pessimism              0.000    10.041    
                         clock uncertainty           -0.035    10.006    
                         RAMB36E2 (Setup_RAMB36E2_CLKARDCLK_DINADIN[0])
                                                     -0.332     9.674    bd_0_i/hls_inst/inst/compute_U0/buffer_1_U/ram_reg_bram_15
  -------------------------------------------------------------------
                         required time                          9.674    
                         arrival time                          -4.506    
  -------------------------------------------------------------------
                         slack                                  5.168    

Slack (MET) :             5.168ns  (required time - arrival time)
  Source:                 bd_0_i/hls_inst/inst/compute_U0/buffer_1_U/ram_reg_bram_8/CLKBWRCLK
                            (rising edge-triggered cell RAMB36E2 clocked by ap_clk  {rise@0.000ns fall@5.000ns period=10.000ns})
  Destination:            bd_0_i/hls_inst/inst/compute_U0/buffer_1_U/ram_reg_bram_2/DINADIN[0]
                            (rising edge-triggered cell RAMB36E2 clocked by ap_clk  {rise@0.000ns fall@5.000ns period=10.000ns})
  Path Group:             ap_clk
  Path Type:              Setup (Max at Slow Process Corner)
  Requirement:            10.000ns  (ap_clk rise@10.000ns - ap_clk rise@0.000ns)
  Data Path Delay:        4.425ns  (logic 3.013ns (68.089%)  route 1.412ns (31.911%))
  Logic Levels:           10  (LUT6=3 RAMB36E2=7)
  Clock Path Skew:        -0.040ns (DCD - SCD + CPR)
    Destination Clock Delay (DCD):    0.041ns = ( 10.041 - 10.000 ) 
    Source Clock Delay      (SCD):    0.081ns
    Clock Pessimism Removal (CPR):    0.000ns
  Clock Uncertainty:      0.035ns  ((TSJ^2 + TIJ^2)^1/2 + DJ) / 2 + PE
    Total System Jitter     (TSJ):    0.071ns
    Total Input Jitter      (TIJ):    0.000ns
    Discrete Jitter          (DJ):    0.000ns
    Phase Error              (PE):    0.000ns

    Location             Delay type                Incr(ns)  Path(ns)    Netlist Resource(s)
  -------------------------------------------------------------------    -------------------
                         (clock ap_clk rise edge)     0.000     0.000 r  
                                                      0.000     0.000 r  ap_clk (IN)
                         net (fo=3370, unset)         0.081     0.081    bd_0_i/hls_inst/inst/compute_U0/buffer_1_U/ap_clk
                         RAMB36E2                                     r  bd_0_i/hls_inst/inst/compute_U0/buffer_1_U/ram_reg_bram_8/CLKBWRCLK
  -------------------------------------------------------------------    -------------------
                         RAMB36E2 (Prop_RAMB36E2_CLKBWRCLK_CASDOUTB[0])
                                                      1.238     1.319 r  bd_0_i/hls_inst/inst/compute_U0/buffer_1_U/ram_reg_bram_8/CASDOUTB[0]
                         net (fo=1, unplaced)         0.031     1.350    bd_0_i/hls_inst/inst/compute_U0/buffer_1_U/ram_reg_bram_8_n_69
                         RAMB36E2 (Prop_RAMB36E2_CASDINB[0]_CASDOUTB[0])
                                                      0.220     1.570 r  bd_0_i/hls_inst/inst/compute_U0/buffer_1_U/ram_reg_bram_9/CASDOUTB[0]
                         net (fo=1, unplaced)         0.031     1.601    bd_0_i/hls_inst/inst/compute_U0/buffer_1_U/ram_reg_bram_9_n_69
                         RAMB36E2 (Prop_RAMB36E2_CASDINB[0]_CASDOUTB[0])
                                                      0.220     1.821 r  bd_0_i/hls_inst/inst/compute_U0/buffer_1_U/ram_reg_bram_10/CASDOUTB[0]
                         net (fo=1, unplaced)         0.031     1.852    bd_0_i/hls_inst/inst/compute_U0/buffer_1_U/ram_reg_bram_10_n_69
                         RAMB36E2 (Prop_RAMB36E2_CASDINB[0]_CASDOUTB[0])
                                                      0.220     2.072 r  bd_0_i/hls_inst/inst/compute_U0/buffer_1_U/ram_reg_bram_11/CASDOUTB[0]
                         net (fo=1, unplaced)         0.031     2.103    bd_0_i/hls_inst/inst/compute_U0/buffer_1_U/ram_reg_bram_11_n_69
                         RAMB36E2 (Prop_RAMB36E2_CASDINB[0]_CASDOUTB[0])
                                                      0.220     2.323 r  bd_0_i/hls_inst/inst/compute_U0/buffer_1_U/ram_reg_bram_12/CASDOUTB[0]
                         net (fo=1, unplaced)         0.031     2.354    bd_0_i/hls_inst/inst/compute_U0/buffer_1_U/ram_reg_bram_12_n_69
                         RAMB36E2 (Prop_RAMB36E2_CASDINB[0]_CASDOUTB[0])
                                                      0.220     2.574 r  bd_0_i/hls_inst/inst/compute_U0/buffer_1_U/ram_reg_bram_13/CASDOUTB[0]
                         net (fo=1, unplaced)         0.031     2.605    bd_0_i/hls_inst/inst/compute_U0/buffer_1_U/ram_reg_bram_13_n_69
                         RAMB36E2 (Prop_RAMB36E2_CASDINB[0]_CASDOUTB[0])
                                                      0.220     2.825 r  bd_0_i/hls_inst/inst/compute_U0/buffer_1_U/ram_reg_bram_14/CASDOUTB[0]
                         net (fo=1, unplaced)         0.031     2.856    bd_0_i/hls_inst/inst/compute_U0/buffer_1_U/ram_reg_bram_14_n_69
                         RAMB36E2 (Prop_RAMB36E2_CASDINB[0]_DOUTBDOUT[0])
                                                      0.120     2.976 r  bd_0_i/hls_inst/inst/compute_U0/buffer_1_U/ram_reg_bram_15/DOUTBDOUT[0]
                         net (fo=3, unplaced)         0.243     3.219    bd_0_i/hls_inst/inst/compute_U0/buffer_U/ram_reg[0]
                         LUT6 (Prop_LUT6_I0_O)        0.179     3.398 r  bd_0_i/hls_inst/inst/compute_U0/buffer_U/ram_reg_bram_0_i_137/O
                         net (fo=1, unplaced)         0.214     3.612    bd_0_i/hls_inst/inst/grid_initial_U/U_top_kernel_fifo_w24_d2_S_ShiftReg/ram_reg_bram_15_1
                         LUT6 (Prop_LUT6_I5_O)        0.040     3.652 r  bd_0_i/hls_inst/inst/grid_initial_U/U_top_kernel_fifo_w24_d2_S_ShiftReg/ram_reg_bram_0_i_94/O
                         net (fo=2, unplaced)         0.161     3.813    bd_0_i/hls_inst/inst/compute_U0/grp_compute_Pipeline_VITIS_LOOP_62_6_VITIS_LOOP_63_7_fu_138/ram_reg_bram_15
                         LUT6 (Prop_LUT6_I0_O)        0.116     3.929 r  bd_0_i/hls_inst/inst/compute_U0/grp_compute_Pipeline_VITIS_LOOP_62_6_VITIS_LOOP_63_7_fu_138/ram_reg_bram_0_i_38/O
                         net (fo=16, unplaced)        0.577     4.506    bd_0_i/hls_inst/inst/compute_U0/buffer_1_U/DINADIN[0]
                         RAMB36E2                                     r  bd_0_i/hls_inst/inst/compute_U0/buffer_1_U/ram_reg_bram_2/DINADIN[0]
  -------------------------------------------------------------------    -------------------

                         (clock ap_clk rise edge)    10.000    10.000 r  
                                                      0.000    10.000 r  ap_clk (IN)
                         net (fo=3370, unset)         0.041    10.041    bd_0_i/hls_inst/inst/compute_U0/buffer_1_U/ap_clk
                         RAMB36E2                                     r  bd_0_i/hls_inst/inst/compute_U0/buffer_1_U/ram_reg_bram_2/CLKARDCLK
                         clock pessimism              0.000    10.041    
                         clock uncertainty           -0.035    10.006    
                         RAMB36E2 (Setup_RAMB36E2_CLKARDCLK_DINADIN[0])
                                                     -0.332     9.674    bd_0_i/hls_inst/inst/compute_U0/buffer_1_U/ram_reg_bram_2
  -------------------------------------------------------------------
                         required time                          9.674    
                         arrival time                          -4.506    
  -------------------------------------------------------------------
                         slack                                  5.168    

Slack (MET) :             5.168ns  (required time - arrival time)
  Source:                 bd_0_i/hls_inst/inst/compute_U0/buffer_1_U/ram_reg_bram_8/CLKBWRCLK
                            (rising edge-triggered cell RAMB36E2 clocked by ap_clk  {rise@0.000ns fall@5.000ns period=10.000ns})
  Destination:            bd_0_i/hls_inst/inst/compute_U0/buffer_1_U/ram_reg_bram_3/DINADIN[0]
                            (rising edge-triggered cell RAMB36E2 clocked by ap_clk  {rise@0.000ns fall@5.000ns period=10.000ns})
  Path Group:             ap_clk
  Path Type:              Setup (Max at Slow Process Corner)
  Requirement:            10.000ns  (ap_clk rise@10.000ns - ap_clk rise@0.000ns)
  Data Path Delay:        4.425ns  (logic 3.013ns (68.089%)  route 1.412ns (31.911%))
  Logic Levels:           10  (LUT6=3 RAMB36E2=7)
  Clock Path Skew:        -0.040ns (DCD - SCD + CPR)
    Destination Clock Delay (DCD):    0.041ns = ( 10.041 - 10.000 ) 
    Source Clock Delay      (SCD):    0.081ns
    Clock Pessimism Removal (CPR):    0.000ns
  Clock Uncertainty:      0.035ns  ((TSJ^2 + TIJ^2)^1/2 + DJ) / 2 + PE
    Total System Jitter     (TSJ):    0.071ns
    Total Input Jitter      (TIJ):    0.000ns
    Discrete Jitter          (DJ):    0.000ns
    Phase Error              (PE):    0.000ns

    Location             Delay type                Incr(ns)  Path(ns)    Netlist Resource(s)
  -------------------------------------------------------------------    -------------------
                         (clock ap_clk rise edge)     0.000     0.000 r  
                                                      0.000     0.000 r  ap_clk (IN)
                         net (fo=3370, unset)         0.081     0.081    bd_0_i/hls_inst/inst/compute_U0/buffer_1_U/ap_clk
                         RAMB36E2                                     r  bd_0_i/hls_inst/inst/compute_U0/buffer_1_U/ram_reg_bram_8/CLKBWRCLK
  -------------------------------------------------------------------    -------------------
                         RAMB36E2 (Prop_RAMB36E2_CLKBWRCLK_CASDOUTB[0])
                                                      1.238     1.319 r  bd_0_i/hls_inst/inst/compute_U0/buffer_1_U/ram_reg_bram_8/CASDOUTB[0]
                         net (fo=1, unplaced)         0.031     1.350    bd_0_i/hls_inst/inst/compute_U0/buffer_1_U/ram_reg_bram_8_n_69
                         RAMB36E2 (Prop_RAMB36E2_CASDINB[0]_CASDOUTB[0])
                                                      0.220     1.570 r  bd_0_i/hls_inst/inst/compute_U0/buffer_1_U/ram_reg_bram_9/CASDOUTB[0]
                         net (fo=1, unplaced)         0.031     1.601    bd_0_i/hls_inst/inst/compute_U0/buffer_1_U/ram_reg_bram_9_n_69
                         RAMB36E2 (Prop_RAMB36E2_CASDINB[0]_CASDOUTB[0])
                                                      0.220     1.821 r  bd_0_i/hls_inst/inst/compute_U0/buffer_1_U/ram_reg_bram_10/CASDOUTB[0]
                         net (fo=1, unplaced)         0.031     1.852    bd_0_i/hls_inst/inst/compute_U0/buffer_1_U/ram_reg_bram_10_n_69
                         RAMB36E2 (Prop_RAMB36E2_CASDINB[0]_CASDOUTB[0])
                                                      0.220     2.072 r  bd_0_i/hls_inst/inst/compute_U0/buffer_1_U/ram_reg_bram_11/CASDOUTB[0]
                         net (fo=1, unplaced)         0.031     2.103    bd_0_i/hls_inst/inst/compute_U0/buffer_1_U/ram_reg_bram_11_n_69
                         RAMB36E2 (Prop_RAMB36E2_CASDINB[0]_CASDOUTB[0])
                                                      0.220     2.323 r  bd_0_i/hls_inst/inst/compute_U0/buffer_1_U/ram_reg_bram_12/CASDOUTB[0]
                         net (fo=1, unplaced)         0.031     2.354    bd_0_i/hls_inst/inst/compute_U0/buffer_1_U/ram_reg_bram_12_n_69
                         RAMB36E2 (Prop_RAMB36E2_CASDINB[0]_CASDOUTB[0])
                                                      0.220     2.574 r  bd_0_i/hls_inst/inst/compute_U0/buffer_1_U/ram_reg_bram_13/CASDOUTB[0]
                         net (fo=1, unplaced)         0.031     2.605    bd_0_i/hls_inst/inst/compute_U0/buffer_1_U/ram_reg_bram_13_n_69
                         RAMB36E2 (Prop_RAMB36E2_CASDINB[0]_CASDOUTB[0])
                                                      0.220     2.825 r  bd_0_i/hls_inst/inst/compute_U0/buffer_1_U/ram_reg_bram_14/CASDOUTB[0]
                         net (fo=1, unplaced)         0.031     2.856    bd_0_i/hls_inst/inst/compute_U0/buffer_1_U/ram_reg_bram_14_n_69
                         RAMB36E2 (Prop_RAMB36E2_CASDINB[0]_DOUTBDOUT[0])
                                                      0.120     2.976 r  bd_0_i/hls_inst/inst/compute_U0/buffer_1_U/ram_reg_bram_15/DOUTBDOUT[0]
                         net (fo=3, unplaced)         0.243     3.219    bd_0_i/hls_inst/inst/compute_U0/buffer_U/ram_reg[0]
                         LUT6 (Prop_LUT6_I0_O)        0.179     3.398 r  bd_0_i/hls_inst/inst/compute_U0/buffer_U/ram_reg_bram_0_i_137/O
                         net (fo=1, unplaced)         0.214     3.612    bd_0_i/hls_inst/inst/grid_initial_U/U_top_kernel_fifo_w24_d2_S_ShiftReg/ram_reg_bram_15_1
                         LUT6 (Prop_LUT6_I5_O)        0.040     3.652 r  bd_0_i/hls_inst/inst/grid_initial_U/U_top_kernel_fifo_w24_d2_S_ShiftReg/ram_reg_bram_0_i_94/O
                         net (fo=2, unplaced)         0.161     3.813    bd_0_i/hls_inst/inst/compute_U0/grp_compute_Pipeline_VITIS_LOOP_62_6_VITIS_LOOP_63_7_fu_138/ram_reg_bram_15
                         LUT6 (Prop_LUT6_I0_O)        0.116     3.929 r  bd_0_i/hls_inst/inst/compute_U0/grp_compute_Pipeline_VITIS_LOOP_62_6_VITIS_LOOP_63_7_fu_138/ram_reg_bram_0_i_38/O
                         net (fo=16, unplaced)        0.577     4.506    bd_0_i/hls_inst/inst/compute_U0/buffer_1_U/DINADIN[0]
                         RAMB36E2                                     r  bd_0_i/hls_inst/inst/compute_U0/buffer_1_U/ram_reg_bram_3/DINADIN[0]
  -------------------------------------------------------------------    -------------------

                         (clock ap_clk rise edge)    10.000    10.000 r  
                                                      0.000    10.000 r  ap_clk (IN)
                         net (fo=3370, unset)         0.041    10.041    bd_0_i/hls_inst/inst/compute_U0/buffer_1_U/ap_clk
                         RAMB36E2                                     r  bd_0_i/hls_inst/inst/compute_U0/buffer_1_U/ram_reg_bram_3/CLKARDCLK
                         clock pessimism              0.000    10.041    
                         clock uncertainty           -0.035    10.006    
                         RAMB36E2 (Setup_RAMB36E2_CLKARDCLK_DINADIN[0])
                                                     -0.332     9.674    bd_0_i/hls_inst/inst/compute_U0/buffer_1_U/ram_reg_bram_3
  -------------------------------------------------------------------
                         required time                          9.674    
                         arrival time                          -4.506    
  -------------------------------------------------------------------
                         slack                                  5.168    




