Copyright 1986-2022 Xilinx, Inc. All Rights Reserved. Copyright 2022-2025 Advanced Micro Devices, Inc. All Rights Reserved.
---------------------------------------------------------------------------------------------------------------------------------------------
| Tool Version : Vivado v.2025.1.1 (lin64) Build 6233196 Thu Sep 11 21:27:11 MDT 2025
| Date         : Tue Feb 17 22:42:15 2026
| Host         : ece-linlabsrv01 running 64-bit Red Hat Enterprise Linux release 8.10 (Ootpa)
| Command      : report_utilization -hierarchical -hierarchical_depth 6 -file ./report/top_kernel_utilization_hierarchical_routed.rpt
| Design       : bd_0_wrapper
| Device       : xczu3eg-sbva484-1-e
| Speed File   : -1
| Design State : Routed
---------------------------------------------------------------------------------------------------------------------------------------------

Utilization Design Information

Table of Contents
-----------------
1. Utilization by Hierarchy

1. Utilization by Hierarchy
---------------------------

+------------------------------------------------------------+-------------------------------------------------------------------+------------+------------+---------+------+------+--------+--------+------+------------+
|                          Instance                          |                               Module                              | Total LUTs | Logic LUTs | LUTRAMs | SRLs |  FFs | RAMB36 | RAMB18 | URAM | DSP Blocks |
+------------------------------------------------------------+-------------------------------------------------------------------+------------+------------+---------+------+------+--------+--------+------+------------+
| bd_0_wrapper                                               |                                                             (top) |       2298 |       2165 |       0 |  133 | 2555 |     88 |      1 |    0 |          4 |
|   bd_0_i                                                   |                                                              bd_0 |       2298 |       2165 |       0 |  133 | 2555 |     88 |      1 |    0 |          4 |
|     hls_inst                                               |                                                   bd_0_hls_inst_0 |       2298 |       2165 |       0 |  133 | 2555 |     88 |      1 |    0 |          4 |
|       inst                                                 |                                        bd_0_hls_inst_0_top_kernel |       2298 |       2165 |       0 |  133 | 2555 |     88 |      1 |    0 |          4 |
|         (inst)                                             |                                        bd_0_hls_inst_0_top_kernel |         94 |         93 |       0 |    1 |  608 |      0 |      0 |    0 |          0 |
|         A_in_m_axi_U                                       |                             bd_0_hls_inst_0_top_kernel_A_in_m_axi |        471 |        438 |       0 |   33 |  741 |      0 |      1 |    0 |          0 |
|           bus_read                                         |                        bd_0_hls_inst_0_top_kernel_A_in_m_axi_read |        368 |        368 |       0 |    0 |  561 |      0 |      0 |    0 |          0 |
|             rreq_burst_conv                                |             bd_0_hls_inst_0_top_kernel_A_in_m_axi_burst_converter |        291 |        291 |       0 |    0 |  459 |      0 |      0 |    0 |          0 |
|             rs_rdata                                       |   bd_0_hls_inst_0_top_kernel_A_in_m_axi_reg_slice__parameterized0 |         39 |         39 |       0 |    0 |   71 |      0 |      0 |    0 |          0 |
|           load_unit_0                                      |                        bd_0_hls_inst_0_top_kernel_A_in_m_axi_load |        104 |         71 |       0 |   33 |  180 |      0 |      1 |    0 |          0 |
|             (load_unit_0)                                  |                        bd_0_hls_inst_0_top_kernel_A_in_m_axi_load |          1 |          1 |       0 |    0 |   66 |      0 |      0 |    0 |          0 |
|             buff_rdata                                     |        bd_0_hls_inst_0_top_kernel_A_in_m_axi_fifo__parameterized0 |         50 |         50 |       0 |    0 |   37 |      0 |      1 |    0 |          0 |
|             fifo_rreq                                      |                        bd_0_hls_inst_0_top_kernel_A_in_m_axi_fifo |         54 |         21 |       0 |   33 |   77 |      0 |      0 |    0 |          0 |
|         A_out_m_axi_U                                      |                            bd_0_hls_inst_0_top_kernel_A_out_m_axi |        659 |        560 |       0 |   99 |  998 |      0 |      0 |    0 |          0 |
|           bus_write                                        |                      bd_0_hls_inst_0_top_kernel_A_out_m_axi_write |        467 |        434 |       0 |   33 |  750 |      0 |      0 |    0 |          0 |
|             wreq_burst_conv                                |            bd_0_hls_inst_0_top_kernel_A_out_m_axi_burst_converter |        289 |        289 |       0 |    0 |  459 |      0 |      0 |    0 |          0 |
|             wreq_throttle                                  |                   bd_0_hls_inst_0_top_kernel_A_out_m_axi_throttle |        152 |        120 |       0 |   32 |  268 |      0 |      0 |    0 |          0 |
|           store_unit_0                                     |                      bd_0_hls_inst_0_top_kernel_A_out_m_axi_store |        194 |        128 |       0 |   66 |  248 |      0 |      0 |    0 |          0 |
|             (store_unit_0)                                 |                      bd_0_hls_inst_0_top_kernel_A_out_m_axi_store |          2 |          2 |       0 |    0 |   78 |      0 |      0 |    0 |          0 |
|             buff_wdata                                     |       bd_0_hls_inst_0_top_kernel_A_out_m_axi_fifo__parameterized1 |         60 |         32 |       0 |   28 |   48 |      0 |      0 |    0 |          0 |
|             fifo_wreq                                      |       bd_0_hls_inst_0_top_kernel_A_out_m_axi_fifo__parameterized0 |         53 |         20 |       0 |   33 |   74 |      0 |      0 |    0 |          0 |
|         control_s_axi_U                                    |                          bd_0_hls_inst_0_top_kernel_control_s_axi |        167 |        167 |       0 |    0 |  181 |      0 |      0 |    0 |          0 |
|         cur_U                                              |                      bd_0_hls_inst_0_top_kernel_cur_RAM_AUTO_1R1W |        425 |        425 |       0 |    0 |    4 |     44 |      0 |    0 |          0 |
|         grp_top_kernel_Pipeline_VITIS_LOOP_35_4_fu_488     |    bd_0_hls_inst_0_top_kernel_top_kernel_Pipeline_VITIS_LOOP_35_4 |        237 |        237 |       0 |    0 |   21 |      0 |      0 |    0 |          0 |
|           (grp_top_kernel_Pipeline_VITIS_LOOP_35_4_fu_488) |    bd_0_hls_inst_0_top_kernel_top_kernel_Pipeline_VITIS_LOOP_35_4 |        150 |        150 |       0 |    0 |   19 |      0 |      0 |    0 |          0 |
|           flow_control_loop_pipe_sequential_init_U         | bd_0_hls_inst_0_top_kernel_flow_control_loop_pipe_sequential_init |         87 |         87 |       0 |    0 |    2 |      0 |      0 |    0 |          0 |
|         mul_39s_24ns_63_1_1_U3                             |                    bd_0_hls_inst_0_top_kernel_mul_39s_24ns_63_1_1 |        104 |        104 |       0 |    0 |    0 |      0 |      0 |    0 |          2 |
|         nxt_U                                              |                      bd_0_hls_inst_0_top_kernel_nxt_RAM_AUTO_1R1W |        100 |        100 |       0 |    0 |    2 |     44 |      0 |    0 |          0 |
+------------------------------------------------------------+-------------------------------------------------------------------+------------+------------+---------+------+------+--------+--------+------+------------+
* Note: The sum of lower-level cells may be larger than their parent cells total, due to cross-hierarchy LUT combining


