Copyright 1986-2022 Xilinx, Inc. All Rights Reserved. Copyright 2022-2025 Advanced Micro Devices, Inc. All Rights Reserved.
--------------------------------------------------------------------------------------------------------------------------------------------------
| Tool Version      : Vivado v.2025.1.1 (lin64) Build 6233196 Thu Sep 11 21:27:11 MDT 2025
| Date              : Fri Feb 20 10:30:53 2026
| Host              : ece-linlabsrv01 running 64-bit Red Hat Enterprise Linux release 8.10 (Ootpa)
| Command           : report_timing_summary -file ./report/top_kernel_timing_routed.rpt
| Design            : bd_0_wrapper
| Device            : xczu3eg-sbva484
| Speed File        : -1  PRODUCTION 1.30 05-15-2022
| Design State      : Routed
| Temperature Grade : E
--------------------------------------------------------------------------------------------------------------------------------------------------

Timing Summary Report

------------------------------------------------------------------------------------------------
| Timer Settings
| --------------
------------------------------------------------------------------------------------------------

  Enable Multi Corner Analysis               :  Yes
  Enable Pessimism Removal                   :  Yes
  Pessimism Removal Resolution               :  Nearest Common Node
  Enable Input Delay Default Clock           :  No
  Enable Preset / Clear Arcs                 :  No
  Disable Flight Delays                      :  No
  Ignore I/O Paths                           :  No
  Timing Early Launch at Borrowing Latches   :  No
  Borrow Time for Max Delay Exceptions       :  Yes
  Merge Timing Exceptions                    :  Yes
  Inter-SLR Compensation                     :  Conservative

  Corner  Analyze    Analyze    
  Name    Max Paths  Min Paths  
  ------  ---------  ---------  
  Slow    Yes        Yes        
  Fast    Yes        Yes        


------------------------------------------------------------------------------------------------
| Report Methodology
| ------------------
------------------------------------------------------------------------------------------------

Rule       Severity  Description                    Violations  
---------  --------  -----------------------------  ----------  
TIMING-18  Warning   Missing input or output delay  316         

Note: This report is based on the most recent report_methodology run and may not be up-to-date. Run report_methodology on the current design for the latest report.



check_timing report

Table of Contents
-----------------
1. checking no_clock (0)
2. checking constant_clock (0)
3. checking pulse_width_clock (0)
4. checking unconstrained_internal_endpoints (0)
5. checking no_input_delay (90)
6. checking no_output_delay (204)
7. checking multiple_clock (0)
8. checking generated_clocks (0)
9. checking loops (0)
10. checking partial_input_delay (0)
11. checking partial_output_delay (0)
12. checking latch_loops (0)

1. checking no_clock (0)
------------------------
 There are 0 register/latch pins with no clock.


2. checking constant_clock (0)
------------------------------
 There are 0 register/latch pins with constant_clock.


3. checking pulse_width_clock (0)
---------------------------------
 There are 0 register/latch pins which need pulse_width check


4. checking unconstrained_internal_endpoints (0)
------------------------------------------------
 There are 0 pins that are not constrained for maximum delay.

 There are 0 pins that are not constrained for maximum delay due to constant clock.


5. checking no_input_delay (90)
-------------------------------
 There are 90 input ports with no input delay specified. (HIGH)

 There are 0 input ports with no input delay but user has a false path constraint.


6. checking no_output_delay (204)
---------------------------------
 There are 204 ports with no output delay specified. (HIGH)

 There are 0 ports with no output delay but user has a false path constraint

 There are 0 ports with no output delay but with a timing clock defined on it or propagating through it


7. checking multiple_clock (0)
------------------------------
 There are 0 register/latch pins with multiple clocks.


8. checking generated_clocks (0)
--------------------------------
 There are 0 generated clocks that are not connected to a clock source.


9. checking loops (0)
---------------------
 There are 0 combinational loops in the design.


10. checking partial_input_delay (0)
------------------------------------
 There are 0 input ports with partial input delay specified.


11. checking partial_output_delay (0)
-------------------------------------
 There are 0 ports with partial output delay specified.


12. checking latch_loops (0)
----------------------------
 There are 0 combinational latch loops in the design through latch input



------------------------------------------------------------------------------------------------
| Design Timing Summary
| ---------------------
------------------------------------------------------------------------------------------------

    WNS(ns)      TNS(ns)  TNS Failing Endpoints  TNS Total Endpoints      WHS(ns)      THS(ns)  THS Failing Endpoints  THS Total Endpoints     WPWS(ns)     TPWS(ns)  TPWS Failing Endpoints  TPWS Total Endpoints  
    -------      -------  ---------------------  -------------------      -------      -------  ---------------------  -------------------     --------     --------  ----------------------  --------------------  
      2.826        0.000                      0                11844        0.040        0.000                      0                11844        4.427        0.000                       0                  3447  


All user specified timing constraints are met.


------------------------------------------------------------------------------------------------
| Clock Summary
| -------------
------------------------------------------------------------------------------------------------

Clock   Waveform(ns)       Period(ns)      Frequency(MHz)
-----   ------------       ----------      --------------
ap_clk  {0.000 5.000}      10.000          100.000         


------------------------------------------------------------------------------------------------
| Intra Clock Table
| -----------------
------------------------------------------------------------------------------------------------

Clock             WNS(ns)      TNS(ns)  TNS Failing Endpoints  TNS Total Endpoints      WHS(ns)      THS(ns)  THS Failing Endpoints  THS Total Endpoints     WPWS(ns)     TPWS(ns)  TPWS Failing Endpoints  TPWS Total Endpoints  
-----             -------      -------  ---------------------  -------------------      -------      -------  ---------------------  -------------------     --------     --------  ----------------------  --------------------  
ap_clk              2.826        0.000                      0                11844        0.040        0.000                      0                11844        4.427        0.000                       0                  3447  


------------------------------------------------------------------------------------------------
| Inter Clock Table
| -----------------
------------------------------------------------------------------------------------------------

From Clock    To Clock          WNS(ns)      TNS(ns)  TNS Failing Endpoints  TNS Total Endpoints      WHS(ns)      THS(ns)  THS Failing Endpoints  THS Total Endpoints  
----------    --------          -------      -------  ---------------------  -------------------      -------      -------  ---------------------  -------------------  


------------------------------------------------------------------------------------------------
| Other Path Groups Table
| -----------------------
------------------------------------------------------------------------------------------------

Path Group    From Clock    To Clock          WNS(ns)      TNS(ns)  TNS Failing Endpoints  TNS Total Endpoints      WHS(ns)      THS(ns)  THS Failing Endpoints  THS Total Endpoints  
----------    ----------    --------          -------      -------  ---------------------  -------------------      -------      -------  ---------------------  -------------------  


------------------------------------------------------------------------------------------------
| Timing Details
| --------------
------------------------------------------------------------------------------------------------


---------------------------------------------------------------------------------------------------
From Clock:  ap_clk
  To Clock:  ap_clk

Setup :            0  Failing Endpoints,  Worst Slack        2.826ns,  Total Violation        0.000ns
Hold  :            0  Failing Endpoints,  Worst Slack        0.040ns,  Total Violation        0.000ns
PW    :            0  Failing Endpoints,  Worst Slack        4.427ns,  Total Violation        0.000ns
---------------------------------------------------------------------------------------------------


Max Delay Paths
--------------------------------------------------------------------------------------
Slack (MET) :             2.826ns  (required time - arrival time)
  Source:                 bd_0_i/hls_inst/inst/compute_U0/nxt_U/ram_reg_bram_24/CLKARDCLK
                            (rising edge-triggered cell RAMB36E2 clocked by ap_clk  {rise@0.000ns fall@5.000ns period=10.000ns})
  Destination:            bd_0_i/hls_inst/inst/compute_U0/cur_U/ram_reg_bram_0/DINADIN[3]
                            (rising edge-triggered cell RAMB36E2 clocked by ap_clk  {rise@0.000ns fall@5.000ns period=10.000ns})
  Path Group:             ap_clk
  Path Type:              Setup (Max at Slow Process Corner)
  Requirement:            10.000ns  (ap_clk rise@10.000ns - ap_clk rise@0.000ns)
  Data Path Delay:        6.796ns  (logic 2.798ns (41.170%)  route 3.998ns (58.830%))
  Logic Levels:           8  (LUT6=1 RAMB36E2=7)
  Clock Path Skew:        -0.040ns (DCD - SCD + CPR)
    Destination Clock Delay (DCD):    0.041ns = ( 10.041 - 10.000 ) 
    Source Clock Delay      (SCD):    0.081ns
    Clock Pessimism Removal (CPR):    0.000ns
  Clock Uncertainty:      0.035ns  ((TSJ^2 + TIJ^2)^1/2 + DJ) / 2 + PE
    Total System Jitter     (TSJ):    0.071ns
    Total Input Jitter      (TIJ):    0.000ns
    Discrete Jitter          (DJ):    0.000ns
    Phase Error              (PE):    0.000ns

    Location             Delay type                Incr(ns)  Path(ns)    Netlist Resource(s)
  -------------------------------------------------------------------    -------------------
                         (clock ap_clk rise edge)     0.000     0.000 r  
                                                      0.000     0.000 r  ap_clk (IN)
                         net (fo=3470, unset)         0.081     0.081    bd_0_i/hls_inst/inst/compute_U0/nxt_U/ap_clk
    RAMB36_X0Y16         RAMB36E2                                     r  bd_0_i/hls_inst/inst/compute_U0/nxt_U/ram_reg_bram_24/CLKARDCLK
  -------------------------------------------------------------------    -------------------
    RAMB36_X0Y16         RAMB36E2 (Prop_RAMB36E2_RAMB36_CLKARDCLK_CASDOUTA[3])
                                                      1.181     1.262 r  bd_0_i/hls_inst/inst/compute_U0/nxt_U/ram_reg_bram_24/CASDOUTA[3]
                         net (fo=1, routed)           0.038     1.300    bd_0_i/hls_inst/inst/compute_U0/nxt_U/ram_reg_bram_24_n_37
    RAMB36_X0Y17         RAMB36E2 (Prop_RAMB36E2_RAMB36_CASDINA[3]_CASDOUTA[3])
                                                      0.220     1.520 r  bd_0_i/hls_inst/inst/compute_U0/nxt_U/ram_reg_bram_25/CASDOUTA[3]
                         net (fo=1, routed)           0.038     1.558    bd_0_i/hls_inst/inst/compute_U0/nxt_U/ram_reg_bram_25_n_37
    RAMB36_X0Y18         RAMB36E2 (Prop_RAMB36E2_RAMB36_CASDINA[3]_CASDOUTA[3])
                                                      0.220     1.778 r  bd_0_i/hls_inst/inst/compute_U0/nxt_U/ram_reg_bram_26/CASDOUTA[3]
                         net (fo=1, routed)           0.038     1.816    bd_0_i/hls_inst/inst/compute_U0/nxt_U/ram_reg_bram_26_n_37
    RAMB36_X0Y19         RAMB36E2 (Prop_RAMB36E2_RAMB36_CASDINA[3]_CASDOUTA[3])
                                                      0.220     2.036 r  bd_0_i/hls_inst/inst/compute_U0/nxt_U/ram_reg_bram_27/CASDOUTA[3]
                         net (fo=1, routed)           0.038     2.074    bd_0_i/hls_inst/inst/compute_U0/nxt_U/ram_reg_bram_27_n_37
    RAMB36_X0Y20         RAMB36E2 (Prop_RAMB36E2_RAMB36_CASDINA[3]_CASDOUTA[3])
                                                      0.220     2.294 r  bd_0_i/hls_inst/inst/compute_U0/nxt_U/ram_reg_bram_28/CASDOUTA[3]
                         net (fo=1, routed)           0.038     2.332    bd_0_i/hls_inst/inst/compute_U0/nxt_U/ram_reg_bram_28_n_37
    RAMB36_X0Y21         RAMB36E2 (Prop_RAMB36E2_RAMB36_CASDINA[3]_CASDOUTA[3])
                                                      0.220     2.552 r  bd_0_i/hls_inst/inst/compute_U0/nxt_U/ram_reg_bram_29/CASDOUTA[3]
                         net (fo=1, routed)           0.038     2.590    bd_0_i/hls_inst/inst/compute_U0/nxt_U/ram_reg_bram_29_n_37
    RAMB36_X0Y22         RAMB36E2 (Prop_RAMB36E2_RAMB36_CASDINA[3]_CASDOUTA[3])
                                                      0.220     2.810 r  bd_0_i/hls_inst/inst/compute_U0/nxt_U/ram_reg_bram_30/CASDOUTA[3]
                         net (fo=1, routed)           0.038     2.848    bd_0_i/hls_inst/inst/compute_U0/nxt_U/ram_reg_bram_30_n_37
    RAMB36_X0Y23         RAMB36E2 (Prop_RAMB36E2_RAMB36_CASDINA[3]_DOUTADOUT[3])
                                                      0.120     2.968 r  bd_0_i/hls_inst/inst/compute_U0/nxt_U/ram_reg_bram_31/DOUTADOUT[3]
                         net (fo=1, routed)           0.855     3.823    bd_0_i/hls_inst/inst/compute_U0/nxt_U/ram_reg_bram_31_n_101
    SLICE_X22Y128        LUT6 (Prop_F6LUT_SLICEL_I0_O)
                                                      0.177     4.000 r  bd_0_i/hls_inst/inst/compute_U0/nxt_U/ram_reg_bram_0_i_37/O
                         net (fo=32, routed)          2.877     6.877    bd_0_i/hls_inst/inst/compute_U0/cur_U/nxt_q0[3]
    RAMB36_X2Y4          RAMB36E2                                     r  bd_0_i/hls_inst/inst/compute_U0/cur_U/ram_reg_bram_0/DINADIN[3]
  -------------------------------------------------------------------    -------------------

                         (clock ap_clk rise edge)    10.000    10.000 r  
                                                      0.000    10.000 r  ap_clk (IN)
                         net (fo=3470, unset)         0.041    10.041    bd_0_i/hls_inst/inst/compute_U0/cur_U/ap_clk
    RAMB36_X2Y4          RAMB36E2                                     r  bd_0_i/hls_inst/inst/compute_U0/cur_U/ram_reg_bram_0/CLKARDCLK
                         clock pessimism              0.000    10.041    
                         clock uncertainty           -0.035    10.006    
    RAMB36_X2Y4          RAMB36E2 (Setup_RAMB36E2_RAMB36_CLKARDCLK_DINADIN[3])
                                                     -0.302     9.704    bd_0_i/hls_inst/inst/compute_U0/cur_U/ram_reg_bram_0
  -------------------------------------------------------------------
                         required time                          9.704    
                         arrival time                          -6.877    
  -------------------------------------------------------------------
                         slack                                  2.826    





Min Delay Paths
--------------------------------------------------------------------------------------
Slack (MET) :             0.040ns  (arrival time - required time)
  Source:                 bd_0_i/hls_inst/inst/A_in_m_axi_U/bus_read/ost_ctrl_gen[0].fifo_burst/mOutPtr_reg[2]/C
                            (rising edge-triggered cell FDRE clocked by ap_clk  {rise@0.000ns fall@5.000ns period=10.000ns})
  Destination:            bd_0_i/hls_inst/inst/A_in_m_axi_U/bus_read/ost_ctrl_gen[0].fifo_burst/mOutPtr_reg[3]/D
                            (rising edge-triggered cell FDRE clocked by ap_clk  {rise@0.000ns fall@5.000ns period=10.000ns})
  Path Group:             ap_clk
  Path Type:              Hold (Min at Fast Process Corner)
  Requirement:            0.000ns  (ap_clk rise@0.000ns - ap_clk rise@0.000ns)
  Data Path Delay:        0.093ns  (logic 0.059ns (63.649%)  route 0.034ns (36.351%))
  Logic Levels:           1  (LUT5=1)
  Clock Path Skew:        0.006ns (DCD - SCD - CPR)
    Destination Clock Delay (DCD):    0.019ns
    Source Clock Delay      (SCD):    0.013ns
    Clock Pessimism Removal (CPR):    -0.000ns

    Location             Delay type                Incr(ns)  Path(ns)    Netlist Resource(s)
  -------------------------------------------------------------------    -------------------
                         (clock ap_clk rise edge)     0.000     0.000 r  
                                                      0.000     0.000 r  ap_clk (IN)
                         net (fo=3470, unset)         0.013     0.013    bd_0_i/hls_inst/inst/A_in_m_axi_U/bus_read/ost_ctrl_gen[0].fifo_burst/ap_clk
    SLICE_X44Y84         FDRE                                         r  bd_0_i/hls_inst/inst/A_in_m_axi_U/bus_read/ost_ctrl_gen[0].fifo_burst/mOutPtr_reg[2]/C
  -------------------------------------------------------------------    -------------------
    SLICE_X44Y84         FDRE (Prop_GFF_SLICEL_C_Q)
                                                      0.039     0.052 r  bd_0_i/hls_inst/inst/A_in_m_axi_U/bus_read/ost_ctrl_gen[0].fifo_burst/mOutPtr_reg[2]/Q
                         net (fo=4, routed)           0.028     0.080    bd_0_i/hls_inst/inst/A_in_m_axi_U/bus_read/ost_ctrl_gen[0].fifo_burst/mOutPtr_reg[2]
    SLICE_X44Y84         LUT5 (Prop_G5LUT_SLICEL_I4_O)
                                                      0.020     0.100 r  bd_0_i/hls_inst/inst/A_in_m_axi_U/bus_read/ost_ctrl_gen[0].fifo_burst/mOutPtr[3]_i_1__0/O
                         net (fo=1, routed)           0.006     0.106    bd_0_i/hls_inst/inst/A_in_m_axi_U/bus_read/ost_ctrl_gen[0].fifo_burst/mOutPtr[3]_i_1__0_n_5
    SLICE_X44Y84         FDRE                                         r  bd_0_i/hls_inst/inst/A_in_m_axi_U/bus_read/ost_ctrl_gen[0].fifo_burst/mOutPtr_reg[3]/D
  -------------------------------------------------------------------    -------------------

                         (clock ap_clk rise edge)     0.000     0.000 r  
                                                      0.000     0.000 r  ap_clk (IN)
                         net (fo=3470, unset)         0.019     0.019    bd_0_i/hls_inst/inst/A_in_m_axi_U/bus_read/ost_ctrl_gen[0].fifo_burst/ap_clk
    SLICE_X44Y84         FDRE                                         r  bd_0_i/hls_inst/inst/A_in_m_axi_U/bus_read/ost_ctrl_gen[0].fifo_burst/mOutPtr_reg[3]/C
                         clock pessimism              0.000     0.019    
    SLICE_X44Y84         FDRE (Hold_GFF2_SLICEL_C_D)
                                                      0.047     0.066    bd_0_i/hls_inst/inst/A_in_m_axi_U/bus_read/ost_ctrl_gen[0].fifo_burst/mOutPtr_reg[3]
  -------------------------------------------------------------------
                         required time                         -0.066    
                         arrival time                           0.106    
  -------------------------------------------------------------------
                         slack                                  0.040    





Pulse Width Checks
--------------------------------------------------------------------------------------
Clock Name:         ap_clk
Waveform(ns):       { 0.000 5.000 }
Period(ns):         10.000
Sources:            { ap_clk }

Check Type        Corner  Lib Pin             Reference Pin  Required(ns)  Actual(ns)  Slack(ns)  Location      Pin
Min Period        n/a     RAMB18E2/CLKARDCLK  n/a            1.739         10.000      8.261      RAMB18_X5Y32  bd_0_i/hls_inst/inst/A_in_m_axi_U/load_unit_0/buff_rdata/U_fifo_mem/mem_reg/CLKARDCLK
Low Pulse Width   Slow    SRL16E/CLK          n/a            0.573         5.000       4.427      SLICE_X43Y88  bd_0_i/hls_inst/inst/bus_read/ost_ctrl_gen[0].fifo_burst/U_fifo_srl/mem_reg[14][0]_srl15/CLK
High Pulse Width  Slow    SRL16E/CLK          n/a            0.573         5.000       4.427      SLICE_X43Y88  bd_0_i/hls_inst/inst/bus_read/ost_ctrl_gen[0].fifo_burst/U_fifo_srl/mem_reg[14][0]_srl15/CLK



