

================================================================
== Vitis HLS Report for 'Block_entry_screen_tris_v0_x_rd_proc'
================================================================
* Date:           Mon Mar 30 23:31:11 2026

* Version:        2025.1.1 (Build 6214317 on Sep 11 2025)
* Project:        project_1
* Solution:       hls (Vivado IP Flow Target)
* Product family: zynquplus
* Target device:  xczu3eg-sbva484-1-e


================================================================
== Performance Estimates
================================================================
+ Timing: 
    * Summary: 
    +--------+----------+----------+------------+
    |  Clock |  Target  | Estimated| Uncertainty|
    +--------+----------+----------+------------+
    |ap_clk  |  10.00 ns|  7.208 ns|     2.70 ns|
    +--------+----------+----------+------------+

+ Latency: 
    * Summary: 
    +---------+---------+----------+----------+-----+-----+---------+
    |  Latency (cycles) |  Latency (absolute) |  Interval | Pipeline|
    |   min   |   max   |    min   |    max   | min | max |   Type  |
    +---------+---------+----------+----------+-----+-----+---------+
    |        ?|        ?|         ?|         ?|    ?|    ?|       no|
    +---------+---------+----------+----------+-----+-----+---------+

    + Detail: 
        * Instance: 
        +---------------------------+-----------------+---------+---------+----------+----------+-----+-----+------------------------------------------------+
        |                           |                 |  Latency (cycles) |  Latency (absolute) |  Interval |                    Pipeline                    |
        |          Instance         |      Module     |   min   |   max   |    min   |    max   | min | max |                      Type                      |
        +---------------------------+-----------------+---------+---------+----------+----------+-----+-----+------------------------------------------------+
        |grp_k3_bounding_box_fu_58  |k3_bounding_box  |      132|      132|  1.320 us|  1.320 us|  129|  129|  loop auto-rewind stp (delay=0 clock cycles(s))|
        |grp_k4_rasterize_fu_84     |k4_rasterize     |        ?|        ?|         ?|         ?|    ?|    ?|                                              no|
        +---------------------------+-----------------+---------+---------+----------+----------+-----+-----+------------------------------------------------+

        * Loop: 
        N/A



================================================================
== Utilization Estimates
================================================================
* Summary: 
+-----------------+---------+-----+--------+-------+-----+
|       Name      | BRAM_18K| DSP |   FF   |  LUT  | URAM|
+-----------------+---------+-----+--------+-------+-----+
|DSP              |        -|    -|       -|      -|    -|
|Expression       |        -|    -|       0|      2|    -|
|FIFO             |        -|    -|       -|      -|    -|
|Instance         |       32|   84|    4080|   6894|    0|
|Memory           |        4|    -|       0|      0|    0|
|Multiplexer      |        -|    -|       0|    451|    -|
|Register         |        -|    -|       7|      -|    -|
+-----------------+---------+-----+--------+-------+-----+
|Total            |       36|   84|    4087|   7347|    0|
+-----------------+---------+-----+--------+-------+-----+
|Available        |      432|  360|  141120|  70560|    0|
+-----------------+---------+-----+--------+-------+-----+
|Utilization (%)  |        8|   23|       2|     10|    0|
+-----------------+---------+-----+--------+-------+-----+

+ Detail: 
    * Instance: 
    +---------------------------+-----------------+---------+----+------+------+-----+
    |          Instance         |      Module     | BRAM_18K| DSP|  FF  |  LUT | URAM|
    +---------------------------+-----------------+---------+----+------+------+-----+
    |grp_k3_bounding_box_fu_58  |k3_bounding_box  |        0|   0|   121|   927|    0|
    |grp_k4_rasterize_fu_84     |k4_rasterize     |       32|  84|  3959|  5967|    0|
    +---------------------------+-----------------+---------+----+------+------+-----+
    |Total                      |                 |       32|  84|  4080|  6894|    0|
    +---------------------------+-----------------+---------+----+------+------+-----+

    * DSP: 
    N/A

    * Memory: 
    +----------------+-----------------------------------------------------------------+---------+---+----+-----+------+-----+------+-------------+
    |     Memory     |                              Module                             | BRAM_18K| FF| LUT| URAM| Words| Bits| Banks| W*Bits*Banks|
    +----------------+-----------------------------------------------------------------+---------+---+----+-----+------+-----+------+-------------+
    |bounds_max_x_U  |Block_entry_screen_tris_v0_x_rd_proc_bounds_max_x_RAM_AUTO_1R1W  |        1|  0|   0|    0|   128|   16|     1|         2048|
    |bounds_max_y_U  |Block_entry_screen_tris_v0_x_rd_proc_bounds_max_x_RAM_AUTO_1R1W  |        1|  0|   0|    0|   128|   16|     1|         2048|
    |bounds_min_x_U  |Block_entry_screen_tris_v0_x_rd_proc_bounds_min_x_RAM_AUTO_1R1W  |        1|  0|   0|    0|   128|   15|     1|         1920|
    |bounds_min_y_U  |Block_entry_screen_tris_v0_x_rd_proc_bounds_min_x_RAM_AUTO_1R1W  |        1|  0|   0|    0|   128|   15|     1|         1920|
    +----------------+-----------------------------------------------------------------+---------+---+----+-----+------+-----+------+-------------+
    |Total           |                                                                 |        4|  0|   0|    0|   512|   62|     4|         7936|
    +----------------+-----------------------------------------------------------------+---------+---+----+-----+------+-----+------+-------------+

    * FIFO: 
    N/A

    * Expression: 
    +-----------------+----------+----+---+----+------------+------------+
    |  Variable Name  | Operation| DSP| FF| LUT| Bitwidth P0| Bitwidth P1|
    +-----------------+----------+----+---+----+------------+------------+
    |ap_block_state1  |        or|   0|  0|   2|           1|           1|
    +-----------------+----------+----+---+----+------------+------------+
    |Total            |          |   0|  0|   2|           1|           1|
    +-----------------+----------+----+---+----+------------+------------+

    * Multiplexer: 
    +--------------------------------+----+-----------+-----+-----------+
    |              Name              | LUT| Input Size| Bits| Total Bits|
    +--------------------------------+----+-----------+-----+-----------+
    |ap_NS_fsm                       |  26|          5|    1|          5|
    |ap_done                         |   9|          2|    1|          2|
    |bounds_max_x_address0           |  14|          3|    7|         21|
    |bounds_max_x_ce0                |  14|          3|    1|          3|
    |bounds_max_x_ce1                |   9|          2|    1|          2|
    |bounds_max_x_we0                |   9|          2|    1|          2|
    |bounds_max_x_we1                |   9|          2|    1|          2|
    |bounds_max_y_address0           |  14|          3|    7|         21|
    |bounds_max_y_ce0                |  14|          3|    1|          3|
    |bounds_max_y_ce1                |   9|          2|    1|          2|
    |bounds_max_y_we0                |   9|          2|    1|          2|
    |bounds_max_y_we1                |   9|          2|    1|          2|
    |bounds_min_x_address0           |  14|          3|    7|         21|
    |bounds_min_x_ce0                |  14|          3|    1|          3|
    |bounds_min_x_ce1                |   9|          2|    1|          2|
    |bounds_min_x_we0                |   9|          2|    1|          2|
    |bounds_min_x_we1                |   9|          2|    1|          2|
    |bounds_min_y_address0           |  14|          3|    7|         21|
    |bounds_min_y_ce0                |  14|          3|    1|          3|
    |bounds_min_y_ce1                |   9|          2|    1|          2|
    |bounds_min_y_we0                |   9|          2|    1|          2|
    |bounds_min_y_we1                |   9|          2|    1|          2|
    |screen_tris_is_active_address0  |  14|          3|    7|         21|
    |screen_tris_is_active_ce0       |  14|          3|    1|          3|
    |screen_tris_v0_x_address0       |  14|          3|    7|         21|
    |screen_tris_v0_x_ce0            |  14|          3|    1|          3|
    |screen_tris_v0_y_address0       |  14|          3|    7|         21|
    |screen_tris_v0_y_ce0            |  14|          3|    1|          3|
    |screen_tris_v1_x_address0       |  14|          3|    7|         21|
    |screen_tris_v1_x_ce0            |  14|          3|    1|          3|
    |screen_tris_v1_y_address0       |  14|          3|    7|         21|
    |screen_tris_v1_y_ce0            |  14|          3|    1|          3|
    |screen_tris_v2_x_address0       |  14|          3|    7|         21|
    |screen_tris_v2_x_ce0            |  14|          3|    1|          3|
    |screen_tris_v2_y_address0       |  14|          3|    7|         21|
    |screen_tris_v2_y_ce0            |  14|          3|    1|          3|
    +--------------------------------+----+-----------+-----+-----------+
    |Total                           | 451|         97|  102|        295|
    +--------------------------------+----+-----------+-----+-----------+

    * Register: 
    +----------------------------------------+---+----+-----+-----------+
    |                  Name                  | FF| LUT| Bits| Const Bits|
    +----------------------------------------+---+----+-----+-----------+
    |ap_CS_fsm                               |  4|   0|    4|          0|
    |ap_done_reg                             |  1|   0|    1|          0|
    |grp_k3_bounding_box_fu_58_ap_start_reg  |  1|   0|    1|          0|
    |grp_k4_rasterize_fu_84_ap_start_reg     |  1|   0|    1|          0|
    +----------------------------------------+---+----+-----+-----------+
    |Total                                   |  7|   0|    7|          0|
    +----------------------------------------+---+----+-----+-----------+



================================================================
== Interface
================================================================
* Summary: 
+--------------------------------+-----+-----+------------+-----------------------------------------+--------------+
|            RTL Ports           | Dir | Bits|  Protocol  |              Source Object              |    C Type    |
+--------------------------------+-----+-----+------------+-----------------------------------------+--------------+
|ap_clk                          |   in|    1|  ap_ctrl_hs|  Block_entry_screen_tris (.v0.x)_rd_proc|  return value|
|ap_rst                          |   in|    1|  ap_ctrl_hs|  Block_entry_screen_tris (.v0.x)_rd_proc|  return value|
|ap_start                        |   in|    1|  ap_ctrl_hs|  Block_entry_screen_tris (.v0.x)_rd_proc|  return value|
|ap_done                         |  out|    1|  ap_ctrl_hs|  Block_entry_screen_tris (.v0.x)_rd_proc|  return value|
|ap_continue                     |   in|    1|  ap_ctrl_hs|  Block_entry_screen_tris (.v0.x)_rd_proc|  return value|
|ap_idle                         |  out|    1|  ap_ctrl_hs|  Block_entry_screen_tris (.v0.x)_rd_proc|  return value|
|ap_ready                        |  out|    1|  ap_ctrl_hs|  Block_entry_screen_tris (.v0.x)_rd_proc|  return value|
|depth_buffer_address0           |  out|   12|   ap_memory|                             depth_buffer|         array|
|depth_buffer_ce0                |  out|    1|   ap_memory|                             depth_buffer|         array|
|depth_buffer_we0                |  out|    1|   ap_memory|                             depth_buffer|         array|
|depth_buffer_d0                 |  out|   32|   ap_memory|                             depth_buffer|         array|
|normal_buffer_x_address0        |  out|   12|   ap_memory|                          normal_buffer_x|         array|
|normal_buffer_x_ce0             |  out|    1|   ap_memory|                          normal_buffer_x|         array|
|normal_buffer_x_we0             |  out|    1|   ap_memory|                          normal_buffer_x|         array|
|normal_buffer_x_d0              |  out|   32|   ap_memory|                          normal_buffer_x|         array|
|normal_buffer_y_address0        |  out|   12|   ap_memory|                          normal_buffer_y|         array|
|normal_buffer_y_ce0             |  out|    1|   ap_memory|                          normal_buffer_y|         array|
|normal_buffer_y_we0             |  out|    1|   ap_memory|                          normal_buffer_y|         array|
|normal_buffer_y_d0              |  out|   32|   ap_memory|                          normal_buffer_y|         array|
|normal_buffer_z_address0        |  out|   12|   ap_memory|                          normal_buffer_z|         array|
|normal_buffer_z_ce0             |  out|    1|   ap_memory|                          normal_buffer_z|         array|
|normal_buffer_z_we0             |  out|    1|   ap_memory|                          normal_buffer_z|         array|
|normal_buffer_z_d0              |  out|   32|   ap_memory|                          normal_buffer_z|         array|
|screen_tris_is_active_address0  |  out|    7|   ap_memory|                    screen_tris_is_active|         array|
|screen_tris_is_active_ce0       |  out|    1|   ap_memory|                    screen_tris_is_active|         array|
|screen_tris_is_active_q0        |   in|    1|   ap_memory|                    screen_tris_is_active|         array|
|screen_tris_n0_x_address0       |  out|    7|   ap_memory|                         screen_tris_n0_x|         array|
|screen_tris_n0_x_ce0            |  out|    1|   ap_memory|                         screen_tris_n0_x|         array|
|screen_tris_n0_x_q0             |   in|   32|   ap_memory|                         screen_tris_n0_x|         array|
|screen_tris_n0_y_address0       |  out|    7|   ap_memory|                         screen_tris_n0_y|         array|
|screen_tris_n0_y_ce0            |  out|    1|   ap_memory|                         screen_tris_n0_y|         array|
|screen_tris_n0_y_q0             |   in|   32|   ap_memory|                         screen_tris_n0_y|         array|
|screen_tris_n0_z_address0       |  out|    7|   ap_memory|                         screen_tris_n0_z|         array|
|screen_tris_n0_z_ce0            |  out|    1|   ap_memory|                         screen_tris_n0_z|         array|
|screen_tris_n0_z_q0             |   in|   32|   ap_memory|                         screen_tris_n0_z|         array|
|screen_tris_n1_x_address0       |  out|    7|   ap_memory|                         screen_tris_n1_x|         array|
|screen_tris_n1_x_ce0            |  out|    1|   ap_memory|                         screen_tris_n1_x|         array|
|screen_tris_n1_x_q0             |   in|   32|   ap_memory|                         screen_tris_n1_x|         array|
|screen_tris_n1_y_address0       |  out|    7|   ap_memory|                         screen_tris_n1_y|         array|
|screen_tris_n1_y_ce0            |  out|    1|   ap_memory|                         screen_tris_n1_y|         array|
|screen_tris_n1_y_q0             |   in|   32|   ap_memory|                         screen_tris_n1_y|         array|
|screen_tris_n1_z_address0       |  out|    7|   ap_memory|                         screen_tris_n1_z|         array|
|screen_tris_n1_z_ce0            |  out|    1|   ap_memory|                         screen_tris_n1_z|         array|
|screen_tris_n1_z_q0             |   in|   32|   ap_memory|                         screen_tris_n1_z|         array|
|screen_tris_n2_x_address0       |  out|    7|   ap_memory|                         screen_tris_n2_x|         array|
|screen_tris_n2_x_ce0            |  out|    1|   ap_memory|                         screen_tris_n2_x|         array|
|screen_tris_n2_x_q0             |   in|   32|   ap_memory|                         screen_tris_n2_x|         array|
|screen_tris_n2_y_address0       |  out|    7|   ap_memory|                         screen_tris_n2_y|         array|
|screen_tris_n2_y_ce0            |  out|    1|   ap_memory|                         screen_tris_n2_y|         array|
|screen_tris_n2_y_q0             |   in|   32|   ap_memory|                         screen_tris_n2_y|         array|
|screen_tris_n2_z_address0       |  out|    7|   ap_memory|                         screen_tris_n2_z|         array|
|screen_tris_n2_z_ce0            |  out|    1|   ap_memory|                         screen_tris_n2_z|         array|
|screen_tris_n2_z_q0             |   in|   32|   ap_memory|                         screen_tris_n2_z|         array|
|screen_tris_v0_x_address0       |  out|    7|   ap_memory|                         screen_tris_v0_x|         array|
|screen_tris_v0_x_ce0            |  out|    1|   ap_memory|                         screen_tris_v0_x|         array|
|screen_tris_v0_x_q0             |   in|   32|   ap_memory|                         screen_tris_v0_x|         array|
|screen_tris_v0_y_address0       |  out|    7|   ap_memory|                         screen_tris_v0_y|         array|
|screen_tris_v0_y_ce0            |  out|    1|   ap_memory|                         screen_tris_v0_y|         array|
|screen_tris_v0_y_q0             |   in|   32|   ap_memory|                         screen_tris_v0_y|         array|
|screen_tris_v0_z_address0       |  out|    7|   ap_memory|                         screen_tris_v0_z|         array|
|screen_tris_v0_z_ce0            |  out|    1|   ap_memory|                         screen_tris_v0_z|         array|
|screen_tris_v0_z_q0             |   in|   32|   ap_memory|                         screen_tris_v0_z|         array|
|screen_tris_v1_x_address0       |  out|    7|   ap_memory|                         screen_tris_v1_x|         array|
|screen_tris_v1_x_ce0            |  out|    1|   ap_memory|                         screen_tris_v1_x|         array|
|screen_tris_v1_x_q0             |   in|   32|   ap_memory|                         screen_tris_v1_x|         array|
|screen_tris_v1_y_address0       |  out|    7|   ap_memory|                         screen_tris_v1_y|         array|
|screen_tris_v1_y_ce0            |  out|    1|   ap_memory|                         screen_tris_v1_y|         array|
|screen_tris_v1_y_q0             |   in|   32|   ap_memory|                         screen_tris_v1_y|         array|
|screen_tris_v1_z_address0       |  out|    7|   ap_memory|                         screen_tris_v1_z|         array|
|screen_tris_v1_z_ce0            |  out|    1|   ap_memory|                         screen_tris_v1_z|         array|
|screen_tris_v1_z_q0             |   in|   32|   ap_memory|                         screen_tris_v1_z|         array|
|screen_tris_v2_x_address0       |  out|    7|   ap_memory|                         screen_tris_v2_x|         array|
|screen_tris_v2_x_ce0            |  out|    1|   ap_memory|                         screen_tris_v2_x|         array|
|screen_tris_v2_x_q0             |   in|   32|   ap_memory|                         screen_tris_v2_x|         array|
|screen_tris_v2_y_address0       |  out|    7|   ap_memory|                         screen_tris_v2_y|         array|
|screen_tris_v2_y_ce0            |  out|    1|   ap_memory|                         screen_tris_v2_y|         array|
|screen_tris_v2_y_q0             |   in|   32|   ap_memory|                         screen_tris_v2_y|         array|
|screen_tris_v2_z_address0       |  out|    7|   ap_memory|                         screen_tris_v2_z|         array|
|screen_tris_v2_z_ce0            |  out|    1|   ap_memory|                         screen_tris_v2_z|         array|
|screen_tris_v2_z_q0             |   in|   32|   ap_memory|                         screen_tris_v2_z|         array|
+--------------------------------+-----+-----+------------+-----------------------------------------+--------------+

