================================================================
== Design Size Report
================================================================

* Total Instructions per Compilation Phase
+---------------+-----------------------------+--------------+----------------------------------------------------------------------------------------+
| Phase         | Step                        | Instructions | Description                                                                            |
+---------------+-----------------------------+--------------+----------------------------------------------------------------------------------------+
| Compile/Link  |                             | 93,587       | After all functions are compiled and linked into a single design                       |
|               |                             |              |                                                                                        |
| Unroll/Inline |                             |              | After user unroll and inline pragmas are applied                                       |
|               | (1) unroll                  | 10,593       | user unroll pragmas are applied                                                        |
|               | (2) simplification          |  5,147       | simplification of applied user unroll pragmas                                          |
|               | (3) inline                  |  5,007       | user inline pragmas are applied                                                        |
|               | (4) simplification          |  4,701       | simplification of applied user inline pragmas                                          |
|               |                             |              |                                                                                        |
| Array/Struct  |                             |              | After user array partition and struct aggregate/disaggregate pragmas are applied       |
|               | (1) array partition         |  4,700       | user array partition pragmas are applied                                               |
|               | (2) simplification          |  4,700       | simplification of applied user array partition & struct aggregate/disaggregate pragmas |
|               | (3) aggregate/disaggregate  |  4,717       | user struct aggregate/disaggregate pragmas are applied                                 |
|               | (4) array reshape           |  4,734       | apply array reshape pragmas                                                            |
|               | (5) access patterns         |  4,718       | array access pattern optmizations                                                      |
|               |                             |              |                                                                                        |
| Performance   |                             |              | After transformations are applied to meet performance pragma targets                   |
|               | (1) loop simplification     |  4,684       | loop and instruction simplification                                                    |
|               | (2) parallelization         |  4,684       | loops are unrolled or pipelined to meet performance targets                            |
|               | (3) array partition         |  4,682       | arrays are partitioned to meet performance targets                                     |
|               | (4) simplification          |  4,682       | simplification of design after performance transformations                             |
|               |                             |              |                                                                                        |
| HW Transforms |                             |              | After hardware transfomations                                                          |
|               | (1) lowering                |  4,803       | initial conversion to HW specific instructions                                         |
|               | (2) optimizations           |  4,821       | high level synthesis optimizations                                                     |
+---------------+-----------------------------+--------------+----------------------------------------------------------------------------------------+

* Instructions per Function for each Compilation Phase
+--------------------------+-------------+--------------+---------------+--------------+-------------+---------------+
| Function                 | Location    | Compile/Link | Unroll/Inline | Array/Struct | Performance | HW Transforms |
+--------------------------+-------------+--------------+---------------+--------------+-------------+---------------+
| + top_kernel             | top.cpp:499 | 93,587       | 4,701         | 4,718        | 4,682       | 4,821         |
|    k1_vertex_transform   | top.cpp:7   | 31,018       | 2,049         | 2,059        | 2,027       | 2,145         |
|    k2_perspective_divide | top.cpp:110 | 21,825       |  844          |  844         |  844        |  847          |
|    k3_bounding_box       | top.cpp:201 | 2,209        |  111          |  111         |  111        |  114          |
|    k4_rasterize          | top.cpp:296 | 27,585       | 1,448         | 1,448        | 1,446       | 1,456         |
|    k5_deferred_lighting  | top.cpp:429 | 10,940       |  236          |  240         |  238        |  239          |
+--------------------------+-------------+--------------+---------------+--------------+-------------+---------------+

* Design Size Message Settings
+---------------------------------------------+--------+------------------------------------------------------------------+
| Message Setting                             | Value  | Description                                                      |
+---------------------------------------------+--------+------------------------------------------------------------------+
| config_compile -design_size_maximum_warning | 100000 | Show a warning when total design instructions exceeds this value |
+---------------------------------------------+--------+------------------------------------------------------------------+


