

================================================================
== Vitis HLS Report for 'entry_proc'
================================================================
* Date:           Tue Mar 31 00:58:59 2026

* Version:        2025.1.1 (Build 6214317 on Sep 11 2025)
* Project:        project_1
* Solution:       hls (Vivado IP Flow Target)
* Product family: zynquplus
* Target device:  xczu3eg-sbva484-1-e


================================================================
== Performance Estimates
================================================================
+ Timing: 
    * Summary: 
    +--------+----------+----------+------------+
    |  Clock |  Target  | Estimated| Uncertainty|
    +--------+----------+----------+------------+
    |ap_clk  |  10.00 ns|  2.149 ns|     2.70 ns|
    +--------+----------+----------+------------+

+ Latency: 
    * Summary: 
    +---------+---------+----------+----------+-----+-----+---------+
    |  Latency (cycles) |  Latency (absolute) |  Interval | Pipeline|
    |   min   |   max   |    min   |    max   | min | max |   Type  |
    +---------+---------+----------+----------+-----+-----+---------+
    |        0|        0|      0 ns|      0 ns|    0|    0|       no|
    +---------+---------+----------+----------+-----+-----+---------+

    + Detail: 
        * Instance: 
        N/A

        * Loop: 
        N/A



================================================================
== Utilization Estimates
================================================================
* Summary: 
+-----------------+---------+-----+--------+-------+-----+
|       Name      | BRAM_18K| DSP |   FF   |  LUT  | URAM|
+-----------------+---------+-----+--------+-------+-----+
|DSP              |        -|    -|       -|      -|    -|
|Expression       |        -|    -|       0|      2|    -|
|FIFO             |        -|    -|       -|      -|    -|
|Instance         |        -|    -|       -|      -|    -|
|Memory           |        -|    -|       -|      -|    -|
|Multiplexer      |        -|    -|       0|     18|    -|
|Register         |        -|    -|       2|      -|    -|
+-----------------+---------+-----+--------+-------+-----+
|Total            |        0|    0|       2|     20|    0|
+-----------------+---------+-----+--------+-------+-----+
|Available        |      432|  360|  141120|  70560|    0|
+-----------------+---------+-----+--------+-------+-----+
|Utilization (%)  |        0|    0|      ~0|     ~0|    0|
+-----------------+---------+-----+--------+-------+-----+

+ Detail: 
    * Instance: 
    N/A

    * DSP: 
    N/A

    * Memory: 
    N/A

    * FIFO: 
    N/A

    * Expression: 
    +-----------------+----------+----+---+----+------------+------------+
    |  Variable Name  | Operation| DSP| FF| LUT| Bitwidth P0| Bitwidth P1|
    +-----------------+----------+----+---+----+------------+------------+
    |ap_block_state1  |        or|   0|  0|   2|           1|           1|
    +-----------------+----------+----+---+----+------------+------------+
    |Total            |          |   0|  0|   2|           1|           1|
    +-----------------+----------+----+---+----+------------+------------+

    * Multiplexer: 
    +--------------------+----+-----------+-----+-----------+
    |        Name        | LUT| Input Size| Bits| Total Bits|
    +--------------------+----+-----------+-----+-----------+
    |ap_done             |   9|          2|    1|          2|
    |out_pixels_c_blk_n  |   9|          2|    1|          2|
    +--------------------+----+-----------+-----+-----------+
    |Total               |  18|          4|    2|          4|
    +--------------------+----+-----------+-----+-----------+

    * Register: 
    +-------------+---+----+-----+-----------+
    |     Name    | FF| LUT| Bits| Const Bits|
    +-------------+---+----+-----+-----------+
    |ap_CS_fsm    |  1|   0|    1|          0|
    |ap_done_reg  |  1|   0|    1|          0|
    +-------------+---+----+-----+-----------+
    |Total        |  2|   0|    2|          0|
    +-------------+---+----+-----+-----------+



================================================================
== Interface
================================================================
* Summary: 
+-----------------------------+-----+-----+------------+--------------+--------------+
|          RTL Ports          | Dir | Bits|  Protocol  | Source Object|    C Type    |
+-----------------------------+-----+-----+------------+--------------+--------------+
|ap_clk                       |   in|    1|  ap_ctrl_hs|    entry_proc|  return value|
|ap_rst                       |   in|    1|  ap_ctrl_hs|    entry_proc|  return value|
|ap_start                     |   in|    1|  ap_ctrl_hs|    entry_proc|  return value|
|ap_done                      |  out|    1|  ap_ctrl_hs|    entry_proc|  return value|
|ap_continue                  |   in|    1|  ap_ctrl_hs|    entry_proc|  return value|
|ap_idle                      |  out|    1|  ap_ctrl_hs|    entry_proc|  return value|
|ap_ready                     |  out|    1|  ap_ctrl_hs|    entry_proc|  return value|
|out_pixels                   |   in|   64|     ap_none|    out_pixels|        scalar|
|out_pixels_c_din             |  out|   64|     ap_fifo|  out_pixels_c|       pointer|
|out_pixels_c_full_n          |   in|    1|     ap_fifo|  out_pixels_c|       pointer|
|out_pixels_c_write           |  out|    1|     ap_fifo|  out_pixels_c|       pointer|
|out_pixels_c_num_data_valid  |   in|    4|     ap_fifo|  out_pixels_c|       pointer|
|out_pixels_c_fifo_cap        |   in|    4|     ap_fifo|  out_pixels_c|       pointer|
+-----------------------------+-----+-----+------------+--------------+--------------+

