

================================================================
== Vitis HLS Report for 'k2_perspective_divide'
================================================================
* Date:           Mon Mar 30 22:37:16 2026

* Version:        2025.1.1 (Build 6214317 on Sep 11 2025)
* Project:        project_1
* Solution:       hls (Vivado IP Flow Target)
* Product family: zynquplus
* Target device:  xczu3eg-sbva484-1-e


================================================================
== Performance Estimates
================================================================
+ Timing: 
    * Summary: 
    +--------+----------+----------+------------+
    |  Clock |  Target  | Estimated| Uncertainty|
    +--------+----------+----------+------------+
    |ap_clk  |  10.00 ns|  6.601 ns|     2.70 ns|
    +--------+----------+----------+------------+

+ Latency: 
    * Summary: 
    +---------+---------+----------+----------+-----+-------+---------+
    |  Latency (cycles) |  Latency (absolute) |   Interval  | Pipeline|
    |   min   |   max   |    min   |    max   | min |  max  |   Type  |
    +---------+---------+----------+----------+-----+-------+---------+
    |      385|    15233|  3.850 us|  0.152 ms|  385|  15233|       no|
    +---------+---------+----------+----------+-----+-------+---------+

    + Detail: 
        * Instance: 
        N/A

        * Loop: 
        +--------------------+---------+---------+----------+-----------+-----------+------+----------+
        |                    |  Latency (cycles) | Iteration|  Initiation Interval  | Trip |          |
        |      Loop Name     |   min   |   max   |  Latency |  achieved |   target  | Count| Pipelined|
        +--------------------+---------+---------+----------+-----------+-----------+------+----------+
        |- VITIS_LOOP_116_1  |      384|    15232|   3 ~ 119|          -|          -|   128|        no|
        +--------------------+---------+---------+----------+-----------+-----------+------+----------+



================================================================
== Utilization Estimates
================================================================
* Summary: 
+-----------------+---------+-----+--------+-------+-----+
|       Name      | BRAM_18K| DSP |   FF   |  LUT  | URAM|
+-----------------+---------+-----+--------+-------+-----+
|DSP              |        -|    -|       -|      -|    -|
|Expression       |        -|    -|       0|   3055|    -|
|FIFO             |        -|    -|       -|      -|    -|
|Instance         |        -|   12|    1254|    816|    -|
|Memory           |        -|    -|       -|      -|    -|
|Multiplexer      |        -|    -|       0|   1046|    -|
|Register         |        -|    -|     956|      -|    -|
+-----------------+---------+-----+--------+-------+-----+
|Total            |        0|   12|    2210|   4917|    0|
+-----------------+---------+-----+--------+-------+-----+
|Available        |      432|  360|  141120|  70560|    0|
+-----------------+---------+-----+--------+-------+-----+
|Utilization (%)  |        0|    3|       1|      6|    0|
+-----------------+---------+-----+--------+-------+-----+

+ Detail: 
    * Instance: 
    +-------------------------------+---------------------------+---------+----+-----+-----+-----+
    |            Instance           |           Module          | BRAM_18K| DSP|  FF | LUT | URAM|
    +-------------------------------+---------------------------+---------+----+-----+-----+-----+
    |mul_32s_32s_64_1_1_U40         |mul_32s_32s_64_1_1         |        0|   4|    0|   20|    0|
    |mul_32s_32s_64_1_1_U41         |mul_32s_32s_64_1_1         |        0|   4|    0|   20|    0|
    |mul_32s_32s_64_1_1_U42         |mul_32s_32s_64_1_1         |        0|   4|    0|   20|    0|
    |sdiv_34ns_32s_34_38_seq_1_U43  |sdiv_34ns_32s_34_38_seq_1  |        0|   0|  418|  252|    0|
    |sdiv_34ns_32s_34_38_seq_1_U44  |sdiv_34ns_32s_34_38_seq_1  |        0|   0|  418|  252|    0|
    |sdiv_34ns_32s_34_38_seq_1_U45  |sdiv_34ns_32s_34_38_seq_1  |        0|   0|  418|  252|    0|
    +-------------------------------+---------------------------+---------+----+-----+-----+-----+
    |Total                          |                           |        0|  12| 1254|  816|    0|
    +-------------------------------+---------------------------+---------+----+-----+-----+-----+

    * DSP: 
    N/A

    * Memory: 
    N/A

    * FIFO: 
    N/A

    * Expression: 
    +---------------------------+----------+----+---+----+------------+------------+
    |       Variable Name       | Operation| DSP| FF| LUT| Bitwidth P0| Bitwidth P1|
    +---------------------------+----------+----+---+----+------------+------------+
    |add_ln116_fu_971_p2        |         +|   0|  0|  15|           8|           1|
    |add_ln127_fu_1134_p2       |         +|   0|  0|  39|          32|          32|
    |add_ln130_fu_1272_p2       |         +|   0|  0|  39|          32|          32|
    |add_ln133_fu_1578_p2       |         +|   0|  0|  40|          33|          17|
    |add_ln143_fu_1410_p2       |         +|   0|  0|  39|          32|          32|
    |add_ln151_fu_2037_p2       |         +|   0|  0|  39|          32|          32|
    |add_ln154_fu_2175_p2       |         +|   0|  0|  39|          32|          32|
    |add_ln157_fu_2481_p2       |         +|   0|  0|  40|          33|          17|
    |add_ln167_fu_2313_p2       |         +|   0|  0|  39|          32|          32|
    |add_ln175_fu_2940_p2       |         +|   0|  0|  39|          32|          32|
    |add_ln178_fu_3078_p2       |         +|   0|  0|  39|          32|          32|
    |add_ln181_fu_3384_p2       |         +|   0|  0|  40|          33|          17|
    |add_ln191_fu_3216_p2       |         +|   0|  0|  39|          32|          32|
    |sub_ln138_fu_1745_p2       |         -|   0|  0|  40|          17|          33|
    |sub_ln162_fu_2648_p2       |         -|   0|  0|  40|          17|          33|
    |sub_ln186_fu_3551_p2       |         -|   0|  0|  40|          17|          33|
    |and_ln124_1_fu_1091_p2     |       and|   0|  0|   2|           1|           1|
    |and_ln124_fu_1073_p2       |       and|   0|  0|   2|           1|           1|
    |and_ln127_1_fu_1182_p2     |       and|   0|  0|   2|           1|           1|
    |and_ln127_2_fu_1196_p2     |       and|   0|  0|   2|           1|           1|
    |and_ln127_3_fu_1220_p2     |       and|   0|  0|   2|           1|           1|
    |and_ln127_4_fu_1226_p2     |       and|   0|  0|   2|           1|           1|
    |and_ln127_5_fu_1244_p2     |       and|   0|  0|   2|           1|           1|
    |and_ln127_fu_1154_p2       |       and|   0|  0|   2|           1|           1|
    |and_ln130_1_fu_1320_p2     |       and|   0|  0|   2|           1|           1|
    |and_ln130_2_fu_1334_p2     |       and|   0|  0|   2|           1|           1|
    |and_ln130_3_fu_1358_p2     |       and|   0|  0|   2|           1|           1|
    |and_ln130_4_fu_1364_p2     |       and|   0|  0|   2|           1|           1|
    |and_ln130_5_fu_1382_p2     |       and|   0|  0|   2|           1|           1|
    |and_ln130_fu_1292_p2       |       and|   0|  0|   2|           1|           1|
    |and_ln133_fu_1610_p2       |       and|   0|  0|   2|           1|           1|
    |and_ln134_1_fu_1700_p2     |       and|   0|  0|   2|           1|           1|
    |and_ln134_2_fu_1712_p2     |       and|   0|  0|   2|           1|           1|
    |and_ln134_fu_1694_p2       |       and|   0|  0|   2|           1|           1|
    |and_ln138_fu_1777_p2       |       and|   0|  0|   2|           1|           1|
    |and_ln139_1_fu_1867_p2     |       and|   0|  0|   2|           1|           1|
    |and_ln139_2_fu_1879_p2     |       and|   0|  0|   2|           1|           1|
    |and_ln139_fu_1861_p2       |       and|   0|  0|   2|           1|           1|
    |and_ln143_1_fu_1458_p2     |       and|   0|  0|   2|           1|           1|
    |and_ln143_2_fu_1472_p2     |       and|   0|  0|   2|           1|           1|
    |and_ln143_3_fu_1496_p2     |       and|   0|  0|   2|           1|           1|
    |and_ln143_4_fu_1502_p2     |       and|   0|  0|   2|           1|           1|
    |and_ln143_5_fu_1520_p2     |       and|   0|  0|   2|           1|           1|
    |and_ln143_fu_1430_p2       |       and|   0|  0|   2|           1|           1|
    |and_ln148_1_fu_1994_p2     |       and|   0|  0|   2|           1|           1|
    |and_ln148_fu_1976_p2       |       and|   0|  0|   2|           1|           1|
    |and_ln151_1_fu_2085_p2     |       and|   0|  0|   2|           1|           1|
    |and_ln151_2_fu_2099_p2     |       and|   0|  0|   2|           1|           1|
    |and_ln151_3_fu_2123_p2     |       and|   0|  0|   2|           1|           1|
    |and_ln151_4_fu_2129_p2     |       and|   0|  0|   2|           1|           1|
    |and_ln151_5_fu_2147_p2     |       and|   0|  0|   2|           1|           1|
    |and_ln151_fu_2057_p2       |       and|   0|  0|   2|           1|           1|
    |and_ln154_1_fu_2223_p2     |       and|   0|  0|   2|           1|           1|
    |and_ln154_2_fu_2237_p2     |       and|   0|  0|   2|           1|           1|
    |and_ln154_3_fu_2261_p2     |       and|   0|  0|   2|           1|           1|
    |and_ln154_4_fu_2267_p2     |       and|   0|  0|   2|           1|           1|
    |and_ln154_5_fu_2285_p2     |       and|   0|  0|   2|           1|           1|
    |and_ln154_fu_2195_p2       |       and|   0|  0|   2|           1|           1|
    |and_ln157_fu_2513_p2       |       and|   0|  0|   2|           1|           1|
    |and_ln158_1_fu_2603_p2     |       and|   0|  0|   2|           1|           1|
    |and_ln158_2_fu_2615_p2     |       and|   0|  0|   2|           1|           1|
    |and_ln158_fu_2597_p2       |       and|   0|  0|   2|           1|           1|
    |and_ln162_fu_2680_p2       |       and|   0|  0|   2|           1|           1|
    |and_ln163_1_fu_2770_p2     |       and|   0|  0|   2|           1|           1|
    |and_ln163_2_fu_2782_p2     |       and|   0|  0|   2|           1|           1|
    |and_ln163_fu_2764_p2       |       and|   0|  0|   2|           1|           1|
    |and_ln167_1_fu_2361_p2     |       and|   0|  0|   2|           1|           1|
    |and_ln167_2_fu_2375_p2     |       and|   0|  0|   2|           1|           1|
    |and_ln167_3_fu_2399_p2     |       and|   0|  0|   2|           1|           1|
    |and_ln167_4_fu_2405_p2     |       and|   0|  0|   2|           1|           1|
    |and_ln167_5_fu_2423_p2     |       and|   0|  0|   2|           1|           1|
    |and_ln167_fu_2333_p2       |       and|   0|  0|   2|           1|           1|
    |and_ln172_1_fu_2897_p2     |       and|   0|  0|   2|           1|           1|
    |and_ln172_fu_2879_p2       |       and|   0|  0|   2|           1|           1|
    |and_ln175_1_fu_2988_p2     |       and|   0|  0|   2|           1|           1|
    |and_ln175_2_fu_3002_p2     |       and|   0|  0|   2|           1|           1|
    |and_ln175_3_fu_3026_p2     |       and|   0|  0|   2|           1|           1|
    |and_ln175_4_fu_3032_p2     |       and|   0|  0|   2|           1|           1|
    |and_ln175_5_fu_3050_p2     |       and|   0|  0|   2|           1|           1|
    |and_ln175_fu_2960_p2       |       and|   0|  0|   2|           1|           1|
    |and_ln178_1_fu_3126_p2     |       and|   0|  0|   2|           1|           1|
    |and_ln178_2_fu_3140_p2     |       and|   0|  0|   2|           1|           1|
    |and_ln178_3_fu_3164_p2     |       and|   0|  0|   2|           1|           1|
    |and_ln178_4_fu_3170_p2     |       and|   0|  0|   2|           1|           1|
    |and_ln178_5_fu_3188_p2     |       and|   0|  0|   2|           1|           1|
    |and_ln178_fu_3098_p2       |       and|   0|  0|   2|           1|           1|
    |and_ln181_fu_3416_p2       |       and|   0|  0|   2|           1|           1|
    |and_ln182_1_fu_3506_p2     |       and|   0|  0|   2|           1|           1|
    |and_ln182_2_fu_3518_p2     |       and|   0|  0|   2|           1|           1|
    |and_ln182_fu_3500_p2       |       and|   0|  0|   2|           1|           1|
    |and_ln186_fu_3583_p2       |       and|   0|  0|   2|           1|           1|
    |and_ln187_1_fu_3673_p2     |       and|   0|  0|   2|           1|           1|
    |and_ln187_2_fu_3685_p2     |       and|   0|  0|   2|           1|           1|
    |and_ln187_fu_3667_p2       |       and|   0|  0|   2|           1|           1|
    |and_ln191_1_fu_3264_p2     |       and|   0|  0|   2|           1|           1|
    |and_ln191_2_fu_3278_p2     |       and|   0|  0|   2|           1|           1|
    |and_ln191_3_fu_3302_p2     |       and|   0|  0|   2|           1|           1|
    |and_ln191_4_fu_3308_p2     |       and|   0|  0|   2|           1|           1|
    |and_ln191_5_fu_3326_p2     |       and|   0|  0|   2|           1|           1|
    |and_ln191_fu_3236_p2       |       and|   0|  0|   2|           1|           1|
    |grp_fu_811_p2              |      icmp|   0|  0|  22|          15|           2|
    |grp_fu_825_p2              |      icmp|   0|  0|  23|          16|           2|
    |grp_fu_831_p2              |      icmp|   0|  0|  23|          16|           1|
    |grp_fu_871_p2              |      icmp|   0|  0|  22|          15|           2|
    |grp_fu_885_p2              |      icmp|   0|  0|  23|          16|           2|
    |grp_fu_891_p2              |      icmp|   0|  0|  23|          16|           1|
    |grp_fu_931_p2              |      icmp|   0|  0|  22|          15|           2|
    |grp_fu_945_p2              |      icmp|   0|  0|  23|          16|           2|
    |grp_fu_951_p2              |      icmp|   0|  0|  23|          16|           1|
    |icmp_ln116_fu_965_p2       |      icmp|   0|  0|  16|           8|           9|
    |icmp_ln124_1_fu_1049_p2    |      icmp|   0|  0|   9|           2|           2|
    |icmp_ln124_2_fu_1055_p2    |      icmp|   0|  0|   9|           2|           1|
    |icmp_ln124_fu_1003_p2      |      icmp|   0|  0|  39|          32|           1|
    |icmp_ln134_1_fu_1676_p2    |      icmp|   0|  0|  12|           5|           1|
    |icmp_ln134_fu_1670_p2      |      icmp|   0|  0|  12|           5|           2|
    |icmp_ln139_1_fu_1843_p2    |      icmp|   0|  0|  12|           5|           1|
    |icmp_ln139_fu_1837_p2      |      icmp|   0|  0|  12|           5|           2|
    |icmp_ln148_1_fu_1952_p2    |      icmp|   0|  0|   9|           2|           2|
    |icmp_ln148_2_fu_1958_p2    |      icmp|   0|  0|   9|           2|           1|
    |icmp_ln148_fu_1908_p2      |      icmp|   0|  0|  39|          32|           1|
    |icmp_ln158_1_fu_2579_p2    |      icmp|   0|  0|  12|           5|           1|
    |icmp_ln158_fu_2573_p2      |      icmp|   0|  0|  12|           5|           2|
    |icmp_ln163_1_fu_2746_p2    |      icmp|   0|  0|  12|           5|           1|
    |icmp_ln163_fu_2740_p2      |      icmp|   0|  0|  12|           5|           2|
    |icmp_ln172_1_fu_2855_p2    |      icmp|   0|  0|   9|           2|           2|
    |icmp_ln172_2_fu_2861_p2    |      icmp|   0|  0|   9|           2|           1|
    |icmp_ln172_fu_2811_p2      |      icmp|   0|  0|  39|          32|           1|
    |icmp_ln182_1_fu_3482_p2    |      icmp|   0|  0|  12|           5|           1|
    |icmp_ln182_fu_3476_p2      |      icmp|   0|  0|  12|           5|           2|
    |icmp_ln187_1_fu_3649_p2    |      icmp|   0|  0|  12|           5|           1|
    |icmp_ln187_fu_3643_p2      |      icmp|   0|  0|  12|           5|           2|
    |or_ln124_1_fu_1085_p2      |        or|   0|  0|   2|           1|           1|
    |or_ln124_2_fu_1097_p2      |        or|   0|  0|   2|           1|           1|
    |or_ln124_fu_1061_p2        |        or|   0|  0|   2|           1|           1|
    |or_ln127_1_fu_1250_p2      |        or|   0|  0|   2|           1|           1|
    |or_ln127_2_fu_1232_p2      |        or|   0|  0|   2|           1|           1|
    |or_ln127_fu_1208_p2        |        or|   0|  0|   2|           1|           1|
    |or_ln130_1_fu_1388_p2      |        or|   0|  0|   2|           1|           1|
    |or_ln130_2_fu_1370_p2      |        or|   0|  0|   2|           1|           1|
    |or_ln130_fu_1346_p2        |        or|   0|  0|   2|           1|           1|
    |or_ln134_1_fu_1726_p2      |        or|   0|  0|   2|           1|           1|
    |or_ln134_fu_1682_p2        |        or|   0|  0|   2|           1|           1|
    |or_ln139_1_fu_1893_p2      |        or|   0|  0|   2|           1|           1|
    |or_ln139_fu_1849_p2        |        or|   0|  0|   2|           1|           1|
    |or_ln143_1_fu_1534_p2      |        or|   0|  0|   2|           1|           1|
    |or_ln143_2_fu_1508_p2      |        or|   0|  0|   2|           1|           1|
    |or_ln143_fu_1484_p2        |        or|   0|  0|   2|           1|           1|
    |or_ln148_1_fu_1988_p2      |        or|   0|  0|   2|           1|           1|
    |or_ln148_2_fu_2000_p2      |        or|   0|  0|   2|           1|           1|
    |or_ln148_fu_1964_p2        |        or|   0|  0|   2|           1|           1|
    |or_ln151_1_fu_2153_p2      |        or|   0|  0|   2|           1|           1|
    |or_ln151_2_fu_2135_p2      |        or|   0|  0|   2|           1|           1|
    |or_ln151_fu_2111_p2        |        or|   0|  0|   2|           1|           1|
    |or_ln154_1_fu_2291_p2      |        or|   0|  0|   2|           1|           1|
    |or_ln154_2_fu_2273_p2      |        or|   0|  0|   2|           1|           1|
    |or_ln154_fu_2249_p2        |        or|   0|  0|   2|           1|           1|
    |or_ln158_1_fu_2629_p2      |        or|   0|  0|   2|           1|           1|
    |or_ln158_fu_2585_p2        |        or|   0|  0|   2|           1|           1|
    |or_ln163_1_fu_2796_p2      |        or|   0|  0|   2|           1|           1|
    |or_ln163_fu_2752_p2        |        or|   0|  0|   2|           1|           1|
    |or_ln167_1_fu_2437_p2      |        or|   0|  0|   2|           1|           1|
    |or_ln167_2_fu_2411_p2      |        or|   0|  0|   2|           1|           1|
    |or_ln167_fu_2387_p2        |        or|   0|  0|   2|           1|           1|
    |or_ln172_1_fu_2891_p2      |        or|   0|  0|   2|           1|           1|
    |or_ln172_2_fu_2903_p2      |        or|   0|  0|   2|           1|           1|
    |or_ln172_fu_2867_p2        |        or|   0|  0|   2|           1|           1|
    |or_ln175_1_fu_3056_p2      |        or|   0|  0|   2|           1|           1|
    |or_ln175_2_fu_3038_p2      |        or|   0|  0|   2|           1|           1|
    |or_ln175_fu_3014_p2        |        or|   0|  0|   2|           1|           1|
    |or_ln178_1_fu_3194_p2      |        or|   0|  0|   2|           1|           1|
    |or_ln178_2_fu_3176_p2      |        or|   0|  0|   2|           1|           1|
    |or_ln178_fu_3152_p2        |        or|   0|  0|   2|           1|           1|
    |or_ln182_1_fu_3532_p2      |        or|   0|  0|   2|           1|           1|
    |or_ln182_fu_3488_p2        |        or|   0|  0|   2|           1|           1|
    |or_ln187_1_fu_3699_p2      |        or|   0|  0|   2|           1|           1|
    |or_ln187_fu_3655_p2        |        or|   0|  0|   2|           1|           1|
    |or_ln191_1_fu_3340_p2      |        or|   0|  0|   2|           1|           1|
    |or_ln191_2_fu_3314_p2      |        or|   0|  0|   2|           1|           1|
    |or_ln191_fu_3290_p2        |        or|   0|  0|   2|           1|           1|
    |select_ln124_fu_1103_p3    |    select|   0|  0|  33|           1|          31|
    |select_ln127_1_fu_1188_p3  |    select|   0|  0|   2|           1|           1|
    |select_ln127_2_fu_1548_p3  |    select|   0|  0|  33|           1|          31|
    |select_ln127_fu_1168_p3    |    select|   0|  0|   2|           1|           1|
    |select_ln130_1_fu_1326_p3  |    select|   0|  0|   2|           1|           1|
    |select_ln130_2_fu_1561_p3  |    select|   0|  0|  33|           1|          31|
    |select_ln130_fu_1306_p3    |    select|   0|  0|   2|           1|           1|
    |select_ln133_fu_1622_p3    |    select|   0|  0|  33|           1|          31|
    |select_ln134_fu_1718_p3    |    select|   0|  0|  33|           1|          31|
    |select_ln138_fu_1789_p3    |    select|   0|  0|  33|           1|          31|
    |select_ln139_fu_1885_p3    |    select|   0|  0|  33|           1|          31|
    |select_ln143_1_fu_1464_p3  |    select|   0|  0|   2|           1|           1|
    |select_ln143_2_fu_1526_p3  |    select|   0|  0|  33|           1|          31|
    |select_ln143_3_fu_1540_p3  |    select|   0|  0|  32|           1|          32|
    |select_ln143_fu_1444_p3    |    select|   0|  0|   2|           1|           1|
    |select_ln148_fu_2006_p3    |    select|   0|  0|  33|           1|          31|
    |select_ln151_1_fu_2091_p3  |    select|   0|  0|   2|           1|           1|
    |select_ln151_2_fu_2451_p3  |    select|   0|  0|  33|           1|          31|
    |select_ln151_fu_2071_p3    |    select|   0|  0|   2|           1|           1|
    |select_ln154_1_fu_2229_p3  |    select|   0|  0|   2|           1|           1|
    |select_ln154_2_fu_2464_p3  |    select|   0|  0|  33|           1|          31|
    |select_ln154_fu_2209_p3    |    select|   0|  0|   2|           1|           1|
    |select_ln157_fu_2525_p3    |    select|   0|  0|  33|           1|          31|
    |select_ln158_fu_2621_p3    |    select|   0|  0|  33|           1|          31|
    |select_ln162_fu_2692_p3    |    select|   0|  0|  33|           1|          31|
    |select_ln163_fu_2788_p3    |    select|   0|  0|  33|           1|          31|
    |select_ln167_1_fu_2367_p3  |    select|   0|  0|   2|           1|           1|
    |select_ln167_2_fu_2429_p3  |    select|   0|  0|  33|           1|          31|
    |select_ln167_3_fu_2443_p3  |    select|   0|  0|  32|           1|          32|
    |select_ln167_fu_2347_p3    |    select|   0|  0|   2|           1|           1|
    |select_ln172_fu_2909_p3    |    select|   0|  0|  33|           1|          31|
    |select_ln175_1_fu_2994_p3  |    select|   0|  0|   2|           1|           1|
    |select_ln175_2_fu_3354_p3  |    select|   0|  0|  33|           1|          31|
    |select_ln175_fu_2974_p3    |    select|   0|  0|   2|           1|           1|
    |select_ln178_1_fu_3132_p3  |    select|   0|  0|   2|           1|           1|
    |select_ln178_2_fu_3367_p3  |    select|   0|  0|  33|           1|          31|
    |select_ln178_fu_3112_p3    |    select|   0|  0|   2|           1|           1|
    |select_ln181_fu_3428_p3    |    select|   0|  0|  33|           1|          31|
    |select_ln182_fu_3524_p3    |    select|   0|  0|  33|           1|          31|
    |select_ln186_fu_3595_p3    |    select|   0|  0|  33|           1|          31|
    |select_ln187_fu_3691_p3    |    select|   0|  0|  33|           1|          31|
    |select_ln191_1_fu_3270_p3  |    select|   0|  0|   2|           1|           1|
    |select_ln191_2_fu_3332_p3  |    select|   0|  0|  33|           1|          31|
    |select_ln191_3_fu_3346_p3  |    select|   0|  0|  32|           1|          32|
    |select_ln191_fu_3250_p3    |    select|   0|  0|   2|           1|           1|
    |v0_ndc_x_fu_1555_p3        |    select|   0|  0|  32|           1|          32|
    |v0_ndc_y_fu_1568_p3        |    select|   0|  0|  32|           1|          32|
    |v0_scr_x_1_fu_1732_p3      |    select|   0|  0|  32|           1|          32|
    |v0_scr_x_fu_1630_p3        |    select|   0|  0|  32|           1|          32|
    |v0_scr_y_1_fu_1899_p3      |    select|   0|  0|  32|           1|          32|
    |v0_scr_y_fu_1797_p3        |    select|   0|  0|  32|           1|          32|
    |v1_ndc_x_fu_2458_p3        |    select|   0|  0|  32|           1|          32|
    |v1_ndc_y_fu_2471_p3        |    select|   0|  0|  32|           1|          32|
    |v1_scr_x_1_fu_2635_p3      |    select|   0|  0|  32|           1|          32|
    |v1_scr_x_fu_2533_p3        |    select|   0|  0|  32|           1|          32|
    |v1_scr_y_1_fu_2802_p3      |    select|   0|  0|  32|           1|          32|
    |v1_scr_y_fu_2700_p3        |    select|   0|  0|  32|           1|          32|
    |v2_ndc_x_fu_3361_p3        |    select|   0|  0|  32|           1|          32|
    |v2_ndc_y_fu_3374_p3        |    select|   0|  0|  32|           1|          32|
    |v2_scr_x_1_fu_3538_p3      |    select|   0|  0|  32|           1|          32|
    |v2_scr_x_fu_3436_p3        |    select|   0|  0|  32|           1|          32|
    |v2_scr_y_1_fu_3705_p3      |    select|   0|  0|  32|           1|          32|
    |v2_scr_y_fu_3603_p3        |    select|   0|  0|  32|           1|          32|
    |xor_ln124_1_fu_1079_p2     |       xor|   0|  0|   2|           1|           2|
    |xor_ln124_fu_1067_p2       |       xor|   0|  0|   2|           1|           2|
    |xor_ln127_1_fu_1176_p2     |       xor|   0|  0|   2|           1|           2|
    |xor_ln127_2_fu_1202_p2     |       xor|   0|  0|   2|           1|           2|
    |xor_ln127_3_fu_1214_p2     |       xor|   0|  0|   2|           1|           2|
    |xor_ln127_4_fu_1238_p2     |       xor|   0|  0|   2|           1|           2|
    |xor_ln127_fu_1148_p2       |       xor|   0|  0|   2|           1|           2|
    |xor_ln130_1_fu_1314_p2     |       xor|   0|  0|   2|           1|           2|
    |xor_ln130_2_fu_1340_p2     |       xor|   0|  0|   2|           1|           2|
    |xor_ln130_3_fu_1352_p2     |       xor|   0|  0|   2|           1|           2|
    |xor_ln130_4_fu_1376_p2     |       xor|   0|  0|   2|           1|           2|
    |xor_ln130_fu_1286_p2       |       xor|   0|  0|   2|           1|           2|
    |xor_ln133_1_fu_1616_p2     |       xor|   0|  0|   2|           1|           1|
    |xor_ln133_fu_1604_p2       |       xor|   0|  0|   2|           1|           2|
    |xor_ln134_1_fu_1706_p2     |       xor|   0|  0|   2|           2|           1|
    |xor_ln134_fu_1688_p2       |       xor|   0|  0|   2|           1|           2|
    |xor_ln138_1_fu_1783_p2     |       xor|   0|  0|   2|           1|           1|
    |xor_ln138_fu_1771_p2       |       xor|   0|  0|   2|           1|           2|
    |xor_ln139_1_fu_1873_p2     |       xor|   0|  0|   2|           2|           1|
    |xor_ln139_fu_1855_p2       |       xor|   0|  0|   2|           1|           2|
    |xor_ln143_1_fu_1452_p2     |       xor|   0|  0|   2|           1|           2|
    |xor_ln143_2_fu_1478_p2     |       xor|   0|  0|   2|           1|           2|
    |xor_ln143_3_fu_1490_p2     |       xor|   0|  0|   2|           1|           2|
    |xor_ln143_4_fu_1514_p2     |       xor|   0|  0|   2|           1|           2|
    |xor_ln143_fu_1424_p2       |       xor|   0|  0|   2|           1|           2|
    |xor_ln148_1_fu_1982_p2     |       xor|   0|  0|   2|           1|           2|
    |xor_ln148_fu_1970_p2       |       xor|   0|  0|   2|           1|           2|
    |xor_ln151_1_fu_2079_p2     |       xor|   0|  0|   2|           1|           2|
    |xor_ln151_2_fu_2105_p2     |       xor|   0|  0|   2|           1|           2|
    |xor_ln151_3_fu_2117_p2     |       xor|   0|  0|   2|           1|           2|
    |xor_ln151_4_fu_2141_p2     |       xor|   0|  0|   2|           1|           2|
    |xor_ln151_fu_2051_p2       |       xor|   0|  0|   2|           1|           2|
    |xor_ln154_1_fu_2217_p2     |       xor|   0|  0|   2|           1|           2|
    |xor_ln154_2_fu_2243_p2     |       xor|   0|  0|   2|           1|           2|
    |xor_ln154_3_fu_2255_p2     |       xor|   0|  0|   2|           1|           2|
    |xor_ln154_4_fu_2279_p2     |       xor|   0|  0|   2|           1|           2|
    |xor_ln154_fu_2189_p2       |       xor|   0|  0|   2|           1|           2|
    |xor_ln157_1_fu_2519_p2     |       xor|   0|  0|   2|           1|           1|
    |xor_ln157_fu_2507_p2       |       xor|   0|  0|   2|           1|           2|
    |xor_ln158_1_fu_2609_p2     |       xor|   0|  0|   2|           2|           1|
    |xor_ln158_fu_2591_p2       |       xor|   0|  0|   2|           1|           2|
    |xor_ln162_1_fu_2686_p2     |       xor|   0|  0|   2|           1|           1|
    |xor_ln162_fu_2674_p2       |       xor|   0|  0|   2|           1|           2|
    |xor_ln163_1_fu_2776_p2     |       xor|   0|  0|   2|           2|           1|
    |xor_ln163_fu_2758_p2       |       xor|   0|  0|   2|           1|           2|
    |xor_ln167_1_fu_2355_p2     |       xor|   0|  0|   2|           1|           2|
    |xor_ln167_2_fu_2381_p2     |       xor|   0|  0|   2|           1|           2|
    |xor_ln167_3_fu_2393_p2     |       xor|   0|  0|   2|           1|           2|
    |xor_ln167_4_fu_2417_p2     |       xor|   0|  0|   2|           1|           2|
    |xor_ln167_fu_2327_p2       |       xor|   0|  0|   2|           1|           2|
    |xor_ln172_1_fu_2885_p2     |       xor|   0|  0|   2|           1|           2|
    |xor_ln172_fu_2873_p2       |       xor|   0|  0|   2|           1|           2|
    |xor_ln175_1_fu_2982_p2     |       xor|   0|  0|   2|           1|           2|
    |xor_ln175_2_fu_3008_p2     |       xor|   0|  0|   2|           1|           2|
    |xor_ln175_3_fu_3020_p2     |       xor|   0|  0|   2|           1|           2|
    |xor_ln175_4_fu_3044_p2     |       xor|   0|  0|   2|           1|           2|
    |xor_ln175_fu_2954_p2       |       xor|   0|  0|   2|           1|           2|
    |xor_ln178_1_fu_3120_p2     |       xor|   0|  0|   2|           1|           2|
    |xor_ln178_2_fu_3146_p2     |       xor|   0|  0|   2|           1|           2|
    |xor_ln178_3_fu_3158_p2     |       xor|   0|  0|   2|           1|           2|
    |xor_ln178_4_fu_3182_p2     |       xor|   0|  0|   2|           1|           2|
    |xor_ln178_fu_3092_p2       |       xor|   0|  0|   2|           1|           2|
    |xor_ln181_1_fu_3422_p2     |       xor|   0|  0|   2|           1|           1|
    |xor_ln181_fu_3410_p2       |       xor|   0|  0|   2|           1|           2|
    |xor_ln182_1_fu_3512_p2     |       xor|   0|  0|   2|           2|           1|
    |xor_ln182_fu_3494_p2       |       xor|   0|  0|   2|           1|           2|
    |xor_ln186_1_fu_3589_p2     |       xor|   0|  0|   2|           1|           1|
    |xor_ln186_fu_3577_p2       |       xor|   0|  0|   2|           1|           2|
    |xor_ln187_1_fu_3679_p2     |       xor|   0|  0|   2|           2|           1|
    |xor_ln187_fu_3661_p2       |       xor|   0|  0|   2|           1|           2|
    |xor_ln191_1_fu_3258_p2     |       xor|   0|  0|   2|           1|           2|
    |xor_ln191_2_fu_3284_p2     |       xor|   0|  0|   2|           1|           2|
    |xor_ln191_3_fu_3296_p2     |       xor|   0|  0|   2|           1|           2|
    |xor_ln191_4_fu_3320_p2     |       xor|   0|  0|   2|           1|           2|
    |xor_ln191_fu_3230_p2       |       xor|   0|  0|   2|           1|           2|
    +---------------------------+----------+----+---+----+------------+------------+
    |Total                      |          |   0|  0|3055|        1039|        2197|
    +---------------------------+----------+----+---+----+------------+------------+

    * Multiplexer: 
    +---------------------------------+-----+-----------+-----+-----------+
    |               Name              | LUT | Input Size| Bits| Total Bits|
    +---------------------------------+-----+-----------+-----+-----------+
    |ap_NS_fsm                        |  623|        121|    1|        121|
    |grp_fu_765_p0                    |   20|          4|   32|        128|
    |grp_fu_765_p1                    |   20|          4|   32|        128|
    |grp_fu_769_p0                    |   20|          4|   32|        128|
    |grp_fu_769_p1                    |   20|          4|   32|        128|
    |grp_fu_773_p0                    |   20|          4|   32|        128|
    |grp_fu_773_p1                    |   20|          4|   32|        128|
    |i_fu_170                         |    9|          2|    8|         16|
    |screen_tris_v0_x_address0_local  |   14|          3|    7|         21|
    |screen_tris_v0_x_d0_local        |   14|          3|   32|         96|
    |screen_tris_v0_y_address0_local  |   14|          3|    7|         21|
    |screen_tris_v0_y_d0_local        |   14|          3|   32|         96|
    |screen_tris_v0_z_address0_local  |   14|          3|    7|         21|
    |screen_tris_v0_z_d0_local        |   14|          3|   32|         96|
    |screen_tris_v1_x_address0_local  |   14|          3|    7|         21|
    |screen_tris_v1_x_d0_local        |   14|          3|   32|         96|
    |screen_tris_v1_y_address0_local  |   14|          3|    7|         21|
    |screen_tris_v1_y_d0_local        |   14|          3|   32|         96|
    |screen_tris_v1_z_address0_local  |   14|          3|    7|         21|
    |screen_tris_v1_z_d0_local        |   14|          3|   32|         96|
    |screen_tris_v2_x_address0_local  |   14|          3|    7|         21|
    |screen_tris_v2_x_d0_local        |   14|          3|   32|         96|
    |screen_tris_v2_y_address0_local  |   14|          3|    7|         21|
    |screen_tris_v2_y_d0_local        |   14|          3|   32|         96|
    |screen_tris_v2_z_address0_local  |   14|          3|    7|         21|
    |screen_tris_v2_z_d0_local        |   14|          3|   32|         96|
    |v0_w_inv_reg_726                 |   14|          3|   32|         96|
    |v1_w_inv_reg_739                 |   14|          3|   32|         96|
    |v2_w_inv_reg_752                 |   14|          3|   32|         96|
    +---------------------------------+-----+-----------+-----+-----------+
    |Total                            | 1046|        210|  648|       2246|
    +---------------------------------+-----+-----------+-----+-----------+

    * Register: 
    +-----------------------------------+-----+----+-----+-----------+
    |                Name               |  FF | LUT| Bits| Const Bits|
    +-----------------------------------+-----+----+-----+-----------+
    |add_ln116_reg_3728                 |    8|   0|    8|          0|
    |add_ln127_reg_3993                 |   32|   0|   32|          0|
    |add_ln130_reg_4008                 |   32|   0|   32|          0|
    |add_ln151_reg_4049                 |   32|   0|   32|          0|
    |add_ln154_reg_4064                 |   32|   0|   32|          0|
    |add_ln175_reg_4105                 |   32|   0|   32|          0|
    |add_ln178_reg_4120                 |   32|   0|   32|          0|
    |and_ln127_3_reg_3998               |    1|   0|    1|          0|
    |and_ln130_3_reg_4013               |    1|   0|    1|          0|
    |and_ln151_3_reg_4054               |    1|   0|    1|          0|
    |and_ln154_3_reg_4069               |    1|   0|    1|          0|
    |and_ln175_3_reg_4110               |    1|   0|    1|          0|
    |and_ln178_3_reg_4125               |    1|   0|    1|          0|
    |ap_CS_fsm                          |  120|   0|  120|          0|
    |clip_tris_is_active_load_reg_3968  |    1|   0|    1|          0|
    |clip_tris_v0_x_load_reg_3911       |   32|   0|   32|          0|
    |clip_tris_v0_y_load_reg_3916       |   32|   0|   32|          0|
    |clip_tris_v0_z_load_reg_3921       |   32|   0|   32|          0|
    |clip_tris_v1_w_load_reg_3941       |   32|   0|   32|          0|
    |clip_tris_v1_x_load_reg_3926       |   32|   0|   32|          0|
    |clip_tris_v1_y_load_reg_3931       |   32|   0|   32|          0|
    |clip_tris_v1_z_load_reg_3936       |   32|   0|   32|          0|
    |clip_tris_v2_w_load_reg_3962       |   32|   0|   32|          0|
    |clip_tris_v2_x_load_reg_3947       |   32|   0|   32|          0|
    |clip_tris_v2_y_load_reg_3952       |   32|   0|   32|          0|
    |clip_tris_v2_z_load_reg_3957       |   32|   0|   32|          0|
    |i_fu_170                           |    8|   0|    8|          0|
    |or_ln127_1_reg_4003                |    1|   0|    1|          0|
    |or_ln130_1_reg_4018                |    1|   0|    1|          0|
    |or_ln151_1_reg_4059                |    1|   0|    1|          0|
    |or_ln154_1_reg_4074                |    1|   0|    1|          0|
    |or_ln175_1_reg_4115                |    1|   0|    1|          0|
    |or_ln178_1_reg_4130                |    1|   0|    1|          0|
    |screen_tris_v0_x_addr_reg_3866     |    7|   0|    7|          0|
    |screen_tris_v0_y_addr_reg_3871     |    7|   0|    7|          0|
    |screen_tris_v0_z_addr_reg_3876     |    7|   0|    7|          0|
    |screen_tris_v1_x_addr_reg_3881     |    7|   0|    7|          0|
    |screen_tris_v1_y_addr_reg_3886     |    7|   0|    7|          0|
    |screen_tris_v1_z_addr_reg_3891     |    7|   0|    7|          0|
    |screen_tris_v2_x_addr_reg_3896     |    7|   0|    7|          0|
    |screen_tris_v2_y_addr_reg_3901     |    7|   0|    7|          0|
    |screen_tris_v2_z_addr_reg_3906     |    7|   0|    7|          0|
    |select_ln143_3_reg_4023            |   32|   0|   32|          0|
    |select_ln167_3_reg_4079            |   32|   0|   32|          0|
    |select_ln191_3_reg_4135            |   32|   0|   32|          0|
    |v0_w_inv_reg_726                   |   32|   0|   32|          0|
    |v1_w_inv_reg_739                   |   32|   0|   32|          0|
    |v2_w_inv_reg_752                   |   32|   0|   32|          0|
    |zext_ln116_reg_3733                |    8|   0|   64|         56|
    +-----------------------------------+-----+----+-----+-----------+
    |Total                              |  956|   0| 1012|         56|
    +-----------------------------------+-----+----+-----+-----------+



================================================================
== Interface
================================================================
* Summary: 
+--------------------------------+-----+-----+------------+-----------------------+--------------+
|            RTL Ports           | Dir | Bits|  Protocol  |     Source Object     |    C Type    |
+--------------------------------+-----+-----+------------+-----------------------+--------------+
|ap_clk                          |   in|    1|  ap_ctrl_hs|  k2_perspective_divide|  return value|
|ap_rst                          |   in|    1|  ap_ctrl_hs|  k2_perspective_divide|  return value|
|ap_start                        |   in|    1|  ap_ctrl_hs|  k2_perspective_divide|  return value|
|ap_done                         |  out|    1|  ap_ctrl_hs|  k2_perspective_divide|  return value|
|ap_idle                         |  out|    1|  ap_ctrl_hs|  k2_perspective_divide|  return value|
|ap_ready                        |  out|    1|  ap_ctrl_hs|  k2_perspective_divide|  return value|
|clip_tris_v0_x_address0         |  out|    7|   ap_memory|         clip_tris_v0_x|         array|
|clip_tris_v0_x_ce0              |  out|    1|   ap_memory|         clip_tris_v0_x|         array|
|clip_tris_v0_x_q0               |   in|   32|   ap_memory|         clip_tris_v0_x|         array|
|clip_tris_v0_y_address0         |  out|    7|   ap_memory|         clip_tris_v0_y|         array|
|clip_tris_v0_y_ce0              |  out|    1|   ap_memory|         clip_tris_v0_y|         array|
|clip_tris_v0_y_q0               |   in|   32|   ap_memory|         clip_tris_v0_y|         array|
|clip_tris_v0_z_address0         |  out|    7|   ap_memory|         clip_tris_v0_z|         array|
|clip_tris_v0_z_ce0              |  out|    1|   ap_memory|         clip_tris_v0_z|         array|
|clip_tris_v0_z_q0               |   in|   32|   ap_memory|         clip_tris_v0_z|         array|
|clip_tris_v0_w_address0         |  out|    7|   ap_memory|         clip_tris_v0_w|         array|
|clip_tris_v0_w_ce0              |  out|    1|   ap_memory|         clip_tris_v0_w|         array|
|clip_tris_v0_w_q0               |   in|   32|   ap_memory|         clip_tris_v0_w|         array|
|clip_tris_v1_x_address0         |  out|    7|   ap_memory|         clip_tris_v1_x|         array|
|clip_tris_v1_x_ce0              |  out|    1|   ap_memory|         clip_tris_v1_x|         array|
|clip_tris_v1_x_q0               |   in|   32|   ap_memory|         clip_tris_v1_x|         array|
|clip_tris_v1_y_address0         |  out|    7|   ap_memory|         clip_tris_v1_y|         array|
|clip_tris_v1_y_ce0              |  out|    1|   ap_memory|         clip_tris_v1_y|         array|
|clip_tris_v1_y_q0               |   in|   32|   ap_memory|         clip_tris_v1_y|         array|
|clip_tris_v1_z_address0         |  out|    7|   ap_memory|         clip_tris_v1_z|         array|
|clip_tris_v1_z_ce0              |  out|    1|   ap_memory|         clip_tris_v1_z|         array|
|clip_tris_v1_z_q0               |   in|   32|   ap_memory|         clip_tris_v1_z|         array|
|clip_tris_v1_w_address0         |  out|    7|   ap_memory|         clip_tris_v1_w|         array|
|clip_tris_v1_w_ce0              |  out|    1|   ap_memory|         clip_tris_v1_w|         array|
|clip_tris_v1_w_q0               |   in|   32|   ap_memory|         clip_tris_v1_w|         array|
|clip_tris_v2_x_address0         |  out|    7|   ap_memory|         clip_tris_v2_x|         array|
|clip_tris_v2_x_ce0              |  out|    1|   ap_memory|         clip_tris_v2_x|         array|
|clip_tris_v2_x_q0               |   in|   32|   ap_memory|         clip_tris_v2_x|         array|
|clip_tris_v2_y_address0         |  out|    7|   ap_memory|         clip_tris_v2_y|         array|
|clip_tris_v2_y_ce0              |  out|    1|   ap_memory|         clip_tris_v2_y|         array|
|clip_tris_v2_y_q0               |   in|   32|   ap_memory|         clip_tris_v2_y|         array|
|clip_tris_v2_z_address0         |  out|    7|   ap_memory|         clip_tris_v2_z|         array|
|clip_tris_v2_z_ce0              |  out|    1|   ap_memory|         clip_tris_v2_z|         array|
|clip_tris_v2_z_q0               |   in|   32|   ap_memory|         clip_tris_v2_z|         array|
|clip_tris_v2_w_address0         |  out|    7|   ap_memory|         clip_tris_v2_w|         array|
|clip_tris_v2_w_ce0              |  out|    1|   ap_memory|         clip_tris_v2_w|         array|
|clip_tris_v2_w_q0               |   in|   32|   ap_memory|         clip_tris_v2_w|         array|
|clip_tris_n0_x_address0         |  out|    7|   ap_memory|         clip_tris_n0_x|         array|
|clip_tris_n0_x_ce0              |  out|    1|   ap_memory|         clip_tris_n0_x|         array|
|clip_tris_n0_x_q0               |   in|   32|   ap_memory|         clip_tris_n0_x|         array|
|clip_tris_n0_y_address0         |  out|    7|   ap_memory|         clip_tris_n0_y|         array|
|clip_tris_n0_y_ce0              |  out|    1|   ap_memory|         clip_tris_n0_y|         array|
|clip_tris_n0_y_q0               |   in|   32|   ap_memory|         clip_tris_n0_y|         array|
|clip_tris_n0_z_address0         |  out|    7|   ap_memory|         clip_tris_n0_z|         array|
|clip_tris_n0_z_ce0              |  out|    1|   ap_memory|         clip_tris_n0_z|         array|
|clip_tris_n0_z_q0               |   in|   32|   ap_memory|         clip_tris_n0_z|         array|
|clip_tris_n1_x_address0         |  out|    7|   ap_memory|         clip_tris_n1_x|         array|
|clip_tris_n1_x_ce0              |  out|    1|   ap_memory|         clip_tris_n1_x|         array|
|clip_tris_n1_x_q0               |   in|   32|   ap_memory|         clip_tris_n1_x|         array|
|clip_tris_n1_y_address0         |  out|    7|   ap_memory|         clip_tris_n1_y|         array|
|clip_tris_n1_y_ce0              |  out|    1|   ap_memory|         clip_tris_n1_y|         array|
|clip_tris_n1_y_q0               |   in|   32|   ap_memory|         clip_tris_n1_y|         array|
|clip_tris_n1_z_address0         |  out|    7|   ap_memory|         clip_tris_n1_z|         array|
|clip_tris_n1_z_ce0              |  out|    1|   ap_memory|         clip_tris_n1_z|         array|
|clip_tris_n1_z_q0               |   in|   32|   ap_memory|         clip_tris_n1_z|         array|
|clip_tris_n2_x_address0         |  out|    7|   ap_memory|         clip_tris_n2_x|         array|
|clip_tris_n2_x_ce0              |  out|    1|   ap_memory|         clip_tris_n2_x|         array|
|clip_tris_n2_x_q0               |   in|   32|   ap_memory|         clip_tris_n2_x|         array|
|clip_tris_n2_y_address0         |  out|    7|   ap_memory|         clip_tris_n2_y|         array|
|clip_tris_n2_y_ce0              |  out|    1|   ap_memory|         clip_tris_n2_y|         array|
|clip_tris_n2_y_q0               |   in|   32|   ap_memory|         clip_tris_n2_y|         array|
|clip_tris_n2_z_address0         |  out|    7|   ap_memory|         clip_tris_n2_z|         array|
|clip_tris_n2_z_ce0              |  out|    1|   ap_memory|         clip_tris_n2_z|         array|
|clip_tris_n2_z_q0               |   in|   32|   ap_memory|         clip_tris_n2_z|         array|
|clip_tris_is_active_address0    |  out|    7|   ap_memory|    clip_tris_is_active|         array|
|clip_tris_is_active_ce0         |  out|    1|   ap_memory|    clip_tris_is_active|         array|
|clip_tris_is_active_q0          |   in|    1|   ap_memory|    clip_tris_is_active|         array|
|screen_tris_v0_x_address0       |  out|    7|   ap_memory|       screen_tris_v0_x|         array|
|screen_tris_v0_x_ce0            |  out|    1|   ap_memory|       screen_tris_v0_x|         array|
|screen_tris_v0_x_we0            |  out|    1|   ap_memory|       screen_tris_v0_x|         array|
|screen_tris_v0_x_d0             |  out|   32|   ap_memory|       screen_tris_v0_x|         array|
|screen_tris_v0_y_address0       |  out|    7|   ap_memory|       screen_tris_v0_y|         array|
|screen_tris_v0_y_ce0            |  out|    1|   ap_memory|       screen_tris_v0_y|         array|
|screen_tris_v0_y_we0            |  out|    1|   ap_memory|       screen_tris_v0_y|         array|
|screen_tris_v0_y_d0             |  out|   32|   ap_memory|       screen_tris_v0_y|         array|
|screen_tris_v0_z_address0       |  out|    7|   ap_memory|       screen_tris_v0_z|         array|
|screen_tris_v0_z_ce0            |  out|    1|   ap_memory|       screen_tris_v0_z|         array|
|screen_tris_v0_z_we0            |  out|    1|   ap_memory|       screen_tris_v0_z|         array|
|screen_tris_v0_z_d0             |  out|   32|   ap_memory|       screen_tris_v0_z|         array|
|screen_tris_v1_x_address0       |  out|    7|   ap_memory|       screen_tris_v1_x|         array|
|screen_tris_v1_x_ce0            |  out|    1|   ap_memory|       screen_tris_v1_x|         array|
|screen_tris_v1_x_we0            |  out|    1|   ap_memory|       screen_tris_v1_x|         array|
|screen_tris_v1_x_d0             |  out|   32|   ap_memory|       screen_tris_v1_x|         array|
|screen_tris_v1_y_address0       |  out|    7|   ap_memory|       screen_tris_v1_y|         array|
|screen_tris_v1_y_ce0            |  out|    1|   ap_memory|       screen_tris_v1_y|         array|
|screen_tris_v1_y_we0            |  out|    1|   ap_memory|       screen_tris_v1_y|         array|
|screen_tris_v1_y_d0             |  out|   32|   ap_memory|       screen_tris_v1_y|         array|
|screen_tris_v1_z_address0       |  out|    7|   ap_memory|       screen_tris_v1_z|         array|
|screen_tris_v1_z_ce0            |  out|    1|   ap_memory|       screen_tris_v1_z|         array|
|screen_tris_v1_z_we0            |  out|    1|   ap_memory|       screen_tris_v1_z|         array|
|screen_tris_v1_z_d0             |  out|   32|   ap_memory|       screen_tris_v1_z|         array|
|screen_tris_v2_x_address0       |  out|    7|   ap_memory|       screen_tris_v2_x|         array|
|screen_tris_v2_x_ce0            |  out|    1|   ap_memory|       screen_tris_v2_x|         array|
|screen_tris_v2_x_we0            |  out|    1|   ap_memory|       screen_tris_v2_x|         array|
|screen_tris_v2_x_d0             |  out|   32|   ap_memory|       screen_tris_v2_x|         array|
|screen_tris_v2_y_address0       |  out|    7|   ap_memory|       screen_tris_v2_y|         array|
|screen_tris_v2_y_ce0            |  out|    1|   ap_memory|       screen_tris_v2_y|         array|
|screen_tris_v2_y_we0            |  out|    1|   ap_memory|       screen_tris_v2_y|         array|
|screen_tris_v2_y_d0             |  out|   32|   ap_memory|       screen_tris_v2_y|         array|
|screen_tris_v2_z_address0       |  out|    7|   ap_memory|       screen_tris_v2_z|         array|
|screen_tris_v2_z_ce0            |  out|    1|   ap_memory|       screen_tris_v2_z|         array|
|screen_tris_v2_z_we0            |  out|    1|   ap_memory|       screen_tris_v2_z|         array|
|screen_tris_v2_z_d0             |  out|   32|   ap_memory|       screen_tris_v2_z|         array|
|screen_tris_n0_x_address0       |  out|    7|   ap_memory|       screen_tris_n0_x|         array|
|screen_tris_n0_x_ce0            |  out|    1|   ap_memory|       screen_tris_n0_x|         array|
|screen_tris_n0_x_we0            |  out|    1|   ap_memory|       screen_tris_n0_x|         array|
|screen_tris_n0_x_d0             |  out|   32|   ap_memory|       screen_tris_n0_x|         array|
|screen_tris_n0_y_address0       |  out|    7|   ap_memory|       screen_tris_n0_y|         array|
|screen_tris_n0_y_ce0            |  out|    1|   ap_memory|       screen_tris_n0_y|         array|
|screen_tris_n0_y_we0            |  out|    1|   ap_memory|       screen_tris_n0_y|         array|
|screen_tris_n0_y_d0             |  out|   32|   ap_memory|       screen_tris_n0_y|         array|
|screen_tris_n0_z_address0       |  out|    7|   ap_memory|       screen_tris_n0_z|         array|
|screen_tris_n0_z_ce0            |  out|    1|   ap_memory|       screen_tris_n0_z|         array|
|screen_tris_n0_z_we0            |  out|    1|   ap_memory|       screen_tris_n0_z|         array|
|screen_tris_n0_z_d0             |  out|   32|   ap_memory|       screen_tris_n0_z|         array|
|screen_tris_n1_x_address0       |  out|    7|   ap_memory|       screen_tris_n1_x|         array|
|screen_tris_n1_x_ce0            |  out|    1|   ap_memory|       screen_tris_n1_x|         array|
|screen_tris_n1_x_we0            |  out|    1|   ap_memory|       screen_tris_n1_x|         array|
|screen_tris_n1_x_d0             |  out|   32|   ap_memory|       screen_tris_n1_x|         array|
|screen_tris_n1_y_address0       |  out|    7|   ap_memory|       screen_tris_n1_y|         array|
|screen_tris_n1_y_ce0            |  out|    1|   ap_memory|       screen_tris_n1_y|         array|
|screen_tris_n1_y_we0            |  out|    1|   ap_memory|       screen_tris_n1_y|         array|
|screen_tris_n1_y_d0             |  out|   32|   ap_memory|       screen_tris_n1_y|         array|
|screen_tris_n1_z_address0       |  out|    7|   ap_memory|       screen_tris_n1_z|         array|
|screen_tris_n1_z_ce0            |  out|    1|   ap_memory|       screen_tris_n1_z|         array|
|screen_tris_n1_z_we0            |  out|    1|   ap_memory|       screen_tris_n1_z|         array|
|screen_tris_n1_z_d0             |  out|   32|   ap_memory|       screen_tris_n1_z|         array|
|screen_tris_n2_x_address0       |  out|    7|   ap_memory|       screen_tris_n2_x|         array|
|screen_tris_n2_x_ce0            |  out|    1|   ap_memory|       screen_tris_n2_x|         array|
|screen_tris_n2_x_we0            |  out|    1|   ap_memory|       screen_tris_n2_x|         array|
|screen_tris_n2_x_d0             |  out|   32|   ap_memory|       screen_tris_n2_x|         array|
|screen_tris_n2_y_address0       |  out|    7|   ap_memory|       screen_tris_n2_y|         array|
|screen_tris_n2_y_ce0            |  out|    1|   ap_memory|       screen_tris_n2_y|         array|
|screen_tris_n2_y_we0            |  out|    1|   ap_memory|       screen_tris_n2_y|         array|
|screen_tris_n2_y_d0             |  out|   32|   ap_memory|       screen_tris_n2_y|         array|
|screen_tris_n2_z_address0       |  out|    7|   ap_memory|       screen_tris_n2_z|         array|
|screen_tris_n2_z_ce0            |  out|    1|   ap_memory|       screen_tris_n2_z|         array|
|screen_tris_n2_z_we0            |  out|    1|   ap_memory|       screen_tris_n2_z|         array|
|screen_tris_n2_z_d0             |  out|   32|   ap_memory|       screen_tris_n2_z|         array|
|screen_tris_is_active_address0  |  out|    7|   ap_memory|  screen_tris_is_active|         array|
|screen_tris_is_active_ce0       |  out|    1|   ap_memory|  screen_tris_is_active|         array|
|screen_tris_is_active_we0       |  out|    1|   ap_memory|  screen_tris_is_active|         array|
|screen_tris_is_active_d0        |  out|    1|   ap_memory|  screen_tris_is_active|         array|
+--------------------------------+-----+-----+------------+-----------------------+--------------+

