

================================================================
== Vitis HLS Report for 'k3_bounding_box'
================================================================
* Date:           Mon Mar 30 23:31:10 2026

* Version:        2025.1.1 (Build 6214317 on Sep 11 2025)
* Project:        project_1
* Solution:       hls (Vivado IP Flow Target)
* Product family: zynquplus
* Target device:  xczu3eg-sbva484-1-e


================================================================
== Performance Estimates
================================================================
+ Timing: 
    * Summary: 
    +--------+----------+----------+------------+
    |  Clock |  Target  | Estimated| Uncertainty|
    +--------+----------+----------+------------+
    |ap_clk  |  10.00 ns|  6.644 ns|     2.70 ns|
    +--------+----------+----------+------------+

+ Latency: 
    * Summary: 
    +---------+---------+----------+----------+-----+-----+------------------------------------------------+
    |  Latency (cycles) |  Latency (absolute) |  Interval |                    Pipeline                    |
    |   min   |   max   |    min   |    max   | min | max |                      Type                      |
    +---------+---------+----------+----------+-----+-----+------------------------------------------------+
    |      132|      132|  1.320 us|  1.320 us|  129|  129|  loop auto-rewind stp (delay=0 clock cycles(s))|
    +---------+---------+----------+----------+-----+-----+------------------------------------------------+

    + Detail: 
        * Instance: 
        N/A

        * Loop: 
        +-------------------+---------+---------+----------+-----------+-----------+------+----------+
        |                   |  Latency (cycles) | Iteration|  Initiation Interval  | Trip |          |
        |     Loop Name     |   min   |   max   |  Latency |  achieved |   target  | Count| Pipelined|
        +-------------------+---------+---------+----------+-----------+-----------+------+----------+
        |- VITIS_LOOP_75_1  |      130|      130|         4|          1|          1|   128|       yes|
        +-------------------+---------+---------+----------+-----------+-----------+------+----------+



================================================================
== Utilization Estimates
================================================================
* Summary: 
+-----------------+---------+-----+--------+-------+-----+
|       Name      | BRAM_18K| DSP |   FF   |  LUT  | URAM|
+-----------------+---------+-----+--------+-------+-----+
|DSP              |        -|    -|       -|      -|    -|
|Expression       |        -|    -|       0|    841|    -|
|FIFO             |        -|    -|       -|      -|    -|
|Instance         |        -|    -|       0|     18|    -|
|Memory           |        -|    -|       -|      -|    -|
|Multiplexer      |        -|    -|       0|     36|    -|
|Register         |        -|    -|     121|     32|    -|
+-----------------+---------+-----+--------+-------+-----+
|Total            |        0|    0|     121|    927|    0|
+-----------------+---------+-----+--------+-------+-----+
|Available        |      432|  360|  141120|  70560|    0|
+-----------------+---------+-----+--------+-------+-----+
|Utilization (%)  |        0|    0|      ~0|      1|    0|
+-----------------+---------+-----+--------+-------+-----+

+ Detail: 
    * Instance: 
    +---------------------------+----------------------+---------+----+---+----+-----+
    |          Instance         |        Module        | BRAM_18K| DSP| FF| LUT| URAM|
    +---------------------------+----------------------+---------+----+---+----+-----+
    |sparsemux_7_2_16_1_1_U120  |sparsemux_7_2_16_1_1  |        0|   0|  0|   9|    0|
    |sparsemux_7_2_16_1_1_U121  |sparsemux_7_2_16_1_1  |        0|   0|  0|   9|    0|
    +---------------------------+----------------------+---------+----+---+----+-----+
    |Total                      |                      |        0|   0|  0|  18|    0|
    +---------------------------+----------------------+---------+----+---+----+-----+

    * DSP: 
    N/A

    * Memory: 
    N/A

    * FIFO: 
    N/A

    * Expression: 
    +-----------------------+----------+----+---+----+------------+------------+
    |     Variable Name     | Operation| DSP| FF| LUT| Bitwidth P0| Bitwidth P1|
    +-----------------------+----------+----+---+----+------------+------------+
    |add_ln75_fu_295_p2     |         +|   0|  0|  15|           8|           1|
    |add_ln97_fu_482_p2     |         +|   0|  0|  23|          16|           1|
    |add_ln99_fu_595_p2     |         +|   0|  0|  23|          16|           1|
    |and_ln97_fu_502_p2     |       and|   0|  0|   2|           1|           1|
    |and_ln99_fu_615_p2     |       and|   0|  0|   2|           1|           1|
    |icmp_ln75_fu_289_p2    |      icmp|   0|  0|  16|           8|           9|
    |icmp_ln84_fu_311_p2    |      icmp|   0|  0|  39|          32|          32|
    |icmp_ln85_fu_325_p2    |      icmp|   0|  0|  39|          32|          32|
    |icmp_ln86_fu_339_p2    |      icmp|   0|  0|  39|          32|          32|
    |icmp_ln87_fu_353_p2    |      icmp|   0|  0|  39|          32|          32|
    |icmp_ln90_fu_367_p2    |      icmp|   0|  0|  39|          32|          32|
    |icmp_ln91_fu_381_p2    |      icmp|   0|  0|  39|          32|          32|
    |icmp_ln92_fu_395_p2    |      icmp|   0|  0|  39|          32|          32|
    |icmp_ln93_fu_409_p2    |      icmp|   0|  0|  39|          32|          32|
    |icmp_ln97_1_fu_476_p2  |      icmp|   0|  0|  23|          16|           1|
    |icmp_ln97_fu_450_p2    |      icmp|   0|  0|  39|          32|          22|
    |icmp_ln99_1_fu_589_p2  |      icmp|   0|  0|  23|          16|           1|
    |icmp_ln99_fu_563_p2    |      icmp|   0|  0|  39|          32|          22|
    |cond109_i_fu_516_p4    |    select|   0|  0|  16|           1|          16|
    |cond119_i_fu_554_p3    |    select|   0|  0|  15|           1|           1|
    |cond129_i_fu_629_p4    |    select|   0|  0|  16|           1|          16|
    |cond_i_fu_441_p3       |    select|   0|  0|  15|           1|           1|
    |max_x_1_fu_345_p3      |    select|   0|  0|  32|           1|          32|
    |max_x_3_fu_359_p3      |    select|   0|  0|  32|           1|          32|
    |max_y_1_fu_401_p3      |    select|   0|  0|  32|           1|          32|
    |max_y_3_fu_415_p3      |    select|   0|  0|  32|           1|          32|
    |min_x_3_fu_331_p3      |    select|   0|  0|  32|           1|          32|
    |min_x_fu_317_p3        |    select|   0|  0|  32|           1|          32|
    |min_y_3_fu_387_p3      |    select|   0|  0|  32|           1|          32|
    |min_y_fu_373_p3        |    select|   0|  0|  32|           1|          32|
    |ap_enable_pp0          |       xor|   0|  0|   2|           1|           2|
    |xor_ln97_fu_496_p2     |       xor|   0|  0|   2|           1|           2|
    |xor_ln99_fu_609_p2     |       xor|   0|  0|   2|           1|           2|
    +-----------------------+----------+----+---+----+------------+------------+
    |Total                  |          |   0|  0| 841|         417|         612|
    +-----------------------+----------+----+---+----+------------+------------+

    * Multiplexer: 
    +-------------------------+----+-----------+-----+-----------+
    |           Name          | LUT| Input Size| Bits| Total Bits|
    +-------------------------+----+-----------+-----+-----------+
    |ap_done_int              |   9|          2|    1|          2|
    |ap_enable_reg_pp0_iter1  |   9|          2|    1|          2|
    |ap_sig_allocacmp_i_2     |   9|          2|    8|         16|
    |i_fu_82                  |   9|          2|    8|         16|
    +-------------------------+----+-----------+-----+-----------+
    |Total                    |  36|          8|   18|         36|
    +-------------------------+----+-----------+-----+-----------+

    * Register: 
    +--------------------------------------------------+----+----+-----+-----------+
    |                       Name                       | FF | LUT| Bits| Const Bits|
    +--------------------------------------------------+----+----+-----+-----------+
    |ap_CS_fsm                                         |   1|   0|    1|          0|
    |ap_done_reg                                       |   1|   0|    1|          0|
    |ap_enable_reg_pp0_iter1                           |   1|   0|    1|          0|
    |ap_enable_reg_pp0_iter2                           |   1|   0|    1|          0|
    |ap_enable_reg_pp0_iter3                           |   1|   0|    1|          0|
    |ap_loop_exit_ready_pp0_iter1_reg                  |   1|   0|    1|          0|
    |ap_loop_exit_ready_pp0_iter2_reg                  |   1|   0|    1|          0|
    |cond109_i_reg_717                                 |  16|   0|   16|          0|
    |cond129_i_reg_722                                 |  16|   0|   16|          0|
    |i_fu_82                                           |   8|   0|    8|          0|
    |screen_tris_is_active_load_reg_683                |   1|   0|    1|          0|
    |screen_tris_is_active_load_reg_683_pp0_iter2_reg  |   1|   0|    1|          0|
    |zext_ln75_reg_660                                 |   8|   0|   64|         56|
    |zext_ln75_reg_660                                 |  64|  32|   64|         56|
    +--------------------------------------------------+----+----+-----+-----------+
    |Total                                             | 121|  32|  177|        112|
    +--------------------------------------------------+----+----+-----+-----------+



================================================================
== Interface
================================================================
* Summary: 
+--------------------------------+-----+-----+------------+-----------------------+--------------+
|            RTL Ports           | Dir | Bits|  Protocol  |     Source Object     |    C Type    |
+--------------------------------+-----+-----+------------+-----------------------+--------------+
|ap_clk                          |   in|    1|  ap_ctrl_hs|        k3_bounding_box|  return value|
|ap_rst                          |   in|    1|  ap_ctrl_hs|        k3_bounding_box|  return value|
|ap_start                        |   in|    1|  ap_ctrl_hs|        k3_bounding_box|  return value|
|ap_done                         |  out|    1|  ap_ctrl_hs|        k3_bounding_box|  return value|
|ap_idle                         |  out|    1|  ap_ctrl_hs|        k3_bounding_box|  return value|
|ap_ready                        |  out|    1|  ap_ctrl_hs|        k3_bounding_box|  return value|
|bounds_max_x_address0           |  out|    7|   ap_memory|           bounds_max_x|         array|
|bounds_max_x_ce0                |  out|    1|   ap_memory|           bounds_max_x|         array|
|bounds_max_x_we0                |  out|    1|   ap_memory|           bounds_max_x|         array|
|bounds_max_x_d0                 |  out|   16|   ap_memory|           bounds_max_x|         array|
|bounds_max_x_address1           |  out|    7|   ap_memory|           bounds_max_x|         array|
|bounds_max_x_ce1                |  out|    1|   ap_memory|           bounds_max_x|         array|
|bounds_max_x_we1                |  out|    1|   ap_memory|           bounds_max_x|         array|
|bounds_max_x_d1                 |  out|   16|   ap_memory|           bounds_max_x|         array|
|bounds_max_y_address0           |  out|    7|   ap_memory|           bounds_max_y|         array|
|bounds_max_y_ce0                |  out|    1|   ap_memory|           bounds_max_y|         array|
|bounds_max_y_we0                |  out|    1|   ap_memory|           bounds_max_y|         array|
|bounds_max_y_d0                 |  out|   16|   ap_memory|           bounds_max_y|         array|
|bounds_max_y_address1           |  out|    7|   ap_memory|           bounds_max_y|         array|
|bounds_max_y_ce1                |  out|    1|   ap_memory|           bounds_max_y|         array|
|bounds_max_y_we1                |  out|    1|   ap_memory|           bounds_max_y|         array|
|bounds_max_y_d1                 |  out|   16|   ap_memory|           bounds_max_y|         array|
|bounds_min_x_address0           |  out|    7|   ap_memory|           bounds_min_x|         array|
|bounds_min_x_ce0                |  out|    1|   ap_memory|           bounds_min_x|         array|
|bounds_min_x_we0                |  out|    1|   ap_memory|           bounds_min_x|         array|
|bounds_min_x_d0                 |  out|   15|   ap_memory|           bounds_min_x|         array|
|bounds_min_x_address1           |  out|    7|   ap_memory|           bounds_min_x|         array|
|bounds_min_x_ce1                |  out|    1|   ap_memory|           bounds_min_x|         array|
|bounds_min_x_we1                |  out|    1|   ap_memory|           bounds_min_x|         array|
|bounds_min_x_d1                 |  out|   15|   ap_memory|           bounds_min_x|         array|
|bounds_min_y_address0           |  out|    7|   ap_memory|           bounds_min_y|         array|
|bounds_min_y_ce0                |  out|    1|   ap_memory|           bounds_min_y|         array|
|bounds_min_y_we0                |  out|    1|   ap_memory|           bounds_min_y|         array|
|bounds_min_y_d0                 |  out|   15|   ap_memory|           bounds_min_y|         array|
|bounds_min_y_address1           |  out|    7|   ap_memory|           bounds_min_y|         array|
|bounds_min_y_ce1                |  out|    1|   ap_memory|           bounds_min_y|         array|
|bounds_min_y_we1                |  out|    1|   ap_memory|           bounds_min_y|         array|
|bounds_min_y_d1                 |  out|   15|   ap_memory|           bounds_min_y|         array|
|screen_tris_is_active_address0  |  out|    7|   ap_memory|  screen_tris_is_active|         array|
|screen_tris_is_active_ce0       |  out|    1|   ap_memory|  screen_tris_is_active|         array|
|screen_tris_is_active_q0        |   in|    1|   ap_memory|  screen_tris_is_active|         array|
|screen_tris_v0_x_address0       |  out|    7|   ap_memory|       screen_tris_v0_x|         array|
|screen_tris_v0_x_ce0            |  out|    1|   ap_memory|       screen_tris_v0_x|         array|
|screen_tris_v0_x_q0             |   in|   32|   ap_memory|       screen_tris_v0_x|         array|
|screen_tris_v0_y_address0       |  out|    7|   ap_memory|       screen_tris_v0_y|         array|
|screen_tris_v0_y_ce0            |  out|    1|   ap_memory|       screen_tris_v0_y|         array|
|screen_tris_v0_y_q0             |   in|   32|   ap_memory|       screen_tris_v0_y|         array|
|screen_tris_v1_x_address0       |  out|    7|   ap_memory|       screen_tris_v1_x|         array|
|screen_tris_v1_x_ce0            |  out|    1|   ap_memory|       screen_tris_v1_x|         array|
|screen_tris_v1_x_q0             |   in|   32|   ap_memory|       screen_tris_v1_x|         array|
|screen_tris_v1_y_address0       |  out|    7|   ap_memory|       screen_tris_v1_y|         array|
|screen_tris_v1_y_ce0            |  out|    1|   ap_memory|       screen_tris_v1_y|         array|
|screen_tris_v1_y_q0             |   in|   32|   ap_memory|       screen_tris_v1_y|         array|
|screen_tris_v2_x_address0       |  out|    7|   ap_memory|       screen_tris_v2_x|         array|
|screen_tris_v2_x_ce0            |  out|    1|   ap_memory|       screen_tris_v2_x|         array|
|screen_tris_v2_x_q0             |   in|   32|   ap_memory|       screen_tris_v2_x|         array|
|screen_tris_v2_y_address0       |  out|    7|   ap_memory|       screen_tris_v2_y|         array|
|screen_tris_v2_y_ce0            |  out|    1|   ap_memory|       screen_tris_v2_y|         array|
|screen_tris_v2_y_q0             |   in|   32|   ap_memory|       screen_tris_v2_y|         array|
+--------------------------------+-----+-----+------------+-----------------------+--------------+

