

================================================================
== Vitis HLS Report for 'k3_bounding_box'
================================================================
* Date:           Mon Mar 30 22:37:16 2026

* Version:        2025.1.1 (Build 6214317 on Sep 11 2025)
* Project:        project_1
* Solution:       hls (Vivado IP Flow Target)
* Product family: zynquplus
* Target device:  xczu3eg-sbva484-1-e


================================================================
== Performance Estimates
================================================================
+ Timing: 
    * Summary: 
    +--------+----------+----------+------------+
    |  Clock |  Target  | Estimated| Uncertainty|
    +--------+----------+----------+------------+
    |ap_clk  |  10.00 ns|  6.644 ns|     2.70 ns|
    +--------+----------+----------+------------+

+ Latency: 
    * Summary: 
    +---------+---------+----------+----------+-----+-----+---------+
    |  Latency (cycles) |  Latency (absolute) |  Interval | Pipeline|
    |   min   |   max   |    min   |    max   | min | max |   Type  |
    +---------+---------+----------+----------+-----+-----+---------+
    |      385|      513|  3.850 us|  5.130 us|  385|  513|       no|
    +---------+---------+----------+----------+-----+-----+---------+

    + Detail: 
        * Instance: 
        N/A

        * Loop: 
        +--------------------+---------+---------+----------+-----------+-----------+------+----------+
        |                    |  Latency (cycles) | Iteration|  Initiation Interval  | Trip |          |
        |      Loop Name     |   min   |   max   |  Latency |  achieved |   target  | Count| Pipelined|
        +--------------------+---------+---------+----------+-----------+-----------+------+----------+
        |- VITIS_LOOP_203_1  |      384|      512|     3 ~ 4|          -|          -|   128|        no|
        +--------------------+---------+---------+----------+-----------+-----------+------+----------+



================================================================
== Utilization Estimates
================================================================
* Summary: 
+-----------------+---------+-----+--------+-------+-----+
|       Name      | BRAM_18K| DSP |   FF   |  LUT  | URAM|
+-----------------+---------+-----+--------+-------+-----+
|DSP              |        -|    -|       -|      -|    -|
|Expression       |        -|    -|       0|    895|    -|
|FIFO             |        -|    -|       -|      -|    -|
|Instance         |        -|    -|       -|      -|    -|
|Memory           |        -|    -|       -|      -|    -|
|Multiplexer      |        -|    -|       0|    152|    -|
|Register         |        -|    -|      62|      -|    -|
+-----------------+---------+-----+--------+-------+-----+
|Total            |        0|    0|      62|   1047|    0|
+-----------------+---------+-----+--------+-------+-----+
|Available        |      432|  360|  141120|  70560|    0|
+-----------------+---------+-----+--------+-------+-----+
|Utilization (%)  |        0|    0|      ~0|      1|    0|
+-----------------+---------+-----+--------+-------+-----+

+ Detail: 
    * Instance: 
    N/A

    * DSP: 
    N/A

    * Memory: 
    N/A

    * FIFO: 
    N/A

    * Expression: 
    +-------------------------+----------+----+---+----+------------+------------+
    |      Variable Name      | Operation| DSP| FF| LUT| Bitwidth P0| Bitwidth P1|
    +-------------------------+----------+----+---+----+------------+------------+
    |add_ln203_fu_259_p2      |         +|   0|  0|  15|           8|           1|
    |add_ln260_fu_441_p2      |         +|   0|  0|  23|          16|           1|
    |add_ln278_fu_530_p2      |         +|   0|  0|  23|          16|           1|
    |icmp_ln203_fu_253_p2     |      icmp|   0|  0|  16|           8|           9|
    |icmp_ln209_fu_270_p2     |      icmp|   0|  0|  39|          32|          32|
    |icmp_ln212_fu_284_p2     |      icmp|   0|  0|  39|          32|          32|
    |icmp_ln219_fu_298_p2     |      icmp|   0|  0|  39|          32|          32|
    |icmp_ln222_fu_312_p2     |      icmp|   0|  0|  39|          32|          32|
    |icmp_ln229_fu_326_p2     |      icmp|   0|  0|  39|          32|          32|
    |icmp_ln232_fu_340_p2     |      icmp|   0|  0|  39|          32|          32|
    |icmp_ln239_fu_354_p2     |      icmp|   0|  0|  39|          32|          32|
    |icmp_ln242_fu_368_p2     |      icmp|   0|  0|  39|          32|          32|
    |icmp_ln257_fu_409_p2     |      icmp|   0|  0|  39|          32|          22|
    |icmp_ln260_fu_435_p2     |      icmp|   0|  0|  23|          16|           1|
    |icmp_ln275_fu_498_p2     |      icmp|   0|  0|  39|          32|          22|
    |icmp_ln278_fu_524_p2     |      icmp|   0|  0|  23|          16|           1|
    |final_max_x_1_fu_463_p3  |    select|   0|  0|  16|           1|           6|
    |final_max_x_fu_455_p3    |    select|   0|  0|  16|           1|          16|
    |final_max_y_1_fu_552_p3  |    select|   0|  0|  16|           1|           6|
    |final_max_y_fu_544_p3    |    select|   0|  0|  16|           1|          16|
    |final_min_x_fu_400_p3    |    select|   0|  0|  15|           1|           1|
    |final_min_y_fu_489_p3    |    select|   0|  0|  15|           1|           1|
    |max_x_1_fu_304_p3        |    select|   0|  0|  32|           1|          32|
    |max_x_3_fu_318_p3        |    select|   0|  0|  32|           1|          32|
    |max_y_1_fu_360_p3        |    select|   0|  0|  32|           1|          32|
    |max_y_3_fu_374_p3        |    select|   0|  0|  32|           1|          32|
    |min_x_1_fu_276_p3        |    select|   0|  0|  32|           1|          32|
    |min_x_3_fu_290_p3        |    select|   0|  0|  32|           1|          32|
    |min_y_1_fu_332_p3        |    select|   0|  0|  32|           1|          32|
    |min_y_3_fu_346_p3        |    select|   0|  0|  32|           1|          32|
    |select_ln260_fu_447_p3   |    select|   0|  0|  16|           1|          16|
    |select_ln278_fu_536_p3   |    select|   0|  0|  16|           1|          16|
    +-------------------------+----------+----+---+----+------------+------------+
    |Total                    |          |   0|  0| 895|         416|         648|
    +-------------------------+----------+----+---+----+------------+------------+

    * Multiplexer: 
    +-----------------------------+----+-----------+-----+-----------+
    |             Name            | LUT| Input Size| Bits| Total Bits|
    +-----------------------------+----+-----------+-----+-----------+
    |ap_NS_fsm                    |  31|          6|    1|          6|
    |bounds_max_x_address0_local  |  14|          3|    7|         21|
    |bounds_max_x_d0_local        |  14|          3|   16|         48|
    |bounds_max_y_address0_local  |  14|          3|    7|         21|
    |bounds_max_y_d0_local        |  14|          3|   16|         48|
    |bounds_min_x_address0_local  |  14|          3|    7|         21|
    |bounds_min_x_d0_local        |  14|          3|   15|         45|
    |bounds_min_y_address0_local  |  14|          3|    7|         21|
    |bounds_min_y_d0_local        |  14|          3|   15|         45|
    |i_fu_62                      |   9|          2|    8|         16|
    +-----------------------------+----+-----------+-----+-----------+
    |Total                        | 152|         32|   99|        292|
    +-----------------------------+----+-----------+-----+-----------+

    * Register: 
    +------------------------------------+----+----+-----+-----------+
    |                Name                | FF | LUT| Bits| Const Bits|
    +------------------------------------+----+----+-----+-----------+
    |add_ln203_reg_574                   |   8|   0|    8|          0|
    |ap_CS_fsm                           |   5|   0|    5|          0|
    |final_max_x_1_reg_636               |  16|   0|   16|          0|
    |final_max_y_1_reg_641               |  16|   0|   16|          0|
    |i_fu_62                             |   8|   0|    8|          0|
    |screen_tris_is_active_load_reg_602  |   1|   0|    1|          0|
    |zext_ln203_reg_579                  |   8|   0|   64|         56|
    +------------------------------------+----+----+-----+-----------+
    |Total                               |  62|   0|  118|         56|
    +------------------------------------+----+----+-----+-----------+



================================================================
== Interface
================================================================
* Summary: 
+--------------------------------+-----+-----+------------+-----------------------+--------------+
|            RTL Ports           | Dir | Bits|  Protocol  |     Source Object     |    C Type    |
+--------------------------------+-----+-----+------------+-----------------------+--------------+
|ap_clk                          |   in|    1|  ap_ctrl_hs|        k3_bounding_box|  return value|
|ap_rst                          |   in|    1|  ap_ctrl_hs|        k3_bounding_box|  return value|
|ap_start                        |   in|    1|  ap_ctrl_hs|        k3_bounding_box|  return value|
|ap_done                         |  out|    1|  ap_ctrl_hs|        k3_bounding_box|  return value|
|ap_idle                         |  out|    1|  ap_ctrl_hs|        k3_bounding_box|  return value|
|ap_ready                        |  out|    1|  ap_ctrl_hs|        k3_bounding_box|  return value|
|screen_tris_is_active_address0  |  out|    7|   ap_memory|  screen_tris_is_active|         array|
|screen_tris_is_active_ce0       |  out|    1|   ap_memory|  screen_tris_is_active|         array|
|screen_tris_is_active_q0        |   in|    1|   ap_memory|  screen_tris_is_active|         array|
|screen_tris_v0_x_address0       |  out|    7|   ap_memory|       screen_tris_v0_x|         array|
|screen_tris_v0_x_ce0            |  out|    1|   ap_memory|       screen_tris_v0_x|         array|
|screen_tris_v0_x_q0             |   in|   32|   ap_memory|       screen_tris_v0_x|         array|
|screen_tris_v1_x_address0       |  out|    7|   ap_memory|       screen_tris_v1_x|         array|
|screen_tris_v1_x_ce0            |  out|    1|   ap_memory|       screen_tris_v1_x|         array|
|screen_tris_v1_x_q0             |   in|   32|   ap_memory|       screen_tris_v1_x|         array|
|screen_tris_v2_x_address0       |  out|    7|   ap_memory|       screen_tris_v2_x|         array|
|screen_tris_v2_x_ce0            |  out|    1|   ap_memory|       screen_tris_v2_x|         array|
|screen_tris_v2_x_q0             |   in|   32|   ap_memory|       screen_tris_v2_x|         array|
|screen_tris_v0_y_address0       |  out|    7|   ap_memory|       screen_tris_v0_y|         array|
|screen_tris_v0_y_ce0            |  out|    1|   ap_memory|       screen_tris_v0_y|         array|
|screen_tris_v0_y_q0             |   in|   32|   ap_memory|       screen_tris_v0_y|         array|
|screen_tris_v1_y_address0       |  out|    7|   ap_memory|       screen_tris_v1_y|         array|
|screen_tris_v1_y_ce0            |  out|    1|   ap_memory|       screen_tris_v1_y|         array|
|screen_tris_v1_y_q0             |   in|   32|   ap_memory|       screen_tris_v1_y|         array|
|screen_tris_v2_y_address0       |  out|    7|   ap_memory|       screen_tris_v2_y|         array|
|screen_tris_v2_y_ce0            |  out|    1|   ap_memory|       screen_tris_v2_y|         array|
|screen_tris_v2_y_q0             |   in|   32|   ap_memory|       screen_tris_v2_y|         array|
|bounds_min_x_address0           |  out|    7|   ap_memory|           bounds_min_x|         array|
|bounds_min_x_ce0                |  out|    1|   ap_memory|           bounds_min_x|         array|
|bounds_min_x_we0                |  out|    1|   ap_memory|           bounds_min_x|         array|
|bounds_min_x_d0                 |  out|   15|   ap_memory|           bounds_min_x|         array|
|bounds_max_x_address0           |  out|    7|   ap_memory|           bounds_max_x|         array|
|bounds_max_x_ce0                |  out|    1|   ap_memory|           bounds_max_x|         array|
|bounds_max_x_we0                |  out|    1|   ap_memory|           bounds_max_x|         array|
|bounds_max_x_d0                 |  out|   16|   ap_memory|           bounds_max_x|         array|
|bounds_min_y_address0           |  out|    7|   ap_memory|           bounds_min_y|         array|
|bounds_min_y_ce0                |  out|    1|   ap_memory|           bounds_min_y|         array|
|bounds_min_y_we0                |  out|    1|   ap_memory|           bounds_min_y|         array|
|bounds_min_y_d0                 |  out|   15|   ap_memory|           bounds_min_y|         array|
|bounds_max_y_address0           |  out|    7|   ap_memory|           bounds_max_y|         array|
|bounds_max_y_ce0                |  out|    1|   ap_memory|           bounds_max_y|         array|
|bounds_max_y_we0                |  out|    1|   ap_memory|           bounds_max_y|         array|
|bounds_max_y_d0                 |  out|   16|   ap_memory|           bounds_max_y|         array|
+--------------------------------+-----+-----+------------+-----------------------+--------------+

