

================================================================
== Vitis HLS Report for 'k4_rasterize_Pipeline_VITIS_LOOP_164_4_VITIS_LOOP_165_5'
================================================================
* Date:           Thu Apr  9 16:15:11 2026

* Version:        2025.1.1 (Build 6214317 on Sep 11 2025)
* Project:        project_1
* Solution:       hls (Vivado IP Flow Target)
* Product family: zynquplus
* Target device:  xczu3eg-sbva484-1-e


================================================================
== Performance Estimates
================================================================
+ Timing: 
    * Summary: 
    +--------+----------+----------+------------+
    |  Clock |  Target  | Estimated| Uncertainty|
    +--------+----------+----------+------------+
    |ap_clk  |  10.00 ns|  7.208 ns|     2.70 ns|
    +--------+----------+----------+------------+

+ Latency: 
    * Summary: 
    +---------+---------+----------+----------+-----+-----+------------------------------------------------+
    |  Latency (cycles) |  Latency (absolute) |  Interval |                    Pipeline                    |
    |   min   |   max   |    min   |    max   | min | max |                      Type                      |
    +---------+---------+----------+----------+-----+-----+------------------------------------------------+
    |        ?|        ?|         ?|         ?|    0|    0|  loop auto-rewind stp (delay=0 clock cycles(s))|
    +---------+---------+----------+----------+-----+-----+------------------------------------------------+

    + Detail: 
        * Instance: 
        N/A

        * Loop: 
        +-------------------------------------+---------+---------+----------+-----------+-----------+------+----------+
        |                                     |  Latency (cycles) | Iteration|  Initiation Interval  | Trip |          |
        |              Loop Name              |   min   |   max   |  Latency |  achieved |   target  | Count| Pipelined|
        +-------------------------------------+---------+---------+----------+-----------+-----------+------+----------+
        |- VITIS_LOOP_164_4_VITIS_LOOP_165_5  |        ?|        ?|         6|          1|          1|     ?|       yes|
        +-------------------------------------+---------+---------+----------+-----------+-----------+------+----------+



================================================================
== Utilization Estimates
================================================================
* Summary: 
+-----------------+---------+-----+--------+-------+-----+
|       Name      | BRAM_18K| DSP |   FF   |  LUT  | URAM|
+-----------------+---------+-----+--------+-------+-----+
|DSP              |        -|    -|       -|      -|    -|
|Expression       |        -|    -|       0|   4227|    -|
|FIFO             |        -|    -|       -|      -|    -|
|Instance         |        -|   96|       0|    516|    -|
|Memory           |        -|    -|       -|      -|    -|
|Multiplexer      |        -|    -|       0|     54|    -|
|Register         |        -|    -|    3261|     32|    -|
+-----------------+---------+-----+--------+-------+-----+
|Total            |        0|   96|    3261|   4829|    0|
+-----------------+---------+-----+--------+-------+-----+
|Available        |      432|  360|  141120|  70560|    0|
+-----------------+---------+-----+--------+-------+-----+
|Utilization (%)  |        0|   26|       2|      6|    0|
+-----------------+---------+-----+--------+-------+-----+

+ Detail: 
    * Instance: 
    +--------------------------+---------------------+---------+----+---+----+-----+
    |         Instance         |        Module       | BRAM_18K| DSP| FF| LUT| URAM|
    +--------------------------+---------------------+---------+----+---+----+-----+
    |mul_32ns_32s_63_1_1_U147  |mul_32ns_32s_63_1_1  |        0|   4|  0|  20|    0|
    |mul_32ns_32s_63_1_1_U148  |mul_32ns_32s_63_1_1  |        0|   4|  0|  20|    0|
    |mul_32ns_32s_63_1_1_U149  |mul_32ns_32s_63_1_1  |        0|   4|  0|  20|    0|
    |mul_32ns_32s_63_1_1_U150  |mul_32ns_32s_63_1_1  |        0|   4|  0|  20|    0|
    |mul_32s_32s_64_1_1_U151   |mul_32s_32s_64_1_1   |        0|   4|  0|  20|    0|
    |mul_32s_32s_64_1_1_U152   |mul_32s_32s_64_1_1   |        0|   4|  0|  20|    0|
    |mul_32s_32s_64_1_1_U153   |mul_32s_32s_64_1_1   |        0|   4|  0|  20|    0|
    |mul_32s_32s_64_1_1_U154   |mul_32s_32s_64_1_1   |        0|   4|  0|  20|    0|
    |mul_32s_32s_64_1_1_U155   |mul_32s_32s_64_1_1   |        0|   4|  0|  20|    0|
    |mul_32s_32s_64_1_1_U156   |mul_32s_32s_64_1_1   |        0|   4|  0|  20|    0|
    |mul_32s_32s_64_1_1_U157   |mul_32s_32s_64_1_1   |        0|   4|  0|  20|    0|
    |mul_32s_32s_64_1_1_U158   |mul_32s_32s_64_1_1   |        0|   4|  0|  20|    0|
    |mul_33s_33s_65_1_1_U159   |mul_33s_33s_65_1_1   |        0|   4|  0|  21|    0|
    |mul_33s_33s_65_1_1_U160   |mul_33s_33s_65_1_1   |        0|   4|  0|  21|    0|
    |mul_33s_33s_65_1_1_U161   |mul_33s_33s_65_1_1   |        0|   4|  0|  21|    0|
    |mul_33s_33s_65_1_1_U162   |mul_33s_33s_65_1_1   |        0|   4|  0|  21|    0|
    |mul_33s_33s_65_1_1_U163   |mul_33s_33s_65_1_1   |        0|   4|  0|  21|    0|
    |mul_33s_33s_65_1_1_U164   |mul_33s_33s_65_1_1   |        0|   4|  0|  21|    0|
    |mul_66s_32s_97_1_1_U165   |mul_66s_32s_97_1_1   |        0|   8|  0|  50|    0|
    |mul_66s_32s_97_1_1_U166   |mul_66s_32s_97_1_1   |        0|   8|  0|  50|    0|
    |mul_66s_32s_97_1_1_U167   |mul_66s_32s_97_1_1   |        0|   8|  0|  50|    0|
    +--------------------------+---------------------+---------+----+---+----+-----+
    |Total                     |                     |        0|  96|  0| 516|    0|
    +--------------------------+---------------------+---------+----+---+----+-----+

    * DSP: 
    N/A

    * Memory: 
    N/A

    * FIFO: 
    N/A

    * Expression: 
    +--------------------------------+----------+----+---+-----+------------+------------+
    |          Variable Name         | Operation| DSP| FF| LUT | Bitwidth P0| Bitwidth P1|
    +--------------------------------+----------+----+---+-----+------------+------------+
    |add_i2876_i_fu_722_p2           |         +|   0|  0|   40|          33|          16|
    |add_ln164_1_fu_550_p2           |         +|   0|  0|  135|         128|           1|
    |add_ln164_fu_562_p2             |         +|   0|  0|   71|          64|           1|
    |add_ln165_fu_954_p2             |         +|   0|  0|   71|          64|           1|
    |add_ln168_fu_894_p2             |         +|   0|  0|   40|          33|          16|
    |add_ln177_1_fu_1785_p2          |         +|   0|  0|   72|          65|          65|
    |add_ln177_2_fu_1777_p2          |         +|   0|  0|   56|          49|          49|
    |add_ln177_3_fu_1781_p2          |         +|   0|  0|   55|          48|          48|
    |add_ln177_fu_1744_p2            |         +|   0|  0|   71|          64|          64|
    |add_ln179_fu_604_p2             |         +|   0|  0|   19|          12|          12|
    |add_ln182_1_fu_2052_p2          |         +|   0|  0|   72|          65|          65|
    |add_ln182_2_fu_2288_p2          |         +|   0|  0|   39|          32|          32|
    |add_ln182_3_fu_2264_p2          |         +|   0|  0|   56|          49|          49|
    |add_ln182_4_fu_2046_p2          |         +|   0|  0|   55|          48|          48|
    |add_ln182_fu_2016_p2            |         +|   0|  0|   71|          64|          64|
    |add_ln183_1_fu_2136_p2          |         +|   0|  0|   72|          65|          65|
    |add_ln183_2_fu_2463_p2          |         +|   0|  0|   39|          32|          32|
    |add_ln183_3_fu_2439_p2          |         +|   0|  0|   56|          49|          49|
    |add_ln183_4_fu_2130_p2          |         +|   0|  0|   55|          48|          48|
    |add_ln183_fu_2100_p2            |         +|   0|  0|   71|          64|          64|
    |add_ln184_1_fu_2220_p2          |         +|   0|  0|   72|          65|          65|
    |add_ln184_2_fu_2638_p2          |         +|   0|  0|   39|          32|          32|
    |add_ln184_3_fu_2614_p2          |         +|   0|  0|   56|          49|          49|
    |add_ln184_4_fu_2214_p2          |         +|   0|  0|   55|          48|          48|
    |add_ln184_fu_2184_p2            |         +|   0|  0|   71|          64|          64|
    |w0_1_fu_1131_p2                 |         +|   0|  0|   39|          32|          32|
    |w1_1_fu_1237_p2                 |         +|   0|  0|   39|          32|          32|
    |w2_1_fu_1343_p2                 |         +|   0|  0|   39|          32|          32|
    |z_1_fu_1829_p2                  |         +|   0|  0|   39|          32|          32|
    |sub_i2276_i_fu_1000_p2          |         -|   0|  0|   40|          33|          33|
    |sub_i2604_i_fu_989_p2           |         -|   0|  0|   40|          33|          33|
    |sub_i2743_i_fu_978_p2           |         -|   0|  0|   40|          33|          33|
    |sub_ln171_1_fu_1025_p2          |         -|   0|  0|   40|          33|          33|
    |sub_ln171_2_fu_1044_p2          |         -|   0|  0|   73|          66|          66|
    |sub_ln171_fu_1014_p2            |         -|   0|  0|   40|          33|          33|
    |sub_ln172_1_fu_1069_p2          |         -|   0|  0|   73|          66|          66|
    |sub_ln172_fu_1050_p2            |         -|   0|  0|   40|          33|          33|
    |sub_ln173_fu_1083_p2            |         -|   0|  0|   73|          66|          66|
    |and_ln168_1_fu_862_p2           |       and|   0|  0|    2|           1|           1|
    |and_ln168_2_fu_926_p2           |       and|   0|  0|    2|           1|           1|
    |and_ln168_fu_844_p2             |       and|   0|  0|    2|           1|           1|
    |and_ln171_1_fu_1432_p2          |       and|   0|  0|    2|           1|           1|
    |and_ln171_2_fu_1443_p2          |       and|   0|  0|    2|           1|           1|
    |and_ln171_3_fu_1463_p2          |       and|   0|  0|    2|           1|           1|
    |and_ln171_4_fu_1469_p2          |       and|   0|  0|    2|           1|           1|
    |and_ln171_5_fu_1486_p2          |       and|   0|  0|    2|           1|           1|
    |and_ln171_fu_1151_p2            |       and|   0|  0|    2|           1|           1|
    |and_ln172_1_fu_1530_p2          |       and|   0|  0|    2|           1|           1|
    |and_ln172_2_fu_1541_p2          |       and|   0|  0|    2|           1|           1|
    |and_ln172_3_fu_1561_p2          |       and|   0|  0|    2|           1|           1|
    |and_ln172_4_fu_1567_p2          |       and|   0|  0|    2|           1|           1|
    |and_ln172_5_fu_1584_p2          |       and|   0|  0|    2|           1|           1|
    |and_ln172_fu_1257_p2            |       and|   0|  0|    2|           1|           1|
    |and_ln173_1_fu_1628_p2          |       and|   0|  0|    2|           1|           1|
    |and_ln173_2_fu_1639_p2          |       and|   0|  0|    2|           1|           1|
    |and_ln173_3_fu_1659_p2          |       and|   0|  0|    2|           1|           1|
    |and_ln173_4_fu_1665_p2          |       and|   0|  0|    2|           1|           1|
    |and_ln173_5_fu_1682_p2          |       and|   0|  0|    2|           1|           1|
    |and_ln173_fu_1363_p2            |       and|   0|  0|    2|           1|           1|
    |and_ln177_1_fu_1915_p2          |       and|   0|  0|    2|           1|           1|
    |and_ln177_2_fu_1929_p2          |       and|   0|  0|    2|           1|           1|
    |and_ln177_3_fu_1953_p2          |       and|   0|  0|    2|           1|           1|
    |and_ln177_4_fu_1959_p2          |       and|   0|  0|    2|           1|           1|
    |and_ln177_5_fu_1977_p2          |       and|   0|  0|    2|           1|           1|
    |and_ln177_fu_1849_p2            |       and|   0|  0|    2|           1|           1|
    |and_ln182_1_fu_2350_p2          |       and|   0|  0|    2|           1|           1|
    |and_ln182_2_fu_2364_p2          |       and|   0|  0|    2|           1|           1|
    |and_ln182_3_fu_2387_p2          |       and|   0|  0|    2|           1|           1|
    |and_ln182_4_fu_2393_p2          |       and|   0|  0|    2|           1|           1|
    |and_ln182_5_fu_2411_p2          |       and|   0|  0|    2|           1|           1|
    |and_ln182_fu_2307_p2            |       and|   0|  0|    2|           1|           1|
    |and_ln183_1_fu_2525_p2          |       and|   0|  0|    2|           1|           1|
    |and_ln183_2_fu_2539_p2          |       and|   0|  0|    2|           1|           1|
    |and_ln183_3_fu_2562_p2          |       and|   0|  0|    2|           1|           1|
    |and_ln183_4_fu_2568_p2          |       and|   0|  0|    2|           1|           1|
    |and_ln183_5_fu_2586_p2          |       and|   0|  0|    2|           1|           1|
    |and_ln183_fu_2482_p2            |       and|   0|  0|    2|           1|           1|
    |and_ln184_1_fu_2700_p2          |       and|   0|  0|    2|           1|           1|
    |and_ln184_2_fu_2714_p2          |       and|   0|  0|    2|           1|           1|
    |and_ln184_3_fu_2737_p2          |       and|   0|  0|    2|           1|           1|
    |and_ln184_4_fu_2743_p2          |       and|   0|  0|    2|           1|           1|
    |and_ln184_5_fu_2761_p2          |       and|   0|  0|    2|           1|           1|
    |and_ln184_fu_2657_p2            |       and|   0|  0|    2|           1|           1|
    |spec_select104_i_fu_672_p2      |       and|   0|  0|    2|           1|           1|
    |spec_select106_i_fu_754_p2      |       and|   0|  0|    2|           1|           1|
    |spec_select128_i_fu_690_p2      |       and|   0|  0|    2|           1|           1|
    |cmp_i13_i_i_i2992_i_fu_648_p2   |      icmp|   0|  0|   23|          16|           2|
    |icmp_ln164_fu_545_p2            |      icmp|   0|  0|  135|         128|         128|
    |icmp_ln165_fu_568_p2            |      icmp|   0|  0|   71|          64|          64|
    |icmp_ln168_1_fu_826_p2          |      icmp|   0|  0|   23|          16|           1|
    |icmp_ln168_fu_820_p2            |      icmp|   0|  0|   23|          16|           2|
    |icmp_ln171_1_fu_1183_p2         |      icmp|   0|  0|   40|          33|           2|
    |icmp_ln171_2_fu_1189_p2         |      icmp|   0|  0|   40|          33|           1|
    |icmp_ln171_fu_1167_p2           |      icmp|   0|  0|   39|          32|           2|
    |icmp_ln172_1_fu_1289_p2         |      icmp|   0|  0|   40|          33|           2|
    |icmp_ln172_2_fu_1295_p2         |      icmp|   0|  0|   40|          33|           1|
    |icmp_ln172_fu_1273_p2           |      icmp|   0|  0|   39|          32|           2|
    |icmp_ln173_1_fu_1395_p2         |      icmp|   0|  0|   40|          33|           2|
    |icmp_ln173_2_fu_1401_p2         |      icmp|   0|  0|   40|          33|           1|
    |icmp_ln173_fu_1379_p2           |      icmp|   0|  0|   39|          32|           2|
    |icmp_ln177_1_fu_1889_p2         |      icmp|   0|  0|   24|          17|           2|
    |icmp_ln177_2_fu_1895_p2         |      icmp|   0|  0|   24|          17|           1|
    |icmp_ln177_fu_1873_p2           |      icmp|   0|  0|   23|          16|           2|
    |icmp_ln179_fu_2006_p2           |      icmp|   0|  0|   39|          32|          32|
    |icmp_ln182_1_fu_2326_p2         |      icmp|   0|  0|   24|          17|           2|
    |icmp_ln182_2_fu_2331_p2         |      icmp|   0|  0|   24|          17|           1|
    |icmp_ln182_fu_2321_p2           |      icmp|   0|  0|   23|          16|           2|
    |icmp_ln183_1_fu_2501_p2         |      icmp|   0|  0|   24|          17|           2|
    |icmp_ln183_2_fu_2506_p2         |      icmp|   0|  0|   24|          17|           1|
    |icmp_ln183_fu_2496_p2           |      icmp|   0|  0|   23|          16|           2|
    |icmp_ln184_1_fu_2676_p2         |      icmp|   0|  0|   24|          17|           2|
    |icmp_ln184_2_fu_2681_p2         |      icmp|   0|  0|   24|          17|           1|
    |icmp_ln184_fu_2671_p2           |      icmp|   0|  0|   23|          16|           2|
    |tobool35_i_i_i2994_i_fu_654_p2  |      icmp|   0|  0|   23|          16|           1|
    |brmerge35_i_fu_660_p2           |        or|   0|  0|    2|           1|           1|
    |brmerge37_i_fu_684_p2           |        or|   0|  0|    2|           1|           1|
    |empty_124_fu_704_p2             |        or|   0|  0|    2|           1|           1|
    |or_ln168_1_fu_856_p2            |        or|   0|  0|    2|           1|           1|
    |or_ln168_2_fu_876_p2            |        or|   0|  0|    2|           1|           1|
    |or_ln168_fu_832_p2              |        or|   0|  0|    2|           1|           1|
    |or_ln171_1_fu_1499_p2           |        or|   0|  0|    2|           1|           1|
    |or_ln171_2_fu_1474_p2           |        or|   0|  0|    2|           1|           1|
    |or_ln171_fu_1453_p2             |        or|   0|  0|    2|           1|           1|
    |or_ln172_1_fu_1597_p2           |        or|   0|  0|    2|           1|           1|
    |or_ln172_2_fu_1572_p2           |        or|   0|  0|    2|           1|           1|
    |or_ln172_fu_1551_p2             |        or|   0|  0|    2|           1|           1|
    |or_ln173_1_fu_1695_p2           |        or|   0|  0|    2|           1|           1|
    |or_ln173_2_fu_1670_p2           |        or|   0|  0|    2|           1|           1|
    |or_ln173_fu_1649_p2             |        or|   0|  0|    2|           1|           1|
    |or_ln175_fu_1716_p2             |        or|   0|  0|   32|          32|          32|
    |or_ln177_1_fu_1991_p2           |        or|   0|  0|    2|           1|           1|
    |or_ln177_2_fu_1965_p2           |        or|   0|  0|    2|           1|           1|
    |or_ln177_fu_1941_p2             |        or|   0|  0|    2|           1|           1|
    |or_ln182_1_fu_2424_p2           |        or|   0|  0|    2|           1|           1|
    |or_ln182_2_fu_2399_p2           |        or|   0|  0|    2|           1|           1|
    |or_ln182_fu_2376_p2             |        or|   0|  0|    2|           1|           1|
    |or_ln183_1_fu_2599_p2           |        or|   0|  0|    2|           1|           1|
    |or_ln183_2_fu_2574_p2           |        or|   0|  0|    2|           1|           1|
    |or_ln183_fu_2551_p2             |        or|   0|  0|    2|           1|           1|
    |or_ln184_1_fu_2774_p2           |        or|   0|  0|    2|           1|           1|
    |or_ln184_2_fu_2749_p2           |        or|   0|  0|    2|           1|           1|
    |or_ln184_fu_2726_p2             |        or|   0|  0|    2|           1|           1|
    |px_1_fu_946_p3                  |    select|   0|  0|   32|           1|          32|
    |py_1_fu_774_p3                  |    select|   0|  0|   32|           1|          32|
    |select_ln164_1_fu_584_p3        |    select|   0|  0|   56|           1|          64|
    |select_ln164_fu_573_p3          |    select|   0|  0|   56|           1|          64|
    |select_ln168_1_fu_882_p3        |    select|   0|  0|   32|           1|          32|
    |select_ln168_2_fu_938_p3        |    select|   0|  0|   33|           1|          31|
    |select_ln168_fu_868_p3          |    select|   0|  0|   33|           1|          31|
    |select_ln171_1_fu_1437_p3       |    select|   0|  0|    2|           1|           1|
    |select_ln171_2_fu_1491_p3       |    select|   0|  0|   33|           1|          31|
    |select_ln171_fu_1421_p3         |    select|   0|  0|    2|           1|           1|
    |select_ln172_1_fu_1535_p3       |    select|   0|  0|    2|           1|           1|
    |select_ln172_2_fu_1589_p3       |    select|   0|  0|   33|           1|          31|
    |select_ln172_fu_1519_p3         |    select|   0|  0|    2|           1|           1|
    |select_ln173_1_fu_1633_p3       |    select|   0|  0|    2|           1|           1|
    |select_ln173_2_fu_1687_p3       |    select|   0|  0|   33|           1|          31|
    |select_ln173_fu_1617_p3         |    select|   0|  0|    2|           1|           1|
    |select_ln177_1_fu_1921_p3       |    select|   0|  0|    2|           1|           1|
    |select_ln177_2_fu_1983_p3       |    select|   0|  0|   33|           1|          31|
    |select_ln177_fu_1901_p3         |    select|   0|  0|    2|           1|           1|
    |select_ln182_1_fu_2356_p3       |    select|   0|  0|    2|           1|           1|
    |select_ln182_2_fu_2416_p3       |    select|   0|  0|   33|           1|          31|
    |select_ln182_3_fu_2430_p3       |    select|   0|  0|   32|           1|          32|
    |select_ln182_fu_2336_p3         |    select|   0|  0|    2|           1|           1|
    |select_ln183_1_fu_2531_p3       |    select|   0|  0|    2|           1|           1|
    |select_ln183_2_fu_2591_p3       |    select|   0|  0|   33|           1|          31|
    |select_ln183_3_fu_2605_p3       |    select|   0|  0|   32|           1|          32|
    |select_ln183_fu_2511_p3         |    select|   0|  0|    2|           1|           1|
    |select_ln184_1_fu_2706_p3       |    select|   0|  0|    2|           1|           1|
    |select_ln184_2_fu_2766_p3       |    select|   0|  0|   33|           1|          31|
    |select_ln184_3_fu_2780_p3       |    select|   0|  0|   32|           1|          32|
    |select_ln184_fu_2686_p3         |    select|   0|  0|    2|           1|           1|
    |spec_select105_i_fu_710_p3      |    select|   0|  0|   32|           1|          32|
    |spec_select39_i_fu_696_p3       |    select|   0|  0|   33|           1|          31|
    |spec_select46_i_fu_766_p3       |    select|   0|  0|   33|           1|          31|
    |w0_2_fu_1505_p3                 |    select|   0|  0|   32|           1|          32|
    |w1_2_fu_1603_p3                 |    select|   0|  0|   32|           1|          32|
    |w2_2_fu_1701_p3                 |    select|   0|  0|   32|           1|          32|
    |z_2_fu_1997_p3                  |    select|   0|  0|   32|           1|          32|
    |ap_enable_pp0                   |       xor|   0|  0|    2|           1|           2|
    |brmerge45_i_fu_760_p2           |       xor|   0|  0|    2|           1|           1|
    |empty_125_fu_748_p2             |       xor|   0|  0|    2|           1|           2|
    |lnot51_i_i_i2999_i_fu_666_p2    |       xor|   0|  0|    2|           1|           2|
    |p_not36_i_fu_678_p2             |       xor|   0|  0|    2|           1|           2|
    |xor_ln168_1_fu_850_p2           |       xor|   0|  0|    2|           1|           2|
    |xor_ln168_2_fu_920_p2           |       xor|   0|  0|    2|           1|           2|
    |xor_ln168_3_fu_932_p2           |       xor|   0|  0|    2|           1|           1|
    |xor_ln168_fu_838_p2             |       xor|   0|  0|    2|           1|           2|
    |xor_ln171_1_fu_1426_p2          |       xor|   0|  0|    2|           1|           2|
    |xor_ln171_2_fu_1447_p2          |       xor|   0|  0|    2|           1|           2|
    |xor_ln171_3_fu_1458_p2          |       xor|   0|  0|    2|           1|           2|
    |xor_ln171_4_fu_1480_p2          |       xor|   0|  0|    2|           1|           2|
    |xor_ln171_fu_1145_p2            |       xor|   0|  0|    2|           1|           2|
    |xor_ln172_1_fu_1524_p2          |       xor|   0|  0|    2|           1|           2|
    |xor_ln172_2_fu_1545_p2          |       xor|   0|  0|    2|           1|           2|
    |xor_ln172_3_fu_1556_p2          |       xor|   0|  0|    2|           1|           2|
    |xor_ln172_4_fu_1578_p2          |       xor|   0|  0|    2|           1|           2|
    |xor_ln172_fu_1251_p2            |       xor|   0|  0|    2|           1|           2|
    |xor_ln173_1_fu_1622_p2          |       xor|   0|  0|    2|           1|           2|
    |xor_ln173_2_fu_1643_p2          |       xor|   0|  0|    2|           1|           2|
    |xor_ln173_3_fu_1654_p2          |       xor|   0|  0|    2|           1|           2|
    |xor_ln173_4_fu_1676_p2          |       xor|   0|  0|    2|           1|           2|
    |xor_ln173_fu_1357_p2            |       xor|   0|  0|    2|           1|           2|
    |xor_ln177_1_fu_1909_p2          |       xor|   0|  0|    2|           1|           2|
    |xor_ln177_2_fu_1935_p2          |       xor|   0|  0|    2|           1|           2|
    |xor_ln177_3_fu_1947_p2          |       xor|   0|  0|    2|           1|           2|
    |xor_ln177_4_fu_1971_p2          |       xor|   0|  0|    2|           1|           2|
    |xor_ln177_fu_1843_p2            |       xor|   0|  0|    2|           1|           2|
    |xor_ln182_1_fu_2344_p2          |       xor|   0|  0|    2|           1|           2|
    |xor_ln182_2_fu_2370_p2          |       xor|   0|  0|    2|           1|           2|
    |xor_ln182_3_fu_2382_p2          |       xor|   0|  0|    2|           1|           2|
    |xor_ln182_4_fu_2405_p2          |       xor|   0|  0|    2|           1|           2|
    |xor_ln182_fu_2301_p2            |       xor|   0|  0|    2|           1|           2|
    |xor_ln183_1_fu_2519_p2          |       xor|   0|  0|    2|           1|           2|
    |xor_ln183_2_fu_2545_p2          |       xor|   0|  0|    2|           1|           2|
    |xor_ln183_3_fu_2557_p2          |       xor|   0|  0|    2|           1|           2|
    |xor_ln183_4_fu_2580_p2          |       xor|   0|  0|    2|           1|           2|
    |xor_ln183_fu_2476_p2            |       xor|   0|  0|    2|           1|           2|
    |xor_ln184_1_fu_2694_p2          |       xor|   0|  0|    2|           1|           2|
    |xor_ln184_2_fu_2720_p2          |       xor|   0|  0|    2|           1|           2|
    |xor_ln184_3_fu_2732_p2          |       xor|   0|  0|    2|           1|           2|
    |xor_ln184_4_fu_2755_p2          |       xor|   0|  0|    2|           1|           2|
    |xor_ln184_fu_2651_p2            |       xor|   0|  0|    2|           1|           2|
    +--------------------------------+----------+----+---+-----+------------+------------+
    |Total                           |          |   0|  0| 4227|        2829|        2864|
    +--------------------------------+----------+----+---+-----+------------+------------+

    * Multiplexer: 
    +-------------------------+----+-----------+-----+-----------+
    |           Name          | LUT| Input Size| Bits| Total Bits|
    +-------------------------+----+-----------+-----+-----------+
    |ap_done_int              |   9|          2|    1|          2|
    |ap_enable_reg_pp0_iter1  |   9|          2|    1|          2|
    |ap_enable_reg_pp0_iter2  |   9|          2|    1|          2|
    |indvar_flatten_fu_160    |   9|          2|  128|        256|
    |x_fu_152                 |   9|          2|   64|        128|
    |y_fu_156                 |   9|          2|   64|        128|
    +-------------------------+----+-----------+-----+-----------+
    |Total                    |  54|         12|  259|        518|
    +-------------------------+----+-----------+-----+-----------+

    * Register: 
    +--------------------------------------------+-----+----+-----+-----------+
    |                    Name                    |  FF | LUT| Bits| Const Bits|
    +--------------------------------------------+-----+----+-----+-----------+
    |add_ln177_reg_3137                          |   64|   0|   64|          0|
    |add_ln179_reg_2926                          |   12|   0|   12|          0|
    |and_ln171_reg_2978                          |    1|   0|    1|          0|
    |and_ln172_reg_3024                          |    1|   0|    1|          0|
    |and_ln173_reg_3070                          |    1|   0|    1|          0|
    |ap_CS_fsm                                   |    1|   0|    1|          0|
    |ap_done_reg                                 |    1|   0|    1|          0|
    |ap_enable_reg_pp0_iter1                     |    1|   0|    1|          0|
    |ap_enable_reg_pp0_iter2                     |    1|   0|    1|          0|
    |ap_enable_reg_pp0_iter3                     |    1|   0|    1|          0|
    |ap_enable_reg_pp0_iter4                     |    1|   0|    1|          0|
    |ap_enable_reg_pp0_iter5                     |    1|   0|    1|          0|
    |ap_enable_reg_pp0_iter6                     |    1|   0|    1|          0|
    |ap_loop_exit_ready_pp0_iter2_reg            |    1|   0|    1|          0|
    |ap_loop_exit_ready_pp0_iter3_reg            |    1|   0|    1|          0|
    |ap_loop_exit_ready_pp0_iter4_reg            |    1|   0|    1|          0|
    |ap_loop_exit_ready_pp0_iter5_reg            |    1|   0|    1|          0|
    |icmp_ln171_1_reg_2990                       |    1|   0|    1|          0|
    |icmp_ln171_2_reg_2997                       |    1|   0|    1|          0|
    |icmp_ln171_reg_2985                         |    1|   0|    1|          0|
    |icmp_ln172_1_reg_3036                       |    1|   0|    1|          0|
    |icmp_ln172_2_reg_3043                       |    1|   0|    1|          0|
    |icmp_ln172_reg_3031                         |    1|   0|    1|          0|
    |icmp_ln173_1_reg_3082                       |    1|   0|    1|          0|
    |icmp_ln173_2_reg_3089                       |    1|   0|    1|          0|
    |icmp_ln173_reg_3077                         |    1|   0|    1|          0|
    |icmp_ln179_reg_3174                         |    1|   0|    1|          0|
    |indvar_flatten_fu_160                       |  128|   0|  128|          0|
    |local_depth_addr_reg_3094                   |   12|   0|   12|          0|
    |local_normal_x_addr_reg_3100                |   12|   0|   12|          0|
    |local_normal_x_addr_reg_3100_pp0_iter5_reg  |   12|   0|   12|          0|
    |local_normal_y_addr_reg_3105                |   12|   0|   12|          0|
    |local_normal_y_addr_reg_3105_pp0_iter5_reg  |   12|   0|   12|          0|
    |local_normal_z_addr_reg_3110                |   12|   0|   12|          0|
    |local_normal_z_addr_reg_3110_pp0_iter5_reg  |   12|   0|   12|          0|
    |mul_ln171_2_reg_2956                        |   97|   0|   97|          0|
    |mul_ln172_2_reg_3002                        |   97|   0|   97|          0|
    |mul_ln173_2_reg_3048                        |   97|   0|   97|          0|
    |mul_ln177_2_reg_3159                        |   64|   0|   64|          0|
    |px_1_reg_2936                               |   32|   0|   32|          0|
    |py_1_reg_2931                               |   32|   0|   32|          0|
    |sext_ln164_10_reg_2855                      |   63|   0|   63|          0|
    |sext_ln164_11_reg_2860                      |   33|   0|   33|          0|
    |sext_ln164_12_reg_2865                      |   97|   0|   97|          0|
    |sext_ln164_13_reg_2872                      |   33|   0|   33|          0|
    |sext_ln164_14_reg_2877                      |   33|   0|   33|          0|
    |sext_ln164_15_reg_2882                      |   33|   0|   33|          0|
    |sext_ln164_16_reg_2887                      |   33|   0|   33|          0|
    |sext_ln164_17_reg_2892                      |   33|   0|   33|          0|
    |sext_ln164_18_reg_2897                      |   64|   0|   64|          0|
    |sext_ln164_19_reg_2902                      |   64|   0|   64|          0|
    |sext_ln164_1_reg_2815                       |   64|   0|   64|          0|
    |sext_ln164_20_reg_2907                      |   63|   0|   63|          0|
    |sext_ln164_21_reg_2912                      |   64|   0|   64|          0|
    |sext_ln164_23_reg_2917                      |   64|   0|   64|          0|
    |sext_ln164_3_reg_2820                       |   64|   0|   64|          0|
    |sext_ln164_4_reg_2825                       |   63|   0|   63|          0|
    |sext_ln164_5_reg_2830                       |   64|   0|   64|          0|
    |sext_ln164_6_reg_2835                       |   64|   0|   64|          0|
    |sext_ln164_7_reg_2840                       |   63|   0|   63|          0|
    |sext_ln164_8_reg_2845                       |   64|   0|   64|          0|
    |sext_ln164_9_reg_2850                       |   64|   0|   64|          0|
    |sext_ln177_2_reg_3152                       |   64|   0|   64|          0|
    |sext_ln177_reg_3130                         |   64|   0|   64|          0|
    |sub_ln171_2_reg_2941                        |   66|   0|   66|          0|
    |sub_ln172_1_reg_2946                        |   66|   0|   66|          0|
    |sub_ln173_reg_2951                          |   66|   0|   66|          0|
    |tmp_10_reg_3236                             |   17|   0|   17|          0|
    |tmp_11_reg_3263                             |   16|   0|   16|          0|
    |tmp_12_reg_3268                             |   17|   0|   17|          0|
    |tmp_1_reg_3204                              |   17|   0|   17|          0|
    |tmp_24_reg_2961                             |    1|   0|    1|          0|
    |tmp_27_reg_2972                             |    1|   0|    1|          0|
    |tmp_29_reg_3007                             |    1|   0|    1|          0|
    |tmp_2_reg_3231                              |   16|   0|   16|          0|
    |tmp_32_reg_3018                             |    1|   0|    1|          0|
    |tmp_34_reg_3053                             |    1|   0|    1|          0|
    |tmp_37_reg_3064                             |    1|   0|    1|          0|
    |tmp_39_reg_3115                             |    1|   0|    1|          0|
    |tmp_39_reg_3115_pp0_iter5_reg               |    1|   0|    1|          0|
    |tmp_40_reg_3119                             |    1|   0|    1|          0|
    |tmp_40_reg_3119_pp0_iter5_reg               |    1|   0|    1|          0|
    |tmp_46_reg_3188                             |    1|   0|    1|          0|
    |tmp_51_reg_3220                             |    1|   0|    1|          0|
    |tmp_56_reg_3252                             |    1|   0|    1|          0|
    |tmp_s_reg_3199                              |   16|   0|   16|          0|
    |trunc_ln177_1_reg_3147                      |   49|   0|   49|          0|
    |trunc_ln177_2_reg_3164                      |   48|   0|   48|          0|
    |trunc_ln177_3_reg_3169                      |   49|   0|   49|          0|
    |trunc_ln177_reg_3142                        |   48|   0|   48|          0|
    |trunc_ln182_1_reg_3194                      |   32|   0|   32|          0|
    |trunc_ln182_2_reg_3178                      |   49|   0|   49|          0|
    |trunc_ln182_4_reg_3183                      |   49|   0|   49|          0|
    |trunc_ln183_1_reg_3226                      |   32|   0|   32|          0|
    |trunc_ln183_2_reg_3210                      |   49|   0|   49|          0|
    |trunc_ln183_4_reg_3215                      |   49|   0|   49|          0|
    |trunc_ln184_1_reg_3258                      |   32|   0|   32|          0|
    |trunc_ln184_2_reg_3242                      |   49|   0|   49|          0|
    |trunc_ln184_4_reg_3247                      |   49|   0|   49|          0|
    |w0_1_reg_2967                               |   32|   0|   32|          0|
    |w1_1_reg_3013                               |   32|   0|   32|          0|
    |w2_1_reg_3059                               |   32|   0|   32|          0|
    |x_fu_152                                    |   64|   0|   64|          0|
    |y_fu_156                                    |   64|   0|   64|          0|
    |zext_ln177_reg_3123                         |   32|   0|   63|         31|
    |add_ln179_reg_2926                          |   64|  32|   12|          0|
    +--------------------------------------------+-----+----+-----+-----------+
    |Total                                       | 3261|  32| 3240|         31|
    +--------------------------------------------+-----+----+-----+-----------+



================================================================
== Interface
================================================================
* Summary: 
+-------------------------+-----+-----+------------+---------------------------------------------------------+--------------+
|        RTL Ports        | Dir | Bits|  Protocol  |                      Source Object                      |    C Type    |
+-------------------------+-----+-----+------------+---------------------------------------------------------+--------------+
|ap_clk                   |   in|    1|  ap_ctrl_hs|  k4_rasterize_Pipeline_VITIS_LOOP_164_4_VITIS_LOOP_165_5|  return value|
|ap_rst                   |   in|    1|  ap_ctrl_hs|  k4_rasterize_Pipeline_VITIS_LOOP_164_4_VITIS_LOOP_165_5|  return value|
|ap_start                 |   in|    1|  ap_ctrl_hs|  k4_rasterize_Pipeline_VITIS_LOOP_164_4_VITIS_LOOP_165_5|  return value|
|ap_done                  |  out|    1|  ap_ctrl_hs|  k4_rasterize_Pipeline_VITIS_LOOP_164_4_VITIS_LOOP_165_5|  return value|
|ap_idle                  |  out|    1|  ap_ctrl_hs|  k4_rasterize_Pipeline_VITIS_LOOP_164_4_VITIS_LOOP_165_5|  return value|
|ap_ready                 |  out|    1|  ap_ctrl_hs|  k4_rasterize_Pipeline_VITIS_LOOP_164_4_VITIS_LOOP_165_5|  return value|
|sext_ln164_2             |   in|   32|     ap_none|                                             sext_ln164_2|        scalar|
|sext_ln164               |   in|   32|     ap_none|                                               sext_ln164|        scalar|
|curr_bounds_max_x        |   in|   32|     ap_none|                                        curr_bounds_max_x|        scalar|
|mul_ln161                |   in|  128|     ap_none|                                                mul_ln161|        scalar|
|curr_tri_v0_z_cast_i     |   in|   32|     ap_none|                                     curr_tri_v0_z_cast_i|        scalar|
|conv7_i1138_i            |   in|   32|     ap_none|                                            conv7_i1138_i|        scalar|
|conv7_i1049_i            |   in|   32|     ap_none|                                            conv7_i1049_i|        scalar|
|local_depth_address0     |  out|   12|   ap_memory|                                              local_depth|         array|
|local_depth_ce0          |  out|    1|   ap_memory|                                              local_depth|         array|
|local_depth_we0          |  out|    1|   ap_memory|                                              local_depth|         array|
|local_depth_d0           |  out|   32|   ap_memory|                                              local_depth|         array|
|local_depth_address1     |  out|   12|   ap_memory|                                              local_depth|         array|
|local_depth_ce1          |  out|    1|   ap_memory|                                              local_depth|         array|
|local_depth_q1           |   in|   32|   ap_memory|                                              local_depth|         array|
|local_normal_x_address0  |  out|   12|   ap_memory|                                           local_normal_x|         array|
|local_normal_x_ce0       |  out|    1|   ap_memory|                                           local_normal_x|         array|
|local_normal_x_we0       |  out|    1|   ap_memory|                                           local_normal_x|         array|
|local_normal_x_d0        |  out|   32|   ap_memory|                                           local_normal_x|         array|
|local_normal_y_address0  |  out|   12|   ap_memory|                                           local_normal_y|         array|
|local_normal_y_ce0       |  out|    1|   ap_memory|                                           local_normal_y|         array|
|local_normal_y_we0       |  out|    1|   ap_memory|                                           local_normal_y|         array|
|local_normal_y_d0        |  out|   32|   ap_memory|                                           local_normal_y|         array|
|local_normal_z_address0  |  out|   12|   ap_memory|                                           local_normal_z|         array|
|local_normal_z_ce0       |  out|    1|   ap_memory|                                           local_normal_z|         array|
|local_normal_z_we0       |  out|    1|   ap_memory|                                           local_normal_z|         array|
|local_normal_z_d0        |  out|   32|   ap_memory|                                           local_normal_z|         array|
|sext_ln159_2             |   in|   32|     ap_none|                                             sext_ln159_2|        scalar|
|sext_ln159_7             |   in|   32|     ap_none|                                             sext_ln159_7|        scalar|
|sext_ln159_3             |   in|   32|     ap_none|                                             sext_ln159_3|        scalar|
|sext_ln159               |   in|   32|     ap_none|                                               sext_ln159|        scalar|
|sext_ln159_6             |   in|   32|     ap_none|                                             sext_ln159_6|        scalar|
|inv_area_1_cast_i        |   in|   32|     ap_none|                                        inv_area_1_cast_i|        scalar|
|sext_ln159_1             |   in|   32|     ap_none|                                             sext_ln159_1|        scalar|
|curr_tri_n0_x_cast_i     |   in|   32|     ap_none|                                     curr_tri_n0_x_cast_i|        scalar|
|conv7_i819_i             |   in|   32|     ap_none|                                             conv7_i819_i|        scalar|
|conv7_i730_i             |   in|   32|     ap_none|                                             conv7_i730_i|        scalar|
|curr_tri_n0_y_cast_i     |   in|   32|     ap_none|                                     curr_tri_n0_y_cast_i|        scalar|
|conv7_i502_i             |   in|   32|     ap_none|                                             conv7_i502_i|        scalar|
|conv7_i413_i             |   in|   32|     ap_none|                                             conv7_i413_i|        scalar|
|curr_tri_n0_z_cast_i     |   in|   32|     ap_none|                                     curr_tri_n0_z_cast_i|        scalar|
|conv7_i185_i             |   in|   32|     ap_none|                                             conv7_i185_i|        scalar|
|conv7_i_i                |   in|   32|     ap_none|                                                conv7_i_i|        scalar|
+-------------------------+-----+-----+------------+---------------------------------------------------------+--------------+

