

================================================================
== Vitis HLS Report for 'k4_rasterize'
================================================================
* Date:           Tue Mar 31 00:59:02 2026

* Version:        2025.1.1 (Build 6214317 on Sep 11 2025)
* Project:        project_1
* Solution:       hls (Vivado IP Flow Target)
* Product family: zynquplus
* Target device:  xczu3eg-sbva484-1-e


================================================================
== Performance Estimates
================================================================
+ Timing: 
    * Summary: 
    +--------+----------+----------+------------+
    |  Clock |  Target  | Estimated| Uncertainty|
    +--------+----------+----------+------------+
    |ap_clk  |  10.00 ns|  7.275 ns|     2.70 ns|
    +--------+----------+----------+------------+

+ Latency: 
    * Summary: 
    +---------+---------+----------+----------+-----+-----+---------+
    |  Latency (cycles) |  Latency (absolute) |  Interval | Pipeline|
    |   min   |   max   |    min   |    max   | min | max |   Type  |
    +---------+---------+----------+----------+-----+-----+---------+
    |        ?|        ?|         ?|         ?|    ?|    ?|       no|
    +---------+---------+----------+----------+-----+-----+---------+

    + Detail: 
        * Instance: 
        +--------------------------------------------------------------------+---------------------------------------------------------+---------+---------+----------+----------+-----+-----+------------------------------------------------+
        |                                                                    |                                                         |  Latency (cycles) |  Latency (absolute) |  Interval |                    Pipeline                    |
        |                              Instance                              |                          Module                         |   min   |   max   |    min   |    max   | min | max |                      Type                      |
        +--------------------------------------------------------------------+---------------------------------------------------------+---------+---------+----------+----------+-----+-----+------------------------------------------------+
        |grp_k4_rasterize_Pipeline_VITIS_LOOP_163_4_VITIS_LOOP_164_5_fu_520  |k4_rasterize_Pipeline_VITIS_LOOP_163_4_VITIS_LOOP_164_5  |        ?|        ?|         ?|         ?|    0|    0|  loop auto-rewind stp (delay=0 clock cycles(s))|
        +--------------------------------------------------------------------+---------------------------------------------------------+---------+---------+----------+----------+-----+-----+------------------------------------------------+

        * Loop: 
        +---------------------+---------+---------+----------+-----------+-----------+------+----------+
        |                     |  Latency (cycles) | Iteration|  Initiation Interval  | Trip |          |
        |      Loop Name      |   min   |   max   |  Latency |  achieved |   target  | Count| Pipelined|
        +---------------------+---------+---------+----------+-----------+-----------+------+----------+
        |- VITIS_LOOP_136_1   |     4224|     4224|        66|          -|          -|    64|        no|
        | + VITIS_LOOP_137_2  |       64|       64|         1|          -|          -|    64|        no|
        |- VITIS_LOOP_144_3   |        ?|        ?|         ?|          -|          -|   128|        no|
        |- VITIS_LOOP_191_6   |     8320|     8320|       130|          -|          -|    64|        no|
        | + VITIS_LOOP_192_7  |      128|      128|         2|          -|          -|    64|        no|
        +---------------------+---------+---------+----------+-----------+-----------+------+----------+



================================================================
== Utilization Estimates
================================================================
* Summary: 
+-----------------+---------+-----+--------+-------+-----+
|       Name      | BRAM_18K| DSP |   FF   |  LUT  | URAM|
+-----------------+---------+-----+--------+-------+-----+
|DSP              |        -|    -|       -|      -|    -|
|Expression       |        -|    -|       0|   1088|    -|
|FIFO             |        -|    -|       -|      -|    -|
|Instance         |        -|  120|    3679|   5168|    -|
|Memory           |       32|    -|       0|      0|    0|
|Multiplexer      |        -|    -|       0|    721|    -|
|Register         |        -|    -|    1201|      -|    -|
+-----------------+---------+-----+--------+-------+-----+
|Total            |       32|  120|    4880|   6977|    0|
+-----------------+---------+-----+--------+-------+-----+
|Available        |      432|  360|  141120|  70560|    0|
+-----------------+---------+-----+--------+-------+-----+
|Utilization (%)  |        7|   33|       3|      9|    0|
+-----------------+---------+-----+--------+-------+-----+

+ Detail: 
    * Instance: 
    +--------------------------------------------------------------------+---------------------------------------------------------+---------+----+------+------+-----+
    |                              Instance                              |                          Module                         | BRAM_18K| DSP|  FF  |  LUT | URAM|
    +--------------------------------------------------------------------+---------------------------------------------------------+---------+----+------+------+-----+
    |grp_k4_rasterize_Pipeline_VITIS_LOOP_163_4_VITIS_LOOP_164_5_fu_520  |k4_rasterize_Pipeline_VITIS_LOOP_163_4_VITIS_LOOP_164_5  |        0|  96|  3261|  4829|    0|
    |mul_33s_33s_65_1_1_U192                                             |mul_33s_33s_65_1_1                                       |        0|   4|     0|    21|    0|
    |mul_33s_33s_65_1_1_U193                                             |mul_33s_33s_65_1_1                                       |        0|   4|     0|    21|    0|
    |mul_64ns_64ns_128_1_1_U194                                          |mul_64ns_64ns_128_1_1                                    |        0|  16|     0|    45|    0|
    |sdiv_34ns_32s_34_38_seq_1_U195                                      |sdiv_34ns_32s_34_38_seq_1                                |        0|   0|   418|   252|    0|
    +--------------------------------------------------------------------+---------------------------------------------------------+---------+----+------+------+-----+
    |Total                                                               |                                                         |        0| 120|  3679|  5168|    0|
    +--------------------------------------------------------------------+---------------------------------------------------------+---------+----+------+------+-----+

    * DSP: 
    N/A

    * Memory: 
    +------------------+-------------------------------------------+---------+---+----+-----+------+-----+------+-------------+
    |      Memory      |                   Module                  | BRAM_18K| FF| LUT| URAM| Words| Bits| Banks| W*Bits*Banks|
    +------------------+-------------------------------------------+---------+---+----+-----+------+-----+------+-------------+
    |local_depth_U     |k4_rasterize_local_depth_RAM_AUTO_1R1W     |        8|  0|   0|    0|  4096|   32|     1|       131072|
    |local_normal_x_U  |k4_rasterize_local_normal_x_RAM_AUTO_1R1W  |        8|  0|   0|    0|  4096|   32|     1|       131072|
    |local_normal_y_U  |k4_rasterize_local_normal_x_RAM_AUTO_1R1W  |        8|  0|   0|    0|  4096|   32|     1|       131072|
    |local_normal_z_U  |k4_rasterize_local_normal_x_RAM_AUTO_1R1W  |        8|  0|   0|    0|  4096|   32|     1|       131072|
    +------------------+-------------------------------------------+---------+---+----+-----+------+-----+------+-------------+
    |Total             |                                           |       32|  0|   0|    0| 16384|  128|     4|       524288|
    +------------------+-------------------------------------------+---------+---+----+-----+------+-----+------+-------------+

    * FIFO: 
    N/A

    * Expression: 
    +----------------------------------+----------+----+---+----+------------+------------+
    |           Variable Name          | Operation| DSP| FF| LUT| Bitwidth P0| Bitwidth P1|
    +----------------------------------+----------+----+---+----+------------+------------+
    |add_ln136_fu_577_p2               |         +|   0|  0|  14|           7|           1|
    |add_ln137_fu_606_p2               |         +|   0|  0|  14|           7|           1|
    |add_ln138_fu_616_p2               |         +|   0|  0|  19|          12|          12|
    |add_ln144_fu_642_p2               |         +|   0|  0|  15|           8|           1|
    |add_ln163_1_fu_981_p2             |         +|   0|  0|  40|          33|           1|
    |add_ln163_fu_1011_p2              |         +|   0|  0|  40|          33|           1|
    |add_ln191_fu_1171_p2              |         +|   0|  0|  14|           7|           1|
    |add_ln192_fu_1195_p2              |         +|   0|  0|  14|           7|           1|
    |add_ln193_fu_1205_p2              |         +|   0|  0|  19|          12|          12|
    |area_1_fu_771_p2                  |         +|   0|  0|  39|          32|          32|
    |sub_ln158_1_fu_670_p2             |         -|   0|  0|  40|          33|          33|
    |sub_ln158_2_fu_690_p2             |         -|   0|  0|  40|          33|          33|
    |sub_ln158_3_fu_700_p2             |         -|   0|  0|  40|          33|          33|
    |sub_ln158_4_fu_727_p2             |         -|   0|  0|  73|          66|          66|
    |sub_ln158_fu_656_p2               |         -|   0|  0|  40|          33|          33|
    |sub_ln163_1_fu_1035_p2            |         -|   0|  0|  41|          34|          34|
    |sub_ln163_fu_1005_p2              |         -|   0|  0|  41|          34|          34|
    |and_ln158_1_fu_857_p2             |       and|   0|  0|   2|           1|           1|
    |and_ln158_2_fu_871_p2             |       and|   0|  0|   2|           1|           1|
    |and_ln158_3_fu_895_p2             |       and|   0|  0|   2|           1|           1|
    |and_ln158_4_fu_901_p2             |       and|   0|  0|   2|           1|           1|
    |and_ln158_5_fu_919_p2             |       and|   0|  0|   2|           1|           1|
    |and_ln158_fu_791_p2               |       and|   0|  0|   2|           1|           1|
    |and_ln160_1_fu_1129_p2            |       and|   0|  0|   2|           1|           1|
    |and_ln160_fu_1111_p2              |       and|   0|  0|   2|           1|           1|
    |ap_block_state43_on_subcall_done  |       and|   0|  0|   2|           1|           1|
    |ap_predicate_op359_call_state43   |       and|   0|  0|   2|           1|           1|
    |empty_127_fu_1017_p2              |      icmp|   0|  0|  40|          33|          33|
    |empty_fu_987_p2                   |      icmp|   0|  0|  40|          33|          33|
    |icmp_ln136_fu_571_p2              |      icmp|   0|  0|  15|           7|           8|
    |icmp_ln137_fu_600_p2              |      icmp|   0|  0|  15|           7|           8|
    |icmp_ln144_fu_636_p2              |      icmp|   0|  0|  16|           8|           9|
    |icmp_ln158_1_fu_831_p2            |      icmp|   0|  0|  25|          18|           2|
    |icmp_ln158_2_fu_837_p2            |      icmp|   0|  0|  25|          18|           1|
    |icmp_ln158_fu_815_p2              |      icmp|   0|  0|  24|          17|           2|
    |icmp_ln159_fu_947_p2              |      icmp|   0|  0|  39|          32|           1|
    |icmp_ln160_1_fu_1093_p2           |      icmp|   0|  0|   9|           2|           1|
    |icmp_ln160_fu_1087_p2             |      icmp|   0|  0|   9|           2|           2|
    |icmp_ln191_fu_1165_p2             |      icmp|   0|  0|  15|           7|           8|
    |icmp_ln192_fu_1189_p2             |      icmp|   0|  0|  15|           7|           8|
    |ap_block_state1                   |        or|   0|  0|   2|           1|           1|
    |ap_block_state4                   |        or|   0|  0|   2|           1|           1|
    |local_depth_we0                   |        or|   0|  0|   2|           1|           1|
    |local_normal_x_we0                |        or|   0|  0|   2|           1|           1|
    |local_normal_y_we0                |        or|   0|  0|   2|           1|           1|
    |local_normal_z_we0                |        or|   0|  0|   2|           1|           1|
    |or_ln158_1_fu_933_p2              |        or|   0|  0|   2|           1|           1|
    |or_ln158_2_fu_907_p2              |        or|   0|  0|   2|           1|           1|
    |or_ln158_fu_883_p2                |        or|   0|  0|   2|           1|           1|
    |or_ln160_1_fu_1123_p2             |        or|   0|  0|   2|           1|           1|
    |or_ln160_2_fu_1143_p2             |        or|   0|  0|   2|           1|           1|
    |or_ln160_fu_1099_p2               |        or|   0|  0|   2|           1|           1|
    |area_2_fu_939_p3                  |    select|   0|  0|  32|           1|          32|
    |inv_area_1_fu_1149_p3             |    select|   0|  0|  32|           1|          32|
    |select_ln158_1_fu_863_p3          |    select|   0|  0|   2|           1|           1|
    |select_ln158_2_fu_925_p3          |    select|   0|  0|  33|           1|          31|
    |select_ln158_fu_843_p3            |    select|   0|  0|   2|           1|           1|
    |select_ln160_fu_1135_p3           |    select|   0|  0|  33|           1|          31|
    |smax1_fu_1023_p3                  |    select|   0|  0|  33|           1|          33|
    |smax_fu_993_p3                    |    select|   0|  0|  33|           1|          33|
    |xor_ln158_1_fu_851_p2             |       xor|   0|  0|   2|           1|           2|
    |xor_ln158_2_fu_877_p2             |       xor|   0|  0|   2|           1|           2|
    |xor_ln158_3_fu_889_p2             |       xor|   0|  0|   2|           1|           2|
    |xor_ln158_4_fu_913_p2             |       xor|   0|  0|   2|           1|           2|
    |xor_ln158_fu_785_p2               |       xor|   0|  0|   2|           1|           2|
    |xor_ln160_1_fu_1117_p2            |       xor|   0|  0|   2|           1|           2|
    |xor_ln160_fu_1105_p2              |       xor|   0|  0|   2|           1|           2|
    +----------------------------------+----------+----+---+----+------------+------------+
    |Total                             |          |   0|  0|1088|         652|         675|
    +----------------------------------+----------+----+---+----+------------+------------+

    * Multiplexer: 
    +---------------------------------+-----+-----------+-----+-----------+
    |               Name              | LUT | Input Size| Bits| Total Bits|
    +---------------------------------+-----+-----------+-----+-----------+
    |ap_NS_fsm                        |  215|         47|    1|         47|
    |ap_done                          |    9|          2|    1|          2|
    |bounds_max_x_blk_n               |    9|          2|    1|          2|
    |bounds_max_y_blk_n               |    9|          2|    1|          2|
    |bounds_min_x_blk_n               |    9|          2|    1|          2|
    |bounds_min_y_blk_n               |    9|          2|    1|          2|
    |i_fu_192                         |    9|          2|    8|         16|
    |local_depth_address0             |    9|          2|   12|         24|
    |local_depth_address0_local       |   14|          3|   12|         36|
    |local_depth_ce0                  |    9|          2|    1|          2|
    |local_depth_ce1                  |    9|          2|    1|          2|
    |local_depth_d0                   |    9|          2|   32|         64|
    |local_depth_we0                  |    9|          2|    1|          2|
    |local_normal_x_address0          |    9|          2|   12|         24|
    |local_normal_x_address0_local    |   14|          3|   12|         36|
    |local_normal_x_ce0               |    9|          2|    1|          2|
    |local_normal_x_d0                |    9|          2|   32|         64|
    |local_normal_x_we0               |    9|          2|    1|          2|
    |local_normal_y_address0          |    9|          2|   12|         24|
    |local_normal_y_address0_local    |   14|          3|   12|         36|
    |local_normal_y_ce0               |    9|          2|    1|          2|
    |local_normal_y_d0                |    9|          2|   32|         64|
    |local_normal_y_we0               |    9|          2|    1|          2|
    |local_normal_z_address0          |    9|          2|   12|         24|
    |local_normal_z_address0_local    |   14|          3|   12|         36|
    |local_normal_z_ce0               |    9|          2|    1|          2|
    |local_normal_z_d0                |    9|          2|   32|         64|
    |local_normal_z_we0               |    9|          2|    1|          2|
    |screen_tris_out_color_blk_n      |    9|          2|    1|          2|
    |screen_tris_out_is_active_blk_n  |    9|          2|    1|          2|
    |screen_tris_out_n0_x_blk_n       |    9|          2|    1|          2|
    |screen_tris_out_n0_y_blk_n       |    9|          2|    1|          2|
    |screen_tris_out_n0_z_blk_n       |    9|          2|    1|          2|
    |screen_tris_out_n1_x_blk_n       |    9|          2|    1|          2|
    |screen_tris_out_n1_y_blk_n       |    9|          2|    1|          2|
    |screen_tris_out_n1_z_blk_n       |    9|          2|    1|          2|
    |screen_tris_out_n2_x_blk_n       |    9|          2|    1|          2|
    |screen_tris_out_n2_y_blk_n       |    9|          2|    1|          2|
    |screen_tris_out_n2_z_blk_n       |    9|          2|    1|          2|
    |screen_tris_out_v0_w_blk_n       |    9|          2|    1|          2|
    |screen_tris_out_v0_x_blk_n       |    9|          2|    1|          2|
    |screen_tris_out_v0_y_blk_n       |    9|          2|    1|          2|
    |screen_tris_out_v0_z_blk_n       |    9|          2|    1|          2|
    |screen_tris_out_v1_w_blk_n       |    9|          2|    1|          2|
    |screen_tris_out_v1_x_blk_n       |    9|          2|    1|          2|
    |screen_tris_out_v1_y_blk_n       |    9|          2|    1|          2|
    |screen_tris_out_v1_z_blk_n       |    9|          2|    1|          2|
    |screen_tris_out_v2_w_blk_n       |    9|          2|    1|          2|
    |screen_tris_out_v2_x_blk_n       |    9|          2|    1|          2|
    |screen_tris_out_v2_y_blk_n       |    9|          2|    1|          2|
    |screen_tris_out_v2_z_blk_n       |    9|          2|    1|          2|
    |x_1_reg_509                      |    9|          2|    7|         14|
    |x_reg_498                        |    9|          2|    7|         14|
    |y_1_fu_196                       |    9|          2|    7|         14|
    |y_fu_172                         |    9|          2|    7|         14|
    +---------------------------------+-----+-----------+-----+-----------+
    |Total                            |  721|        159|  298|        689|
    +---------------------------------+-----+-----------+-----+-----------+

    * Register: 
    +---------------------------------------------------------------------------------+-----+----+-----+-----------+
    |                                       Name                                      |  FF | LUT| Bits| Const Bits|
    +---------------------------------------------------------------------------------+-----+----+-----+-----------+
    |add_ln136_reg_1232                                                               |    7|   0|    7|          0|
    |add_ln144_reg_1260                                                               |    8|   0|    8|          0|
    |add_ln191_reg_1433                                                               |    7|   0|    7|          0|
    |add_ln192_reg_1446                                                               |    7|   0|    7|          0|
    |ap_CS_fsm                                                                        |   46|   0|   46|          0|
    |ap_done_reg                                                                      |    1|   0|    1|          0|
    |curr_bounds_max_x_reg_1373                                                       |   32|   0|   32|          0|
    |curr_bounds_max_y_reg_1379                                                       |   32|   0|   32|          0|
    |curr_bounds_min_x_reg_1359                                                       |   32|   0|   32|          0|
    |curr_bounds_min_y_reg_1366                                                       |   32|   0|   32|          0|
    |curr_tri_is_active_reg_1355                                                      |    1|   0|    1|          0|
    |curr_tri_n0_x_reg_1310                                                           |   32|   0|   32|          0|
    |curr_tri_n0_y_reg_1315                                                           |   32|   0|   32|          0|
    |curr_tri_n0_z_reg_1320                                                           |   32|   0|   32|          0|
    |curr_tri_n1_x_reg_1325                                                           |   32|   0|   32|          0|
    |curr_tri_n1_y_reg_1330                                                           |   32|   0|   32|          0|
    |curr_tri_n1_z_reg_1335                                                           |   32|   0|   32|          0|
    |curr_tri_n2_x_reg_1340                                                           |   32|   0|   32|          0|
    |curr_tri_n2_y_reg_1345                                                           |   32|   0|   32|          0|
    |curr_tri_n2_z_reg_1350                                                           |   32|   0|   32|          0|
    |curr_tri_v0_x_reg_1265                                                           |   32|   0|   32|          0|
    |curr_tri_v0_y_reg_1270                                                           |   32|   0|   32|          0|
    |curr_tri_v0_z_reg_1275                                                           |   32|   0|   32|          0|
    |curr_tri_v1_x_reg_1280                                                           |   32|   0|   32|          0|
    |curr_tri_v1_y_reg_1285                                                           |   32|   0|   32|          0|
    |curr_tri_v1_z_reg_1290                                                           |   32|   0|   32|          0|
    |curr_tri_v2_x_reg_1295                                                           |   32|   0|   32|          0|
    |curr_tri_v2_y_reg_1300                                                           |   32|   0|   32|          0|
    |curr_tri_v2_z_reg_1305                                                           |   32|   0|   32|          0|
    |grp_k4_rasterize_Pipeline_VITIS_LOOP_163_4_VITIS_LOOP_164_5_fu_520_ap_start_reg  |    1|   0|    1|          0|
    |i_fu_192                                                                         |    8|   0|    8|          0|
    |icmp_ln159_reg_1401                                                              |    1|   0|    1|          0|
    |inv_area_1_reg_1425                                                              |   32|   0|   32|          0|
    |mul_ln158_1_reg_1389                                                             |   65|   0|   65|          0|
    |mul_ln158_reg_1384                                                               |   65|   0|   65|          0|
    |mul_ln160_reg_1420                                                               |  128|   0|  128|          0|
    |sub_ln163_1_reg_1415                                                             |   34|   0|   34|          0|
    |sub_ln163_reg_1410                                                               |   34|   0|   34|          0|
    |tmp_13_reg_1438                                                                  |    6|   0|   12|          6|
    |tmp_s_reg_1237                                                                   |    6|   0|   12|          6|
    |x_1_reg_509                                                                      |    7|   0|    7|          0|
    |x_reg_498                                                                        |    7|   0|    7|          0|
    |y_1_fu_196                                                                       |    7|   0|    7|          0|
    |y_fu_172                                                                         |    7|   0|    7|          0|
    |zext_ln193_1_reg_1451                                                            |   12|   0|   64|         52|
    +---------------------------------------------------------------------------------+-----+----+-----+-----------+
    |Total                                                                            | 1201|   0| 1265|         64|
    +---------------------------------------------------------------------------------+-----+----+-----+-----------+



================================================================
== Interface
================================================================
* Summary: 
+------------------------------------------+-----+-----+------------+---------------------------+--------------+
|                 RTL Ports                | Dir | Bits|  Protocol  |       Source Object       |    C Type    |
+------------------------------------------+-----+-----+------------+---------------------------+--------------+
|ap_clk                                    |   in|    1|  ap_ctrl_hs|               k4_rasterize|  return value|
|ap_rst                                    |   in|    1|  ap_ctrl_hs|               k4_rasterize|  return value|
|ap_start                                  |   in|    1|  ap_ctrl_hs|               k4_rasterize|  return value|
|ap_done                                   |  out|    1|  ap_ctrl_hs|               k4_rasterize|  return value|
|ap_continue                               |   in|    1|  ap_ctrl_hs|               k4_rasterize|  return value|
|ap_idle                                   |  out|    1|  ap_ctrl_hs|               k4_rasterize|  return value|
|ap_ready                                  |  out|    1|  ap_ctrl_hs|               k4_rasterize|  return value|
|depth_buffer_address0                     |  out|   12|   ap_memory|               depth_buffer|         array|
|depth_buffer_ce0                          |  out|    1|   ap_memory|               depth_buffer|         array|
|depth_buffer_we0                          |  out|    1|   ap_memory|               depth_buffer|         array|
|depth_buffer_d0                           |  out|   32|   ap_memory|               depth_buffer|         array|
|normal_buffer_x_address0                  |  out|   12|   ap_memory|            normal_buffer_x|         array|
|normal_buffer_x_ce0                       |  out|    1|   ap_memory|            normal_buffer_x|         array|
|normal_buffer_x_we0                       |  out|    1|   ap_memory|            normal_buffer_x|         array|
|normal_buffer_x_d0                        |  out|   32|   ap_memory|            normal_buffer_x|         array|
|normal_buffer_y_address0                  |  out|   12|   ap_memory|            normal_buffer_y|         array|
|normal_buffer_y_ce0                       |  out|    1|   ap_memory|            normal_buffer_y|         array|
|normal_buffer_y_we0                       |  out|    1|   ap_memory|            normal_buffer_y|         array|
|normal_buffer_y_d0                        |  out|   32|   ap_memory|            normal_buffer_y|         array|
|normal_buffer_z_address0                  |  out|   12|   ap_memory|            normal_buffer_z|         array|
|normal_buffer_z_ce0                       |  out|    1|   ap_memory|            normal_buffer_z|         array|
|normal_buffer_z_we0                       |  out|    1|   ap_memory|            normal_buffer_z|         array|
|normal_buffer_z_d0                        |  out|   32|   ap_memory|            normal_buffer_z|         array|
|screen_tris_out_v0_x_dout                 |   in|   32|     ap_fifo|       screen_tris_out_v0_x|       pointer|
|screen_tris_out_v0_x_empty_n              |   in|    1|     ap_fifo|       screen_tris_out_v0_x|       pointer|
|screen_tris_out_v0_x_read                 |  out|    1|     ap_fifo|       screen_tris_out_v0_x|       pointer|
|screen_tris_out_v0_x_num_data_valid       |   in|    3|     ap_fifo|       screen_tris_out_v0_x|       pointer|
|screen_tris_out_v0_x_fifo_cap             |   in|    3|     ap_fifo|       screen_tris_out_v0_x|       pointer|
|screen_tris_out_v0_y_dout                 |   in|   32|     ap_fifo|       screen_tris_out_v0_y|       pointer|
|screen_tris_out_v0_y_empty_n              |   in|    1|     ap_fifo|       screen_tris_out_v0_y|       pointer|
|screen_tris_out_v0_y_read                 |  out|    1|     ap_fifo|       screen_tris_out_v0_y|       pointer|
|screen_tris_out_v0_y_num_data_valid       |   in|    3|     ap_fifo|       screen_tris_out_v0_y|       pointer|
|screen_tris_out_v0_y_fifo_cap             |   in|    3|     ap_fifo|       screen_tris_out_v0_y|       pointer|
|screen_tris_out_v0_z_dout                 |   in|   32|     ap_fifo|       screen_tris_out_v0_z|       pointer|
|screen_tris_out_v0_z_empty_n              |   in|    1|     ap_fifo|       screen_tris_out_v0_z|       pointer|
|screen_tris_out_v0_z_read                 |  out|    1|     ap_fifo|       screen_tris_out_v0_z|       pointer|
|screen_tris_out_v0_z_num_data_valid       |   in|    3|     ap_fifo|       screen_tris_out_v0_z|       pointer|
|screen_tris_out_v0_z_fifo_cap             |   in|    3|     ap_fifo|       screen_tris_out_v0_z|       pointer|
|screen_tris_out_v0_w_dout                 |   in|   32|     ap_fifo|       screen_tris_out_v0_w|       pointer|
|screen_tris_out_v0_w_empty_n              |   in|    1|     ap_fifo|       screen_tris_out_v0_w|       pointer|
|screen_tris_out_v0_w_read                 |  out|    1|     ap_fifo|       screen_tris_out_v0_w|       pointer|
|screen_tris_out_v0_w_num_data_valid       |   in|    3|     ap_fifo|       screen_tris_out_v0_w|       pointer|
|screen_tris_out_v0_w_fifo_cap             |   in|    3|     ap_fifo|       screen_tris_out_v0_w|       pointer|
|screen_tris_out_v1_x_dout                 |   in|   32|     ap_fifo|       screen_tris_out_v1_x|       pointer|
|screen_tris_out_v1_x_empty_n              |   in|    1|     ap_fifo|       screen_tris_out_v1_x|       pointer|
|screen_tris_out_v1_x_read                 |  out|    1|     ap_fifo|       screen_tris_out_v1_x|       pointer|
|screen_tris_out_v1_x_num_data_valid       |   in|    3|     ap_fifo|       screen_tris_out_v1_x|       pointer|
|screen_tris_out_v1_x_fifo_cap             |   in|    3|     ap_fifo|       screen_tris_out_v1_x|       pointer|
|screen_tris_out_v1_y_dout                 |   in|   32|     ap_fifo|       screen_tris_out_v1_y|       pointer|
|screen_tris_out_v1_y_empty_n              |   in|    1|     ap_fifo|       screen_tris_out_v1_y|       pointer|
|screen_tris_out_v1_y_read                 |  out|    1|     ap_fifo|       screen_tris_out_v1_y|       pointer|
|screen_tris_out_v1_y_num_data_valid       |   in|    3|     ap_fifo|       screen_tris_out_v1_y|       pointer|
|screen_tris_out_v1_y_fifo_cap             |   in|    3|     ap_fifo|       screen_tris_out_v1_y|       pointer|
|screen_tris_out_v1_z_dout                 |   in|   32|     ap_fifo|       screen_tris_out_v1_z|       pointer|
|screen_tris_out_v1_z_empty_n              |   in|    1|     ap_fifo|       screen_tris_out_v1_z|       pointer|
|screen_tris_out_v1_z_read                 |  out|    1|     ap_fifo|       screen_tris_out_v1_z|       pointer|
|screen_tris_out_v1_z_num_data_valid       |   in|    3|     ap_fifo|       screen_tris_out_v1_z|       pointer|
|screen_tris_out_v1_z_fifo_cap             |   in|    3|     ap_fifo|       screen_tris_out_v1_z|       pointer|
|screen_tris_out_v1_w_dout                 |   in|   32|     ap_fifo|       screen_tris_out_v1_w|       pointer|
|screen_tris_out_v1_w_empty_n              |   in|    1|     ap_fifo|       screen_tris_out_v1_w|       pointer|
|screen_tris_out_v1_w_read                 |  out|    1|     ap_fifo|       screen_tris_out_v1_w|       pointer|
|screen_tris_out_v1_w_num_data_valid       |   in|    3|     ap_fifo|       screen_tris_out_v1_w|       pointer|
|screen_tris_out_v1_w_fifo_cap             |   in|    3|     ap_fifo|       screen_tris_out_v1_w|       pointer|
|screen_tris_out_v2_x_dout                 |   in|   32|     ap_fifo|       screen_tris_out_v2_x|       pointer|
|screen_tris_out_v2_x_empty_n              |   in|    1|     ap_fifo|       screen_tris_out_v2_x|       pointer|
|screen_tris_out_v2_x_read                 |  out|    1|     ap_fifo|       screen_tris_out_v2_x|       pointer|
|screen_tris_out_v2_x_num_data_valid       |   in|    3|     ap_fifo|       screen_tris_out_v2_x|       pointer|
|screen_tris_out_v2_x_fifo_cap             |   in|    3|     ap_fifo|       screen_tris_out_v2_x|       pointer|
|screen_tris_out_v2_y_dout                 |   in|   32|     ap_fifo|       screen_tris_out_v2_y|       pointer|
|screen_tris_out_v2_y_empty_n              |   in|    1|     ap_fifo|       screen_tris_out_v2_y|       pointer|
|screen_tris_out_v2_y_read                 |  out|    1|     ap_fifo|       screen_tris_out_v2_y|       pointer|
|screen_tris_out_v2_y_num_data_valid       |   in|    3|     ap_fifo|       screen_tris_out_v2_y|       pointer|
|screen_tris_out_v2_y_fifo_cap             |   in|    3|     ap_fifo|       screen_tris_out_v2_y|       pointer|
|screen_tris_out_v2_z_dout                 |   in|   32|     ap_fifo|       screen_tris_out_v2_z|       pointer|
|screen_tris_out_v2_z_empty_n              |   in|    1|     ap_fifo|       screen_tris_out_v2_z|       pointer|
|screen_tris_out_v2_z_read                 |  out|    1|     ap_fifo|       screen_tris_out_v2_z|       pointer|
|screen_tris_out_v2_z_num_data_valid       |   in|    3|     ap_fifo|       screen_tris_out_v2_z|       pointer|
|screen_tris_out_v2_z_fifo_cap             |   in|    3|     ap_fifo|       screen_tris_out_v2_z|       pointer|
|screen_tris_out_v2_w_dout                 |   in|   32|     ap_fifo|       screen_tris_out_v2_w|       pointer|
|screen_tris_out_v2_w_empty_n              |   in|    1|     ap_fifo|       screen_tris_out_v2_w|       pointer|
|screen_tris_out_v2_w_read                 |  out|    1|     ap_fifo|       screen_tris_out_v2_w|       pointer|
|screen_tris_out_v2_w_num_data_valid       |   in|    3|     ap_fifo|       screen_tris_out_v2_w|       pointer|
|screen_tris_out_v2_w_fifo_cap             |   in|    3|     ap_fifo|       screen_tris_out_v2_w|       pointer|
|screen_tris_out_n0_x_dout                 |   in|   32|     ap_fifo|       screen_tris_out_n0_x|       pointer|
|screen_tris_out_n0_x_empty_n              |   in|    1|     ap_fifo|       screen_tris_out_n0_x|       pointer|
|screen_tris_out_n0_x_read                 |  out|    1|     ap_fifo|       screen_tris_out_n0_x|       pointer|
|screen_tris_out_n0_x_num_data_valid       |   in|    3|     ap_fifo|       screen_tris_out_n0_x|       pointer|
|screen_tris_out_n0_x_fifo_cap             |   in|    3|     ap_fifo|       screen_tris_out_n0_x|       pointer|
|screen_tris_out_n0_y_dout                 |   in|   32|     ap_fifo|       screen_tris_out_n0_y|       pointer|
|screen_tris_out_n0_y_empty_n              |   in|    1|     ap_fifo|       screen_tris_out_n0_y|       pointer|
|screen_tris_out_n0_y_read                 |  out|    1|     ap_fifo|       screen_tris_out_n0_y|       pointer|
|screen_tris_out_n0_y_num_data_valid       |   in|    3|     ap_fifo|       screen_tris_out_n0_y|       pointer|
|screen_tris_out_n0_y_fifo_cap             |   in|    3|     ap_fifo|       screen_tris_out_n0_y|       pointer|
|screen_tris_out_n0_z_dout                 |   in|   32|     ap_fifo|       screen_tris_out_n0_z|       pointer|
|screen_tris_out_n0_z_empty_n              |   in|    1|     ap_fifo|       screen_tris_out_n0_z|       pointer|
|screen_tris_out_n0_z_read                 |  out|    1|     ap_fifo|       screen_tris_out_n0_z|       pointer|
|screen_tris_out_n0_z_num_data_valid       |   in|    3|     ap_fifo|       screen_tris_out_n0_z|       pointer|
|screen_tris_out_n0_z_fifo_cap             |   in|    3|     ap_fifo|       screen_tris_out_n0_z|       pointer|
|screen_tris_out_n1_x_dout                 |   in|   32|     ap_fifo|       screen_tris_out_n1_x|       pointer|
|screen_tris_out_n1_x_empty_n              |   in|    1|     ap_fifo|       screen_tris_out_n1_x|       pointer|
|screen_tris_out_n1_x_read                 |  out|    1|     ap_fifo|       screen_tris_out_n1_x|       pointer|
|screen_tris_out_n1_x_num_data_valid       |   in|    3|     ap_fifo|       screen_tris_out_n1_x|       pointer|
|screen_tris_out_n1_x_fifo_cap             |   in|    3|     ap_fifo|       screen_tris_out_n1_x|       pointer|
|screen_tris_out_n1_y_dout                 |   in|   32|     ap_fifo|       screen_tris_out_n1_y|       pointer|
|screen_tris_out_n1_y_empty_n              |   in|    1|     ap_fifo|       screen_tris_out_n1_y|       pointer|
|screen_tris_out_n1_y_read                 |  out|    1|     ap_fifo|       screen_tris_out_n1_y|       pointer|
|screen_tris_out_n1_y_num_data_valid       |   in|    3|     ap_fifo|       screen_tris_out_n1_y|       pointer|
|screen_tris_out_n1_y_fifo_cap             |   in|    3|     ap_fifo|       screen_tris_out_n1_y|       pointer|
|screen_tris_out_n1_z_dout                 |   in|   32|     ap_fifo|       screen_tris_out_n1_z|       pointer|
|screen_tris_out_n1_z_empty_n              |   in|    1|     ap_fifo|       screen_tris_out_n1_z|       pointer|
|screen_tris_out_n1_z_read                 |  out|    1|     ap_fifo|       screen_tris_out_n1_z|       pointer|
|screen_tris_out_n1_z_num_data_valid       |   in|    3|     ap_fifo|       screen_tris_out_n1_z|       pointer|
|screen_tris_out_n1_z_fifo_cap             |   in|    3|     ap_fifo|       screen_tris_out_n1_z|       pointer|
|screen_tris_out_n2_x_dout                 |   in|   32|     ap_fifo|       screen_tris_out_n2_x|       pointer|
|screen_tris_out_n2_x_empty_n              |   in|    1|     ap_fifo|       screen_tris_out_n2_x|       pointer|
|screen_tris_out_n2_x_read                 |  out|    1|     ap_fifo|       screen_tris_out_n2_x|       pointer|
|screen_tris_out_n2_x_num_data_valid       |   in|    3|     ap_fifo|       screen_tris_out_n2_x|       pointer|
|screen_tris_out_n2_x_fifo_cap             |   in|    3|     ap_fifo|       screen_tris_out_n2_x|       pointer|
|screen_tris_out_n2_y_dout                 |   in|   32|     ap_fifo|       screen_tris_out_n2_y|       pointer|
|screen_tris_out_n2_y_empty_n              |   in|    1|     ap_fifo|       screen_tris_out_n2_y|       pointer|
|screen_tris_out_n2_y_read                 |  out|    1|     ap_fifo|       screen_tris_out_n2_y|       pointer|
|screen_tris_out_n2_y_num_data_valid       |   in|    3|     ap_fifo|       screen_tris_out_n2_y|       pointer|
|screen_tris_out_n2_y_fifo_cap             |   in|    3|     ap_fifo|       screen_tris_out_n2_y|       pointer|
|screen_tris_out_n2_z_dout                 |   in|   32|     ap_fifo|       screen_tris_out_n2_z|       pointer|
|screen_tris_out_n2_z_empty_n              |   in|    1|     ap_fifo|       screen_tris_out_n2_z|       pointer|
|screen_tris_out_n2_z_read                 |  out|    1|     ap_fifo|       screen_tris_out_n2_z|       pointer|
|screen_tris_out_n2_z_num_data_valid       |   in|    3|     ap_fifo|       screen_tris_out_n2_z|       pointer|
|screen_tris_out_n2_z_fifo_cap             |   in|    3|     ap_fifo|       screen_tris_out_n2_z|       pointer|
|screen_tris_out_color_dout                |   in|   32|     ap_fifo|      screen_tris_out_color|       pointer|
|screen_tris_out_color_empty_n             |   in|    1|     ap_fifo|      screen_tris_out_color|       pointer|
|screen_tris_out_color_read                |  out|    1|     ap_fifo|      screen_tris_out_color|       pointer|
|screen_tris_out_color_num_data_valid      |   in|    3|     ap_fifo|      screen_tris_out_color|       pointer|
|screen_tris_out_color_fifo_cap            |   in|    3|     ap_fifo|      screen_tris_out_color|       pointer|
|screen_tris_out_is_active_dout            |   in|    1|     ap_fifo|  screen_tris_out_is_active|       pointer|
|screen_tris_out_is_active_empty_n         |   in|    1|     ap_fifo|  screen_tris_out_is_active|       pointer|
|screen_tris_out_is_active_read            |  out|    1|     ap_fifo|  screen_tris_out_is_active|       pointer|
|screen_tris_out_is_active_num_data_valid  |   in|    3|     ap_fifo|  screen_tris_out_is_active|       pointer|
|screen_tris_out_is_active_fifo_cap        |   in|    3|     ap_fifo|  screen_tris_out_is_active|       pointer|
|bounds_min_x_dout                         |   in|   32|     ap_fifo|               bounds_min_x|       pointer|
|bounds_min_x_empty_n                      |   in|    1|     ap_fifo|               bounds_min_x|       pointer|
|bounds_min_x_read                         |  out|    1|     ap_fifo|               bounds_min_x|       pointer|
|bounds_min_x_num_data_valid               |   in|    3|     ap_fifo|               bounds_min_x|       pointer|
|bounds_min_x_fifo_cap                     |   in|    3|     ap_fifo|               bounds_min_x|       pointer|
|bounds_min_y_dout                         |   in|   32|     ap_fifo|               bounds_min_y|       pointer|
|bounds_min_y_empty_n                      |   in|    1|     ap_fifo|               bounds_min_y|       pointer|
|bounds_min_y_read                         |  out|    1|     ap_fifo|               bounds_min_y|       pointer|
|bounds_min_y_num_data_valid               |   in|    3|     ap_fifo|               bounds_min_y|       pointer|
|bounds_min_y_fifo_cap                     |   in|    3|     ap_fifo|               bounds_min_y|       pointer|
|bounds_max_x_dout                         |   in|   32|     ap_fifo|               bounds_max_x|       pointer|
|bounds_max_x_empty_n                      |   in|    1|     ap_fifo|               bounds_max_x|       pointer|
|bounds_max_x_read                         |  out|    1|     ap_fifo|               bounds_max_x|       pointer|
|bounds_max_x_num_data_valid               |   in|    3|     ap_fifo|               bounds_max_x|       pointer|
|bounds_max_x_fifo_cap                     |   in|    3|     ap_fifo|               bounds_max_x|       pointer|
|bounds_max_y_dout                         |   in|   32|     ap_fifo|               bounds_max_y|       pointer|
|bounds_max_y_empty_n                      |   in|    1|     ap_fifo|               bounds_max_y|       pointer|
|bounds_max_y_read                         |  out|    1|     ap_fifo|               bounds_max_y|       pointer|
|bounds_max_y_num_data_valid               |   in|    3|     ap_fifo|               bounds_max_y|       pointer|
|bounds_max_y_fifo_cap                     |   in|    3|     ap_fifo|               bounds_max_y|       pointer|
+------------------------------------------+-----+-----+------------+---------------------------+--------------+

