

================================================================
== Vitis HLS Report for 'k5_deferred_lighting'
================================================================
* Date:           Mon Mar 30 23:31:11 2026

* Version:        2025.1.1 (Build 6214317 on Sep 11 2025)
* Project:        project_1
* Solution:       hls (Vivado IP Flow Target)
* Product family: zynquplus
* Target device:  xczu3eg-sbva484-1-e


================================================================
== Performance Estimates
================================================================
+ Timing: 
    * Summary: 
    +--------+----------+----------+------------+
    |  Clock |  Target  | Estimated| Uncertainty|
    +--------+----------+----------+------------+
    |ap_clk  |  10.00 ns|  7.300 ns|     2.70 ns|
    +--------+----------+----------+------------+

+ Latency: 
    * Summary: 
    +---------+---------+----------+----------+-------+-------+---------+
    |  Latency (cycles) |  Latency (absolute) |    Interval   | Pipeline|
    |   min   |   max   |    min   |    max   |  min  |  max  |   Type  |
    +---------+---------+----------+----------+-------+-------+---------+
    |    20615|    20615|  0.206 ms|  0.206 ms|  20615|  20615|       no|
    +---------+---------+----------+----------+-------+-------+---------+

    + Detail: 
        * Instance: 
        N/A

        * Loop: 
        +---------------------+---------+---------+----------+-----------+-----------+------+----------+
        |                     |  Latency (cycles) | Iteration|  Initiation Interval  | Trip |          |
        |      Loop Name      |   min   |   max   |  Latency |  achieved |   target  | Count| Pipelined|
        +---------------------+---------+---------+----------+-----------+-----------+------+----------+
        |- VITIS_LOOP_183_1   |    20608|    20608|       322|          -|          -|    64|        no|
        | + VITIS_LOOP_184_2  |      320|      320|         5|          -|          -|    64|        no|
        +---------------------+---------+---------+----------+-----------+-----------+------+----------+



================================================================
== Utilization Estimates
================================================================
* Summary: 
+-----------------+---------+-----+--------+-------+-----+
|       Name      | BRAM_18K| DSP |   FF   |  LUT  | URAM|
+-----------------+---------+-----+--------+-------+-----+
|DSP              |        -|    -|       -|      -|    -|
|Expression       |        -|    -|       0|    836|    -|
|FIFO             |        -|    -|       -|      -|    -|
|Instance         |        -|    2|       0|     20|    -|
|Memory           |        -|    -|       -|      -|    -|
|Multiplexer      |        -|    -|       0|    128|    -|
|Register         |        -|    -|     237|      -|    -|
+-----------------+---------+-----+--------+-------+-----+
|Total            |        0|    2|     237|    984|    0|
+-----------------+---------+-----+--------+-------+-----+
|Available        |      432|  360|  141120|  70560|    0|
+-----------------+---------+-----+--------+-------+-----+
|Utilization (%)  |        0|   ~0|      ~0|      1|    0|
+-----------------+---------+-----+--------+-------+-----+

+ Detail: 
    * Instance: 
    +-------------------------+--------------------+---------+----+---+----+-----+
    |         Instance        |       Module       | BRAM_18K| DSP| FF| LUT| URAM|
    +-------------------------+--------------------+---------+----+---+----+-----+
    |mul_32s_17s_49_1_1_U209  |mul_32s_17s_49_1_1  |        0|   2|  0|  20|    0|
    +-------------------------+--------------------+---------+----+---+----+-----+
    |Total                    |                    |        0|   2|  0|  20|    0|
    +-------------------------+--------------------+---------+----+---+----+-----+

    * DSP: 
    N/A

    * Memory: 
    N/A

    * FIFO: 
    N/A

    * Expression: 
    +-----------------------------+----------+----+---+----+------------+------------+
    |        Variable Name        | Operation| DSP| FF| LUT| Bitwidth P0| Bitwidth P1|
    +-----------------------------+----------+----+---+----+------------+------------+
    |add_ln183_fu_278_p2          |         +|   0|  0|  14|           7|           1|
    |add_ln184_fu_302_p2          |         +|   0|  0|  14|           7|           1|
    |add_ln185_fu_312_p2          |         +|   0|  0|  19|          12|          12|
    |add_ln192_1_fu_449_p2        |         +|   0|  0|  49|          49|          49|
    |add_ln192_2_fu_375_p2        |         +|   0|  0|  49|          49|          49|
    |add_ln192_3_fu_392_p2        |         +|   0|  0|  49|          49|          49|
    |add_ln192_fu_343_p2          |         +|   0|  0|  40|          33|          33|
    |add_ln199_fu_696_p2          |         +|   0|  0|  31|          24|          24|
    |diffuse_1_fu_493_p2          |         +|   0|  0|  39|          32|          32|
    |final_intensity_fu_604_p2    |         +|   0|  0|  39|          32|          13|
    |sub_ln192_1_fu_426_p2        |         -|   0|  0|  49|          49|          49|
    |sub_ln192_2_fu_443_p2        |         -|   0|  0|  49|          49|          49|
    |sub_ln192_fu_409_p2          |         -|   0|  0|  49|          49|          49|
    |sub_ln199_fu_668_p2          |         -|   0|  0|  48|          41|          41|
    |and_ln192_1_fu_554_p2        |       and|   0|  0|   2|           1|           1|
    |and_ln192_fu_538_p2          |       and|   0|  0|   2|           1|           1|
    |icmp_ln183_fu_272_p2         |      icmp|   0|  0|  15|           7|           8|
    |icmp_ln184_fu_296_p2         |      icmp|   0|  0|  15|           7|           8|
    |icmp_ln185_fu_329_p2         |      icmp|   0|  0|  39|          32|          30|
    |icmp_ln196_fu_634_p2         |      icmp|   0|  0|  38|          31|          17|
    |ap_block_state1              |        or|   0|  0|   2|           1|           1|
    |or_ln192_1_fu_567_p2         |        or|   0|  0|   2|           1|           1|
    |or_ln192_2_fu_512_p2         |        or|   0|  0|   2|           1|           1|
    |or_ln192_3_fu_544_p2         |        or|   0|  0|   2|           1|           1|
    |or_ln192_fu_533_p2           |        or|   0|  0|   2|           1|           1|
    |diffuse_2_fu_573_p3          |    select|   0|  0|  32|           1|          32|
    |diffuse_3_fu_592_p3          |    select|   0|  0|  30|           1|           1|
    |final_intensity_1_fu_622_p3  |    select|   0|  0|  30|           1|           2|
    |final_intensity_2_fu_640_p3  |    select|   0|  0|  18|           1|          18|
    |select_ln192_fu_559_p3       |    select|   0|  0|  33|           1|          31|
    |storemerge_i_fu_702_p3       |    select|   0|  0|  24|           1|           1|
    |xor_ln192_1_fu_517_p2        |       xor|   0|  0|   2|           1|           2|
    |xor_ln192_2_fu_522_p2        |       xor|   0|  0|   2|           1|           1|
    |xor_ln192_3_fu_527_p2        |       xor|   0|  0|   2|           1|           2|
    |xor_ln192_4_fu_548_p2        |       xor|   0|  0|   2|           1|           2|
    |xor_ln192_fu_507_p2          |       xor|   0|  0|   2|           1|           2|
    +-----------------------------+----------+----+---+----+------------+------------+
    |Total                        |          |   0|  0| 836|         577|         615|
    +-----------------------------+----------+----+---+----+------------+------------+

    * Multiplexer: 
    +-------------------+----+-----------+-----+-----------+
    |        Name       | LUT| Input Size| Bits| Total Bits|
    +-------------------+----+-----------+-----+-----------+
    |ap_NS_fsm          |  65|         14|    1|         14|
    |ap_done            |   9|          2|    1|          2|
    |framebuffer_blk_n  |   9|          2|    1|          2|
    |gmem1_blk_n_AW     |   9|          2|    1|          2|
    |gmem1_blk_n_B      |   9|          2|    1|          2|
    |gmem1_blk_n_W      |   9|          2|    1|          2|
    |x_reg_228          |   9|          2|    7|         14|
    |y_fu_146           |   9|          2|    7|         14|
    +-------------------+----+-----------+-----+-----------+
    |Total              | 128|         28|   20|         52|
    +-------------------+----+-----------+-----+-----------+

    * Register: 
    +----------------------+----+----+-----+-----------+
    |         Name         | FF | LUT| Bits| Const Bits|
    +----------------------+----+----+-----+-----------+
    |add_ln183_reg_730     |   7|   0|    7|          0|
    |add_ln184_reg_743     |   7|   0|    7|          0|
    |add_ln192_reg_778     |  33|   0|   33|          0|
    |ap_CS_fsm             |  13|   0|   13|          0|
    |ap_done_reg           |   1|   0|    1|          0|
    |diffuse_1_reg_801     |  32|   0|   32|          0|
    |gmem1_addr_reg_720    |  64|   0|   64|          0|
    |icmp_ln185_reg_768    |   1|   0|    1|          0|
    |n_y_reg_773           |  32|   0|   32|          0|
    |storemerge_i_reg_813  |  24|   0|   24|          0|
    |tmp_10_reg_806        |   1|   0|    1|          0|
    |tmp_7_reg_788         |   1|   0|    1|          0|
    |tmp_9_reg_795         |   1|   0|    1|          0|
    |tmp_reg_735           |   6|   0|   12|          6|
    |x_reg_228             |   7|   0|    7|          0|
    |y_fu_146              |   7|   0|    7|          0|
    +----------------------+----+----+-----+-----------+
    |Total                 | 237|   0|  243|          6|
    +----------------------+----+----+-----+-----------+



================================================================
== Interface
================================================================
* Summary: 
+----------------------------+-----+-----+------------+----------------------+--------------+
|          RTL Ports         | Dir | Bits|  Protocol  |     Source Object    |    C Type    |
+----------------------------+-----+-----+------------+----------------------+--------------+
|ap_clk                      |   in|    1|  ap_ctrl_hs|  k5_deferred_lighting|  return value|
|ap_rst                      |   in|    1|  ap_ctrl_hs|  k5_deferred_lighting|  return value|
|ap_start                    |   in|    1|  ap_ctrl_hs|  k5_deferred_lighting|  return value|
|ap_done                     |  out|    1|  ap_ctrl_hs|  k5_deferred_lighting|  return value|
|ap_continue                 |   in|    1|  ap_ctrl_hs|  k5_deferred_lighting|  return value|
|ap_idle                     |  out|    1|  ap_ctrl_hs|  k5_deferred_lighting|  return value|
|ap_ready                    |  out|    1|  ap_ctrl_hs|  k5_deferred_lighting|  return value|
|m_axi_gmem1_0_AWVALID       |  out|    1|       m_axi|                 gmem1|       pointer|
|m_axi_gmem1_0_AWREADY       |   in|    1|       m_axi|                 gmem1|       pointer|
|m_axi_gmem1_0_AWADDR        |  out|   64|       m_axi|                 gmem1|       pointer|
|m_axi_gmem1_0_AWID          |  out|    1|       m_axi|                 gmem1|       pointer|
|m_axi_gmem1_0_AWLEN         |  out|   32|       m_axi|                 gmem1|       pointer|
|m_axi_gmem1_0_AWSIZE        |  out|    3|       m_axi|                 gmem1|       pointer|
|m_axi_gmem1_0_AWBURST       |  out|    2|       m_axi|                 gmem1|       pointer|
|m_axi_gmem1_0_AWLOCK        |  out|    2|       m_axi|                 gmem1|       pointer|
|m_axi_gmem1_0_AWCACHE       |  out|    4|       m_axi|                 gmem1|       pointer|
|m_axi_gmem1_0_AWPROT        |  out|    3|       m_axi|                 gmem1|       pointer|
|m_axi_gmem1_0_AWQOS         |  out|    4|       m_axi|                 gmem1|       pointer|
|m_axi_gmem1_0_AWREGION      |  out|    4|       m_axi|                 gmem1|       pointer|
|m_axi_gmem1_0_AWUSER        |  out|    1|       m_axi|                 gmem1|       pointer|
|m_axi_gmem1_0_WVALID        |  out|    1|       m_axi|                 gmem1|       pointer|
|m_axi_gmem1_0_WREADY        |   in|    1|       m_axi|                 gmem1|       pointer|
|m_axi_gmem1_0_WDATA         |  out|   32|       m_axi|                 gmem1|       pointer|
|m_axi_gmem1_0_WSTRB         |  out|    4|       m_axi|                 gmem1|       pointer|
|m_axi_gmem1_0_WLAST         |  out|    1|       m_axi|                 gmem1|       pointer|
|m_axi_gmem1_0_WID           |  out|    1|       m_axi|                 gmem1|       pointer|
|m_axi_gmem1_0_WUSER         |  out|    1|       m_axi|                 gmem1|       pointer|
|m_axi_gmem1_0_ARVALID       |  out|    1|       m_axi|                 gmem1|       pointer|
|m_axi_gmem1_0_ARREADY       |   in|    1|       m_axi|                 gmem1|       pointer|
|m_axi_gmem1_0_ARADDR        |  out|   64|       m_axi|                 gmem1|       pointer|
|m_axi_gmem1_0_ARID          |  out|    1|       m_axi|                 gmem1|       pointer|
|m_axi_gmem1_0_ARLEN         |  out|   32|       m_axi|                 gmem1|       pointer|
|m_axi_gmem1_0_ARSIZE        |  out|    3|       m_axi|                 gmem1|       pointer|
|m_axi_gmem1_0_ARBURST       |  out|    2|       m_axi|                 gmem1|       pointer|
|m_axi_gmem1_0_ARLOCK        |  out|    2|       m_axi|                 gmem1|       pointer|
|m_axi_gmem1_0_ARCACHE       |  out|    4|       m_axi|                 gmem1|       pointer|
|m_axi_gmem1_0_ARPROT        |  out|    3|       m_axi|                 gmem1|       pointer|
|m_axi_gmem1_0_ARQOS         |  out|    4|       m_axi|                 gmem1|       pointer|
|m_axi_gmem1_0_ARREGION      |  out|    4|       m_axi|                 gmem1|       pointer|
|m_axi_gmem1_0_ARUSER        |  out|    1|       m_axi|                 gmem1|       pointer|
|m_axi_gmem1_0_RVALID        |   in|    1|       m_axi|                 gmem1|       pointer|
|m_axi_gmem1_0_RREADY        |  out|    1|       m_axi|                 gmem1|       pointer|
|m_axi_gmem1_0_RDATA         |   in|   32|       m_axi|                 gmem1|       pointer|
|m_axi_gmem1_0_RLAST         |   in|    1|       m_axi|                 gmem1|       pointer|
|m_axi_gmem1_0_RID           |   in|    1|       m_axi|                 gmem1|       pointer|
|m_axi_gmem1_0_RFIFONUM      |   in|    9|       m_axi|                 gmem1|       pointer|
|m_axi_gmem1_0_RUSER         |   in|    1|       m_axi|                 gmem1|       pointer|
|m_axi_gmem1_0_RRESP         |   in|    2|       m_axi|                 gmem1|       pointer|
|m_axi_gmem1_0_BVALID        |   in|    1|       m_axi|                 gmem1|       pointer|
|m_axi_gmem1_0_BREADY        |  out|    1|       m_axi|                 gmem1|       pointer|
|m_axi_gmem1_0_BRESP         |   in|    2|       m_axi|                 gmem1|       pointer|
|m_axi_gmem1_0_BID           |   in|    1|       m_axi|                 gmem1|       pointer|
|m_axi_gmem1_0_BUSER         |   in|    1|       m_axi|                 gmem1|       pointer|
|framebuffer_dout            |   in|   64|     ap_fifo|           framebuffer|       pointer|
|framebuffer_empty_n         |   in|    1|     ap_fifo|           framebuffer|       pointer|
|framebuffer_read            |  out|    1|     ap_fifo|           framebuffer|       pointer|
|framebuffer_num_data_valid  |   in|    4|     ap_fifo|           framebuffer|       pointer|
|framebuffer_fifo_cap        |   in|    4|     ap_fifo|           framebuffer|       pointer|
|depth_buffer_address0       |  out|   12|   ap_memory|          depth_buffer|         array|
|depth_buffer_ce0            |  out|    1|   ap_memory|          depth_buffer|         array|
|depth_buffer_q0             |   in|   32|   ap_memory|          depth_buffer|         array|
|normal_buffer_x_address0    |  out|   12|   ap_memory|       normal_buffer_x|         array|
|normal_buffer_x_ce0         |  out|    1|   ap_memory|       normal_buffer_x|         array|
|normal_buffer_x_q0          |   in|   32|   ap_memory|       normal_buffer_x|         array|
|normal_buffer_y_address0    |  out|   12|   ap_memory|       normal_buffer_y|         array|
|normal_buffer_y_ce0         |  out|    1|   ap_memory|       normal_buffer_y|         array|
|normal_buffer_y_q0          |   in|   32|   ap_memory|       normal_buffer_y|         array|
|normal_buffer_z_address0    |  out|   12|   ap_memory|       normal_buffer_z|         array|
|normal_buffer_z_ce0         |  out|    1|   ap_memory|       normal_buffer_z|         array|
|normal_buffer_z_q0          |   in|   32|   ap_memory|       normal_buffer_z|         array|
+----------------------------+-----+-----+------------+----------------------+--------------+

