Fri Feb 20 13:27:37 2026: Running xcd server. This server was built by gradle.
Fri Feb 20 13:27:37 2026: Server was asked to start on port: '43373'
Fri Feb 20 13:27:37 2026: Server is using token UUID: 'fb83181a-c2a4-437b-9c9f-b8a04dad4173'
Fri Feb 20 13:27:37 2026: SESSION_MGR: creating session with session uuid: '6d04a3e9-ade5-4ab9-8d63-1f78fcd2ec76' and name 'default'
Fri Feb 20 13:27:37 2026: Attempting to start server on port '43373'
Fri Feb 20 13:27:37 2026: XCD main fifo: created main fifo '/tmp/xcdmainfb83181a-c2a4-437b-9c9f-b8a04dad4173', fd read = 15
Fri Feb 20 13:27:37 2026: Running Dispatch Server
Fri Feb 20 13:27:37 2026: Version 2.2.0
Fri Feb 20 13:27:41 2026: Dispatch Server: Accepted socket connection from client
Fri Feb 20 13:27:41 2026: Starting Socket connection
Fri Feb 20 13:27:41 2026: EXCHANGE_TOKEN received, server token: fb83181a-c2a4-437b-9c9f-b8a04dad4173, passed token: fb83181a-c2a4-437b-9c9f-b8a04dad4173
Fri Feb 20 13:27:41 2026: SESSION_MGR: creating session with session uuid: '98e5f267-2854-435e-b0d3-3d109bc78fda' and name 'vitis_hls'
Fri Feb 20 13:27:41 2026: KERNEL_SVC: creating session with uuid: '98e5f267-2854-435e-b0d3-3d109bc78fda' and name 'vitis_hls'
Fri Feb 20 13:27:41 2026: GUIDANCE_SMGR: creating guidance session with uuid: '98e5f267-2854-435e-b0d3-3d109bc78fda' and name 'vitis_hls'
Fri Feb 20 13:28:10 2026: Running xcd server. This server was built by gradle.
Fri Feb 20 13:28:10 2026: Server was asked to start on port: '43213'
Fri Feb 20 13:28:10 2026: Server is using token UUID: '71f66b0d-c474-40a3-9a7d-37009378e2dc'
Fri Feb 20 13:28:10 2026: SESSION_MGR: creating session with session uuid: '6d04a3e9-ade5-4ab9-8d63-1f78fcd2ec76' and name 'default'
Fri Feb 20 13:28:10 2026: Attempting to start server on port '43213'
Fri Feb 20 13:28:10 2026: XCD main fifo: created main fifo '/tmp/xcdmain71f66b0d-c474-40a3-9a7d-37009378e2dc', fd read = 15
Fri Feb 20 13:28:10 2026: Running Dispatch Server
Fri Feb 20 13:28:10 2026: Version 2.2.0
Fri Feb 20 13:28:14 2026: Dispatch Server: Accepted socket connection from client
Fri Feb 20 13:28:14 2026: Starting Socket connection
Fri Feb 20 13:28:14 2026: EXCHANGE_TOKEN received, server token: 71f66b0d-c474-40a3-9a7d-37009378e2dc, passed token: 71f66b0d-c474-40a3-9a7d-37009378e2dc
Fri Feb 20 13:28:14 2026: SESSION_MGR: creating session with session uuid: '3559b1fe-01a9-47c8-b77d-f464eba3b4b2' and name 'vitis_hls'
Fri Feb 20 13:28:14 2026: KERNEL_SVC: creating session with uuid: '3559b1fe-01a9-47c8-b77d-f464eba3b4b2' and name 'vitis_hls'
Fri Feb 20 13:28:14 2026: GUIDANCE_SMGR: creating guidance session with uuid: '3559b1fe-01a9-47c8-b77d-f464eba3b4b2' and name 'vitis_hls'
Fri Feb 20 13:28:14 2026: STOP_SERVER received, server token: fb83181a-c2a4-437b-9c9f-b8a04dad4173, passed token: fb83181a-c2a4-437b-9c9f-b8a04dad4173
Fri Feb 20 13:28:14 2026: Socket received request to stop server.
Fri Feb 20 13:28:14 2026: Dispatch Server: do_await_stop
Fri Feb 20 13:28:14 2026: Dispatch Server: stopping mainFifo_
Fri Feb 20 13:28:14 2026: XCD main fifo: Stopping
Fri Feb 20 13:28:14 2026: XCD main fifo: do_read error code: Operation canceled
Fri Feb 20 13:28:14 2026: XCD main fifo: bytes_transferred: 0
Fri Feb 20 13:28:14 2026: SERVER: destructor for server bound to port 43373
Fri Feb 20 13:28:14 2026: XCD main fifo: Good unlink of /tmp/xcdmainfb83181a-c2a4-437b-9c9f-b8a04dad4173
Fri Feb 20 13:28:14 2026: Server exiting with status 0.
Fri Feb 20 13:28:14 2026: Closing log file.
Fri Feb 20 13:33:23 2026: Running xcd server. This server was built by gradle.
Fri Feb 20 13:33:23 2026: Server was asked to start on port: '34001'
Fri Feb 20 13:33:23 2026: Server is using token UUID: 'ed6d568e-4fbc-42dd-92ad-881b7368fc0a'
Fri Feb 20 13:33:23 2026: SESSION_MGR: creating session with session uuid: '6d04a3e9-ade5-4ab9-8d63-1f78fcd2ec76' and name 'default'
Fri Feb 20 13:33:23 2026: Attempting to start server on port '34001'
Fri Feb 20 13:33:23 2026: XCD main fifo: created main fifo '/tmp/xcdmained6d568e-4fbc-42dd-92ad-881b7368fc0a', fd read = 15
Fri Feb 20 13:33:23 2026: Running Dispatch Server
Fri Feb 20 13:33:23 2026: Version 2.2.0
Fri Feb 20 13:33:25 2026: Dispatch Server: Accepted socket connection from client
Fri Feb 20 13:33:25 2026: Starting Socket connection
Fri Feb 20 13:33:25 2026: EXCHANGE_TOKEN received, server token: ed6d568e-4fbc-42dd-92ad-881b7368fc0a, passed token: ed6d568e-4fbc-42dd-92ad-881b7368fc0a
Fri Feb 20 13:33:25 2026: SESSION_MGR: creating session with session uuid: '9a7665c6-f44b-45b1-98d0-e1c47f396bc5' and name 'vitis_hls'
Fri Feb 20 13:33:25 2026: KERNEL_SVC: creating session with uuid: '9a7665c6-f44b-45b1-98d0-e1c47f396bc5' and name 'vitis_hls'
Fri Feb 20 13:33:25 2026: GUIDANCE_SMGR: creating guidance session with uuid: '9a7665c6-f44b-45b1-98d0-e1c47f396bc5' and name 'vitis_hls'
Fri Feb 20 13:33:25 2026: STOP_SERVER received, server token: 71f66b0d-c474-40a3-9a7d-37009378e2dc, passed token: 71f66b0d-c474-40a3-9a7d-37009378e2dc
Fri Feb 20 13:33:25 2026: Socket received request to stop server.
Fri Feb 20 13:33:25 2026: Dispatch Server: do_await_stop
Fri Feb 20 13:33:25 2026: Dispatch Server: stopping mainFifo_
Fri Feb 20 13:33:25 2026: XCD main fifo: Stopping
Fri Feb 20 13:33:25 2026: XCD main fifo: do_read error code: Operation canceled
Fri Feb 20 13:33:25 2026: XCD main fifo: bytes_transferred: 0
Fri Feb 20 13:33:25 2026: SERVER: destructor for server bound to port 43213
Fri Feb 20 13:33:25 2026: XCD main fifo: Good unlink of /tmp/xcdmain71f66b0d-c474-40a3-9a7d-37009378e2dc
Fri Feb 20 13:33:25 2026: Server exiting with status 0.
Fri Feb 20 13:33:25 2026: Closing log file.
Fri Feb 20 13:34:43 2026: Dispatch Server: Accepted socket connection from client
Fri Feb 20 13:34:43 2026: Starting Socket connection
Fri Feb 20 13:37:59 2026: Dispatch Server: Accepted socket connection from client
Fri Feb 20 13:37:59 2026: Starting Socket connection
Fri Feb 20 13:40:56 2026: Dispatch Server: Accepted socket connection from client
Fri Feb 20 13:40:56 2026: Starting Socket connection
Fri Feb 20 13:45:04 2026: STOP_SERVER received, server token: ed6d568e-4fbc-42dd-92ad-881b7368fc0a, passed token: ed6d568e-4fbc-42dd-92ad-881b7368fc0a
Fri Feb 20 13:45:04 2026: Socket received request to stop server.
Fri Feb 20 13:45:04 2026: Dispatch Server: do_await_stop
Fri Feb 20 13:45:04 2026: Dispatch Server: stopping mainFifo_
Fri Feb 20 13:45:04 2026: XCD main fifo: Stopping
Fri Feb 20 13:45:04 2026: XCD main fifo: do_read error code: Operation canceled
Fri Feb 20 13:45:04 2026: XCD main fifo: bytes_transferred: 0
Fri Feb 20 13:45:04 2026: SERVER: destructor for server bound to port 34001
Fri Feb 20 13:45:04 2026: XCD main fifo: Good unlink of /tmp/xcdmained6d568e-4fbc-42dd-92ad-881b7368fc0a
Fri Feb 20 13:45:04 2026: Server exiting with status 0.
Fri Feb 20 13:45:04 2026: Closing log file.
