

================================================================
== Vitis HLS Report for 'K0'
================================================================
* Date:           Tue Mar 10 16:07:29 2026

* Version:        2025.1.1 (Build 6214317 on Sep 11 2025)
* Project:        project_1
* Solution:       hls (Vivado IP Flow Target)
* Product family: zynquplus
* Target device:  xczu3eg-sbva484-1-e


================================================================
== Performance Estimates
================================================================
+ Timing: 
    * Summary: 
    +--------+----------+----------+------------+
    |  Clock |  Target  | Estimated| Uncertainty|
    +--------+----------+----------+------------+
    |ap_clk  |  10.00 ns|  7.300 ns|     2.70 ns|
    +--------+----------+----------+------------+

+ Latency: 
    * Summary: 
    +---------+---------+----------+----------+-------+-------+------------------------------------------------+
    |  Latency (cycles) |  Latency (absolute) |    Interval   |                    Pipeline                    |
    |   min   |   max   |    min   |    max   |  min  |  max  |                      Type                      |
    +---------+---------+----------+----------+-------+-------+------------------------------------------------+
    |    65547|    65547|  0.655 ms|  0.655 ms|  65536|  65536|  loop auto-rewind stp (delay=0 clock cycles(s))|
    +---------+---------+----------+----------+-------+-------+------------------------------------------------+

    + Detail: 
        * Instance: 
        N/A

        * Loop: 
        +-------------------+---------+---------+----------+-----------+-----------+-------+----------+
        |                   |  Latency (cycles) | Iteration|  Initiation Interval  |  Trip |          |
        |     Loop Name     |   min   |   max   |  Latency |  achieved |   target  | Count | Pipelined|
        +-------------------+---------+---------+----------+-----------+-----------+-------+----------+
        |- VITIS_LOOP_29_1  |    65545|    65545|        11|          1|          1|  65536|       yes|
        +-------------------+---------+---------+----------+-----------+-----------+-------+----------+

============================================================
+ Verbose Summary: Synthesis Manager
============================================================
InlineROM: 1
ExposeGlobal: 0
============================================================
+ Verbose Summary: CDFG Model
============================================================
IsTopModel: 0
ResetActiveHigh: 1
IsCombinational: 2
IsDatapathOnly: 0
HasWiredReturn: 1
HasMFsm: 2
HasVarLatency: 1
IsPipeline: 0
IsRtlPipelined: 0
IsInstanceOverlapped: 0
IsDontTouch: 0
HasImplIP: 0
IsGatedGlobalClock: 0

+ Individual pipeline summary: 
  * Pipeline-0: initiation interval (II) = 1, depth = 11


============================================================
+ Verbose Summary: Schedule
============================================================
* Number of FSM states : 11
* Pipeline : 1
  Pipeline-0 : II = 1, D = 11, States = { 1 2 3 4 5 6 7 8 9 10 11 }
* Dataflow Pipeline: 0

* FSM state transitions: 
1 --> 2 
2 --> 3 
3 --> 4 
4 --> 5 
5 --> 6 
6 --> 7 
7 --> 8 
8 --> 9 
9 --> 10 
10 --> 11 
11 --> 

* FSM state operations: 

State 1 <SV = 0> <Delay = 1.99>
ST_1 : Operation 14 [1/1] (0.00ns)   --->   "%k1 = alloca i32 1"   --->   Operation 14 'alloca' 'k1' <Predicate = true> <Delay = 0.00>
ST_1 : Operation 15 [1/1] (0.00ns)   --->   "%specinterface_ln0 = specinterface void @_ssdm_op_SpecInterface, i32 %s0_to_k2, void @empty_11, i32 0, i32 0, void @empty_1, i32 0, i32 0, void @empty_1, void @empty_1, void @empty_1, i32 0, i32 0, i32 0, i32 0, void @empty_1, void @empty_1, i32 4294967295, i32 0, i32 0"   --->   Operation 15 'specinterface' 'specinterface_ln0' <Predicate = true> <Delay = 0.00>
ST_1 : Operation 16 [1/1] (0.00ns)   --->   "%specinterface_ln0 = specinterface void @_ssdm_op_SpecInterface, i32 %s0_to_k1, void @empty_11, i32 0, i32 0, void @empty_1, i32 0, i32 0, void @empty_1, void @empty_1, void @empty_1, i32 0, i32 0, i32 0, i32 0, void @empty_1, void @empty_1, i32 4294967295, i32 0, i32 0"   --->   Operation 16 'specinterface' 'specinterface_ln0' <Predicate = true> <Delay = 0.00>
ST_1 : Operation 17 [1/1] (0.00ns)   --->   "%specinterface_ln0 = specinterface void @_ssdm_op_SpecInterface, i32 %in_r, void @empty_3, i32 0, i32 0, void @empty_1, i32 0, i32 0, void @empty_4, void @empty_0, void @empty_1, i32 16, i32 16, i32 16, i32 16, void @empty_1, void @empty_1, i32 4294967295, i32 0, i32 0"   --->   Operation 17 'specinterface' 'specinterface_ln0' <Predicate = true> <Delay = 0.00>
ST_1 : Operation 18 [1/1] (0.00ns)   --->   "%in_read = read i64 @_ssdm_op_Read.ap_auto.i64, i64 %in_r_r" [top.cpp:25]   --->   Operation 18 'read' 'in_read' <Predicate = true> <Delay = 0.00>
ST_1 : Operation 19 [1/1] (0.48ns)   --->   "%store_ln0 = store i16 0, i16 %k1"   --->   Operation 19 'store' 'store_ln0' <Predicate = true> <Delay = 0.48>
ST_1 : Operation 20 [1/1] (0.48ns)   --->   "%br_ln29 = br void %new.header" [top.cpp:29]   --->   Operation 20 'br' 'br_ln29' <Predicate = true> <Delay = 0.48>
ST_1 : Operation 21 [1/1] (0.00ns)   --->   "%first_iter_0 = phi i1 1, void %entry, i1 0, void %_ZN8ap_fixedILi36ELi12EL9ap_q_mode0EL9ap_o_mode0ELi0EEC2ILi32ELi10ELb1ELS0_0ELS1_0ELi0EEERK13ap_fixed_baseIXT_EXT0_EXT1_EXT2_EXT3_EXT4_EE.exit.split"   --->   Operation 21 'phi' 'first_iter_0' <Predicate = true> <Delay = 0.00>
ST_1 : Operation 22 [1/1] (0.00ns)   --->   "%br_ln0 = br i1 %first_iter_0, void %_ZN8ap_fixedILi36ELi12EL9ap_q_mode0EL9ap_o_mode0ELi0EEC2ILi32ELi10ELb1ELS0_0ELS1_0ELi0EEERK13ap_fixed_baseIXT_EXT0_EXT1_EXT2_EXT3_EXT4_EE.exit.split, void %for.first.iter._ZN8ap_fixedILi36ELi12EL9ap_q_mode0EL9ap_o_mode0ELi0EEC2ILi32ELi10ELb1ELS0_0ELS1_0ELi0EEERK13ap_fixed_baseIXT_EXT0_EXT1_EXT2_EXT3_EXT4_EE.exit.split"   --->   Operation 22 'br' 'br_ln0' <Predicate = true> <Delay = 0.00>
ST_1 : Operation 23 [1/1] (0.00ns)   --->   "%k1_load = load i16 %k1" [top.cpp:29]   --->   Operation 23 'load' 'k1_load' <Predicate = true> <Delay = 0.00>
ST_1 : Operation 24 [1/1] (1.01ns)   --->   "%k = add i16 %k1_load, i16 1" [top.cpp:29]   --->   Operation 24 'add' 'k' <Predicate = true> <Delay = 1.01> <CoreInst = "Adder">   --->   Core 1 'Adder' <Latency = 0> <II = 1> <Delay = 1.01> <FuncUnit> <Opcode : 'add' 'sub'> <InPorts = 2> <OutPorts = 1>
ST_1 : Operation 25 [1/1] (1.01ns)   --->   "%icmp_ln29 = icmp_eq  i16 %k1_load, i16 65535" [top.cpp:29]   --->   Operation 25 'icmp' 'icmp_ln29' <Predicate = true> <Delay = 1.01> <CoreInst = "Cmp">   --->   Core 9 'Cmp' <Latency = 0> <II = 1> <Delay = 1.01> <FuncUnit> <Opcode : 'seteq' 'setne' 'setle' 'setge' 'setlt' 'setgt'> <InPorts = 2> <OutPorts = 1>
ST_1 : Operation 26 [1/1] (0.48ns)   --->   "%store_ln29 = store i16 %k, i16 %k1" [top.cpp:29]   --->   Operation 26 'store' 'store_ln29' <Predicate = true> <Delay = 0.48>
ST_1 : Operation 27 [1/1] (0.00ns)   --->   "%br_ln29 = br i1 %icmp_ln29, void %new.header, void %for.end" [top.cpp:29]   --->   Operation 27 'br' 'br_ln29' <Predicate = true> <Delay = 0.00>

State 2 <SV = 1> <Delay = 7.30>
ST_2 : Operation 28 [1/1] (0.00ns)   --->   "%trunc_ln = partselect i62 @_ssdm_op_PartSelect.i62.i64.i32.i32, i64 %in_read, i32 2, i32 63" [top.cpp:29]   --->   Operation 28 'partselect' 'trunc_ln' <Predicate = true> <Delay = 0.00>
ST_2 : Operation 29 [1/1] (0.00ns)   --->   "%sext_ln29 = sext i62 %trunc_ln" [top.cpp:29]   --->   Operation 29 'sext' 'sext_ln29' <Predicate = true> <Delay = 0.00>
ST_2 : Operation 30 [1/1] (0.00ns)   --->   "%in_r_addr = getelementptr i32 %in_r, i64 %sext_ln29" [top.cpp:29]   --->   Operation 30 'getelementptr' 'in_r_addr' <Predicate = true> <Delay = 0.00>
ST_2 : Operation 31 [8/8] (7.30ns)   --->   "%empty = readreq i1 @_ssdm_op_ReadReq.m_axi.p1i32, i32 %in_r_addr, i64 65536" [top.cpp:29]   --->   Operation 31 'readreq' 'empty' <Predicate = (first_iter_0)> <Delay = 7.30> <CoreInst = "m_axi">   --->   Core 119 'm_axi' <Latency = 6> <II = 1> <Delay = 1.00> <Adapter> <Opcode : 'read' 'write' 'readreq' 'writereq' 'writeresp'>

State 3 <SV = 2> <Delay = 7.30>
ST_3 : Operation 32 [7/8] (7.30ns)   --->   "%empty = readreq i1 @_ssdm_op_ReadReq.m_axi.p1i32, i32 %in_r_addr, i64 65536" [top.cpp:29]   --->   Operation 32 'readreq' 'empty' <Predicate = (first_iter_0)> <Delay = 7.30> <CoreInst = "m_axi">   --->   Core 119 'm_axi' <Latency = 6> <II = 1> <Delay = 1.00> <Adapter> <Opcode : 'read' 'write' 'readreq' 'writereq' 'writeresp'>

State 4 <SV = 3> <Delay = 7.30>
ST_4 : Operation 33 [6/8] (7.30ns)   --->   "%empty = readreq i1 @_ssdm_op_ReadReq.m_axi.p1i32, i32 %in_r_addr, i64 65536" [top.cpp:29]   --->   Operation 33 'readreq' 'empty' <Predicate = (first_iter_0)> <Delay = 7.30> <CoreInst = "m_axi">   --->   Core 119 'm_axi' <Latency = 6> <II = 1> <Delay = 1.00> <Adapter> <Opcode : 'read' 'write' 'readreq' 'writereq' 'writeresp'>

State 5 <SV = 4> <Delay = 7.30>
ST_5 : Operation 34 [5/8] (7.30ns)   --->   "%empty = readreq i1 @_ssdm_op_ReadReq.m_axi.p1i32, i32 %in_r_addr, i64 65536" [top.cpp:29]   --->   Operation 34 'readreq' 'empty' <Predicate = (first_iter_0)> <Delay = 7.30> <CoreInst = "m_axi">   --->   Core 119 'm_axi' <Latency = 6> <II = 1> <Delay = 1.00> <Adapter> <Opcode : 'read' 'write' 'readreq' 'writereq' 'writeresp'>

State 6 <SV = 5> <Delay = 7.30>
ST_6 : Operation 35 [4/8] (7.30ns)   --->   "%empty = readreq i1 @_ssdm_op_ReadReq.m_axi.p1i32, i32 %in_r_addr, i64 65536" [top.cpp:29]   --->   Operation 35 'readreq' 'empty' <Predicate = (first_iter_0)> <Delay = 7.30> <CoreInst = "m_axi">   --->   Core 119 'm_axi' <Latency = 6> <II = 1> <Delay = 1.00> <Adapter> <Opcode : 'read' 'write' 'readreq' 'writereq' 'writeresp'>

State 7 <SV = 6> <Delay = 7.30>
ST_7 : Operation 36 [3/8] (7.30ns)   --->   "%empty = readreq i1 @_ssdm_op_ReadReq.m_axi.p1i32, i32 %in_r_addr, i64 65536" [top.cpp:29]   --->   Operation 36 'readreq' 'empty' <Predicate = (first_iter_0)> <Delay = 7.30> <CoreInst = "m_axi">   --->   Core 119 'm_axi' <Latency = 6> <II = 1> <Delay = 1.00> <Adapter> <Opcode : 'read' 'write' 'readreq' 'writereq' 'writeresp'>

State 8 <SV = 7> <Delay = 7.30>
ST_8 : Operation 37 [2/8] (7.30ns)   --->   "%empty = readreq i1 @_ssdm_op_ReadReq.m_axi.p1i32, i32 %in_r_addr, i64 65536" [top.cpp:29]   --->   Operation 37 'readreq' 'empty' <Predicate = (first_iter_0)> <Delay = 7.30> <CoreInst = "m_axi">   --->   Core 119 'm_axi' <Latency = 6> <II = 1> <Delay = 1.00> <Adapter> <Opcode : 'read' 'write' 'readreq' 'writereq' 'writeresp'>

State 9 <SV = 8> <Delay = 7.30>
ST_9 : Operation 38 [1/8] (7.30ns)   --->   "%empty = readreq i1 @_ssdm_op_ReadReq.m_axi.p1i32, i32 %in_r_addr, i64 65536" [top.cpp:29]   --->   Operation 38 'readreq' 'empty' <Predicate = (first_iter_0)> <Delay = 7.30> <CoreInst = "m_axi">   --->   Core 119 'm_axi' <Latency = 6> <II = 1> <Delay = 1.00> <Adapter> <Opcode : 'read' 'write' 'readreq' 'writereq' 'writeresp'>
ST_9 : Operation 39 [1/1] (0.00ns)   --->   "%br_ln0 = br void %_ZN8ap_fixedILi36ELi12EL9ap_q_mode0EL9ap_o_mode0ELi0EEC2ILi32ELi10ELb1ELS0_0ELS1_0ELi0EEERK13ap_fixed_baseIXT_EXT0_EXT1_EXT2_EXT3_EXT4_EE.exit.split"   --->   Operation 39 'br' 'br_ln0' <Predicate = (first_iter_0)> <Delay = 0.00>

State 10 <SV = 9> <Delay = 7.30>
ST_10 : Operation 40 [1/1] (7.30ns)   --->   "%val = read i32 @_ssdm_op_Read.m_axi.p1i32, i32 %in_r_addr" [top.cpp:31]   --->   Operation 40 'read' 'val' <Predicate = true> <Delay = 7.30> <CoreInst = "m_axi">   --->   Core 119 'm_axi' <Latency = 3> <II = 1> <Delay = 1.00> <Adapter> <Opcode : 'read' 'write' 'readreq' 'writereq' 'writeresp'>
ST_10 : Operation 41 [1/1] (0.00ns)   --->   "%trunc_ln7 = partselect i30 @_ssdm_op_PartSelect.i30.i32.i32.i32, i32 %val, i32 2, i32 31" [top.cpp:32]   --->   Operation 41 'partselect' 'trunc_ln7' <Predicate = true> <Delay = 0.00>
ST_10 : Operation 42 [1/1] (0.00ns)   --->   "%tmp = bitselect i1 @_ssdm_op_BitSelect.i1.i32.i32, i32 %val, i32 1" [top.cpp:32]   --->   Operation 42 'bitselect' 'tmp' <Predicate = true> <Delay = 0.00>

State 11 <SV = 10> <Delay = 6.04>
ST_11 : Operation 43 [1/1] (0.00ns)   --->   "%specpipeline_ln30 = specpipeline void @_ssdm_op_SpecPipeline, i32 1, i32 0, i32 0, i32 0, void @empty_1" [top.cpp:30]   --->   Operation 43 'specpipeline' 'specpipeline_ln30' <Predicate = true> <Delay = 0.00>
ST_11 : Operation 44 [1/1] (0.00ns)   --->   "%speclooptripcount_ln29 = speclooptripcount void @_ssdm_op_SpecLoopTripCount, i64 65536, i64 65536, i64 65536" [top.cpp:29]   --->   Operation 44 'speclooptripcount' 'speclooptripcount_ln29' <Predicate = true> <Delay = 0.00>
ST_11 : Operation 45 [1/1] (0.00ns)   --->   "%specloopname_ln29 = specloopname void @_ssdm_op_SpecLoopName, void @empty_7" [top.cpp:29]   --->   Operation 45 'specloopname' 'specloopname_ln29' <Predicate = true> <Delay = 0.00>
ST_11 : Operation 46 [1/1] (0.00ns)   --->   "%sext_ln32 = sext i30 %trunc_ln7" [top.cpp:32]   --->   Operation 46 'sext' 'sext_ln32' <Predicate = true> <Delay = 0.00>
ST_11 : Operation 47 [1/1] (0.00ns)   --->   "%zext_ln32 = zext i1 %tmp" [top.cpp:32]   --->   Operation 47 'zext' 'zext_ln32' <Predicate = true> <Delay = 0.00>
ST_11 : Operation 48 [1/1] (1.17ns)   --->   "%add_ln32 = add i31 %sext_ln32, i31 %zext_ln32" [top.cpp:32]   --->   Operation 48 'add' 'add_ln32' <Predicate = true> <Delay = 1.17> <CoreInst = "Adder">   --->   Core 1 'Adder' <Latency = 0> <II = 1> <Delay = 1.17> <FuncUnit> <Opcode : 'add' 'sub'> <InPorts = 2> <OutPorts = 1>
ST_11 : Operation 49 [1/1] (0.00ns)   --->   "%trunc_ln32 = trunc i31 %add_ln32" [top.cpp:32]   --->   Operation 49 'trunc' 'trunc_ln32' <Predicate = true> <Delay = 0.00>
ST_11 : Operation 50 [1/1] (0.00ns)   --->   "%p_shl = bitconcatenate i54 @_ssdm_op_BitConcatenate.i54.i30.i24, i30 %trunc_ln32, i24 0" [top.cpp:32]   --->   Operation 50 'bitconcatenate' 'p_shl' <Predicate = true> <Delay = 0.00>
ST_11 : Operation 51 [1/1] (0.00ns)   --->   "%tmp_40 = bitconcatenate i52 @_ssdm_op_BitConcatenate.i52.i31.i21, i31 %add_ln32, i21 0" [top.cpp:32]   --->   Operation 51 'bitconcatenate' 'tmp_40' <Predicate = true> <Delay = 0.00>
ST_11 : Operation 52 [1/1] (0.00ns)   --->   "%sext_ln32_1 = sext i52 %tmp_40" [top.cpp:32]   --->   Operation 52 'sext' 'sext_ln32_1' <Predicate = true> <Delay = 0.00>
ST_11 : Operation 53 [1/1] (0.00ns) (grouped into TernaryAdder)   --->   "%sub_ln32 = sub i54 %p_shl, i54 %sext_ln32_1" [top.cpp:32]   --->   Operation 53 'sub' 'sub_ln32' <Predicate = true> <Delay = 0.00> <CoreInst = "TAddSub">   --->   Core 10 'TAddSub' <Latency = 0> <II = 1> <Delay = 0.48> <IPBlock> <Opcode : 'add' 'sub'> <InPorts = 3> <OutPorts = 1> <Sync> <CReg>
ST_11 : Operation 54 [1/1] (0.96ns) (root node of TernaryAdder)   --->   "%add_ln32_1 = add i54 %sub_ln32, i54 35184372088832" [top.cpp:32]   --->   Operation 54 'add' 'add_ln32_1' <Predicate = true> <Delay = 0.96> <CoreInst = "TAddSub">   --->   Core 10 'TAddSub' <Latency = 0> <II = 1> <Delay = 0.48> <IPBlock> <Opcode : 'add' 'sub'> <InPorts = 3> <OutPorts = 1> <Sync> <CReg>
ST_11 : Operation 55 [1/1] (0.00ns)   --->   "%tmp_41 = bitselect i1 @_ssdm_op_BitSelect.i1.i54.i32, i54 %add_ln32_1, i32 53" [top.cpp:32]   --->   Operation 55 'bitselect' 'tmp_41' <Predicate = true> <Delay = 0.00>
ST_11 : Operation 56 [1/1] (0.00ns)   --->   "%res = partselect i32 @_ssdm_op_PartSelect.i32.i54.i32.i32, i54 %add_ln32_1, i32 22, i32 53" [top.cpp:32]   --->   Operation 56 'partselect' 'res' <Predicate = true> <Delay = 0.00>
ST_11 : Operation 57 [1/1] (0.00ns)   --->   "%tmp_42 = bitselect i1 @_ssdm_op_BitSelect.i1.i54.i32, i54 %add_ln32_1, i32 21" [top.cpp:32]   --->   Operation 57 'bitselect' 'tmp_42' <Predicate = true> <Delay = 0.00>
ST_11 : Operation 58 [1/1] (0.00ns)   --->   "%zext_ln32_1 = zext i1 %tmp_42" [top.cpp:32]   --->   Operation 58 'zext' 'zext_ln32_1' <Predicate = true> <Delay = 0.00>
ST_11 : Operation 59 [1/1] (1.20ns)   --->   "%res_1 = add i32 %res, i32 %zext_ln32_1" [top.cpp:32]   --->   Operation 59 'add' 'res_1' <Predicate = true> <Delay = 1.20> <CoreInst = "Adder">   --->   Core 1 'Adder' <Latency = 0> <II = 1> <Delay = 1.20> <FuncUnit> <Opcode : 'add' 'sub'> <InPorts = 2> <OutPorts = 1>
ST_11 : Operation 60 [1/1] (0.00ns)   --->   "%tmp_43 = bitselect i1 @_ssdm_op_BitSelect.i1.i32.i32, i32 %res_1, i32 31" [top.cpp:32]   --->   Operation 60 'bitselect' 'tmp_43' <Predicate = true> <Delay = 0.00>
ST_11 : Operation 61 [1/1] (0.33ns)   --->   "%xor_ln32 = xor i1 %tmp_41, i1 1" [top.cpp:32]   --->   Operation 61 'xor' 'xor_ln32' <Predicate = true> <Delay = 0.33> <CoreInst = "LogicGate">   --->   Core 74 'LogicGate' <Latency = 0> <II = 1> <Delay = 0.33> <FuncUnit> <Opcode : 'and' 'or' 'xor'> <InPorts = 2> <OutPorts = 1>
ST_11 : Operation 62 [1/1] (0.00ns) (grouped into LUT with out node res_2)   --->   "%or_ln32_1 = or i1 %tmp_43, i1 %xor_ln32" [top.cpp:32]   --->   Operation 62 'or' 'or_ln32_1' <Predicate = true> <Delay = 0.00> <CoreInst = "LogicGate">   --->   Core 74 'LogicGate' <Latency = 0> <II = 1> <Delay = 0.33> <FuncUnit> <Opcode : 'and' 'or' 'xor'> <InPorts = 2> <OutPorts = 1>
ST_11 : Operation 63 [1/1] (0.00ns) (grouped into LUT with out node res_2)   --->   "%xor_ln32_1 = xor i1 %tmp_41, i1 %or_ln32_1" [top.cpp:32]   --->   Operation 63 'xor' 'xor_ln32_1' <Predicate = true> <Delay = 0.00> <CoreInst = "LogicGate">   --->   Core 74 'LogicGate' <Latency = 0> <II = 1> <Delay = 0.33> <FuncUnit> <Opcode : 'and' 'or' 'xor'> <InPorts = 2> <OutPorts = 1>
ST_11 : Operation 64 [1/1] (0.00ns) (grouped into LUT with out node res_2)   --->   "%xor_ln32_2 = xor i1 %xor_ln32_1, i1 1" [top.cpp:32]   --->   Operation 64 'xor' 'xor_ln32_2' <Predicate = true> <Delay = 0.00> <CoreInst = "LogicGate">   --->   Core 74 'LogicGate' <Latency = 0> <II = 1> <Delay = 0.33> <FuncUnit> <Opcode : 'and' 'or' 'xor'> <InPorts = 2> <OutPorts = 1>
ST_11 : Operation 65 [1/1] (0.00ns) (grouped into LUT with out node res_2)   --->   "%or_ln32 = or i1 %tmp_43, i1 %xor_ln32_2" [top.cpp:32]   --->   Operation 65 'or' 'or_ln32' <Predicate = true> <Delay = 0.00> <CoreInst = "LogicGate">   --->   Core 74 'LogicGate' <Latency = 0> <II = 1> <Delay = 0.33> <FuncUnit> <Opcode : 'and' 'or' 'xor'> <InPorts = 2> <OutPorts = 1>
ST_11 : Operation 66 [1/1] (0.00ns) (grouped into LUT with out node res_2)   --->   "%and_ln32 = and i1 %or_ln32, i1 %xor_ln32" [top.cpp:32]   --->   Operation 66 'and' 'and_ln32' <Predicate = true> <Delay = 0.00> <CoreInst = "LogicGate">   --->   Core 74 'LogicGate' <Latency = 0> <II = 1> <Delay = 0.33> <FuncUnit> <Opcode : 'and' 'or' 'xor'> <InPorts = 2> <OutPorts = 1>
ST_11 : Operation 67 [1/1] (0.52ns) (out node of the LUT)   --->   "%res_2 = select i1 %and_ln32, i32 2147483647, i32 %res_1" [top.cpp:32]   --->   Operation 67 'select' 'res_2' <Predicate = true> <Delay = 0.52> <CoreInst = "Sel">   --->   Core 73 'Sel' <Latency = 0> <II = 1> <Delay = 0.52> <FuncUnit> <Opcode : 'select'> <InPorts = 3> <OutPorts = 1>
ST_11 : Operation 68 [1/1] ( I:2.16ns O:2.16ns )   --->   "%write_ln35 = write void @_ssdm_op_Write.ap_fifo.volatile.i32P0A, i32 %s0_to_k1, i32 %res_2" [top.cpp:35]   --->   Operation 68 'write' 'write_ln35' <Predicate = true> <Delay = 2.16> <CoreInst = "FIFO_SRL">   --->   Core 80 'FIFO_SRL' <Latency = 0> <II = 1> <Delay = 2.16> <Storage> <Opcode : 'read' 'write' 'nbread' 'nbwrite'> <Ports = 0> <Width = 32> <Depth = 2> <FIFO>
ST_11 : Operation 69 [1/1] ( I:2.16ns O:2.16ns )   --->   "%write_ln36 = write void @_ssdm_op_Write.ap_fifo.volatile.i32P0A, i32 %s0_to_k2, i32 %res_2" [top.cpp:36]   --->   Operation 69 'write' 'write_ln36' <Predicate = true> <Delay = 2.16> <CoreInst = "FIFO_SRL">   --->   Core 80 'FIFO_SRL' <Latency = 0> <II = 1> <Delay = 2.16> <Storage> <Opcode : 'read' 'write' 'nbread' 'nbwrite'> <Ports = 0> <Width = 32> <Depth = 2> <FIFO>
ST_11 : Operation 70 [1/1] (0.48ns)   --->   "%ret_ln38 = ret" [top.cpp:38]   --->   Operation 70 'ret' 'ret_ln38' <Predicate = (icmp_ln29)> <Delay = 0.48>


============================================================
+ Verbose Summary: Timing violations
============================================================
Target clock period: 10.000ns, clock uncertainty: 2.700ns.

 <State 1>: 1.994ns
The critical path consists of the following:
	'store' operation 0 bit ('store_ln0') of constant 0 on local variable 'k1' [10]  (0.489 ns)
	'load' operation 16 bit ('k1_load', top.cpp:29) on local variable 'k1' [22]  (0.000 ns)
	'add' operation 16 bit ('k', top.cpp:29) [53]  (1.016 ns)
	'store' operation 0 bit ('store_ln29', top.cpp:29) of variable 'k', top.cpp:29 on local variable 'k1' [55]  (0.489 ns)

 <State 2>: 7.300ns
The critical path consists of the following:
	'getelementptr' operation 32 bit ('in_r_addr', top.cpp:29) [16]  (0.000 ns)
	bus request operation ('empty', top.cpp:29) on port 'in_r' (top.cpp:29) [19]  (7.300 ns)

 <State 3>: 7.300ns
The critical path consists of the following:
	bus request operation ('empty', top.cpp:29) on port 'in_r' (top.cpp:29) [19]  (7.300 ns)

 <State 4>: 7.300ns
The critical path consists of the following:
	bus request operation ('empty', top.cpp:29) on port 'in_r' (top.cpp:29) [19]  (7.300 ns)

 <State 5>: 7.300ns
The critical path consists of the following:
	bus request operation ('empty', top.cpp:29) on port 'in_r' (top.cpp:29) [19]  (7.300 ns)

 <State 6>: 7.300ns
The critical path consists of the following:
	bus request operation ('empty', top.cpp:29) on port 'in_r' (top.cpp:29) [19]  (7.300 ns)

 <State 7>: 7.300ns
The critical path consists of the following:
	bus request operation ('empty', top.cpp:29) on port 'in_r' (top.cpp:29) [19]  (7.300 ns)

 <State 8>: 7.300ns
The critical path consists of the following:
	bus request operation ('empty', top.cpp:29) on port 'in_r' (top.cpp:29) [19]  (7.300 ns)

 <State 9>: 7.300ns
The critical path consists of the following:
	bus request operation ('empty', top.cpp:29) on port 'in_r' (top.cpp:29) [19]  (7.300 ns)

 <State 10>: 7.300ns
The critical path consists of the following:
	bus read operation ('val', top.cpp:31) on port 'in_r' (top.cpp:31) [26]  (7.300 ns)

 <State 11>: 6.041ns
The critical path consists of the following:
	'add' operation 31 bit ('add_ln32', top.cpp:32) [31]  (1.180 ns)
	'sub' operation 54 bit ('sub_ln32', top.cpp:32) [36]  (0.000 ns)
	'add' operation 54 bit ('add_ln32_1', top.cpp:32) [37]  (0.966 ns)
	'add' operation 32 bit ('res', top.cpp:32) [42]  (1.203 ns)
	'select' operation 32 bit ('res', top.cpp:32) [50]  (0.525 ns)
	fifo write operation ('write_ln35', top.cpp:35) on port 's0_to_k1' (top.cpp:35) [51]  (2.167 ns)


============================================================
+ Verbose Summary: Binding
============================================================
N/A
* FSMD analyzer results:
  - Output states:
 - Input state : 
  - Chain level:
	State 1
	State 2
	State 3
	State 4
	State 5
	State 6
	State 7
	State 8
	State 9
	State 10
	State 11


============================================================
+ Verbose Summary: Datapath Resource usage 
============================================================
N/A
