

================================================================
== Vitis HLS Report for 'K0'
================================================================
* Date:           Tue Mar 10 16:07:31 2026

* Version:        2025.1.1 (Build 6214317 on Sep 11 2025)
* Project:        project_1
* Solution:       hls (Vivado IP Flow Target)
* Product family: zynquplus
* Target device:  xczu3eg-sbva484-1-e


================================================================
== Performance Estimates
================================================================
+ Timing: 
    * Summary: 
    +--------+----------+----------+------------+
    |  Clock |  Target  | Estimated| Uncertainty|
    +--------+----------+----------+------------+
    |ap_clk  |  10.00 ns|  7.300 ns|     2.70 ns|
    +--------+----------+----------+------------+

+ Latency: 
    * Summary: 
    +---------+---------+----------+----------+-------+-------+------------------------------------------------+
    |  Latency (cycles) |  Latency (absolute) |    Interval   |                    Pipeline                    |
    |   min   |   max   |    min   |    max   |  min  |  max  |                      Type                      |
    +---------+---------+----------+----------+-------+-------+------------------------------------------------+
    |    65547|    65547|  0.655 ms|  0.655 ms|  65536|  65536|  loop auto-rewind stp (delay=0 clock cycles(s))|
    +---------+---------+----------+----------+-------+-------+------------------------------------------------+

    + Detail: 
        * Instance: 
        N/A

        * Loop: 
        +-------------------+---------+---------+----------+-----------+-----------+-------+----------+
        |                   |  Latency (cycles) | Iteration|  Initiation Interval  |  Trip |          |
        |     Loop Name     |   min   |   max   |  Latency |  achieved |   target  | Count | Pipelined|
        +-------------------+---------+---------+----------+-----------+-----------+-------+----------+
        |- VITIS_LOOP_29_1  |    65545|    65545|        11|          1|          1|  65536|       yes|
        +-------------------+---------+---------+----------+-----------+-----------+-------+----------+



================================================================
== Utilization Estimates
================================================================
* Summary: 
+-----------------+---------+-----+--------+-------+-----+
|       Name      | BRAM_18K| DSP |   FF   |  LUT  | URAM|
+-----------------+---------+-----+--------+-------+-----+
|DSP              |        -|    -|       -|      -|    -|
|Expression       |        -|    -|       0|    289|    -|
|FIFO             |        -|    -|       -|      -|    -|
|Instance         |        -|    -|       -|      -|    -|
|Memory           |        -|    -|       -|      -|    -|
|Multiplexer      |        -|    -|       0|     81|    -|
|Register         |        -|    -|     136|      -|    -|
+-----------------+---------+-----+--------+-------+-----+
|Total            |        0|    0|     136|    370|    0|
+-----------------+---------+-----+--------+-------+-----+
|Available        |      432|  360|  141120|  70560|    0|
+-----------------+---------+-----+--------+-------+-----+
|Utilization (%)  |        0|    0|      ~0|     ~0|    0|
+-----------------+---------+-----+--------+-------+-----+

+ Detail: 
    * Instance: 
    N/A

    * DSP: 
    N/A

    * Memory: 
    N/A

    * FIFO: 
    N/A

    * Expression: 
    +-----------------------------------------+----------+----+---+----+------------+------------+
    |              Variable Name              | Operation| DSP| FF| LUT| Bitwidth P0| Bitwidth P1|
    +-----------------------------------------+----------+----+---+----+------------+------------+
    |add_ln32_1_fu_243_p2                     |         +|   0|  0|  54|          54|          46|
    |add_ln32_fu_207_p2                       |         +|   0|  0|  38|          31|          31|
    |k_fu_146_p2                              |         +|   0|  0|  23|          16|           1|
    |res_1_fu_279_p2                          |         +|   0|  0|  39|          32|          32|
    |sub_ln32_fu_237_p2                       |         -|   0|  0|  54|          54|          54|
    |and_ln32_fu_323_p2                       |       and|   0|  0|   2|           1|           1|
    |ap_block_state2_io_grp1                  |       and|   0|  0|   2|           1|           1|
    |ap_condition_261                         |       and|   0|  0|   2|           1|           1|
    |ap_condition_445                         |       and|   0|  0|   2|           1|           1|
    |icmp_ln29_fu_152_p2                      |      icmp|   0|  0|  23|          16|           2|
    |ap_block_pp0_stage0_01001_grp1           |        or|   0|  0|   2|           1|           1|
    |ap_block_pp0_stage0_11001                |        or|   0|  0|   2|           1|           1|
    |ap_block_state11_pp0_stage0_iter10_grp1  |        or|   0|  0|   2|           1|           1|
    |or_ln32_1_fu_299_p2                      |        or|   0|  0|   2|           1|           1|
    |or_ln32_fu_317_p2                        |        or|   0|  0|   2|           1|           1|
    |res_2_fu_329_p3                          |    select|   0|  0|  32|           1|          31|
    |ap_enable_pp0                            |       xor|   0|  0|   2|           1|           2|
    |xor_ln32_1_fu_305_p2                     |       xor|   0|  0|   2|           1|           1|
    |xor_ln32_2_fu_311_p2                     |       xor|   0|  0|   2|           1|           2|
    |xor_ln32_fu_293_p2                       |       xor|   0|  0|   2|           1|           2|
    +-----------------------------------------+----------+----+---+----+------------+------------+
    |Total                                    |          |   0|  0| 289|         217|         213|
    +-----------------------------------------+----------+----+---+----+------------+------------+

    * Multiplexer: 
    +-----------------------------------+----+-----------+-----+-----------+
    |                Name               | LUT| Input Size| Bits| Total Bits|
    +-----------------------------------+----+-----------+-----+-----------+
    |ap_done_int                        |   9|          2|    1|          2|
    |ap_loop_exit_ready_pp0_iter10_reg  |   9|          2|    1|          2|
    |ap_sig_allocacmp_k1_load           |   9|          2|   16|         32|
    |in_r_blk_n_AR                      |   9|          2|    1|          2|
    |in_r_blk_n_R                       |   9|          2|    1|          2|
    |k1_fu_90                           |   9|          2|   16|         32|
    |real_start                         |   9|          2|    1|          2|
    |s0_to_k1_blk_n                     |   9|          2|    1|          2|
    |s0_to_k2_blk_n                     |   9|          2|    1|          2|
    +-----------------------------------+----+-----------+-----+-----------+
    |Total                              |  81|         18|   39|         78|
    +-----------------------------------+----+-----------+-----+-----------+

    * Register: 
    +-----------------------------------+----+----+-----+-----------+
    |                Name               | FF | LUT| Bits| Const Bits|
    +-----------------------------------+----+----+-----+-----------+
    |ap_CS_fsm                          |   1|   0|    1|          0|
    |ap_done_reg                        |   1|   0|    1|          0|
    |ap_enable_reg_pp0_iter1            |   1|   0|    1|          0|
    |ap_enable_reg_pp0_iter10           |   1|   0|    1|          0|
    |ap_enable_reg_pp0_iter2            |   1|   0|    1|          0|
    |ap_enable_reg_pp0_iter3            |   1|   0|    1|          0|
    |ap_enable_reg_pp0_iter4            |   1|   0|    1|          0|
    |ap_enable_reg_pp0_iter5            |   1|   0|    1|          0|
    |ap_enable_reg_pp0_iter6            |   1|   0|    1|          0|
    |ap_enable_reg_pp0_iter7            |   1|   0|    1|          0|
    |ap_enable_reg_pp0_iter8            |   1|   0|    1|          0|
    |ap_enable_reg_pp0_iter9            |   1|   0|    1|          0|
    |ap_loop_exit_ready_pp0_iter10_reg  |   1|   0|    1|          0|
    |ap_loop_exit_ready_pp0_iter1_reg   |   1|   0|    1|          0|
    |ap_loop_exit_ready_pp0_iter2_reg   |   1|   0|    1|          0|
    |ap_loop_exit_ready_pp0_iter3_reg   |   1|   0|    1|          0|
    |ap_loop_exit_ready_pp0_iter4_reg   |   1|   0|    1|          0|
    |ap_loop_exit_ready_pp0_iter5_reg   |   1|   0|    1|          0|
    |ap_loop_exit_ready_pp0_iter6_reg   |   1|   0|    1|          0|
    |ap_loop_exit_ready_pp0_iter7_reg   |   1|   0|    1|          0|
    |ap_loop_exit_ready_pp0_iter8_reg   |   1|   0|    1|          0|
    |ap_loop_exit_ready_pp0_iter9_reg   |   1|   0|    1|          0|
    |first_iter_0_reg_126               |   1|   0|    1|          0|
    |icmp_ln29_reg_351                  |   1|   0|    1|          0|
    |in_read_reg_346                    |  64|   0|   64|          0|
    |k1_fu_90                           |  16|   0|   16|          0|
    |start_once_reg                     |   1|   0|    1|          0|
    |tmp_reg_366                        |   1|   0|    1|          0|
    |trunc_ln7_reg_361                  |  30|   0|   30|          0|
    +-----------------------------------+----+----+-----+-----------+
    |Total                              | 136|   0|  136|          0|
    +-----------------------------------+----+----+-----+-----------+



================================================================
== Interface
================================================================
* Summary: 
+-------------------------+-----+-----+------------+--------------+--------------+
|        RTL Ports        | Dir | Bits|  Protocol  | Source Object|    C Type    |
+-------------------------+-----+-----+------------+--------------+--------------+
|ap_clk                   |   in|    1|  ap_ctrl_hs|            K0|  return value|
|ap_rst                   |   in|    1|  ap_ctrl_hs|            K0|  return value|
|ap_start                 |   in|    1|  ap_ctrl_hs|            K0|  return value|
|start_full_n             |   in|    1|  ap_ctrl_hs|            K0|  return value|
|ap_done                  |  out|    1|  ap_ctrl_hs|            K0|  return value|
|ap_continue              |   in|    1|  ap_ctrl_hs|            K0|  return value|
|ap_idle                  |  out|    1|  ap_ctrl_hs|            K0|  return value|
|ap_ready                 |  out|    1|  ap_ctrl_hs|            K0|  return value|
|start_out                |  out|    1|  ap_ctrl_hs|            K0|  return value|
|start_write              |  out|    1|  ap_ctrl_hs|            K0|  return value|
|m_axi_in_r_0_AWVALID     |  out|    1|       m_axi|          in_r|       pointer|
|m_axi_in_r_0_AWREADY     |   in|    1|       m_axi|          in_r|       pointer|
|m_axi_in_r_0_AWADDR      |  out|   64|       m_axi|          in_r|       pointer|
|m_axi_in_r_0_AWID        |  out|    1|       m_axi|          in_r|       pointer|
|m_axi_in_r_0_AWLEN       |  out|   32|       m_axi|          in_r|       pointer|
|m_axi_in_r_0_AWSIZE      |  out|    3|       m_axi|          in_r|       pointer|
|m_axi_in_r_0_AWBURST     |  out|    2|       m_axi|          in_r|       pointer|
|m_axi_in_r_0_AWLOCK      |  out|    2|       m_axi|          in_r|       pointer|
|m_axi_in_r_0_AWCACHE     |  out|    4|       m_axi|          in_r|       pointer|
|m_axi_in_r_0_AWPROT      |  out|    3|       m_axi|          in_r|       pointer|
|m_axi_in_r_0_AWQOS       |  out|    4|       m_axi|          in_r|       pointer|
|m_axi_in_r_0_AWREGION    |  out|    4|       m_axi|          in_r|       pointer|
|m_axi_in_r_0_AWUSER      |  out|    1|       m_axi|          in_r|       pointer|
|m_axi_in_r_0_WVALID      |  out|    1|       m_axi|          in_r|       pointer|
|m_axi_in_r_0_WREADY      |   in|    1|       m_axi|          in_r|       pointer|
|m_axi_in_r_0_WDATA       |  out|   32|       m_axi|          in_r|       pointer|
|m_axi_in_r_0_WSTRB       |  out|    4|       m_axi|          in_r|       pointer|
|m_axi_in_r_0_WLAST       |  out|    1|       m_axi|          in_r|       pointer|
|m_axi_in_r_0_WID         |  out|    1|       m_axi|          in_r|       pointer|
|m_axi_in_r_0_WUSER       |  out|    1|       m_axi|          in_r|       pointer|
|m_axi_in_r_0_ARVALID     |  out|    1|       m_axi|          in_r|       pointer|
|m_axi_in_r_0_ARREADY     |   in|    1|       m_axi|          in_r|       pointer|
|m_axi_in_r_0_ARADDR      |  out|   64|       m_axi|          in_r|       pointer|
|m_axi_in_r_0_ARID        |  out|    1|       m_axi|          in_r|       pointer|
|m_axi_in_r_0_ARLEN       |  out|   32|       m_axi|          in_r|       pointer|
|m_axi_in_r_0_ARSIZE      |  out|    3|       m_axi|          in_r|       pointer|
|m_axi_in_r_0_ARBURST     |  out|    2|       m_axi|          in_r|       pointer|
|m_axi_in_r_0_ARLOCK      |  out|    2|       m_axi|          in_r|       pointer|
|m_axi_in_r_0_ARCACHE     |  out|    4|       m_axi|          in_r|       pointer|
|m_axi_in_r_0_ARPROT      |  out|    3|       m_axi|          in_r|       pointer|
|m_axi_in_r_0_ARQOS       |  out|    4|       m_axi|          in_r|       pointer|
|m_axi_in_r_0_ARREGION    |  out|    4|       m_axi|          in_r|       pointer|
|m_axi_in_r_0_ARUSER      |  out|    1|       m_axi|          in_r|       pointer|
|m_axi_in_r_0_RVALID      |   in|    1|       m_axi|          in_r|       pointer|
|m_axi_in_r_0_RREADY      |  out|    1|       m_axi|          in_r|       pointer|
|m_axi_in_r_0_RDATA       |   in|   32|       m_axi|          in_r|       pointer|
|m_axi_in_r_0_RLAST       |   in|    1|       m_axi|          in_r|       pointer|
|m_axi_in_r_0_RID         |   in|    1|       m_axi|          in_r|       pointer|
|m_axi_in_r_0_RFIFONUM    |   in|    9|       m_axi|          in_r|       pointer|
|m_axi_in_r_0_RUSER       |   in|    1|       m_axi|          in_r|       pointer|
|m_axi_in_r_0_RRESP       |   in|    2|       m_axi|          in_r|       pointer|
|m_axi_in_r_0_BVALID      |   in|    1|       m_axi|          in_r|       pointer|
|m_axi_in_r_0_BREADY      |  out|    1|       m_axi|          in_r|       pointer|
|m_axi_in_r_0_BRESP       |   in|    2|       m_axi|          in_r|       pointer|
|m_axi_in_r_0_BID         |   in|    1|       m_axi|          in_r|       pointer|
|m_axi_in_r_0_BUSER       |   in|    1|       m_axi|          in_r|       pointer|
|s0_to_k1_din             |  out|   32|     ap_fifo|      s0_to_k1|       pointer|
|s0_to_k1_full_n          |   in|    1|     ap_fifo|      s0_to_k1|       pointer|
|s0_to_k1_write           |  out|    1|     ap_fifo|      s0_to_k1|       pointer|
|s0_to_k1_num_data_valid  |   in|    3|     ap_fifo|      s0_to_k1|       pointer|
|s0_to_k1_fifo_cap        |   in|    3|     ap_fifo|      s0_to_k1|       pointer|
|s0_to_k2_din             |  out|   32|     ap_fifo|      s0_to_k2|       pointer|
|s0_to_k2_full_n          |   in|    1|     ap_fifo|      s0_to_k2|       pointer|
|s0_to_k2_write           |  out|    1|     ap_fifo|      s0_to_k2|       pointer|
|s0_to_k2_num_data_valid  |   in|    3|     ap_fifo|      s0_to_k2|       pointer|
|s0_to_k2_fifo_cap        |   in|    3|     ap_fifo|      s0_to_k2|       pointer|
|in_r_r                   |   in|   64|     ap_none|        in_r_r|        scalar|
+-------------------------+-----+-----+------------+--------------+--------------+

============================================================
+ Verbose Summary: Synthesis Manager
============================================================
InlineROM: 1
ExposeGlobal: 0
============================================================
+ Verbose Summary: CDFG Model
============================================================
IsTopModel: 0
ResetActiveHigh: 1
IsCombinational: 2
IsDatapathOnly: 0
HasWiredReturn: 1
HasMFsm: 2
HasVarLatency: 1
IsPipeline: 0
IsRtlPipelined: 0
IsInstanceOverlapped: 0
IsDontTouch: 0
HasImplIP: 0
IsGatedGlobalClock: 0

+ Individual pipeline summary: 
  * Pipeline-0: initiation interval (II) = 1, depth = 11


============================================================
+ Verbose Summary: Schedule
============================================================
* Number of FSM states : 11
* Pipeline : 1
  Pipeline-0 : II = 1, D = 11, States = { 1 2 3 4 5 6 7 8 9 10 11 }
* Dataflow Pipeline: 0

* FSM state transitions: 
1 --> 2 
2 --> 3 
3 --> 4 
4 --> 5 
5 --> 6 
6 --> 7 
7 --> 8 
8 --> 9 
9 --> 10 
10 --> 11 
11 --> 

* FSM state operations: 

State 1 <SV = 0> <Delay = 1.99>
ST_1 : Operation 14 [1/1] (0.00ns)   --->   "%k1 = alloca i32 1"   --->   Operation 14 'alloca' 'k1' <Predicate = true> <Delay = 0.00>
ST_1 : Operation 15 [1/1] (0.00ns)   --->   "%specinterface_ln0 = specinterface void @_ssdm_op_SpecInterface, i32 %s0_to_k2, void @empty_11, i32 0, i32 0, void @empty_1, i32 0, i32 0, void @empty_1, void @empty_1, void @empty_1, i32 0, i32 0, i32 0, i32 0, void @empty_1, void @empty_1, i32 4294967295, i32 0, i32 0"   --->   Operation 15 'specinterface' 'specinterface_ln0' <Predicate = true> <Delay = 0.00>
ST_1 : Operation 16 [1/1] (0.00ns)   --->   "%specinterface_ln0 = specinterface void @_ssdm_op_SpecInterface, i32 %s0_to_k1, void @empty_11, i32 0, i32 0, void @empty_1, i32 0, i32 0, void @empty_1, void @empty_1, void @empty_1, i32 0, i32 0, i32 0, i32 0, void @empty_1, void @empty_1, i32 4294967295, i32 0, i32 0"   --->   Operation 16 'specinterface' 'specinterface_ln0' <Predicate = true> <Delay = 0.00>
ST_1 : Operation 17 [1/1] (0.00ns)   --->   "%specinterface_ln0 = specinterface void @_ssdm_op_SpecInterface, i32 %in_r, void @empty_3, i32 0, i32 0, void @empty_1, i32 0, i32 0, void @empty_4, void @empty_0, void @empty_1, i32 16, i32 16, i32 16, i32 16, void @empty_1, void @empty_1, i32 4294967295, i32 0, i32 0"   --->   Operation 17 'specinterface' 'specinterface_ln0' <Predicate = true> <Delay = 0.00>
ST_1 : Operation 18 [1/1] (0.00ns)   --->   "%in_read = read i64 @_ssdm_op_Read.ap_auto.i64, i64 %in_r_r" [top.cpp:25]   --->   Operation 18 'read' 'in_read' <Predicate = true> <Delay = 0.00>
ST_1 : Operation 19 [1/1] (0.48ns)   --->   "%store_ln0 = store i16 0, i16 %k1"   --->   Operation 19 'store' 'store_ln0' <Predicate = true> <Delay = 0.48>
ST_1 : Operation 20 [1/1] (0.48ns)   --->   "%br_ln29 = br void %new.header" [top.cpp:29]   --->   Operation 20 'br' 'br_ln29' <Predicate = true> <Delay = 0.48>
ST_1 : Operation 21 [1/1] (0.00ns)   --->   "%first_iter_0 = phi i1 1, void %entry, i1 0, void %_ZN8ap_fixedILi36ELi12EL9ap_q_mode0EL9ap_o_mode0ELi0EEC2ILi32ELi10ELb1ELS0_0ELS1_0ELi0EEERK13ap_fixed_baseIXT_EXT0_EXT1_EXT2_EXT3_EXT4_EE.exit.split"   --->   Operation 21 'phi' 'first_iter_0' <Predicate = true> <Delay = 0.00>
ST_1 : Operation 22 [1/1] (0.00ns)   --->   "%br_ln0 = br i1 %first_iter_0, void %_ZN8ap_fixedILi36ELi12EL9ap_q_mode0EL9ap_o_mode0ELi0EEC2ILi32ELi10ELb1ELS0_0ELS1_0ELi0EEERK13ap_fixed_baseIXT_EXT0_EXT1_EXT2_EXT3_EXT4_EE.exit.split, void %for.first.iter._ZN8ap_fixedILi36ELi12EL9ap_q_mode0EL9ap_o_mode0ELi0EEC2ILi32ELi10ELb1ELS0_0ELS1_0ELi0EEERK13ap_fixed_baseIXT_EXT0_EXT1_EXT2_EXT3_EXT4_EE.exit.split"   --->   Operation 22 'br' 'br_ln0' <Predicate = true> <Delay = 0.00>
ST_1 : Operation 23 [1/1] (0.00ns)   --->   "%k1_load = load i16 %k1" [top.cpp:29]   --->   Operation 23 'load' 'k1_load' <Predicate = true> <Delay = 0.00>
ST_1 : Operation 24 [1/1] (1.01ns)   --->   "%k = add i16 %k1_load, i16 1" [top.cpp:29]   --->   Operation 24 'add' 'k' <Predicate = true> <Delay = 1.01> <CoreInst = "Adder">   --->   Core 1 'Adder' <Latency = 0> <II = 1> <Delay = 1.01> <FuncUnit> <Opcode : 'add' 'sub'> <InPorts = 2> <OutPorts = 1>
ST_1 : Operation 25 [1/1] (1.01ns)   --->   "%icmp_ln29 = icmp_eq  i16 %k1_load, i16 65535" [top.cpp:29]   --->   Operation 25 'icmp' 'icmp_ln29' <Predicate = true> <Delay = 1.01> <CoreInst = "Cmp">   --->   Core 9 'Cmp' <Latency = 0> <II = 1> <Delay = 1.01> <FuncUnit> <Opcode : 'seteq' 'setne' 'setle' 'setge' 'setlt' 'setgt'> <InPorts = 2> <OutPorts = 1>
ST_1 : Operation 26 [1/1] (0.48ns)   --->   "%store_ln29 = store i16 %k, i16 %k1" [top.cpp:29]   --->   Operation 26 'store' 'store_ln29' <Predicate = true> <Delay = 0.48>
ST_1 : Operation 27 [1/1] (0.00ns)   --->   "%br_ln29 = br i1 %icmp_ln29, void %new.header, void %for.end" [top.cpp:29]   --->   Operation 27 'br' 'br_ln29' <Predicate = true> <Delay = 0.00>

State 2 <SV = 1> <Delay = 7.30>
ST_2 : Operation 28 [1/1] (0.00ns)   --->   "%trunc_ln = partselect i62 @_ssdm_op_PartSelect.i62.i64.i32.i32, i64 %in_read, i32 2, i32 63" [top.cpp:29]   --->   Operation 28 'partselect' 'trunc_ln' <Predicate = true> <Delay = 0.00>
ST_2 : Operation 29 [1/1] (0.00ns)   --->   "%sext_ln29 = sext i62 %trunc_ln" [top.cpp:29]   --->   Operation 29 'sext' 'sext_ln29' <Predicate = true> <Delay = 0.00>
ST_2 : Operation 30 [1/1] (0.00ns)   --->   "%in_r_addr = getelementptr i32 %in_r, i64 %sext_ln29" [top.cpp:29]   --->   Operation 30 'getelementptr' 'in_r_addr' <Predicate = true> <Delay = 0.00>
ST_2 : Operation 31 [8/8] (7.30ns)   --->   "%empty = readreq i1 @_ssdm_op_ReadReq.m_axi.p1i32, i64 %in_r_addr, i64 65536" [top.cpp:29]   --->   Operation 31 'readreq' 'empty' <Predicate = (first_iter_0)> <Delay = 7.30> <CoreInst = "m_axi">   --->   Core 119 'm_axi' <Latency = 6> <II = 1> <Delay = 1.00> <Adapter> <Opcode : 'read' 'write' 'readreq' 'writereq' 'writeresp'>

State 3 <SV = 2> <Delay = 7.30>
ST_3 : Operation 32 [7/8] (7.30ns)   --->   "%empty = readreq i1 @_ssdm_op_ReadReq.m_axi.p1i32, i64 %in_r_addr, i64 65536" [top.cpp:29]   --->   Operation 32 'readreq' 'empty' <Predicate = (first_iter_0)> <Delay = 7.30> <CoreInst = "m_axi">   --->   Core 119 'm_axi' <Latency = 6> <II = 1> <Delay = 1.00> <Adapter> <Opcode : 'read' 'write' 'readreq' 'writereq' 'writeresp'>

State 4 <SV = 3> <Delay = 7.30>
ST_4 : Operation 33 [6/8] (7.30ns)   --->   "%empty = readreq i1 @_ssdm_op_ReadReq.m_axi.p1i32, i64 %in_r_addr, i64 65536" [top.cpp:29]   --->   Operation 33 'readreq' 'empty' <Predicate = (first_iter_0)> <Delay = 7.30> <CoreInst = "m_axi">   --->   Core 119 'm_axi' <Latency = 6> <II = 1> <Delay = 1.00> <Adapter> <Opcode : 'read' 'write' 'readreq' 'writereq' 'writeresp'>

State 5 <SV = 4> <Delay = 7.30>
ST_5 : Operation 34 [5/8] (7.30ns)   --->   "%empty = readreq i1 @_ssdm_op_ReadReq.m_axi.p1i32, i64 %in_r_addr, i64 65536" [top.cpp:29]   --->   Operation 34 'readreq' 'empty' <Predicate = (first_iter_0)> <Delay = 7.30> <CoreInst = "m_axi">   --->   Core 119 'm_axi' <Latency = 6> <II = 1> <Delay = 1.00> <Adapter> <Opcode : 'read' 'write' 'readreq' 'writereq' 'writeresp'>

State 6 <SV = 5> <Delay = 7.30>
ST_6 : Operation 35 [4/8] (7.30ns)   --->   "%empty = readreq i1 @_ssdm_op_ReadReq.m_axi.p1i32, i64 %in_r_addr, i64 65536" [top.cpp:29]   --->   Operation 35 'readreq' 'empty' <Predicate = (first_iter_0)> <Delay = 7.30> <CoreInst = "m_axi">   --->   Core 119 'm_axi' <Latency = 6> <II = 1> <Delay = 1.00> <Adapter> <Opcode : 'read' 'write' 'readreq' 'writereq' 'writeresp'>

State 7 <SV = 6> <Delay = 7.30>
ST_7 : Operation 36 [3/8] (7.30ns)   --->   "%empty = readreq i1 @_ssdm_op_ReadReq.m_axi.p1i32, i64 %in_r_addr, i64 65536" [top.cpp:29]   --->   Operation 36 'readreq' 'empty' <Predicate = (first_iter_0)> <Delay = 7.30> <CoreInst = "m_axi">   --->   Core 119 'm_axi' <Latency = 6> <II = 1> <Delay = 1.00> <Adapter> <Opcode : 'read' 'write' 'readreq' 'writereq' 'writeresp'>

State 8 <SV = 7> <Delay = 7.30>
ST_8 : Operation 37 [2/8] (7.30ns)   --->   "%empty = readreq i1 @_ssdm_op_ReadReq.m_axi.p1i32, i64 %in_r_addr, i64 65536" [top.cpp:29]   --->   Operation 37 'readreq' 'empty' <Predicate = (first_iter_0)> <Delay = 7.30> <CoreInst = "m_axi">   --->   Core 119 'm_axi' <Latency = 6> <II = 1> <Delay = 1.00> <Adapter> <Opcode : 'read' 'write' 'readreq' 'writereq' 'writeresp'>

State 9 <SV = 8> <Delay = 7.30>
ST_9 : Operation 38 [1/8] (7.30ns)   --->   "%empty = readreq i1 @_ssdm_op_ReadReq.m_axi.p1i32, i64 %in_r_addr, i64 65536" [top.cpp:29]   --->   Operation 38 'readreq' 'empty' <Predicate = (first_iter_0)> <Delay = 7.30> <CoreInst = "m_axi">   --->   Core 119 'm_axi' <Latency = 6> <II = 1> <Delay = 1.00> <Adapter> <Opcode : 'read' 'write' 'readreq' 'writereq' 'writeresp'>
ST_9 : Operation 39 [1/1] (0.00ns)   --->   "%br_ln0 = br void %_ZN8ap_fixedILi36ELi12EL9ap_q_mode0EL9ap_o_mode0ELi0EEC2ILi32ELi10ELb1ELS0_0ELS1_0ELi0EEERK13ap_fixed_baseIXT_EXT0_EXT1_EXT2_EXT3_EXT4_EE.exit.split"   --->   Operation 39 'br' 'br_ln0' <Predicate = (first_iter_0)> <Delay = 0.00>

State 10 <SV = 9> <Delay = 7.30>
ST_10 : Operation 40 [1/1] (7.30ns)   --->   "%val = read i32 @_ssdm_op_Read.m_axi.p1i32, i64 %in_r_addr" [top.cpp:31]   --->   Operation 40 'read' 'val' <Predicate = true> <Delay = 7.30> <CoreInst = "m_axi">   --->   Core 119 'm_axi' <Latency = 3> <II = 1> <Delay = 1.00> <Adapter> <Opcode : 'read' 'write' 'readreq' 'writereq' 'writeresp'>
ST_10 : Operation 41 [1/1] (0.00ns)   --->   "%trunc_ln7 = partselect i30 @_ssdm_op_PartSelect.i30.i32.i32.i32, i32 %val, i32 2, i32 31" [top.cpp:32]   --->   Operation 41 'partselect' 'trunc_ln7' <Predicate = true> <Delay = 0.00>
ST_10 : Operation 42 [1/1] (0.00ns)   --->   "%tmp = bitselect i1 @_ssdm_op_BitSelect.i1.i32.i32, i32 %val, i32 1" [top.cpp:32]   --->   Operation 42 'bitselect' 'tmp' <Predicate = true> <Delay = 0.00>

State 11 <SV = 10> <Delay = 6.04>
ST_11 : Operation 43 [1/1] (0.00ns)   --->   "%specpipeline_ln30 = specpipeline void @_ssdm_op_SpecPipeline, i32 1, i32 0, i32 0, i32 0, void @empty_1" [top.cpp:30]   --->   Operation 43 'specpipeline' 'specpipeline_ln30' <Predicate = true> <Delay = 0.00>
ST_11 : Operation 44 [1/1] (0.00ns)   --->   "%speclooptripcount_ln29 = speclooptripcount void @_ssdm_op_SpecLoopTripCount, i64 65536, i64 65536, i64 65536" [top.cpp:29]   --->   Operation 44 'speclooptripcount' 'speclooptripcount_ln29' <Predicate = true> <Delay = 0.00>
ST_11 : Operation 45 [1/1] (0.00ns)   --->   "%specloopname_ln29 = specloopname void @_ssdm_op_SpecLoopName, void @empty_7" [top.cpp:29]   --->   Operation 45 'specloopname' 'specloopname_ln29' <Predicate = true> <Delay = 0.00>
ST_11 : Operation 46 [1/1] (0.00ns)   --->   "%sext_ln32 = sext i30 %trunc_ln7" [top.cpp:32]   --->   Operation 46 'sext' 'sext_ln32' <Predicate = true> <Delay = 0.00>
ST_11 : Operation 47 [1/1] (0.00ns)   --->   "%zext_ln32 = zext i1 %tmp" [top.cpp:32]   --->   Operation 47 'zext' 'zext_ln32' <Predicate = true> <Delay = 0.00>
ST_11 : Operation 48 [1/1] (1.17ns)   --->   "%add_ln32 = add i31 %sext_ln32, i31 %zext_ln32" [top.cpp:32]   --->   Operation 48 'add' 'add_ln32' <Predicate = true> <Delay = 1.17> <CoreInst = "Adder">   --->   Core 1 'Adder' <Latency = 0> <II = 1> <Delay = 1.19> <FuncUnit> <Opcode : 'add' 'sub'> <InPorts = 2> <OutPorts = 1>
ST_11 : Operation 49 [1/1] (0.00ns)   --->   "%trunc_ln32 = trunc i31 %add_ln32" [top.cpp:32]   --->   Operation 49 'trunc' 'trunc_ln32' <Predicate = true> <Delay = 0.00>
ST_11 : Operation 50 [1/1] (0.00ns)   --->   "%p_shl = bitconcatenate i54 @_ssdm_op_BitConcatenate.i54.i30.i24, i30 %trunc_ln32, i24 0" [top.cpp:32]   --->   Operation 50 'bitconcatenate' 'p_shl' <Predicate = true> <Delay = 0.00>
ST_11 : Operation 51 [1/1] (0.00ns)   --->   "%tmp_40 = bitconcatenate i52 @_ssdm_op_BitConcatenate.i52.i31.i21, i31 %add_ln32, i21 0" [top.cpp:32]   --->   Operation 51 'bitconcatenate' 'tmp_40' <Predicate = true> <Delay = 0.00>
ST_11 : Operation 52 [1/1] (0.00ns)   --->   "%sext_ln32_1 = sext i52 %tmp_40" [top.cpp:32]   --->   Operation 52 'sext' 'sext_ln32_1' <Predicate = true> <Delay = 0.00>
ST_11 : Operation 53 [1/1] (0.00ns) (grouped into TernaryAdder)   --->   "%sub_ln32 = sub i54 %p_shl, i54 %sext_ln32_1" [top.cpp:32]   --->   Operation 53 'sub' 'sub_ln32' <Predicate = true> <Delay = 0.00> <CoreInst = "TAddSub">   --->   Core 10 'TAddSub' <Latency = 0> <II = 1> <Delay = 0.48> <IPBlock> <Opcode : 'add' 'sub'> <InPorts = 3> <OutPorts = 1> <Sync> <CReg>
ST_11 : Operation 54 [1/1] (0.96ns) (root node of TernaryAdder)   --->   "%add_ln32_1 = add i54 %sub_ln32, i54 35184372088832" [top.cpp:32]   --->   Operation 54 'add' 'add_ln32_1' <Predicate = true> <Delay = 0.96> <CoreInst = "TAddSub">   --->   Core 10 'TAddSub' <Latency = 0> <II = 1> <Delay = 0.48> <IPBlock> <Opcode : 'add' 'sub'> <InPorts = 3> <OutPorts = 1> <Sync> <CReg>
ST_11 : Operation 55 [1/1] (0.00ns)   --->   "%tmp_41 = bitselect i1 @_ssdm_op_BitSelect.i1.i54.i32, i54 %add_ln32_1, i32 53" [top.cpp:32]   --->   Operation 55 'bitselect' 'tmp_41' <Predicate = true> <Delay = 0.00>
ST_11 : Operation 56 [1/1] (0.00ns)   --->   "%res = partselect i32 @_ssdm_op_PartSelect.i32.i54.i32.i32, i54 %add_ln32_1, i32 22, i32 53" [top.cpp:32]   --->   Operation 56 'partselect' 'res' <Predicate = true> <Delay = 0.00>
ST_11 : Operation 57 [1/1] (0.00ns)   --->   "%tmp_42 = bitselect i1 @_ssdm_op_BitSelect.i1.i54.i32, i54 %add_ln32_1, i32 21" [top.cpp:32]   --->   Operation 57 'bitselect' 'tmp_42' <Predicate = true> <Delay = 0.00>
ST_11 : Operation 58 [1/1] (0.00ns)   --->   "%zext_ln32_1 = zext i1 %tmp_42" [top.cpp:32]   --->   Operation 58 'zext' 'zext_ln32_1' <Predicate = true> <Delay = 0.00>
ST_11 : Operation 59 [1/1] (1.20ns)   --->   "%res_1 = add i32 %res, i32 %zext_ln32_1" [top.cpp:32]   --->   Operation 59 'add' 'res_1' <Predicate = true> <Delay = 1.20> <CoreInst = "Adder">   --->   Core 1 'Adder' <Latency = 0> <II = 1> <Delay = 1.20> <FuncUnit> <Opcode : 'add' 'sub'> <InPorts = 2> <OutPorts = 1>
ST_11 : Operation 60 [1/1] (0.00ns)   --->   "%tmp_43 = bitselect i1 @_ssdm_op_BitSelect.i1.i32.i32, i32 %res_1, i32 31" [top.cpp:32]   --->   Operation 60 'bitselect' 'tmp_43' <Predicate = true> <Delay = 0.00>
ST_11 : Operation 61 [1/1] (0.33ns)   --->   "%xor_ln32 = xor i1 %tmp_41, i1 1" [top.cpp:32]   --->   Operation 61 'xor' 'xor_ln32' <Predicate = true> <Delay = 0.33> <CoreInst = "LogicGate">   --->   Core 74 'LogicGate' <Latency = 0> <II = 1> <Delay = 0.33> <FuncUnit> <Opcode : 'and' 'or' 'xor'> <InPorts = 2> <OutPorts = 1>
ST_11 : Operation 62 [1/1] (0.00ns) (grouped into LUT with out node res_2)   --->   "%or_ln32_1 = or i1 %tmp_43, i1 %xor_ln32" [top.cpp:32]   --->   Operation 62 'or' 'or_ln32_1' <Predicate = true> <Delay = 0.00> <CoreInst = "LogicGate">   --->   Core 74 'LogicGate' <Latency = 0> <II = 1> <Delay = 0.33> <FuncUnit> <Opcode : 'and' 'or' 'xor'> <InPorts = 2> <OutPorts = 1>
ST_11 : Operation 63 [1/1] (0.00ns) (grouped into LUT with out node res_2)   --->   "%xor_ln32_1 = xor i1 %tmp_41, i1 %or_ln32_1" [top.cpp:32]   --->   Operation 63 'xor' 'xor_ln32_1' <Predicate = true> <Delay = 0.00> <CoreInst = "LogicGate">   --->   Core 74 'LogicGate' <Latency = 0> <II = 1> <Delay = 0.33> <FuncUnit> <Opcode : 'and' 'or' 'xor'> <InPorts = 2> <OutPorts = 1>
ST_11 : Operation 64 [1/1] (0.00ns) (grouped into LUT with out node res_2)   --->   "%xor_ln32_2 = xor i1 %xor_ln32_1, i1 1" [top.cpp:32]   --->   Operation 64 'xor' 'xor_ln32_2' <Predicate = true> <Delay = 0.00> <CoreInst = "LogicGate">   --->   Core 74 'LogicGate' <Latency = 0> <II = 1> <Delay = 0.33> <FuncUnit> <Opcode : 'and' 'or' 'xor'> <InPorts = 2> <OutPorts = 1>
ST_11 : Operation 65 [1/1] (0.00ns) (grouped into LUT with out node res_2)   --->   "%or_ln32 = or i1 %tmp_43, i1 %xor_ln32_2" [top.cpp:32]   --->   Operation 65 'or' 'or_ln32' <Predicate = true> <Delay = 0.00> <CoreInst = "LogicGate">   --->   Core 74 'LogicGate' <Latency = 0> <II = 1> <Delay = 0.33> <FuncUnit> <Opcode : 'and' 'or' 'xor'> <InPorts = 2> <OutPorts = 1>
ST_11 : Operation 66 [1/1] (0.00ns) (grouped into LUT with out node res_2)   --->   "%and_ln32 = and i1 %or_ln32, i1 %xor_ln32" [top.cpp:32]   --->   Operation 66 'and' 'and_ln32' <Predicate = true> <Delay = 0.00> <CoreInst = "LogicGate">   --->   Core 74 'LogicGate' <Latency = 0> <II = 1> <Delay = 0.33> <FuncUnit> <Opcode : 'and' 'or' 'xor'> <InPorts = 2> <OutPorts = 1>
ST_11 : Operation 67 [1/1] (0.52ns) (out node of the LUT)   --->   "%res_2 = select i1 %and_ln32, i32 2147483647, i32 %res_1" [top.cpp:32]   --->   Operation 67 'select' 'res_2' <Predicate = true> <Delay = 0.52> <CoreInst = "Sel">   --->   Core 73 'Sel' <Latency = 0> <II = 1> <Delay = 0.52> <FuncUnit> <Opcode : 'select'> <InPorts = 3> <OutPorts = 1>
ST_11 : Operation 68 [1/1] ( I:2.16ns O:2.16ns )   --->   "%write_ln35 = write void @_ssdm_op_Write.ap_fifo.volatile.i32P0A, i32 %s0_to_k1, i32 %res_2" [top.cpp:35]   --->   Operation 68 'write' 'write_ln35' <Predicate = true> <Delay = 2.16> <CoreInst = "FIFO_SRL">   --->   Core 80 'FIFO_SRL' <Latency = 0> <II = 1> <Delay = 2.16> <Storage> <Opcode : 'read' 'write' 'nbread' 'nbwrite'> <Ports = 0> <Width = 32> <Depth = 2> <FIFO>
ST_11 : Operation 69 [1/1] ( I:2.16ns O:2.16ns )   --->   "%write_ln36 = write void @_ssdm_op_Write.ap_fifo.volatile.i32P0A, i32 %s0_to_k2, i32 %res_2" [top.cpp:36]   --->   Operation 69 'write' 'write_ln36' <Predicate = true> <Delay = 2.16> <CoreInst = "FIFO_SRL">   --->   Core 80 'FIFO_SRL' <Latency = 0> <II = 1> <Delay = 2.16> <Storage> <Opcode : 'read' 'write' 'nbread' 'nbwrite'> <Ports = 0> <Width = 32> <Depth = 2> <FIFO>
ST_11 : Operation 70 [1/1] (0.48ns)   --->   "%ret_ln38 = ret" [top.cpp:38]   --->   Operation 70 'ret' 'ret_ln38' <Predicate = (icmp_ln29)> <Delay = 0.48>


============================================================
+ Verbose Summary: Binding
============================================================
STG Binding: 
---------------- STG Properties BEGIN ----------------
- Is combinational: 0
- Is one-state seq: 0
- Is datapath-only: 0
- Is pipelined: 0
- Is top level: 0
Port [ Return ] is wired: 1; IO mode=ap_ctrl_hs:ce=0
Port [ in_r]:  wired=1; compound=1; hidden=0; nouse=0; global=0; static=0; extern=0; dir=0; type=4; pingpong=0; private_global=0; IO mode=m_axi:ce=0
Port [ in_r_r]:  wired=1; compound=0; hidden=0; nouse=0; global=0; static=0; extern=0; dir=0; type=0; pingpong=0; private_global=0; IO mode=ap_none:ce=0
Port [ s0_to_k1]:  wired=1; compound=1; hidden=0; nouse=0; global=0; static=0; extern=0; dir=1; type=3; pingpong=0; private_global=0; IO mode=ap_fifo:ce=0
Port [ s0_to_k2]:  wired=1; compound=1; hidden=0; nouse=0; global=0; static=0; extern=0; dir=1; type=3; pingpong=0; private_global=0; IO mode=ap_fifo:ce=0
---------------- STG Properties END ------------------

---------------- Datapath Model BEGIN ----------------

<LifeTime>
<method=bitvector/>
k1                     (alloca           ) [ 010000000000]
specinterface_ln0      (specinterface    ) [ 000000000000]
specinterface_ln0      (specinterface    ) [ 000000000000]
specinterface_ln0      (specinterface    ) [ 000000000000]
in_read                (read             ) [ 011000000000]
store_ln0              (store            ) [ 000000000000]
br_ln29                (br               ) [ 000000000000]
first_iter_0           (phi              ) [ 011111111100]
br_ln0                 (br               ) [ 000000000000]
k1_load                (load             ) [ 000000000000]
k                      (add              ) [ 000000000000]
icmp_ln29              (icmp             ) [ 011111111111]
store_ln29             (store            ) [ 000000000000]
br_ln29                (br               ) [ 010000000000]
trunc_ln               (partselect       ) [ 000000000000]
sext_ln29              (sext             ) [ 000000000000]
in_r_addr              (getelementptr    ) [ 010111111110]
empty                  (readreq          ) [ 000000000000]
br_ln0                 (br               ) [ 000000000000]
val                    (read             ) [ 000000000000]
trunc_ln7              (partselect       ) [ 010000000001]
tmp                    (bitselect        ) [ 010000000001]
specpipeline_ln30      (specpipeline     ) [ 000000000000]
speclooptripcount_ln29 (speclooptripcount) [ 000000000000]
specloopname_ln29      (specloopname     ) [ 000000000000]
sext_ln32              (sext             ) [ 000000000000]
zext_ln32              (zext             ) [ 000000000000]
add_ln32               (add              ) [ 000000000000]
trunc_ln32             (trunc            ) [ 000000000000]
p_shl                  (bitconcatenate   ) [ 000000000000]
tmp_40                 (bitconcatenate   ) [ 000000000000]
sext_ln32_1            (sext             ) [ 000000000000]
sub_ln32               (sub              ) [ 000000000000]
add_ln32_1             (add              ) [ 000000000000]
tmp_41                 (bitselect        ) [ 000000000000]
res                    (partselect       ) [ 000000000000]
tmp_42                 (bitselect        ) [ 000000000000]
zext_ln32_1            (zext             ) [ 000000000000]
res_1                  (add              ) [ 000000000000]
tmp_43                 (bitselect        ) [ 000000000000]
xor_ln32               (xor              ) [ 000000000000]
or_ln32_1              (or               ) [ 000000000000]
xor_ln32_1             (xor              ) [ 000000000000]
xor_ln32_2             (xor              ) [ 000000000000]
or_ln32                (or               ) [ 000000000000]
and_ln32               (and              ) [ 000000000000]
res_2                  (select           ) [ 000000000000]
write_ln35             (write            ) [ 000000000000]
write_ln36             (write            ) [ 000000000000]
ret_ln38               (ret              ) [ 000000000000]
</LifeTime>

<model>

<comp_list>
<comp id="0" class="1000" name="in_r">
<pin_list>
<pin id="1" dir="1" index="0" bw="1" slack="0"/>
</pin_list>
<bind>
<StgValue><ssdm name="in_r"/><MemPortTyVec>0 </MemPortTyVec>
</StgValue>
</bind>
</comp>

<comp id="2" class="1000" name="in_r_r">
<pin_list>
<pin id="3" dir="1" index="0" bw="1" slack="0"/>
</pin_list>
<bind>
<StgValue><ssdm name="in_r_r"/></StgValue>
</bind>
</comp>

<comp id="4" class="1000" name="s0_to_k1">
<pin_list>
<pin id="5" dir="1" index="0" bw="1" slack="0"/>
</pin_list>
<bind>
<StgValue><ssdm name="s0_to_k1"/></StgValue>
</bind>
</comp>

<comp id="6" class="1000" name="s0_to_k2">
<pin_list>
<pin id="7" dir="1" index="0" bw="1" slack="0"/>
</pin_list>
<bind>
<StgValue><ssdm name="s0_to_k2"/></StgValue>
</bind>
</comp>

<comp id="8" class="1001" name="const_8">
<pin_list>
<pin id="9" dir="1" index="0" bw="1" slack="0"/>
</pin_list>
<bind>
<StgValue><ssdm name=""/></StgValue>
</bind>
</comp>

<comp id="10" class="1001" name="const_10">
<pin_list>
<pin id="11" dir="1" index="0" bw="1" slack="2147483647"/>
</pin_list>
<bind>
<StgValue><ssdm name="_ssdm_op_SpecInterface"/></StgValue>
</bind>
</comp>

<comp id="12" class="1001" name="const_12">
<pin_list>
<pin id="13" dir="1" index="0" bw="1" slack="2147483647"/>
</pin_list>
<bind>
<StgValue><ssdm name="empty_11"/></StgValue>
</bind>
</comp>

<comp id="14" class="1001" name="const_14">
<pin_list>
<pin id="15" dir="1" index="0" bw="1" slack="2147483647"/>
</pin_list>
<bind>
<StgValue><ssdm name=""/></StgValue>
</bind>
</comp>

<comp id="16" class="1001" name="const_16">
<pin_list>
<pin id="17" dir="1" index="0" bw="1" slack="2147483647"/>
</pin_list>
<bind>
<StgValue><ssdm name="empty_1"/></StgValue>
</bind>
</comp>

<comp id="18" class="1001" name="const_18">
<pin_list>
<pin id="19" dir="1" index="0" bw="1" slack="2147483647"/>
</pin_list>
<bind>
<StgValue><ssdm name=""/></StgValue>
</bind>
</comp>

<comp id="20" class="1001" name="const_20">
<pin_list>
<pin id="21" dir="1" index="0" bw="1" slack="2147483647"/>
</pin_list>
<bind>
<StgValue><ssdm name="empty_3"/></StgValue>
</bind>
</comp>

<comp id="22" class="1001" name="const_22">
<pin_list>
<pin id="23" dir="1" index="0" bw="1" slack="2147483647"/>
</pin_list>
<bind>
<StgValue><ssdm name="empty_4"/></StgValue>
</bind>
</comp>

<comp id="24" class="1001" name="const_24">
<pin_list>
<pin id="25" dir="1" index="0" bw="1" slack="2147483647"/>
</pin_list>
<bind>
<StgValue><ssdm name="empty_0"/></StgValue>
</bind>
</comp>

<comp id="26" class="1001" name="const_26">
<pin_list>
<pin id="27" dir="1" index="0" bw="1" slack="2147483647"/>
</pin_list>
<bind>
<StgValue><ssdm name=""/></StgValue>
</bind>
</comp>

<comp id="28" class="1001" name="const_28">
<pin_list>
<pin id="29" dir="1" index="0" bw="1" slack="0"/>
</pin_list>
<bind>
<StgValue><ssdm name="_ssdm_op_Read.ap_auto.i64"/></StgValue>
</bind>
</comp>

<comp id="30" class="1001" name="const_30">
<pin_list>
<pin id="31" dir="1" index="0" bw="1" slack="0"/>
</pin_list>
<bind>
<StgValue><ssdm name=""/></StgValue>
</bind>
</comp>

<comp id="32" class="1001" name="const_32">
<pin_list>
<pin id="33" dir="1" index="0" bw="1" slack="0"/>
</pin_list>
<bind>
<StgValue><ssdm name=""/></StgValue>
</bind>
</comp>

<comp id="34" class="1001" name="const_34">
<pin_list>
<pin id="35" dir="1" index="0" bw="1" slack="0"/>
</pin_list>
<bind>
<StgValue><ssdm name=""/></StgValue>
</bind>
</comp>

<comp id="36" class="1001" name="const_36">
<pin_list>
<pin id="37" dir="1" index="0" bw="1" slack="0"/>
</pin_list>
<bind>
<StgValue><ssdm name=""/></StgValue>
</bind>
</comp>

<comp id="38" class="1001" name="const_38">
<pin_list>
<pin id="39" dir="1" index="0" bw="1" slack="0"/>
</pin_list>
<bind>
<StgValue><ssdm name=""/></StgValue>
</bind>
</comp>

<comp id="40" class="1001" name="const_40">
<pin_list>
<pin id="41" dir="1" index="0" bw="1" slack="0"/>
</pin_list>
<bind>
<StgValue><ssdm name="_ssdm_op_PartSelect.i62.i64.i32.i32"/></StgValue>
</bind>
</comp>

<comp id="42" class="1001" name="const_42">
<pin_list>
<pin id="43" dir="1" index="0" bw="1" slack="0"/>
</pin_list>
<bind>
<StgValue><ssdm name=""/></StgValue>
</bind>
</comp>

<comp id="44" class="1001" name="const_44">
<pin_list>
<pin id="45" dir="1" index="0" bw="1" slack="0"/>
</pin_list>
<bind>
<StgValue><ssdm name=""/></StgValue>
</bind>
</comp>

<comp id="46" class="1001" name="const_46">
<pin_list>
<pin id="47" dir="1" index="0" bw="1" slack="0"/>
</pin_list>
<bind>
<StgValue><ssdm name="_ssdm_op_ReadReq.m_axi.p1i32"/></StgValue>
</bind>
</comp>

<comp id="48" class="1001" name="const_48">
<pin_list>
<pin id="49" dir="1" index="0" bw="1" slack="0"/>
</pin_list>
<bind>
<StgValue><ssdm name=""/></StgValue>
</bind>
</comp>

<comp id="50" class="1001" name="const_50">
<pin_list>
<pin id="51" dir="1" index="0" bw="1" slack="0"/>
</pin_list>
<bind>
<StgValue><ssdm name="_ssdm_op_Read.m_axi.p1i32"/></StgValue>
</bind>
</comp>

<comp id="52" class="1001" name="const_52">
<pin_list>
<pin id="53" dir="1" index="0" bw="1" slack="0"/>
</pin_list>
<bind>
<StgValue><ssdm name="_ssdm_op_PartSelect.i30.i32.i32.i32"/></StgValue>
</bind>
</comp>

<comp id="54" class="1001" name="const_54">
<pin_list>
<pin id="55" dir="1" index="0" bw="1" slack="0"/>
</pin_list>
<bind>
<StgValue><ssdm name=""/></StgValue>
</bind>
</comp>

<comp id="56" class="1001" name="const_56">
<pin_list>
<pin id="57" dir="1" index="0" bw="1" slack="0"/>
</pin_list>
<bind>
<StgValue><ssdm name="_ssdm_op_BitSelect.i1.i32.i32"/></StgValue>
</bind>
</comp>

<comp id="58" class="1001" name="const_58">
<pin_list>
<pin id="59" dir="1" index="0" bw="1" slack="2147483647"/>
</pin_list>
<bind>
<StgValue><ssdm name="_ssdm_op_SpecPipeline"/></StgValue>
</bind>
</comp>

<comp id="60" class="1001" name="const_60">
<pin_list>
<pin id="61" dir="1" index="0" bw="1" slack="2147483647"/>
</pin_list>
<bind>
<StgValue><ssdm name="_ssdm_op_SpecLoopTripCount"/></StgValue>
</bind>
</comp>

<comp id="62" class="1001" name="const_62">
<pin_list>
<pin id="63" dir="1" index="0" bw="1" slack="2147483647"/>
</pin_list>
<bind>
<StgValue><ssdm name="_ssdm_op_SpecLoopName"/></StgValue>
</bind>
</comp>

<comp id="64" class="1001" name="const_64">
<pin_list>
<pin id="65" dir="1" index="0" bw="1" slack="2147483647"/>
</pin_list>
<bind>
<StgValue><ssdm name="empty_7"/></StgValue>
</bind>
</comp>

<comp id="66" class="1001" name="const_66">
<pin_list>
<pin id="67" dir="1" index="0" bw="1" slack="0"/>
</pin_list>
<bind>
<StgValue><ssdm name="_ssdm_op_BitConcatenate.i54.i30.i24"/></StgValue>
</bind>
</comp>

<comp id="68" class="1001" name="const_68">
<pin_list>
<pin id="69" dir="1" index="0" bw="1" slack="0"/>
</pin_list>
<bind>
<StgValue><ssdm name=""/></StgValue>
</bind>
</comp>

<comp id="70" class="1001" name="const_70">
<pin_list>
<pin id="71" dir="1" index="0" bw="1" slack="0"/>
</pin_list>
<bind>
<StgValue><ssdm name="_ssdm_op_BitConcatenate.i52.i31.i21"/></StgValue>
</bind>
</comp>

<comp id="72" class="1001" name="const_72">
<pin_list>
<pin id="73" dir="1" index="0" bw="1" slack="0"/>
</pin_list>
<bind>
<StgValue><ssdm name=""/></StgValue>
</bind>
</comp>

<comp id="74" class="1001" name="const_74">
<pin_list>
<pin id="75" dir="1" index="0" bw="1" slack="0"/>
</pin_list>
<bind>
<StgValue><ssdm name=""/></StgValue>
</bind>
</comp>

<comp id="76" class="1001" name="const_76">
<pin_list>
<pin id="77" dir="1" index="0" bw="1" slack="0"/>
</pin_list>
<bind>
<StgValue><ssdm name="_ssdm_op_BitSelect.i1.i54.i32"/></StgValue>
</bind>
</comp>

<comp id="78" class="1001" name="const_78">
<pin_list>
<pin id="79" dir="1" index="0" bw="1" slack="0"/>
</pin_list>
<bind>
<StgValue><ssdm name=""/></StgValue>
</bind>
</comp>

<comp id="80" class="1001" name="const_80">
<pin_list>
<pin id="81" dir="1" index="0" bw="1" slack="0"/>
</pin_list>
<bind>
<StgValue><ssdm name="_ssdm_op_PartSelect.i32.i54.i32.i32"/></StgValue>
</bind>
</comp>

<comp id="82" class="1001" name="const_82">
<pin_list>
<pin id="83" dir="1" index="0" bw="1" slack="0"/>
</pin_list>
<bind>
<StgValue><ssdm name=""/></StgValue>
</bind>
</comp>

<comp id="84" class="1001" name="const_84">
<pin_list>
<pin id="85" dir="1" index="0" bw="1" slack="0"/>
</pin_list>
<bind>
<StgValue><ssdm name=""/></StgValue>
</bind>
</comp>

<comp id="86" class="1001" name="const_86">
<pin_list>
<pin id="87" dir="1" index="0" bw="1" slack="0"/>
</pin_list>
<bind>
<StgValue><ssdm name=""/></StgValue>
</bind>
</comp>

<comp id="88" class="1001" name="const_88">
<pin_list>
<pin id="89" dir="1" index="0" bw="1" slack="0"/>
</pin_list>
<bind>
<StgValue><ssdm name="_ssdm_op_Write.ap_fifo.volatile.i32P0A"/></StgValue>
</bind>
</comp>

<comp id="90" class="1004" name="k1_fu_90">
<pin_list>
<pin id="91" dir="0" index="0" bw="1" slack="0"/>
<pin id="92" dir="1" index="1" bw="16" slack="0"/>
</pin_list>
<bind>
<opcode="alloca(26) " fcode="alloca"/>
<opset="k1/1 "/>
</bind>
</comp>

<comp id="94" class="1004" name="in_read_read_fu_94">
<pin_list>
<pin id="95" dir="0" index="0" bw="64" slack="0"/>
<pin id="96" dir="0" index="1" bw="64" slack="0"/>
<pin id="97" dir="1" index="2" bw="64" slack="1"/>
</pin_list>
<bind>
<opcode="read(1150) " fcode="read"/>
<opset="in_read/1 "/>
</bind>
</comp>

<comp id="100" class="1004" name="write_ln35_write_fu_100">
<pin_list>
<pin id="101" dir="0" index="0" bw="0" slack="0"/>
<pin id="102" dir="0" index="1" bw="32" slack="0"/>
<pin id="103" dir="0" index="2" bw="32" slack="0"/>
<pin id="104" dir="1" index="3" bw="0" slack="2147483647"/>
</pin_list>
<bind>
<opcode="write(1151) " fcode="write"/>
<opset="write_ln35/11 "/>
</bind>
</comp>

<comp id="107" class="1004" name="write_ln36_write_fu_107">
<pin_list>
<pin id="108" dir="0" index="0" bw="0" slack="0"/>
<pin id="109" dir="0" index="1" bw="32" slack="0"/>
<pin id="110" dir="0" index="2" bw="32" slack="0"/>
<pin id="111" dir="1" index="3" bw="0" slack="2147483647"/>
</pin_list>
<bind>
<opcode="write(1151) " fcode="write"/>
<opset="write_ln36/11 "/>
</bind>
</comp>

<comp id="114" class="1004" name="grp_readreq_fu_114">
<pin_list>
<pin id="115" dir="0" index="0" bw="1" slack="0"/>
<pin id="116" dir="0" index="1" bw="32" slack="0"/>
<pin id="117" dir="0" index="2" bw="18" slack="0"/>
<pin id="118" dir="1" index="3" bw="1" slack="2147483647"/>
</pin_list>
<bind>
<opcode="readreq(1154) " fcode="readreq"/>
<opset="empty/2 "/>
</bind>
</comp>

<comp id="121" class="1004" name="val_read_fu_121">
<pin_list>
<pin id="122" dir="0" index="0" bw="32" slack="0"/>
<pin id="123" dir="0" index="1" bw="32" slack="8"/>
<pin id="124" dir="1" index="2" bw="32" slack="0"/>
</pin_list>
<bind>
<opcode="read(1150) " fcode="read"/>
<opset="val/10 "/>
</bind>
</comp>

<comp id="126" class="1005" name="first_iter_0_reg_126">
<pin_list>
<pin id="127" dir="0" index="0" bw="1" slack="1"/>
<pin id="128" dir="1" index="1" bw="1" slack="2147483647"/>
</pin_list>
<bind>
<opset="first_iter_0 (phireg) "/>
</bind>
</comp>

<comp id="129" class="1004" name="first_iter_0_phi_fu_129">
<pin_list>
<pin id="130" dir="0" index="0" bw="1" slack="0"/>
<pin id="131" dir="0" index="1" bw="0" slack="2147483647"/>
<pin id="132" dir="0" index="2" bw="1" slack="0"/>
<pin id="133" dir="0" index="3" bw="0" slack="2147483647"/>
<pin id="134" dir="1" index="4" bw="1" slack="1"/>
</pin_list>
<bind>
<opcode="phi(47) " fcode="phi"/>
<opset="first_iter_0/1 "/>
</bind>
</comp>

<comp id="138" class="1004" name="store_ln0_store_fu_138">
<pin_list>
<pin id="139" dir="0" index="0" bw="1" slack="0"/>
<pin id="140" dir="0" index="1" bw="16" slack="0"/>
<pin id="141" dir="1" index="2" bw="0" slack="2147483647"/>
</pin_list>
<bind>
<opcode="store(28) " fcode="store"/>
<opset="store_ln0/1 "/>
</bind>
</comp>

<comp id="143" class="1004" name="k1_load_load_fu_143">
<pin_list>
<pin id="144" dir="0" index="0" bw="16" slack="0"/>
<pin id="145" dir="1" index="1" bw="16" slack="0"/>
</pin_list>
<bind>
<opcode="load(27) " fcode="load"/>
<opset="k1_load/1 "/>
</bind>
</comp>

<comp id="146" class="1004" name="k_fu_146">
<pin_list>
<pin id="147" dir="0" index="0" bw="16" slack="0"/>
<pin id="148" dir="0" index="1" bw="1" slack="0"/>
<pin id="149" dir="1" index="2" bw="16" slack="0"/>
</pin_list>
<bind>
<opcode="add(8) " fcode="add"/>
<opset="k/1 "/>
</bind>
</comp>

<comp id="152" class="1004" name="icmp_ln29_fu_152">
<pin_list>
<pin id="153" dir="0" index="0" bw="16" slack="0"/>
<pin id="154" dir="0" index="1" bw="16" slack="0"/>
<pin id="155" dir="1" index="2" bw="1" slack="1"/>
</pin_list>
<bind>
<opcode="icmp(45) " fcode="icmp"/>
<opset="icmp_ln29/1 "/>
</bind>
</comp>

<comp id="158" class="1004" name="store_ln29_store_fu_158">
<pin_list>
<pin id="159" dir="0" index="0" bw="16" slack="0"/>
<pin id="160" dir="0" index="1" bw="16" slack="0"/>
<pin id="161" dir="1" index="2" bw="0" slack="2147483647"/>
</pin_list>
<bind>
<opcode="store(28) " fcode="store"/>
<opset="store_ln29/1 "/>
</bind>
</comp>

<comp id="163" class="1004" name="trunc_ln_fu_163">
<pin_list>
<pin id="164" dir="0" index="0" bw="62" slack="0"/>
<pin id="165" dir="0" index="1" bw="64" slack="1"/>
<pin id="166" dir="0" index="2" bw="3" slack="0"/>
<pin id="167" dir="0" index="3" bw="7" slack="0"/>
<pin id="168" dir="1" index="4" bw="62" slack="0"/>
</pin_list>
<bind>
<opcode="partselect(1002) " fcode="partselect"/>
<opset="trunc_ln/2 "/>
</bind>
</comp>

<comp id="172" class="1004" name="sext_ln29_fu_172">
<pin_list>
<pin id="173" dir="0" index="0" bw="62" slack="0"/>
<pin id="174" dir="1" index="1" bw="64" slack="0"/>
</pin_list>
<bind>
<opcode="sext(35) " fcode="sext"/>
<opset="sext_ln29/2 "/>
</bind>
</comp>

<comp id="176" class="1004" name="in_r_addr_fu_176">
<pin_list>
<pin id="177" dir="0" index="0" bw="64" slack="0"/>
<pin id="178" dir="0" index="1" bw="64" slack="0"/>
<pin id="179" dir="1" index="2" bw="64" slack="0"/>
</pin_list>
<bind>
<opcode="getelementptr(29) " fcode="getelementptr"/>
<opset="in_r_addr/2 "/>
</bind>
</comp>

<comp id="183" class="1004" name="trunc_ln7_fu_183">
<pin_list>
<pin id="184" dir="0" index="0" bw="30" slack="0"/>
<pin id="185" dir="0" index="1" bw="32" slack="0"/>
<pin id="186" dir="0" index="2" bw="3" slack="0"/>
<pin id="187" dir="0" index="3" bw="6" slack="0"/>
<pin id="188" dir="1" index="4" bw="30" slack="1"/>
</pin_list>
<bind>
<opcode="partselect(1002) " fcode="partselect"/>
<opset="trunc_ln7/10 "/>
</bind>
</comp>

<comp id="193" class="1004" name="tmp_fu_193">
<pin_list>
<pin id="194" dir="0" index="0" bw="1" slack="0"/>
<pin id="195" dir="0" index="1" bw="32" slack="0"/>
<pin id="196" dir="0" index="2" bw="1" slack="0"/>
<pin id="197" dir="1" index="3" bw="1" slack="1"/>
</pin_list>
<bind>
<opcode="bitselect(1000) " fcode="bitselect"/>
<opset="tmp/10 "/>
</bind>
</comp>

<comp id="201" class="1004" name="sext_ln32_fu_201">
<pin_list>
<pin id="202" dir="0" index="0" bw="30" slack="1"/>
<pin id="203" dir="1" index="1" bw="31" slack="0"/>
</pin_list>
<bind>
<opcode="sext(35) " fcode="sext"/>
<opset="sext_ln32/11 "/>
</bind>
</comp>

<comp id="204" class="1004" name="zext_ln32_fu_204">
<pin_list>
<pin id="205" dir="0" index="0" bw="1" slack="1"/>
<pin id="206" dir="1" index="1" bw="31" slack="0"/>
</pin_list>
<bind>
<opcode="zext(34) " fcode="zext"/>
<opset="zext_ln32/11 "/>
</bind>
</comp>

<comp id="207" class="1004" name="add_ln32_fu_207">
<pin_list>
<pin id="208" dir="0" index="0" bw="30" slack="0"/>
<pin id="209" dir="0" index="1" bw="1" slack="0"/>
<pin id="210" dir="1" index="2" bw="31" slack="0"/>
</pin_list>
<bind>
<opcode="add(8) " fcode="add"/>
<opset="add_ln32/11 "/>
</bind>
</comp>

<comp id="213" class="1004" name="trunc_ln32_fu_213">
<pin_list>
<pin id="214" dir="0" index="0" bw="31" slack="0"/>
<pin id="215" dir="1" index="1" bw="30" slack="0"/>
</pin_list>
<bind>
<opcode="trunc(33) " fcode="trunc"/>
<opset="trunc_ln32/11 "/>
</bind>
</comp>

<comp id="217" class="1004" name="p_shl_fu_217">
<pin_list>
<pin id="218" dir="0" index="0" bw="54" slack="0"/>
<pin id="219" dir="0" index="1" bw="30" slack="0"/>
<pin id="220" dir="0" index="2" bw="1" slack="0"/>
<pin id="221" dir="1" index="3" bw="54" slack="0"/>
</pin_list>
<bind>
<opcode="bitconcatenate(1004) " fcode="bitconcatenate"/>
<opset="p_shl/11 "/>
</bind>
</comp>

<comp id="225" class="1004" name="tmp_40_fu_225">
<pin_list>
<pin id="226" dir="0" index="0" bw="52" slack="0"/>
<pin id="227" dir="0" index="1" bw="31" slack="0"/>
<pin id="228" dir="0" index="2" bw="1" slack="0"/>
<pin id="229" dir="1" index="3" bw="52" slack="0"/>
</pin_list>
<bind>
<opcode="bitconcatenate(1004) " fcode="bitconcatenate"/>
<opset="tmp_40/11 "/>
</bind>
</comp>

<comp id="233" class="1004" name="sext_ln32_1_fu_233">
<pin_list>
<pin id="234" dir="0" index="0" bw="52" slack="0"/>
<pin id="235" dir="1" index="1" bw="54" slack="0"/>
</pin_list>
<bind>
<opcode="sext(35) " fcode="sext"/>
<opset="sext_ln32_1/11 "/>
</bind>
</comp>

<comp id="237" class="1004" name="sub_ln32_fu_237">
<pin_list>
<pin id="238" dir="0" index="0" bw="54" slack="0"/>
<pin id="239" dir="0" index="1" bw="52" slack="0"/>
<pin id="240" dir="1" index="2" bw="54" slack="0"/>
</pin_list>
<bind>
<opcode="sub(10) " fcode="sub"/>
<opset="sub_ln32/11 "/>
</bind>
</comp>

<comp id="243" class="1004" name="add_ln32_1_fu_243">
<pin_list>
<pin id="244" dir="0" index="0" bw="54" slack="0"/>
<pin id="245" dir="0" index="1" bw="47" slack="0"/>
<pin id="246" dir="1" index="2" bw="54" slack="0"/>
</pin_list>
<bind>
<opcode="add(8) " fcode="add"/>
<opset="add_ln32_1/11 "/>
</bind>
</comp>

<comp id="249" class="1004" name="tmp_41_fu_249">
<pin_list>
<pin id="250" dir="0" index="0" bw="1" slack="0"/>
<pin id="251" dir="0" index="1" bw="54" slack="0"/>
<pin id="252" dir="0" index="2" bw="7" slack="0"/>
<pin id="253" dir="1" index="3" bw="1" slack="0"/>
</pin_list>
<bind>
<opcode="bitselect(1000) " fcode="bitselect"/>
<opset="tmp_41/11 "/>
</bind>
</comp>

<comp id="257" class="1004" name="res_fu_257">
<pin_list>
<pin id="258" dir="0" index="0" bw="32" slack="0"/>
<pin id="259" dir="0" index="1" bw="54" slack="0"/>
<pin id="260" dir="0" index="2" bw="6" slack="0"/>
<pin id="261" dir="0" index="3" bw="7" slack="0"/>
<pin id="262" dir="1" index="4" bw="32" slack="0"/>
</pin_list>
<bind>
<opcode="partselect(1002) " fcode="partselect"/>
<opset="res/11 "/>
</bind>
</comp>

<comp id="267" class="1004" name="tmp_42_fu_267">
<pin_list>
<pin id="268" dir="0" index="0" bw="1" slack="0"/>
<pin id="269" dir="0" index="1" bw="54" slack="0"/>
<pin id="270" dir="0" index="2" bw="6" slack="0"/>
<pin id="271" dir="1" index="3" bw="1" slack="0"/>
</pin_list>
<bind>
<opcode="bitselect(1000) " fcode="bitselect"/>
<opset="tmp_42/11 "/>
</bind>
</comp>

<comp id="275" class="1004" name="zext_ln32_1_fu_275">
<pin_list>
<pin id="276" dir="0" index="0" bw="1" slack="0"/>
<pin id="277" dir="1" index="1" bw="32" slack="0"/>
</pin_list>
<bind>
<opcode="zext(34) " fcode="zext"/>
<opset="zext_ln32_1/11 "/>
</bind>
</comp>

<comp id="279" class="1004" name="res_1_fu_279">
<pin_list>
<pin id="280" dir="0" index="0" bw="32" slack="0"/>
<pin id="281" dir="0" index="1" bw="1" slack="0"/>
<pin id="282" dir="1" index="2" bw="32" slack="0"/>
</pin_list>
<bind>
<opcode="add(8) " fcode="add"/>
<opset="res_1/11 "/>
</bind>
</comp>

<comp id="285" class="1004" name="tmp_43_fu_285">
<pin_list>
<pin id="286" dir="0" index="0" bw="1" slack="0"/>
<pin id="287" dir="0" index="1" bw="32" slack="0"/>
<pin id="288" dir="0" index="2" bw="6" slack="0"/>
<pin id="289" dir="1" index="3" bw="1" slack="0"/>
</pin_list>
<bind>
<opcode="bitselect(1000) " fcode="bitselect"/>
<opset="tmp_43/11 "/>
</bind>
</comp>

<comp id="293" class="1004" name="xor_ln32_fu_293">
<pin_list>
<pin id="294" dir="0" index="0" bw="1" slack="0"/>
<pin id="295" dir="0" index="1" bw="1" slack="0"/>
<pin id="296" dir="1" index="2" bw="1" slack="0"/>
</pin_list>
<bind>
<opcode="xor(25) " fcode="xor"/>
<opset="xor_ln32/11 "/>
</bind>
</comp>

<comp id="299" class="1004" name="or_ln32_1_fu_299">
<pin_list>
<pin id="300" dir="0" index="0" bw="1" slack="0"/>
<pin id="301" dir="0" index="1" bw="1" slack="0"/>
<pin id="302" dir="1" index="2" bw="1" slack="0"/>
</pin_list>
<bind>
<opcode="or(24) " fcode="or"/>
<opset="or_ln32_1/11 "/>
</bind>
</comp>

<comp id="305" class="1004" name="xor_ln32_1_fu_305">
<pin_list>
<pin id="306" dir="0" index="0" bw="1" slack="0"/>
<pin id="307" dir="0" index="1" bw="1" slack="0"/>
<pin id="308" dir="1" index="2" bw="1" slack="0"/>
</pin_list>
<bind>
<opcode="xor(25) " fcode="xor"/>
<opset="xor_ln32_1/11 "/>
</bind>
</comp>

<comp id="311" class="1004" name="xor_ln32_2_fu_311">
<pin_list>
<pin id="312" dir="0" index="0" bw="1" slack="0"/>
<pin id="313" dir="0" index="1" bw="1" slack="0"/>
<pin id="314" dir="1" index="2" bw="1" slack="0"/>
</pin_list>
<bind>
<opcode="xor(25) " fcode="xor"/>
<opset="xor_ln32_2/11 "/>
</bind>
</comp>

<comp id="317" class="1004" name="or_ln32_fu_317">
<pin_list>
<pin id="318" dir="0" index="0" bw="1" slack="0"/>
<pin id="319" dir="0" index="1" bw="1" slack="0"/>
<pin id="320" dir="1" index="2" bw="1" slack="0"/>
</pin_list>
<bind>
<opcode="or(24) " fcode="or"/>
<opset="or_ln32/11 "/>
</bind>
</comp>

<comp id="323" class="1004" name="and_ln32_fu_323">
<pin_list>
<pin id="324" dir="0" index="0" bw="1" slack="0"/>
<pin id="325" dir="0" index="1" bw="1" slack="0"/>
<pin id="326" dir="1" index="2" bw="1" slack="0"/>
</pin_list>
<bind>
<opcode="and(23) " fcode="and"/>
<opset="and_ln32/11 "/>
</bind>
</comp>

<comp id="329" class="1004" name="res_2_fu_329">
<pin_list>
<pin id="330" dir="0" index="0" bw="1" slack="0"/>
<pin id="331" dir="0" index="1" bw="32" slack="0"/>
<pin id="332" dir="0" index="2" bw="32" slack="0"/>
<pin id="333" dir="1" index="3" bw="32" slack="0"/>
</pin_list>
<bind>
<opcode="select(49) " fcode="select"/>
<opset="res_2/11 "/>
</bind>
</comp>

<comp id="339" class="1005" name="k1_reg_339">
<pin_list>
<pin id="340" dir="0" index="0" bw="16" slack="0"/>
<pin id="341" dir="1" index="1" bw="16" slack="0"/>
</pin_list>
<bind>
<opset="k1 "/>
</bind>
</comp>

<comp id="346" class="1005" name="in_read_reg_346">
<pin_list>
<pin id="347" dir="0" index="0" bw="64" slack="1"/>
<pin id="348" dir="1" index="1" bw="64" slack="1"/>
</pin_list>
<bind>
<opset="in_read "/>
</bind>
</comp>

<comp id="351" class="1005" name="icmp_ln29_reg_351">
<pin_list>
<pin id="352" dir="0" index="0" bw="1" slack="1"/>
<pin id="353" dir="1" index="1" bw="1" slack="2147483647"/>
</pin_list>
<bind>
<opset="icmp_ln29 "/>
</bind>
</comp>

<comp id="355" class="1005" name="in_r_addr_reg_355">
<pin_list>
<pin id="356" dir="0" index="0" bw="32" slack="1"/>
<pin id="357" dir="1" index="1" bw="32" slack="1"/>
</pin_list>
<bind>
<opset="in_r_addr "/>
</bind>
</comp>

<comp id="361" class="1005" name="trunc_ln7_reg_361">
<pin_list>
<pin id="362" dir="0" index="0" bw="30" slack="1"/>
<pin id="363" dir="1" index="1" bw="30" slack="1"/>
</pin_list>
<bind>
<opset="trunc_ln7 "/>
</bind>
</comp>

<comp id="366" class="1005" name="tmp_reg_366">
<pin_list>
<pin id="367" dir="0" index="0" bw="1" slack="1"/>
<pin id="368" dir="1" index="1" bw="1" slack="1"/>
</pin_list>
<bind>
<opset="tmp "/>
</bind>
</comp>

</comp_list>

<net_list>
<net id="93"><net_src comp="8" pin="0"/><net_sink comp="90" pin=0"/></net>

<net id="98"><net_src comp="28" pin="0"/><net_sink comp="94" pin=0"/></net>

<net id="99"><net_src comp="2" pin="0"/><net_sink comp="94" pin=1"/></net>

<net id="105"><net_src comp="88" pin="0"/><net_sink comp="100" pin=0"/></net>

<net id="106"><net_src comp="4" pin="0"/><net_sink comp="100" pin=1"/></net>

<net id="112"><net_src comp="88" pin="0"/><net_sink comp="107" pin=0"/></net>

<net id="113"><net_src comp="6" pin="0"/><net_sink comp="107" pin=1"/></net>

<net id="119"><net_src comp="46" pin="0"/><net_sink comp="114" pin=0"/></net>

<net id="120"><net_src comp="48" pin="0"/><net_sink comp="114" pin=2"/></net>

<net id="125"><net_src comp="50" pin="0"/><net_sink comp="121" pin=0"/></net>

<net id="135"><net_src comp="32" pin="0"/><net_sink comp="129" pin=0"/></net>

<net id="136"><net_src comp="34" pin="0"/><net_sink comp="129" pin=2"/></net>

<net id="137"><net_src comp="129" pin="4"/><net_sink comp="126" pin=0"/></net>

<net id="142"><net_src comp="30" pin="0"/><net_sink comp="138" pin=0"/></net>

<net id="150"><net_src comp="143" pin="1"/><net_sink comp="146" pin=0"/></net>

<net id="151"><net_src comp="36" pin="0"/><net_sink comp="146" pin=1"/></net>

<net id="156"><net_src comp="143" pin="1"/><net_sink comp="152" pin=0"/></net>

<net id="157"><net_src comp="38" pin="0"/><net_sink comp="152" pin=1"/></net>

<net id="162"><net_src comp="146" pin="2"/><net_sink comp="158" pin=0"/></net>

<net id="169"><net_src comp="40" pin="0"/><net_sink comp="163" pin=0"/></net>

<net id="170"><net_src comp="42" pin="0"/><net_sink comp="163" pin=2"/></net>

<net id="171"><net_src comp="44" pin="0"/><net_sink comp="163" pin=3"/></net>

<net id="175"><net_src comp="163" pin="4"/><net_sink comp="172" pin=0"/></net>

<net id="180"><net_src comp="0" pin="0"/><net_sink comp="176" pin=0"/></net>

<net id="181"><net_src comp="172" pin="1"/><net_sink comp="176" pin=1"/></net>

<net id="182"><net_src comp="176" pin="2"/><net_sink comp="114" pin=1"/></net>

<net id="189"><net_src comp="52" pin="0"/><net_sink comp="183" pin=0"/></net>

<net id="190"><net_src comp="121" pin="2"/><net_sink comp="183" pin=1"/></net>

<net id="191"><net_src comp="42" pin="0"/><net_sink comp="183" pin=2"/></net>

<net id="192"><net_src comp="54" pin="0"/><net_sink comp="183" pin=3"/></net>

<net id="198"><net_src comp="56" pin="0"/><net_sink comp="193" pin=0"/></net>

<net id="199"><net_src comp="121" pin="2"/><net_sink comp="193" pin=1"/></net>

<net id="200"><net_src comp="8" pin="0"/><net_sink comp="193" pin=2"/></net>

<net id="211"><net_src comp="201" pin="1"/><net_sink comp="207" pin=0"/></net>

<net id="212"><net_src comp="204" pin="1"/><net_sink comp="207" pin=1"/></net>

<net id="216"><net_src comp="207" pin="2"/><net_sink comp="213" pin=0"/></net>

<net id="222"><net_src comp="66" pin="0"/><net_sink comp="217" pin=0"/></net>

<net id="223"><net_src comp="213" pin="1"/><net_sink comp="217" pin=1"/></net>

<net id="224"><net_src comp="68" pin="0"/><net_sink comp="217" pin=2"/></net>

<net id="230"><net_src comp="70" pin="0"/><net_sink comp="225" pin=0"/></net>

<net id="231"><net_src comp="207" pin="2"/><net_sink comp="225" pin=1"/></net>

<net id="232"><net_src comp="72" pin="0"/><net_sink comp="225" pin=2"/></net>

<net id="236"><net_src comp="225" pin="3"/><net_sink comp="233" pin=0"/></net>

<net id="241"><net_src comp="217" pin="3"/><net_sink comp="237" pin=0"/></net>

<net id="242"><net_src comp="233" pin="1"/><net_sink comp="237" pin=1"/></net>

<net id="247"><net_src comp="237" pin="2"/><net_sink comp="243" pin=0"/></net>

<net id="248"><net_src comp="74" pin="0"/><net_sink comp="243" pin=1"/></net>

<net id="254"><net_src comp="76" pin="0"/><net_sink comp="249" pin=0"/></net>

<net id="255"><net_src comp="243" pin="2"/><net_sink comp="249" pin=1"/></net>

<net id="256"><net_src comp="78" pin="0"/><net_sink comp="249" pin=2"/></net>

<net id="263"><net_src comp="80" pin="0"/><net_sink comp="257" pin=0"/></net>

<net id="264"><net_src comp="243" pin="2"/><net_sink comp="257" pin=1"/></net>

<net id="265"><net_src comp="82" pin="0"/><net_sink comp="257" pin=2"/></net>

<net id="266"><net_src comp="78" pin="0"/><net_sink comp="257" pin=3"/></net>

<net id="272"><net_src comp="76" pin="0"/><net_sink comp="267" pin=0"/></net>

<net id="273"><net_src comp="243" pin="2"/><net_sink comp="267" pin=1"/></net>

<net id="274"><net_src comp="84" pin="0"/><net_sink comp="267" pin=2"/></net>

<net id="278"><net_src comp="267" pin="3"/><net_sink comp="275" pin=0"/></net>

<net id="283"><net_src comp="257" pin="4"/><net_sink comp="279" pin=0"/></net>

<net id="284"><net_src comp="275" pin="1"/><net_sink comp="279" pin=1"/></net>

<net id="290"><net_src comp="56" pin="0"/><net_sink comp="285" pin=0"/></net>

<net id="291"><net_src comp="279" pin="2"/><net_sink comp="285" pin=1"/></net>

<net id="292"><net_src comp="54" pin="0"/><net_sink comp="285" pin=2"/></net>

<net id="297"><net_src comp="249" pin="3"/><net_sink comp="293" pin=0"/></net>

<net id="298"><net_src comp="32" pin="0"/><net_sink comp="293" pin=1"/></net>

<net id="303"><net_src comp="285" pin="3"/><net_sink comp="299" pin=0"/></net>

<net id="304"><net_src comp="293" pin="2"/><net_sink comp="299" pin=1"/></net>

<net id="309"><net_src comp="249" pin="3"/><net_sink comp="305" pin=0"/></net>

<net id="310"><net_src comp="299" pin="2"/><net_sink comp="305" pin=1"/></net>

<net id="315"><net_src comp="305" pin="2"/><net_sink comp="311" pin=0"/></net>

<net id="316"><net_src comp="32" pin="0"/><net_sink comp="311" pin=1"/></net>

<net id="321"><net_src comp="285" pin="3"/><net_sink comp="317" pin=0"/></net>

<net id="322"><net_src comp="311" pin="2"/><net_sink comp="317" pin=1"/></net>

<net id="327"><net_src comp="317" pin="2"/><net_sink comp="323" pin=0"/></net>

<net id="328"><net_src comp="293" pin="2"/><net_sink comp="323" pin=1"/></net>

<net id="334"><net_src comp="323" pin="2"/><net_sink comp="329" pin=0"/></net>

<net id="335"><net_src comp="86" pin="0"/><net_sink comp="329" pin=1"/></net>

<net id="336"><net_src comp="279" pin="2"/><net_sink comp="329" pin=2"/></net>

<net id="337"><net_src comp="329" pin="3"/><net_sink comp="100" pin=2"/></net>

<net id="338"><net_src comp="329" pin="3"/><net_sink comp="107" pin=2"/></net>

<net id="342"><net_src comp="90" pin="1"/><net_sink comp="339" pin=0"/></net>

<net id="343"><net_src comp="339" pin="1"/><net_sink comp="138" pin=1"/></net>

<net id="344"><net_src comp="339" pin="1"/><net_sink comp="143" pin=0"/></net>

<net id="345"><net_src comp="339" pin="1"/><net_sink comp="158" pin=1"/></net>

<net id="349"><net_src comp="94" pin="2"/><net_sink comp="346" pin=0"/></net>

<net id="350"><net_src comp="346" pin="1"/><net_sink comp="163" pin=1"/></net>

<net id="354"><net_src comp="152" pin="2"/><net_sink comp="351" pin=0"/></net>

<net id="358"><net_src comp="176" pin="2"/><net_sink comp="355" pin=0"/></net>

<net id="359"><net_src comp="355" pin="1"/><net_sink comp="114" pin=1"/></net>

<net id="360"><net_src comp="355" pin="1"/><net_sink comp="121" pin=1"/></net>

<net id="364"><net_src comp="183" pin="4"/><net_sink comp="361" pin=0"/></net>

<net id="365"><net_src comp="361" pin="1"/><net_sink comp="201" pin=0"/></net>

<net id="369"><net_src comp="193" pin="3"/><net_sink comp="366" pin=0"/></net>

<net id="370"><net_src comp="366" pin="1"/><net_sink comp="204" pin=0"/></net>

</net_list>

</model> 
---------------- Datapath Model END ------------------

* FSMD analyzer results:
  - Output states:
	Port: in_r | {}
	Port: s0_to_k1 | {11 }
	Port: s0_to_k2 | {11 }
 - Input state : 
	Port: K0 : in_r | {2 3 4 5 6 7 8 9 10 }
	Port: K0 : in_r_r | {1 }
  - Chain level:
	State 1
		store_ln0 : 1
		first_iter_0 : 1
		br_ln0 : 2
		k1_load : 1
		k : 2
		icmp_ln29 : 2
		store_ln29 : 3
		br_ln29 : 3
	State 2
		sext_ln29 : 1
		in_r_addr : 2
		empty : 3
	State 3
	State 4
	State 5
	State 6
	State 7
	State 8
	State 9
	State 10
	State 11
		add_ln32 : 1
		trunc_ln32 : 2
		p_shl : 3
		tmp_40 : 2
		sext_ln32_1 : 3
		sub_ln32 : 4
		add_ln32_1 : 5
		tmp_41 : 6
		res : 6
		tmp_42 : 6
		zext_ln32_1 : 7
		res_1 : 8
		tmp_43 : 9
		xor_ln32 : 7
		or_ln32_1 : 10
		xor_ln32_1 : 10
		xor_ln32_2 : 10
		or_ln32 : 10
		and_ln32 : 10
		res_2 : 10
		write_ln35 : 11
		write_ln36 : 11


============================================================
+ Verbose Summary: Datapath Resource usage 
============================================================

* Functional unit list:
|----------|-------------------------|---------|---------|
| Operation|     Functional Unit     |    FF   |   LUT   |
|----------|-------------------------|---------|---------|
|          |         k_fu_146        |    0    |    23   |
|    add   |     add_ln32_fu_207     |    0    |    37   |
|          |    add_ln32_1_fu_243    |    0    |    54   |
|          |       res_1_fu_279      |    0    |    39   |
|----------|-------------------------|---------|---------|
|    sub   |     sub_ln32_fu_237     |    0    |    54   |
|----------|-------------------------|---------|---------|
|  select  |       res_2_fu_329      |    0    |    32   |
|----------|-------------------------|---------|---------|
|   icmp   |     icmp_ln29_fu_152    |    0    |    23   |
|----------|-------------------------|---------|---------|
|          |     xor_ln32_fu_293     |    0    |    2    |
|    xor   |    xor_ln32_1_fu_305    |    0    |    2    |
|          |    xor_ln32_2_fu_311    |    0    |    2    |
|----------|-------------------------|---------|---------|
|    or    |     or_ln32_1_fu_299    |    0    |    2    |
|          |      or_ln32_fu_317     |    0    |    2    |
|----------|-------------------------|---------|---------|
|    and   |     and_ln32_fu_323     |    0    |    2    |
|----------|-------------------------|---------|---------|
|   read   |    in_read_read_fu_94   |    0    |    0    |
|          |     val_read_fu_121     |    0    |    0    |
|----------|-------------------------|---------|---------|
|   write  | write_ln35_write_fu_100 |    0    |    0    |
|          | write_ln36_write_fu_107 |    0    |    0    |
|----------|-------------------------|---------|---------|
|  readreq |    grp_readreq_fu_114   |    0    |    0    |
|----------|-------------------------|---------|---------|
|          |     trunc_ln_fu_163     |    0    |    0    |
|partselect|     trunc_ln7_fu_183    |    0    |    0    |
|          |        res_fu_257       |    0    |    0    |
|----------|-------------------------|---------|---------|
|          |     sext_ln29_fu_172    |    0    |    0    |
|   sext   |     sext_ln32_fu_201    |    0    |    0    |
|          |    sext_ln32_1_fu_233   |    0    |    0    |
|----------|-------------------------|---------|---------|
|          |        tmp_fu_193       |    0    |    0    |
| bitselect|      tmp_41_fu_249      |    0    |    0    |
|          |      tmp_42_fu_267      |    0    |    0    |
|          |      tmp_43_fu_285      |    0    |    0    |
|----------|-------------------------|---------|---------|
|   zext   |     zext_ln32_fu_204    |    0    |    0    |
|          |    zext_ln32_1_fu_275   |    0    |    0    |
|----------|-------------------------|---------|---------|
|   trunc  |    trunc_ln32_fu_213    |    0    |    0    |
|----------|-------------------------|---------|---------|
|bitconcatenate|       p_shl_fu_217      |    0    |    0    |
|          |      tmp_40_fu_225      |    0    |    0    |
|----------|-------------------------|---------|---------|
|   Total  |                         |    0    |   274   |
|----------|-------------------------|---------|---------|

Memories:
N/A

* Register list:
+--------------------+--------+
|                    |   FF   |
+--------------------+--------+
|first_iter_0_reg_126|    1   |
|  icmp_ln29_reg_351 |    1   |
|  in_r_addr_reg_355 |   32   |
|   in_read_reg_346  |   64   |
|     k1_reg_339     |   16   |
|     tmp_reg_366    |    1   |
|  trunc_ln7_reg_361 |   30   |
+--------------------+--------+
|        Total       |   145  |
+--------------------+--------+

* Multiplexer (MUX) list: 
|--------------------|------|------|------|--------||---------||---------||---------|
|        Comp        |  Pin | Size |  BW  | S x BW ||  Delay  ||    FF   ||   LUT   |
|--------------------|------|------|------|--------||---------||---------||---------|
| grp_readreq_fu_114 |  p1  |   2  |  32  |   64   ||    0    ||    9    |
|--------------------|------|------|------|--------||---------||---------||---------|
|        Total       |      |      |      |   64   ||  0.489  ||    0    ||    9    |
|--------------------|------|------|------|--------||---------||---------||---------|



* Summary:
+-----------+--------+--------+--------+
|           |  Delay |   FF   |   LUT  |
+-----------+--------+--------+--------+
|  Function |    -   |    0   |   274  |
|   Memory  |    -   |    -   |    -   |
|Multiplexer|    0   |    0   |    9   |
|  Register |    -   |   145  |    -   |
+-----------+--------+--------+--------+
|   Total   |    0   |   145  |   283  |
+-----------+--------+--------+--------+
