

================================================================
== Vitis HLS Report for 'K1'
================================================================
* Date:           Tue Mar 10 15:12:57 2026

* Version:        2025.1.1 (Build 6214317 on Sep 11 2025)
* Project:        project_1
* Solution:       hls (Vivado IP Flow Target)
* Product family: zynquplus
* Target device:  xczu3eg-sbva484-1-e


================================================================
== Performance Estimates
================================================================
+ Timing: 
    * Summary: 
    +--------+----------+----------+------------+
    |  Clock |  Target  | Estimated| Uncertainty|
    +--------+----------+----------+------------+
    |ap_clk  |  10.00 ns|  7.036 ns|     2.70 ns|
    +--------+----------+----------+------------+

+ Latency: 
    * Summary: 
    +---------+---------+----------+----------+--------+--------+---------+
    |  Latency (cycles) |  Latency (absolute) |     Interval    | Pipeline|
    |   min   |   max   |    min   |    max   |   min  |   max  |   Type  |
    +---------+---------+----------+----------+--------+--------+---------+
    |   327681|   327681|  3.277 ms|  3.277 ms|  327681|  327681|       no|
    +---------+---------+----------+----------+--------+--------+---------+

    + Detail: 
        * Instance: 
        N/A

        * Loop: 
        +-------------------+---------+---------+----------+-----------+-----------+-------+----------+
        |                   |  Latency (cycles) | Iteration|  Initiation Interval  |  Trip |          |
        |     Loop Name     |   min   |   max   |  Latency |  achieved |   target  | Count | Pipelined|
        +-------------------+---------+---------+----------+-----------+-----------+-------+----------+
        |- VITIS_LOOP_42_1  |   327680|   327680|         5|          -|          -|  65536|        no|
        +-------------------+---------+---------+----------+-----------+-----------+-------+----------+

============================================================
+ Verbose Summary: Synthesis Manager
============================================================
InlineROM: 1
ExposeGlobal: 0
============================================================
+ Verbose Summary: CDFG Model
============================================================
IsTopModel: 0
ResetActiveHigh: 1
IsCombinational: 0
IsDatapathOnly: 0
HasWiredReturn: 1
HasMFsm: 0
HasVarLatency: 1
IsPipeline: 0
IsRtlPipelined: 0
IsInstanceOverlapped: 0
IsDontTouch: 0
HasImplIP: 0
IsGatedGlobalClock: 0


============================================================
+ Verbose Summary: Schedule
============================================================
* Number of FSM states : 6
* Pipeline : 0
* Dataflow Pipeline: 0

* FSM state transitions: 
1 --> 2 
2 --> 3 
3 --> 4 
4 --> 5 
5 --> 6 
6 --> 2 

* FSM state operations: 

State 1 <SV = 0> <Delay = 0.48>
ST_1 : Operation 7 [1/1] (0.00ns)   --->   "%k = alloca i32 1" [top.cpp:42]   --->   Operation 7 'alloca' 'k' <Predicate = true> <Delay = 0.00>
ST_1 : Operation 8 [1/1] (0.48ns)   --->   "%store_ln42 = store i17 0, i17 %k" [top.cpp:42]   --->   Operation 8 'store' 'store_ln42' <Predicate = true> <Delay = 0.48>
ST_1 : Operation 9 [1/1] (0.00ns)   --->   "%br_ln42 = br void %for.body" [top.cpp:42]   --->   Operation 9 'br' 'br_ln42' <Predicate = true> <Delay = 0.00>

State 2 <SV = 1> <Delay = 1.51>
ST_2 : Operation 10 [1/1] (0.00ns)   --->   "%k_2 = load i17 %k" [top.cpp:42]   --->   Operation 10 'load' 'k_2' <Predicate = true> <Delay = 0.00>
ST_2 : Operation 11 [1/1] (1.02ns)   --->   "%icmp_ln42 = icmp_eq  i17 %k_2, i17 65536" [top.cpp:42]   --->   Operation 11 'icmp' 'icmp_ln42' <Predicate = true> <Delay = 1.02> <CoreInst = "Cmp">   --->   Core 9 'Cmp' <Latency = 0> <II = 1> <Delay = 1.02> <FuncUnit> <Opcode : 'seteq' 'setne' 'setle' 'setge' 'setlt' 'setgt'> <InPorts = 2> <OutPorts = 1>
ST_2 : Operation 12 [1/1] (1.02ns)   --->   "%add_ln42 = add i17 %k_2, i17 1" [top.cpp:42]   --->   Operation 12 'add' 'add_ln42' <Predicate = true> <Delay = 1.02> <CoreInst = "Adder">   --->   Core 1 'Adder' <Latency = 0> <II = 1> <Delay = 1.02> <FuncUnit> <Opcode : 'add' 'sub'> <InPorts = 2> <OutPorts = 1>
ST_2 : Operation 13 [1/1] (0.00ns)   --->   "%br_ln42 = br i1 %icmp_ln42, void %for.body.split_ifconv, void %for.end" [top.cpp:42]   --->   Operation 13 'br' 'br_ln42' <Predicate = true> <Delay = 0.00>
ST_2 : Operation 14 [1/1] (0.00ns)   --->   "%zext_ln42 = zext i17 %k_2" [top.cpp:42]   --->   Operation 14 'zext' 'zext_ln42' <Predicate = (!icmp_ln42)> <Delay = 0.00>
ST_2 : Operation 15 [1/1] (0.00ns)   --->   "%s0_addr = getelementptr i32 %s0, i64 0, i64 %zext_ln42" [top.cpp:44]   --->   Operation 15 'getelementptr' 's0_addr' <Predicate = (!icmp_ln42)> <Delay = 0.00>
ST_2 : Operation 16 [2/2] (1.35ns)   --->   "%x0 = load i16 %s0_addr" [top.cpp:44]   --->   Operation 16 'load' 'x0' <Predicate = (!icmp_ln42)> <Delay = 1.35> <CoreInst = "RAM">   --->   Core 82 'RAM' <Latency = 1> <II = 1> <Delay = 1.35> <Storage> <Opcode : 'load' 'store'> <Ports = 2> <Width = 32> <Depth = 65536> <RAM>
ST_2 : Operation 17 [1/1] (0.48ns)   --->   "%store_ln42 = store i17 %add_ln42, i17 %k" [top.cpp:42]   --->   Operation 17 'store' 'store_ln42' <Predicate = (!icmp_ln42)> <Delay = 0.48>
ST_2 : Operation 18 [1/1] (0.00ns)   --->   "%ret_ln53 = ret" [top.cpp:53]   --->   Operation 18 'ret' 'ret_ln53' <Predicate = (icmp_ln42)> <Delay = 0.00>

State 3 <SV = 2> <Delay = 2.36>
ST_3 : Operation 19 [1/1] (0.00ns)   --->   "%trunc_ln42 = trunc i17 %k_2" [top.cpp:42]   --->   Operation 19 'trunc' 'trunc_ln42' <Predicate = true> <Delay = 0.00>
ST_3 : Operation 20 [1/2] ( I:1.35ns O:1.35ns )   --->   "%x0 = load i16 %s0_addr" [top.cpp:44]   --->   Operation 20 'load' 'x0' <Predicate = true> <Delay = 1.35> <CoreInst = "RAM">   --->   Core 82 'RAM' <Latency = 1> <II = 1> <Delay = 1.35> <Storage> <Opcode : 'load' 'store'> <Ports = 2> <Width = 32> <Depth = 65536> <RAM>
ST_3 : Operation 21 [1/1] (1.02ns)   --->   "%icmp_ln45 = icmp_ne  i17 %k_2, i17 0" [top.cpp:45]   --->   Operation 21 'icmp' 'icmp_ln45' <Predicate = true> <Delay = 1.02> <CoreInst = "Cmp">   --->   Core 9 'Cmp' <Latency = 0> <II = 1> <Delay = 1.02> <FuncUnit> <Opcode : 'seteq' 'setne' 'setle' 'setge' 'setlt' 'setgt'> <InPorts = 2> <OutPorts = 1>
ST_3 : Operation 22 [1/1] (1.01ns)   --->   "%add_ln45 = add i16 %trunc_ln42, i16 65535" [top.cpp:45]   --->   Operation 22 'add' 'add_ln45' <Predicate = true> <Delay = 1.01> <CoreInst = "Adder">   --->   Core 1 'Adder' <Latency = 0> <II = 1> <Delay = 1.01> <FuncUnit> <Opcode : 'add' 'sub'> <InPorts = 2> <OutPorts = 1>
ST_3 : Operation 23 [1/1] (0.00ns)   --->   "%zext_ln45 = zext i16 %add_ln45" [top.cpp:45]   --->   Operation 23 'zext' 'zext_ln45' <Predicate = true> <Delay = 0.00>
ST_3 : Operation 24 [1/1] (0.00ns)   --->   "%s0_addr_1 = getelementptr i32 %s0, i64 0, i64 %zext_ln45" [top.cpp:45]   --->   Operation 24 'getelementptr' 's0_addr_1' <Predicate = true> <Delay = 0.00>
ST_3 : Operation 25 [2/2] (1.35ns)   --->   "%x1 = load i16 %s0_addr_1" [top.cpp:45]   --->   Operation 25 'load' 'x1' <Predicate = true> <Delay = 1.35> <CoreInst = "RAM">   --->   Core 82 'RAM' <Latency = 1> <II = 1> <Delay = 1.35> <Storage> <Opcode : 'load' 'store'> <Ports = 2> <Width = 32> <Depth = 65536> <RAM>
ST_3 : Operation 26 [1/1] (0.00ns)   --->   "%tmp = partselect i16 @_ssdm_op_PartSelect.i16.i17.i32.i32, i17 %k_2, i32 1, i32 16" [top.cpp:46]   --->   Operation 26 'partselect' 'tmp' <Predicate = true> <Delay = 0.00>
ST_3 : Operation 27 [1/1] (1.01ns)   --->   "%icmp_ln46 = icmp_ne  i16 %tmp, i16 0" [top.cpp:46]   --->   Operation 27 'icmp' 'icmp_ln46' <Predicate = true> <Delay = 1.01> <CoreInst = "Cmp">   --->   Core 9 'Cmp' <Latency = 0> <II = 1> <Delay = 1.01> <FuncUnit> <Opcode : 'seteq' 'setne' 'setle' 'setge' 'setlt' 'setgt'> <InPorts = 2> <OutPorts = 1>
ST_3 : Operation 28 [1/1] (1.01ns)   --->   "%add_ln46 = add i16 %trunc_ln42, i16 65534" [top.cpp:46]   --->   Operation 28 'add' 'add_ln46' <Predicate = true> <Delay = 1.01> <CoreInst = "Adder">   --->   Core 1 'Adder' <Latency = 0> <II = 1> <Delay = 1.01> <FuncUnit> <Opcode : 'add' 'sub'> <InPorts = 2> <OutPorts = 1>
ST_3 : Operation 29 [1/1] (0.00ns)   --->   "%zext_ln46 = zext i16 %add_ln46" [top.cpp:46]   --->   Operation 29 'zext' 'zext_ln46' <Predicate = true> <Delay = 0.00>
ST_3 : Operation 30 [1/1] (0.00ns)   --->   "%s0_addr_2 = getelementptr i32 %s0, i64 0, i64 %zext_ln46" [top.cpp:46]   --->   Operation 30 'getelementptr' 's0_addr_2' <Predicate = true> <Delay = 0.00>
ST_3 : Operation 31 [2/2] (1.35ns)   --->   "%x2 = load i16 %s0_addr_2" [top.cpp:46]   --->   Operation 31 'load' 'x2' <Predicate = true> <Delay = 1.35> <CoreInst = "RAM">   --->   Core 82 'RAM' <Latency = 1> <II = 1> <Delay = 1.35> <Storage> <Opcode : 'load' 'store'> <Ports = 2> <Width = 32> <Depth = 65536> <RAM>
ST_3 : Operation 32 [1/1] (0.00ns)   --->   "%trunc_ln9 = partselect i30 @_ssdm_op_PartSelect.i30.i32.i32.i32, i32 %x0, i32 2, i32 31" [top.cpp:48]   --->   Operation 32 'partselect' 'trunc_ln9' <Predicate = true> <Delay = 0.00>
ST_3 : Operation 33 [1/1] (0.00ns)   --->   "%tmp_34 = bitselect i1 @_ssdm_op_BitSelect.i1.i32.i32, i32 %x0, i32 1" [top.cpp:48]   --->   Operation 33 'bitselect' 'tmp_34' <Predicate = true> <Delay = 0.00>

State 4 <SV = 3> <Delay = 6.53>
ST_4 : Operation 34 [1/2] ( I:1.35ns O:1.35ns )   --->   "%x1 = load i16 %s0_addr_1" [top.cpp:45]   --->   Operation 34 'load' 'x1' <Predicate = true> <Delay = 1.35> <CoreInst = "RAM">   --->   Core 82 'RAM' <Latency = 1> <II = 1> <Delay = 1.35> <Storage> <Opcode : 'load' 'store'> <Ports = 2> <Width = 32> <Depth = 65536> <RAM>
ST_4 : Operation 35 [1/1] (0.52ns)   --->   "%x1_1 = select i1 %icmp_ln45, i32 %x1, i32 0" [top.cpp:45]   --->   Operation 35 'select' 'x1_1' <Predicate = true> <Delay = 0.52> <CoreInst = "Sel">   --->   Core 73 'Sel' <Latency = 0> <II = 1> <Delay = 0.52> <FuncUnit> <Opcode : 'select'> <InPorts = 3> <OutPorts = 1>
ST_4 : Operation 36 [1/2] ( I:1.35ns O:1.35ns )   --->   "%x2 = load i16 %s0_addr_2" [top.cpp:46]   --->   Operation 36 'load' 'x2' <Predicate = true> <Delay = 1.35> <CoreInst = "RAM">   --->   Core 82 'RAM' <Latency = 1> <II = 1> <Delay = 1.35> <Storage> <Opcode : 'load' 'store'> <Ports = 2> <Width = 32> <Depth = 65536> <RAM>
ST_4 : Operation 37 [1/1] (0.52ns)   --->   "%x2_1 = select i1 %icmp_ln46, i32 %x2, i32 0" [top.cpp:46]   --->   Operation 37 'select' 'x2_1' <Predicate = true> <Delay = 0.52> <CoreInst = "Sel">   --->   Core 73 'Sel' <Latency = 0> <II = 1> <Delay = 0.52> <FuncUnit> <Opcode : 'select'> <InPorts = 3> <OutPorts = 1>
ST_4 : Operation 38 [1/1] (0.00ns)   --->   "%sext_ln48 = sext i30 %trunc_ln9" [top.cpp:48]   --->   Operation 38 'sext' 'sext_ln48' <Predicate = true> <Delay = 0.00>
ST_4 : Operation 39 [1/1] (0.00ns)   --->   "%zext_ln48 = zext i1 %tmp_34" [top.cpp:48]   --->   Operation 39 'zext' 'zext_ln48' <Predicate = true> <Delay = 0.00>
ST_4 : Operation 40 [1/1] (1.17ns)   --->   "%add_ln48 = add i31 %sext_ln48, i31 %zext_ln48" [top.cpp:48]   --->   Operation 40 'add' 'add_ln48' <Predicate = true> <Delay = 1.17> <CoreInst = "Adder">   --->   Core 1 'Adder' <Latency = 0> <II = 1> <Delay = 1.17> <FuncUnit> <Opcode : 'add' 'sub'> <InPorts = 2> <OutPorts = 1>
ST_4 : Operation 41 [1/1] (0.00ns)   --->   "%shl_ln = bitconcatenate i54 @_ssdm_op_BitConcatenate.i54.i31.i23, i31 %add_ln48, i23 0" [top.cpp:48]   --->   Operation 41 'bitconcatenate' 'shl_ln' <Predicate = true> <Delay = 0.00>
ST_4 : Operation 42 [1/1] (0.00ns)   --->   "%trunc_ln48_1 = partselect i30 @_ssdm_op_PartSelect.i30.i32.i32.i32, i32 %x1_1, i32 2, i32 31" [top.cpp:48]   --->   Operation 42 'partselect' 'trunc_ln48_1' <Predicate = true> <Delay = 0.00>
ST_4 : Operation 43 [1/1] (0.00ns)   --->   "%sext_ln48_1 = sext i30 %trunc_ln48_1" [top.cpp:48]   --->   Operation 43 'sext' 'sext_ln48_1' <Predicate = true> <Delay = 0.00>
ST_4 : Operation 44 [1/1] (0.00ns)   --->   "%tmp_35 = bitselect i1 @_ssdm_op_BitSelect.i1.i32.i32, i32 %x1_1, i32 1" [top.cpp:48]   --->   Operation 44 'bitselect' 'tmp_35' <Predicate = true> <Delay = 0.00>
ST_4 : Operation 45 [1/1] (0.00ns)   --->   "%zext_ln48_1 = zext i1 %tmp_35" [top.cpp:48]   --->   Operation 45 'zext' 'zext_ln48_1' <Predicate = true> <Delay = 0.00>
ST_4 : Operation 46 [1/1] (1.17ns)   --->   "%add_ln48_1 = add i31 %sext_ln48_1, i31 %zext_ln48_1" [top.cpp:48]   --->   Operation 46 'add' 'add_ln48_1' <Predicate = true> <Delay = 1.17> <CoreInst = "Adder">   --->   Core 1 'Adder' <Latency = 0> <II = 1> <Delay = 1.17> <FuncUnit> <Opcode : 'add' 'sub'> <InPorts = 2> <OutPorts = 1>
ST_4 : Operation 47 [1/1] (0.00ns)   --->   "%p_shl = bitconcatenate i53 @_ssdm_op_BitConcatenate.i53.i31.i22, i31 %add_ln48_1, i22 0" [top.cpp:48]   --->   Operation 47 'bitconcatenate' 'p_shl' <Predicate = true> <Delay = 0.00>
ST_4 : Operation 48 [1/1] (1.32ns)   --->   "%sub_ln48 = sub i53 0, i53 %p_shl" [top.cpp:48]   --->   Operation 48 'sub' 'sub_ln48' <Predicate = true> <Delay = 1.32> <CoreInst = "Adder">   --->   Core 1 'Adder' <Latency = 0> <II = 1> <Delay = 1.32> <FuncUnit> <Opcode : 'add' 'sub'> <InPorts = 2> <OutPorts = 1>
ST_4 : Operation 49 [1/1] (0.00ns)   --->   "%sext_ln48_2 = sext i54 %shl_ln" [top.cpp:48]   --->   Operation 49 'sext' 'sext_ln48_2' <Predicate = true> <Delay = 0.00>
ST_4 : Operation 50 [1/1] (0.00ns)   --->   "%sext_ln48_3 = sext i53 %sub_ln48" [top.cpp:48]   --->   Operation 50 'sext' 'sext_ln48_3' <Predicate = true> <Delay = 0.00>
ST_4 : Operation 51 [1/1] (0.00ns) (grouped into TernaryAdder)   --->   "%add_ln48_2 = add i55 %sext_ln48_3, i55 %sext_ln48_2" [top.cpp:48]   --->   Operation 51 'add' 'add_ln48_2' <Predicate = true> <Delay = 0.00> <CoreInst = "TAddSub">   --->   Core 10 'TAddSub' <Latency = 0> <II = 1> <Delay = 0.48> <IPBlock> <Opcode : 'add' 'sub'> <InPorts = 3> <OutPorts = 1> <Sync> <CReg>
ST_4 : Operation 52 [1/1] (0.00ns)   --->   "%trunc_ln48_2 = partselect i30 @_ssdm_op_PartSelect.i30.i32.i32.i32, i32 %x2_1, i32 2, i32 31" [top.cpp:48]   --->   Operation 52 'partselect' 'trunc_ln48_2' <Predicate = true> <Delay = 0.00>
ST_4 : Operation 53 [1/1] (0.00ns)   --->   "%sext_ln48_4 = sext i30 %trunc_ln48_2" [top.cpp:48]   --->   Operation 53 'sext' 'sext_ln48_4' <Predicate = true> <Delay = 0.00>
ST_4 : Operation 54 [1/1] (0.00ns)   --->   "%tmp_36 = bitselect i1 @_ssdm_op_BitSelect.i1.i32.i32, i32 %x2_1, i32 1" [top.cpp:48]   --->   Operation 54 'bitselect' 'tmp_36' <Predicate = true> <Delay = 0.00>
ST_4 : Operation 55 [1/1] (0.00ns)   --->   "%zext_ln48_2 = zext i1 %tmp_36" [top.cpp:48]   --->   Operation 55 'zext' 'zext_ln48_2' <Predicate = true> <Delay = 0.00>
ST_4 : Operation 56 [1/1] (1.17ns)   --->   "%add_ln48_3 = add i31 %sext_ln48_4, i31 %zext_ln48_2" [top.cpp:48]   --->   Operation 56 'add' 'add_ln48_3' <Predicate = true> <Delay = 1.17> <CoreInst = "Adder">   --->   Core 1 'Adder' <Latency = 0> <II = 1> <Delay = 1.17> <FuncUnit> <Opcode : 'add' 'sub'> <InPorts = 2> <OutPorts = 1>
ST_4 : Operation 57 [1/1] (0.00ns)   --->   "%shl_ln48_1 = bitconcatenate i52 @_ssdm_op_BitConcatenate.i52.i31.i21, i31 %add_ln48_3, i21 0" [top.cpp:48]   --->   Operation 57 'bitconcatenate' 'shl_ln48_1' <Predicate = true> <Delay = 0.00>
ST_4 : Operation 58 [1/1] (0.00ns)   --->   "%sext_ln48_5 = sext i52 %shl_ln48_1" [top.cpp:48]   --->   Operation 58 'sext' 'sext_ln48_5' <Predicate = true> <Delay = 0.00>
ST_4 : Operation 59 [1/1] (0.97ns) (root node of TernaryAdder)   --->   "%add_ln48_4 = add i55 %add_ln48_2, i55 %sext_ln48_5" [top.cpp:48]   --->   Operation 59 'add' 'add_ln48_4' <Predicate = true> <Delay = 0.97> <CoreInst = "TAddSub">   --->   Core 10 'TAddSub' <Latency = 0> <II = 1> <Delay = 0.48> <IPBlock> <Opcode : 'add' 'sub'> <InPorts = 3> <OutPorts = 1> <Sync> <CReg>
ST_4 : Operation 60 [1/1] (0.00ns)   --->   "%tmp_37 = bitselect i1 @_ssdm_op_BitSelect.i1.i55.i32, i55 %add_ln48_4, i32 54" [top.cpp:48]   --->   Operation 60 'bitselect' 'tmp_37' <Predicate = true> <Delay = 0.00>
ST_4 : Operation 61 [1/1] (0.00ns)   --->   "%acc = partselect i31 @_ssdm_op_PartSelect.i31.i55.i32.i32, i55 %add_ln48_4, i32 24, i32 54" [top.cpp:48]   --->   Operation 61 'partselect' 'acc' <Predicate = true> <Delay = 0.00>
ST_4 : Operation 62 [1/1] (0.00ns)   --->   "%sext_ln48_6 = sext i31 %acc" [top.cpp:48]   --->   Operation 62 'sext' 'sext_ln48_6' <Predicate = true> <Delay = 0.00>
ST_4 : Operation 63 [1/1] (0.00ns)   --->   "%tmp_38 = bitselect i1 @_ssdm_op_BitSelect.i1.i55.i32, i55 %add_ln48_4, i32 23" [top.cpp:48]   --->   Operation 63 'bitselect' 'tmp_38' <Predicate = true> <Delay = 0.00>
ST_4 : Operation 64 [1/1] (0.00ns)   --->   "%zext_ln48_3 = zext i1 %tmp_38" [top.cpp:48]   --->   Operation 64 'zext' 'zext_ln48_3' <Predicate = true> <Delay = 0.00>
ST_4 : Operation 65 [1/1] (1.19ns)   --->   "%acc_1 = add i32 %sext_ln48_6, i32 %zext_ln48_3" [top.cpp:48]   --->   Operation 65 'add' 'acc_1' <Predicate = true> <Delay = 1.19> <CoreInst = "Adder">   --->   Core 1 'Adder' <Latency = 0> <II = 1> <Delay = 1.19> <FuncUnit> <Opcode : 'add' 'sub'> <InPorts = 2> <OutPorts = 1>

State 5 <SV = 4> <Delay = 7.03>
ST_5 : Operation 66 [1/1] (0.00ns)   --->   "%sext_ln48_7 = sext i32 %acc_1" [top.cpp:48]   --->   Operation 66 'sext' 'sext_ln48_7' <Predicate = true> <Delay = 0.00>
ST_5 : Operation 67 [1/1] (0.00ns)   --->   "%tmp_40 = bitselect i1 @_ssdm_op_BitSelect.i1.i36.i32, i36 %sext_ln48_7, i32 35" [top.cpp:48]   --->   Operation 67 'bitselect' 'tmp_40' <Predicate = true> <Delay = 0.00>
ST_5 : Operation 68 [1/1] (0.00ns) (grouped into LUT with out node and_ln48)   --->   "%xor_ln48 = xor i1 %tmp_40, i1 1" [top.cpp:48]   --->   Operation 68 'xor' 'xor_ln48' <Predicate = true> <Delay = 0.00> <CoreInst = "LogicGate">   --->   Core 74 'LogicGate' <Latency = 0> <II = 1> <Delay = 0.33> <FuncUnit> <Opcode : 'and' 'or' 'xor'> <InPorts = 2> <OutPorts = 1>
ST_5 : Operation 69 [1/1] (0.33ns) (out node of the LUT)   --->   "%and_ln48 = and i1 %tmp_37, i1 %xor_ln48" [top.cpp:48]   --->   Operation 69 'and' 'and_ln48' <Predicate = true> <Delay = 0.33> <CoreInst = "LogicGate">   --->   Core 74 'LogicGate' <Latency = 0> <II = 1> <Delay = 0.33> <FuncUnit> <Opcode : 'and' 'or' 'xor'> <InPorts = 2> <OutPorts = 1>
ST_5 : Operation 70 [1/1] (0.33ns)   --->   "%xor_ln48_1 = xor i1 %tmp_37, i1 1" [top.cpp:48]   --->   Operation 70 'xor' 'xor_ln48_1' <Predicate = true> <Delay = 0.33> <CoreInst = "LogicGate">   --->   Core 74 'LogicGate' <Latency = 0> <II = 1> <Delay = 0.33> <FuncUnit> <Opcode : 'and' 'or' 'xor'> <InPorts = 2> <OutPorts = 1>
ST_5 : Operation 71 [1/1] (0.00ns) (grouped into LUT with out node and_ln48_1)   --->   "%or_ln48_2 = or i1 %tmp_40, i1 %xor_ln48_1" [top.cpp:48]   --->   Operation 71 'or' 'or_ln48_2' <Predicate = true> <Delay = 0.00> <CoreInst = "LogicGate">   --->   Core 74 'LogicGate' <Latency = 0> <II = 1> <Delay = 0.33> <FuncUnit> <Opcode : 'and' 'or' 'xor'> <InPorts = 2> <OutPorts = 1>
ST_5 : Operation 72 [1/1] (0.00ns) (grouped into LUT with out node and_ln48_1)   --->   "%xor_ln48_2 = xor i1 %tmp_37, i1 %or_ln48_2" [top.cpp:48]   --->   Operation 72 'xor' 'xor_ln48_2' <Predicate = true> <Delay = 0.00> <CoreInst = "LogicGate">   --->   Core 74 'LogicGate' <Latency = 0> <II = 1> <Delay = 0.33> <FuncUnit> <Opcode : 'and' 'or' 'xor'> <InPorts = 2> <OutPorts = 1>
ST_5 : Operation 73 [1/1] (0.00ns) (grouped into LUT with out node or_ln48_1)   --->   "%xor_ln48_4 = xor i1 %and_ln48, i1 %tmp_37" [top.cpp:48]   --->   Operation 73 'xor' 'xor_ln48_4' <Predicate = true> <Delay = 0.00> <CoreInst = "LogicGate">   --->   Core 74 'LogicGate' <Latency = 0> <II = 1> <Delay = 0.33> <FuncUnit> <Opcode : 'and' 'or' 'xor'> <InPorts = 2> <OutPorts = 1>
ST_5 : Operation 74 [1/1] (0.00ns) (grouped into LUT with out node and_ln48_1)   --->   "%xor_ln48_3 = xor i1 %xor_ln48_2, i1 1" [top.cpp:48]   --->   Operation 74 'xor' 'xor_ln48_3' <Predicate = true> <Delay = 0.00> <CoreInst = "LogicGate">   --->   Core 74 'LogicGate' <Latency = 0> <II = 1> <Delay = 0.33> <FuncUnit> <Opcode : 'and' 'or' 'xor'> <InPorts = 2> <OutPorts = 1>
ST_5 : Operation 75 [1/1] (0.00ns) (grouped into LUT with out node and_ln48_1)   --->   "%or_ln48 = or i1 %tmp_40, i1 %xor_ln48_3" [top.cpp:48]   --->   Operation 75 'or' 'or_ln48' <Predicate = true> <Delay = 0.00> <CoreInst = "LogicGate">   --->   Core 74 'LogicGate' <Latency = 0> <II = 1> <Delay = 0.33> <FuncUnit> <Opcode : 'and' 'or' 'xor'> <InPorts = 2> <OutPorts = 1>
ST_5 : Operation 76 [1/1] (0.33ns) (out node of the LUT)   --->   "%and_ln48_1 = and i1 %or_ln48, i1 %xor_ln48_1" [top.cpp:48]   --->   Operation 76 'and' 'and_ln48_1' <Predicate = true> <Delay = 0.33> <CoreInst = "LogicGate">   --->   Core 74 'LogicGate' <Latency = 0> <II = 1> <Delay = 0.33> <FuncUnit> <Opcode : 'and' 'or' 'xor'> <InPorts = 2> <OutPorts = 1>
ST_5 : Operation 77 [1/1] (0.00ns) (grouped into LUT with out node or_ln48_1)   --->   "%and_ln48_2 = and i1 %tmp_40, i1 %xor_ln48_4" [top.cpp:48]   --->   Operation 77 'and' 'and_ln48_2' <Predicate = true> <Delay = 0.00> <CoreInst = "LogicGate">   --->   Core 74 'LogicGate' <Latency = 0> <II = 1> <Delay = 0.33> <FuncUnit> <Opcode : 'and' 'or' 'xor'> <InPorts = 2> <OutPorts = 1>
ST_5 : Operation 78 [1/1] (0.00ns) (grouped into LUT with out node or_ln48_1)   --->   "%or_ln48_3 = or i1 %and_ln48, i1 %and_ln48_2" [top.cpp:48]   --->   Operation 78 'or' 'or_ln48_3' <Predicate = true> <Delay = 0.00> <CoreInst = "LogicGate">   --->   Core 74 'LogicGate' <Latency = 0> <II = 1> <Delay = 0.33> <FuncUnit> <Opcode : 'and' 'or' 'xor'> <InPorts = 2> <OutPorts = 1>
ST_5 : Operation 79 [1/1] (0.00ns) (grouped into LUT with out node or_ln48_1)   --->   "%xor_ln48_5 = xor i1 %or_ln48_3, i1 1" [top.cpp:48]   --->   Operation 79 'xor' 'xor_ln48_5' <Predicate = true> <Delay = 0.00> <CoreInst = "LogicGate">   --->   Core 74 'LogicGate' <Latency = 0> <II = 1> <Delay = 0.33> <FuncUnit> <Opcode : 'and' 'or' 'xor'> <InPorts = 2> <OutPorts = 1>
ST_5 : Operation 80 [1/1] (0.00ns) (grouped into LUT with out node or_ln48_1)   --->   "%and_ln48_3 = and i1 %tmp_37, i1 %xor_ln48_5" [top.cpp:48]   --->   Operation 80 'and' 'and_ln48_3' <Predicate = true> <Delay = 0.00> <CoreInst = "LogicGate">   --->   Core 74 'LogicGate' <Latency = 0> <II = 1> <Delay = 0.33> <FuncUnit> <Opcode : 'and' 'or' 'xor'> <InPorts = 2> <OutPorts = 1>
ST_5 : Operation 81 [1/1] (0.00ns) (grouped into LUT with out node acc_2)   --->   "%select_ln48 = select i1 %and_ln48_1, i36 34359738367, i36 34359738368" [top.cpp:48]   --->   Operation 81 'select' 'select_ln48' <Predicate = true> <Delay = 0.00> <CoreInst = "Sel">   --->   Core 73 'Sel' <Latency = 0> <II = 1> <Delay = 0.44> <FuncUnit> <Opcode : 'select'> <InPorts = 3> <OutPorts = 1>
ST_5 : Operation 82 [1/1] (0.33ns) (out node of the LUT)   --->   "%or_ln48_1 = or i1 %and_ln48_1, i1 %and_ln48_3" [top.cpp:48]   --->   Operation 82 'or' 'or_ln48_1' <Predicate = true> <Delay = 0.33> <CoreInst = "LogicGate">   --->   Core 74 'LogicGate' <Latency = 0> <II = 1> <Delay = 0.33> <FuncUnit> <Opcode : 'and' 'or' 'xor'> <InPorts = 2> <OutPorts = 1>
ST_5 : Operation 83 [1/1] (0.44ns) (out node of the LUT)   --->   "%acc_2 = select i1 %or_ln48_1, i36 %select_ln48, i36 %sext_ln48_7" [top.cpp:48]   --->   Operation 83 'select' 'acc_2' <Predicate = true> <Delay = 0.44> <CoreInst = "Sel">   --->   Core 73 'Sel' <Latency = 0> <II = 1> <Delay = 0.44> <FuncUnit> <Opcode : 'select'> <InPorts = 3> <OutPorts = 1>
ST_5 : Operation 84 [1/1] (0.00ns)   --->   "%tmp_41 = bitselect i1 @_ssdm_op_BitSelect.i1.i36.i32, i36 %acc_2, i32 35" [top.cpp:49]   --->   Operation 84 'bitselect' 'tmp_41' <Predicate = true> <Delay = 0.00>
ST_5 : Operation 85 [1/1] (0.00ns) (grouped into LUT with out node y_3)   --->   "%trunc_ln49 = trunc i36 %acc_2" [top.cpp:49]   --->   Operation 85 'trunc' 'trunc_ln49' <Predicate = true> <Delay = 0.00>
ST_5 : Operation 86 [1/1] (0.00ns) (grouped into LUT with out node y_3)   --->   "%y = bitconcatenate i32 @_ssdm_op_BitConcatenate.i32.i30.i2, i30 %trunc_ln49, i2 0" [top.cpp:49]   --->   Operation 86 'bitconcatenate' 'y' <Predicate = true> <Delay = 0.00>
ST_5 : Operation 87 [1/1] (0.00ns)   --->   "%tmp_42 = bitselect i1 @_ssdm_op_BitSelect.i1.i36.i32, i36 %acc_2, i32 29" [top.cpp:49]   --->   Operation 87 'bitselect' 'tmp_42' <Predicate = true> <Delay = 0.00>
ST_5 : Operation 88 [1/1] (0.00ns)   --->   "%tmp_s = partselect i6 @_ssdm_op_PartSelect.i6.i36.i32, i36 %acc_2, i32 30" [top.cpp:49]   --->   Operation 88 'partselect' 'tmp_s' <Predicate = true> <Delay = 0.00>
ST_5 : Operation 89 [1/1] (0.88ns)   --->   "%icmp_ln49 = icmp_ne  i6 %tmp_s, i6 63" [top.cpp:49]   --->   Operation 89 'icmp' 'icmp_ln49' <Predicate = true> <Delay = 0.88> <CoreInst = "Cmp">   --->   Core 9 'Cmp' <Latency = 0> <II = 1> <Delay = 0.88> <FuncUnit> <Opcode : 'seteq' 'setne' 'setle' 'setge' 'setlt' 'setgt'> <InPorts = 2> <OutPorts = 1>
ST_5 : Operation 90 [1/1] (0.88ns)   --->   "%icmp_ln49_1 = icmp_ne  i6 %tmp_s, i6 0" [top.cpp:49]   --->   Operation 90 'icmp' 'icmp_ln49_1' <Predicate = true> <Delay = 0.88> <CoreInst = "Cmp">   --->   Core 9 'Cmp' <Latency = 0> <II = 1> <Delay = 0.88> <FuncUnit> <Opcode : 'seteq' 'setne' 'setle' 'setge' 'setlt' 'setgt'> <InPorts = 2> <OutPorts = 1>
ST_5 : Operation 91 [1/1] (0.00ns) (grouped into LUT with out node and_ln49)   --->   "%or_ln49 = or i1 %tmp_42, i1 %icmp_ln49_1" [top.cpp:49]   --->   Operation 91 'or' 'or_ln49' <Predicate = true> <Delay = 0.00> <CoreInst = "LogicGate">   --->   Core 74 'LogicGate' <Latency = 0> <II = 1> <Delay = 0.33> <FuncUnit> <Opcode : 'and' 'or' 'xor'> <InPorts = 2> <OutPorts = 1>
ST_5 : Operation 92 [1/1] (0.00ns) (grouped into LUT with out node and_ln49)   --->   "%xor_ln49 = xor i1 %tmp_41, i1 1" [top.cpp:49]   --->   Operation 92 'xor' 'xor_ln49' <Predicate = true> <Delay = 0.00> <CoreInst = "LogicGate">   --->   Core 74 'LogicGate' <Latency = 0> <II = 1> <Delay = 0.33> <FuncUnit> <Opcode : 'and' 'or' 'xor'> <InPorts = 2> <OutPorts = 1>
ST_5 : Operation 93 [1/1] (0.33ns) (out node of the LUT)   --->   "%and_ln49 = and i1 %or_ln49, i1 %xor_ln49" [top.cpp:49]   --->   Operation 93 'and' 'and_ln49' <Predicate = true> <Delay = 0.33> <CoreInst = "LogicGate">   --->   Core 74 'LogicGate' <Latency = 0> <II = 1> <Delay = 0.33> <FuncUnit> <Opcode : 'and' 'or' 'xor'> <InPorts = 2> <OutPorts = 1>
ST_5 : Operation 94 [1/1] (0.00ns) (grouped into LUT with out node y_3)   --->   "%xor_ln49_1 = xor i1 %tmp_42, i1 1" [top.cpp:49]   --->   Operation 94 'xor' 'xor_ln49_1' <Predicate = true> <Delay = 0.00> <CoreInst = "LogicGate">   --->   Core 74 'LogicGate' <Latency = 0> <II = 1> <Delay = 0.33> <FuncUnit> <Opcode : 'and' 'or' 'xor'> <InPorts = 2> <OutPorts = 1>
ST_5 : Operation 95 [1/1] (0.00ns) (grouped into LUT with out node y_3)   --->   "%or_ln49_1 = or i1 %icmp_ln49, i1 %xor_ln49_1" [top.cpp:49]   --->   Operation 95 'or' 'or_ln49_1' <Predicate = true> <Delay = 0.00> <CoreInst = "LogicGate">   --->   Core 74 'LogicGate' <Latency = 0> <II = 1> <Delay = 0.33> <FuncUnit> <Opcode : 'and' 'or' 'xor'> <InPorts = 2> <OutPorts = 1>
ST_5 : Operation 96 [1/1] (0.00ns) (grouped into LUT with out node y_3)   --->   "%and_ln49_1 = and i1 %or_ln49_1, i1 %tmp_41" [top.cpp:49]   --->   Operation 96 'and' 'and_ln49_1' <Predicate = true> <Delay = 0.00> <CoreInst = "LogicGate">   --->   Core 74 'LogicGate' <Latency = 0> <II = 1> <Delay = 0.33> <FuncUnit> <Opcode : 'and' 'or' 'xor'> <InPorts = 2> <OutPorts = 1>
ST_5 : Operation 97 [1/1] (0.00ns) (grouped into LUT with out node y_3)   --->   "%select_ln49 = select i1 %and_ln49, i32 2147483647, i32 2147483648" [top.cpp:49]   --->   Operation 97 'select' 'select_ln49' <Predicate = true> <Delay = 0.00> <CoreInst = "Sel">   --->   Core 73 'Sel' <Latency = 0> <II = 1> <Delay = 0.52> <FuncUnit> <Opcode : 'select'> <InPorts = 3> <OutPorts = 1>
ST_5 : Operation 98 [1/1] (0.00ns) (grouped into LUT with out node y_3)   --->   "%or_ln49_2 = or i1 %and_ln49, i1 %and_ln49_1" [top.cpp:49]   --->   Operation 98 'or' 'or_ln49_2' <Predicate = true> <Delay = 0.00> <CoreInst = "LogicGate">   --->   Core 74 'LogicGate' <Latency = 0> <II = 1> <Delay = 0.33> <FuncUnit> <Opcode : 'and' 'or' 'xor'> <InPorts = 2> <OutPorts = 1>
ST_5 : Operation 99 [1/1] (0.52ns) (out node of the LUT)   --->   "%y_3 = select i1 %or_ln49_2, i32 %select_ln49, i32 %y" [top.cpp:49]   --->   Operation 99 'select' 'y_3' <Predicate = true> <Delay = 0.52> <CoreInst = "Sel">   --->   Core 73 'Sel' <Latency = 0> <II = 1> <Delay = 0.52> <FuncUnit> <Opcode : 'select'> <InPorts = 3> <OutPorts = 1>
ST_5 : Operation 100 [1/1] (0.00ns)   --->   "%tmp_43 = bitselect i1 @_ssdm_op_BitSelect.i1.i32.i32, i32 %y_3, i32 31" [top.cpp:12->top.cpp:50]   --->   Operation 100 'bitselect' 'tmp_43' <Predicate = true> <Delay = 0.00>
ST_5 : Operation 101 [1/1] (0.00ns)   --->   "%sext_ln12 = sext i32 %y_3" [top.cpp:12->top.cpp:50]   --->   Operation 101 'sext' 'sext_ln12' <Predicate = true> <Delay = 0.00>
ST_5 : Operation 102 [1/1] (1.20ns)   --->   "%sub_ln12 = sub i33 0, i33 %sext_ln12" [top.cpp:12->top.cpp:50]   --->   Operation 102 'sub' 'sub_ln12' <Predicate = true> <Delay = 1.20> <CoreInst = "Adder">   --->   Core 1 'Adder' <Latency = 0> <II = 1> <Delay = 1.20> <FuncUnit> <Opcode : 'add' 'sub'> <InPorts = 2> <OutPorts = 1>
ST_5 : Operation 103 [1/1] (0.00ns)   --->   "%trunc_ln12 = trunc i33 %sub_ln12" [top.cpp:12->top.cpp:50]   --->   Operation 103 'trunc' 'trunc_ln12' <Predicate = true> <Delay = 0.00>
ST_5 : Operation 104 [1/1] (0.00ns)   --->   "%tmp_44 = bitselect i1 @_ssdm_op_BitSelect.i1.i33.i32, i33 %sub_ln12, i32 32" [top.cpp:12->top.cpp:50]   --->   Operation 104 'bitselect' 'tmp_44' <Predicate = true> <Delay = 0.00>
ST_5 : Operation 105 [1/1] (0.00ns)   --->   "%tmp_45 = bitselect i1 @_ssdm_op_BitSelect.i1.i33.i32, i33 %sub_ln12, i32 31" [top.cpp:12->top.cpp:50]   --->   Operation 105 'bitselect' 'tmp_45' <Predicate = true> <Delay = 0.00>
ST_5 : Operation 106 [1/1] (0.00ns) (grouped into LUT with out node select_ln12)   --->   "%xor_ln12 = xor i1 %tmp_44, i1 1" [top.cpp:12->top.cpp:50]   --->   Operation 106 'xor' 'xor_ln12' <Predicate = true> <Delay = 0.00> <CoreInst = "LogicGate">   --->   Core 74 'LogicGate' <Latency = 0> <II = 1> <Delay = 0.33> <FuncUnit> <Opcode : 'and' 'or' 'xor'> <InPorts = 2> <OutPorts = 1>
ST_5 : Operation 107 [1/1] (0.00ns) (grouped into LUT with out node select_ln12)   --->   "%and_ln12 = and i1 %tmp_45, i1 %xor_ln12" [top.cpp:12->top.cpp:50]   --->   Operation 107 'and' 'and_ln12' <Predicate = true> <Delay = 0.00> <CoreInst = "LogicGate">   --->   Core 74 'LogicGate' <Latency = 0> <II = 1> <Delay = 0.33> <FuncUnit> <Opcode : 'and' 'or' 'xor'> <InPorts = 2> <OutPorts = 1>
ST_5 : Operation 108 [1/1] (0.00ns) (grouped into LUT with out node and_ln12_2)   --->   "%xor_ln12_2 = xor i1 %tmp_44, i1 %tmp_45" [top.cpp:12->top.cpp:50]   --->   Operation 108 'xor' 'xor_ln12_2' <Predicate = true> <Delay = 0.00> <CoreInst = "LogicGate">   --->   Core 74 'LogicGate' <Latency = 0> <II = 1> <Delay = 0.33> <FuncUnit> <Opcode : 'and' 'or' 'xor'> <InPorts = 2> <OutPorts = 1>
ST_5 : Operation 109 [1/1] (0.52ns) (out node of the LUT)   --->   "%select_ln12 = select i1 %and_ln12, i32 2147483647, i32 2147483648" [top.cpp:12->top.cpp:50]   --->   Operation 109 'select' 'select_ln12' <Predicate = true> <Delay = 0.52> <CoreInst = "Sel">   --->   Core 73 'Sel' <Latency = 0> <II = 1> <Delay = 0.52> <FuncUnit> <Opcode : 'select'> <InPorts = 3> <OutPorts = 1>
ST_5 : Operation 110 [1/1] (0.33ns) (out node of the LUT)   --->   "%and_ln12_2 = and i1 %tmp_43, i1 %xor_ln12_2" [top.cpp:12->top.cpp:50]   --->   Operation 110 'and' 'and_ln12_2' <Predicate = true> <Delay = 0.33> <CoreInst = "LogicGate">   --->   Core 74 'LogicGate' <Latency = 0> <II = 1> <Delay = 0.33> <FuncUnit> <Opcode : 'and' 'or' 'xor'> <InPorts = 2> <OutPorts = 1>
ST_5 : Operation 111 [1/1] (0.33ns)   --->   "%xor_ln12_3 = xor i1 %tmp_43, i1 1" [top.cpp:12->top.cpp:50]   --->   Operation 111 'xor' 'xor_ln12_3' <Predicate = true> <Delay = 0.33> <CoreInst = "LogicGate">   --->   Core 74 'LogicGate' <Latency = 0> <II = 1> <Delay = 0.33> <FuncUnit> <Opcode : 'and' 'or' 'xor'> <InPorts = 2> <OutPorts = 1>
ST_5 : Operation 112 [1/1] (0.00ns)   --->   "%sel_tmp2 = bitconcatenate i2 @_ssdm_op_BitConcatenate.i2.i1.i1, i1 %and_ln12_2, i1 %xor_ln12_3" [top.cpp:12->top.cpp:50]   --->   Operation 112 'bitconcatenate' 'sel_tmp2' <Predicate = true> <Delay = 0.00>
ST_5 : Operation 113 [1/1] (0.48ns)   --->   "%y_4 = sparsemux i32 @_ssdm_op_SparseMux.ap_auto.3i32.i32.i2, i2 2, i32 %select_ln12, i2 1, i32 %y_3, i2 0, i32 %trunc_ln12, i32 0, i2 %sel_tmp2" [top.cpp:12->top.cpp:50]   --->   Operation 113 'sparsemux' 'y_4' <Predicate = true> <Delay = 0.48> <CoreInst = "OneHotSparseMux_HasDef">   --->   Core 152 'OneHotSparseMux_HasDef' <Latency = 0> <II = 1> <Delay = 0.48> <FuncUnit> <Opcode : 'sparsemux'> <InPorts = 2> <OutPorts = 1>
ST_5 : Operation 114 [1/1] (0.00ns) (grouped into LUT with out node select_ln16)   --->   "%trunc_ln49_1 = trunc i32 %y_4" [top.cpp:49]   --->   Operation 114 'trunc' 'trunc_ln49_1' <Predicate = true> <Delay = 0.00>
ST_5 : Operation 115 [1/1] (0.00ns)   --->   "%tmp_46 = bitselect i1 @_ssdm_op_BitSelect.i1.i32.i32, i32 %y_4, i32 31" [top.cpp:16->top.cpp:51]   --->   Operation 115 'bitselect' 'tmp_46' <Predicate = true> <Delay = 0.00>
ST_5 : Operation 116 [1/1] (1.20ns)   --->   "%icmp_ln17 = icmp_sgt  i32 %y_4, i32 503316480" [top.cpp:17->top.cpp:51]   --->   Operation 116 'icmp' 'icmp_ln17' <Predicate = true> <Delay = 1.20> <CoreInst = "Cmp">   --->   Core 9 'Cmp' <Latency = 0> <II = 1> <Delay = 1.20> <FuncUnit> <Opcode : 'seteq' 'setne' 'setle' 'setge' 'setlt' 'setgt'> <InPorts = 2> <OutPorts = 1>
ST_5 : Operation 117 [1/1] (0.00ns) (grouped into LUT with out node select_ln16)   --->   "%select_ln16_2 = select i1 %tmp_46, i29 0, i29 503316480" [top.cpp:16->top.cpp:51]   --->   Operation 117 'select' 'select_ln16_2' <Predicate = true> <Delay = 0.00> <CoreInst = "Sel">   --->   Core 73 'Sel' <Latency = 0> <II = 1> <Delay = 0.42> <FuncUnit> <Opcode : 'select'> <InPorts = 3> <OutPorts = 1>
ST_5 : Operation 118 [1/1] (0.00ns) (grouped into LUT with out node select_ln16)   --->   "%or_ln16 = or i1 %tmp_46, i1 %icmp_ln17" [top.cpp:16->top.cpp:51]   --->   Operation 118 'or' 'or_ln16' <Predicate = true> <Delay = 0.00> <CoreInst = "LogicGate">   --->   Core 74 'LogicGate' <Latency = 0> <II = 1> <Delay = 0.33> <FuncUnit> <Opcode : 'and' 'or' 'xor'> <InPorts = 2> <OutPorts = 1>
ST_5 : Operation 119 [1/1] (0.43ns) (out node of the LUT)   --->   "%select_ln16 = select i1 %or_ln16, i29 %select_ln16_2, i29 %trunc_ln49_1" [top.cpp:16->top.cpp:51]   --->   Operation 119 'select' 'select_ln16' <Predicate = true> <Delay = 0.43> <CoreInst = "Sel">   --->   Core 73 'Sel' <Latency = 0> <II = 1> <Delay = 0.43> <FuncUnit> <Opcode : 'select'> <InPorts = 3> <OutPorts = 1>

State 6 <SV = 5> <Delay = 1.35>
ST_6 : Operation 120 [1/1] (0.00ns)   --->   "%speclooptripcount_ln42 = speclooptripcount void @_ssdm_op_SpecLoopTripCount, i64 65536, i64 65536, i64 65536" [top.cpp:42]   --->   Operation 120 'speclooptripcount' 'speclooptripcount_ln42' <Predicate = true> <Delay = 0.00>
ST_6 : Operation 121 [1/1] (0.00ns)   --->   "%specloopname_ln42 = specloopname void @_ssdm_op_SpecLoopName, void @empty_3" [top.cpp:42]   --->   Operation 121 'specloopname' 'specloopname_ln42' <Predicate = true> <Delay = 0.00>
ST_6 : Operation 122 [1/1] (0.00ns)   --->   "%s1_addr = getelementptr i29 %s1, i64 0, i64 %zext_ln42" [top.cpp:51]   --->   Operation 122 'getelementptr' 's1_addr' <Predicate = true> <Delay = 0.00>
ST_6 : Operation 123 [1/1] ( I:1.35ns O:1.35ns )   --->   "%store_ln51 = store i29 %select_ln16, i16 %s1_addr" [top.cpp:51]   --->   Operation 123 'store' 'store_ln51' <Predicate = true> <Delay = 1.35> <CoreInst = "RAM">   --->   Core 82 'RAM' <Latency = 1> <II = 1> <Delay = 1.35> <Storage> <Opcode : 'load' 'store'> <Ports = 2> <Width = 29> <Depth = 65536> <RAM>
ST_6 : Operation 124 [1/1] (0.00ns)   --->   "%br_ln42 = br void %for.body" [top.cpp:42]   --->   Operation 124 'br' 'br_ln42' <Predicate = true> <Delay = 0.00>


============================================================
+ Verbose Summary: Timing violations
============================================================
Target clock period: 10.000ns, clock uncertainty: 2.700ns.

 <State 1>: 0.489ns
The critical path consists of the following:
	'alloca' operation 17 bit ('k', top.cpp:42) [3]  (0.000 ns)
	'store' operation 0 bit ('store_ln42', top.cpp:42) of constant 0 on local variable 'k', top.cpp:42 [4]  (0.489 ns)

 <State 2>: 1.517ns
The critical path consists of the following:
	'load' operation 17 bit ('k', top.cpp:42) on local variable 'k', top.cpp:42 [7]  (0.000 ns)
	'icmp' operation 1 bit ('icmp_ln42', top.cpp:42) [8]  (1.028 ns)
	'store' operation 0 bit ('store_ln42', top.cpp:42) of variable 'add_ln42', top.cpp:42 on local variable 'k', top.cpp:42 [117]  (0.489 ns)

 <State 3>: 2.368ns
The critical path consists of the following:
	'add' operation 16 bit ('add_ln45', top.cpp:45) [19]  (1.016 ns)
	'getelementptr' operation 16 bit ('s0_addr_1', top.cpp:45) [21]  (0.000 ns)
	'load' operation 32 bit ('x1', top.cpp:45) on array 's0' [22]  (1.352 ns)

 <State 4>: 6.538ns
The critical path consists of the following:
	'load' operation 32 bit ('x1', top.cpp:45) on array 's0' [22]  (1.352 ns)
	'select' operation 32 bit ('x1', top.cpp:45) [23]  (0.525 ns)
	'add' operation 31 bit ('add_ln48_1', top.cpp:48) [41]  (1.180 ns)
	'sub' operation 53 bit ('sub_ln48', top.cpp:48) [43]  (1.320 ns)
	'add' operation 55 bit ('add_ln48_2', top.cpp:48) [46]  (0.000 ns)
	'add' operation 55 bit ('add_ln48_4', top.cpp:48) [54]  (0.970 ns)
	'add' operation 32 bit ('acc', top.cpp:48) [60]  (1.191 ns)

 <State 5>: 7.036ns
The critical path consists of the following:
	'xor' operation 1 bit ('xor_ln48_1', top.cpp:48) [65]  (0.331 ns)
	'and' operation 1 bit ('and_ln48_1', top.cpp:48) [71]  (0.331 ns)
	'or' operation 1 bit ('or_ln48_1', top.cpp:48) [77]  (0.331 ns)
	'select' operation 36 bit ('acc', top.cpp:48) [78]  (0.445 ns)
	'icmp' operation 1 bit ('icmp_ln49_1', top.cpp:49) [85]  (0.887 ns)
	'or' operation 1 bit ('or_ln49', top.cpp:49) [86]  (0.000 ns)
	'and' operation 1 bit ('and_ln49', top.cpp:49) [88]  (0.331 ns)
	'select' operation 32 bit ('select_ln49', top.cpp:49) [92]  (0.000 ns)
	'select' operation 32 bit ('y', top.cpp:49) [94]  (0.525 ns)
	'sub' operation 33 bit ('sub_ln12', top.cpp:12->top.cpp:50) [97]  (1.203 ns)
	'and' operation 1 bit ('and_ln12', top.cpp:12->top.cpp:50) [102]  (0.000 ns)
	'select' operation 32 bit ('select_ln12', top.cpp:12->top.cpp:50) [104]  (0.525 ns)
	'sparsemux' operation 32 bit ('y', top.cpp:12->top.cpp:50) [108]  (0.489 ns)
	'icmp' operation 1 bit ('icmp_ln17', top.cpp:17->top.cpp:51) [111]  (1.203 ns)
	'or' operation 1 bit ('or_ln16', top.cpp:16->top.cpp:51) [113]  (0.000 ns)
	'select' operation 29 bit ('select_ln16', top.cpp:16->top.cpp:51) [114]  (0.435 ns)

 <State 6>: 1.352ns
The critical path consists of the following:
	'getelementptr' operation 16 bit ('s1_addr', top.cpp:51) [115]  (0.000 ns)
	'store' operation 0 bit ('store_ln51', top.cpp:51) of variable 'select_ln16', top.cpp:16->top.cpp:51 on array 's1' [116]  (1.352 ns)


============================================================
+ Verbose Summary: Binding
============================================================
N/A
* FSMD analyzer results:
  - Output states:
 - Input state : 
  - Chain level:
	State 1
	State 2
	State 3
	State 4
	State 5
	State 6


============================================================
+ Verbose Summary: Datapath Resource usage 
============================================================
N/A
