

================================================================
== Vitis HLS Report for 'K2'
================================================================
* Date:           Tue Mar 10 16:07:31 2026

* Version:        2025.1.1 (Build 6214317 on Sep 11 2025)
* Project:        project_1
* Solution:       hls (Vivado IP Flow Target)
* Product family: zynquplus
* Target device:  xczu3eg-sbva484-1-e


================================================================
== Performance Estimates
================================================================
+ Timing: 
    * Summary: 
    +--------+----------+----------+------------+
    |  Clock |  Target  | Estimated| Uncertainty|
    +--------+----------+----------+------------+
    |ap_clk  |  10.00 ns|  6.691 ns|     2.70 ns|
    +--------+----------+----------+------------+

+ Latency: 
    * Summary: 
    +---------+---------+----------+----------+-------+-------+------------------------------------------------+
    |  Latency (cycles) |  Latency (absolute) |    Interval   |                    Pipeline                    |
    |   min   |   max   |    min   |    max   |  min  |  max  |                      Type                      |
    +---------+---------+----------+----------+-------+-------+------------------------------------------------+
    |    65538|    65538|  0.655 ms|  0.655 ms|  65536|  65536|  loop auto-rewind stp (delay=0 clock cycles(s))|
    +---------+---------+----------+----------+-------+-------+------------------------------------------------+

    + Detail: 
        * Instance: 
        N/A

        * Loop: 
        +-------------------+---------+---------+----------+-----------+-----------+-------+----------+
        |                   |  Latency (cycles) | Iteration|  Initiation Interval  |  Trip |          |
        |     Loop Name     |   min   |   max   |  Latency |  achieved |   target  | Count | Pipelined|
        +-------------------+---------+---------+----------+-----------+-----------+-------+----------+
        |- VITIS_LOOP_73_1  |    65536|    65536|         2|          1|          1|  65536|       yes|
        +-------------------+---------+---------+----------+-----------+-----------+-------+----------+



================================================================
== Utilization Estimates
================================================================
* Summary: 
+-----------------+---------+-----+--------+-------+-----+
|       Name      | BRAM_18K| DSP |   FF   |  LUT  | URAM|
+-----------------+---------+-----+--------+-------+-----+
|DSP              |        -|    -|       -|      -|    -|
|Expression       |        -|    -|       0|    549|    -|
|FIFO             |        -|    -|       -|      -|    -|
|Instance         |        -|    -|       0|      9|    -|
|Memory           |        -|    -|       -|      -|    -|
|Multiplexer      |        -|    -|       0|     63|    -|
|Register         |        -|    -|      88|      -|    -|
+-----------------+---------+-----+--------+-------+-----+
|Total            |        0|    0|      88|    621|    0|
+-----------------+---------+-----+--------+-------+-----+
|Available        |      432|  360|  141120|  70560|    0|
+-----------------+---------+-----+--------+-------+-----+
|Utilization (%)  |        0|    0|      ~0|     ~0|    0|
+-----------------+---------+-----+--------+-------+-----+

+ Detail: 
    * Instance: 
    +--------------------------+----------------------+---------+----+---+----+-----+
    |         Instance         |        Module        | BRAM_18K| DSP| FF| LUT| URAM|
    +--------------------------+----------------------+---------+----+---+----+-----+
    |sparsemux_7_2_32_1_1_U11  |sparsemux_7_2_32_1_1  |        0|   0|  0|   9|    0|
    +--------------------------+----------------------+---------+----+---+----+-----+
    |Total                     |                      |        0|   0|  0|   9|    0|
    +--------------------------+----------------------+---------+----+---+----+-----+

    * DSP: 
    N/A

    * Memory: 
    N/A

    * FIFO: 
    N/A

    * Expression: 
    +---------------------------------------+----------+----+---+----+------------+------------+
    |             Variable Name             | Operation| DSP| FF| LUT| Bitwidth P0| Bitwidth P1|
    +---------------------------------------+----------+----+---+----+------------+------------+
    |add_ln75_1_fu_312_p2                   |         +|   0|  0|  44|          37|          37|
    |add_ln75_2_fu_306_p2                   |         +|   0|  0|  43|          36|          36|
    |add_ln75_fu_260_p2                     |         +|   0|  0|  38|          31|          31|
    |add_ln80_fu_477_p2                     |         +|   0|  0|  40|          33|          22|
    |avg_abs_1_fu_411_p2                    |         +|   0|  0|  34|          27|          27|
    |k_fu_266_p2                            |         +|   0|  0|  23|          16|           1|
    |sub_ln13_fu_142_p2                     |         -|   0|  0|  40|           1|          33|
    |and_ln13_1_fu_194_p2                   |       and|   0|  0|   2|           1|           1|
    |and_ln13_fu_174_p2                     |       and|   0|  0|   2|           1|           1|
    |and_ln75_fu_344_p2                     |       and|   0|  0|   2|           1|           1|
    |and_ln79_fu_459_p2                     |       and|   0|  0|   2|           1|           1|
    |and_ln80_fu_509_p2                     |       and|   0|  0|   2|           1|           1|
    |ap_block_state2_pp0_stage0_iter1_grp1  |       and|   0|  0|   2|           1|           1|
    |ap_condition_111                       |       and|   0|  0|   2|           1|           1|
    |icmp_ln73_fu_282_p2                    |      icmp|   0|  0|  23|          16|           2|
    |icmp_ln78_fu_276_p2                    |      icmp|   0|  0|  15|           8|           1|
    |ap_block_pp0_stage0_01001_grp1         |        or|   0|  0|   2|           1|           1|
    |ap_block_pp0_stage0_11001              |        or|   0|  0|   2|           1|           1|
    |ap_block_state1_pp0_stage0_iter0_grp1  |        or|   0|  0|   2|           1|           1|
    |or_ln79_1_fu_435_p2                    |        or|   0|  0|   2|           1|           1|
    |or_ln79_fu_453_p2                      |        or|   0|  0|   2|           1|           1|
    |avg_abs_2_fu_465_p3                    |    select|   0|  0|  32|           1|          31|
    |k2_to_k3_din                           |    select|   0|  0|  32|           1|          32|
    |ref_tmp1_2_fu_214_p2                   |    select|   0|  0|  33|           1|          31|
    |select_ln75_fu_356_p3                  |    select|   0|  0|  37|           1|          35|
    |select_ln80_fu_521_p3                  |    select|   0|  0|  33|           1|          31|
    |sum_abs_1_fu_364_p3                    |    select|   0|  0|  36|           1|          36|
    |ap_enable_pp0                          |       xor|   0|  0|   2|           1|           2|
    |xor_ln13_1_fu_180_p2                   |       xor|   0|  0|   2|           1|           1|
    |xor_ln13_2_fu_200_p2                   |       xor|   0|  0|   2|           1|           2|
    |xor_ln13_fu_168_p2                     |       xor|   0|  0|   2|           1|           2|
    |xor_ln75_1_fu_350_p2                   |       xor|   0|  0|   2|           1|           1|
    |xor_ln75_fu_338_p2                     |       xor|   0|  0|   2|           1|           2|
    |xor_ln79_1_fu_441_p2                   |       xor|   0|  0|   2|           1|           1|
    |xor_ln79_2_fu_447_p2                   |       xor|   0|  0|   2|           1|           2|
    |xor_ln79_fu_429_p2                     |       xor|   0|  0|   2|           1|           2|
    |xor_ln80_1_fu_515_p2                   |       xor|   0|  0|   2|           1|           1|
    |xor_ln80_fu_503_p2                     |       xor|   0|  0|   2|           1|           2|
    +---------------------------------------+----------+----+---+----+------------+------------+
    |Total                                  |          |   0|  0| 549|         234|         416|
    +---------------------------------------+----------+----+---+----+------------+------------+

    * Multiplexer: 
    +----------------------------------+----+-----------+-----+-----------+
    |               Name               | LUT| Input Size| Bits| Total Bits|
    +----------------------------------+----+-----------+-----+-----------+
    |ap_done_int                       |   9|          2|    1|          2|
    |ap_loop_exit_ready_pp0_iter1_reg  |   9|          2|    1|          2|
    |ap_sig_allocacmp_k1_load          |   9|          2|   16|         32|
    |k1_fu_96                          |   9|          2|   16|         32|
    |k2_to_k3_blk_n                    |   9|          2|    1|          2|
    |s0_to_k2_blk_n                    |   9|          2|    1|          2|
    |sum_abs2_fu_100                   |   9|          2|   36|         72|
    +----------------------------------+----+-----------+-----+-----------+
    |Total                             |  63|         14|   72|        144|
    +----------------------------------+----+-----------+-----+-----------+

    * Register: 
    +----------------------------------+----+----+-----+-----------+
    |               Name               | FF | LUT| Bits| Const Bits|
    +----------------------------------+----+----+-----+-----------+
    |add_ln75_reg_558                  |  31|   0|   31|          0|
    |ap_CS_fsm                         |   1|   0|    1|          0|
    |ap_done_reg                       |   1|   0|    1|          0|
    |ap_enable_reg_pp0_iter1           |   1|   0|    1|          0|
    |ap_loop_exit_ready_pp0_iter1_reg  |   1|   0|    1|          0|
    |icmp_ln78_reg_564                 |   1|   0|    1|          0|
    |k1_fu_96                          |  16|   0|   16|          0|
    |sum_abs2_fu_100                   |  36|   0|   36|          0|
    +----------------------------------+----+----+-----+-----------+
    |Total                             |  88|   0|   88|          0|
    +----------------------------------+----+----+-----+-----------+



================================================================
== Interface
================================================================
* Summary: 
+-------------------------+-----+-----+------------+--------------+--------------+
|        RTL Ports        | Dir | Bits|  Protocol  | Source Object|    C Type    |
+-------------------------+-----+-----+------------+--------------+--------------+
|ap_clk                   |   in|    1|  ap_ctrl_hs|            K2|  return value|
|ap_rst                   |   in|    1|  ap_ctrl_hs|            K2|  return value|
|ap_start                 |   in|    1|  ap_ctrl_hs|            K2|  return value|
|ap_done                  |  out|    1|  ap_ctrl_hs|            K2|  return value|
|ap_continue              |   in|    1|  ap_ctrl_hs|            K2|  return value|
|ap_idle                  |  out|    1|  ap_ctrl_hs|            K2|  return value|
|ap_ready                 |  out|    1|  ap_ctrl_hs|            K2|  return value|
|s0_to_k2_dout            |   in|   32|     ap_fifo|      s0_to_k2|       pointer|
|s0_to_k2_empty_n         |   in|    1|     ap_fifo|      s0_to_k2|       pointer|
|s0_to_k2_read            |  out|    1|     ap_fifo|      s0_to_k2|       pointer|
|s0_to_k2_num_data_valid  |   in|    3|     ap_fifo|      s0_to_k2|       pointer|
|s0_to_k2_fifo_cap        |   in|    3|     ap_fifo|      s0_to_k2|       pointer|
|k2_to_k3_din             |  out|   32|     ap_fifo|      k2_to_k3|       pointer|
|k2_to_k3_full_n          |   in|    1|     ap_fifo|      k2_to_k3|       pointer|
|k2_to_k3_write           |  out|    1|     ap_fifo|      k2_to_k3|       pointer|
|k2_to_k3_num_data_valid  |   in|   32|     ap_fifo|      k2_to_k3|       pointer|
|k2_to_k3_fifo_cap        |   in|   32|     ap_fifo|      k2_to_k3|       pointer|
+-------------------------+-----+-----+------------+--------------+--------------+

============================================================
+ Verbose Summary: Synthesis Manager
============================================================
InlineROM: 1
ExposeGlobal: 0
============================================================
+ Verbose Summary: CDFG Model
============================================================
IsTopModel: 0
ResetActiveHigh: 1
IsCombinational: 2
IsDatapathOnly: 0
HasWiredReturn: 1
HasMFsm: 2
HasVarLatency: 1
IsPipeline: 0
IsRtlPipelined: 0
IsInstanceOverlapped: 0
IsDontTouch: 0
HasImplIP: 0
IsGatedGlobalClock: 0

+ Individual pipeline summary: 
  * Pipeline-0: initiation interval (II) = 1, depth = 2


============================================================
+ Verbose Summary: Schedule
============================================================
* Number of FSM states : 2
* Pipeline : 1
  Pipeline-0 : II = 1, D = 2, States = { 1 2 }
* Dataflow Pipeline: 0

* FSM state transitions: 
1 --> 2 
2 --> 

* FSM state operations: 

State 1 <SV = 0> <Delay = 5.56>
ST_1 : Operation 5 [1/1] (0.00ns)   --->   "%k1 = alloca i32 1"   --->   Operation 5 'alloca' 'k1' <Predicate = true> <Delay = 0.00>
ST_1 : Operation 6 [1/1] (0.00ns)   --->   "%sum_abs2 = alloca i32 1"   --->   Operation 6 'alloca' 'sum_abs2' <Predicate = true> <Delay = 0.00>
ST_1 : Operation 7 [1/1] (0.00ns)   --->   "%specinterface_ln0 = specinterface void @_ssdm_op_SpecInterface, i32 %k2_to_k3, void @empty_11, i32 0, i32 0, void @empty_1, i32 0, i32 0, void @empty_1, void @empty_1, void @empty_1, i32 0, i32 0, i32 0, i32 0, void @empty_1, void @empty_1, i32 4294967295, i32 0, i32 0"   --->   Operation 7 'specinterface' 'specinterface_ln0' <Predicate = true> <Delay = 0.00>
ST_1 : Operation 8 [1/1] (0.00ns)   --->   "%specinterface_ln0 = specinterface void @_ssdm_op_SpecInterface, i32 %s0_to_k2, void @empty_11, i32 0, i32 0, void @empty_1, i32 0, i32 0, void @empty_1, void @empty_1, void @empty_1, i32 0, i32 0, i32 0, i32 0, void @empty_1, void @empty_1, i32 4294967295, i32 0, i32 0"   --->   Operation 8 'specinterface' 'specinterface_ln0' <Predicate = true> <Delay = 0.00>
ST_1 : Operation 9 [1/1] (0.48ns)   --->   "%store_ln0 = store i36 0, i36 %sum_abs2"   --->   Operation 9 'store' 'store_ln0' <Predicate = true> <Delay = 0.48>
ST_1 : Operation 10 [1/1] (0.48ns)   --->   "%store_ln0 = store i16 0, i16 %k1"   --->   Operation 10 'store' 'store_ln0' <Predicate = true> <Delay = 0.48>
ST_1 : Operation 11 [1/1] (0.00ns)   --->   "%br_ln73 = br void %for.body.split_ifconv" [top.cpp:73]   --->   Operation 11 'br' 'br_ln73' <Predicate = true> <Delay = 0.00>
ST_1 : Operation 12 [1/1] (0.00ns)   --->   "%k1_load = load i16 %k1" [top.cpp:78]   --->   Operation 12 'load' 'k1_load' <Predicate = true> <Delay = 0.00>
ST_1 : Operation 13 [1/1] ( I:2.16ns O:2.16ns )   --->   "%x = read i32 @_ssdm_op_Read.ap_fifo.volatile.i32P0A, i32 %s0_to_k2" [top.cpp:75]   --->   Operation 13 'read' 'x' <Predicate = true> <Delay = 2.16> <CoreInst = "FIFO_SRL">   --->   Core 80 'FIFO_SRL' <Latency = 0> <II = 1> <Delay = 2.16> <Storage> <Opcode : 'read' 'write' 'nbread' 'nbwrite'> <Ports = 0> <Width = 32> <Depth = 2> <FIFO>
ST_1 : Operation 14 [1/1] (0.00ns)   --->   "%tmp = bitselect i1 @_ssdm_op_BitSelect.i1.i32.i32, i32 %x, i32 31" [top.cpp:13->top.cpp:75]   --->   Operation 14 'bitselect' 'tmp' <Predicate = true> <Delay = 0.00>
ST_1 : Operation 15 [1/1] (0.00ns)   --->   "%sext_ln13 = sext i32 %x" [top.cpp:13->top.cpp:75]   --->   Operation 15 'sext' 'sext_ln13' <Predicate = true> <Delay = 0.00>
ST_1 : Operation 16 [1/1] (1.20ns)   --->   "%sub_ln13 = sub i33 0, i33 %sext_ln13" [top.cpp:13->top.cpp:75]   --->   Operation 16 'sub' 'sub_ln13' <Predicate = true> <Delay = 1.20> <CoreInst = "Adder">   --->   Core 1 'Adder' <Latency = 0> <II = 1> <Delay = 1.20> <FuncUnit> <Opcode : 'add' 'sub'> <InPorts = 2> <OutPorts = 1>
ST_1 : Operation 17 [1/1] (0.00ns)   --->   "%trunc_ln13 = trunc i33 %sub_ln13" [top.cpp:13->top.cpp:75]   --->   Operation 17 'trunc' 'trunc_ln13' <Predicate = true> <Delay = 0.00>
ST_1 : Operation 18 [1/1] (0.00ns)   --->   "%tmp_19 = bitselect i1 @_ssdm_op_BitSelect.i1.i33.i32, i33 %sub_ln13, i32 32" [top.cpp:13->top.cpp:75]   --->   Operation 18 'bitselect' 'tmp_19' <Predicate = true> <Delay = 0.00>
ST_1 : Operation 19 [1/1] (0.00ns)   --->   "%tmp_20 = bitselect i1 @_ssdm_op_BitSelect.i1.i33.i32, i33 %sub_ln13, i32 31" [top.cpp:13->top.cpp:75]   --->   Operation 19 'bitselect' 'tmp_20' <Predicate = true> <Delay = 0.00>
ST_1 : Operation 20 [1/1] (0.00ns) (grouped into LUT with out node select_ln13)   --->   "%xor_ln13 = xor i1 %tmp_19, i1 1" [top.cpp:13->top.cpp:75]   --->   Operation 20 'xor' 'xor_ln13' <Predicate = true> <Delay = 0.00> <CoreInst = "LogicGate">   --->   Core 74 'LogicGate' <Latency = 0> <II = 1> <Delay = 0.33> <FuncUnit> <Opcode : 'and' 'or' 'xor'> <InPorts = 2> <OutPorts = 1>
ST_1 : Operation 21 [1/1] (0.00ns) (grouped into LUT with out node select_ln13)   --->   "%and_ln13 = and i1 %tmp_20, i1 %xor_ln13" [top.cpp:13->top.cpp:75]   --->   Operation 21 'and' 'and_ln13' <Predicate = true> <Delay = 0.00> <CoreInst = "LogicGate">   --->   Core 74 'LogicGate' <Latency = 0> <II = 1> <Delay = 0.33> <FuncUnit> <Opcode : 'and' 'or' 'xor'> <InPorts = 2> <OutPorts = 1>
ST_1 : Operation 22 [1/1] (0.00ns) (grouped into LUT with out node and_ln13_1)   --->   "%xor_ln13_1 = xor i1 %tmp_19, i1 %tmp_20" [top.cpp:13->top.cpp:75]   --->   Operation 22 'xor' 'xor_ln13_1' <Predicate = true> <Delay = 0.00> <CoreInst = "LogicGate">   --->   Core 74 'LogicGate' <Latency = 0> <II = 1> <Delay = 0.33> <FuncUnit> <Opcode : 'and' 'or' 'xor'> <InPorts = 2> <OutPorts = 1>
ST_1 : Operation 23 [1/1] (0.52ns) (out node of the LUT)   --->   "%select_ln13 = select i1 %and_ln13, i32 2147483647, i32 2147483648" [top.cpp:13->top.cpp:75]   --->   Operation 23 'select' 'select_ln13' <Predicate = true> <Delay = 0.52> <CoreInst = "Sel">   --->   Core 73 'Sel' <Latency = 0> <II = 1> <Delay = 0.50> <FuncUnit> <Opcode : 'select'> <InPorts = 3> <OutPorts = 1>
ST_1 : Operation 24 [1/1] (0.33ns) (out node of the LUT)   --->   "%and_ln13_1 = and i1 %tmp, i1 %xor_ln13_1" [top.cpp:13->top.cpp:75]   --->   Operation 24 'and' 'and_ln13_1' <Predicate = true> <Delay = 0.33> <CoreInst = "LogicGate">   --->   Core 74 'LogicGate' <Latency = 0> <II = 1> <Delay = 0.33> <FuncUnit> <Opcode : 'and' 'or' 'xor'> <InPorts = 2> <OutPorts = 1>
ST_1 : Operation 25 [1/1] (0.33ns)   --->   "%xor_ln13_2 = xor i1 %tmp, i1 1" [top.cpp:13->top.cpp:75]   --->   Operation 25 'xor' 'xor_ln13_2' <Predicate = true> <Delay = 0.33> <CoreInst = "LogicGate">   --->   Core 74 'LogicGate' <Latency = 0> <II = 1> <Delay = 0.33> <FuncUnit> <Opcode : 'and' 'or' 'xor'> <InPorts = 2> <OutPorts = 1>
ST_1 : Operation 26 [1/1] (0.00ns)   --->   "%sel_tmp2 = bitconcatenate i2 @_ssdm_op_BitConcatenate.i2.i1.i1, i1 %and_ln13_1, i1 %xor_ln13_2" [top.cpp:13->top.cpp:75]   --->   Operation 26 'bitconcatenate' 'sel_tmp2' <Predicate = true> <Delay = 0.00>
ST_1 : Operation 27 [1/1] (0.48ns)   --->   "%ref_tmp1_2 = sparsemux i32 @_ssdm_op_SparseMux.ap_auto.3i32.i32.i2, i2 2, i32 %select_ln13, i2 1, i32 %x, i2 0, i32 %trunc_ln13, i32 0, i2 %sel_tmp2" [top.cpp:13->top.cpp:75]   --->   Operation 27 'sparsemux' 'ref_tmp1_2' <Predicate = true> <Delay = 0.48> <CoreInst = "OneHotSparseMux_HasDef">   --->   Core 152 'OneHotSparseMux_HasDef' <Latency = 0> <II = 1> <Delay = 0.48> <FuncUnit> <Opcode : 'sparsemux'> <InPorts = 2> <OutPorts = 1>
ST_1 : Operation 28 [1/1] (0.00ns)   --->   "%trunc_ln3 = partselect i30 @_ssdm_op_PartSelect.i30.i32.i32.i32, i32 %ref_tmp1_2, i32 2, i32 31" [top.cpp:75]   --->   Operation 28 'partselect' 'trunc_ln3' <Predicate = true> <Delay = 0.00>
ST_1 : Operation 29 [1/1] (0.00ns)   --->   "%sext_ln75 = sext i30 %trunc_ln3" [top.cpp:75]   --->   Operation 29 'sext' 'sext_ln75' <Predicate = true> <Delay = 0.00>
ST_1 : Operation 30 [1/1] (0.00ns)   --->   "%tmp_21 = bitselect i1 @_ssdm_op_BitSelect.i1.i32.i32, i32 %ref_tmp1_2, i32 1" [top.cpp:75]   --->   Operation 30 'bitselect' 'tmp_21' <Predicate = true> <Delay = 0.00>
ST_1 : Operation 31 [1/1] (0.00ns)   --->   "%zext_ln75 = zext i1 %tmp_21" [top.cpp:75]   --->   Operation 31 'zext' 'zext_ln75' <Predicate = true> <Delay = 0.00>
ST_1 : Operation 32 [1/1] (1.17ns)   --->   "%add_ln75 = add i31 %sext_ln75, i31 %zext_ln75" [top.cpp:75]   --->   Operation 32 'add' 'add_ln75' <Predicate = true> <Delay = 1.17> <CoreInst = "Adder">   --->   Core 1 'Adder' <Latency = 0> <II = 1> <Delay = 1.19> <FuncUnit> <Opcode : 'add' 'sub'> <InPorts = 2> <OutPorts = 1>
ST_1 : Operation 33 [1/1] (1.01ns)   --->   "%k = add i16 %k1_load, i16 1" [top.cpp:78]   --->   Operation 33 'add' 'k' <Predicate = true> <Delay = 1.01> <CoreInst = "Adder">   --->   Core 1 'Adder' <Latency = 0> <II = 1> <Delay = 1.01> <FuncUnit> <Opcode : 'add' 'sub'> <InPorts = 2> <OutPorts = 1>
ST_1 : Operation 34 [1/1] (0.00ns)   --->   "%trunc_ln78 = trunc i16 %k" [top.cpp:78]   --->   Operation 34 'trunc' 'trunc_ln78' <Predicate = true> <Delay = 0.00>
ST_1 : Operation 35 [1/1] (0.90ns)   --->   "%icmp_ln78 = icmp_eq  i8 %trunc_ln78, i8 0" [top.cpp:78]   --->   Operation 35 'icmp' 'icmp_ln78' <Predicate = true> <Delay = 0.90> <CoreInst = "Cmp">   --->   Core 9 'Cmp' <Latency = 0> <II = 1> <Delay = 0.90> <FuncUnit> <Opcode : 'seteq' 'setne' 'setle' 'setge' 'setlt' 'setgt'> <InPorts = 2> <OutPorts = 1>
ST_1 : Operation 36 [1/1] (0.00ns)   --->   "%br_ln78 = br i1 %icmp_ln78, void %for.body.split_ifconv.for.inc_crit_edge, void %_ZNK13ap_fixed_baseILi36ELi12ELb1EL9ap_q_mode0EL9ap_o_mode0ELi0EEmlILi36ELi12ELb1ELS0_0ELS1_0ELi0EEENS2_5RTypeIXT_EXT0_EXT1_EE4multERKS_IXT_EXT0_EXT1_EXT2_EXT3_EXT4_EE.exit" [top.cpp:78]   --->   Operation 36 'br' 'br_ln78' <Predicate = true> <Delay = 0.00>
ST_1 : Operation 37 [1/1] (1.01ns)   --->   "%icmp_ln73 = icmp_eq  i16 %k1_load, i16 65535" [top.cpp:73]   --->   Operation 37 'icmp' 'icmp_ln73' <Predicate = true> <Delay = 1.01> <CoreInst = "Cmp">   --->   Core 9 'Cmp' <Latency = 0> <II = 1> <Delay = 1.01> <FuncUnit> <Opcode : 'seteq' 'setne' 'setle' 'setge' 'setlt' 'setgt'> <InPorts = 2> <OutPorts = 1>
ST_1 : Operation 38 [1/1] (0.48ns)   --->   "%store_ln78 = store i16 %k, i16 %k1" [top.cpp:78]   --->   Operation 38 'store' 'store_ln78' <Predicate = true> <Delay = 0.48>
ST_1 : Operation 39 [1/1] (0.00ns)   --->   "%br_ln73 = br i1 %icmp_ln73, void %for.body.split_ifconv, void %for.end" [top.cpp:73]   --->   Operation 39 'br' 'br_ln73' <Predicate = true> <Delay = 0.00>

State 2 <SV = 1> <Delay = 6.69>
ST_2 : Operation 40 [1/1] (0.00ns)   --->   "%sum_abs2_load = load i36 %sum_abs2" [top.cpp:75]   --->   Operation 40 'load' 'sum_abs2_load' <Predicate = true> <Delay = 0.00>
ST_2 : Operation 41 [1/1] (0.00ns)   --->   "%specpipeline_ln74 = specpipeline void @_ssdm_op_SpecPipeline, i32 1, i32 0, i32 0, i32 0, void @empty_1" [top.cpp:74]   --->   Operation 41 'specpipeline' 'specpipeline_ln74' <Predicate = true> <Delay = 0.00>
ST_2 : Operation 42 [1/1] (0.00ns)   --->   "%speclooptripcount_ln71 = speclooptripcount void @_ssdm_op_SpecLoopTripCount, i64 65536, i64 65536, i64 65536" [top.cpp:71]   --->   Operation 42 'speclooptripcount' 'speclooptripcount_ln71' <Predicate = true> <Delay = 0.00>
ST_2 : Operation 43 [1/1] (0.00ns)   --->   "%specloopname_ln73 = specloopname void @_ssdm_op_SpecLoopName, void @empty_14" [top.cpp:73]   --->   Operation 43 'specloopname' 'specloopname_ln73' <Predicate = true> <Delay = 0.00>
ST_2 : Operation 44 [1/1] (0.00ns)   --->   "%sext_ln75_3 = sext i31 %add_ln75" [top.cpp:75]   --->   Operation 44 'sext' 'sext_ln75_3' <Predicate = true> <Delay = 0.00>
ST_2 : Operation 45 [1/1] (0.00ns)   --->   "%sext_ln75_1 = sext i36 %sum_abs2_load" [top.cpp:75]   --->   Operation 45 'sext' 'sext_ln75_1' <Predicate = true> <Delay = 0.00>
ST_2 : Operation 46 [1/1] (0.00ns)   --->   "%sext_ln75_2 = sext i31 %add_ln75" [top.cpp:75]   --->   Operation 46 'sext' 'sext_ln75_2' <Predicate = true> <Delay = 0.00>
ST_2 : Operation 47 [1/1] (1.21ns)   --->   "%add_ln75_2 = add i36 %sum_abs2_load, i36 %sext_ln75_3" [top.cpp:75]   --->   Operation 47 'add' 'add_ln75_2' <Predicate = true> <Delay = 1.21> <CoreInst = "Adder">   --->   Core 1 'Adder' <Latency = 0> <II = 1> <Delay = 1.21> <FuncUnit> <Opcode : 'add' 'sub'> <InPorts = 2> <OutPorts = 1>
ST_2 : Operation 48 [1/1] (1.21ns)   --->   "%add_ln75_1 = add i37 %sext_ln75_1, i37 %sext_ln75_2" [top.cpp:75]   --->   Operation 48 'add' 'add_ln75_1' <Predicate = true> <Delay = 1.21> <CoreInst = "Adder">   --->   Core 1 'Adder' <Latency = 0> <II = 1> <Delay = 1.22> <FuncUnit> <Opcode : 'add' 'sub'> <InPorts = 2> <OutPorts = 1>
ST_2 : Operation 49 [1/1] (0.00ns)   --->   "%tmp_22 = bitselect i1 @_ssdm_op_BitSelect.i1.i37.i32, i37 %add_ln75_1, i32 36" [top.cpp:75]   --->   Operation 49 'bitselect' 'tmp_22' <Predicate = true> <Delay = 0.00>
ST_2 : Operation 50 [1/1] (0.00ns) (grouped into LUT with out node sum_abs_1)   --->   "%sum_abs = trunc i37 %add_ln75_1" [top.cpp:75]   --->   Operation 50 'trunc' 'sum_abs' <Predicate = true> <Delay = 0.00>
ST_2 : Operation 51 [1/1] (0.00ns)   --->   "%tmp_23 = bitselect i1 @_ssdm_op_BitSelect.i1.i36.i32, i36 %add_ln75_2, i32 35" [top.cpp:75]   --->   Operation 51 'bitselect' 'tmp_23' <Predicate = true> <Delay = 0.00>
ST_2 : Operation 52 [1/1] (0.00ns) (grouped into LUT with out node sum_abs_1)   --->   "%xor_ln75 = xor i1 %tmp_22, i1 1" [top.cpp:75]   --->   Operation 52 'xor' 'xor_ln75' <Predicate = true> <Delay = 0.00> <CoreInst = "LogicGate">   --->   Core 74 'LogicGate' <Latency = 0> <II = 1> <Delay = 0.33> <FuncUnit> <Opcode : 'and' 'or' 'xor'> <InPorts = 2> <OutPorts = 1>
ST_2 : Operation 53 [1/1] (0.00ns) (grouped into LUT with out node sum_abs_1)   --->   "%and_ln75 = and i1 %tmp_23, i1 %xor_ln75" [top.cpp:75]   --->   Operation 53 'and' 'and_ln75' <Predicate = true> <Delay = 0.00> <CoreInst = "LogicGate">   --->   Core 74 'LogicGate' <Latency = 0> <II = 1> <Delay = 0.33> <FuncUnit> <Opcode : 'and' 'or' 'xor'> <InPorts = 2> <OutPorts = 1>
ST_2 : Operation 54 [1/1] (0.00ns) (grouped into LUT with out node sum_abs_1)   --->   "%xor_ln75_1 = xor i1 %tmp_22, i1 %tmp_23" [top.cpp:75]   --->   Operation 54 'xor' 'xor_ln75_1' <Predicate = true> <Delay = 0.00> <CoreInst = "LogicGate">   --->   Core 74 'LogicGate' <Latency = 0> <II = 1> <Delay = 0.33> <FuncUnit> <Opcode : 'and' 'or' 'xor'> <InPorts = 2> <OutPorts = 1>
ST_2 : Operation 55 [1/1] (0.00ns) (grouped into LUT with out node sum_abs_1)   --->   "%select_ln75 = select i1 %and_ln75, i36 34359738367, i36 34359738368" [top.cpp:75]   --->   Operation 55 'select' 'select_ln75' <Predicate = true> <Delay = 0.00> <CoreInst = "Sel">   --->   Core 73 'Sel' <Latency = 0> <II = 1> <Delay = 0.42> <FuncUnit> <Opcode : 'select'> <InPorts = 3> <OutPorts = 1>
ST_2 : Operation 56 [1/1] (0.44ns) (out node of the LUT)   --->   "%sum_abs_1 = select i1 %xor_ln75_1, i36 %select_ln75, i36 %sum_abs" [top.cpp:75]   --->   Operation 56 'select' 'sum_abs_1' <Predicate = true> <Delay = 0.44> <CoreInst = "Sel">   --->   Core 73 'Sel' <Latency = 0> <II = 1> <Delay = 0.44> <FuncUnit> <Opcode : 'select'> <InPorts = 3> <OutPorts = 1>
ST_2 : Operation 57 [1/1] (0.48ns)   --->   "%store_ln75 = store i36 %sum_abs_1, i36 %sum_abs2" [top.cpp:75]   --->   Operation 57 'store' 'store_ln75' <Predicate = (!icmp_ln78)> <Delay = 0.48>
ST_2 : Operation 58 [1/1] (0.00ns)   --->   "%br_ln78 = br void %for.inc" [top.cpp:78]   --->   Operation 58 'br' 'br_ln78' <Predicate = (!icmp_ln78)> <Delay = 0.00>
ST_2 : Operation 59 [1/1] (0.00ns)   --->   "%tmp_24 = bitselect i1 @_ssdm_op_BitSelect.i1.i36.i32, i36 %sum_abs_1, i32 35" [top.cpp:79]   --->   Operation 59 'bitselect' 'tmp_24' <Predicate = (icmp_ln78)> <Delay = 0.00>
ST_2 : Operation 60 [1/1] (0.00ns)   --->   "%avg_abs = partselect i26 @_ssdm_op_PartSelect.i26.i36.i32.i32, i36 %sum_abs_1, i32 10, i32 35" [top.cpp:79]   --->   Operation 60 'partselect' 'avg_abs' <Predicate = (icmp_ln78)> <Delay = 0.00>
ST_2 : Operation 61 [1/1] (0.00ns)   --->   "%sext_ln79 = sext i26 %avg_abs" [top.cpp:79]   --->   Operation 61 'sext' 'sext_ln79' <Predicate = (icmp_ln78)> <Delay = 0.00>
ST_2 : Operation 62 [1/1] (0.00ns)   --->   "%tmp_25 = bitselect i1 @_ssdm_op_BitSelect.i1.i36.i32, i36 %sum_abs_1, i32 9" [top.cpp:79]   --->   Operation 62 'bitselect' 'tmp_25' <Predicate = (icmp_ln78)> <Delay = 0.00>
ST_2 : Operation 63 [1/1] (0.00ns)   --->   "%zext_ln79 = zext i1 %tmp_25" [top.cpp:79]   --->   Operation 63 'zext' 'zext_ln79' <Predicate = (icmp_ln78)> <Delay = 0.00>
ST_2 : Operation 64 [1/1] (1.13ns)   --->   "%avg_abs_1 = add i27 %sext_ln79, i27 %zext_ln79" [top.cpp:79]   --->   Operation 64 'add' 'avg_abs_1' <Predicate = (icmp_ln78)> <Delay = 1.13> <CoreInst = "Adder">   --->   Core 1 'Adder' <Latency = 0> <II = 1> <Delay = 1.14> <FuncUnit> <Opcode : 'add' 'sub'> <InPorts = 2> <OutPorts = 1>
ST_2 : Operation 65 [1/1] (0.00ns) (grouped into LUT with out node add_ln80)   --->   "%sext_ln79_1 = sext i27 %avg_abs_1" [top.cpp:79]   --->   Operation 65 'sext' 'sext_ln79_1' <Predicate = (icmp_ln78)> <Delay = 0.00>
ST_2 : Operation 66 [1/1] (0.00ns)   --->   "%tmp_26 = bitselect i1 @_ssdm_op_BitSelect.i1.i27.i32, i27 %avg_abs_1, i32 26" [top.cpp:79]   --->   Operation 66 'bitselect' 'tmp_26' <Predicate = (icmp_ln78)> <Delay = 0.00>
ST_2 : Operation 67 [1/1] (0.33ns)   --->   "%xor_ln79 = xor i1 %tmp_24, i1 1" [top.cpp:79]   --->   Operation 67 'xor' 'xor_ln79' <Predicate = (icmp_ln78)> <Delay = 0.33> <CoreInst = "LogicGate">   --->   Core 74 'LogicGate' <Latency = 0> <II = 1> <Delay = 0.33> <FuncUnit> <Opcode : 'and' 'or' 'xor'> <InPorts = 2> <OutPorts = 1>
ST_2 : Operation 68 [1/1] (0.00ns) (grouped into LUT with out node add_ln80)   --->   "%or_ln79_1 = or i1 %tmp_26, i1 %xor_ln79" [top.cpp:79]   --->   Operation 68 'or' 'or_ln79_1' <Predicate = (icmp_ln78)> <Delay = 0.00> <CoreInst = "LogicGate">   --->   Core 74 'LogicGate' <Latency = 0> <II = 1> <Delay = 0.33> <FuncUnit> <Opcode : 'and' 'or' 'xor'> <InPorts = 2> <OutPorts = 1>
ST_2 : Operation 69 [1/1] (0.00ns) (grouped into LUT with out node add_ln80)   --->   "%xor_ln79_1 = xor i1 %tmp_24, i1 %or_ln79_1" [top.cpp:79]   --->   Operation 69 'xor' 'xor_ln79_1' <Predicate = (icmp_ln78)> <Delay = 0.00> <CoreInst = "LogicGate">   --->   Core 74 'LogicGate' <Latency = 0> <II = 1> <Delay = 0.33> <FuncUnit> <Opcode : 'and' 'or' 'xor'> <InPorts = 2> <OutPorts = 1>
ST_2 : Operation 70 [1/1] (0.00ns) (grouped into LUT with out node add_ln80)   --->   "%xor_ln79_2 = xor i1 %xor_ln79_1, i1 1" [top.cpp:79]   --->   Operation 70 'xor' 'xor_ln79_2' <Predicate = (icmp_ln78)> <Delay = 0.00> <CoreInst = "LogicGate">   --->   Core 74 'LogicGate' <Latency = 0> <II = 1> <Delay = 0.33> <FuncUnit> <Opcode : 'and' 'or' 'xor'> <InPorts = 2> <OutPorts = 1>
ST_2 : Operation 71 [1/1] (0.00ns) (grouped into LUT with out node add_ln80)   --->   "%or_ln79 = or i1 %tmp_26, i1 %xor_ln79_2" [top.cpp:79]   --->   Operation 71 'or' 'or_ln79' <Predicate = (icmp_ln78)> <Delay = 0.00> <CoreInst = "LogicGate">   --->   Core 74 'LogicGate' <Latency = 0> <II = 1> <Delay = 0.33> <FuncUnit> <Opcode : 'and' 'or' 'xor'> <InPorts = 2> <OutPorts = 1>
ST_2 : Operation 72 [1/1] (0.00ns) (grouped into LUT with out node add_ln80)   --->   "%and_ln79 = and i1 %or_ln79, i1 %xor_ln79" [top.cpp:79]   --->   Operation 72 'and' 'and_ln79' <Predicate = (icmp_ln78)> <Delay = 0.00> <CoreInst = "LogicGate">   --->   Core 74 'LogicGate' <Latency = 0> <II = 1> <Delay = 0.33> <FuncUnit> <Opcode : 'and' 'or' 'xor'> <InPorts = 2> <OutPorts = 1>
ST_2 : Operation 73 [1/1] (0.00ns) (grouped into LUT with out node add_ln80)   --->   "%avg_abs_2 = select i1 %and_ln79, i32 2147483647, i32 %sext_ln79_1" [top.cpp:79]   --->   Operation 73 'select' 'avg_abs_2' <Predicate = (icmp_ln78)> <Delay = 0.00> <CoreInst = "Sel">   --->   Core 73 'Sel' <Latency = 0> <II = 1> <Delay = 0.52> <FuncUnit> <Opcode : 'select'> <InPorts = 3> <OutPorts = 1>
ST_2 : Operation 74 [1/1] (0.00ns) (grouped into LUT with out node add_ln80)   --->   "%sext_ln80 = sext i32 %avg_abs_2" [top.cpp:80]   --->   Operation 74 'sext' 'sext_ln80' <Predicate = (icmp_ln78)> <Delay = 0.00>
ST_2 : Operation 75 [1/1] (1.20ns) (out node of the LUT)   --->   "%add_ln80 = add i33 %sext_ln80, i33 2097152" [top.cpp:80]   --->   Operation 75 'add' 'add_ln80' <Predicate = (icmp_ln78)> <Delay = 1.20> <CoreInst = "Adder">   --->   Core 1 'Adder' <Latency = 0> <II = 1> <Delay = 1.20> <FuncUnit> <Opcode : 'add' 'sub'> <InPorts = 2> <OutPorts = 1>
ST_2 : Operation 76 [1/1] (0.00ns)   --->   "%tmp_27 = bitselect i1 @_ssdm_op_BitSelect.i1.i33.i32, i33 %add_ln80, i32 32" [top.cpp:80]   --->   Operation 76 'bitselect' 'tmp_27' <Predicate = (icmp_ln78)> <Delay = 0.00>
ST_2 : Operation 77 [1/1] (0.00ns) (grouped into LUT with out node select_ln80_1)   --->   "%trunc_ln80 = trunc i33 %add_ln80" [top.cpp:80]   --->   Operation 77 'trunc' 'trunc_ln80' <Predicate = (icmp_ln78)> <Delay = 0.00>
ST_2 : Operation 78 [1/1] (0.00ns)   --->   "%tmp_28 = bitselect i1 @_ssdm_op_BitSelect.i1.i33.i32, i33 %add_ln80, i32 31" [top.cpp:80]   --->   Operation 78 'bitselect' 'tmp_28' <Predicate = (icmp_ln78)> <Delay = 0.00>
ST_2 : Operation 79 [1/1] (0.00ns) (grouped into LUT with out node select_ln80_1)   --->   "%xor_ln80 = xor i1 %tmp_27, i1 1" [top.cpp:80]   --->   Operation 79 'xor' 'xor_ln80' <Predicate = (icmp_ln78)> <Delay = 0.00> <CoreInst = "LogicGate">   --->   Core 74 'LogicGate' <Latency = 0> <II = 1> <Delay = 0.33> <FuncUnit> <Opcode : 'and' 'or' 'xor'> <InPorts = 2> <OutPorts = 1>
ST_2 : Operation 80 [1/1] (0.00ns) (grouped into LUT with out node select_ln80_1)   --->   "%and_ln80 = and i1 %tmp_28, i1 %xor_ln80" [top.cpp:80]   --->   Operation 80 'and' 'and_ln80' <Predicate = (icmp_ln78)> <Delay = 0.00> <CoreInst = "LogicGate">   --->   Core 74 'LogicGate' <Latency = 0> <II = 1> <Delay = 0.33> <FuncUnit> <Opcode : 'and' 'or' 'xor'> <InPorts = 2> <OutPorts = 1>
ST_2 : Operation 81 [1/1] (0.00ns) (grouped into LUT with out node select_ln80_1)   --->   "%xor_ln80_1 = xor i1 %tmp_27, i1 %tmp_28" [top.cpp:80]   --->   Operation 81 'xor' 'xor_ln80_1' <Predicate = (icmp_ln78)> <Delay = 0.00> <CoreInst = "LogicGate">   --->   Core 74 'LogicGate' <Latency = 0> <II = 1> <Delay = 0.33> <FuncUnit> <Opcode : 'and' 'or' 'xor'> <InPorts = 2> <OutPorts = 1>
ST_2 : Operation 82 [1/1] (0.00ns) (grouped into LUT with out node select_ln80_1)   --->   "%select_ln80 = select i1 %and_ln80, i32 2147483647, i32 2147483648" [top.cpp:80]   --->   Operation 82 'select' 'select_ln80' <Predicate = (icmp_ln78)> <Delay = 0.00> <CoreInst = "Sel">   --->   Core 73 'Sel' <Latency = 0> <II = 1> <Delay = 0.50> <FuncUnit> <Opcode : 'select'> <InPorts = 3> <OutPorts = 1>
ST_2 : Operation 83 [1/1] (0.52ns) (out node of the LUT)   --->   "%select_ln80_1 = select i1 %xor_ln80_1, i32 %select_ln80, i32 %trunc_ln80" [top.cpp:80]   --->   Operation 83 'select' 'select_ln80_1' <Predicate = (icmp_ln78)> <Delay = 0.52> <CoreInst = "Sel">   --->   Core 73 'Sel' <Latency = 0> <II = 1> <Delay = 0.52> <FuncUnit> <Opcode : 'select'> <InPorts = 3> <OutPorts = 1>
ST_2 : Operation 84 [1/1] ( I:2.16ns O:2.16ns )   --->   "%write_ln80 = write void @_ssdm_op_Write.ap_fifo.volatile.i32P0A, i32 %k2_to_k3, i32 %select_ln80_1" [top.cpp:80]   --->   Operation 84 'write' 'write_ln80' <Predicate = (icmp_ln78)> <Delay = 2.16> <CoreInst = "FIFO_SRL">   --->   Core 80 'FIFO_SRL' <Latency = 0> <II = 1> <Delay = 2.16> <Storage> <Opcode : 'read' 'write' 'nbread' 'nbwrite'> <Ports = 0> <Width = 32> <Depth = 2> <FIFO>
ST_2 : Operation 85 [1/1] (0.48ns)   --->   "%store_ln0 = store i36 0, i36 %sum_abs2"   --->   Operation 85 'store' 'store_ln0' <Predicate = (icmp_ln78)> <Delay = 0.48>
ST_2 : Operation 86 [1/1] (0.00ns)   --->   "%br_ln82 = br void %for.inc" [top.cpp:82]   --->   Operation 86 'br' 'br_ln82' <Predicate = (icmp_ln78)> <Delay = 0.00>
ST_2 : Operation 87 [1/1] (0.48ns)   --->   "%ret_ln84 = ret" [top.cpp:84]   --->   Operation 87 'ret' 'ret_ln84' <Predicate = (icmp_ln73)> <Delay = 0.48>


============================================================
+ Verbose Summary: Binding
============================================================
STG Binding: 
---------------- STG Properties BEGIN ----------------
- Is combinational: 0
- Is one-state seq: 0
- Is datapath-only: 0
- Is pipelined: 0
- Is top level: 0
Port [ Return ] is wired: 1; IO mode=ap_ctrl_hs:ce=0
Port [ s0_to_k2]:  wired=1; compound=1; hidden=0; nouse=0; global=0; static=0; extern=0; dir=0; type=3; pingpong=0; private_global=0; IO mode=ap_fifo:ce=0
Port [ k2_to_k3]:  wired=1; compound=1; hidden=0; nouse=0; global=0; static=0; extern=0; dir=1; type=3; pingpong=0; private_global=0; IO mode=ap_fifo:ce=0
---------------- STG Properties END ------------------

---------------- Datapath Model BEGIN ----------------

<LifeTime>
<method=bitvector/>
k1                     (alloca           ) [ 010]
sum_abs2               (alloca           ) [ 011]
specinterface_ln0      (specinterface    ) [ 000]
specinterface_ln0      (specinterface    ) [ 000]
store_ln0              (store            ) [ 000]
store_ln0              (store            ) [ 000]
br_ln73                (br               ) [ 000]
k1_load                (load             ) [ 000]
x                      (read             ) [ 000]
tmp                    (bitselect        ) [ 000]
sext_ln13              (sext             ) [ 000]
sub_ln13               (sub              ) [ 000]
trunc_ln13             (trunc            ) [ 000]
tmp_19                 (bitselect        ) [ 000]
tmp_20                 (bitselect        ) [ 000]
xor_ln13               (xor              ) [ 000]
and_ln13               (and              ) [ 000]
xor_ln13_1             (xor              ) [ 000]
select_ln13            (select           ) [ 000]
and_ln13_1             (and              ) [ 000]
xor_ln13_2             (xor              ) [ 000]
sel_tmp2               (bitconcatenate   ) [ 000]
ref_tmp1_2             (sparsemux        ) [ 000]
trunc_ln3              (partselect       ) [ 000]
sext_ln75              (sext             ) [ 000]
tmp_21                 (bitselect        ) [ 000]
zext_ln75              (zext             ) [ 000]
add_ln75               (add              ) [ 011]
k                      (add              ) [ 000]
trunc_ln78             (trunc            ) [ 000]
icmp_ln78              (icmp             ) [ 011]
br_ln78                (br               ) [ 000]
icmp_ln73              (icmp             ) [ 011]
store_ln78             (store            ) [ 000]
br_ln73                (br               ) [ 000]
sum_abs2_load          (load             ) [ 000]
specpipeline_ln74      (specpipeline     ) [ 000]
speclooptripcount_ln71 (speclooptripcount) [ 000]
specloopname_ln73      (specloopname     ) [ 000]
sext_ln75_3            (sext             ) [ 000]
sext_ln75_1            (sext             ) [ 000]
sext_ln75_2            (sext             ) [ 000]
add_ln75_2             (add              ) [ 000]
add_ln75_1             (add              ) [ 000]
tmp_22                 (bitselect        ) [ 000]
sum_abs                (trunc            ) [ 000]
tmp_23                 (bitselect        ) [ 000]
xor_ln75               (xor              ) [ 000]
and_ln75               (and              ) [ 000]
xor_ln75_1             (xor              ) [ 000]
select_ln75            (select           ) [ 000]
sum_abs_1              (select           ) [ 000]
store_ln75             (store            ) [ 000]
br_ln78                (br               ) [ 000]
tmp_24                 (bitselect        ) [ 000]
avg_abs                (partselect       ) [ 000]
sext_ln79              (sext             ) [ 000]
tmp_25                 (bitselect        ) [ 000]
zext_ln79              (zext             ) [ 000]
avg_abs_1              (add              ) [ 000]
sext_ln79_1            (sext             ) [ 000]
tmp_26                 (bitselect        ) [ 000]
xor_ln79               (xor              ) [ 000]
or_ln79_1              (or               ) [ 000]
xor_ln79_1             (xor              ) [ 000]
xor_ln79_2             (xor              ) [ 000]
or_ln79                (or               ) [ 000]
and_ln79               (and              ) [ 000]
avg_abs_2              (select           ) [ 000]
sext_ln80              (sext             ) [ 000]
add_ln80               (add              ) [ 000]
tmp_27                 (bitselect        ) [ 000]
trunc_ln80             (trunc            ) [ 000]
tmp_28                 (bitselect        ) [ 000]
xor_ln80               (xor              ) [ 000]
and_ln80               (and              ) [ 000]
xor_ln80_1             (xor              ) [ 000]
select_ln80            (select           ) [ 000]
select_ln80_1          (select           ) [ 000]
write_ln80             (write            ) [ 000]
store_ln0              (store            ) [ 000]
br_ln82                (br               ) [ 000]
ret_ln84               (ret              ) [ 000]
</LifeTime>

<model>

<comp_list>
<comp id="0" class="1000" name="s0_to_k2">
<pin_list>
<pin id="1" dir="1" index="0" bw="1" slack="0"/>
</pin_list>
<bind>
<StgValue><ssdm name="s0_to_k2"/></StgValue>
</bind>
</comp>

<comp id="2" class="1000" name="k2_to_k3">
<pin_list>
<pin id="3" dir="1" index="0" bw="1" slack="0"/>
</pin_list>
<bind>
<StgValue><ssdm name="k2_to_k3"/></StgValue>
</bind>
</comp>

<comp id="4" class="1001" name="const_4">
<pin_list>
<pin id="5" dir="1" index="0" bw="1" slack="0"/>
</pin_list>
<bind>
<StgValue><ssdm name=""/></StgValue>
</bind>
</comp>

<comp id="6" class="1001" name="const_6">
<pin_list>
<pin id="7" dir="1" index="0" bw="1" slack="2147483647"/>
</pin_list>
<bind>
<StgValue><ssdm name="_ssdm_op_SpecInterface"/></StgValue>
</bind>
</comp>

<comp id="8" class="1001" name="const_8">
<pin_list>
<pin id="9" dir="1" index="0" bw="1" slack="2147483647"/>
</pin_list>
<bind>
<StgValue><ssdm name="empty_11"/></StgValue>
</bind>
</comp>

<comp id="10" class="1001" name="const_10">
<pin_list>
<pin id="11" dir="1" index="0" bw="1" slack="2147483647"/>
</pin_list>
<bind>
<StgValue><ssdm name=""/></StgValue>
</bind>
</comp>

<comp id="12" class="1001" name="const_12">
<pin_list>
<pin id="13" dir="1" index="0" bw="1" slack="2147483647"/>
</pin_list>
<bind>
<StgValue><ssdm name="empty_1"/></StgValue>
</bind>
</comp>

<comp id="14" class="1001" name="const_14">
<pin_list>
<pin id="15" dir="1" index="0" bw="1" slack="2147483647"/>
</pin_list>
<bind>
<StgValue><ssdm name=""/></StgValue>
</bind>
</comp>

<comp id="16" class="1001" name="const_16">
<pin_list>
<pin id="17" dir="1" index="0" bw="1" slack="0"/>
</pin_list>
<bind>
<StgValue><ssdm name=""/></StgValue>
</bind>
</comp>

<comp id="18" class="1001" name="const_18">
<pin_list>
<pin id="19" dir="1" index="0" bw="1" slack="0"/>
</pin_list>
<bind>
<StgValue><ssdm name=""/></StgValue>
</bind>
</comp>

<comp id="20" class="1001" name="const_20">
<pin_list>
<pin id="21" dir="1" index="0" bw="1" slack="0"/>
</pin_list>
<bind>
<StgValue><ssdm name="_ssdm_op_Read.ap_fifo.volatile.i32P0A"/></StgValue>
</bind>
</comp>

<comp id="22" class="1001" name="const_22">
<pin_list>
<pin id="23" dir="1" index="0" bw="1" slack="0"/>
</pin_list>
<bind>
<StgValue><ssdm name="_ssdm_op_BitSelect.i1.i32.i32"/></StgValue>
</bind>
</comp>

<comp id="24" class="1001" name="const_24">
<pin_list>
<pin id="25" dir="1" index="0" bw="1" slack="0"/>
</pin_list>
<bind>
<StgValue><ssdm name=""/></StgValue>
</bind>
</comp>

<comp id="26" class="1001" name="const_26">
<pin_list>
<pin id="27" dir="1" index="0" bw="1" slack="0"/>
</pin_list>
<bind>
<StgValue><ssdm name=""/></StgValue>
</bind>
</comp>

<comp id="28" class="1001" name="const_28">
<pin_list>
<pin id="29" dir="1" index="0" bw="1" slack="0"/>
</pin_list>
<bind>
<StgValue><ssdm name="_ssdm_op_BitSelect.i1.i33.i32"/></StgValue>
</bind>
</comp>

<comp id="30" class="1001" name="const_30">
<pin_list>
<pin id="31" dir="1" index="0" bw="1" slack="0"/>
</pin_list>
<bind>
<StgValue><ssdm name=""/></StgValue>
</bind>
</comp>

<comp id="32" class="1001" name="const_32">
<pin_list>
<pin id="33" dir="1" index="0" bw="1" slack="0"/>
</pin_list>
<bind>
<StgValue><ssdm name=""/></StgValue>
</bind>
</comp>

<comp id="34" class="1001" name="const_34">
<pin_list>
<pin id="35" dir="1" index="0" bw="1" slack="0"/>
</pin_list>
<bind>
<StgValue><ssdm name=""/></StgValue>
</bind>
</comp>

<comp id="36" class="1001" name="const_36">
<pin_list>
<pin id="37" dir="1" index="0" bw="1" slack="0"/>
</pin_list>
<bind>
<StgValue><ssdm name=""/></StgValue>
</bind>
</comp>

<comp id="38" class="1001" name="const_38">
<pin_list>
<pin id="39" dir="1" index="0" bw="1" slack="0"/>
</pin_list>
<bind>
<StgValue><ssdm name="_ssdm_op_BitConcatenate.i2.i1.i1"/></StgValue>
</bind>
</comp>

<comp id="40" class="1001" name="const_40">
<pin_list>
<pin id="41" dir="1" index="0" bw="1" slack="0"/>
</pin_list>
<bind>
<StgValue><ssdm name="_ssdm_op_SparseMux.ap_auto.3i32.i32.i2"/></StgValue>
</bind>
</comp>

<comp id="42" class="1001" name="const_42">
<pin_list>
<pin id="43" dir="1" index="0" bw="1" slack="0"/>
</pin_list>
<bind>
<StgValue><ssdm name=""/></StgValue>
</bind>
</comp>

<comp id="44" class="1001" name="const_44">
<pin_list>
<pin id="45" dir="1" index="0" bw="1" slack="0"/>
</pin_list>
<bind>
<StgValue><ssdm name=""/></StgValue>
</bind>
</comp>

<comp id="46" class="1001" name="const_46">
<pin_list>
<pin id="47" dir="1" index="0" bw="1" slack="0"/>
</pin_list>
<bind>
<StgValue><ssdm name=""/></StgValue>
</bind>
</comp>

<comp id="48" class="1001" name="const_48">
<pin_list>
<pin id="49" dir="1" index="0" bw="1" slack="0"/>
</pin_list>
<bind>
<StgValue><ssdm name=""/></StgValue>
</bind>
</comp>

<comp id="50" class="1001" name="const_50">
<pin_list>
<pin id="51" dir="1" index="0" bw="1" slack="0"/>
</pin_list>
<bind>
<StgValue><ssdm name="_ssdm_op_PartSelect.i30.i32.i32.i32"/></StgValue>
</bind>
</comp>

<comp id="52" class="1001" name="const_52">
<pin_list>
<pin id="53" dir="1" index="0" bw="1" slack="0"/>
</pin_list>
<bind>
<StgValue><ssdm name=""/></StgValue>
</bind>
</comp>

<comp id="54" class="1001" name="const_54">
<pin_list>
<pin id="55" dir="1" index="0" bw="1" slack="0"/>
</pin_list>
<bind>
<StgValue><ssdm name=""/></StgValue>
</bind>
</comp>

<comp id="56" class="1001" name="const_56">
<pin_list>
<pin id="57" dir="1" index="0" bw="1" slack="0"/>
</pin_list>
<bind>
<StgValue><ssdm name=""/></StgValue>
</bind>
</comp>

<comp id="58" class="1001" name="const_58">
<pin_list>
<pin id="59" dir="1" index="0" bw="1" slack="0"/>
</pin_list>
<bind>
<StgValue><ssdm name=""/></StgValue>
</bind>
</comp>

<comp id="60" class="1001" name="const_60">
<pin_list>
<pin id="61" dir="1" index="0" bw="1" slack="2147483647"/>
</pin_list>
<bind>
<StgValue><ssdm name="_ssdm_op_SpecPipeline"/></StgValue>
</bind>
</comp>

<comp id="62" class="1001" name="const_62">
<pin_list>
<pin id="63" dir="1" index="0" bw="1" slack="2147483647"/>
</pin_list>
<bind>
<StgValue><ssdm name="_ssdm_op_SpecLoopTripCount"/></StgValue>
</bind>
</comp>

<comp id="64" class="1001" name="const_64">
<pin_list>
<pin id="65" dir="1" index="0" bw="1" slack="2147483647"/>
</pin_list>
<bind>
<StgValue><ssdm name=""/></StgValue>
</bind>
</comp>

<comp id="66" class="1001" name="const_66">
<pin_list>
<pin id="67" dir="1" index="0" bw="1" slack="2147483647"/>
</pin_list>
<bind>
<StgValue><ssdm name="_ssdm_op_SpecLoopName"/></StgValue>
</bind>
</comp>

<comp id="68" class="1001" name="const_68">
<pin_list>
<pin id="69" dir="1" index="0" bw="1" slack="2147483647"/>
</pin_list>
<bind>
<StgValue><ssdm name="empty_14"/></StgValue>
</bind>
</comp>

<comp id="70" class="1001" name="const_70">
<pin_list>
<pin id="71" dir="1" index="0" bw="1" slack="0"/>
</pin_list>
<bind>
<StgValue><ssdm name="_ssdm_op_BitSelect.i1.i37.i32"/></StgValue>
</bind>
</comp>

<comp id="72" class="1001" name="const_72">
<pin_list>
<pin id="73" dir="1" index="0" bw="1" slack="0"/>
</pin_list>
<bind>
<StgValue><ssdm name=""/></StgValue>
</bind>
</comp>

<comp id="74" class="1001" name="const_74">
<pin_list>
<pin id="75" dir="1" index="0" bw="1" slack="0"/>
</pin_list>
<bind>
<StgValue><ssdm name="_ssdm_op_BitSelect.i1.i36.i32"/></StgValue>
</bind>
</comp>

<comp id="76" class="1001" name="const_76">
<pin_list>
<pin id="77" dir="1" index="0" bw="1" slack="0"/>
</pin_list>
<bind>
<StgValue><ssdm name=""/></StgValue>
</bind>
</comp>

<comp id="78" class="1001" name="const_78">
<pin_list>
<pin id="79" dir="1" index="0" bw="1" slack="0"/>
</pin_list>
<bind>
<StgValue><ssdm name=""/></StgValue>
</bind>
</comp>

<comp id="80" class="1001" name="const_80">
<pin_list>
<pin id="81" dir="1" index="0" bw="1" slack="0"/>
</pin_list>
<bind>
<StgValue><ssdm name=""/></StgValue>
</bind>
</comp>

<comp id="82" class="1001" name="const_82">
<pin_list>
<pin id="83" dir="1" index="0" bw="1" slack="0"/>
</pin_list>
<bind>
<StgValue><ssdm name="_ssdm_op_PartSelect.i26.i36.i32.i32"/></StgValue>
</bind>
</comp>

<comp id="84" class="1001" name="const_84">
<pin_list>
<pin id="85" dir="1" index="0" bw="1" slack="0"/>
</pin_list>
<bind>
<StgValue><ssdm name=""/></StgValue>
</bind>
</comp>

<comp id="86" class="1001" name="const_86">
<pin_list>
<pin id="87" dir="1" index="0" bw="1" slack="0"/>
</pin_list>
<bind>
<StgValue><ssdm name=""/></StgValue>
</bind>
</comp>

<comp id="88" class="1001" name="const_88">
<pin_list>
<pin id="89" dir="1" index="0" bw="1" slack="0"/>
</pin_list>
<bind>
<StgValue><ssdm name="_ssdm_op_BitSelect.i1.i27.i32"/></StgValue>
</bind>
</comp>

<comp id="90" class="1001" name="const_90">
<pin_list>
<pin id="91" dir="1" index="0" bw="1" slack="0"/>
</pin_list>
<bind>
<StgValue><ssdm name=""/></StgValue>
</bind>
</comp>

<comp id="92" class="1001" name="const_92">
<pin_list>
<pin id="93" dir="1" index="0" bw="1" slack="0"/>
</pin_list>
<bind>
<StgValue><ssdm name=""/></StgValue>
</bind>
</comp>

<comp id="94" class="1001" name="const_94">
<pin_list>
<pin id="95" dir="1" index="0" bw="1" slack="0"/>
</pin_list>
<bind>
<StgValue><ssdm name="_ssdm_op_Write.ap_fifo.volatile.i32P0A"/></StgValue>
</bind>
</comp>

<comp id="96" class="1004" name="k1_fu_96">
<pin_list>
<pin id="97" dir="0" index="0" bw="1" slack="0"/>
<pin id="98" dir="1" index="1" bw="16" slack="0"/>
</pin_list>
<bind>
<opcode="alloca(26) " fcode="alloca"/>
<opset="k1/1 "/>
</bind>
</comp>

<comp id="100" class="1004" name="sum_abs2_fu_100">
<pin_list>
<pin id="101" dir="0" index="0" bw="1" slack="0"/>
<pin id="102" dir="1" index="1" bw="36" slack="0"/>
</pin_list>
<bind>
<opcode="alloca(26) " fcode="alloca"/>
<opset="sum_abs2/1 "/>
</bind>
</comp>

<comp id="104" class="1004" name="x_read_fu_104">
<pin_list>
<pin id="105" dir="0" index="0" bw="32" slack="0"/>
<pin id="106" dir="0" index="1" bw="32" slack="0"/>
<pin id="107" dir="1" index="2" bw="32" slack="0"/>
</pin_list>
<bind>
<opcode="read(1150) " fcode="read"/>
<opset="x/1 "/>
</bind>
</comp>

<comp id="110" class="1004" name="write_ln80_write_fu_110">
<pin_list>
<pin id="111" dir="0" index="0" bw="0" slack="0"/>
<pin id="112" dir="0" index="1" bw="32" slack="0"/>
<pin id="113" dir="0" index="2" bw="32" slack="0"/>
<pin id="114" dir="1" index="3" bw="0" slack="2147483647"/>
</pin_list>
<bind>
<opcode="write(1151) " fcode="write"/>
<opset="write_ln80/2 "/>
</bind>
</comp>

<comp id="117" class="1004" name="store_ln0_store_fu_117">
<pin_list>
<pin id="118" dir="0" index="0" bw="1" slack="0"/>
<pin id="119" dir="0" index="1" bw="36" slack="0"/>
<pin id="120" dir="1" index="2" bw="0" slack="2147483647"/>
</pin_list>
<bind>
<opcode="store(28) " fcode="store"/>
<opset="store_ln0/1 "/>
</bind>
</comp>

<comp id="122" class="1004" name="store_ln0_store_fu_122">
<pin_list>
<pin id="123" dir="0" index="0" bw="1" slack="0"/>
<pin id="124" dir="0" index="1" bw="16" slack="0"/>
<pin id="125" dir="1" index="2" bw="0" slack="2147483647"/>
</pin_list>
<bind>
<opcode="store(28) " fcode="store"/>
<opset="store_ln0/1 "/>
</bind>
</comp>

<comp id="127" class="1004" name="k1_load_load_fu_127">
<pin_list>
<pin id="128" dir="0" index="0" bw="16" slack="0"/>
<pin id="129" dir="1" index="1" bw="16" slack="0"/>
</pin_list>
<bind>
<opcode="load(27) " fcode="load"/>
<opset="k1_load/1 "/>
</bind>
</comp>

<comp id="130" class="1004" name="tmp_fu_130">
<pin_list>
<pin id="131" dir="0" index="0" bw="1" slack="0"/>
<pin id="132" dir="0" index="1" bw="32" slack="0"/>
<pin id="133" dir="0" index="2" bw="6" slack="0"/>
<pin id="134" dir="1" index="3" bw="1" slack="0"/>
</pin_list>
<bind>
<opcode="bitselect(1000) " fcode="bitselect"/>
<opset="tmp/1 "/>
</bind>
</comp>

<comp id="138" class="1004" name="sext_ln13_fu_138">
<pin_list>
<pin id="139" dir="0" index="0" bw="32" slack="0"/>
<pin id="140" dir="1" index="1" bw="33" slack="0"/>
</pin_list>
<bind>
<opcode="sext(35) " fcode="sext"/>
<opset="sext_ln13/1 "/>
</bind>
</comp>

<comp id="142" class="1004" name="sub_ln13_fu_142">
<pin_list>
<pin id="143" dir="0" index="0" bw="1" slack="0"/>
<pin id="144" dir="0" index="1" bw="32" slack="0"/>
<pin id="145" dir="1" index="2" bw="33" slack="0"/>
</pin_list>
<bind>
<opcode="sub(10) " fcode="sub"/>
<opset="sub_ln13/1 "/>
</bind>
</comp>

<comp id="148" class="1004" name="trunc_ln13_fu_148">
<pin_list>
<pin id="149" dir="0" index="0" bw="33" slack="0"/>
<pin id="150" dir="1" index="1" bw="32" slack="0"/>
</pin_list>
<bind>
<opcode="trunc(33) " fcode="trunc"/>
<opset="trunc_ln13/1 "/>
</bind>
</comp>

<comp id="152" class="1004" name="tmp_19_fu_152">
<pin_list>
<pin id="153" dir="0" index="0" bw="1" slack="0"/>
<pin id="154" dir="0" index="1" bw="33" slack="0"/>
<pin id="155" dir="0" index="2" bw="7" slack="0"/>
<pin id="156" dir="1" index="3" bw="1" slack="0"/>
</pin_list>
<bind>
<opcode="bitselect(1000) " fcode="bitselect"/>
<opset="tmp_19/1 "/>
</bind>
</comp>

<comp id="160" class="1004" name="tmp_20_fu_160">
<pin_list>
<pin id="161" dir="0" index="0" bw="1" slack="0"/>
<pin id="162" dir="0" index="1" bw="33" slack="0"/>
<pin id="163" dir="0" index="2" bw="6" slack="0"/>
<pin id="164" dir="1" index="3" bw="1" slack="0"/>
</pin_list>
<bind>
<opcode="bitselect(1000) " fcode="bitselect"/>
<opset="tmp_20/1 "/>
</bind>
</comp>

<comp id="168" class="1004" name="xor_ln13_fu_168">
<pin_list>
<pin id="169" dir="0" index="0" bw="1" slack="0"/>
<pin id="170" dir="0" index="1" bw="1" slack="0"/>
<pin id="171" dir="1" index="2" bw="1" slack="0"/>
</pin_list>
<bind>
<opcode="xor(25) " fcode="xor"/>
<opset="xor_ln13/1 "/>
</bind>
</comp>

<comp id="174" class="1004" name="and_ln13_fu_174">
<pin_list>
<pin id="175" dir="0" index="0" bw="1" slack="0"/>
<pin id="176" dir="0" index="1" bw="1" slack="0"/>
<pin id="177" dir="1" index="2" bw="1" slack="0"/>
</pin_list>
<bind>
<opcode="and(23) " fcode="and"/>
<opset="and_ln13/1 "/>
</bind>
</comp>

<comp id="180" class="1004" name="xor_ln13_1_fu_180">
<pin_list>
<pin id="181" dir="0" index="0" bw="1" slack="0"/>
<pin id="182" dir="0" index="1" bw="1" slack="0"/>
<pin id="183" dir="1" index="2" bw="1" slack="0"/>
</pin_list>
<bind>
<opcode="xor(25) " fcode="xor"/>
<opset="xor_ln13_1/1 "/>
</bind>
</comp>

<comp id="186" class="1004" name="select_ln13_fu_186">
<pin_list>
<pin id="187" dir="0" index="0" bw="1" slack="0"/>
<pin id="188" dir="0" index="1" bw="32" slack="0"/>
<pin id="189" dir="0" index="2" bw="32" slack="0"/>
<pin id="190" dir="1" index="3" bw="32" slack="0"/>
</pin_list>
<bind>
<opcode="select(49) " fcode="select"/>
<opset="select_ln13/1 "/>
</bind>
</comp>

<comp id="194" class="1004" name="and_ln13_1_fu_194">
<pin_list>
<pin id="195" dir="0" index="0" bw="1" slack="0"/>
<pin id="196" dir="0" index="1" bw="1" slack="0"/>
<pin id="197" dir="1" index="2" bw="1" slack="0"/>
</pin_list>
<bind>
<opcode="and(23) " fcode="and"/>
<opset="and_ln13_1/1 "/>
</bind>
</comp>

<comp id="200" class="1004" name="xor_ln13_2_fu_200">
<pin_list>
<pin id="201" dir="0" index="0" bw="1" slack="0"/>
<pin id="202" dir="0" index="1" bw="1" slack="0"/>
<pin id="203" dir="1" index="2" bw="1" slack="0"/>
</pin_list>
<bind>
<opcode="xor(25) " fcode="xor"/>
<opset="xor_ln13_2/1 "/>
</bind>
</comp>

<comp id="206" class="1004" name="sel_tmp2_fu_206">
<pin_list>
<pin id="207" dir="0" index="0" bw="2" slack="0"/>
<pin id="208" dir="0" index="1" bw="1" slack="0"/>
<pin id="209" dir="0" index="2" bw="1" slack="0"/>
<pin id="210" dir="1" index="3" bw="2" slack="0"/>
</pin_list>
<bind>
<opcode="bitconcatenate(1004) " fcode="bitconcatenate"/>
<opset="sel_tmp2/1 "/>
</bind>
</comp>

<comp id="214" class="1004" name="ref_tmp1_2_fu_214">
<pin_list>
<pin id="215" dir="0" index="0" bw="32" slack="0"/>
<pin id="216" dir="0" index="1" bw="2" slack="0"/>
<pin id="217" dir="0" index="2" bw="32" slack="0"/>
<pin id="218" dir="0" index="3" bw="2" slack="0"/>
<pin id="219" dir="0" index="4" bw="32" slack="0"/>
<pin id="220" dir="0" index="5" bw="2" slack="0"/>
<pin id="221" dir="0" index="6" bw="32" slack="0"/>
<pin id="222" dir="0" index="7" bw="32" slack="0"/>
<pin id="223" dir="0" index="8" bw="2" slack="0"/>
<pin id="224" dir="1" index="9" bw="32" slack="0"/>
</pin_list>
<bind>
<opcode="sparsemux(1197) " fcode="sparsemux"/>
<opset="ref_tmp1_2/1 "/>
</bind>
</comp>

<comp id="234" class="1004" name="trunc_ln3_fu_234">
<pin_list>
<pin id="235" dir="0" index="0" bw="30" slack="0"/>
<pin id="236" dir="0" index="1" bw="32" slack="0"/>
<pin id="237" dir="0" index="2" bw="3" slack="0"/>
<pin id="238" dir="0" index="3" bw="6" slack="0"/>
<pin id="239" dir="1" index="4" bw="30" slack="0"/>
</pin_list>
<bind>
<opcode="partselect(1002) " fcode="partselect"/>
<opset="trunc_ln3/1 "/>
</bind>
</comp>

<comp id="244" class="1004" name="sext_ln75_fu_244">
<pin_list>
<pin id="245" dir="0" index="0" bw="30" slack="0"/>
<pin id="246" dir="1" index="1" bw="31" slack="0"/>
</pin_list>
<bind>
<opcode="sext(35) " fcode="sext"/>
<opset="sext_ln75/1 "/>
</bind>
</comp>

<comp id="248" class="1004" name="tmp_21_fu_248">
<pin_list>
<pin id="249" dir="0" index="0" bw="1" slack="0"/>
<pin id="250" dir="0" index="1" bw="32" slack="0"/>
<pin id="251" dir="0" index="2" bw="1" slack="0"/>
<pin id="252" dir="1" index="3" bw="1" slack="0"/>
</pin_list>
<bind>
<opcode="bitselect(1000) " fcode="bitselect"/>
<opset="tmp_21/1 "/>
</bind>
</comp>

<comp id="256" class="1004" name="zext_ln75_fu_256">
<pin_list>
<pin id="257" dir="0" index="0" bw="1" slack="0"/>
<pin id="258" dir="1" index="1" bw="31" slack="0"/>
</pin_list>
<bind>
<opcode="zext(34) " fcode="zext"/>
<opset="zext_ln75/1 "/>
</bind>
</comp>

<comp id="260" class="1004" name="add_ln75_fu_260">
<pin_list>
<pin id="261" dir="0" index="0" bw="30" slack="0"/>
<pin id="262" dir="0" index="1" bw="1" slack="0"/>
<pin id="263" dir="1" index="2" bw="31" slack="1"/>
</pin_list>
<bind>
<opcode="add(8) " fcode="add"/>
<opset="add_ln75/1 "/>
</bind>
</comp>

<comp id="266" class="1004" name="k_fu_266">
<pin_list>
<pin id="267" dir="0" index="0" bw="16" slack="0"/>
<pin id="268" dir="0" index="1" bw="1" slack="0"/>
<pin id="269" dir="1" index="2" bw="16" slack="0"/>
</pin_list>
<bind>
<opcode="add(8) " fcode="add"/>
<opset="k/1 "/>
</bind>
</comp>

<comp id="272" class="1004" name="trunc_ln78_fu_272">
<pin_list>
<pin id="273" dir="0" index="0" bw="16" slack="0"/>
<pin id="274" dir="1" index="1" bw="8" slack="0"/>
</pin_list>
<bind>
<opcode="trunc(33) " fcode="trunc"/>
<opset="trunc_ln78/1 "/>
</bind>
</comp>

<comp id="276" class="1004" name="icmp_ln78_fu_276">
<pin_list>
<pin id="277" dir="0" index="0" bw="8" slack="0"/>
<pin id="278" dir="0" index="1" bw="8" slack="0"/>
<pin id="279" dir="1" index="2" bw="1" slack="1"/>
</pin_list>
<bind>
<opcode="icmp(45) " fcode="icmp"/>
<opset="icmp_ln78/1 "/>
</bind>
</comp>

<comp id="282" class="1004" name="icmp_ln73_fu_282">
<pin_list>
<pin id="283" dir="0" index="0" bw="16" slack="0"/>
<pin id="284" dir="0" index="1" bw="16" slack="0"/>
<pin id="285" dir="1" index="2" bw="1" slack="1"/>
</pin_list>
<bind>
<opcode="icmp(45) " fcode="icmp"/>
<opset="icmp_ln73/1 "/>
</bind>
</comp>

<comp id="288" class="1004" name="store_ln78_store_fu_288">
<pin_list>
<pin id="289" dir="0" index="0" bw="16" slack="0"/>
<pin id="290" dir="0" index="1" bw="16" slack="0"/>
<pin id="291" dir="1" index="2" bw="0" slack="2147483647"/>
</pin_list>
<bind>
<opcode="store(28) " fcode="store"/>
<opset="store_ln78/1 "/>
</bind>
</comp>

<comp id="293" class="1004" name="sum_abs2_load_load_fu_293">
<pin_list>
<pin id="294" dir="0" index="0" bw="36" slack="1"/>
<pin id="295" dir="1" index="1" bw="36" slack="0"/>
</pin_list>
<bind>
<opcode="load(27) " fcode="load"/>
<opset="sum_abs2_load/2 "/>
</bind>
</comp>

<comp id="296" class="1004" name="sext_ln75_3_fu_296">
<pin_list>
<pin id="297" dir="0" index="0" bw="31" slack="1"/>
<pin id="298" dir="1" index="1" bw="36" slack="0"/>
</pin_list>
<bind>
<opcode="sext(35) " fcode="sext"/>
<opset="sext_ln75_3/2 "/>
</bind>
</comp>

<comp id="299" class="1004" name="sext_ln75_1_fu_299">
<pin_list>
<pin id="300" dir="0" index="0" bw="36" slack="0"/>
<pin id="301" dir="1" index="1" bw="37" slack="0"/>
</pin_list>
<bind>
<opcode="sext(35) " fcode="sext"/>
<opset="sext_ln75_1/2 "/>
</bind>
</comp>

<comp id="303" class="1004" name="sext_ln75_2_fu_303">
<pin_list>
<pin id="304" dir="0" index="0" bw="31" slack="1"/>
<pin id="305" dir="1" index="1" bw="37" slack="0"/>
</pin_list>
<bind>
<opcode="sext(35) " fcode="sext"/>
<opset="sext_ln75_2/2 "/>
</bind>
</comp>

<comp id="306" class="1004" name="add_ln75_2_fu_306">
<pin_list>
<pin id="307" dir="0" index="0" bw="36" slack="0"/>
<pin id="308" dir="0" index="1" bw="31" slack="0"/>
<pin id="309" dir="1" index="2" bw="36" slack="0"/>
</pin_list>
<bind>
<opcode="add(8) " fcode="add"/>
<opset="add_ln75_2/2 "/>
</bind>
</comp>

<comp id="312" class="1004" name="add_ln75_1_fu_312">
<pin_list>
<pin id="313" dir="0" index="0" bw="36" slack="0"/>
<pin id="314" dir="0" index="1" bw="31" slack="0"/>
<pin id="315" dir="1" index="2" bw="37" slack="0"/>
</pin_list>
<bind>
<opcode="add(8) " fcode="add"/>
<opset="add_ln75_1/2 "/>
</bind>
</comp>

<comp id="318" class="1004" name="tmp_22_fu_318">
<pin_list>
<pin id="319" dir="0" index="0" bw="1" slack="0"/>
<pin id="320" dir="0" index="1" bw="37" slack="0"/>
<pin id="321" dir="0" index="2" bw="7" slack="0"/>
<pin id="322" dir="1" index="3" bw="1" slack="0"/>
</pin_list>
<bind>
<opcode="bitselect(1000) " fcode="bitselect"/>
<opset="tmp_22/2 "/>
</bind>
</comp>

<comp id="326" class="1004" name="sum_abs_fu_326">
<pin_list>
<pin id="327" dir="0" index="0" bw="37" slack="0"/>
<pin id="328" dir="1" index="1" bw="36" slack="0"/>
</pin_list>
<bind>
<opcode="trunc(33) " fcode="trunc"/>
<opset="sum_abs/2 "/>
</bind>
</comp>

<comp id="330" class="1004" name="tmp_23_fu_330">
<pin_list>
<pin id="331" dir="0" index="0" bw="1" slack="0"/>
<pin id="332" dir="0" index="1" bw="36" slack="0"/>
<pin id="333" dir="0" index="2" bw="7" slack="0"/>
<pin id="334" dir="1" index="3" bw="1" slack="0"/>
</pin_list>
<bind>
<opcode="bitselect(1000) " fcode="bitselect"/>
<opset="tmp_23/2 "/>
</bind>
</comp>

<comp id="338" class="1004" name="xor_ln75_fu_338">
<pin_list>
<pin id="339" dir="0" index="0" bw="1" slack="0"/>
<pin id="340" dir="0" index="1" bw="1" slack="0"/>
<pin id="341" dir="1" index="2" bw="1" slack="0"/>
</pin_list>
<bind>
<opcode="xor(25) " fcode="xor"/>
<opset="xor_ln75/2 "/>
</bind>
</comp>

<comp id="344" class="1004" name="and_ln75_fu_344">
<pin_list>
<pin id="345" dir="0" index="0" bw="1" slack="0"/>
<pin id="346" dir="0" index="1" bw="1" slack="0"/>
<pin id="347" dir="1" index="2" bw="1" slack="0"/>
</pin_list>
<bind>
<opcode="and(23) " fcode="and"/>
<opset="and_ln75/2 "/>
</bind>
</comp>

<comp id="350" class="1004" name="xor_ln75_1_fu_350">
<pin_list>
<pin id="351" dir="0" index="0" bw="1" slack="0"/>
<pin id="352" dir="0" index="1" bw="1" slack="0"/>
<pin id="353" dir="1" index="2" bw="1" slack="0"/>
</pin_list>
<bind>
<opcode="xor(25) " fcode="xor"/>
<opset="xor_ln75_1/2 "/>
</bind>
</comp>

<comp id="356" class="1004" name="select_ln75_fu_356">
<pin_list>
<pin id="357" dir="0" index="0" bw="1" slack="0"/>
<pin id="358" dir="0" index="1" bw="36" slack="0"/>
<pin id="359" dir="0" index="2" bw="36" slack="0"/>
<pin id="360" dir="1" index="3" bw="36" slack="0"/>
</pin_list>
<bind>
<opcode="select(49) " fcode="select"/>
<opset="select_ln75/2 "/>
</bind>
</comp>

<comp id="364" class="1004" name="sum_abs_1_fu_364">
<pin_list>
<pin id="365" dir="0" index="0" bw="1" slack="0"/>
<pin id="366" dir="0" index="1" bw="36" slack="0"/>
<pin id="367" dir="0" index="2" bw="36" slack="0"/>
<pin id="368" dir="1" index="3" bw="36" slack="0"/>
</pin_list>
<bind>
<opcode="select(49) " fcode="select"/>
<opset="sum_abs_1/2 "/>
</bind>
</comp>

<comp id="372" class="1004" name="store_ln75_store_fu_372">
<pin_list>
<pin id="373" dir="0" index="0" bw="36" slack="0"/>
<pin id="374" dir="0" index="1" bw="36" slack="1"/>
<pin id="375" dir="1" index="2" bw="0" slack="2147483647"/>
</pin_list>
<bind>
<opcode="store(28) " fcode="store"/>
<opset="store_ln75/2 "/>
</bind>
</comp>

<comp id="377" class="1004" name="tmp_24_fu_377">
<pin_list>
<pin id="378" dir="0" index="0" bw="1" slack="0"/>
<pin id="379" dir="0" index="1" bw="36" slack="0"/>
<pin id="380" dir="0" index="2" bw="7" slack="0"/>
<pin id="381" dir="1" index="3" bw="1" slack="0"/>
</pin_list>
<bind>
<opcode="bitselect(1000) " fcode="bitselect"/>
<opset="tmp_24/2 "/>
</bind>
</comp>

<comp id="385" class="1004" name="avg_abs_fu_385">
<pin_list>
<pin id="386" dir="0" index="0" bw="26" slack="0"/>
<pin id="387" dir="0" index="1" bw="36" slack="0"/>
<pin id="388" dir="0" index="2" bw="5" slack="0"/>
<pin id="389" dir="0" index="3" bw="7" slack="0"/>
<pin id="390" dir="1" index="4" bw="26" slack="0"/>
</pin_list>
<bind>
<opcode="partselect(1002) " fcode="partselect"/>
<opset="avg_abs/2 "/>
</bind>
</comp>

<comp id="395" class="1004" name="sext_ln79_fu_395">
<pin_list>
<pin id="396" dir="0" index="0" bw="26" slack="0"/>
<pin id="397" dir="1" index="1" bw="27" slack="0"/>
</pin_list>
<bind>
<opcode="sext(35) " fcode="sext"/>
<opset="sext_ln79/2 "/>
</bind>
</comp>

<comp id="399" class="1004" name="tmp_25_fu_399">
<pin_list>
<pin id="400" dir="0" index="0" bw="1" slack="0"/>
<pin id="401" dir="0" index="1" bw="36" slack="0"/>
<pin id="402" dir="0" index="2" bw="5" slack="0"/>
<pin id="403" dir="1" index="3" bw="1" slack="0"/>
</pin_list>
<bind>
<opcode="bitselect(1000) " fcode="bitselect"/>
<opset="tmp_25/2 "/>
</bind>
</comp>

<comp id="407" class="1004" name="zext_ln79_fu_407">
<pin_list>
<pin id="408" dir="0" index="0" bw="1" slack="0"/>
<pin id="409" dir="1" index="1" bw="27" slack="0"/>
</pin_list>
<bind>
<opcode="zext(34) " fcode="zext"/>
<opset="zext_ln79/2 "/>
</bind>
</comp>

<comp id="411" class="1004" name="avg_abs_1_fu_411">
<pin_list>
<pin id="412" dir="0" index="0" bw="26" slack="0"/>
<pin id="413" dir="0" index="1" bw="1" slack="0"/>
<pin id="414" dir="1" index="2" bw="27" slack="0"/>
</pin_list>
<bind>
<opcode="add(8) " fcode="add"/>
<opset="avg_abs_1/2 "/>
</bind>
</comp>

<comp id="417" class="1004" name="sext_ln79_1_fu_417">
<pin_list>
<pin id="418" dir="0" index="0" bw="27" slack="0"/>
<pin id="419" dir="1" index="1" bw="32" slack="0"/>
</pin_list>
<bind>
<opcode="sext(35) " fcode="sext"/>
<opset="sext_ln79_1/2 "/>
</bind>
</comp>

<comp id="421" class="1004" name="tmp_26_fu_421">
<pin_list>
<pin id="422" dir="0" index="0" bw="1" slack="0"/>
<pin id="423" dir="0" index="1" bw="27" slack="0"/>
<pin id="424" dir="0" index="2" bw="6" slack="0"/>
<pin id="425" dir="1" index="3" bw="1" slack="0"/>
</pin_list>
<bind>
<opcode="bitselect(1000) " fcode="bitselect"/>
<opset="tmp_26/2 "/>
</bind>
</comp>

<comp id="429" class="1004" name="xor_ln79_fu_429">
<pin_list>
<pin id="430" dir="0" index="0" bw="1" slack="0"/>
<pin id="431" dir="0" index="1" bw="1" slack="0"/>
<pin id="432" dir="1" index="2" bw="1" slack="0"/>
</pin_list>
<bind>
<opcode="xor(25) " fcode="xor"/>
<opset="xor_ln79/2 "/>
</bind>
</comp>

<comp id="435" class="1004" name="or_ln79_1_fu_435">
<pin_list>
<pin id="436" dir="0" index="0" bw="1" slack="0"/>
<pin id="437" dir="0" index="1" bw="1" slack="0"/>
<pin id="438" dir="1" index="2" bw="1" slack="0"/>
</pin_list>
<bind>
<opcode="or(24) " fcode="or"/>
<opset="or_ln79_1/2 "/>
</bind>
</comp>

<comp id="441" class="1004" name="xor_ln79_1_fu_441">
<pin_list>
<pin id="442" dir="0" index="0" bw="1" slack="0"/>
<pin id="443" dir="0" index="1" bw="1" slack="0"/>
<pin id="444" dir="1" index="2" bw="1" slack="0"/>
</pin_list>
<bind>
<opcode="xor(25) " fcode="xor"/>
<opset="xor_ln79_1/2 "/>
</bind>
</comp>

<comp id="447" class="1004" name="xor_ln79_2_fu_447">
<pin_list>
<pin id="448" dir="0" index="0" bw="1" slack="0"/>
<pin id="449" dir="0" index="1" bw="1" slack="0"/>
<pin id="450" dir="1" index="2" bw="1" slack="0"/>
</pin_list>
<bind>
<opcode="xor(25) " fcode="xor"/>
<opset="xor_ln79_2/2 "/>
</bind>
</comp>

<comp id="453" class="1004" name="or_ln79_fu_453">
<pin_list>
<pin id="454" dir="0" index="0" bw="1" slack="0"/>
<pin id="455" dir="0" index="1" bw="1" slack="0"/>
<pin id="456" dir="1" index="2" bw="1" slack="0"/>
</pin_list>
<bind>
<opcode="or(24) " fcode="or"/>
<opset="or_ln79/2 "/>
</bind>
</comp>

<comp id="459" class="1004" name="and_ln79_fu_459">
<pin_list>
<pin id="460" dir="0" index="0" bw="1" slack="0"/>
<pin id="461" dir="0" index="1" bw="1" slack="0"/>
<pin id="462" dir="1" index="2" bw="1" slack="0"/>
</pin_list>
<bind>
<opcode="and(23) " fcode="and"/>
<opset="and_ln79/2 "/>
</bind>
</comp>

<comp id="465" class="1004" name="avg_abs_2_fu_465">
<pin_list>
<pin id="466" dir="0" index="0" bw="1" slack="0"/>
<pin id="467" dir="0" index="1" bw="32" slack="0"/>
<pin id="468" dir="0" index="2" bw="32" slack="0"/>
<pin id="469" dir="1" index="3" bw="32" slack="0"/>
</pin_list>
<bind>
<opcode="select(49) " fcode="select"/>
<opset="avg_abs_2/2 "/>
</bind>
</comp>

<comp id="473" class="1004" name="sext_ln80_fu_473">
<pin_list>
<pin id="474" dir="0" index="0" bw="32" slack="0"/>
<pin id="475" dir="1" index="1" bw="33" slack="0"/>
</pin_list>
<bind>
<opcode="sext(35) " fcode="sext"/>
<opset="sext_ln80/2 "/>
</bind>
</comp>

<comp id="477" class="1004" name="add_ln80_fu_477">
<pin_list>
<pin id="478" dir="0" index="0" bw="32" slack="0"/>
<pin id="479" dir="0" index="1" bw="23" slack="0"/>
<pin id="480" dir="1" index="2" bw="33" slack="0"/>
</pin_list>
<bind>
<opcode="add(8) " fcode="add"/>
<opset="add_ln80/2 "/>
</bind>
</comp>

<comp id="483" class="1004" name="tmp_27_fu_483">
<pin_list>
<pin id="484" dir="0" index="0" bw="1" slack="0"/>
<pin id="485" dir="0" index="1" bw="33" slack="0"/>
<pin id="486" dir="0" index="2" bw="7" slack="0"/>
<pin id="487" dir="1" index="3" bw="1" slack="0"/>
</pin_list>
<bind>
<opcode="bitselect(1000) " fcode="bitselect"/>
<opset="tmp_27/2 "/>
</bind>
</comp>

<comp id="491" class="1004" name="trunc_ln80_fu_491">
<pin_list>
<pin id="492" dir="0" index="0" bw="33" slack="0"/>
<pin id="493" dir="1" index="1" bw="32" slack="0"/>
</pin_list>
<bind>
<opcode="trunc(33) " fcode="trunc"/>
<opset="trunc_ln80/2 "/>
</bind>
</comp>

<comp id="495" class="1004" name="tmp_28_fu_495">
<pin_list>
<pin id="496" dir="0" index="0" bw="1" slack="0"/>
<pin id="497" dir="0" index="1" bw="33" slack="0"/>
<pin id="498" dir="0" index="2" bw="6" slack="0"/>
<pin id="499" dir="1" index="3" bw="1" slack="0"/>
</pin_list>
<bind>
<opcode="bitselect(1000) " fcode="bitselect"/>
<opset="tmp_28/2 "/>
</bind>
</comp>

<comp id="503" class="1004" name="xor_ln80_fu_503">
<pin_list>
<pin id="504" dir="0" index="0" bw="1" slack="0"/>
<pin id="505" dir="0" index="1" bw="1" slack="0"/>
<pin id="506" dir="1" index="2" bw="1" slack="0"/>
</pin_list>
<bind>
<opcode="xor(25) " fcode="xor"/>
<opset="xor_ln80/2 "/>
</bind>
</comp>

<comp id="509" class="1004" name="and_ln80_fu_509">
<pin_list>
<pin id="510" dir="0" index="0" bw="1" slack="0"/>
<pin id="511" dir="0" index="1" bw="1" slack="0"/>
<pin id="512" dir="1" index="2" bw="1" slack="0"/>
</pin_list>
<bind>
<opcode="and(23) " fcode="and"/>
<opset="and_ln80/2 "/>
</bind>
</comp>

<comp id="515" class="1004" name="xor_ln80_1_fu_515">
<pin_list>
<pin id="516" dir="0" index="0" bw="1" slack="0"/>
<pin id="517" dir="0" index="1" bw="1" slack="0"/>
<pin id="518" dir="1" index="2" bw="1" slack="0"/>
</pin_list>
<bind>
<opcode="xor(25) " fcode="xor"/>
<opset="xor_ln80_1/2 "/>
</bind>
</comp>

<comp id="521" class="1004" name="select_ln80_fu_521">
<pin_list>
<pin id="522" dir="0" index="0" bw="1" slack="0"/>
<pin id="523" dir="0" index="1" bw="32" slack="0"/>
<pin id="524" dir="0" index="2" bw="32" slack="0"/>
<pin id="525" dir="1" index="3" bw="32" slack="0"/>
</pin_list>
<bind>
<opcode="select(49) " fcode="select"/>
<opset="select_ln80/2 "/>
</bind>
</comp>

<comp id="529" class="1004" name="select_ln80_1_fu_529">
<pin_list>
<pin id="530" dir="0" index="0" bw="1" slack="0"/>
<pin id="531" dir="0" index="1" bw="32" slack="0"/>
<pin id="532" dir="0" index="2" bw="32" slack="0"/>
<pin id="533" dir="1" index="3" bw="32" slack="0"/>
</pin_list>
<bind>
<opcode="select(49) " fcode="select"/>
<opset="select_ln80_1/2 "/>
</bind>
</comp>

<comp id="538" class="1004" name="store_ln0_store_fu_538">
<pin_list>
<pin id="539" dir="0" index="0" bw="1" slack="0"/>
<pin id="540" dir="0" index="1" bw="36" slack="1"/>
<pin id="541" dir="1" index="2" bw="0" slack="2147483647"/>
</pin_list>
<bind>
<opcode="store(28) " fcode="store"/>
<opset="store_ln0/2 "/>
</bind>
</comp>

<comp id="543" class="1005" name="k1_reg_543">
<pin_list>
<pin id="544" dir="0" index="0" bw="16" slack="0"/>
<pin id="545" dir="1" index="1" bw="16" slack="0"/>
</pin_list>
<bind>
<opset="k1 "/>
</bind>
</comp>

<comp id="550" class="1005" name="sum_abs2_reg_550">
<pin_list>
<pin id="551" dir="0" index="0" bw="36" slack="0"/>
<pin id="552" dir="1" index="1" bw="36" slack="0"/>
</pin_list>
<bind>
<opset="sum_abs2 "/>
</bind>
</comp>

<comp id="558" class="1005" name="add_ln75_reg_558">
<pin_list>
<pin id="559" dir="0" index="0" bw="31" slack="1"/>
<pin id="560" dir="1" index="1" bw="31" slack="1"/>
</pin_list>
<bind>
<opset="add_ln75 "/>
</bind>
</comp>

<comp id="564" class="1005" name="icmp_ln78_reg_564">
<pin_list>
<pin id="565" dir="0" index="0" bw="1" slack="1"/>
<pin id="566" dir="1" index="1" bw="1" slack="2147483647"/>
</pin_list>
<bind>
<opset="icmp_ln78 "/>
</bind>
</comp>

<comp id="568" class="1005" name="icmp_ln73_reg_568">
<pin_list>
<pin id="569" dir="0" index="0" bw="1" slack="1"/>
<pin id="570" dir="1" index="1" bw="1" slack="2147483647"/>
</pin_list>
<bind>
<opset="icmp_ln73 "/>
</bind>
</comp>

</comp_list>

<net_list>
<net id="99"><net_src comp="4" pin="0"/><net_sink comp="96" pin=0"/></net>

<net id="103"><net_src comp="4" pin="0"/><net_sink comp="100" pin=0"/></net>

<net id="108"><net_src comp="20" pin="0"/><net_sink comp="104" pin=0"/></net>

<net id="109"><net_src comp="0" pin="0"/><net_sink comp="104" pin=1"/></net>

<net id="115"><net_src comp="94" pin="0"/><net_sink comp="110" pin=0"/></net>

<net id="116"><net_src comp="2" pin="0"/><net_sink comp="110" pin=1"/></net>

<net id="121"><net_src comp="16" pin="0"/><net_sink comp="117" pin=0"/></net>

<net id="126"><net_src comp="18" pin="0"/><net_sink comp="122" pin=0"/></net>

<net id="135"><net_src comp="22" pin="0"/><net_sink comp="130" pin=0"/></net>

<net id="136"><net_src comp="104" pin="2"/><net_sink comp="130" pin=1"/></net>

<net id="137"><net_src comp="24" pin="0"/><net_sink comp="130" pin=2"/></net>

<net id="141"><net_src comp="104" pin="2"/><net_sink comp="138" pin=0"/></net>

<net id="146"><net_src comp="26" pin="0"/><net_sink comp="142" pin=0"/></net>

<net id="147"><net_src comp="138" pin="1"/><net_sink comp="142" pin=1"/></net>

<net id="151"><net_src comp="142" pin="2"/><net_sink comp="148" pin=0"/></net>

<net id="157"><net_src comp="28" pin="0"/><net_sink comp="152" pin=0"/></net>

<net id="158"><net_src comp="142" pin="2"/><net_sink comp="152" pin=1"/></net>

<net id="159"><net_src comp="30" pin="0"/><net_sink comp="152" pin=2"/></net>

<net id="165"><net_src comp="28" pin="0"/><net_sink comp="160" pin=0"/></net>

<net id="166"><net_src comp="142" pin="2"/><net_sink comp="160" pin=1"/></net>

<net id="167"><net_src comp="24" pin="0"/><net_sink comp="160" pin=2"/></net>

<net id="172"><net_src comp="152" pin="3"/><net_sink comp="168" pin=0"/></net>

<net id="173"><net_src comp="32" pin="0"/><net_sink comp="168" pin=1"/></net>

<net id="178"><net_src comp="160" pin="3"/><net_sink comp="174" pin=0"/></net>

<net id="179"><net_src comp="168" pin="2"/><net_sink comp="174" pin=1"/></net>

<net id="184"><net_src comp="152" pin="3"/><net_sink comp="180" pin=0"/></net>

<net id="185"><net_src comp="160" pin="3"/><net_sink comp="180" pin=1"/></net>

<net id="191"><net_src comp="174" pin="2"/><net_sink comp="186" pin=0"/></net>

<net id="192"><net_src comp="34" pin="0"/><net_sink comp="186" pin=1"/></net>

<net id="193"><net_src comp="36" pin="0"/><net_sink comp="186" pin=2"/></net>

<net id="198"><net_src comp="130" pin="3"/><net_sink comp="194" pin=0"/></net>

<net id="199"><net_src comp="180" pin="2"/><net_sink comp="194" pin=1"/></net>

<net id="204"><net_src comp="130" pin="3"/><net_sink comp="200" pin=0"/></net>

<net id="205"><net_src comp="32" pin="0"/><net_sink comp="200" pin=1"/></net>

<net id="211"><net_src comp="38" pin="0"/><net_sink comp="206" pin=0"/></net>

<net id="212"><net_src comp="194" pin="2"/><net_sink comp="206" pin=1"/></net>

<net id="213"><net_src comp="200" pin="2"/><net_sink comp="206" pin=2"/></net>

<net id="225"><net_src comp="40" pin="0"/><net_sink comp="214" pin=0"/></net>

<net id="226"><net_src comp="42" pin="0"/><net_sink comp="214" pin=1"/></net>

<net id="227"><net_src comp="186" pin="3"/><net_sink comp="214" pin=2"/></net>

<net id="228"><net_src comp="44" pin="0"/><net_sink comp="214" pin=3"/></net>

<net id="229"><net_src comp="104" pin="2"/><net_sink comp="214" pin=4"/></net>

<net id="230"><net_src comp="46" pin="0"/><net_sink comp="214" pin=5"/></net>

<net id="231"><net_src comp="148" pin="1"/><net_sink comp="214" pin=6"/></net>

<net id="232"><net_src comp="48" pin="0"/><net_sink comp="214" pin=7"/></net>

<net id="233"><net_src comp="206" pin="3"/><net_sink comp="214" pin=8"/></net>

<net id="240"><net_src comp="50" pin="0"/><net_sink comp="234" pin=0"/></net>

<net id="241"><net_src comp="214" pin="9"/><net_sink comp="234" pin=1"/></net>

<net id="242"><net_src comp="52" pin="0"/><net_sink comp="234" pin=2"/></net>

<net id="243"><net_src comp="24" pin="0"/><net_sink comp="234" pin=3"/></net>

<net id="247"><net_src comp="234" pin="4"/><net_sink comp="244" pin=0"/></net>

<net id="253"><net_src comp="22" pin="0"/><net_sink comp="248" pin=0"/></net>

<net id="254"><net_src comp="214" pin="9"/><net_sink comp="248" pin=1"/></net>

<net id="255"><net_src comp="4" pin="0"/><net_sink comp="248" pin=2"/></net>

<net id="259"><net_src comp="248" pin="3"/><net_sink comp="256" pin=0"/></net>

<net id="264"><net_src comp="244" pin="1"/><net_sink comp="260" pin=0"/></net>

<net id="265"><net_src comp="256" pin="1"/><net_sink comp="260" pin=1"/></net>

<net id="270"><net_src comp="127" pin="1"/><net_sink comp="266" pin=0"/></net>

<net id="271"><net_src comp="54" pin="0"/><net_sink comp="266" pin=1"/></net>

<net id="275"><net_src comp="266" pin="2"/><net_sink comp="272" pin=0"/></net>

<net id="280"><net_src comp="272" pin="1"/><net_sink comp="276" pin=0"/></net>

<net id="281"><net_src comp="56" pin="0"/><net_sink comp="276" pin=1"/></net>

<net id="286"><net_src comp="127" pin="1"/><net_sink comp="282" pin=0"/></net>

<net id="287"><net_src comp="58" pin="0"/><net_sink comp="282" pin=1"/></net>

<net id="292"><net_src comp="266" pin="2"/><net_sink comp="288" pin=0"/></net>

<net id="302"><net_src comp="293" pin="1"/><net_sink comp="299" pin=0"/></net>

<net id="310"><net_src comp="293" pin="1"/><net_sink comp="306" pin=0"/></net>

<net id="311"><net_src comp="296" pin="1"/><net_sink comp="306" pin=1"/></net>

<net id="316"><net_src comp="299" pin="1"/><net_sink comp="312" pin=0"/></net>

<net id="317"><net_src comp="303" pin="1"/><net_sink comp="312" pin=1"/></net>

<net id="323"><net_src comp="70" pin="0"/><net_sink comp="318" pin=0"/></net>

<net id="324"><net_src comp="312" pin="2"/><net_sink comp="318" pin=1"/></net>

<net id="325"><net_src comp="72" pin="0"/><net_sink comp="318" pin=2"/></net>

<net id="329"><net_src comp="312" pin="2"/><net_sink comp="326" pin=0"/></net>

<net id="335"><net_src comp="74" pin="0"/><net_sink comp="330" pin=0"/></net>

<net id="336"><net_src comp="306" pin="2"/><net_sink comp="330" pin=1"/></net>

<net id="337"><net_src comp="76" pin="0"/><net_sink comp="330" pin=2"/></net>

<net id="342"><net_src comp="318" pin="3"/><net_sink comp="338" pin=0"/></net>

<net id="343"><net_src comp="32" pin="0"/><net_sink comp="338" pin=1"/></net>

<net id="348"><net_src comp="330" pin="3"/><net_sink comp="344" pin=0"/></net>

<net id="349"><net_src comp="338" pin="2"/><net_sink comp="344" pin=1"/></net>

<net id="354"><net_src comp="318" pin="3"/><net_sink comp="350" pin=0"/></net>

<net id="355"><net_src comp="330" pin="3"/><net_sink comp="350" pin=1"/></net>

<net id="361"><net_src comp="344" pin="2"/><net_sink comp="356" pin=0"/></net>

<net id="362"><net_src comp="78" pin="0"/><net_sink comp="356" pin=1"/></net>

<net id="363"><net_src comp="80" pin="0"/><net_sink comp="356" pin=2"/></net>

<net id="369"><net_src comp="350" pin="2"/><net_sink comp="364" pin=0"/></net>

<net id="370"><net_src comp="356" pin="3"/><net_sink comp="364" pin=1"/></net>

<net id="371"><net_src comp="326" pin="1"/><net_sink comp="364" pin=2"/></net>

<net id="376"><net_src comp="364" pin="3"/><net_sink comp="372" pin=0"/></net>

<net id="382"><net_src comp="74" pin="0"/><net_sink comp="377" pin=0"/></net>

<net id="383"><net_src comp="364" pin="3"/><net_sink comp="377" pin=1"/></net>

<net id="384"><net_src comp="76" pin="0"/><net_sink comp="377" pin=2"/></net>

<net id="391"><net_src comp="82" pin="0"/><net_sink comp="385" pin=0"/></net>

<net id="392"><net_src comp="364" pin="3"/><net_sink comp="385" pin=1"/></net>

<net id="393"><net_src comp="84" pin="0"/><net_sink comp="385" pin=2"/></net>

<net id="394"><net_src comp="76" pin="0"/><net_sink comp="385" pin=3"/></net>

<net id="398"><net_src comp="385" pin="4"/><net_sink comp="395" pin=0"/></net>

<net id="404"><net_src comp="74" pin="0"/><net_sink comp="399" pin=0"/></net>

<net id="405"><net_src comp="364" pin="3"/><net_sink comp="399" pin=1"/></net>

<net id="406"><net_src comp="86" pin="0"/><net_sink comp="399" pin=2"/></net>

<net id="410"><net_src comp="399" pin="3"/><net_sink comp="407" pin=0"/></net>

<net id="415"><net_src comp="395" pin="1"/><net_sink comp="411" pin=0"/></net>

<net id="416"><net_src comp="407" pin="1"/><net_sink comp="411" pin=1"/></net>

<net id="420"><net_src comp="411" pin="2"/><net_sink comp="417" pin=0"/></net>

<net id="426"><net_src comp="88" pin="0"/><net_sink comp="421" pin=0"/></net>

<net id="427"><net_src comp="411" pin="2"/><net_sink comp="421" pin=1"/></net>

<net id="428"><net_src comp="90" pin="0"/><net_sink comp="421" pin=2"/></net>

<net id="433"><net_src comp="377" pin="3"/><net_sink comp="429" pin=0"/></net>

<net id="434"><net_src comp="32" pin="0"/><net_sink comp="429" pin=1"/></net>

<net id="439"><net_src comp="421" pin="3"/><net_sink comp="435" pin=0"/></net>

<net id="440"><net_src comp="429" pin="2"/><net_sink comp="435" pin=1"/></net>

<net id="445"><net_src comp="377" pin="3"/><net_sink comp="441" pin=0"/></net>

<net id="446"><net_src comp="435" pin="2"/><net_sink comp="441" pin=1"/></net>

<net id="451"><net_src comp="441" pin="2"/><net_sink comp="447" pin=0"/></net>

<net id="452"><net_src comp="32" pin="0"/><net_sink comp="447" pin=1"/></net>

<net id="457"><net_src comp="421" pin="3"/><net_sink comp="453" pin=0"/></net>

<net id="458"><net_src comp="447" pin="2"/><net_sink comp="453" pin=1"/></net>

<net id="463"><net_src comp="453" pin="2"/><net_sink comp="459" pin=0"/></net>

<net id="464"><net_src comp="429" pin="2"/><net_sink comp="459" pin=1"/></net>

<net id="470"><net_src comp="459" pin="2"/><net_sink comp="465" pin=0"/></net>

<net id="471"><net_src comp="34" pin="0"/><net_sink comp="465" pin=1"/></net>

<net id="472"><net_src comp="417" pin="1"/><net_sink comp="465" pin=2"/></net>

<net id="476"><net_src comp="465" pin="3"/><net_sink comp="473" pin=0"/></net>

<net id="481"><net_src comp="473" pin="1"/><net_sink comp="477" pin=0"/></net>

<net id="482"><net_src comp="92" pin="0"/><net_sink comp="477" pin=1"/></net>

<net id="488"><net_src comp="28" pin="0"/><net_sink comp="483" pin=0"/></net>

<net id="489"><net_src comp="477" pin="2"/><net_sink comp="483" pin=1"/></net>

<net id="490"><net_src comp="30" pin="0"/><net_sink comp="483" pin=2"/></net>

<net id="494"><net_src comp="477" pin="2"/><net_sink comp="491" pin=0"/></net>

<net id="500"><net_src comp="28" pin="0"/><net_sink comp="495" pin=0"/></net>

<net id="501"><net_src comp="477" pin="2"/><net_sink comp="495" pin=1"/></net>

<net id="502"><net_src comp="24" pin="0"/><net_sink comp="495" pin=2"/></net>

<net id="507"><net_src comp="483" pin="3"/><net_sink comp="503" pin=0"/></net>

<net id="508"><net_src comp="32" pin="0"/><net_sink comp="503" pin=1"/></net>

<net id="513"><net_src comp="495" pin="3"/><net_sink comp="509" pin=0"/></net>

<net id="514"><net_src comp="503" pin="2"/><net_sink comp="509" pin=1"/></net>

<net id="519"><net_src comp="483" pin="3"/><net_sink comp="515" pin=0"/></net>

<net id="520"><net_src comp="495" pin="3"/><net_sink comp="515" pin=1"/></net>

<net id="526"><net_src comp="509" pin="2"/><net_sink comp="521" pin=0"/></net>

<net id="527"><net_src comp="34" pin="0"/><net_sink comp="521" pin=1"/></net>

<net id="528"><net_src comp="36" pin="0"/><net_sink comp="521" pin=2"/></net>

<net id="534"><net_src comp="515" pin="2"/><net_sink comp="529" pin=0"/></net>

<net id="535"><net_src comp="521" pin="3"/><net_sink comp="529" pin=1"/></net>

<net id="536"><net_src comp="491" pin="1"/><net_sink comp="529" pin=2"/></net>

<net id="537"><net_src comp="529" pin="3"/><net_sink comp="110" pin=2"/></net>

<net id="542"><net_src comp="16" pin="0"/><net_sink comp="538" pin=0"/></net>

<net id="546"><net_src comp="96" pin="1"/><net_sink comp="543" pin=0"/></net>

<net id="547"><net_src comp="543" pin="1"/><net_sink comp="122" pin=1"/></net>

<net id="548"><net_src comp="543" pin="1"/><net_sink comp="127" pin=0"/></net>

<net id="549"><net_src comp="543" pin="1"/><net_sink comp="288" pin=1"/></net>

<net id="553"><net_src comp="100" pin="1"/><net_sink comp="550" pin=0"/></net>

<net id="554"><net_src comp="550" pin="1"/><net_sink comp="117" pin=1"/></net>

<net id="555"><net_src comp="550" pin="1"/><net_sink comp="293" pin=0"/></net>

<net id="556"><net_src comp="550" pin="1"/><net_sink comp="372" pin=1"/></net>

<net id="557"><net_src comp="550" pin="1"/><net_sink comp="538" pin=1"/></net>

<net id="561"><net_src comp="260" pin="2"/><net_sink comp="558" pin=0"/></net>

<net id="562"><net_src comp="558" pin="1"/><net_sink comp="296" pin=0"/></net>

<net id="563"><net_src comp="558" pin="1"/><net_sink comp="303" pin=0"/></net>

<net id="567"><net_src comp="276" pin="2"/><net_sink comp="564" pin=0"/></net>

<net id="571"><net_src comp="282" pin="2"/><net_sink comp="568" pin=0"/></net>

</net_list>

</model> 
---------------- Datapath Model END ------------------

* FSMD analyzer results:
  - Output states:
	Port: k2_to_k3 | {2 }
 - Input state : 
	Port: K2 : s0_to_k2 | {1 }
  - Chain level:
	State 1
		store_ln0 : 1
		store_ln0 : 1
		k1_load : 1
		sub_ln13 : 1
		trunc_ln13 : 2
		tmp_19 : 2
		tmp_20 : 2
		xor_ln13 : 3
		and_ln13 : 3
		xor_ln13_1 : 3
		select_ln13 : 3
		and_ln13_1 : 3
		xor_ln13_2 : 1
		sel_tmp2 : 3
		ref_tmp1_2 : 4
		trunc_ln3 : 5
		sext_ln75 : 6
		tmp_21 : 5
		zext_ln75 : 6
		add_ln75 : 7
		k : 2
		trunc_ln78 : 3
		icmp_ln78 : 4
		br_ln78 : 5
		icmp_ln73 : 2
		store_ln78 : 3
		br_ln73 : 3
	State 2
		sext_ln75_1 : 1
		add_ln75_2 : 1
		add_ln75_1 : 2
		tmp_22 : 3
		sum_abs : 3
		tmp_23 : 2
		xor_ln75 : 4
		and_ln75 : 4
		xor_ln75_1 : 4
		select_ln75 : 4
		sum_abs_1 : 5
		store_ln75 : 6
		tmp_24 : 6
		avg_abs : 6
		sext_ln79 : 7
		tmp_25 : 6
		zext_ln79 : 7
		avg_abs_1 : 8
		sext_ln79_1 : 9
		tmp_26 : 9
		xor_ln79 : 7
		or_ln79_1 : 10
		xor_ln79_1 : 10
		xor_ln79_2 : 10
		or_ln79 : 10
		and_ln79 : 10
		avg_abs_2 : 10
		sext_ln80 : 11
		add_ln80 : 12
		tmp_27 : 13
		trunc_ln80 : 13
		tmp_28 : 13
		xor_ln80 : 14
		and_ln80 : 14
		xor_ln80_1 : 14
		select_ln80 : 14
		select_ln80_1 : 15
		write_ln80 : 16


============================================================
+ Verbose Summary: Datapath Resource usage 
============================================================

* Functional unit list:
|----------|-------------------------|---------|---------|
| Operation|     Functional Unit     |    FF   |   LUT   |
|----------|-------------------------|---------|---------|
|          |     add_ln75_fu_260     |    0    |    37   |
|          |         k_fu_266        |    0    |    23   |
|    add   |    add_ln75_2_fu_306    |    0    |    43   |
|          |    add_ln75_1_fu_312    |    0    |    43   |
|          |     avg_abs_1_fu_411    |    0    |    33   |
|          |     add_ln80_fu_477     |    0    |    39   |
|----------|-------------------------|---------|---------|
|          |    select_ln13_fu_186   |    0    |    32   |
|          |    select_ln75_fu_356   |    0    |    36   |
|  select  |     sum_abs_1_fu_364    |    0    |    36   |
|          |     avg_abs_2_fu_465    |    0    |    32   |
|          |    select_ln80_fu_521   |    0    |    32   |
|          |   select_ln80_1_fu_529  |    0    |    32   |
|----------|-------------------------|---------|---------|
|    sub   |     sub_ln13_fu_142     |    0    |    39   |
|----------|-------------------------|---------|---------|
|   icmp   |     icmp_ln78_fu_276    |    0    |    15   |
|          |     icmp_ln73_fu_282    |    0    |    23   |
|----------|-------------------------|---------|---------|
|          |     xor_ln13_fu_168     |    0    |    2    |
|          |    xor_ln13_1_fu_180    |    0    |    2    |
|          |    xor_ln13_2_fu_200    |    0    |    2    |
|          |     xor_ln75_fu_338     |    0    |    2    |
|    xor   |    xor_ln75_1_fu_350    |    0    |    2    |
|          |     xor_ln79_fu_429     |    0    |    2    |
|          |    xor_ln79_1_fu_441    |    0    |    2    |
|          |    xor_ln79_2_fu_447    |    0    |    2    |
|          |     xor_ln80_fu_503     |    0    |    2    |
|          |    xor_ln80_1_fu_515    |    0    |    2    |
|----------|-------------------------|---------|---------|
|          |     and_ln13_fu_174     |    0    |    2    |
|          |    and_ln13_1_fu_194    |    0    |    2    |
|    and   |     and_ln75_fu_344     |    0    |    2    |
|          |     and_ln79_fu_459     |    0    |    2    |
|          |     and_ln80_fu_509     |    0    |    2    |
|----------|-------------------------|---------|---------|
| sparsemux|    ref_tmp1_2_fu_214    |    0    |    9    |
|----------|-------------------------|---------|---------|
|    or    |     or_ln79_1_fu_435    |    0    |    2    |
|          |      or_ln79_fu_453     |    0    |    2    |
|----------|-------------------------|---------|---------|
|   read   |      x_read_fu_104      |    0    |    0    |
|----------|-------------------------|---------|---------|
|   write  | write_ln80_write_fu_110 |    0    |    0    |
|----------|-------------------------|---------|---------|
|          |        tmp_fu_130       |    0    |    0    |
|          |      tmp_19_fu_152      |    0    |    0    |
|          |      tmp_20_fu_160      |    0    |    0    |
|          |      tmp_21_fu_248      |    0    |    0    |
|          |      tmp_22_fu_318      |    0    |    0    |
| bitselect|      tmp_23_fu_330      |    0    |    0    |
|          |      tmp_24_fu_377      |    0    |    0    |
|          |      tmp_25_fu_399      |    0    |    0    |
|          |      tmp_26_fu_421      |    0    |    0    |
|          |      tmp_27_fu_483      |    0    |    0    |
|          |      tmp_28_fu_495      |    0    |    0    |
|----------|-------------------------|---------|---------|
|          |     sext_ln13_fu_138    |    0    |    0    |
|          |     sext_ln75_fu_244    |    0    |    0    |
|          |    sext_ln75_3_fu_296   |    0    |    0    |
|   sext   |    sext_ln75_1_fu_299   |    0    |    0    |
|          |    sext_ln75_2_fu_303   |    0    |    0    |
|          |     sext_ln79_fu_395    |    0    |    0    |
|          |    sext_ln79_1_fu_417   |    0    |    0    |
|          |     sext_ln80_fu_473    |    0    |    0    |
|----------|-------------------------|---------|---------|
|          |    trunc_ln13_fu_148    |    0    |    0    |
|   trunc  |    trunc_ln78_fu_272    |    0    |    0    |
|          |      sum_abs_fu_326     |    0    |    0    |
|          |    trunc_ln80_fu_491    |    0    |    0    |
|----------|-------------------------|---------|---------|
|bitconcatenate|     sel_tmp2_fu_206     |    0    |    0    |
|----------|-------------------------|---------|---------|
|partselect|     trunc_ln3_fu_234    |    0    |    0    |
|          |      avg_abs_fu_385     |    0    |    0    |
|----------|-------------------------|---------|---------|
|   zext   |     zext_ln75_fu_256    |    0    |    0    |
|          |     zext_ln79_fu_407    |    0    |    0    |
|----------|-------------------------|---------|---------|
|   Total  |                         |    0    |   538   |
|----------|-------------------------|---------|---------|

Memories:
N/A

* Register list:
+-----------------+--------+
|                 |   FF   |
+-----------------+--------+
| add_ln75_reg_558|   31   |
|icmp_ln73_reg_568|    1   |
|icmp_ln78_reg_564|    1   |
|    k1_reg_543   |   16   |
| sum_abs2_reg_550|   36   |
+-----------------+--------+
|      Total      |   85   |
+-----------------+--------+

* Multiplexer (MUX) list: 
|--------|------|------|------|--------|
|  Comp  |  Pin | Size |  BW  | S x BW |
|--------|------|------|------|--------|
|  Total |      |      |      |    0   |
|--------|------|------|------|--------|



* Summary:
+-----------+--------+--------+
|           |   FF   |   LUT  |
+-----------+--------+--------+
|  Function |    0   |   538  |
|   Memory  |    -   |    -   |
|Multiplexer|    -   |    -   |
|  Register |   85   |    -   |
+-----------+--------+--------+
|   Total   |   85   |   538  |
+-----------+--------+--------+
