

================================================================
== Vitis HLS Report for 'K2'
================================================================
* Date:           Tue Mar 10 15:12:57 2026

* Version:        2025.1.1 (Build 6214317 on Sep 11 2025)
* Project:        project_1
* Solution:       hls (Vivado IP Flow Target)
* Product family: zynquplus
* Target device:  xczu3eg-sbva484-1-e


================================================================
== Performance Estimates
================================================================
+ Timing: 
    * Summary: 
    +--------+----------+----------+------------+
    |  Clock |  Target  | Estimated| Uncertainty|
    +--------+----------+----------+------------+
    |ap_clk  |  10.00 ns|  6.478 ns|     2.70 ns|
    +--------+----------+----------+------------+

+ Latency: 
    * Summary: 
    +---------+---------+----------+----------+--------+--------+---------+
    |  Latency (cycles) |  Latency (absolute) |     Interval    | Pipeline|
    |   min   |   max   |    min   |    max   |   min  |   max  |   Type  |
    +---------+---------+----------+----------+--------+--------+---------+
    |   131841|   131841|  1.318 ms|  1.318 ms|  131841|  131841|       no|
    +---------+---------+----------+----------+--------+--------+---------+

    + Detail: 
        * Instance: 
        N/A

        * Loop: 
        +--------------------+---------+---------+----------+-----------+-----------+------+----------+
        |                    |  Latency (cycles) | Iteration|  Initiation Interval  | Trip |          |
        |      Loop Name     |   min   |   max   |  Latency |  achieved |   target  | Count| Pipelined|
        +--------------------+---------+---------+----------+-----------+-----------+------+----------+
        |- VITIS_LOOP_62_1   |   131840|   131840|       515|          -|          -|   256|        no|
        | + VITIS_LOOP_65_2  |      512|      512|         2|          -|          -|   256|        no|
        +--------------------+---------+---------+----------+-----------+-----------+------+----------+

============================================================
+ Verbose Summary: Synthesis Manager
============================================================
InlineROM: 1
ExposeGlobal: 0
============================================================
+ Verbose Summary: CDFG Model
============================================================
IsTopModel: 0
ResetActiveHigh: 1
IsCombinational: 0
IsDatapathOnly: 0
HasWiredReturn: 1
HasMFsm: 0
HasVarLatency: 1
IsPipeline: 0
IsRtlPipelined: 0
IsInstanceOverlapped: 0
IsDontTouch: 0
HasImplIP: 0
IsGatedGlobalClock: 0


============================================================
+ Verbose Summary: Schedule
============================================================
* Number of FSM states : 5
* Pipeline : 0
* Dataflow Pipeline: 0

* FSM state transitions: 
1 --> 2 
2 --> 3 
3 --> 4 5 
4 --> 3 
5 --> 2 

* FSM state operations: 

State 1 <SV = 0> <Delay = 0.48>
ST_1 : Operation 6 [1/1] (0.00ns)   --->   "%b = alloca i32 1" [top.cpp:62]   --->   Operation 6 'alloca' 'b' <Predicate = true> <Delay = 0.00>
ST_1 : Operation 7 [1/1] (0.48ns)   --->   "%store_ln62 = store i9 0, i9 %b" [top.cpp:62]   --->   Operation 7 'store' 'store_ln62' <Predicate = true> <Delay = 0.48>
ST_1 : Operation 8 [1/1] (0.00ns)   --->   "%br_ln62 = br void %for.body" [top.cpp:62]   --->   Operation 8 'br' 'br_ln62' <Predicate = true> <Delay = 0.00>

State 2 <SV = 1> <Delay = 1.40>
ST_2 : Operation 9 [1/1] (0.00ns)   --->   "%b_1 = load i9 %b" [top.cpp:62]   --->   Operation 9 'load' 'b_1' <Predicate = true> <Delay = 0.00>
ST_2 : Operation 10 [1/1] (0.92ns)   --->   "%icmp_ln62 = icmp_eq  i9 %b_1, i9 256" [top.cpp:62]   --->   Operation 10 'icmp' 'icmp_ln62' <Predicate = true> <Delay = 0.92> <CoreInst = "Cmp">   --->   Core 9 'Cmp' <Latency = 0> <II = 1> <Delay = 0.92> <FuncUnit> <Opcode : 'seteq' 'setne' 'setle' 'setge' 'setlt' 'setgt'> <InPorts = 2> <OutPorts = 1>
ST_2 : Operation 11 [1/1] (0.92ns)   --->   "%add_ln62 = add i9 %b_1, i9 1" [top.cpp:62]   --->   Operation 11 'add' 'add_ln62' <Predicate = true> <Delay = 0.92> <CoreInst = "Adder">   --->   Core 1 'Adder' <Latency = 0> <II = 1> <Delay = 0.92> <FuncUnit> <Opcode : 'add' 'sub'> <InPorts = 2> <OutPorts = 1>
ST_2 : Operation 12 [1/1] (0.00ns)   --->   "%br_ln62 = br i1 %icmp_ln62, void %for.body.split, void %for.end14" [top.cpp:62]   --->   Operation 12 'br' 'br_ln62' <Predicate = true> <Delay = 0.00>
ST_2 : Operation 13 [1/1] (0.00ns)   --->   "%zext_ln62 = zext i9 %b_1" [top.cpp:62]   --->   Operation 13 'zext' 'zext_ln62' <Predicate = (!icmp_ln62)> <Delay = 0.00>
ST_2 : Operation 14 [1/1] (0.00ns)   --->   "%speclooptripcount_ln62 = speclooptripcount void @_ssdm_op_SpecLoopTripCount, i64 256, i64 256, i64 256" [top.cpp:62]   --->   Operation 14 'speclooptripcount' 'speclooptripcount_ln62' <Predicate = (!icmp_ln62)> <Delay = 0.00>
ST_2 : Operation 15 [1/1] (0.00ns)   --->   "%specloopname_ln62 = specloopname void @_ssdm_op_SpecLoopName, void @empty_0" [top.cpp:62]   --->   Operation 15 'specloopname' 'specloopname_ln62' <Predicate = (!icmp_ln62)> <Delay = 0.00>
ST_2 : Operation 16 [1/1] (0.00ns)   --->   "%trunc_ln64 = trunc i9 %b_1" [top.cpp:64]   --->   Operation 16 'trunc' 'trunc_ln64' <Predicate = (!icmp_ln62)> <Delay = 0.00>
ST_2 : Operation 17 [1/1] (0.00ns)   --->   "%shl_ln = bitconcatenate i16 @_ssdm_op_BitConcatenate.i16.i8.i8, i8 %trunc_ln64, i8 0" [top.cpp:64]   --->   Operation 17 'bitconcatenate' 'shl_ln' <Predicate = (!icmp_ln62)> <Delay = 0.00>
ST_2 : Operation 18 [1/1] (0.48ns)   --->   "%br_ln65 = br void %for.body4" [top.cpp:65]   --->   Operation 18 'br' 'br_ln65' <Predicate = (!icmp_ln62)> <Delay = 0.48>
ST_2 : Operation 19 [1/1] (0.00ns)   --->   "%ret_ln71 = ret" [top.cpp:71]   --->   Operation 19 'ret' 'ret_ln71' <Predicate = (icmp_ln62)> <Delay = 0.00>

State 3 <SV = 2> <Delay = 2.36>
ST_3 : Operation 20 [1/1] (0.00ns)   --->   "%i = phi i9 0, void %for.body.split, i9 %add_ln65, void %for.body4.split_ifconv" [top.cpp:65]   --->   Operation 20 'phi' 'i' <Predicate = true> <Delay = 0.00>
ST_3 : Operation 21 [1/1] (0.00ns)   --->   "%sum_abs = phi i36 0, void %for.body.split, i36 %sum_abs_2, void %for.body4.split_ifconv"   --->   Operation 21 'phi' 'sum_abs' <Predicate = true> <Delay = 0.00>
ST_3 : Operation 22 [1/1] (0.92ns)   --->   "%icmp_ln65 = icmp_eq  i9 %i, i9 256" [top.cpp:65]   --->   Operation 22 'icmp' 'icmp_ln65' <Predicate = true> <Delay = 0.92> <CoreInst = "Cmp">   --->   Core 9 'Cmp' <Latency = 0> <II = 1> <Delay = 0.92> <FuncUnit> <Opcode : 'seteq' 'setne' 'setle' 'setge' 'setlt' 'setgt'> <InPorts = 2> <OutPorts = 1>
ST_3 : Operation 23 [1/1] (0.92ns)   --->   "%add_ln65 = add i9 %i, i9 1" [top.cpp:65]   --->   Operation 23 'add' 'add_ln65' <Predicate = true> <Delay = 0.92> <CoreInst = "Adder">   --->   Core 1 'Adder' <Latency = 0> <II = 1> <Delay = 0.92> <FuncUnit> <Opcode : 'add' 'sub'> <InPorts = 2> <OutPorts = 1>
ST_3 : Operation 24 [1/1] (0.00ns)   --->   "%br_ln65 = br i1 %icmp_ln65, void %for.body4.split_ifconv, void %_ZN8ap_fixedILi36ELi12EL9ap_q_mode0EL9ap_o_mode0ELi0EEC2Ei.exit189" [top.cpp:65]   --->   Operation 24 'br' 'br_ln65' <Predicate = true> <Delay = 0.00>
ST_3 : Operation 25 [1/1] (0.00ns)   --->   "%zext_ln65 = zext i9 %i" [top.cpp:65]   --->   Operation 25 'zext' 'zext_ln65' <Predicate = (!icmp_ln65)> <Delay = 0.00>
ST_3 : Operation 26 [1/1] (1.01ns)   --->   "%add_ln66 = add i16 %zext_ln65, i16 %shl_ln" [top.cpp:66]   --->   Operation 26 'add' 'add_ln66' <Predicate = (!icmp_ln65)> <Delay = 1.01> <CoreInst = "Adder">   --->   Core 1 'Adder' <Latency = 0> <II = 1> <Delay = 1.01> <FuncUnit> <Opcode : 'add' 'sub'> <InPorts = 2> <OutPorts = 1>
ST_3 : Operation 27 [1/1] (0.00ns)   --->   "%zext_ln66 = zext i16 %add_ln66" [top.cpp:66]   --->   Operation 27 'zext' 'zext_ln66' <Predicate = (!icmp_ln65)> <Delay = 0.00>
ST_3 : Operation 28 [1/1] (0.00ns)   --->   "%s0_addr = getelementptr i32 %s0, i64 0, i64 %zext_ln66" [top.cpp:66]   --->   Operation 28 'getelementptr' 's0_addr' <Predicate = (!icmp_ln65)> <Delay = 0.00>
ST_3 : Operation 29 [2/2] (1.35ns)   --->   "%x = load i16 %s0_addr" [top.cpp:66]   --->   Operation 29 'load' 'x' <Predicate = (!icmp_ln65)> <Delay = 1.35> <CoreInst = "RAM">   --->   Core 82 'RAM' <Latency = 1> <II = 1> <Delay = 1.35> <Storage> <Opcode : 'load' 'store'> <Ports = 2> <Width = 32> <Depth = 65536> <RAM>
ST_3 : Operation 30 [1/1] (0.00ns)   --->   "%shl_ln2 = bitconcatenate i60 @_ssdm_op_BitConcatenate.i60.i36.i24, i36 %sum_abs, i24 0" [top.cpp:68]   --->   Operation 30 'bitconcatenate' 'shl_ln2' <Predicate = (icmp_ln65)> <Delay = 0.00>
ST_3 : Operation 31 [1/1] (1.41ns)   --->   "%sub_ln68 = sub i60 0, i60 %shl_ln2" [top.cpp:68]   --->   Operation 31 'sub' 'sub_ln68' <Predicate = (icmp_ln65)> <Delay = 1.41> <CoreInst = "Adder">   --->   Core 1 'Adder' <Latency = 0> <II = 1> <Delay = 1.41> <FuncUnit> <Opcode : 'add' 'sub'> <InPorts = 2> <OutPorts = 1>
ST_3 : Operation 32 [1/1] (0.00ns)   --->   "%tmp_13 = partselect i28 @_ssdm_op_PartSelect.i28.i60.i32.i32, i60 %sub_ln68, i32 32, i32 59" [top.cpp:68]   --->   Operation 32 'partselect' 'tmp_13' <Predicate = (icmp_ln65)> <Delay = 0.00>
ST_3 : Operation 33 [1/1] (0.48ns)   --->   "%store_ln62 = store i9 %add_ln62, i9 %b" [top.cpp:62]   --->   Operation 33 'store' 'store_ln62' <Predicate = (icmp_ln65)> <Delay = 0.48>

State 4 <SV = 3> <Delay = 6.41>
ST_4 : Operation 34 [1/1] (0.00ns)   --->   "%speclooptripcount_ln63 = speclooptripcount void @_ssdm_op_SpecLoopTripCount, i64 256, i64 256, i64 256" [top.cpp:63]   --->   Operation 34 'speclooptripcount' 'speclooptripcount_ln63' <Predicate = true> <Delay = 0.00>
ST_4 : Operation 35 [1/1] (0.00ns)   --->   "%specloopname_ln65 = specloopname void @_ssdm_op_SpecLoopName, void @empty_2" [top.cpp:65]   --->   Operation 35 'specloopname' 'specloopname_ln65' <Predicate = true> <Delay = 0.00>
ST_4 : Operation 36 [1/2] ( I:1.35ns O:1.35ns )   --->   "%x = load i16 %s0_addr" [top.cpp:66]   --->   Operation 36 'load' 'x' <Predicate = true> <Delay = 1.35> <CoreInst = "RAM">   --->   Core 82 'RAM' <Latency = 1> <II = 1> <Delay = 1.35> <Storage> <Opcode : 'load' 'store'> <Ports = 2> <Width = 32> <Depth = 65536> <RAM>
ST_4 : Operation 37 [1/1] (0.00ns)   --->   "%tmp_28 = bitselect i1 @_ssdm_op_BitSelect.i1.i32.i32, i32 %x, i32 31" [top.cpp:12->top.cpp:66]   --->   Operation 37 'bitselect' 'tmp_28' <Predicate = true> <Delay = 0.00>
ST_4 : Operation 38 [1/1] (0.00ns)   --->   "%sext_ln12 = sext i32 %x" [top.cpp:12->top.cpp:66]   --->   Operation 38 'sext' 'sext_ln12' <Predicate = true> <Delay = 0.00>
ST_4 : Operation 39 [1/1] (1.20ns)   --->   "%sub_ln12 = sub i33 0, i33 %sext_ln12" [top.cpp:12->top.cpp:66]   --->   Operation 39 'sub' 'sub_ln12' <Predicate = true> <Delay = 1.20> <CoreInst = "Adder">   --->   Core 1 'Adder' <Latency = 0> <II = 1> <Delay = 1.20> <FuncUnit> <Opcode : 'add' 'sub'> <InPorts = 2> <OutPorts = 1>
ST_4 : Operation 40 [1/1] (0.00ns)   --->   "%trunc_ln12 = trunc i33 %sub_ln12" [top.cpp:12->top.cpp:66]   --->   Operation 40 'trunc' 'trunc_ln12' <Predicate = true> <Delay = 0.00>
ST_4 : Operation 41 [1/1] (0.00ns)   --->   "%tmp_29 = bitselect i1 @_ssdm_op_BitSelect.i1.i33.i32, i33 %sub_ln12, i32 32" [top.cpp:12->top.cpp:66]   --->   Operation 41 'bitselect' 'tmp_29' <Predicate = true> <Delay = 0.00>
ST_4 : Operation 42 [1/1] (0.00ns)   --->   "%tmp_30 = bitselect i1 @_ssdm_op_BitSelect.i1.i33.i32, i33 %sub_ln12, i32 31" [top.cpp:12->top.cpp:66]   --->   Operation 42 'bitselect' 'tmp_30' <Predicate = true> <Delay = 0.00>
ST_4 : Operation 43 [1/1] (0.00ns) (grouped into LUT with out node select_ln12)   --->   "%xor_ln12 = xor i1 %tmp_29, i1 1" [top.cpp:12->top.cpp:66]   --->   Operation 43 'xor' 'xor_ln12' <Predicate = true> <Delay = 0.00> <CoreInst = "LogicGate">   --->   Core 74 'LogicGate' <Latency = 0> <II = 1> <Delay = 0.33> <FuncUnit> <Opcode : 'and' 'or' 'xor'> <InPorts = 2> <OutPorts = 1>
ST_4 : Operation 44 [1/1] (0.00ns) (grouped into LUT with out node select_ln12)   --->   "%and_ln12 = and i1 %tmp_30, i1 %xor_ln12" [top.cpp:12->top.cpp:66]   --->   Operation 44 'and' 'and_ln12' <Predicate = true> <Delay = 0.00> <CoreInst = "LogicGate">   --->   Core 74 'LogicGate' <Latency = 0> <II = 1> <Delay = 0.33> <FuncUnit> <Opcode : 'and' 'or' 'xor'> <InPorts = 2> <OutPorts = 1>
ST_4 : Operation 45 [1/1] (0.00ns) (grouped into LUT with out node and_ln12_1)   --->   "%xor_ln12_1 = xor i1 %tmp_29, i1 %tmp_30" [top.cpp:12->top.cpp:66]   --->   Operation 45 'xor' 'xor_ln12_1' <Predicate = true> <Delay = 0.00> <CoreInst = "LogicGate">   --->   Core 74 'LogicGate' <Latency = 0> <II = 1> <Delay = 0.33> <FuncUnit> <Opcode : 'and' 'or' 'xor'> <InPorts = 2> <OutPorts = 1>
ST_4 : Operation 46 [1/1] (0.52ns) (out node of the LUT)   --->   "%select_ln12 = select i1 %and_ln12, i32 2147483647, i32 2147483648" [top.cpp:12->top.cpp:66]   --->   Operation 46 'select' 'select_ln12' <Predicate = true> <Delay = 0.52> <CoreInst = "Sel">   --->   Core 73 'Sel' <Latency = 0> <II = 1> <Delay = 0.52> <FuncUnit> <Opcode : 'select'> <InPorts = 3> <OutPorts = 1>
ST_4 : Operation 47 [1/1] (0.33ns) (out node of the LUT)   --->   "%and_ln12_1 = and i1 %tmp_28, i1 %xor_ln12_1" [top.cpp:12->top.cpp:66]   --->   Operation 47 'and' 'and_ln12_1' <Predicate = true> <Delay = 0.33> <CoreInst = "LogicGate">   --->   Core 74 'LogicGate' <Latency = 0> <II = 1> <Delay = 0.33> <FuncUnit> <Opcode : 'and' 'or' 'xor'> <InPorts = 2> <OutPorts = 1>
ST_4 : Operation 48 [1/1] (0.33ns)   --->   "%xor_ln12_2 = xor i1 %tmp_28, i1 1" [top.cpp:12->top.cpp:66]   --->   Operation 48 'xor' 'xor_ln12_2' <Predicate = true> <Delay = 0.33> <CoreInst = "LogicGate">   --->   Core 74 'LogicGate' <Latency = 0> <II = 1> <Delay = 0.33> <FuncUnit> <Opcode : 'and' 'or' 'xor'> <InPorts = 2> <OutPorts = 1>
ST_4 : Operation 49 [1/1] (0.00ns)   --->   "%sel_tmp2 = bitconcatenate i2 @_ssdm_op_BitConcatenate.i2.i1.i1, i1 %and_ln12_1, i1 %xor_ln12_2" [top.cpp:12->top.cpp:66]   --->   Operation 49 'bitconcatenate' 'sel_tmp2' <Predicate = true> <Delay = 0.00>
ST_4 : Operation 50 [1/1] (0.48ns)   --->   "%ref_tmp5_2 = sparsemux i32 @_ssdm_op_SparseMux.ap_auto.3i32.i32.i2, i2 2, i32 %select_ln12, i2 1, i32 %x, i2 0, i32 %trunc_ln12, i32 0, i2 %sel_tmp2" [top.cpp:12->top.cpp:66]   --->   Operation 50 'sparsemux' 'ref_tmp5_2' <Predicate = true> <Delay = 0.48> <CoreInst = "OneHotSparseMux_HasDef">   --->   Core 152 'OneHotSparseMux_HasDef' <Latency = 0> <II = 1> <Delay = 0.48> <FuncUnit> <Opcode : 'sparsemux'> <InPorts = 2> <OutPorts = 1>
ST_4 : Operation 51 [1/1] (0.00ns)   --->   "%trunc_ln8 = partselect i30 @_ssdm_op_PartSelect.i30.i32.i32.i32, i32 %ref_tmp5_2, i32 2, i32 31" [top.cpp:66]   --->   Operation 51 'partselect' 'trunc_ln8' <Predicate = true> <Delay = 0.00>
ST_4 : Operation 52 [1/1] (0.00ns)   --->   "%sext_ln66 = sext i30 %trunc_ln8" [top.cpp:66]   --->   Operation 52 'sext' 'sext_ln66' <Predicate = true> <Delay = 0.00>
ST_4 : Operation 53 [1/1] (0.00ns)   --->   "%tmp_31 = bitselect i1 @_ssdm_op_BitSelect.i1.i32.i32, i32 %ref_tmp5_2, i32 1" [top.cpp:66]   --->   Operation 53 'bitselect' 'tmp_31' <Predicate = true> <Delay = 0.00>
ST_4 : Operation 54 [1/1] (0.00ns)   --->   "%zext_ln66_1 = zext i1 %tmp_31" [top.cpp:66]   --->   Operation 54 'zext' 'zext_ln66_1' <Predicate = true> <Delay = 0.00>
ST_4 : Operation 55 [1/1] (1.17ns)   --->   "%add_ln66_1 = add i31 %sext_ln66, i31 %zext_ln66_1" [top.cpp:66]   --->   Operation 55 'add' 'add_ln66_1' <Predicate = true> <Delay = 1.17> <CoreInst = "Adder">   --->   Core 1 'Adder' <Latency = 0> <II = 1> <Delay = 1.17> <FuncUnit> <Opcode : 'add' 'sub'> <InPorts = 2> <OutPorts = 1>
ST_4 : Operation 56 [1/1] (0.00ns)   --->   "%sext_ln66_3 = sext i31 %add_ln66_1" [top.cpp:66]   --->   Operation 56 'sext' 'sext_ln66_3' <Predicate = true> <Delay = 0.00>
ST_4 : Operation 57 [1/1] (0.00ns)   --->   "%sext_ln66_1 = sext i36 %sum_abs" [top.cpp:66]   --->   Operation 57 'sext' 'sext_ln66_1' <Predicate = true> <Delay = 0.00>
ST_4 : Operation 58 [1/1] (0.00ns)   --->   "%sext_ln66_2 = sext i31 %add_ln66_1" [top.cpp:66]   --->   Operation 58 'sext' 'sext_ln66_2' <Predicate = true> <Delay = 0.00>
ST_4 : Operation 59 [1/1] (1.21ns)   --->   "%add_ln66_3 = add i36 %sext_ln66_3, i36 %sum_abs" [top.cpp:66]   --->   Operation 59 'add' 'add_ln66_3' <Predicate = true> <Delay = 1.21> <CoreInst = "Adder">   --->   Core 1 'Adder' <Latency = 0> <II = 1> <Delay = 1.21> <FuncUnit> <Opcode : 'add' 'sub'> <InPorts = 2> <OutPorts = 1>
ST_4 : Operation 60 [1/1] (1.21ns)   --->   "%add_ln66_2 = add i37 %sext_ln66_2, i37 %sext_ln66_1" [top.cpp:66]   --->   Operation 60 'add' 'add_ln66_2' <Predicate = true> <Delay = 1.21> <CoreInst = "Adder">   --->   Core 1 'Adder' <Latency = 0> <II = 1> <Delay = 1.21> <FuncUnit> <Opcode : 'add' 'sub'> <InPorts = 2> <OutPorts = 1>
ST_4 : Operation 61 [1/1] (0.00ns)   --->   "%tmp_32 = bitselect i1 @_ssdm_op_BitSelect.i1.i37.i32, i37 %add_ln66_2, i32 36" [top.cpp:66]   --->   Operation 61 'bitselect' 'tmp_32' <Predicate = true> <Delay = 0.00>
ST_4 : Operation 62 [1/1] (0.00ns) (grouped into LUT with out node sum_abs_2)   --->   "%sum_abs_1 = trunc i37 %add_ln66_2" [top.cpp:66]   --->   Operation 62 'trunc' 'sum_abs_1' <Predicate = true> <Delay = 0.00>
ST_4 : Operation 63 [1/1] (0.00ns)   --->   "%tmp_33 = bitselect i1 @_ssdm_op_BitSelect.i1.i36.i32, i36 %add_ln66_3, i32 35" [top.cpp:66]   --->   Operation 63 'bitselect' 'tmp_33' <Predicate = true> <Delay = 0.00>
ST_4 : Operation 64 [1/1] (0.00ns) (grouped into LUT with out node sum_abs_2)   --->   "%xor_ln66 = xor i1 %tmp_32, i1 1" [top.cpp:66]   --->   Operation 64 'xor' 'xor_ln66' <Predicate = true> <Delay = 0.00> <CoreInst = "LogicGate">   --->   Core 74 'LogicGate' <Latency = 0> <II = 1> <Delay = 0.33> <FuncUnit> <Opcode : 'and' 'or' 'xor'> <InPorts = 2> <OutPorts = 1>
ST_4 : Operation 65 [1/1] (0.00ns) (grouped into LUT with out node sum_abs_2)   --->   "%and_ln66 = and i1 %tmp_33, i1 %xor_ln66" [top.cpp:66]   --->   Operation 65 'and' 'and_ln66' <Predicate = true> <Delay = 0.00> <CoreInst = "LogicGate">   --->   Core 74 'LogicGate' <Latency = 0> <II = 1> <Delay = 0.33> <FuncUnit> <Opcode : 'and' 'or' 'xor'> <InPorts = 2> <OutPorts = 1>
ST_4 : Operation 66 [1/1] (0.00ns) (grouped into LUT with out node sum_abs_2)   --->   "%xor_ln66_1 = xor i1 %tmp_32, i1 %tmp_33" [top.cpp:66]   --->   Operation 66 'xor' 'xor_ln66_1' <Predicate = true> <Delay = 0.00> <CoreInst = "LogicGate">   --->   Core 74 'LogicGate' <Latency = 0> <II = 1> <Delay = 0.33> <FuncUnit> <Opcode : 'and' 'or' 'xor'> <InPorts = 2> <OutPorts = 1>
ST_4 : Operation 67 [1/1] (0.00ns) (grouped into LUT with out node sum_abs_2)   --->   "%select_ln66 = select i1 %and_ln66, i36 34359738367, i36 34359738368" [top.cpp:66]   --->   Operation 67 'select' 'select_ln66' <Predicate = true> <Delay = 0.00> <CoreInst = "Sel">   --->   Core 73 'Sel' <Latency = 0> <II = 1> <Delay = 0.44> <FuncUnit> <Opcode : 'select'> <InPorts = 3> <OutPorts = 1>
ST_4 : Operation 68 [1/1] (0.44ns) (out node of the LUT)   --->   "%sum_abs_2 = select i1 %xor_ln66_1, i36 %select_ln66, i36 %sum_abs_1" [top.cpp:66]   --->   Operation 68 'select' 'sum_abs_2' <Predicate = true> <Delay = 0.44> <CoreInst = "Sel">   --->   Core 73 'Sel' <Latency = 0> <II = 1> <Delay = 0.44> <FuncUnit> <Opcode : 'select'> <InPorts = 3> <OutPorts = 1>
ST_4 : Operation 69 [1/1] (0.00ns)   --->   "%br_ln65 = br void %for.body4" [top.cpp:65]   --->   Operation 69 'br' 'br_ln65' <Predicate = true> <Delay = 0.00>

State 5 <SV = 3> <Delay = 6.47>
ST_5 : Operation 70 [1/1] (0.00ns)   --->   "%tmp = bitselect i1 @_ssdm_op_BitSelect.i1.i36.i32, i36 %sum_abs, i32 35" [top.cpp:68]   --->   Operation 70 'bitselect' 'tmp' <Predicate = true> <Delay = 0.00>
ST_5 : Operation 71 [1/1] (0.00ns)   --->   "%zext_ln68 = zext i28 %tmp_13" [top.cpp:68]   --->   Operation 71 'zext' 'zext_ln68' <Predicate = true> <Delay = 0.00>
ST_5 : Operation 72 [1/1] (1.15ns)   --->   "%sub_ln68_1 = sub i29 0, i29 %zext_ln68" [top.cpp:68]   --->   Operation 72 'sub' 'sub_ln68_1' <Predicate = true> <Delay = 1.15> <CoreInst = "Adder">   --->   Core 1 'Adder' <Latency = 0> <II = 1> <Delay = 1.15> <FuncUnit> <Opcode : 'add' 'sub'> <InPorts = 2> <OutPorts = 1>
ST_5 : Operation 73 [1/1] (0.00ns)   --->   "%tmp_14 = partselect i28 @_ssdm_op_PartSelect.i28.i36.i32.i32, i36 %sum_abs, i32 8, i32 35" [top.cpp:68]   --->   Operation 73 'partselect' 'tmp_14' <Predicate = true> <Delay = 0.00>
ST_5 : Operation 74 [1/1] (0.00ns)   --->   "%zext_ln68_1 = zext i28 %tmp_14" [top.cpp:68]   --->   Operation 74 'zext' 'zext_ln68_1' <Predicate = true> <Delay = 0.00>
ST_5 : Operation 75 [1/1] (0.43ns)   --->   "%select_ln68 = select i1 %tmp, i29 %sub_ln68_1, i29 %zext_ln68_1" [top.cpp:68]   --->   Operation 75 'select' 'select_ln68' <Predicate = true> <Delay = 0.43> <CoreInst = "Sel">   --->   Core 73 'Sel' <Latency = 0> <II = 1> <Delay = 0.43> <FuncUnit> <Opcode : 'select'> <InPorts = 3> <OutPorts = 1>
ST_5 : Operation 76 [1/1] (0.00ns)   --->   "%tmp_23 = bitselect i1 @_ssdm_op_BitSelect.i1.i29.i32, i29 %select_ln68, i32 28" [top.cpp:68]   --->   Operation 76 'bitselect' 'tmp_23' <Predicate = true> <Delay = 0.00>
ST_5 : Operation 77 [1/1] (0.00ns)   --->   "%avg_abs = partselect i27 @_ssdm_op_PartSelect.i27.i29.i32.i32, i29 %select_ln68, i32 2, i32 28" [top.cpp:68]   --->   Operation 77 'partselect' 'avg_abs' <Predicate = true> <Delay = 0.00>
ST_5 : Operation 78 [1/1] (0.00ns)   --->   "%sext_ln68 = sext i27 %avg_abs" [top.cpp:68]   --->   Operation 78 'sext' 'sext_ln68' <Predicate = true> <Delay = 0.00>
ST_5 : Operation 79 [1/1] (0.00ns)   --->   "%tmp_24 = bitselect i1 @_ssdm_op_BitSelect.i1.i29.i32, i29 %select_ln68, i32 1" [top.cpp:68]   --->   Operation 79 'bitselect' 'tmp_24' <Predicate = true> <Delay = 0.00>
ST_5 : Operation 80 [1/1] (0.00ns)   --->   "%zext_ln68_2 = zext i1 %tmp_24" [top.cpp:68]   --->   Operation 80 'zext' 'zext_ln68_2' <Predicate = true> <Delay = 0.00>
ST_5 : Operation 81 [1/1] (1.14ns)   --->   "%avg_abs_1 = add i28 %sext_ln68, i28 %zext_ln68_2" [top.cpp:68]   --->   Operation 81 'add' 'avg_abs_1' <Predicate = true> <Delay = 1.14> <CoreInst = "Adder">   --->   Core 1 'Adder' <Latency = 0> <II = 1> <Delay = 1.14> <FuncUnit> <Opcode : 'add' 'sub'> <InPorts = 2> <OutPorts = 1>
ST_5 : Operation 82 [1/1] (0.00ns)   --->   "%sext_ln68_1 = sext i28 %avg_abs_1" [top.cpp:68]   --->   Operation 82 'sext' 'sext_ln68_1' <Predicate = true> <Delay = 0.00>
ST_5 : Operation 83 [1/1] (0.00ns)   --->   "%tmp_25 = bitselect i1 @_ssdm_op_BitSelect.i1.i32.i32, i32 %sext_ln68_1, i32 31" [top.cpp:68]   --->   Operation 83 'bitselect' 'tmp_25' <Predicate = true> <Delay = 0.00>
ST_5 : Operation 84 [1/1] (0.00ns) (grouped into LUT with out node and_ln68)   --->   "%xor_ln68 = xor i1 %tmp_25, i1 1" [top.cpp:68]   --->   Operation 84 'xor' 'xor_ln68' <Predicate = true> <Delay = 0.00> <CoreInst = "LogicGate">   --->   Core 74 'LogicGate' <Latency = 0> <II = 1> <Delay = 0.33> <FuncUnit> <Opcode : 'and' 'or' 'xor'> <InPorts = 2> <OutPorts = 1>
ST_5 : Operation 85 [1/1] (0.33ns) (out node of the LUT)   --->   "%and_ln68 = and i1 %tmp_23, i1 %xor_ln68" [top.cpp:68]   --->   Operation 85 'and' 'and_ln68' <Predicate = true> <Delay = 0.33> <CoreInst = "LogicGate">   --->   Core 74 'LogicGate' <Latency = 0> <II = 1> <Delay = 0.33> <FuncUnit> <Opcode : 'and' 'or' 'xor'> <InPorts = 2> <OutPorts = 1>
ST_5 : Operation 86 [1/1] (0.33ns)   --->   "%xor_ln68_1 = xor i1 %tmp_23, i1 1" [top.cpp:68]   --->   Operation 86 'xor' 'xor_ln68_1' <Predicate = true> <Delay = 0.33> <CoreInst = "LogicGate">   --->   Core 74 'LogicGate' <Latency = 0> <II = 1> <Delay = 0.33> <FuncUnit> <Opcode : 'and' 'or' 'xor'> <InPorts = 2> <OutPorts = 1>
ST_5 : Operation 87 [1/1] (0.00ns) (grouped into LUT with out node and_ln68_1)   --->   "%or_ln68_2 = or i1 %tmp_25, i1 %xor_ln68_1" [top.cpp:68]   --->   Operation 87 'or' 'or_ln68_2' <Predicate = true> <Delay = 0.00> <CoreInst = "LogicGate">   --->   Core 74 'LogicGate' <Latency = 0> <II = 1> <Delay = 0.33> <FuncUnit> <Opcode : 'and' 'or' 'xor'> <InPorts = 2> <OutPorts = 1>
ST_5 : Operation 88 [1/1] (0.00ns) (grouped into LUT with out node and_ln68_1)   --->   "%xor_ln68_2 = xor i1 %tmp_23, i1 %or_ln68_2" [top.cpp:68]   --->   Operation 88 'xor' 'xor_ln68_2' <Predicate = true> <Delay = 0.00> <CoreInst = "LogicGate">   --->   Core 74 'LogicGate' <Latency = 0> <II = 1> <Delay = 0.33> <FuncUnit> <Opcode : 'and' 'or' 'xor'> <InPorts = 2> <OutPorts = 1>
ST_5 : Operation 89 [1/1] (0.00ns) (grouped into LUT with out node or_ln68_1)   --->   "%xor_ln68_4 = xor i1 %and_ln68, i1 %tmp_23" [top.cpp:68]   --->   Operation 89 'xor' 'xor_ln68_4' <Predicate = true> <Delay = 0.00> <CoreInst = "LogicGate">   --->   Core 74 'LogicGate' <Latency = 0> <II = 1> <Delay = 0.33> <FuncUnit> <Opcode : 'and' 'or' 'xor'> <InPorts = 2> <OutPorts = 1>
ST_5 : Operation 90 [1/1] (0.00ns) (grouped into LUT with out node and_ln68_1)   --->   "%xor_ln68_3 = xor i1 %xor_ln68_2, i1 1" [top.cpp:68]   --->   Operation 90 'xor' 'xor_ln68_3' <Predicate = true> <Delay = 0.00> <CoreInst = "LogicGate">   --->   Core 74 'LogicGate' <Latency = 0> <II = 1> <Delay = 0.33> <FuncUnit> <Opcode : 'and' 'or' 'xor'> <InPorts = 2> <OutPorts = 1>
ST_5 : Operation 91 [1/1] (0.00ns) (grouped into LUT with out node and_ln68_1)   --->   "%or_ln68 = or i1 %tmp_25, i1 %xor_ln68_3" [top.cpp:68]   --->   Operation 91 'or' 'or_ln68' <Predicate = true> <Delay = 0.00> <CoreInst = "LogicGate">   --->   Core 74 'LogicGate' <Latency = 0> <II = 1> <Delay = 0.33> <FuncUnit> <Opcode : 'and' 'or' 'xor'> <InPorts = 2> <OutPorts = 1>
ST_5 : Operation 92 [1/1] (0.33ns) (out node of the LUT)   --->   "%and_ln68_1 = and i1 %or_ln68, i1 %xor_ln68_1" [top.cpp:68]   --->   Operation 92 'and' 'and_ln68_1' <Predicate = true> <Delay = 0.33> <CoreInst = "LogicGate">   --->   Core 74 'LogicGate' <Latency = 0> <II = 1> <Delay = 0.33> <FuncUnit> <Opcode : 'and' 'or' 'xor'> <InPorts = 2> <OutPorts = 1>
ST_5 : Operation 93 [1/1] (0.00ns) (grouped into LUT with out node or_ln68_1)   --->   "%and_ln68_2 = and i1 %tmp_25, i1 %xor_ln68_4" [top.cpp:68]   --->   Operation 93 'and' 'and_ln68_2' <Predicate = true> <Delay = 0.00> <CoreInst = "LogicGate">   --->   Core 74 'LogicGate' <Latency = 0> <II = 1> <Delay = 0.33> <FuncUnit> <Opcode : 'and' 'or' 'xor'> <InPorts = 2> <OutPorts = 1>
ST_5 : Operation 94 [1/1] (0.00ns) (grouped into LUT with out node or_ln68_1)   --->   "%or_ln68_3 = or i1 %and_ln68, i1 %and_ln68_2" [top.cpp:68]   --->   Operation 94 'or' 'or_ln68_3' <Predicate = true> <Delay = 0.00> <CoreInst = "LogicGate">   --->   Core 74 'LogicGate' <Latency = 0> <II = 1> <Delay = 0.33> <FuncUnit> <Opcode : 'and' 'or' 'xor'> <InPorts = 2> <OutPorts = 1>
ST_5 : Operation 95 [1/1] (0.00ns) (grouped into LUT with out node or_ln68_1)   --->   "%xor_ln68_5 = xor i1 %or_ln68_3, i1 1" [top.cpp:68]   --->   Operation 95 'xor' 'xor_ln68_5' <Predicate = true> <Delay = 0.00> <CoreInst = "LogicGate">   --->   Core 74 'LogicGate' <Latency = 0> <II = 1> <Delay = 0.33> <FuncUnit> <Opcode : 'and' 'or' 'xor'> <InPorts = 2> <OutPorts = 1>
ST_5 : Operation 96 [1/1] (0.00ns) (grouped into LUT with out node or_ln68_1)   --->   "%and_ln68_3 = and i1 %tmp_23, i1 %xor_ln68_5" [top.cpp:68]   --->   Operation 96 'and' 'and_ln68_3' <Predicate = true> <Delay = 0.00> <CoreInst = "LogicGate">   --->   Core 74 'LogicGate' <Latency = 0> <II = 1> <Delay = 0.33> <FuncUnit> <Opcode : 'and' 'or' 'xor'> <InPorts = 2> <OutPorts = 1>
ST_5 : Operation 97 [1/1] (0.00ns) (grouped into LUT with out node add_ln69)   --->   "%select_ln68_1 = select i1 %and_ln68_1, i32 2147483647, i32 2147483648" [top.cpp:68]   --->   Operation 97 'select' 'select_ln68_1' <Predicate = true> <Delay = 0.00> <CoreInst = "Sel">   --->   Core 73 'Sel' <Latency = 0> <II = 1> <Delay = 0.52> <FuncUnit> <Opcode : 'select'> <InPorts = 3> <OutPorts = 1>
ST_5 : Operation 98 [1/1] (0.33ns) (out node of the LUT)   --->   "%or_ln68_1 = or i1 %and_ln68_1, i1 %and_ln68_3" [top.cpp:68]   --->   Operation 98 'or' 'or_ln68_1' <Predicate = true> <Delay = 0.33> <CoreInst = "LogicGate">   --->   Core 74 'LogicGate' <Latency = 0> <II = 1> <Delay = 0.33> <FuncUnit> <Opcode : 'and' 'or' 'xor'> <InPorts = 2> <OutPorts = 1>
ST_5 : Operation 99 [1/1] (0.00ns) (grouped into LUT with out node add_ln69)   --->   "%avg_abs_2 = select i1 %or_ln68_1, i32 %select_ln68_1, i32 %sext_ln68_1" [top.cpp:68]   --->   Operation 99 'select' 'avg_abs_2' <Predicate = true> <Delay = 0.00> <CoreInst = "Sel">   --->   Core 73 'Sel' <Latency = 0> <II = 1> <Delay = 0.52> <FuncUnit> <Opcode : 'select'> <InPorts = 3> <OutPorts = 1>
ST_5 : Operation 100 [1/1] (0.00ns) (grouped into LUT with out node add_ln69)   --->   "%sext_ln69 = sext i32 %avg_abs_2" [top.cpp:69]   --->   Operation 100 'sext' 'sext_ln69' <Predicate = true> <Delay = 0.00>
ST_5 : Operation 101 [1/1] (1.20ns) (out node of the LUT)   --->   "%add_ln69 = add i33 %sext_ln69, i33 2097152" [top.cpp:69]   --->   Operation 101 'add' 'add_ln69' <Predicate = true> <Delay = 1.20> <CoreInst = "Adder">   --->   Core 1 'Adder' <Latency = 0> <II = 1> <Delay = 1.20> <FuncUnit> <Opcode : 'add' 'sub'> <InPorts = 2> <OutPorts = 1>
ST_5 : Operation 102 [1/1] (0.00ns)   --->   "%tmp_26 = bitselect i1 @_ssdm_op_BitSelect.i1.i33.i32, i33 %add_ln69, i32 32" [top.cpp:69]   --->   Operation 102 'bitselect' 'tmp_26' <Predicate = true> <Delay = 0.00>
ST_5 : Operation 103 [1/1] (0.00ns) (grouped into LUT with out node select_ln69_1)   --->   "%trunc_ln69 = trunc i33 %add_ln69" [top.cpp:69]   --->   Operation 103 'trunc' 'trunc_ln69' <Predicate = true> <Delay = 0.00>
ST_5 : Operation 104 [1/1] (0.00ns)   --->   "%tmp_27 = bitselect i1 @_ssdm_op_BitSelect.i1.i33.i32, i33 %add_ln69, i32 31" [top.cpp:69]   --->   Operation 104 'bitselect' 'tmp_27' <Predicate = true> <Delay = 0.00>
ST_5 : Operation 105 [1/1] (0.00ns) (grouped into LUT with out node select_ln69_1)   --->   "%xor_ln69 = xor i1 %tmp_26, i1 1" [top.cpp:69]   --->   Operation 105 'xor' 'xor_ln69' <Predicate = true> <Delay = 0.00> <CoreInst = "LogicGate">   --->   Core 74 'LogicGate' <Latency = 0> <II = 1> <Delay = 0.33> <FuncUnit> <Opcode : 'and' 'or' 'xor'> <InPorts = 2> <OutPorts = 1>
ST_5 : Operation 106 [1/1] (0.00ns) (grouped into LUT with out node select_ln69_1)   --->   "%and_ln69 = and i1 %tmp_27, i1 %xor_ln69" [top.cpp:69]   --->   Operation 106 'and' 'and_ln69' <Predicate = true> <Delay = 0.00> <CoreInst = "LogicGate">   --->   Core 74 'LogicGate' <Latency = 0> <II = 1> <Delay = 0.33> <FuncUnit> <Opcode : 'and' 'or' 'xor'> <InPorts = 2> <OutPorts = 1>
ST_5 : Operation 107 [1/1] (0.00ns) (grouped into LUT with out node select_ln69_1)   --->   "%xor_ln69_1 = xor i1 %tmp_26, i1 %tmp_27" [top.cpp:69]   --->   Operation 107 'xor' 'xor_ln69_1' <Predicate = true> <Delay = 0.00> <CoreInst = "LogicGate">   --->   Core 74 'LogicGate' <Latency = 0> <II = 1> <Delay = 0.33> <FuncUnit> <Opcode : 'and' 'or' 'xor'> <InPorts = 2> <OutPorts = 1>
ST_5 : Operation 108 [1/1] (0.00ns) (grouped into LUT with out node select_ln69_1)   --->   "%select_ln69 = select i1 %and_ln69, i32 2147483647, i32 2147483648" [top.cpp:69]   --->   Operation 108 'select' 'select_ln69' <Predicate = true> <Delay = 0.00> <CoreInst = "Sel">   --->   Core 73 'Sel' <Latency = 0> <II = 1> <Delay = 0.52> <FuncUnit> <Opcode : 'select'> <InPorts = 3> <OutPorts = 1>
ST_5 : Operation 109 [1/1] (0.52ns) (out node of the LUT)   --->   "%select_ln69_1 = select i1 %xor_ln69_1, i32 %select_ln69, i32 %trunc_ln69" [top.cpp:69]   --->   Operation 109 'select' 'select_ln69_1' <Predicate = true> <Delay = 0.52> <CoreInst = "Sel">   --->   Core 73 'Sel' <Latency = 0> <II = 1> <Delay = 0.52> <FuncUnit> <Opcode : 'select'> <InPorts = 3> <OutPorts = 1>
ST_5 : Operation 110 [1/1] (0.00ns)   --->   "%stats_addr = getelementptr i32 %stats, i64 0, i64 %zext_ln62" [top.cpp:69]   --->   Operation 110 'getelementptr' 'stats_addr' <Predicate = true> <Delay = 0.00>
ST_5 : Operation 111 [1/1] ( I:1.35ns O:1.35ns )   --->   "%store_ln69 = store i32 %select_ln69_1, i8 %stats_addr" [top.cpp:69]   --->   Operation 111 'store' 'store_ln69' <Predicate = true> <Delay = 1.35> <CoreInst = "RAM">   --->   Core 82 'RAM' <Latency = 1> <II = 1> <Delay = 1.35> <Storage> <Opcode : 'load' 'store'> <Ports = 2> <Width = 32> <Depth = 256> <RAM>
ST_5 : Operation 112 [1/1] (0.00ns)   --->   "%br_ln62 = br void %for.body" [top.cpp:62]   --->   Operation 112 'br' 'br_ln62' <Predicate = true> <Delay = 0.00>


============================================================
+ Verbose Summary: Timing violations
============================================================
Target clock period: 10.000ns, clock uncertainty: 2.700ns.

 <State 1>: 0.489ns
The critical path consists of the following:
	'alloca' operation 9 bit ('b', top.cpp:62) [3]  (0.000 ns)
	'store' operation 0 bit ('store_ln62', top.cpp:62) of constant 0 on local variable 'b', top.cpp:62 [4]  (0.489 ns)

 <State 2>: 1.410ns
The critical path consists of the following:
	'load' operation 9 bit ('b', top.cpp:62) on local variable 'b', top.cpp:62 [7]  (0.000 ns)
	'icmp' operation 1 bit ('icmp_ln62', top.cpp:62) [8]  (0.921 ns)
	blocking operation 0.489 ns on control path)

 <State 3>: 2.368ns
The critical path consists of the following:
	'phi' operation 9 bit ('i', top.cpp:65) with incoming values : ('add_ln65', top.cpp:65) [19]  (0.000 ns)
	'add' operation 16 bit ('add_ln66', top.cpp:66) [28]  (1.016 ns)
	'getelementptr' operation 16 bit ('s0_addr', top.cpp:66) [30]  (0.000 ns)
	'load' operation 32 bit ('x', top.cpp:66) on array 's0' [31]  (1.352 ns)

 <State 4>: 6.412ns
The critical path consists of the following:
	'load' operation 32 bit ('x', top.cpp:66) on array 's0' [31]  (1.352 ns)
	'sub' operation 33 bit ('sub_ln12', top.cpp:12->top.cpp:66) [34]  (1.203 ns)
	'and' operation 1 bit ('and_ln12', top.cpp:12->top.cpp:66) [39]  (0.000 ns)
	'select' operation 32 bit ('select_ln12', top.cpp:12->top.cpp:66) [41]  (0.525 ns)
	'sparsemux' operation 32 bit ('ref_tmp5_2', top.cpp:12->top.cpp:66) [45]  (0.489 ns)
	'add' operation 31 bit ('add_ln66_1', top.cpp:66) [50]  (1.180 ns)
	'add' operation 37 bit ('add_ln66_2', top.cpp:66) [55]  (1.219 ns)
	'select' operation 36 bit ('sum_abs', top.cpp:66) [63]  (0.445 ns)

 <State 5>: 6.478ns
The critical path consists of the following:
	'sub' operation 29 bit ('sub_ln68_1', top.cpp:68) [71]  (1.156 ns)
	'select' operation 29 bit ('select_ln68', top.cpp:68) [74]  (0.435 ns)
	'add' operation 28 bit ('avg_abs', top.cpp:68) [80]  (1.145 ns)
	'or' operation 1 bit ('or_ln68', top.cpp:68) [90]  (0.000 ns)
	'and' operation 1 bit ('and_ln68_1', top.cpp:68) [91]  (0.331 ns)
	'or' operation 1 bit ('or_ln68_1', top.cpp:68) [97]  (0.331 ns)
	'select' operation 32 bit ('avg_abs', top.cpp:68) [98]  (0.000 ns)
	'add' operation 33 bit ('add_ln69', top.cpp:69) [100]  (1.203 ns)
	'select' operation 32 bit ('select_ln69_1', top.cpp:69) [108]  (0.525 ns)
	'store' operation 0 bit ('store_ln69', top.cpp:69) of variable 'select_ln69_1', top.cpp:69 on array 'stats' [110]  (1.352 ns)


============================================================
+ Verbose Summary: Binding
============================================================
N/A
* FSMD analyzer results:
  - Output states:
 - Input state : 
  - Chain level:
	State 1
	State 2
	State 3
	State 4
	State 5


============================================================
+ Verbose Summary: Datapath Resource usage 
============================================================
N/A
