

================================================================
== Vitis HLS Report for 'K3'
================================================================
* Date:           Tue Mar 10 16:07:30 2026

* Version:        2025.1.1 (Build 6214317 on Sep 11 2025)
* Project:        project_1
* Solution:       hls (Vivado IP Flow Target)
* Product family: zynquplus
* Target device:  xczu3eg-sbva484-1-e


================================================================
== Performance Estimates
================================================================
+ Timing: 
    * Summary: 
    +--------+----------+----------+------------+
    |  Clock |  Target  | Estimated| Uncertainty|
    +--------+----------+----------+------------+
    |ap_clk  |  10.00 ns|  6.651 ns|     2.70 ns|
    +--------+----------+----------+------------+

+ Latency: 
    * Summary: 
    +---------+---------+----------+----------+-------+-------+------------------------------------------------+
    |  Latency (cycles) |  Latency (absolute) |    Interval   |                    Pipeline                    |
    |   min   |   max   |    min   |    max   |  min  |  max  |                      Type                      |
    +---------+---------+----------+----------+-------+-------+------------------------------------------------+
    |    65594|    65594|  0.656 ms|  0.656 ms|  65536|  65536|  loop auto-rewind stp (delay=0 clock cycles(s))|
    +---------+---------+----------+----------+-------+-------+------------------------------------------------+

    + Detail: 
        * Instance: 
        N/A

        * Loop: 
        +-----------------------------------+---------+---------+----------+-----------+-----------+-------+----------+
        |                                   |  Latency (cycles) | Iteration|  Initiation Interval  |  Trip |          |
        |             Loop Name             |   min   |   max   |  Latency |  achieved |   target  | Count | Pipelined|
        +-----------------------------------+---------+---------+----------+-----------+-----------+-------+----------+
        |- VITIS_LOOP_91_1_VITIS_LOOP_96_2  |    65592|    65592|        58|          1|          1|  65536|       yes|
        +-----------------------------------+---------+---------+----------+-----------+-----------+-------+----------+

============================================================
+ Verbose Summary: Synthesis Manager
============================================================
InlineROM: 1
ExposeGlobal: 0
============================================================
+ Verbose Summary: CDFG Model
============================================================
IsTopModel: 0
ResetActiveHigh: 1
IsCombinational: 2
IsDatapathOnly: 0
HasWiredReturn: 1
HasMFsm: 2
HasVarLatency: 1
IsPipeline: 0
IsRtlPipelined: 0
IsInstanceOverlapped: 0
IsDontTouch: 0
HasImplIP: 0
IsGatedGlobalClock: 0

+ Individual pipeline summary: 
  * Pipeline-0: initiation interval (II) = 1, depth = 58


============================================================
+ Verbose Summary: Schedule
============================================================
* Number of FSM states : 58
* Pipeline : 1
  Pipeline-0 : II = 1, D = 58, States = { 1 2 3 4 5 6 7 8 9 10 11 12 13 14 15 16 17 18 19 20 21 22 23 24 25 26 27 28 29 30 31 32 33 34 35 36 37 38 39 40 41 42 43 44 45 46 47 48 49 50 51 52 53 54 55 56 57 58 }
* Dataflow Pipeline: 0

* FSM state transitions: 
1 --> 2 
2 --> 3 
3 --> 4 
4 --> 5 
5 --> 6 
6 --> 7 
7 --> 8 
8 --> 9 
9 --> 10 
10 --> 11 
11 --> 12 
12 --> 13 
13 --> 14 
14 --> 15 
15 --> 16 
16 --> 17 
17 --> 18 
18 --> 19 
19 --> 20 
20 --> 21 
21 --> 22 
22 --> 23 
23 --> 24 
24 --> 25 
25 --> 26 
26 --> 27 
27 --> 28 
28 --> 29 
29 --> 30 
30 --> 31 
31 --> 32 
32 --> 33 
33 --> 34 
34 --> 35 
35 --> 36 
36 --> 37 
37 --> 38 
38 --> 39 
39 --> 40 
40 --> 41 
41 --> 42 
42 --> 43 
43 --> 44 
44 --> 45 
45 --> 46 
46 --> 47 
47 --> 48 
48 --> 49 
49 --> 50 
50 --> 51 
51 --> 52 
52 --> 53 
53 --> 54 
54 --> 55 
55 --> 56 
56 --> 57 
57 --> 58 
58 --> 

* FSM state operations: 

State 1 <SV = 0> <Delay = 2.78>
ST_1 : Operation 61 [1/1] (0.00ns)   --->   "%indvar_flatten4 = alloca i32 1"   --->   Operation 61 'alloca' 'indvar_flatten4' <Predicate = true> <Delay = 0.00>
ST_1 : Operation 62 [1/1] (0.00ns)   --->   "%i7 = alloca i32 1"   --->   Operation 62 'alloca' 'i7' <Predicate = true> <Delay = 0.00>
ST_1 : Operation 63 [1/1] (0.00ns)   --->   "%st15 = alloca i32 1"   --->   Operation 63 'alloca' 'st15' <Predicate = true> <Delay = 0.00>
ST_1 : Operation 64 [1/1] (0.00ns)   --->   "%specinterface_ln0 = specinterface void @_ssdm_op_SpecInterface, i32 %s3_to_k4, void @empty_11, i32 0, i32 0, void @empty_1, i32 0, i32 0, void @empty_1, void @empty_1, void @empty_1, i32 0, i32 0, i32 0, i32 0, void @empty_1, void @empty_1, i32 4294967295, i32 0, i32 0"   --->   Operation 64 'specinterface' 'specinterface_ln0' <Predicate = true> <Delay = 0.00>
ST_1 : Operation 65 [1/1] (0.00ns)   --->   "%specinterface_ln0 = specinterface void @_ssdm_op_SpecInterface, i32 %k2_to_k3, void @empty_11, i32 0, i32 0, void @empty_1, i32 0, i32 0, void @empty_1, void @empty_1, void @empty_1, i32 0, i32 0, i32 0, i32 0, void @empty_1, void @empty_1, i32 4294967295, i32 0, i32 0"   --->   Operation 65 'specinterface' 'specinterface_ln0' <Predicate = true> <Delay = 0.00>
ST_1 : Operation 66 [1/1] (0.00ns)   --->   "%specinterface_ln0 = specinterface void @_ssdm_op_SpecInterface, i32 %s1_to_k3, void @empty_11, i32 0, i32 0, void @empty_1, i32 0, i32 0, void @empty_1, void @empty_1, void @empty_1, i32 0, i32 0, i32 0, i32 0, void @empty_1, void @empty_1, i32 4294967295, i32 0, i32 0"   --->   Operation 66 'specinterface' 'specinterface_ln0' <Predicate = true> <Delay = 0.00>
ST_1 : Operation 67 [1/1] (0.48ns)   --->   "%store_ln0 = store i9 0, i9 %i7"   --->   Operation 67 'store' 'store_ln0' <Predicate = true> <Delay = 0.48>
ST_1 : Operation 68 [1/1] (0.48ns)   --->   "%store_ln0 = store i16 0, i16 %indvar_flatten4"   --->   Operation 68 'store' 'store_ln0' <Predicate = true> <Delay = 0.48>
ST_1 : Operation 69 [1/1] (0.48ns)   --->   "%br_ln0 = br void %for.inc10"   --->   Operation 69 'br' 'br_ln0' <Predicate = true> <Delay = 0.48>
ST_1 : Operation 70 [1/1] (0.00ns)   --->   "%icmp_ln968 = phi i1 0, void %entry, i1 %icmp_ln96, void %for.body5.split" [top.cpp:96]   --->   Operation 70 'phi' 'icmp_ln968' <Predicate = true> <Delay = 0.00>
ST_1 : Operation 71 [1/1] (0.00ns)   --->   "%first_iter_06 = phi i1 1, void %entry, i1 0, void %for.body5.split"   --->   Operation 71 'phi' 'first_iter_06' <Predicate = true> <Delay = 0.00>
ST_1 : Operation 72 [1/1] (0.00ns)   --->   "%indvar_flatten4_load = load i16 %indvar_flatten4" [top.cpp:91]   --->   Operation 72 'load' 'indvar_flatten4_load' <Predicate = true> <Delay = 0.00>
ST_1 : Operation 73 [1/1] (0.00ns)   --->   "%i7_load = load i9 %i7" [top.cpp:96]   --->   Operation 73 'load' 'i7_load' <Predicate = true> <Delay = 0.00>
ST_1 : Operation 74 [1/1] (0.00ns)   --->   "%specloopname_ln0 = specloopname void @_ssdm_op_SpecLoopName, void @VITIS_LOOP_91_1_VITIS_LOOP_96_2_str"   --->   Operation 74 'specloopname' 'specloopname_ln0' <Predicate = true> <Delay = 0.00>
ST_1 : Operation 75 [1/1] (0.00ns)   --->   "%speclooptripcount_ln0 = speclooptripcount void @_ssdm_op_SpecLoopTripCount, i64 65536, i64 65536, i64 65536"   --->   Operation 75 'speclooptripcount' 'speclooptripcount_ln0' <Predicate = true> <Delay = 0.00>
ST_1 : Operation 76 [1/1] (0.33ns)   --->   "%or_ln91 = or i1 %icmp_ln968, i1 %first_iter_06" [top.cpp:91]   --->   Operation 76 'or' 'or_ln91' <Predicate = true> <Delay = 0.33> <CoreInst = "LogicGate">   --->   Core 74 'LogicGate' <Latency = 0> <II = 1> <Delay = 0.33> <FuncUnit> <Opcode : 'and' 'or' 'xor'> <InPorts = 2> <OutPorts = 1>
ST_1 : Operation 77 [1/1] (1.01ns)   --->   "%add_ln91 = add i16 %indvar_flatten4_load, i16 1" [top.cpp:91]   --->   Operation 77 'add' 'add_ln91' <Predicate = true> <Delay = 1.01> <CoreInst = "Adder">   --->   Core 1 'Adder' <Latency = 0> <II = 1> <Delay = 1.01> <FuncUnit> <Opcode : 'add' 'sub'> <InPorts = 2> <OutPorts = 1>
ST_1 : Operation 78 [1/1] (0.00ns)   --->   "%br_ln96 = br i1 %or_ln91, void %for.body5.split, void %for.first.iter.for.body5" [top.cpp:96]   --->   Operation 78 'br' 'br_ln96' <Predicate = true> <Delay = 0.00>
ST_1 : Operation 79 [1/1] (0.92ns)   --->   "%add_ln96 = add i9 %i7_load, i9 1" [top.cpp:96]   --->   Operation 79 'add' 'add_ln96' <Predicate = true> <Delay = 0.92> <CoreInst = "Adder">   --->   Core 1 'Adder' <Latency = 0> <II = 1> <Delay = 0.92> <FuncUnit> <Opcode : 'add' 'sub'> <InPorts = 2> <OutPorts = 1>
ST_1 : Operation 80 [1/1] (0.45ns)   --->   "%i = select i1 %icmp_ln968, i9 1, i9 %add_ln96" [top.cpp:96]   --->   Operation 80 'select' 'i' <Predicate = true> <Delay = 0.45> <CoreInst = "Sel">   --->   Core 73 'Sel' <Latency = 0> <II = 1> <Delay = 0.45> <FuncUnit> <Opcode : 'select'> <InPorts = 3> <OutPorts = 1>
ST_1 : Operation 81 [1/1] (0.92ns)   --->   "%icmp_ln96 = icmp_eq  i9 %i, i9 256" [top.cpp:96]   --->   Operation 81 'icmp' 'icmp_ln96' <Predicate = true> <Delay = 0.92> <CoreInst = "Cmp">   --->   Core 9 'Cmp' <Latency = 0> <II = 1> <Delay = 0.92> <FuncUnit> <Opcode : 'seteq' 'setne' 'setle' 'setge' 'setlt' 'setgt'> <InPorts = 2> <OutPorts = 1>
ST_1 : Operation 82 [1/1] (1.01ns)   --->   "%icmp_ln91 = icmp_eq  i16 %indvar_flatten4_load, i16 65535" [top.cpp:91]   --->   Operation 82 'icmp' 'icmp_ln91' <Predicate = true> <Delay = 1.01> <CoreInst = "Cmp">   --->   Core 9 'Cmp' <Latency = 0> <II = 1> <Delay = 1.01> <FuncUnit> <Opcode : 'seteq' 'setne' 'setle' 'setge' 'setlt' 'setgt'> <InPorts = 2> <OutPorts = 1>
ST_1 : Operation 83 [1/1] (0.48ns)   --->   "%store_ln96 = store i9 %i, i9 %i7" [top.cpp:96]   --->   Operation 83 'store' 'store_ln96' <Predicate = true> <Delay = 0.48>
ST_1 : Operation 84 [1/1] (0.48ns)   --->   "%store_ln91 = store i16 %add_ln91, i16 %indvar_flatten4" [top.cpp:91]   --->   Operation 84 'store' 'store_ln91' <Predicate = true> <Delay = 0.48>
ST_1 : Operation 85 [1/1] (0.00ns)   --->   "%br_ln91 = br i1 %icmp_ln91, void %for.inc10, void %for.end12" [top.cpp:91]   --->   Operation 85 'br' 'br_ln91' <Predicate = true> <Delay = 0.00>

State 2 <SV = 1> <Delay = 2.16>
ST_2 : Operation 86 [1/1] ( I:2.16ns O:2.16ns )   --->   "%st = read i32 @_ssdm_op_Read.ap_fifo.volatile.i32P0A, i32 %k2_to_k3" [top.cpp:93]   --->   Operation 86 'read' 'st' <Predicate = (or_ln91)> <Delay = 2.16> <CoreInst = "FIFO_SRL">   --->   Core 80 'FIFO_SRL' <Latency = 0> <II = 1> <Delay = 2.16> <Storage> <Opcode : 'read' 'write' 'nbread' 'nbwrite'> <Ports = 0> <Width = 32> <Depth = 2> <FIFO>
ST_2 : Operation 87 [1/1] (0.00ns)   --->   "%store_ln93 = store i32 %st, i32 %st15" [top.cpp:93]   --->   Operation 87 'store' 'store_ln93' <Predicate = (or_ln91)> <Delay = 0.00>
ST_2 : Operation 88 [1/1] (0.00ns)   --->   "%br_ln96 = br void %for.body5.split" [top.cpp:96]   --->   Operation 88 'br' 'br_ln96' <Predicate = (or_ln91)> <Delay = 0.00>

State 3 <SV = 2> <Delay = 1.75>
ST_3 : Operation 89 [1/1] (0.00ns)   --->   "%st15_load = load i32 %st15"   --->   Operation 89 'load' 'st15_load' <Predicate = true> <Delay = 0.00>
ST_3 : Operation 90 [1/1] (0.00ns)   --->   "%shl_ln = bitconcatenate i34 @_ssdm_op_BitConcatenate.i34.i32.i2, i32 %st15_load, i2 0" [top.cpp:94]   --->   Operation 90 'bitconcatenate' 'shl_ln' <Predicate = true> <Delay = 0.00>
ST_3 : Operation 91 [1/1] (0.00ns)   --->   "%sext_ln94 = sext i34 %shl_ln" [top.cpp:94]   --->   Operation 91 'sext' 'sext_ln94' <Predicate = true> <Delay = 0.00>
ST_3 : Operation 92 [54/54] (1.75ns)   --->   "%sdiv_ln94 = sdiv i50 281474976710656, i50 %sext_ln94" [top.cpp:94]   --->   Operation 92 'sdiv' 'sdiv_ln94' <Predicate = true> <Delay = 1.75> <CoreInst = "Divider">   --->   Core 6 'Divider' <Latency = 53> <II = 1> <Delay = 1.75> <FuncUnit> <Opcode : 'udiv' 'sdiv' 'urem' 'srem'> <InPorts = 2> <OutPorts = 1>

State 4 <SV = 3> <Delay = 1.75>
ST_4 : Operation 93 [53/54] (1.75ns)   --->   "%sdiv_ln94 = sdiv i50 281474976710656, i50 %sext_ln94" [top.cpp:94]   --->   Operation 93 'sdiv' 'sdiv_ln94' <Predicate = true> <Delay = 1.75> <CoreInst = "Divider">   --->   Core 6 'Divider' <Latency = 53> <II = 1> <Delay = 1.75> <FuncUnit> <Opcode : 'udiv' 'sdiv' 'urem' 'srem'> <InPorts = 2> <OutPorts = 1>

State 5 <SV = 4> <Delay = 1.75>
ST_5 : Operation 94 [52/54] (1.75ns)   --->   "%sdiv_ln94 = sdiv i50 281474976710656, i50 %sext_ln94" [top.cpp:94]   --->   Operation 94 'sdiv' 'sdiv_ln94' <Predicate = true> <Delay = 1.75> <CoreInst = "Divider">   --->   Core 6 'Divider' <Latency = 53> <II = 1> <Delay = 1.75> <FuncUnit> <Opcode : 'udiv' 'sdiv' 'urem' 'srem'> <InPorts = 2> <OutPorts = 1>

State 6 <SV = 5> <Delay = 1.75>
ST_6 : Operation 95 [51/54] (1.75ns)   --->   "%sdiv_ln94 = sdiv i50 281474976710656, i50 %sext_ln94" [top.cpp:94]   --->   Operation 95 'sdiv' 'sdiv_ln94' <Predicate = true> <Delay = 1.75> <CoreInst = "Divider">   --->   Core 6 'Divider' <Latency = 53> <II = 1> <Delay = 1.75> <FuncUnit> <Opcode : 'udiv' 'sdiv' 'urem' 'srem'> <InPorts = 2> <OutPorts = 1>

State 7 <SV = 6> <Delay = 1.75>
ST_7 : Operation 96 [50/54] (1.75ns)   --->   "%sdiv_ln94 = sdiv i50 281474976710656, i50 %sext_ln94" [top.cpp:94]   --->   Operation 96 'sdiv' 'sdiv_ln94' <Predicate = true> <Delay = 1.75> <CoreInst = "Divider">   --->   Core 6 'Divider' <Latency = 53> <II = 1> <Delay = 1.75> <FuncUnit> <Opcode : 'udiv' 'sdiv' 'urem' 'srem'> <InPorts = 2> <OutPorts = 1>

State 8 <SV = 7> <Delay = 1.75>
ST_8 : Operation 97 [49/54] (1.75ns)   --->   "%sdiv_ln94 = sdiv i50 281474976710656, i50 %sext_ln94" [top.cpp:94]   --->   Operation 97 'sdiv' 'sdiv_ln94' <Predicate = true> <Delay = 1.75> <CoreInst = "Divider">   --->   Core 6 'Divider' <Latency = 53> <II = 1> <Delay = 1.75> <FuncUnit> <Opcode : 'udiv' 'sdiv' 'urem' 'srem'> <InPorts = 2> <OutPorts = 1>

State 9 <SV = 8> <Delay = 1.75>
ST_9 : Operation 98 [48/54] (1.75ns)   --->   "%sdiv_ln94 = sdiv i50 281474976710656, i50 %sext_ln94" [top.cpp:94]   --->   Operation 98 'sdiv' 'sdiv_ln94' <Predicate = true> <Delay = 1.75> <CoreInst = "Divider">   --->   Core 6 'Divider' <Latency = 53> <II = 1> <Delay = 1.75> <FuncUnit> <Opcode : 'udiv' 'sdiv' 'urem' 'srem'> <InPorts = 2> <OutPorts = 1>

State 10 <SV = 9> <Delay = 1.75>
ST_10 : Operation 99 [47/54] (1.75ns)   --->   "%sdiv_ln94 = sdiv i50 281474976710656, i50 %sext_ln94" [top.cpp:94]   --->   Operation 99 'sdiv' 'sdiv_ln94' <Predicate = true> <Delay = 1.75> <CoreInst = "Divider">   --->   Core 6 'Divider' <Latency = 53> <II = 1> <Delay = 1.75> <FuncUnit> <Opcode : 'udiv' 'sdiv' 'urem' 'srem'> <InPorts = 2> <OutPorts = 1>

State 11 <SV = 10> <Delay = 1.75>
ST_11 : Operation 100 [46/54] (1.75ns)   --->   "%sdiv_ln94 = sdiv i50 281474976710656, i50 %sext_ln94" [top.cpp:94]   --->   Operation 100 'sdiv' 'sdiv_ln94' <Predicate = true> <Delay = 1.75> <CoreInst = "Divider">   --->   Core 6 'Divider' <Latency = 53> <II = 1> <Delay = 1.75> <FuncUnit> <Opcode : 'udiv' 'sdiv' 'urem' 'srem'> <InPorts = 2> <OutPorts = 1>

State 12 <SV = 11> <Delay = 1.75>
ST_12 : Operation 101 [45/54] (1.75ns)   --->   "%sdiv_ln94 = sdiv i50 281474976710656, i50 %sext_ln94" [top.cpp:94]   --->   Operation 101 'sdiv' 'sdiv_ln94' <Predicate = true> <Delay = 1.75> <CoreInst = "Divider">   --->   Core 6 'Divider' <Latency = 53> <II = 1> <Delay = 1.75> <FuncUnit> <Opcode : 'udiv' 'sdiv' 'urem' 'srem'> <InPorts = 2> <OutPorts = 1>

State 13 <SV = 12> <Delay = 1.75>
ST_13 : Operation 102 [44/54] (1.75ns)   --->   "%sdiv_ln94 = sdiv i50 281474976710656, i50 %sext_ln94" [top.cpp:94]   --->   Operation 102 'sdiv' 'sdiv_ln94' <Predicate = true> <Delay = 1.75> <CoreInst = "Divider">   --->   Core 6 'Divider' <Latency = 53> <II = 1> <Delay = 1.75> <FuncUnit> <Opcode : 'udiv' 'sdiv' 'urem' 'srem'> <InPorts = 2> <OutPorts = 1>

State 14 <SV = 13> <Delay = 1.75>
ST_14 : Operation 103 [43/54] (1.75ns)   --->   "%sdiv_ln94 = sdiv i50 281474976710656, i50 %sext_ln94" [top.cpp:94]   --->   Operation 103 'sdiv' 'sdiv_ln94' <Predicate = true> <Delay = 1.75> <CoreInst = "Divider">   --->   Core 6 'Divider' <Latency = 53> <II = 1> <Delay = 1.75> <FuncUnit> <Opcode : 'udiv' 'sdiv' 'urem' 'srem'> <InPorts = 2> <OutPorts = 1>

State 15 <SV = 14> <Delay = 1.75>
ST_15 : Operation 104 [42/54] (1.75ns)   --->   "%sdiv_ln94 = sdiv i50 281474976710656, i50 %sext_ln94" [top.cpp:94]   --->   Operation 104 'sdiv' 'sdiv_ln94' <Predicate = true> <Delay = 1.75> <CoreInst = "Divider">   --->   Core 6 'Divider' <Latency = 53> <II = 1> <Delay = 1.75> <FuncUnit> <Opcode : 'udiv' 'sdiv' 'urem' 'srem'> <InPorts = 2> <OutPorts = 1>

State 16 <SV = 15> <Delay = 1.75>
ST_16 : Operation 105 [41/54] (1.75ns)   --->   "%sdiv_ln94 = sdiv i50 281474976710656, i50 %sext_ln94" [top.cpp:94]   --->   Operation 105 'sdiv' 'sdiv_ln94' <Predicate = true> <Delay = 1.75> <CoreInst = "Divider">   --->   Core 6 'Divider' <Latency = 53> <II = 1> <Delay = 1.75> <FuncUnit> <Opcode : 'udiv' 'sdiv' 'urem' 'srem'> <InPorts = 2> <OutPorts = 1>

State 17 <SV = 16> <Delay = 1.75>
ST_17 : Operation 106 [40/54] (1.75ns)   --->   "%sdiv_ln94 = sdiv i50 281474976710656, i50 %sext_ln94" [top.cpp:94]   --->   Operation 106 'sdiv' 'sdiv_ln94' <Predicate = true> <Delay = 1.75> <CoreInst = "Divider">   --->   Core 6 'Divider' <Latency = 53> <II = 1> <Delay = 1.75> <FuncUnit> <Opcode : 'udiv' 'sdiv' 'urem' 'srem'> <InPorts = 2> <OutPorts = 1>

State 18 <SV = 17> <Delay = 1.75>
ST_18 : Operation 107 [39/54] (1.75ns)   --->   "%sdiv_ln94 = sdiv i50 281474976710656, i50 %sext_ln94" [top.cpp:94]   --->   Operation 107 'sdiv' 'sdiv_ln94' <Predicate = true> <Delay = 1.75> <CoreInst = "Divider">   --->   Core 6 'Divider' <Latency = 53> <II = 1> <Delay = 1.75> <FuncUnit> <Opcode : 'udiv' 'sdiv' 'urem' 'srem'> <InPorts = 2> <OutPorts = 1>

State 19 <SV = 18> <Delay = 1.75>
ST_19 : Operation 108 [38/54] (1.75ns)   --->   "%sdiv_ln94 = sdiv i50 281474976710656, i50 %sext_ln94" [top.cpp:94]   --->   Operation 108 'sdiv' 'sdiv_ln94' <Predicate = true> <Delay = 1.75> <CoreInst = "Divider">   --->   Core 6 'Divider' <Latency = 53> <II = 1> <Delay = 1.75> <FuncUnit> <Opcode : 'udiv' 'sdiv' 'urem' 'srem'> <InPorts = 2> <OutPorts = 1>

State 20 <SV = 19> <Delay = 1.75>
ST_20 : Operation 109 [37/54] (1.75ns)   --->   "%sdiv_ln94 = sdiv i50 281474976710656, i50 %sext_ln94" [top.cpp:94]   --->   Operation 109 'sdiv' 'sdiv_ln94' <Predicate = true> <Delay = 1.75> <CoreInst = "Divider">   --->   Core 6 'Divider' <Latency = 53> <II = 1> <Delay = 1.75> <FuncUnit> <Opcode : 'udiv' 'sdiv' 'urem' 'srem'> <InPorts = 2> <OutPorts = 1>

State 21 <SV = 20> <Delay = 1.75>
ST_21 : Operation 110 [36/54] (1.75ns)   --->   "%sdiv_ln94 = sdiv i50 281474976710656, i50 %sext_ln94" [top.cpp:94]   --->   Operation 110 'sdiv' 'sdiv_ln94' <Predicate = true> <Delay = 1.75> <CoreInst = "Divider">   --->   Core 6 'Divider' <Latency = 53> <II = 1> <Delay = 1.75> <FuncUnit> <Opcode : 'udiv' 'sdiv' 'urem' 'srem'> <InPorts = 2> <OutPorts = 1>

State 22 <SV = 21> <Delay = 1.75>
ST_22 : Operation 111 [35/54] (1.75ns)   --->   "%sdiv_ln94 = sdiv i50 281474976710656, i50 %sext_ln94" [top.cpp:94]   --->   Operation 111 'sdiv' 'sdiv_ln94' <Predicate = true> <Delay = 1.75> <CoreInst = "Divider">   --->   Core 6 'Divider' <Latency = 53> <II = 1> <Delay = 1.75> <FuncUnit> <Opcode : 'udiv' 'sdiv' 'urem' 'srem'> <InPorts = 2> <OutPorts = 1>

State 23 <SV = 22> <Delay = 1.75>
ST_23 : Operation 112 [34/54] (1.75ns)   --->   "%sdiv_ln94 = sdiv i50 281474976710656, i50 %sext_ln94" [top.cpp:94]   --->   Operation 112 'sdiv' 'sdiv_ln94' <Predicate = true> <Delay = 1.75> <CoreInst = "Divider">   --->   Core 6 'Divider' <Latency = 53> <II = 1> <Delay = 1.75> <FuncUnit> <Opcode : 'udiv' 'sdiv' 'urem' 'srem'> <InPorts = 2> <OutPorts = 1>

State 24 <SV = 23> <Delay = 1.75>
ST_24 : Operation 113 [33/54] (1.75ns)   --->   "%sdiv_ln94 = sdiv i50 281474976710656, i50 %sext_ln94" [top.cpp:94]   --->   Operation 113 'sdiv' 'sdiv_ln94' <Predicate = true> <Delay = 1.75> <CoreInst = "Divider">   --->   Core 6 'Divider' <Latency = 53> <II = 1> <Delay = 1.75> <FuncUnit> <Opcode : 'udiv' 'sdiv' 'urem' 'srem'> <InPorts = 2> <OutPorts = 1>

State 25 <SV = 24> <Delay = 1.75>
ST_25 : Operation 114 [32/54] (1.75ns)   --->   "%sdiv_ln94 = sdiv i50 281474976710656, i50 %sext_ln94" [top.cpp:94]   --->   Operation 114 'sdiv' 'sdiv_ln94' <Predicate = true> <Delay = 1.75> <CoreInst = "Divider">   --->   Core 6 'Divider' <Latency = 53> <II = 1> <Delay = 1.75> <FuncUnit> <Opcode : 'udiv' 'sdiv' 'urem' 'srem'> <InPorts = 2> <OutPorts = 1>

State 26 <SV = 25> <Delay = 1.75>
ST_26 : Operation 115 [31/54] (1.75ns)   --->   "%sdiv_ln94 = sdiv i50 281474976710656, i50 %sext_ln94" [top.cpp:94]   --->   Operation 115 'sdiv' 'sdiv_ln94' <Predicate = true> <Delay = 1.75> <CoreInst = "Divider">   --->   Core 6 'Divider' <Latency = 53> <II = 1> <Delay = 1.75> <FuncUnit> <Opcode : 'udiv' 'sdiv' 'urem' 'srem'> <InPorts = 2> <OutPorts = 1>

State 27 <SV = 26> <Delay = 1.75>
ST_27 : Operation 116 [30/54] (1.75ns)   --->   "%sdiv_ln94 = sdiv i50 281474976710656, i50 %sext_ln94" [top.cpp:94]   --->   Operation 116 'sdiv' 'sdiv_ln94' <Predicate = true> <Delay = 1.75> <CoreInst = "Divider">   --->   Core 6 'Divider' <Latency = 53> <II = 1> <Delay = 1.75> <FuncUnit> <Opcode : 'udiv' 'sdiv' 'urem' 'srem'> <InPorts = 2> <OutPorts = 1>

State 28 <SV = 27> <Delay = 1.75>
ST_28 : Operation 117 [29/54] (1.75ns)   --->   "%sdiv_ln94 = sdiv i50 281474976710656, i50 %sext_ln94" [top.cpp:94]   --->   Operation 117 'sdiv' 'sdiv_ln94' <Predicate = true> <Delay = 1.75> <CoreInst = "Divider">   --->   Core 6 'Divider' <Latency = 53> <II = 1> <Delay = 1.75> <FuncUnit> <Opcode : 'udiv' 'sdiv' 'urem' 'srem'> <InPorts = 2> <OutPorts = 1>

State 29 <SV = 28> <Delay = 1.75>
ST_29 : Operation 118 [28/54] (1.75ns)   --->   "%sdiv_ln94 = sdiv i50 281474976710656, i50 %sext_ln94" [top.cpp:94]   --->   Operation 118 'sdiv' 'sdiv_ln94' <Predicate = true> <Delay = 1.75> <CoreInst = "Divider">   --->   Core 6 'Divider' <Latency = 53> <II = 1> <Delay = 1.75> <FuncUnit> <Opcode : 'udiv' 'sdiv' 'urem' 'srem'> <InPorts = 2> <OutPorts = 1>

State 30 <SV = 29> <Delay = 1.75>
ST_30 : Operation 119 [27/54] (1.75ns)   --->   "%sdiv_ln94 = sdiv i50 281474976710656, i50 %sext_ln94" [top.cpp:94]   --->   Operation 119 'sdiv' 'sdiv_ln94' <Predicate = true> <Delay = 1.75> <CoreInst = "Divider">   --->   Core 6 'Divider' <Latency = 53> <II = 1> <Delay = 1.75> <FuncUnit> <Opcode : 'udiv' 'sdiv' 'urem' 'srem'> <InPorts = 2> <OutPorts = 1>

State 31 <SV = 30> <Delay = 1.75>
ST_31 : Operation 120 [26/54] (1.75ns)   --->   "%sdiv_ln94 = sdiv i50 281474976710656, i50 %sext_ln94" [top.cpp:94]   --->   Operation 120 'sdiv' 'sdiv_ln94' <Predicate = true> <Delay = 1.75> <CoreInst = "Divider">   --->   Core 6 'Divider' <Latency = 53> <II = 1> <Delay = 1.75> <FuncUnit> <Opcode : 'udiv' 'sdiv' 'urem' 'srem'> <InPorts = 2> <OutPorts = 1>

State 32 <SV = 31> <Delay = 1.75>
ST_32 : Operation 121 [25/54] (1.75ns)   --->   "%sdiv_ln94 = sdiv i50 281474976710656, i50 %sext_ln94" [top.cpp:94]   --->   Operation 121 'sdiv' 'sdiv_ln94' <Predicate = true> <Delay = 1.75> <CoreInst = "Divider">   --->   Core 6 'Divider' <Latency = 53> <II = 1> <Delay = 1.75> <FuncUnit> <Opcode : 'udiv' 'sdiv' 'urem' 'srem'> <InPorts = 2> <OutPorts = 1>

State 33 <SV = 32> <Delay = 1.75>
ST_33 : Operation 122 [24/54] (1.75ns)   --->   "%sdiv_ln94 = sdiv i50 281474976710656, i50 %sext_ln94" [top.cpp:94]   --->   Operation 122 'sdiv' 'sdiv_ln94' <Predicate = true> <Delay = 1.75> <CoreInst = "Divider">   --->   Core 6 'Divider' <Latency = 53> <II = 1> <Delay = 1.75> <FuncUnit> <Opcode : 'udiv' 'sdiv' 'urem' 'srem'> <InPorts = 2> <OutPorts = 1>

State 34 <SV = 33> <Delay = 1.75>
ST_34 : Operation 123 [23/54] (1.75ns)   --->   "%sdiv_ln94 = sdiv i50 281474976710656, i50 %sext_ln94" [top.cpp:94]   --->   Operation 123 'sdiv' 'sdiv_ln94' <Predicate = true> <Delay = 1.75> <CoreInst = "Divider">   --->   Core 6 'Divider' <Latency = 53> <II = 1> <Delay = 1.75> <FuncUnit> <Opcode : 'udiv' 'sdiv' 'urem' 'srem'> <InPorts = 2> <OutPorts = 1>

State 35 <SV = 34> <Delay = 1.75>
ST_35 : Operation 124 [22/54] (1.75ns)   --->   "%sdiv_ln94 = sdiv i50 281474976710656, i50 %sext_ln94" [top.cpp:94]   --->   Operation 124 'sdiv' 'sdiv_ln94' <Predicate = true> <Delay = 1.75> <CoreInst = "Divider">   --->   Core 6 'Divider' <Latency = 53> <II = 1> <Delay = 1.75> <FuncUnit> <Opcode : 'udiv' 'sdiv' 'urem' 'srem'> <InPorts = 2> <OutPorts = 1>

State 36 <SV = 35> <Delay = 1.75>
ST_36 : Operation 125 [21/54] (1.75ns)   --->   "%sdiv_ln94 = sdiv i50 281474976710656, i50 %sext_ln94" [top.cpp:94]   --->   Operation 125 'sdiv' 'sdiv_ln94' <Predicate = true> <Delay = 1.75> <CoreInst = "Divider">   --->   Core 6 'Divider' <Latency = 53> <II = 1> <Delay = 1.75> <FuncUnit> <Opcode : 'udiv' 'sdiv' 'urem' 'srem'> <InPorts = 2> <OutPorts = 1>

State 37 <SV = 36> <Delay = 1.75>
ST_37 : Operation 126 [20/54] (1.75ns)   --->   "%sdiv_ln94 = sdiv i50 281474976710656, i50 %sext_ln94" [top.cpp:94]   --->   Operation 126 'sdiv' 'sdiv_ln94' <Predicate = true> <Delay = 1.75> <CoreInst = "Divider">   --->   Core 6 'Divider' <Latency = 53> <II = 1> <Delay = 1.75> <FuncUnit> <Opcode : 'udiv' 'sdiv' 'urem' 'srem'> <InPorts = 2> <OutPorts = 1>

State 38 <SV = 37> <Delay = 1.75>
ST_38 : Operation 127 [19/54] (1.75ns)   --->   "%sdiv_ln94 = sdiv i50 281474976710656, i50 %sext_ln94" [top.cpp:94]   --->   Operation 127 'sdiv' 'sdiv_ln94' <Predicate = true> <Delay = 1.75> <CoreInst = "Divider">   --->   Core 6 'Divider' <Latency = 53> <II = 1> <Delay = 1.75> <FuncUnit> <Opcode : 'udiv' 'sdiv' 'urem' 'srem'> <InPorts = 2> <OutPorts = 1>

State 39 <SV = 38> <Delay = 1.75>
ST_39 : Operation 128 [18/54] (1.75ns)   --->   "%sdiv_ln94 = sdiv i50 281474976710656, i50 %sext_ln94" [top.cpp:94]   --->   Operation 128 'sdiv' 'sdiv_ln94' <Predicate = true> <Delay = 1.75> <CoreInst = "Divider">   --->   Core 6 'Divider' <Latency = 53> <II = 1> <Delay = 1.75> <FuncUnit> <Opcode : 'udiv' 'sdiv' 'urem' 'srem'> <InPorts = 2> <OutPorts = 1>

State 40 <SV = 39> <Delay = 1.75>
ST_40 : Operation 129 [17/54] (1.75ns)   --->   "%sdiv_ln94 = sdiv i50 281474976710656, i50 %sext_ln94" [top.cpp:94]   --->   Operation 129 'sdiv' 'sdiv_ln94' <Predicate = true> <Delay = 1.75> <CoreInst = "Divider">   --->   Core 6 'Divider' <Latency = 53> <II = 1> <Delay = 1.75> <FuncUnit> <Opcode : 'udiv' 'sdiv' 'urem' 'srem'> <InPorts = 2> <OutPorts = 1>

State 41 <SV = 40> <Delay = 1.75>
ST_41 : Operation 130 [16/54] (1.75ns)   --->   "%sdiv_ln94 = sdiv i50 281474976710656, i50 %sext_ln94" [top.cpp:94]   --->   Operation 130 'sdiv' 'sdiv_ln94' <Predicate = true> <Delay = 1.75> <CoreInst = "Divider">   --->   Core 6 'Divider' <Latency = 53> <II = 1> <Delay = 1.75> <FuncUnit> <Opcode : 'udiv' 'sdiv' 'urem' 'srem'> <InPorts = 2> <OutPorts = 1>

State 42 <SV = 41> <Delay = 1.75>
ST_42 : Operation 131 [15/54] (1.75ns)   --->   "%sdiv_ln94 = sdiv i50 281474976710656, i50 %sext_ln94" [top.cpp:94]   --->   Operation 131 'sdiv' 'sdiv_ln94' <Predicate = true> <Delay = 1.75> <CoreInst = "Divider">   --->   Core 6 'Divider' <Latency = 53> <II = 1> <Delay = 1.75> <FuncUnit> <Opcode : 'udiv' 'sdiv' 'urem' 'srem'> <InPorts = 2> <OutPorts = 1>

State 43 <SV = 42> <Delay = 1.75>
ST_43 : Operation 132 [14/54] (1.75ns)   --->   "%sdiv_ln94 = sdiv i50 281474976710656, i50 %sext_ln94" [top.cpp:94]   --->   Operation 132 'sdiv' 'sdiv_ln94' <Predicate = true> <Delay = 1.75> <CoreInst = "Divider">   --->   Core 6 'Divider' <Latency = 53> <II = 1> <Delay = 1.75> <FuncUnit> <Opcode : 'udiv' 'sdiv' 'urem' 'srem'> <InPorts = 2> <OutPorts = 1>

State 44 <SV = 43> <Delay = 1.75>
ST_44 : Operation 133 [13/54] (1.75ns)   --->   "%sdiv_ln94 = sdiv i50 281474976710656, i50 %sext_ln94" [top.cpp:94]   --->   Operation 133 'sdiv' 'sdiv_ln94' <Predicate = true> <Delay = 1.75> <CoreInst = "Divider">   --->   Core 6 'Divider' <Latency = 53> <II = 1> <Delay = 1.75> <FuncUnit> <Opcode : 'udiv' 'sdiv' 'urem' 'srem'> <InPorts = 2> <OutPorts = 1>

State 45 <SV = 44> <Delay = 1.75>
ST_45 : Operation 134 [12/54] (1.75ns)   --->   "%sdiv_ln94 = sdiv i50 281474976710656, i50 %sext_ln94" [top.cpp:94]   --->   Operation 134 'sdiv' 'sdiv_ln94' <Predicate = true> <Delay = 1.75> <CoreInst = "Divider">   --->   Core 6 'Divider' <Latency = 53> <II = 1> <Delay = 1.75> <FuncUnit> <Opcode : 'udiv' 'sdiv' 'urem' 'srem'> <InPorts = 2> <OutPorts = 1>

State 46 <SV = 45> <Delay = 1.75>
ST_46 : Operation 135 [11/54] (1.75ns)   --->   "%sdiv_ln94 = sdiv i50 281474976710656, i50 %sext_ln94" [top.cpp:94]   --->   Operation 135 'sdiv' 'sdiv_ln94' <Predicate = true> <Delay = 1.75> <CoreInst = "Divider">   --->   Core 6 'Divider' <Latency = 53> <II = 1> <Delay = 1.75> <FuncUnit> <Opcode : 'udiv' 'sdiv' 'urem' 'srem'> <InPorts = 2> <OutPorts = 1>

State 47 <SV = 46> <Delay = 1.75>
ST_47 : Operation 136 [10/54] (1.75ns)   --->   "%sdiv_ln94 = sdiv i50 281474976710656, i50 %sext_ln94" [top.cpp:94]   --->   Operation 136 'sdiv' 'sdiv_ln94' <Predicate = true> <Delay = 1.75> <CoreInst = "Divider">   --->   Core 6 'Divider' <Latency = 53> <II = 1> <Delay = 1.75> <FuncUnit> <Opcode : 'udiv' 'sdiv' 'urem' 'srem'> <InPorts = 2> <OutPorts = 1>

State 48 <SV = 47> <Delay = 1.75>
ST_48 : Operation 137 [9/54] (1.75ns)   --->   "%sdiv_ln94 = sdiv i50 281474976710656, i50 %sext_ln94" [top.cpp:94]   --->   Operation 137 'sdiv' 'sdiv_ln94' <Predicate = true> <Delay = 1.75> <CoreInst = "Divider">   --->   Core 6 'Divider' <Latency = 53> <II = 1> <Delay = 1.75> <FuncUnit> <Opcode : 'udiv' 'sdiv' 'urem' 'srem'> <InPorts = 2> <OutPorts = 1>

State 49 <SV = 48> <Delay = 1.75>
ST_49 : Operation 138 [8/54] (1.75ns)   --->   "%sdiv_ln94 = sdiv i50 281474976710656, i50 %sext_ln94" [top.cpp:94]   --->   Operation 138 'sdiv' 'sdiv_ln94' <Predicate = true> <Delay = 1.75> <CoreInst = "Divider">   --->   Core 6 'Divider' <Latency = 53> <II = 1> <Delay = 1.75> <FuncUnit> <Opcode : 'udiv' 'sdiv' 'urem' 'srem'> <InPorts = 2> <OutPorts = 1>

State 50 <SV = 49> <Delay = 1.75>
ST_50 : Operation 139 [7/54] (1.75ns)   --->   "%sdiv_ln94 = sdiv i50 281474976710656, i50 %sext_ln94" [top.cpp:94]   --->   Operation 139 'sdiv' 'sdiv_ln94' <Predicate = true> <Delay = 1.75> <CoreInst = "Divider">   --->   Core 6 'Divider' <Latency = 53> <II = 1> <Delay = 1.75> <FuncUnit> <Opcode : 'udiv' 'sdiv' 'urem' 'srem'> <InPorts = 2> <OutPorts = 1>

State 51 <SV = 50> <Delay = 1.75>
ST_51 : Operation 140 [6/54] (1.75ns)   --->   "%sdiv_ln94 = sdiv i50 281474976710656, i50 %sext_ln94" [top.cpp:94]   --->   Operation 140 'sdiv' 'sdiv_ln94' <Predicate = true> <Delay = 1.75> <CoreInst = "Divider">   --->   Core 6 'Divider' <Latency = 53> <II = 1> <Delay = 1.75> <FuncUnit> <Opcode : 'udiv' 'sdiv' 'urem' 'srem'> <InPorts = 2> <OutPorts = 1>

State 52 <SV = 51> <Delay = 1.75>
ST_52 : Operation 141 [5/54] (1.75ns)   --->   "%sdiv_ln94 = sdiv i50 281474976710656, i50 %sext_ln94" [top.cpp:94]   --->   Operation 141 'sdiv' 'sdiv_ln94' <Predicate = true> <Delay = 1.75> <CoreInst = "Divider">   --->   Core 6 'Divider' <Latency = 53> <II = 1> <Delay = 1.75> <FuncUnit> <Opcode : 'udiv' 'sdiv' 'urem' 'srem'> <InPorts = 2> <OutPorts = 1>

State 53 <SV = 52> <Delay = 1.75>
ST_53 : Operation 142 [4/54] (1.75ns)   --->   "%sdiv_ln94 = sdiv i50 281474976710656, i50 %sext_ln94" [top.cpp:94]   --->   Operation 142 'sdiv' 'sdiv_ln94' <Predicate = true> <Delay = 1.75> <CoreInst = "Divider">   --->   Core 6 'Divider' <Latency = 53> <II = 1> <Delay = 1.75> <FuncUnit> <Opcode : 'udiv' 'sdiv' 'urem' 'srem'> <InPorts = 2> <OutPorts = 1>

State 54 <SV = 53> <Delay = 1.75>
ST_54 : Operation 143 [3/54] (1.75ns)   --->   "%sdiv_ln94 = sdiv i50 281474976710656, i50 %sext_ln94" [top.cpp:94]   --->   Operation 143 'sdiv' 'sdiv_ln94' <Predicate = true> <Delay = 1.75> <CoreInst = "Divider">   --->   Core 6 'Divider' <Latency = 53> <II = 1> <Delay = 1.75> <FuncUnit> <Opcode : 'udiv' 'sdiv' 'urem' 'srem'> <InPorts = 2> <OutPorts = 1>

State 55 <SV = 54> <Delay = 1.75>
ST_55 : Operation 144 [2/54] (1.75ns)   --->   "%sdiv_ln94 = sdiv i50 281474976710656, i50 %sext_ln94" [top.cpp:94]   --->   Operation 144 'sdiv' 'sdiv_ln94' <Predicate = true> <Delay = 1.75> <CoreInst = "Divider">   --->   Core 6 'Divider' <Latency = 53> <II = 1> <Delay = 1.75> <FuncUnit> <Opcode : 'udiv' 'sdiv' 'urem' 'srem'> <InPorts = 2> <OutPorts = 1>

State 56 <SV = 55> <Delay = 4.47>
ST_56 : Operation 145 [1/54] (1.75ns)   --->   "%sdiv_ln94 = sdiv i50 281474976710656, i50 %sext_ln94" [top.cpp:94]   --->   Operation 145 'sdiv' 'sdiv_ln94' <Predicate = true> <Delay = 1.75> <CoreInst = "Divider">   --->   Core 6 'Divider' <Latency = 53> <II = 1> <Delay = 1.75> <FuncUnit> <Opcode : 'udiv' 'sdiv' 'urem' 'srem'> <InPorts = 2> <OutPorts = 1>
ST_56 : Operation 146 [1/1] (0.00ns)   --->   "%tmp = bitselect i1 @_ssdm_op_BitSelect.i1.i50.i32, i50 %sdiv_ln94, i32 49" [top.cpp:94]   --->   Operation 146 'bitselect' 'tmp' <Predicate = true> <Delay = 0.00>
ST_56 : Operation 147 [1/1] (0.00ns)   --->   "%inv_st = partselect i32 @_ssdm_op_PartSelect.i32.i50.i32.i32, i50 %sdiv_ln94, i32 2, i32 33" [top.cpp:94]   --->   Operation 147 'partselect' 'inv_st' <Predicate = true> <Delay = 0.00>
ST_56 : Operation 148 [1/1] (0.00ns)   --->   "%tmp_7 = bitselect i1 @_ssdm_op_BitSelect.i1.i50.i32, i50 %sdiv_ln94, i32 1" [top.cpp:94]   --->   Operation 148 'bitselect' 'tmp_7' <Predicate = true> <Delay = 0.00>
ST_56 : Operation 149 [1/1] (0.00ns) (grouped into LUT with out node and_ln94)   --->   "%tmp_8 = bitselect i1 @_ssdm_op_BitSelect.i1.i50.i32, i50 %sdiv_ln94, i32 33" [top.cpp:94]   --->   Operation 149 'bitselect' 'tmp_8' <Predicate = true> <Delay = 0.00>
ST_56 : Operation 150 [1/1] (0.00ns)   --->   "%zext_ln94 = zext i1 %tmp_7" [top.cpp:94]   --->   Operation 150 'zext' 'zext_ln94' <Predicate = true> <Delay = 0.00>
ST_56 : Operation 151 [1/1] (1.20ns)   --->   "%inv_st_1 = add i32 %inv_st, i32 %zext_ln94" [top.cpp:94]   --->   Operation 151 'add' 'inv_st_1' <Predicate = true> <Delay = 1.20> <CoreInst = "Adder">   --->   Core 1 'Adder' <Latency = 0> <II = 1> <Delay = 1.20> <FuncUnit> <Opcode : 'add' 'sub'> <InPorts = 2> <OutPorts = 1>
ST_56 : Operation 152 [1/1] (0.00ns)   --->   "%tmp_9 = bitselect i1 @_ssdm_op_BitSelect.i1.i32.i32, i32 %inv_st_1, i32 31" [top.cpp:94]   --->   Operation 152 'bitselect' 'tmp_9' <Predicate = true> <Delay = 0.00>
ST_56 : Operation 153 [1/1] (0.00ns) (grouped into LUT with out node and_ln94)   --->   "%xor_ln94 = xor i1 %tmp_9, i1 1" [top.cpp:94]   --->   Operation 153 'xor' 'xor_ln94' <Predicate = true> <Delay = 0.00> <CoreInst = "LogicGate">   --->   Core 74 'LogicGate' <Latency = 0> <II = 1> <Delay = 0.33> <FuncUnit> <Opcode : 'and' 'or' 'xor'> <InPorts = 2> <OutPorts = 1>
ST_56 : Operation 154 [1/1] (0.33ns) (out node of the LUT)   --->   "%and_ln94 = and i1 %tmp_8, i1 %xor_ln94" [top.cpp:94]   --->   Operation 154 'and' 'and_ln94' <Predicate = true> <Delay = 0.33> <CoreInst = "LogicGate">   --->   Core 74 'LogicGate' <Latency = 0> <II = 1> <Delay = 0.33> <FuncUnit> <Opcode : 'and' 'or' 'xor'> <InPorts = 2> <OutPorts = 1>
ST_56 : Operation 155 [1/1] (0.00ns) (grouped into LUT with out node and_ln94_4)   --->   "%tmp_10 = bitselect i1 @_ssdm_op_BitSelect.i1.i50.i32, i50 %sdiv_ln94, i32 34" [top.cpp:94]   --->   Operation 155 'bitselect' 'tmp_10' <Predicate = true> <Delay = 0.00>
ST_56 : Operation 156 [1/1] (0.00ns)   --->   "%tmp_2 = partselect i15 @_ssdm_op_PartSelect.i15.i50.i32.i32, i50 %sdiv_ln94, i32 35, i32 49" [top.cpp:94]   --->   Operation 156 'partselect' 'tmp_2' <Predicate = true> <Delay = 0.00>
ST_56 : Operation 157 [1/1] (1.00ns)   --->   "%icmp_ln94 = icmp_eq  i15 %tmp_2, i15 32767" [top.cpp:94]   --->   Operation 157 'icmp' 'icmp_ln94' <Predicate = true> <Delay = 1.00> <CoreInst = "Cmp">   --->   Core 9 'Cmp' <Latency = 0> <II = 1> <Delay = 1.00> <FuncUnit> <Opcode : 'seteq' 'setne' 'setle' 'setge' 'setlt' 'setgt'> <InPorts = 2> <OutPorts = 1>
ST_56 : Operation 158 [1/1] (0.00ns)   --->   "%tmp_3 = partselect i16 @_ssdm_op_PartSelect.i16.i50.i32.i32, i50 %sdiv_ln94, i32 34, i32 49" [top.cpp:94]   --->   Operation 158 'partselect' 'tmp_3' <Predicate = true> <Delay = 0.00>
ST_56 : Operation 159 [1/1] (1.01ns)   --->   "%icmp_ln94_1 = icmp_eq  i16 %tmp_3, i16 65535" [top.cpp:94]   --->   Operation 159 'icmp' 'icmp_ln94_1' <Predicate = true> <Delay = 1.01> <CoreInst = "Cmp">   --->   Core 9 'Cmp' <Latency = 0> <II = 1> <Delay = 1.01> <FuncUnit> <Opcode : 'seteq' 'setne' 'setle' 'setge' 'setlt' 'setgt'> <InPorts = 2> <OutPorts = 1>
ST_56 : Operation 160 [1/1] (1.01ns)   --->   "%icmp_ln94_2 = icmp_eq  i16 %tmp_3, i16 0" [top.cpp:94]   --->   Operation 160 'icmp' 'icmp_ln94_2' <Predicate = true> <Delay = 1.01> <CoreInst = "Cmp">   --->   Core 9 'Cmp' <Latency = 0> <II = 1> <Delay = 1.01> <FuncUnit> <Opcode : 'seteq' 'setne' 'setle' 'setge' 'setlt' 'setgt'> <InPorts = 2> <OutPorts = 1>
ST_56 : Operation 161 [1/1] (0.00ns) (grouped into LUT with out node and_ln94_3)   --->   "%select_ln94 = select i1 %and_ln94, i1 %icmp_ln94_1, i1 %icmp_ln94_2" [top.cpp:94]   --->   Operation 161 'select' 'select_ln94' <Predicate = true> <Delay = 0.00> <CoreInst = "Sel">   --->   Core 73 'Sel' <Latency = 0> <II = 1> <Delay = 0.26> <FuncUnit> <Opcode : 'select'> <InPorts = 3> <OutPorts = 1>
ST_56 : Operation 162 [1/1] (0.00ns) (grouped into LUT with out node and_ln94_4)   --->   "%xor_ln94_1 = xor i1 %tmp_10, i1 1" [top.cpp:94]   --->   Operation 162 'xor' 'xor_ln94_1' <Predicate = true> <Delay = 0.00> <CoreInst = "LogicGate">   --->   Core 74 'LogicGate' <Latency = 0> <II = 1> <Delay = 0.33> <FuncUnit> <Opcode : 'and' 'or' 'xor'> <InPorts = 2> <OutPorts = 1>
ST_56 : Operation 163 [1/1] (0.00ns) (grouped into LUT with out node and_ln94_4)   --->   "%and_ln94_1 = and i1 %icmp_ln94, i1 %xor_ln94_1" [top.cpp:94]   --->   Operation 163 'and' 'and_ln94_1' <Predicate = true> <Delay = 0.00> <CoreInst = "LogicGate">   --->   Core 74 'LogicGate' <Latency = 0> <II = 1> <Delay = 0.33> <FuncUnit> <Opcode : 'and' 'or' 'xor'> <InPorts = 2> <OutPorts = 1>
ST_56 : Operation 164 [1/1] (0.00ns) (grouped into LUT with out node and_ln94_4)   --->   "%select_ln94_1 = select i1 %and_ln94, i1 %and_ln94_1, i1 %icmp_ln94_1" [top.cpp:94]   --->   Operation 164 'select' 'select_ln94_1' <Predicate = true> <Delay = 0.00> <CoreInst = "Sel">   --->   Core 73 'Sel' <Latency = 0> <II = 1> <Delay = 0.26> <FuncUnit> <Opcode : 'select'> <InPorts = 3> <OutPorts = 1>
ST_56 : Operation 165 [1/1] (0.00ns) (grouped into LUT with out node or_ln94_1)   --->   "%and_ln94_2 = and i1 %and_ln94, i1 %icmp_ln94_1" [top.cpp:94]   --->   Operation 165 'and' 'and_ln94_2' <Predicate = true> <Delay = 0.00> <CoreInst = "LogicGate">   --->   Core 74 'LogicGate' <Latency = 0> <II = 1> <Delay = 0.33> <FuncUnit> <Opcode : 'and' 'or' 'xor'> <InPorts = 2> <OutPorts = 1>
ST_56 : Operation 166 [1/1] (0.00ns) (grouped into LUT with out node and_ln94_3)   --->   "%xor_ln94_2 = xor i1 %select_ln94, i1 1" [top.cpp:94]   --->   Operation 166 'xor' 'xor_ln94_2' <Predicate = true> <Delay = 0.00> <CoreInst = "LogicGate">   --->   Core 74 'LogicGate' <Latency = 0> <II = 1> <Delay = 0.33> <FuncUnit> <Opcode : 'and' 'or' 'xor'> <InPorts = 2> <OutPorts = 1>
ST_56 : Operation 167 [1/1] (0.00ns) (grouped into LUT with out node and_ln94_3)   --->   "%or_ln94 = or i1 %tmp_9, i1 %xor_ln94_2" [top.cpp:94]   --->   Operation 167 'or' 'or_ln94' <Predicate = true> <Delay = 0.00> <CoreInst = "LogicGate">   --->   Core 74 'LogicGate' <Latency = 0> <II = 1> <Delay = 0.33> <FuncUnit> <Opcode : 'and' 'or' 'xor'> <InPorts = 2> <OutPorts = 1>
ST_56 : Operation 168 [1/1] (0.00ns) (grouped into LUT with out node and_ln94_3)   --->   "%xor_ln94_3 = xor i1 %tmp, i1 1" [top.cpp:94]   --->   Operation 168 'xor' 'xor_ln94_3' <Predicate = true> <Delay = 0.00> <CoreInst = "LogicGate">   --->   Core 74 'LogicGate' <Latency = 0> <II = 1> <Delay = 0.33> <FuncUnit> <Opcode : 'and' 'or' 'xor'> <InPorts = 2> <OutPorts = 1>
ST_56 : Operation 169 [1/1] (0.33ns) (out node of the LUT)   --->   "%and_ln94_3 = and i1 %or_ln94, i1 %xor_ln94_3" [top.cpp:94]   --->   Operation 169 'and' 'and_ln94_3' <Predicate = true> <Delay = 0.33> <CoreInst = "LogicGate">   --->   Core 74 'LogicGate' <Latency = 0> <II = 1> <Delay = 0.33> <FuncUnit> <Opcode : 'and' 'or' 'xor'> <InPorts = 2> <OutPorts = 1>
ST_56 : Operation 170 [1/1] (0.33ns) (out node of the LUT)   --->   "%and_ln94_4 = and i1 %tmp_9, i1 %select_ln94_1" [top.cpp:94]   --->   Operation 170 'and' 'and_ln94_4' <Predicate = true> <Delay = 0.33> <CoreInst = "LogicGate">   --->   Core 74 'LogicGate' <Latency = 0> <II = 1> <Delay = 0.33> <FuncUnit> <Opcode : 'and' 'or' 'xor'> <InPorts = 2> <OutPorts = 1>
ST_56 : Operation 171 [1/1] (0.00ns) (grouped into LUT with out node or_ln94_1)   --->   "%or_ln94_2 = or i1 %and_ln94_2, i1 %and_ln94_4" [top.cpp:94]   --->   Operation 171 'or' 'or_ln94_2' <Predicate = true> <Delay = 0.00> <CoreInst = "LogicGate">   --->   Core 74 'LogicGate' <Latency = 0> <II = 1> <Delay = 0.33> <FuncUnit> <Opcode : 'and' 'or' 'xor'> <InPorts = 2> <OutPorts = 1>
ST_56 : Operation 172 [1/1] (0.00ns) (grouped into LUT with out node or_ln94_1)   --->   "%xor_ln94_4 = xor i1 %or_ln94_2, i1 1" [top.cpp:94]   --->   Operation 172 'xor' 'xor_ln94_4' <Predicate = true> <Delay = 0.00> <CoreInst = "LogicGate">   --->   Core 74 'LogicGate' <Latency = 0> <II = 1> <Delay = 0.33> <FuncUnit> <Opcode : 'and' 'or' 'xor'> <InPorts = 2> <OutPorts = 1>
ST_56 : Operation 173 [1/1] (0.00ns) (grouped into LUT with out node or_ln94_1)   --->   "%and_ln94_5 = and i1 %tmp, i1 %xor_ln94_4" [top.cpp:94]   --->   Operation 173 'and' 'and_ln94_5' <Predicate = true> <Delay = 0.00> <CoreInst = "LogicGate">   --->   Core 74 'LogicGate' <Latency = 0> <II = 1> <Delay = 0.33> <FuncUnit> <Opcode : 'and' 'or' 'xor'> <InPorts = 2> <OutPorts = 1>
ST_56 : Operation 174 [1/1] (0.33ns) (out node of the LUT)   --->   "%or_ln94_1 = or i1 %and_ln94_3, i1 %and_ln94_5" [top.cpp:94]   --->   Operation 174 'or' 'or_ln94_1' <Predicate = true> <Delay = 0.33> <CoreInst = "LogicGate">   --->   Core 74 'LogicGate' <Latency = 0> <II = 1> <Delay = 0.33> <FuncUnit> <Opcode : 'and' 'or' 'xor'> <InPorts = 2> <OutPorts = 1>
ST_56 : Operation 175 [1/1] (0.00ns) (grouped into LUT with out node select_ln94_3)   --->   "%select_ln94_2 = select i1 %and_ln94_3, i32 2147483647, i32 2147483648" [top.cpp:94]   --->   Operation 175 'select' 'select_ln94_2' <Predicate = true> <Delay = 0.00> <CoreInst = "Sel">   --->   Core 73 'Sel' <Latency = 0> <II = 1> <Delay = 0.52> <FuncUnit> <Opcode : 'select'> <InPorts = 3> <OutPorts = 1>
ST_56 : Operation 176 [1/1] (0.52ns) (out node of the LUT)   --->   "%select_ln94_3 = select i1 %or_ln94_1, i32 %select_ln94_2, i32 %inv_st_1" [top.cpp:94]   --->   Operation 176 'select' 'select_ln94_3' <Predicate = true> <Delay = 0.52> <CoreInst = "Sel">   --->   Core 73 'Sel' <Latency = 0> <II = 1> <Delay = 0.52> <FuncUnit> <Opcode : 'select'> <InPorts = 3> <OutPorts = 1>
ST_56 : Operation 177 [1/1] ( I:2.02ns O:2.02ns )   --->   "%val = read i32 @_ssdm_op_Read.ap_fifo.volatile.i32P0A, i32 %s1_to_k3" [top.cpp:99]   --->   Operation 177 'read' 'val' <Predicate = true> <Delay = 2.02> <CoreInst = "FIFO">   --->   Core 77 'FIFO' <Latency = 0> <II = 1> <Delay = 2.02> <Storage> <Opcode : 'read' 'write' 'nbread' 'nbwrite'> <Ports = 0> <Width = 32> <Depth = 512> <FIFO>
ST_56 : Operation 178 [1/1] (0.00ns)   --->   "%trunc_ln100_1 = partselect i30 @_ssdm_op_PartSelect.i30.i32.i32.i32, i32 %val, i32 2, i32 31" [top.cpp:100]   --->   Operation 178 'partselect' 'trunc_ln100_1' <Predicate = true> <Delay = 0.00>
ST_56 : Operation 179 [1/1] (0.00ns)   --->   "%sext_ln100 = sext i30 %trunc_ln100_1" [top.cpp:100]   --->   Operation 179 'sext' 'sext_ln100' <Predicate = true> <Delay = 0.00>
ST_56 : Operation 180 [1/1] (0.00ns)   --->   "%tmp_11 = bitselect i1 @_ssdm_op_BitSelect.i1.i32.i32, i32 %val, i32 1" [top.cpp:100]   --->   Operation 180 'bitselect' 'tmp_11' <Predicate = true> <Delay = 0.00>
ST_56 : Operation 181 [1/1] (0.00ns)   --->   "%zext_ln100 = zext i1 %tmp_11" [top.cpp:100]   --->   Operation 181 'zext' 'zext_ln100' <Predicate = true> <Delay = 0.00>
ST_56 : Operation 182 [1/1] (1.17ns)   --->   "%add_ln100 = add i31 %sext_ln100, i31 %zext_ln100" [top.cpp:100]   --->   Operation 182 'add' 'add_ln100' <Predicate = true> <Delay = 1.17> <CoreInst = "Adder">   --->   Core 1 'Adder' <Latency = 0> <II = 1> <Delay = 1.17> <FuncUnit> <Opcode : 'add' 'sub'> <InPorts = 2> <OutPorts = 1>

State 57 <SV = 56> <Delay = 6.65>
ST_57 : Operation 183 [1/1] (0.00ns)   --->   "%shl_i_i_i = bitconcatenate i34 @_ssdm_op_BitConcatenate.i34.i32.i2, i32 %select_ln94_3, i2 0" [top.cpp:94]   --->   Operation 183 'bitconcatenate' 'shl_i_i_i' <Predicate = true> <Delay = 0.00>
ST_57 : Operation 184 [1/1] (0.00ns)   --->   "%sext_ln96 = sext i34 %shl_i_i_i" [top.cpp:96]   --->   Operation 184 'sext' 'sext_ln96' <Predicate = true> <Delay = 0.00>
ST_57 : Operation 185 [1/1] (0.00ns)   --->   "%sext_ln100_1 = sext i31 %add_ln100" [top.cpp:100]   --->   Operation 185 'sext' 'sext_ln100_1' <Predicate = true> <Delay = 0.00>
ST_57 : Operation 186 [1/1] (3.93ns)   --->   "%mul_ln100 = mul i64 %sext_ln96, i64 %sext_ln100_1" [top.cpp:100]   --->   Operation 186 'mul' 'mul_ln100' <Predicate = true> <Delay = 3.93> <CoreInst = "Multiplier">   --->   Core 3 'Multiplier' <Latency = 0> <II = 1> <Delay = 3.93> <FuncUnit> <Opcode : 'mul'> <InPorts = 2> <OutPorts = 1>
ST_57 : Operation 187 [1/1] (0.00ns)   --->   "%tmp_14 = bitselect i1 @_ssdm_op_BitSelect.i1.i64.i32, i64 %mul_ln100, i32 63" [top.cpp:100]   --->   Operation 187 'bitselect' 'tmp_14' <Predicate = true> <Delay = 0.00>
ST_57 : Operation 188 [1/1] (0.00ns)   --->   "%trunc_ln = partselect i32 @_ssdm_op_PartSelect.i32.i64.i32.i32, i64 %mul_ln100, i32 22, i32 53" [top.cpp:100]   --->   Operation 188 'partselect' 'trunc_ln' <Predicate = true> <Delay = 0.00>
ST_57 : Operation 189 [1/1] (0.00ns)   --->   "%tmp_15 = bitselect i1 @_ssdm_op_BitSelect.i1.i64.i32, i64 %mul_ln100, i32 21" [top.cpp:100]   --->   Operation 189 'bitselect' 'tmp_15' <Predicate = true> <Delay = 0.00>
ST_57 : Operation 190 [1/1] (0.00ns) (grouped into LUT with out node and_ln100)   --->   "%tmp_16 = bitselect i1 @_ssdm_op_BitSelect.i1.i64.i32, i64 %mul_ln100, i32 53" [top.cpp:100]   --->   Operation 190 'bitselect' 'tmp_16' <Predicate = true> <Delay = 0.00>
ST_57 : Operation 191 [1/1] (0.00ns)   --->   "%zext_ln100_1 = zext i1 %tmp_15" [top.cpp:100]   --->   Operation 191 'zext' 'zext_ln100_1' <Predicate = true> <Delay = 0.00>
ST_57 : Operation 192 [1/1] (1.20ns)   --->   "%add_ln100_1 = add i32 %trunc_ln, i32 %zext_ln100_1" [top.cpp:100]   --->   Operation 192 'add' 'add_ln100_1' <Predicate = true> <Delay = 1.20> <CoreInst = "Adder">   --->   Core 1 'Adder' <Latency = 0> <II = 1> <Delay = 1.20> <FuncUnit> <Opcode : 'add' 'sub'> <InPorts = 2> <OutPorts = 1>
ST_57 : Operation 193 [1/1] (0.00ns)   --->   "%tmp_17 = bitselect i1 @_ssdm_op_BitSelect.i1.i32.i32, i32 %add_ln100_1, i32 31" [top.cpp:100]   --->   Operation 193 'bitselect' 'tmp_17' <Predicate = true> <Delay = 0.00>
ST_57 : Operation 194 [1/1] (0.00ns) (grouped into LUT with out node and_ln100)   --->   "%xor_ln100 = xor i1 %tmp_17, i1 1" [top.cpp:100]   --->   Operation 194 'xor' 'xor_ln100' <Predicate = true> <Delay = 0.00> <CoreInst = "LogicGate">   --->   Core 74 'LogicGate' <Latency = 0> <II = 1> <Delay = 0.33> <FuncUnit> <Opcode : 'and' 'or' 'xor'> <InPorts = 2> <OutPorts = 1>
ST_57 : Operation 195 [1/1] (0.33ns) (out node of the LUT)   --->   "%and_ln100 = and i1 %tmp_16, i1 %xor_ln100" [top.cpp:100]   --->   Operation 195 'and' 'and_ln100' <Predicate = true> <Delay = 0.33> <CoreInst = "LogicGate">   --->   Core 74 'LogicGate' <Latency = 0> <II = 1> <Delay = 0.33> <FuncUnit> <Opcode : 'and' 'or' 'xor'> <InPorts = 2> <OutPorts = 1>
ST_57 : Operation 196 [1/1] (0.00ns) (grouped into LUT with out node and_ln100_4)   --->   "%tmp_18 = bitselect i1 @_ssdm_op_BitSelect.i1.i64.i32, i64 %mul_ln100, i32 54" [top.cpp:100]   --->   Operation 196 'bitselect' 'tmp_18' <Predicate = true> <Delay = 0.00>
ST_57 : Operation 197 [1/1] (0.00ns)   --->   "%tmp_s = partselect i9 @_ssdm_op_PartSelect.i9.i64.i32.i32, i64 %mul_ln100, i32 55, i32 63" [top.cpp:100]   --->   Operation 197 'partselect' 'tmp_s' <Predicate = true> <Delay = 0.00>
ST_57 : Operation 198 [1/1] (0.92ns)   --->   "%icmp_ln100 = icmp_eq  i9 %tmp_s, i9 511" [top.cpp:100]   --->   Operation 198 'icmp' 'icmp_ln100' <Predicate = true> <Delay = 0.92> <CoreInst = "Cmp">   --->   Core 9 'Cmp' <Latency = 0> <II = 1> <Delay = 0.92> <FuncUnit> <Opcode : 'seteq' 'setne' 'setle' 'setge' 'setlt' 'setgt'> <InPorts = 2> <OutPorts = 1>
ST_57 : Operation 199 [1/1] (0.00ns)   --->   "%tmp_1 = partselect i10 @_ssdm_op_PartSelect.i10.i64.i32.i32, i64 %mul_ln100, i32 54, i32 63" [top.cpp:100]   --->   Operation 199 'partselect' 'tmp_1' <Predicate = true> <Delay = 0.00>
ST_57 : Operation 200 [1/1] (0.93ns)   --->   "%icmp_ln100_1 = icmp_eq  i10 %tmp_1, i10 1023" [top.cpp:100]   --->   Operation 200 'icmp' 'icmp_ln100_1' <Predicate = true> <Delay = 0.93> <CoreInst = "Cmp">   --->   Core 9 'Cmp' <Latency = 0> <II = 1> <Delay = 0.93> <FuncUnit> <Opcode : 'seteq' 'setne' 'setle' 'setge' 'setlt' 'setgt'> <InPorts = 2> <OutPorts = 1>
ST_57 : Operation 201 [1/1] (0.93ns)   --->   "%icmp_ln100_2 = icmp_eq  i10 %tmp_1, i10 0" [top.cpp:100]   --->   Operation 201 'icmp' 'icmp_ln100_2' <Predicate = true> <Delay = 0.93> <CoreInst = "Cmp">   --->   Core 9 'Cmp' <Latency = 0> <II = 1> <Delay = 0.93> <FuncUnit> <Opcode : 'seteq' 'setne' 'setle' 'setge' 'setlt' 'setgt'> <InPorts = 2> <OutPorts = 1>
ST_57 : Operation 202 [1/1] (0.00ns) (grouped into LUT with out node and_ln100_3)   --->   "%select_ln100 = select i1 %and_ln100, i1 %icmp_ln100_1, i1 %icmp_ln100_2" [top.cpp:100]   --->   Operation 202 'select' 'select_ln100' <Predicate = true> <Delay = 0.00> <CoreInst = "Sel">   --->   Core 73 'Sel' <Latency = 0> <II = 1> <Delay = 0.26> <FuncUnit> <Opcode : 'select'> <InPorts = 3> <OutPorts = 1>
ST_57 : Operation 203 [1/1] (0.00ns) (grouped into LUT with out node and_ln100_4)   --->   "%xor_ln100_1 = xor i1 %tmp_18, i1 1" [top.cpp:100]   --->   Operation 203 'xor' 'xor_ln100_1' <Predicate = true> <Delay = 0.00> <CoreInst = "LogicGate">   --->   Core 74 'LogicGate' <Latency = 0> <II = 1> <Delay = 0.33> <FuncUnit> <Opcode : 'and' 'or' 'xor'> <InPorts = 2> <OutPorts = 1>
ST_57 : Operation 204 [1/1] (0.00ns) (grouped into LUT with out node and_ln100_4)   --->   "%and_ln100_1 = and i1 %icmp_ln100, i1 %xor_ln100_1" [top.cpp:100]   --->   Operation 204 'and' 'and_ln100_1' <Predicate = true> <Delay = 0.00> <CoreInst = "LogicGate">   --->   Core 74 'LogicGate' <Latency = 0> <II = 1> <Delay = 0.33> <FuncUnit> <Opcode : 'and' 'or' 'xor'> <InPorts = 2> <OutPorts = 1>
ST_57 : Operation 205 [1/1] (0.00ns) (grouped into LUT with out node and_ln100_4)   --->   "%select_ln100_1 = select i1 %and_ln100, i1 %and_ln100_1, i1 %icmp_ln100_1" [top.cpp:100]   --->   Operation 205 'select' 'select_ln100_1' <Predicate = true> <Delay = 0.00> <CoreInst = "Sel">   --->   Core 73 'Sel' <Latency = 0> <II = 1> <Delay = 0.26> <FuncUnit> <Opcode : 'select'> <InPorts = 3> <OutPorts = 1>
ST_57 : Operation 206 [1/1] (0.00ns) (grouped into LUT with out node or_ln100_1)   --->   "%and_ln100_2 = and i1 %and_ln100, i1 %icmp_ln100_1" [top.cpp:100]   --->   Operation 206 'and' 'and_ln100_2' <Predicate = true> <Delay = 0.00> <CoreInst = "LogicGate">   --->   Core 74 'LogicGate' <Latency = 0> <II = 1> <Delay = 0.33> <FuncUnit> <Opcode : 'and' 'or' 'xor'> <InPorts = 2> <OutPorts = 1>
ST_57 : Operation 207 [1/1] (0.00ns) (grouped into LUT with out node and_ln100_3)   --->   "%xor_ln100_2 = xor i1 %select_ln100, i1 1" [top.cpp:100]   --->   Operation 207 'xor' 'xor_ln100_2' <Predicate = true> <Delay = 0.00> <CoreInst = "LogicGate">   --->   Core 74 'LogicGate' <Latency = 0> <II = 1> <Delay = 0.33> <FuncUnit> <Opcode : 'and' 'or' 'xor'> <InPorts = 2> <OutPorts = 1>
ST_57 : Operation 208 [1/1] (0.00ns) (grouped into LUT with out node and_ln100_3)   --->   "%or_ln100 = or i1 %tmp_17, i1 %xor_ln100_2" [top.cpp:100]   --->   Operation 208 'or' 'or_ln100' <Predicate = true> <Delay = 0.00> <CoreInst = "LogicGate">   --->   Core 74 'LogicGate' <Latency = 0> <II = 1> <Delay = 0.33> <FuncUnit> <Opcode : 'and' 'or' 'xor'> <InPorts = 2> <OutPorts = 1>
ST_57 : Operation 209 [1/1] (0.00ns) (grouped into LUT with out node and_ln100_3)   --->   "%xor_ln100_3 = xor i1 %tmp_14, i1 1" [top.cpp:100]   --->   Operation 209 'xor' 'xor_ln100_3' <Predicate = true> <Delay = 0.00> <CoreInst = "LogicGate">   --->   Core 74 'LogicGate' <Latency = 0> <II = 1> <Delay = 0.33> <FuncUnit> <Opcode : 'and' 'or' 'xor'> <InPorts = 2> <OutPorts = 1>
ST_57 : Operation 210 [1/1] (0.33ns) (out node of the LUT)   --->   "%and_ln100_3 = and i1 %or_ln100, i1 %xor_ln100_3" [top.cpp:100]   --->   Operation 210 'and' 'and_ln100_3' <Predicate = true> <Delay = 0.33> <CoreInst = "LogicGate">   --->   Core 74 'LogicGate' <Latency = 0> <II = 1> <Delay = 0.33> <FuncUnit> <Opcode : 'and' 'or' 'xor'> <InPorts = 2> <OutPorts = 1>
ST_57 : Operation 211 [1/1] (0.33ns) (out node of the LUT)   --->   "%and_ln100_4 = and i1 %tmp_17, i1 %select_ln100_1" [top.cpp:100]   --->   Operation 211 'and' 'and_ln100_4' <Predicate = true> <Delay = 0.33> <CoreInst = "LogicGate">   --->   Core 74 'LogicGate' <Latency = 0> <II = 1> <Delay = 0.33> <FuncUnit> <Opcode : 'and' 'or' 'xor'> <InPorts = 2> <OutPorts = 1>
ST_57 : Operation 212 [1/1] (0.00ns) (grouped into LUT with out node or_ln100_1)   --->   "%or_ln100_2 = or i1 %and_ln100_2, i1 %and_ln100_4" [top.cpp:100]   --->   Operation 212 'or' 'or_ln100_2' <Predicate = true> <Delay = 0.00> <CoreInst = "LogicGate">   --->   Core 74 'LogicGate' <Latency = 0> <II = 1> <Delay = 0.33> <FuncUnit> <Opcode : 'and' 'or' 'xor'> <InPorts = 2> <OutPorts = 1>
ST_57 : Operation 213 [1/1] (0.00ns) (grouped into LUT with out node or_ln100_1)   --->   "%xor_ln100_4 = xor i1 %or_ln100_2, i1 1" [top.cpp:100]   --->   Operation 213 'xor' 'xor_ln100_4' <Predicate = true> <Delay = 0.00> <CoreInst = "LogicGate">   --->   Core 74 'LogicGate' <Latency = 0> <II = 1> <Delay = 0.33> <FuncUnit> <Opcode : 'and' 'or' 'xor'> <InPorts = 2> <OutPorts = 1>
ST_57 : Operation 214 [1/1] (0.00ns) (grouped into LUT with out node or_ln100_1)   --->   "%and_ln100_5 = and i1 %tmp_14, i1 %xor_ln100_4" [top.cpp:100]   --->   Operation 214 'and' 'and_ln100_5' <Predicate = true> <Delay = 0.00> <CoreInst = "LogicGate">   --->   Core 74 'LogicGate' <Latency = 0> <II = 1> <Delay = 0.33> <FuncUnit> <Opcode : 'and' 'or' 'xor'> <InPorts = 2> <OutPorts = 1>
ST_57 : Operation 215 [1/1] (0.00ns) (grouped into LUT with out node select_ln100_3)   --->   "%select_ln100_2 = select i1 %and_ln100_3, i32 2147483647, i32 2147483648" [top.cpp:100]   --->   Operation 215 'select' 'select_ln100_2' <Predicate = true> <Delay = 0.00> <CoreInst = "Sel">   --->   Core 73 'Sel' <Latency = 0> <II = 1> <Delay = 0.52> <FuncUnit> <Opcode : 'select'> <InPorts = 3> <OutPorts = 1>
ST_57 : Operation 216 [1/1] (0.33ns) (out node of the LUT)   --->   "%or_ln100_1 = or i1 %and_ln100_3, i1 %and_ln100_5" [top.cpp:100]   --->   Operation 216 'or' 'or_ln100_1' <Predicate = true> <Delay = 0.33> <CoreInst = "LogicGate">   --->   Core 74 'LogicGate' <Latency = 0> <II = 1> <Delay = 0.33> <FuncUnit> <Opcode : 'and' 'or' 'xor'> <InPorts = 2> <OutPorts = 1>
ST_57 : Operation 217 [1/1] (0.52ns) (out node of the LUT)   --->   "%select_ln100_3 = select i1 %or_ln100_1, i32 %select_ln100_2, i32 %add_ln100_1" [top.cpp:100]   --->   Operation 217 'select' 'select_ln100_3' <Predicate = true> <Delay = 0.52> <CoreInst = "Sel">   --->   Core 73 'Sel' <Latency = 0> <II = 1> <Delay = 0.52> <FuncUnit> <Opcode : 'select'> <InPorts = 3> <OutPorts = 1>

State 58 <SV = 57> <Delay = 2.16>
ST_58 : Operation 218 [1/1] (0.00ns)   --->   "%specpipeline_ln97 = specpipeline void @_ssdm_op_SpecPipeline, i32 1, i32 0, i32 0, i32 0, void @empty_1" [top.cpp:97]   --->   Operation 218 'specpipeline' 'specpipeline_ln97' <Predicate = true> <Delay = 0.00>
ST_58 : Operation 219 [1/1] ( I:2.16ns O:2.16ns )   --->   "%write_ln100 = write void @_ssdm_op_Write.ap_fifo.volatile.i32P0A, i32 %s3_to_k4, i32 %select_ln100_3" [top.cpp:100]   --->   Operation 219 'write' 'write_ln100' <Predicate = true> <Delay = 2.16> <CoreInst = "FIFO_SRL">   --->   Core 80 'FIFO_SRL' <Latency = 0> <II = 1> <Delay = 2.16> <Storage> <Opcode : 'read' 'write' 'nbread' 'nbwrite'> <Ports = 0> <Width = 32> <Depth = 2> <FIFO>
ST_58 : Operation 220 [1/1] (0.48ns)   --->   "%ret_ln103 = ret" [top.cpp:103]   --->   Operation 220 'ret' 'ret_ln103' <Predicate = (icmp_ln91)> <Delay = 0.48>


============================================================
+ Verbose Summary: Timing violations
============================================================
Target clock period: 10.000ns, clock uncertainty: 2.700ns.

 <State 1>: 2.788ns
The critical path consists of the following:
	'store' operation 0 bit ('store_ln0') of constant 0 on local variable 'i7' [10]  (0.489 ns)
	'load' operation 9 bit ('i7_load', top.cpp:96) on local variable 'i7' [17]  (0.000 ns)
	'add' operation 9 bit ('add_ln96', top.cpp:96) [106]  (0.921 ns)
	'select' operation 9 bit ('i', top.cpp:96) [107]  (0.458 ns)
	'icmp' operation 1 bit ('icmp_ln96', top.cpp:96) [108]  (0.921 ns)

 <State 2>: 2.167ns
The critical path consists of the following:
	fifo read operation ('st', top.cpp:93) on port 'k2_to_k3' (top.cpp:93) [24]  (2.167 ns)

 <State 3>: 1.754ns
The critical path consists of the following:
	'load' operation 32 bit ('st15_load') on local variable 'st15' [28]  (0.000 ns)
	'sdiv' operation 50 bit ('sdiv_ln94', top.cpp:94) [31]  (1.754 ns)

 <State 4>: 1.754ns
The critical path consists of the following:
	'sdiv' operation 50 bit ('sdiv_ln94', top.cpp:94) [31]  (1.754 ns)

 <State 5>: 1.754ns
The critical path consists of the following:
	'sdiv' operation 50 bit ('sdiv_ln94', top.cpp:94) [31]  (1.754 ns)

 <State 6>: 1.754ns
The critical path consists of the following:
	'sdiv' operation 50 bit ('sdiv_ln94', top.cpp:94) [31]  (1.754 ns)

 <State 7>: 1.754ns
The critical path consists of the following:
	'sdiv' operation 50 bit ('sdiv_ln94', top.cpp:94) [31]  (1.754 ns)

 <State 8>: 1.754ns
The critical path consists of the following:
	'sdiv' operation 50 bit ('sdiv_ln94', top.cpp:94) [31]  (1.754 ns)

 <State 9>: 1.754ns
The critical path consists of the following:
	'sdiv' operation 50 bit ('sdiv_ln94', top.cpp:94) [31]  (1.754 ns)

 <State 10>: 1.754ns
The critical path consists of the following:
	'sdiv' operation 50 bit ('sdiv_ln94', top.cpp:94) [31]  (1.754 ns)

 <State 11>: 1.754ns
The critical path consists of the following:
	'sdiv' operation 50 bit ('sdiv_ln94', top.cpp:94) [31]  (1.754 ns)

 <State 12>: 1.754ns
The critical path consists of the following:
	'sdiv' operation 50 bit ('sdiv_ln94', top.cpp:94) [31]  (1.754 ns)

 <State 13>: 1.754ns
The critical path consists of the following:
	'sdiv' operation 50 bit ('sdiv_ln94', top.cpp:94) [31]  (1.754 ns)

 <State 14>: 1.754ns
The critical path consists of the following:
	'sdiv' operation 50 bit ('sdiv_ln94', top.cpp:94) [31]  (1.754 ns)

 <State 15>: 1.754ns
The critical path consists of the following:
	'sdiv' operation 50 bit ('sdiv_ln94', top.cpp:94) [31]  (1.754 ns)

 <State 16>: 1.754ns
The critical path consists of the following:
	'sdiv' operation 50 bit ('sdiv_ln94', top.cpp:94) [31]  (1.754 ns)

 <State 17>: 1.754ns
The critical path consists of the following:
	'sdiv' operation 50 bit ('sdiv_ln94', top.cpp:94) [31]  (1.754 ns)

 <State 18>: 1.754ns
The critical path consists of the following:
	'sdiv' operation 50 bit ('sdiv_ln94', top.cpp:94) [31]  (1.754 ns)

 <State 19>: 1.754ns
The critical path consists of the following:
	'sdiv' operation 50 bit ('sdiv_ln94', top.cpp:94) [31]  (1.754 ns)

 <State 20>: 1.754ns
The critical path consists of the following:
	'sdiv' operation 50 bit ('sdiv_ln94', top.cpp:94) [31]  (1.754 ns)

 <State 21>: 1.754ns
The critical path consists of the following:
	'sdiv' operation 50 bit ('sdiv_ln94', top.cpp:94) [31]  (1.754 ns)

 <State 22>: 1.754ns
The critical path consists of the following:
	'sdiv' operation 50 bit ('sdiv_ln94', top.cpp:94) [31]  (1.754 ns)

 <State 23>: 1.754ns
The critical path consists of the following:
	'sdiv' operation 50 bit ('sdiv_ln94', top.cpp:94) [31]  (1.754 ns)

 <State 24>: 1.754ns
The critical path consists of the following:
	'sdiv' operation 50 bit ('sdiv_ln94', top.cpp:94) [31]  (1.754 ns)

 <State 25>: 1.754ns
The critical path consists of the following:
	'sdiv' operation 50 bit ('sdiv_ln94', top.cpp:94) [31]  (1.754 ns)

 <State 26>: 1.754ns
The critical path consists of the following:
	'sdiv' operation 50 bit ('sdiv_ln94', top.cpp:94) [31]  (1.754 ns)

 <State 27>: 1.754ns
The critical path consists of the following:
	'sdiv' operation 50 bit ('sdiv_ln94', top.cpp:94) [31]  (1.754 ns)

 <State 28>: 1.754ns
The critical path consists of the following:
	'sdiv' operation 50 bit ('sdiv_ln94', top.cpp:94) [31]  (1.754 ns)

 <State 29>: 1.754ns
The critical path consists of the following:
	'sdiv' operation 50 bit ('sdiv_ln94', top.cpp:94) [31]  (1.754 ns)

 <State 30>: 1.754ns
The critical path consists of the following:
	'sdiv' operation 50 bit ('sdiv_ln94', top.cpp:94) [31]  (1.754 ns)

 <State 31>: 1.754ns
The critical path consists of the following:
	'sdiv' operation 50 bit ('sdiv_ln94', top.cpp:94) [31]  (1.754 ns)

 <State 32>: 1.754ns
The critical path consists of the following:
	'sdiv' operation 50 bit ('sdiv_ln94', top.cpp:94) [31]  (1.754 ns)

 <State 33>: 1.754ns
The critical path consists of the following:
	'sdiv' operation 50 bit ('sdiv_ln94', top.cpp:94) [31]  (1.754 ns)

 <State 34>: 1.754ns
The critical path consists of the following:
	'sdiv' operation 50 bit ('sdiv_ln94', top.cpp:94) [31]  (1.754 ns)

 <State 35>: 1.754ns
The critical path consists of the following:
	'sdiv' operation 50 bit ('sdiv_ln94', top.cpp:94) [31]  (1.754 ns)

 <State 36>: 1.754ns
The critical path consists of the following:
	'sdiv' operation 50 bit ('sdiv_ln94', top.cpp:94) [31]  (1.754 ns)

 <State 37>: 1.754ns
The critical path consists of the following:
	'sdiv' operation 50 bit ('sdiv_ln94', top.cpp:94) [31]  (1.754 ns)

 <State 38>: 1.754ns
The critical path consists of the following:
	'sdiv' operation 50 bit ('sdiv_ln94', top.cpp:94) [31]  (1.754 ns)

 <State 39>: 1.754ns
The critical path consists of the following:
	'sdiv' operation 50 bit ('sdiv_ln94', top.cpp:94) [31]  (1.754 ns)

 <State 40>: 1.754ns
The critical path consists of the following:
	'sdiv' operation 50 bit ('sdiv_ln94', top.cpp:94) [31]  (1.754 ns)

 <State 41>: 1.754ns
The critical path consists of the following:
	'sdiv' operation 50 bit ('sdiv_ln94', top.cpp:94) [31]  (1.754 ns)

 <State 42>: 1.754ns
The critical path consists of the following:
	'sdiv' operation 50 bit ('sdiv_ln94', top.cpp:94) [31]  (1.754 ns)

 <State 43>: 1.754ns
The critical path consists of the following:
	'sdiv' operation 50 bit ('sdiv_ln94', top.cpp:94) [31]  (1.754 ns)

 <State 44>: 1.754ns
The critical path consists of the following:
	'sdiv' operation 50 bit ('sdiv_ln94', top.cpp:94) [31]  (1.754 ns)

 <State 45>: 1.754ns
The critical path consists of the following:
	'sdiv' operation 50 bit ('sdiv_ln94', top.cpp:94) [31]  (1.754 ns)

 <State 46>: 1.754ns
The critical path consists of the following:
	'sdiv' operation 50 bit ('sdiv_ln94', top.cpp:94) [31]  (1.754 ns)

 <State 47>: 1.754ns
The critical path consists of the following:
	'sdiv' operation 50 bit ('sdiv_ln94', top.cpp:94) [31]  (1.754 ns)

 <State 48>: 1.754ns
The critical path consists of the following:
	'sdiv' operation 50 bit ('sdiv_ln94', top.cpp:94) [31]  (1.754 ns)

 <State 49>: 1.754ns
The critical path consists of the following:
	'sdiv' operation 50 bit ('sdiv_ln94', top.cpp:94) [31]  (1.754 ns)

 <State 50>: 1.754ns
The critical path consists of the following:
	'sdiv' operation 50 bit ('sdiv_ln94', top.cpp:94) [31]  (1.754 ns)

 <State 51>: 1.754ns
The critical path consists of the following:
	'sdiv' operation 50 bit ('sdiv_ln94', top.cpp:94) [31]  (1.754 ns)

 <State 52>: 1.754ns
The critical path consists of the following:
	'sdiv' operation 50 bit ('sdiv_ln94', top.cpp:94) [31]  (1.754 ns)

 <State 53>: 1.754ns
The critical path consists of the following:
	'sdiv' operation 50 bit ('sdiv_ln94', top.cpp:94) [31]  (1.754 ns)

 <State 54>: 1.754ns
The critical path consists of the following:
	'sdiv' operation 50 bit ('sdiv_ln94', top.cpp:94) [31]  (1.754 ns)

 <State 55>: 1.754ns
The critical path consists of the following:
	'sdiv' operation 50 bit ('sdiv_ln94', top.cpp:94) [31]  (1.754 ns)

 <State 56>: 4.475ns
The critical path consists of the following:
	'sdiv' operation 50 bit ('sdiv_ln94', top.cpp:94) [31]  (1.754 ns)
	'add' operation 32 bit ('inv_st', top.cpp:94) [37]  (1.203 ns)
	'xor' operation 1 bit ('xor_ln94', top.cpp:94) [39]  (0.000 ns)
	'and' operation 1 bit ('and_ln94', top.cpp:94) [40]  (0.331 ns)
	'select' operation 1 bit ('select_ln94', top.cpp:94) [47]  (0.000 ns)
	'xor' operation 1 bit ('xor_ln94_2', top.cpp:94) [52]  (0.000 ns)
	'or' operation 1 bit ('or_ln94', top.cpp:94) [53]  (0.000 ns)
	'and' operation 1 bit ('and_ln94_3', top.cpp:94) [55]  (0.331 ns)
	'or' operation 1 bit ('or_ln94_1', top.cpp:94) [60]  (0.331 ns)
	'select' operation 32 bit ('select_ln94_3', top.cpp:94) [62]  (0.525 ns)

 <State 57>: 6.651ns
The critical path consists of the following:
	'mul' operation 64 bit ('mul_ln100', top.cpp:100) [73]  (3.930 ns)
	'add' operation 32 bit ('add_ln100_1', top.cpp:100) [79]  (1.203 ns)
	'xor' operation 1 bit ('xor_ln100', top.cpp:100) [81]  (0.000 ns)
	'and' operation 1 bit ('and_ln100', top.cpp:100) [82]  (0.331 ns)
	'select' operation 1 bit ('select_ln100', top.cpp:100) [89]  (0.000 ns)
	'xor' operation 1 bit ('xor_ln100_2', top.cpp:100) [94]  (0.000 ns)
	'or' operation 1 bit ('or_ln100', top.cpp:100) [95]  (0.000 ns)
	'and' operation 1 bit ('and_ln100_3', top.cpp:100) [97]  (0.331 ns)
	'or' operation 1 bit ('or_ln100_1', top.cpp:100) [103]  (0.331 ns)
	'select' operation 32 bit ('select_ln100_3', top.cpp:100) [104]  (0.525 ns)

 <State 58>: 2.167ns
The critical path consists of the following:
	fifo write operation ('write_ln100', top.cpp:100) on port 's3_to_k4' (top.cpp:100) [105]  (2.167 ns)


============================================================
+ Verbose Summary: Binding
============================================================
N/A
* FSMD analyzer results:
  - Output states:
 - Input state : 
  - Chain level:
	State 1
	State 2
	State 3
	State 4
	State 5
	State 6
	State 7
	State 8
	State 9
	State 10
	State 11
	State 12
	State 13
	State 14
	State 15
	State 16
	State 17
	State 18
	State 19
	State 20
	State 21
	State 22
	State 23
	State 24
	State 25
	State 26
	State 27
	State 28
	State 29
	State 30
	State 31
	State 32
	State 33
	State 34
	State 35
	State 36
	State 37
	State 38
	State 39
	State 40
	State 41
	State 42
	State 43
	State 44
	State 45
	State 46
	State 47
	State 48
	State 49
	State 50
	State 51
	State 52
	State 53
	State 54
	State 55
	State 56
	State 57
	State 58


============================================================
+ Verbose Summary: Datapath Resource usage 
============================================================
N/A
