

================================================================
== Vitis HLS Report for 'K4'
================================================================
* Date:           Tue Mar 10 16:07:32 2026

* Version:        2025.1.1 (Build 6214317 on Sep 11 2025)
* Project:        project_1
* Solution:       hls (Vivado IP Flow Target)
* Product family: zynquplus
* Target device:  xczu3eg-sbva484-1-e


================================================================
== Performance Estimates
================================================================
+ Timing: 
    * Summary: 
    +--------+----------+----------+------------+
    |  Clock |  Target  | Estimated| Uncertainty|
    +--------+----------+----------+------------+
    |ap_clk  |  10.00 ns|  7.300 ns|     2.70 ns|
    +--------+----------+----------+------------+

+ Latency: 
    * Summary: 
    +---------+---------+----------+----------+-------+-------+------------------------------------------------+
    |  Latency (cycles) |  Latency (absolute) |    Interval   |                    Pipeline                    |
    |   min   |   max   |    min   |    max   |  min  |  max  |                      Type                      |
    +---------+---------+----------+----------+-------+-------+------------------------------------------------+
    |    65545|    65545|  0.655 ms|  0.655 ms|  65536|  65536|  loop auto-rewind stp (delay=0 clock cycles(s))|
    +---------+---------+----------+----------+-------+-------+------------------------------------------------+

    + Detail: 
        * Instance: 
        N/A

        * Loop: 
        +--------------------+---------+---------+----------+-----------+-----------+-------+----------+
        |                    |  Latency (cycles) | Iteration|  Initiation Interval  |  Trip |          |
        |      Loop Name     |   min   |   max   |  Latency |  achieved |   target  | Count | Pipelined|
        +--------------------+---------+---------+----------+-----------+-----------+-------+----------+
        |- VITIS_LOOP_113_1  |    65543|    65543|         9|          1|          1|  65536|       yes|
        +--------------------+---------+---------+----------+-----------+-----------+-------+----------+



================================================================
== Utilization Estimates
================================================================
* Summary: 
+-----------------+---------+-----+--------+-------+-----+
|       Name      | BRAM_18K| DSP |   FF   |  LUT  | URAM|
+-----------------+---------+-----+--------+-------+-----+
|DSP              |        -|    -|       -|      -|    -|
|Expression       |        -|    -|       0|    431|    -|
|FIFO             |        -|    -|       -|      -|    -|
|Instance         |        -|    -|       -|      -|    -|
|Memory           |        -|    -|       -|      -|    -|
|Multiplexer      |        -|    -|       0|     81|    -|
|Register         |        -|    -|     223|     32|    -|
+-----------------+---------+-----+--------+-------+-----+
|Total            |        0|    0|     223|    544|    0|
+-----------------+---------+-----+--------+-------+-----+
|Available        |      432|  360|  141120|  70560|    0|
+-----------------+---------+-----+--------+-------+-----+
|Utilization (%)  |        0|    0|      ~0|     ~0|    0|
+-----------------+---------+-----+--------+-------+-----+

+ Detail: 
    * Instance: 
    N/A

    * DSP: 
    N/A

    * Memory: 
    N/A

    * FIFO: 
    N/A

    * Expression: 
    +---------------------------------------+----------+----+---+----+------------+------------+
    |             Variable Name             | Operation| DSP| FF| LUT| Bitwidth P0| Bitwidth P1|
    +---------------------------------------+----------+----+---+----+------------+------------+
    |add_ln115_1_fu_266_p2                  |         +|   0|  0|  55|          55|          44|
    |add_ln115_2_fu_260_p2                  |         +|   0|  0|  55|          55|          55|
    |add_ln115_fu_234_p2                    |         +|   0|  0|  38|          31|          31|
    |k_fu_168_p2                            |         +|   0|  0|  23|          16|           1|
    |z_1_fu_310_p2                          |         +|   0|  0|  39|          32|          32|
    |and_ln115_1_fu_378_p2                  |       and|   0|  0|   2|           1|           1|
    |and_ln115_fu_360_p2                    |       and|   0|  0|   2|           1|           1|
    |ap_block_state3_io_grp1                |       and|   0|  0|   2|           1|           1|
    |ap_block_state9_pp0_stage0_iter8_grp1  |       and|   0|  0|   2|           1|           1|
    |ap_condition_273                       |       and|   0|  0|   2|           1|           1|
    |ap_condition_510                       |       and|   0|  0|   2|           1|           1|
    |icmp_ln113_fu_174_p2                   |      icmp|   0|  0|  23|          16|           2|
    |icmp_ln18_fu_418_p2                    |      icmp|   0|  0|  39|          32|          29|
    |ap_block_pp0_stage0_01001_grp1         |        or|   0|  0|   2|           1|           1|
    |ap_block_pp0_stage0_11001              |        or|   0|  0|   2|           1|           1|
    |ap_block_pp0_stage0_11001_grp0         |        or|   0|  0|   2|           1|           1|
    |ap_block_state2_pp0_stage0_iter1_grp1  |        or|   0|  0|   2|           1|           1|
    |or_ln115_1_fu_392_p2                   |        or|   0|  0|   2|           1|           1|
    |or_ln115_2_fu_330_p2                   |        or|   0|  0|   2|           1|           1|
    |or_ln115_3_fu_366_p2                   |        or|   0|  0|   2|           1|           1|
    |or_ln115_fu_354_p2                     |        or|   0|  0|   2|           1|           1|
    |or_ln17_fu_432_p2                      |        or|   0|  0|   2|           1|           1|
    |select_ln115_fu_384_p3                 |    select|   0|  0|  33|           1|          31|
    |select_ln17_1_fu_424_p3                |    select|   0|  0|  24|           1|           1|
    |select_ln17_fu_438_p3                  |    select|   0|  0|  28|           1|          29|
    |z_3_fu_398_p3                          |    select|   0|  0|  32|           1|          32|
    |ap_enable_pp0                          |       xor|   0|  0|   2|           1|           2|
    |xor_ln115_1_fu_336_p2                  |       xor|   0|  0|   2|           1|           2|
    |xor_ln115_2_fu_342_p2                  |       xor|   0|  0|   2|           1|           1|
    |xor_ln115_3_fu_348_p2                  |       xor|   0|  0|   2|           1|           2|
    |xor_ln115_4_fu_372_p2                  |       xor|   0|  0|   2|           1|           2|
    |xor_ln115_fu_324_p2                    |       xor|   0|  0|   2|           1|           2|
    +---------------------------------------+----------+----+---+----+------------+------------+
    |Total                                  |          |   0|  0| 431|         262|         313|
    +---------------------------------------+----------+----+---+----+------------+------------+

    * Multiplexer: 
    +----------------------------------+----+-----------+-----+-----------+
    |               Name               | LUT| Input Size| Bits| Total Bits|
    +----------------------------------+----+-----------+-----+-----------+
    |ap_done_int                       |   9|          2|    1|          2|
    |ap_loop_exit_ready_pp0_iter8_reg  |   9|          2|    1|          2|
    |ap_sig_allocacmp_k1_load          |   9|          2|   16|         32|
    |k1_fu_108                         |   9|          2|   16|         32|
    |out_r_blk_n_AW                    |   9|          2|    1|          2|
    |out_r_blk_n_B                     |   9|          2|    1|          2|
    |out_r_blk_n_W                     |   9|          2|    1|          2|
    |out_r_r_blk_n                     |   9|          2|    1|          2|
    |s3_to_k4_blk_n                    |   9|          2|    1|          2|
    +----------------------------------+----+-----------+-----+-----------+
    |Total                             |  81|         18|   39|         78|
    +----------------------------------+----+-----------+-----+-----------+

    * Register: 
    +------------------------------------+----+----+-----+-----------+
    |                Name                | FF | LUT| Bits| Const Bits|
    +------------------------------------+----+----+-----+-----------+
    |ap_CS_fsm                           |   1|   0|    1|          0|
    |ap_done_reg                         |   1|   0|    1|          0|
    |ap_enable_reg_pp0_iter1             |   1|   0|    1|          0|
    |ap_enable_reg_pp0_iter2             |   1|   0|    1|          0|
    |ap_enable_reg_pp0_iter3             |   1|   0|    1|          0|
    |ap_enable_reg_pp0_iter4             |   1|   0|    1|          0|
    |ap_enable_reg_pp0_iter5             |   1|   0|    1|          0|
    |ap_enable_reg_pp0_iter6             |   1|   0|    1|          0|
    |ap_enable_reg_pp0_iter7             |   1|   0|    1|          0|
    |ap_enable_reg_pp0_iter8             |   1|   0|    1|          0|
    |ap_loop_exit_ready_pp0_iter1_reg    |   1|   0|    1|          0|
    |ap_loop_exit_ready_pp0_iter2_reg    |   1|   0|    1|          0|
    |ap_loop_exit_ready_pp0_iter3_reg    |   1|   0|    1|          0|
    |ap_loop_exit_ready_pp0_iter4_reg    |   1|   0|    1|          0|
    |ap_loop_exit_ready_pp0_iter5_reg    |   1|   0|    1|          0|
    |ap_loop_exit_ready_pp0_iter6_reg    |   1|   0|    1|          0|
    |ap_loop_exit_ready_pp0_iter7_reg    |   1|   0|    1|          0|
    |ap_loop_exit_ready_pp0_iter8_reg    |   1|   0|    1|          0|
    |first_iter_0_reg_148                |   1|   0|    1|          0|
    |first_iter_0_reg_148_pp0_iter1_reg  |   1|   0|    1|          0|
    |icmp_ln113_reg_473                  |   1|   0|    1|          0|
    |k1_fu_108                           |  16|   0|   16|          0|
    |select_ln17_reg_492                 |  29|   0|   29|          0|
    |tmp_reg_487                         |   1|   0|    1|          0|
    |trunc_ln1_reg_482                   |  30|   0|   30|          0|
    |trunc_ln_reg_477                    |  62|   0|   62|          0|
    |icmp_ln113_reg_473                  |  64|  32|    1|          0|
    +------------------------------------+----+----+-----+-----------+
    |Total                               | 223|  32|  160|          0|
    +------------------------------------+----+----+-----+-----------+



================================================================
== Interface
================================================================
* Summary: 
+-------------------------+-----+-----+------------+--------------+--------------+
|        RTL Ports        | Dir | Bits|  Protocol  | Source Object|    C Type    |
+-------------------------+-----+-----+------------+--------------+--------------+
|ap_clk                   |   in|    1|  ap_ctrl_hs|            K4|  return value|
|ap_rst                   |   in|    1|  ap_ctrl_hs|            K4|  return value|
|ap_start                 |   in|    1|  ap_ctrl_hs|            K4|  return value|
|ap_done                  |  out|    1|  ap_ctrl_hs|            K4|  return value|
|ap_continue              |   in|    1|  ap_ctrl_hs|            K4|  return value|
|ap_idle                  |  out|    1|  ap_ctrl_hs|            K4|  return value|
|ap_ready                 |  out|    1|  ap_ctrl_hs|            K4|  return value|
|out_r_r_dout             |   in|   64|     ap_fifo|       out_r_r|       pointer|
|out_r_r_empty_n          |   in|    1|     ap_fifo|       out_r_r|       pointer|
|out_r_r_read             |  out|    1|     ap_fifo|       out_r_r|       pointer|
|out_r_r_num_data_valid   |   in|    4|     ap_fifo|       out_r_r|       pointer|
|out_r_r_fifo_cap         |   in|    4|     ap_fifo|       out_r_r|       pointer|
|s3_to_k4_dout            |   in|   32|     ap_fifo|      s3_to_k4|       pointer|
|s3_to_k4_empty_n         |   in|    1|     ap_fifo|      s3_to_k4|       pointer|
|s3_to_k4_read            |  out|    1|     ap_fifo|      s3_to_k4|       pointer|
|s3_to_k4_num_data_valid  |   in|    3|     ap_fifo|      s3_to_k4|       pointer|
|s3_to_k4_fifo_cap        |   in|    3|     ap_fifo|      s3_to_k4|       pointer|
|m_axi_out_r_0_AWVALID    |  out|    1|       m_axi|         out_r|       pointer|
|m_axi_out_r_0_AWREADY    |   in|    1|       m_axi|         out_r|       pointer|
|m_axi_out_r_0_AWADDR     |  out|   64|       m_axi|         out_r|       pointer|
|m_axi_out_r_0_AWID       |  out|    1|       m_axi|         out_r|       pointer|
|m_axi_out_r_0_AWLEN      |  out|   32|       m_axi|         out_r|       pointer|
|m_axi_out_r_0_AWSIZE     |  out|    3|       m_axi|         out_r|       pointer|
|m_axi_out_r_0_AWBURST    |  out|    2|       m_axi|         out_r|       pointer|
|m_axi_out_r_0_AWLOCK     |  out|    2|       m_axi|         out_r|       pointer|
|m_axi_out_r_0_AWCACHE    |  out|    4|       m_axi|         out_r|       pointer|
|m_axi_out_r_0_AWPROT     |  out|    3|       m_axi|         out_r|       pointer|
|m_axi_out_r_0_AWQOS      |  out|    4|       m_axi|         out_r|       pointer|
|m_axi_out_r_0_AWREGION   |  out|    4|       m_axi|         out_r|       pointer|
|m_axi_out_r_0_AWUSER     |  out|    1|       m_axi|         out_r|       pointer|
|m_axi_out_r_0_WVALID     |  out|    1|       m_axi|         out_r|       pointer|
|m_axi_out_r_0_WREADY     |   in|    1|       m_axi|         out_r|       pointer|
|m_axi_out_r_0_WDATA      |  out|   32|       m_axi|         out_r|       pointer|
|m_axi_out_r_0_WSTRB      |  out|    4|       m_axi|         out_r|       pointer|
|m_axi_out_r_0_WLAST      |  out|    1|       m_axi|         out_r|       pointer|
|m_axi_out_r_0_WID        |  out|    1|       m_axi|         out_r|       pointer|
|m_axi_out_r_0_WUSER      |  out|    1|       m_axi|         out_r|       pointer|
|m_axi_out_r_0_ARVALID    |  out|    1|       m_axi|         out_r|       pointer|
|m_axi_out_r_0_ARREADY    |   in|    1|       m_axi|         out_r|       pointer|
|m_axi_out_r_0_ARADDR     |  out|   64|       m_axi|         out_r|       pointer|
|m_axi_out_r_0_ARID       |  out|    1|       m_axi|         out_r|       pointer|
|m_axi_out_r_0_ARLEN      |  out|   32|       m_axi|         out_r|       pointer|
|m_axi_out_r_0_ARSIZE     |  out|    3|       m_axi|         out_r|       pointer|
|m_axi_out_r_0_ARBURST    |  out|    2|       m_axi|         out_r|       pointer|
|m_axi_out_r_0_ARLOCK     |  out|    2|       m_axi|         out_r|       pointer|
|m_axi_out_r_0_ARCACHE    |  out|    4|       m_axi|         out_r|       pointer|
|m_axi_out_r_0_ARPROT     |  out|    3|       m_axi|         out_r|       pointer|
|m_axi_out_r_0_ARQOS      |  out|    4|       m_axi|         out_r|       pointer|
|m_axi_out_r_0_ARREGION   |  out|    4|       m_axi|         out_r|       pointer|
|m_axi_out_r_0_ARUSER     |  out|    1|       m_axi|         out_r|       pointer|
|m_axi_out_r_0_RVALID     |   in|    1|       m_axi|         out_r|       pointer|
|m_axi_out_r_0_RREADY     |  out|    1|       m_axi|         out_r|       pointer|
|m_axi_out_r_0_RDATA      |   in|   32|       m_axi|         out_r|       pointer|
|m_axi_out_r_0_RLAST      |   in|    1|       m_axi|         out_r|       pointer|
|m_axi_out_r_0_RID        |   in|    1|       m_axi|         out_r|       pointer|
|m_axi_out_r_0_RFIFONUM   |   in|    9|       m_axi|         out_r|       pointer|
|m_axi_out_r_0_RUSER      |   in|    1|       m_axi|         out_r|       pointer|
|m_axi_out_r_0_RRESP      |   in|    2|       m_axi|         out_r|       pointer|
|m_axi_out_r_0_BVALID     |   in|    1|       m_axi|         out_r|       pointer|
|m_axi_out_r_0_BREADY     |  out|    1|       m_axi|         out_r|       pointer|
|m_axi_out_r_0_BRESP      |   in|    2|       m_axi|         out_r|       pointer|
|m_axi_out_r_0_BID        |   in|    1|       m_axi|         out_r|       pointer|
|m_axi_out_r_0_BUSER      |   in|    1|       m_axi|         out_r|       pointer|
+-------------------------+-----+-----+------------+--------------+--------------+

============================================================
+ Verbose Summary: Synthesis Manager
============================================================
InlineROM: 1
ExposeGlobal: 0
============================================================
+ Verbose Summary: CDFG Model
============================================================
IsTopModel: 0
ResetActiveHigh: 1
IsCombinational: 2
IsDatapathOnly: 0
HasWiredReturn: 1
HasMFsm: 2
HasVarLatency: 1
IsPipeline: 0
IsRtlPipelined: 0
IsInstanceOverlapped: 0
IsDontTouch: 0
HasImplIP: 0
IsGatedGlobalClock: 0

+ Individual pipeline summary: 
  * Pipeline-0: initiation interval (II) = 1, depth = 9


============================================================
+ Verbose Summary: Schedule
============================================================
* Number of FSM states : 9
* Pipeline : 1
  Pipeline-0 : II = 1, D = 9, States = { 1 2 3 4 5 6 7 8 9 }
* Dataflow Pipeline: 0

* FSM state transitions: 
1 --> 2 
2 --> 3 
3 --> 4 
4 --> 5 
5 --> 6 
6 --> 7 
7 --> 8 
8 --> 9 
9 --> 

* FSM state operations: 

State 1 <SV = 0> <Delay = 1.99>
ST_1 : Operation 12 [1/1] (0.00ns)   --->   "%k1 = alloca i32 1"   --->   Operation 12 'alloca' 'k1' <Predicate = true> <Delay = 0.00>
ST_1 : Operation 13 [1/1] (0.00ns)   --->   "%sext_ln1133 = alloca i32 1"   --->   Operation 13 'alloca' 'sext_ln1133' <Predicate = true> <Delay = 0.00>
ST_1 : Operation 14 [1/1] (0.00ns)   --->   "%specinterface_ln0 = specinterface void @_ssdm_op_SpecInterface, i64 %out_r_r, void @ap_fifo_str, i32 0, i32 0, void @p_str, i32 0, i32 0, void @p_str, void @p_str, void @p_str, i32 2, i32 2, i32 16, i32 16, void @p_str, void @ScalarProp_str, i32 4294967295, i32 0, i32 0"   --->   Operation 14 'specinterface' 'specinterface_ln0' <Predicate = true> <Delay = 0.00>
ST_1 : Operation 15 [1/1] (0.00ns)   --->   "%specinterface_ln0 = specinterface void @_ssdm_op_SpecInterface, i32 %s3_to_k4, void @empty_11, i32 0, i32 0, void @empty_1, i32 0, i32 0, void @empty_1, void @empty_1, void @empty_1, i32 0, i32 0, i32 0, i32 0, void @empty_1, void @empty_1, i32 4294967295, i32 0, i32 0"   --->   Operation 15 'specinterface' 'specinterface_ln0' <Predicate = true> <Delay = 0.00>
ST_1 : Operation 16 [1/1] (0.00ns)   --->   "%specinterface_ln0 = specinterface void @_ssdm_op_SpecInterface, i32 %out_r, void @empty_3, i32 0, i32 0, void @empty_1, i32 0, i32 0, void @empty, void @empty_0, void @empty_1, i32 16, i32 16, i32 16, i32 16, void @empty_1, void @empty_1, i32 4294967295, i32 0, i32 0"   --->   Operation 16 'specinterface' 'specinterface_ln0' <Predicate = true> <Delay = 0.00>
ST_1 : Operation 17 [1/1] (0.48ns)   --->   "%store_ln0 = store i16 0, i16 %k1"   --->   Operation 17 'store' 'store_ln0' <Predicate = true> <Delay = 0.48>
ST_1 : Operation 18 [1/1] (0.48ns)   --->   "%br_ln113 = br void %new.header" [top.cpp:113]   --->   Operation 18 'br' 'br_ln113' <Predicate = true> <Delay = 0.48>
ST_1 : Operation 19 [1/1] (0.00ns)   --->   "%first_iter_0 = phi i1 1, void %entry, i1 0, void %new.latch._ZN8ap_fixedILi36ELi12EL9ap_q_mode0EL9ap_o_mode0ELi0EEC2ILi32ELi10ELb1ELS0_0ELS1_0ELi0EEERK13ap_fixed_baseIXT_EXT0_EXT1_EXT2_EXT3_EXT4_EE.exit.split.split"   --->   Operation 19 'phi' 'first_iter_0' <Predicate = true> <Delay = 0.00>
ST_1 : Operation 20 [1/1] (0.00ns)   --->   "%br_ln0 = br i1 %first_iter_0, void %_ZN8ap_fixedILi36ELi12EL9ap_q_mode0EL9ap_o_mode0ELi0EEC2ILi32ELi10ELb1ELS0_0ELS1_0ELi0EEERK13ap_fixed_baseIXT_EXT0_EXT1_EXT2_EXT3_EXT4_EE.exit.split, void %for.first.iter._ZN8ap_fixedILi36ELi12EL9ap_q_mode0EL9ap_o_mode0ELi0EEC2ILi32ELi10ELb1ELS0_0ELS1_0ELi0EEERK13ap_fixed_baseIXT_EXT0_EXT1_EXT2_EXT3_EXT4_EE.exit.split"   --->   Operation 20 'br' 'br_ln0' <Predicate = true> <Delay = 0.00>
ST_1 : Operation 21 [1/1] (0.00ns)   --->   "%k1_load = load i16 %k1" [top.cpp:113]   --->   Operation 21 'load' 'k1_load' <Predicate = true> <Delay = 0.00>
ST_1 : Operation 22 [1/1] (1.01ns)   --->   "%k = add i16 %k1_load, i16 1" [top.cpp:113]   --->   Operation 22 'add' 'k' <Predicate = true> <Delay = 1.01> <CoreInst = "Adder">   --->   Core 1 'Adder' <Latency = 0> <II = 1> <Delay = 1.01> <FuncUnit> <Opcode : 'add' 'sub'> <InPorts = 2> <OutPorts = 1>
ST_1 : Operation 23 [1/1] (1.01ns)   --->   "%icmp_ln113 = icmp_eq  i16 %k1_load, i16 65535" [top.cpp:113]   --->   Operation 23 'icmp' 'icmp_ln113' <Predicate = true> <Delay = 1.01> <CoreInst = "Cmp">   --->   Core 9 'Cmp' <Latency = 0> <II = 1> <Delay = 1.01> <FuncUnit> <Opcode : 'seteq' 'setne' 'setle' 'setge' 'setlt' 'setgt'> <InPorts = 2> <OutPorts = 1>
ST_1 : Operation 24 [1/1] (0.00ns)   --->   "%br_ln113 = br i1 %icmp_ln113, void %new.latch._ZN8ap_fixedILi36ELi12EL9ap_q_mode0EL9ap_o_mode0ELi0EEC2ILi32ELi10ELb1ELS0_0ELS1_0ELi0EEERK13ap_fixed_baseIXT_EXT0_EXT1_EXT2_EXT3_EXT4_EE.exit.split.split, void %last.iter._ZN8ap_fixedILi36ELi12EL9ap_q_mode0EL9ap_o_mode0ELi0EEC2ILi32ELi10ELb1ELS0_0ELS1_0ELi0EEERK13ap_fixed_baseIXT_EXT0_EXT1_EXT2_EXT3_EXT4_EE.exit.split.split" [top.cpp:113]   --->   Operation 24 'br' 'br_ln113' <Predicate = true> <Delay = 0.00>
ST_1 : Operation 25 [1/1] (0.48ns)   --->   "%store_ln113 = store i16 %k, i16 %k1" [top.cpp:113]   --->   Operation 25 'store' 'store_ln113' <Predicate = true> <Delay = 0.48>
ST_1 : Operation 26 [1/1] (0.00ns)   --->   "%br_ln113 = br i1 %icmp_ln113, void %new.header, void %for.end" [top.cpp:113]   --->   Operation 26 'br' 'br_ln113' <Predicate = true> <Delay = 0.00>

State 2 <SV = 1> <Delay = 2.16>
ST_2 : Operation 27 [1/1] ( I:2.15ns O:2.15ns )   --->   "%out_1 = read i64 @_ssdm_op_Read.ap_fifo.i64P0A, i64 %out_r_r"   --->   Operation 27 'read' 'out_1' <Predicate = (first_iter_0)> <Delay = 2.15> <CoreInst = "FIFO_SRL">   --->   Core 80 'FIFO_SRL' <Latency = 0> <II = 1> <Delay = 2.15> <Storage> <Opcode : 'read' 'write' 'nbread' 'nbwrite'> <Ports = 0> <Width = 64> <Depth = 5> <FIFO>
ST_2 : Operation 28 [1/1] (0.00ns)   --->   "%trunc_ln = partselect i62 @_ssdm_op_PartSelect.i62.i64.i32.i32, i64 %out_1, i32 2, i32 63" [top.cpp:113]   --->   Operation 28 'partselect' 'trunc_ln' <Predicate = (first_iter_0)> <Delay = 0.00>
ST_2 : Operation 29 [1/1] ( I:2.16ns O:2.16ns )   --->   "%s3_to_k4_read = read i32 @_ssdm_op_Read.ap_fifo.volatile.i32P0A, i32 %s3_to_k4" [top.cpp:115]   --->   Operation 29 'read' 's3_to_k4_read' <Predicate = true> <Delay = 2.16> <CoreInst = "FIFO_SRL">   --->   Core 80 'FIFO_SRL' <Latency = 0> <II = 1> <Delay = 2.16> <Storage> <Opcode : 'read' 'write' 'nbread' 'nbwrite'> <Ports = 0> <Width = 32> <Depth = 2> <FIFO>
ST_2 : Operation 30 [1/1] (0.00ns)   --->   "%trunc_ln1 = partselect i30 @_ssdm_op_PartSelect.i30.i32.i32.i32, i32 %s3_to_k4_read, i32 2, i32 31" [top.cpp:115]   --->   Operation 30 'partselect' 'trunc_ln1' <Predicate = true> <Delay = 0.00>
ST_2 : Operation 31 [1/1] (0.00ns)   --->   "%tmp = bitselect i1 @_ssdm_op_BitSelect.i1.i32.i32, i32 %s3_to_k4_read, i32 1" [top.cpp:115]   --->   Operation 31 'bitselect' 'tmp' <Predicate = true> <Delay = 0.00>

State 3 <SV = 2> <Delay = 7.30>
ST_3 : Operation 32 [1/1] (0.00ns)   --->   "%sext_ln113 = sext i62 %trunc_ln" [top.cpp:113]   --->   Operation 32 'sext' 'sext_ln113' <Predicate = (first_iter_0)> <Delay = 0.00>
ST_3 : Operation 33 [1/1] (0.00ns)   --->   "%out_r_addr = getelementptr i32 %out_r, i64 %sext_ln113" [top.cpp:113]   --->   Operation 33 'getelementptr' 'out_r_addr' <Predicate = (first_iter_0)> <Delay = 0.00>
ST_3 : Operation 34 [1/1] (7.30ns)   --->   "%empty = writereq i1 @_ssdm_op_WriteReq.m_axi.p1i32, i64 %out_r_addr, i64 65536" [top.cpp:113]   --->   Operation 34 'writereq' 'empty' <Predicate = (first_iter_0)> <Delay = 7.30> <CoreInst = "m_axi">   --->   Core 119 'm_axi' <Latency = 9> <II = 1> <Delay = 1.00> <Adapter> <Opcode : 'read' 'write' 'readreq' 'writereq' 'writeresp'>
ST_3 : Operation 35 [1/1] (0.00ns)   --->   "%store_ln113 = store i64 %sext_ln113, i64 %sext_ln1133" [top.cpp:113]   --->   Operation 35 'store' 'store_ln113' <Predicate = (first_iter_0)> <Delay = 0.00>
ST_3 : Operation 36 [1/1] (0.00ns)   --->   "%br_ln0 = br void %_ZN8ap_fixedILi36ELi12EL9ap_q_mode0EL9ap_o_mode0ELi0EEC2ILi32ELi10ELb1ELS0_0ELS1_0ELi0EEERK13ap_fixed_baseIXT_EXT0_EXT1_EXT2_EXT3_EXT4_EE.exit.split"   --->   Operation 36 'br' 'br_ln0' <Predicate = (first_iter_0)> <Delay = 0.00>
ST_3 : Operation 37 [1/1] (0.00ns)   --->   "%sext_ln115 = sext i30 %trunc_ln1" [top.cpp:115]   --->   Operation 37 'sext' 'sext_ln115' <Predicate = true> <Delay = 0.00>
ST_3 : Operation 38 [1/1] (0.00ns)   --->   "%zext_ln115 = zext i1 %tmp" [top.cpp:115]   --->   Operation 38 'zext' 'zext_ln115' <Predicate = true> <Delay = 0.00>
ST_3 : Operation 39 [1/1] (1.17ns)   --->   "%add_ln115 = add i31 %sext_ln115, i31 %zext_ln115" [top.cpp:115]   --->   Operation 39 'add' 'add_ln115' <Predicate = true> <Delay = 1.17> <CoreInst = "Adder">   --->   Core 1 'Adder' <Latency = 0> <II = 1> <Delay = 1.19> <FuncUnit> <Opcode : 'add' 'sub'> <InPorts = 2> <OutPorts = 1>
ST_3 : Operation 40 [1/1] (0.00ns)   --->   "%p_shl = bitconcatenate i55 @_ssdm_op_BitConcatenate.i55.i31.i24, i31 %add_ln115, i24 0" [top.cpp:115]   --->   Operation 40 'bitconcatenate' 'p_shl' <Predicate = true> <Delay = 0.00>
ST_3 : Operation 41 [1/1] (0.00ns)   --->   "%tmp_1 = bitconcatenate i53 @_ssdm_op_BitConcatenate.i53.i31.i22, i31 %add_ln115, i22 0" [top.cpp:115]   --->   Operation 41 'bitconcatenate' 'tmp_1' <Predicate = true> <Delay = 0.00>
ST_3 : Operation 42 [1/1] (0.00ns)   --->   "%sext_ln115_1 = sext i53 %tmp_1" [top.cpp:115]   --->   Operation 42 'sext' 'sext_ln115_1' <Predicate = true> <Delay = 0.00>
ST_3 : Operation 43 [1/1] (0.00ns) (grouped into TernaryAdder)   --->   "%add_ln115_2 = add i55 %p_shl, i55 %sext_ln115_1" [top.cpp:115]   --->   Operation 43 'add' 'add_ln115_2' <Predicate = true> <Delay = 0.00> <CoreInst = "TAddSub">   --->   Core 10 'TAddSub' <Latency = 0> <II = 1> <Delay = 0.48> <IPBlock> <Opcode : 'add' 'sub'> <InPorts = 3> <OutPorts = 1> <Sync> <CReg>
ST_3 : Operation 44 [1/1] (0.97ns) (root node of TernaryAdder)   --->   "%add_ln115_1 = add i55 %add_ln115_2, i55 14073735413760" [top.cpp:115]   --->   Operation 44 'add' 'add_ln115_1' <Predicate = true> <Delay = 0.97> <CoreInst = "TAddSub">   --->   Core 10 'TAddSub' <Latency = 0> <II = 1> <Delay = 0.48> <IPBlock> <Opcode : 'add' 'sub'> <InPorts = 3> <OutPorts = 1> <Sync> <CReg>
ST_3 : Operation 45 [1/1] (0.00ns)   --->   "%tmp_2 = bitselect i1 @_ssdm_op_BitSelect.i1.i55.i32, i55 %add_ln115_1, i32 54" [top.cpp:115]   --->   Operation 45 'bitselect' 'tmp_2' <Predicate = true> <Delay = 0.00>
ST_3 : Operation 46 [1/1] (0.00ns)   --->   "%z = partselect i32 @_ssdm_op_PartSelect.i32.i55.i32.i32, i55 %add_ln115_1, i32 22, i32 53" [top.cpp:115]   --->   Operation 46 'partselect' 'z' <Predicate = true> <Delay = 0.00>
ST_3 : Operation 47 [1/1] (0.00ns)   --->   "%tmp_3 = bitselect i1 @_ssdm_op_BitSelect.i1.i55.i32, i55 %add_ln115_1, i32 21" [top.cpp:115]   --->   Operation 47 'bitselect' 'tmp_3' <Predicate = true> <Delay = 0.00>
ST_3 : Operation 48 [1/1] (0.00ns)   --->   "%tmp_4 = bitselect i1 @_ssdm_op_BitSelect.i1.i55.i32, i55 %add_ln115_1, i32 53" [top.cpp:115]   --->   Operation 48 'bitselect' 'tmp_4' <Predicate = true> <Delay = 0.00>
ST_3 : Operation 49 [1/1] (0.00ns)   --->   "%zext_ln115_1 = zext i1 %tmp_3" [top.cpp:115]   --->   Operation 49 'zext' 'zext_ln115_1' <Predicate = true> <Delay = 0.00>
ST_3 : Operation 50 [1/1] (1.20ns)   --->   "%z_1 = add i32 %z, i32 %zext_ln115_1" [top.cpp:115]   --->   Operation 50 'add' 'z_1' <Predicate = true> <Delay = 1.20> <CoreInst = "Adder">   --->   Core 1 'Adder' <Latency = 0> <II = 1> <Delay = 1.20> <FuncUnit> <Opcode : 'add' 'sub'> <InPorts = 2> <OutPorts = 1>
ST_3 : Operation 51 [1/1] (0.00ns)   --->   "%tmp_5 = bitselect i1 @_ssdm_op_BitSelect.i1.i32.i32, i32 %z_1, i32 31" [top.cpp:115]   --->   Operation 51 'bitselect' 'tmp_5' <Predicate = true> <Delay = 0.00>
ST_3 : Operation 52 [1/1] (0.00ns) (grouped into LUT with out node and_ln115)   --->   "%xor_ln115 = xor i1 %tmp_4, i1 1" [top.cpp:115]   --->   Operation 52 'xor' 'xor_ln115' <Predicate = true> <Delay = 0.00> <CoreInst = "LogicGate">   --->   Core 74 'LogicGate' <Latency = 0> <II = 1> <Delay = 0.33> <FuncUnit> <Opcode : 'and' 'or' 'xor'> <InPorts = 2> <OutPorts = 1>
ST_3 : Operation 53 [1/1] (0.00ns) (grouped into LUT with out node and_ln115)   --->   "%or_ln115_2 = or i1 %tmp_5, i1 %xor_ln115" [top.cpp:115]   --->   Operation 53 'or' 'or_ln115_2' <Predicate = true> <Delay = 0.00> <CoreInst = "LogicGate">   --->   Core 74 'LogicGate' <Latency = 0> <II = 1> <Delay = 0.33> <FuncUnit> <Opcode : 'and' 'or' 'xor'> <InPorts = 2> <OutPorts = 1>
ST_3 : Operation 54 [1/1] (0.00ns) (grouped into LUT with out node and_ln115)   --->   "%xor_ln115_1 = xor i1 %tmp_2, i1 1" [top.cpp:115]   --->   Operation 54 'xor' 'xor_ln115_1' <Predicate = true> <Delay = 0.00> <CoreInst = "LogicGate">   --->   Core 74 'LogicGate' <Latency = 0> <II = 1> <Delay = 0.33> <FuncUnit> <Opcode : 'and' 'or' 'xor'> <InPorts = 2> <OutPorts = 1>
ST_3 : Operation 55 [1/1] (0.00ns) (grouped into LUT with out node and_ln115)   --->   "%xor_ln115_2 = xor i1 %tmp_2, i1 %or_ln115_2" [top.cpp:115]   --->   Operation 55 'xor' 'xor_ln115_2' <Predicate = true> <Delay = 0.00> <CoreInst = "LogicGate">   --->   Core 74 'LogicGate' <Latency = 0> <II = 1> <Delay = 0.33> <FuncUnit> <Opcode : 'and' 'or' 'xor'> <InPorts = 2> <OutPorts = 1>
ST_3 : Operation 56 [1/1] (0.00ns) (grouped into LUT with out node and_ln115)   --->   "%xor_ln115_3 = xor i1 %xor_ln115_2, i1 1" [top.cpp:115]   --->   Operation 56 'xor' 'xor_ln115_3' <Predicate = true> <Delay = 0.00> <CoreInst = "LogicGate">   --->   Core 74 'LogicGate' <Latency = 0> <II = 1> <Delay = 0.33> <FuncUnit> <Opcode : 'and' 'or' 'xor'> <InPorts = 2> <OutPorts = 1>
ST_3 : Operation 57 [1/1] (0.00ns) (grouped into LUT with out node and_ln115)   --->   "%or_ln115 = or i1 %tmp_5, i1 %xor_ln115_3" [top.cpp:115]   --->   Operation 57 'or' 'or_ln115' <Predicate = true> <Delay = 0.00> <CoreInst = "LogicGate">   --->   Core 74 'LogicGate' <Latency = 0> <II = 1> <Delay = 0.33> <FuncUnit> <Opcode : 'and' 'or' 'xor'> <InPorts = 2> <OutPorts = 1>
ST_3 : Operation 58 [1/1] (0.33ns) (out node of the LUT)   --->   "%and_ln115 = and i1 %or_ln115, i1 %xor_ln115_1" [top.cpp:115]   --->   Operation 58 'and' 'and_ln115' <Predicate = true> <Delay = 0.33> <CoreInst = "LogicGate">   --->   Core 74 'LogicGate' <Latency = 0> <II = 1> <Delay = 0.33> <FuncUnit> <Opcode : 'and' 'or' 'xor'> <InPorts = 2> <OutPorts = 1>
ST_3 : Operation 59 [1/1] (0.00ns) (grouped into LUT with out node z_3)   --->   "%or_ln115_3 = or i1 %tmp_4, i1 %tmp_5" [top.cpp:115]   --->   Operation 59 'or' 'or_ln115_3' <Predicate = true> <Delay = 0.00> <CoreInst = "LogicGate">   --->   Core 74 'LogicGate' <Latency = 0> <II = 1> <Delay = 0.33> <FuncUnit> <Opcode : 'and' 'or' 'xor'> <InPorts = 2> <OutPorts = 1>
ST_3 : Operation 60 [1/1] (0.00ns) (grouped into LUT with out node z_3)   --->   "%xor_ln115_4 = xor i1 %or_ln115_3, i1 1" [top.cpp:115]   --->   Operation 60 'xor' 'xor_ln115_4' <Predicate = true> <Delay = 0.00> <CoreInst = "LogicGate">   --->   Core 74 'LogicGate' <Latency = 0> <II = 1> <Delay = 0.33> <FuncUnit> <Opcode : 'and' 'or' 'xor'> <InPorts = 2> <OutPorts = 1>
ST_3 : Operation 61 [1/1] (0.00ns) (grouped into LUT with out node z_3)   --->   "%and_ln115_1 = and i1 %tmp_2, i1 %xor_ln115_4" [top.cpp:115]   --->   Operation 61 'and' 'and_ln115_1' <Predicate = true> <Delay = 0.00> <CoreInst = "LogicGate">   --->   Core 74 'LogicGate' <Latency = 0> <II = 1> <Delay = 0.33> <FuncUnit> <Opcode : 'and' 'or' 'xor'> <InPorts = 2> <OutPorts = 1>
ST_3 : Operation 62 [1/1] (0.00ns) (grouped into LUT with out node z_3)   --->   "%select_ln115 = select i1 %and_ln115, i32 2147483647, i32 2147483648" [top.cpp:115]   --->   Operation 62 'select' 'select_ln115' <Predicate = true> <Delay = 0.00> <CoreInst = "Sel">   --->   Core 73 'Sel' <Latency = 0> <II = 1> <Delay = 0.50> <FuncUnit> <Opcode : 'select'> <InPorts = 3> <OutPorts = 1>
ST_3 : Operation 63 [1/1] (0.00ns) (grouped into LUT with out node z_3)   --->   "%or_ln115_1 = or i1 %and_ln115, i1 %and_ln115_1" [top.cpp:115]   --->   Operation 63 'or' 'or_ln115_1' <Predicate = true> <Delay = 0.00> <CoreInst = "LogicGate">   --->   Core 74 'LogicGate' <Latency = 0> <II = 1> <Delay = 0.33> <FuncUnit> <Opcode : 'and' 'or' 'xor'> <InPorts = 2> <OutPorts = 1>
ST_3 : Operation 64 [1/1] (0.52ns) (out node of the LUT)   --->   "%z_3 = select i1 %or_ln115_1, i32 %select_ln115, i32 %z_1" [top.cpp:115]   --->   Operation 64 'select' 'z_3' <Predicate = true> <Delay = 0.52> <CoreInst = "Sel">   --->   Core 73 'Sel' <Latency = 0> <II = 1> <Delay = 0.52> <FuncUnit> <Opcode : 'select'> <InPorts = 3> <OutPorts = 1>
ST_3 : Operation 65 [1/1] (0.00ns) (grouped into LUT with out node select_ln17)   --->   "%trunc_ln115 = trunc i32 %z_3" [top.cpp:115]   --->   Operation 65 'trunc' 'trunc_ln115' <Predicate = true> <Delay = 0.00>
ST_3 : Operation 66 [1/1] (0.00ns)   --->   "%tmp_6 = bitselect i1 @_ssdm_op_BitSelect.i1.i32.i32, i32 %z_3, i32 31" [top.cpp:17->top.cpp:116]   --->   Operation 66 'bitselect' 'tmp_6' <Predicate = true> <Delay = 0.00>
ST_3 : Operation 67 [1/1] (1.20ns)   --->   "%icmp_ln18 = icmp_sgt  i32 %z_3, i32 530160026" [top.cpp:18->top.cpp:116]   --->   Operation 67 'icmp' 'icmp_ln18' <Predicate = true> <Delay = 1.20> <CoreInst = "Cmp">   --->   Core 9 'Cmp' <Latency = 0> <II = 1> <Delay = 1.20> <FuncUnit> <Opcode : 'seteq' 'setne' 'setle' 'setge' 'setlt' 'setgt'> <InPorts = 2> <OutPorts = 1>
ST_3 : Operation 68 [1/1] (0.00ns) (grouped into LUT with out node select_ln17)   --->   "%select_ln17_1 = select i1 %tmp_6, i29 0, i29 530160026" [top.cpp:17->top.cpp:116]   --->   Operation 68 'select' 'select_ln17_1' <Predicate = true> <Delay = 0.00> <CoreInst = "Sel">   --->   Core 73 'Sel' <Latency = 0> <II = 1> <Delay = 0.43> <FuncUnit> <Opcode : 'select'> <InPorts = 3> <OutPorts = 1>
ST_3 : Operation 69 [1/1] (0.00ns) (grouped into LUT with out node select_ln17)   --->   "%or_ln17 = or i1 %tmp_6, i1 %icmp_ln18" [top.cpp:17->top.cpp:116]   --->   Operation 69 'or' 'or_ln17' <Predicate = true> <Delay = 0.00> <CoreInst = "LogicGate">   --->   Core 74 'LogicGate' <Latency = 0> <II = 1> <Delay = 0.33> <FuncUnit> <Opcode : 'and' 'or' 'xor'> <InPorts = 2> <OutPorts = 1>
ST_3 : Operation 70 [1/1] (0.43ns) (out node of the LUT)   --->   "%select_ln17 = select i1 %or_ln17, i29 %select_ln17_1, i29 %trunc_ln115" [top.cpp:17->top.cpp:116]   --->   Operation 70 'select' 'select_ln17' <Predicate = true> <Delay = 0.43> <CoreInst = "Sel">   --->   Core 73 'Sel' <Latency = 0> <II = 1> <Delay = 0.43> <FuncUnit> <Opcode : 'select'> <InPorts = 3> <OutPorts = 1>

State 4 <SV = 3> <Delay = 7.30>
ST_4 : Operation 71 [1/1] (0.00ns)   --->   "%sext_ln1133_load = load i64 %sext_ln1133" [top.cpp:113]   --->   Operation 71 'load' 'sext_ln1133_load' <Predicate = true> <Delay = 0.00>
ST_4 : Operation 72 [1/1] (0.00ns)   --->   "%specpipeline_ln114 = specpipeline void @_ssdm_op_SpecPipeline, i32 1, i32 0, i32 0, i32 0, void @empty_1" [top.cpp:114]   --->   Operation 72 'specpipeline' 'specpipeline_ln114' <Predicate = true> <Delay = 0.00>
ST_4 : Operation 73 [1/1] (0.00ns)   --->   "%speclooptripcount_ln113 = speclooptripcount void @_ssdm_op_SpecLoopTripCount, i64 65536, i64 65536, i64 65536" [top.cpp:113]   --->   Operation 73 'speclooptripcount' 'speclooptripcount_ln113' <Predicate = true> <Delay = 0.00>
ST_4 : Operation 74 [1/1] (0.00ns)   --->   "%specloopname_ln113 = specloopname void @_ssdm_op_SpecLoopName, void @empty_8" [top.cpp:113]   --->   Operation 74 'specloopname' 'specloopname_ln113' <Predicate = true> <Delay = 0.00>
ST_4 : Operation 75 [1/1] (0.00ns)   --->   "%zext_ln116 = zext i29 %select_ln17" [top.cpp:116]   --->   Operation 75 'zext' 'zext_ln116' <Predicate = true> <Delay = 0.00>
ST_4 : Operation 76 [1/1] (0.00ns)   --->   "%out_r_addr_1 = getelementptr i32 %out_r, i64 %sext_ln1133_load" [top.cpp:113]   --->   Operation 76 'getelementptr' 'out_r_addr_1' <Predicate = true> <Delay = 0.00>
ST_4 : Operation 77 [1/1] (7.30ns)   --->   "%write_ln116 = write void @_ssdm_op_Write.m_axi.p1i32, i64 %out_r_addr_1, i32 %zext_ln116, i4 15" [top.cpp:116]   --->   Operation 77 'write' 'write_ln116' <Predicate = true> <Delay = 7.30> <CoreInst = "m_axi">   --->   Core 119 'm_axi' <Latency = 5> <II = 1> <Delay = 1.00> <Adapter> <Opcode : 'read' 'write' 'readreq' 'writereq' 'writeresp'>

State 5 <SV = 4> <Delay = 7.30>
ST_5 : Operation 78 [5/5] (7.30ns)   --->   "%empty_103 = writeresp i1 @_ssdm_op_WriteResp.m_axi.p1i32, i64 %out_r_addr_1" [top.cpp:118]   --->   Operation 78 'writeresp' 'empty_103' <Predicate = (icmp_ln113)> <Delay = 7.30> <CoreInst = "m_axi">   --->   Core 119 'm_axi' <Latency = 3> <II = 1> <Delay = 1.00> <Adapter> <Opcode : 'read' 'write' 'readreq' 'writereq' 'writeresp'>

State 6 <SV = 5> <Delay = 7.30>
ST_6 : Operation 79 [4/5] (7.30ns)   --->   "%empty_103 = writeresp i1 @_ssdm_op_WriteResp.m_axi.p1i32, i64 %out_r_addr_1" [top.cpp:118]   --->   Operation 79 'writeresp' 'empty_103' <Predicate = (icmp_ln113)> <Delay = 7.30> <CoreInst = "m_axi">   --->   Core 119 'm_axi' <Latency = 3> <II = 1> <Delay = 1.00> <Adapter> <Opcode : 'read' 'write' 'readreq' 'writereq' 'writeresp'>

State 7 <SV = 6> <Delay = 7.30>
ST_7 : Operation 80 [3/5] (7.30ns)   --->   "%empty_103 = writeresp i1 @_ssdm_op_WriteResp.m_axi.p1i32, i64 %out_r_addr_1" [top.cpp:118]   --->   Operation 80 'writeresp' 'empty_103' <Predicate = (icmp_ln113)> <Delay = 7.30> <CoreInst = "m_axi">   --->   Core 119 'm_axi' <Latency = 3> <II = 1> <Delay = 1.00> <Adapter> <Opcode : 'read' 'write' 'readreq' 'writereq' 'writeresp'>

State 8 <SV = 7> <Delay = 7.30>
ST_8 : Operation 81 [2/5] (7.30ns)   --->   "%empty_103 = writeresp i1 @_ssdm_op_WriteResp.m_axi.p1i32, i64 %out_r_addr_1" [top.cpp:118]   --->   Operation 81 'writeresp' 'empty_103' <Predicate = (icmp_ln113)> <Delay = 7.30> <CoreInst = "m_axi">   --->   Core 119 'm_axi' <Latency = 3> <II = 1> <Delay = 1.00> <Adapter> <Opcode : 'read' 'write' 'readreq' 'writereq' 'writeresp'>

State 9 <SV = 8> <Delay = 7.30>
ST_9 : Operation 82 [1/5] (7.30ns)   --->   "%empty_103 = writeresp i1 @_ssdm_op_WriteResp.m_axi.p1i32, i64 %out_r_addr_1" [top.cpp:118]   --->   Operation 82 'writeresp' 'empty_103' <Predicate = (icmp_ln113)> <Delay = 7.30> <CoreInst = "m_axi">   --->   Core 119 'm_axi' <Latency = 3> <II = 1> <Delay = 1.00> <Adapter> <Opcode : 'read' 'write' 'readreq' 'writereq' 'writeresp'>
ST_9 : Operation 83 [1/1] (0.00ns)   --->   "%br_ln113 = br void %new.latch._ZN8ap_fixedILi36ELi12EL9ap_q_mode0EL9ap_o_mode0ELi0EEC2ILi32ELi10ELb1ELS0_0ELS1_0ELi0EEERK13ap_fixed_baseIXT_EXT0_EXT1_EXT2_EXT3_EXT4_EE.exit.split.split" [top.cpp:113]   --->   Operation 83 'br' 'br_ln113' <Predicate = (icmp_ln113)> <Delay = 0.00>
ST_9 : Operation 84 [1/1] (0.48ns)   --->   "%ret_ln118 = ret" [top.cpp:118]   --->   Operation 84 'ret' 'ret_ln118' <Predicate = (icmp_ln113)> <Delay = 0.48>


============================================================
+ Verbose Summary: Binding
============================================================
STG Binding: 
---------------- STG Properties BEGIN ----------------
- Is combinational: 0
- Is one-state seq: 0
- Is datapath-only: 0
- Is pipelined: 0
- Is top level: 0
Port [ Return ] is wired: 1; IO mode=ap_ctrl_hs:ce=0
Port [ s3_to_k4]:  wired=1; compound=1; hidden=0; nouse=0; global=0; static=0; extern=0; dir=0; type=3; pingpong=0; private_global=0; IO mode=ap_fifo:ce=0
Port [ out_r]:  wired=1; compound=1; hidden=0; nouse=0; global=0; static=0; extern=0; dir=1; type=4; pingpong=0; private_global=0; IO mode=m_axi:ce=0
Port [ out_r_r]:  wired=1; compound=1; hidden=0; nouse=0; global=0; static=0; extern=0; dir=0; type=3; pingpong=0; private_global=0; IO mode=ap_fifo:ce=0
---------------- STG Properties END ------------------

---------------- Datapath Model BEGIN ----------------

<LifeTime>
<method=bitvector/>
k1                      (alloca           ) [ 0100000000]
sext_ln1133             (alloca           ) [ 0111100000]
specinterface_ln0       (specinterface    ) [ 0000000000]
specinterface_ln0       (specinterface    ) [ 0000000000]
specinterface_ln0       (specinterface    ) [ 0000000000]
store_ln0               (store            ) [ 0000000000]
br_ln113                (br               ) [ 0000000000]
first_iter_0            (phi              ) [ 0111000000]
br_ln0                  (br               ) [ 0000000000]
k1_load                 (load             ) [ 0000000000]
k                       (add              ) [ 0000000000]
icmp_ln113              (icmp             ) [ 0111111111]
br_ln113                (br               ) [ 0000000000]
store_ln113             (store            ) [ 0000000000]
br_ln113                (br               ) [ 0100000000]
out_1                   (read             ) [ 0000000000]
trunc_ln                (partselect       ) [ 0101000000]
s3_to_k4_read           (read             ) [ 0000000000]
trunc_ln1               (partselect       ) [ 0101000000]
tmp                     (bitselect        ) [ 0101000000]
sext_ln113              (sext             ) [ 0000000000]
out_r_addr              (getelementptr    ) [ 0000000000]
empty                   (writereq         ) [ 0000000000]
store_ln113             (store            ) [ 0000000000]
br_ln0                  (br               ) [ 0000000000]
sext_ln115              (sext             ) [ 0000000000]
zext_ln115              (zext             ) [ 0000000000]
add_ln115               (add              ) [ 0000000000]
p_shl                   (bitconcatenate   ) [ 0000000000]
tmp_1                   (bitconcatenate   ) [ 0000000000]
sext_ln115_1            (sext             ) [ 0000000000]
add_ln115_2             (add              ) [ 0000000000]
add_ln115_1             (add              ) [ 0000000000]
tmp_2                   (bitselect        ) [ 0000000000]
z                       (partselect       ) [ 0000000000]
tmp_3                   (bitselect        ) [ 0000000000]
tmp_4                   (bitselect        ) [ 0000000000]
zext_ln115_1            (zext             ) [ 0000000000]
z_1                     (add              ) [ 0000000000]
tmp_5                   (bitselect        ) [ 0000000000]
xor_ln115               (xor              ) [ 0000000000]
or_ln115_2              (or               ) [ 0000000000]
xor_ln115_1             (xor              ) [ 0000000000]
xor_ln115_2             (xor              ) [ 0000000000]
xor_ln115_3             (xor              ) [ 0000000000]
or_ln115                (or               ) [ 0000000000]
and_ln115               (and              ) [ 0000000000]
or_ln115_3              (or               ) [ 0000000000]
xor_ln115_4             (xor              ) [ 0000000000]
and_ln115_1             (and              ) [ 0000000000]
select_ln115            (select           ) [ 0000000000]
or_ln115_1              (or               ) [ 0000000000]
z_3                     (select           ) [ 0000000000]
trunc_ln115             (trunc            ) [ 0000000000]
tmp_6                   (bitselect        ) [ 0000000000]
icmp_ln18               (icmp             ) [ 0000000000]
select_ln17_1           (select           ) [ 0000000000]
or_ln17                 (or               ) [ 0000000000]
select_ln17             (select           ) [ 0100100000]
sext_ln1133_load        (load             ) [ 0000000000]
specpipeline_ln114      (specpipeline     ) [ 0000000000]
speclooptripcount_ln113 (speclooptripcount) [ 0000000000]
specloopname_ln113      (specloopname     ) [ 0000000000]
zext_ln116              (zext             ) [ 0000000000]
out_r_addr_1            (getelementptr    ) [ 0100011111]
write_ln116             (write            ) [ 0000000000]
empty_103               (writeresp        ) [ 0000000000]
br_ln113                (br               ) [ 0000000000]
ret_ln118               (ret              ) [ 0000000000]
</LifeTime>

<model>

<comp_list>
<comp id="0" class="1000" name="s3_to_k4">
<pin_list>
<pin id="1" dir="1" index="0" bw="1" slack="0"/>
</pin_list>
<bind>
<StgValue><ssdm name="s3_to_k4"/></StgValue>
</bind>
</comp>

<comp id="2" class="1000" name="out_r">
<pin_list>
<pin id="3" dir="1" index="0" bw="1" slack="0"/>
</pin_list>
<bind>
<StgValue><ssdm name="out_r"/><MemPortTyVec>1 </MemPortTyVec>
</StgValue>
</bind>
</comp>

<comp id="4" class="1000" name="out_r_r">
<pin_list>
<pin id="5" dir="1" index="0" bw="1" slack="0"/>
</pin_list>
<bind>
<StgValue><ssdm name="out_r_r"/></StgValue>
</bind>
</comp>

<comp id="6" class="1001" name="const_6">
<pin_list>
<pin id="7" dir="1" index="0" bw="1" slack="0"/>
</pin_list>
<bind>
<StgValue><ssdm name=""/></StgValue>
</bind>
</comp>

<comp id="8" class="1001" name="const_8">
<pin_list>
<pin id="9" dir="1" index="0" bw="1" slack="2147483647"/>
</pin_list>
<bind>
<StgValue><ssdm name="_ssdm_op_SpecInterface"/></StgValue>
</bind>
</comp>

<comp id="10" class="1001" name="const_10">
<pin_list>
<pin id="11" dir="1" index="0" bw="1" slack="2147483647"/>
</pin_list>
<bind>
<StgValue><ssdm name="ap_fifo_str"/></StgValue>
</bind>
</comp>

<comp id="12" class="1001" name="const_12">
<pin_list>
<pin id="13" dir="1" index="0" bw="1" slack="2147483647"/>
</pin_list>
<bind>
<StgValue><ssdm name=""/></StgValue>
</bind>
</comp>

<comp id="14" class="1001" name="const_14">
<pin_list>
<pin id="15" dir="1" index="0" bw="1" slack="2147483647"/>
</pin_list>
<bind>
<StgValue><ssdm name="p_str"/></StgValue>
</bind>
</comp>

<comp id="16" class="1001" name="const_16">
<pin_list>
<pin id="17" dir="1" index="0" bw="1" slack="0"/>
</pin_list>
<bind>
<StgValue><ssdm name=""/></StgValue>
</bind>
</comp>

<comp id="18" class="1001" name="const_18">
<pin_list>
<pin id="19" dir="1" index="0" bw="1" slack="2147483647"/>
</pin_list>
<bind>
<StgValue><ssdm name=""/></StgValue>
</bind>
</comp>

<comp id="20" class="1001" name="const_20">
<pin_list>
<pin id="21" dir="1" index="0" bw="1" slack="2147483647"/>
</pin_list>
<bind>
<StgValue><ssdm name="ScalarProp_str"/></StgValue>
</bind>
</comp>

<comp id="22" class="1001" name="const_22">
<pin_list>
<pin id="23" dir="1" index="0" bw="1" slack="2147483647"/>
</pin_list>
<bind>
<StgValue><ssdm name=""/></StgValue>
</bind>
</comp>

<comp id="24" class="1001" name="const_24">
<pin_list>
<pin id="25" dir="1" index="0" bw="1" slack="2147483647"/>
</pin_list>
<bind>
<StgValue><ssdm name="empty_11"/></StgValue>
</bind>
</comp>

<comp id="26" class="1001" name="const_26">
<pin_list>
<pin id="27" dir="1" index="0" bw="1" slack="2147483647"/>
</pin_list>
<bind>
<StgValue><ssdm name="empty_1"/></StgValue>
</bind>
</comp>

<comp id="28" class="1001" name="const_28">
<pin_list>
<pin id="29" dir="1" index="0" bw="1" slack="2147483647"/>
</pin_list>
<bind>
<StgValue><ssdm name="empty_3"/></StgValue>
</bind>
</comp>

<comp id="30" class="1001" name="const_30">
<pin_list>
<pin id="31" dir="1" index="0" bw="1" slack="2147483647"/>
</pin_list>
<bind>
<StgValue><ssdm name="empty"/></StgValue>
</bind>
</comp>

<comp id="32" class="1001" name="const_32">
<pin_list>
<pin id="33" dir="1" index="0" bw="1" slack="2147483647"/>
</pin_list>
<bind>
<StgValue><ssdm name="empty_0"/></StgValue>
</bind>
</comp>

<comp id="34" class="1001" name="const_34">
<pin_list>
<pin id="35" dir="1" index="0" bw="1" slack="0"/>
</pin_list>
<bind>
<StgValue><ssdm name=""/></StgValue>
</bind>
</comp>

<comp id="36" class="1001" name="const_36">
<pin_list>
<pin id="37" dir="1" index="0" bw="1" slack="0"/>
</pin_list>
<bind>
<StgValue><ssdm name=""/></StgValue>
</bind>
</comp>

<comp id="38" class="1001" name="const_38">
<pin_list>
<pin id="39" dir="1" index="0" bw="1" slack="0"/>
</pin_list>
<bind>
<StgValue><ssdm name=""/></StgValue>
</bind>
</comp>

<comp id="40" class="1001" name="const_40">
<pin_list>
<pin id="41" dir="1" index="0" bw="1" slack="0"/>
</pin_list>
<bind>
<StgValue><ssdm name=""/></StgValue>
</bind>
</comp>

<comp id="42" class="1001" name="const_42">
<pin_list>
<pin id="43" dir="1" index="0" bw="1" slack="0"/>
</pin_list>
<bind>
<StgValue><ssdm name=""/></StgValue>
</bind>
</comp>

<comp id="44" class="1001" name="const_44">
<pin_list>
<pin id="45" dir="1" index="0" bw="1" slack="0"/>
</pin_list>
<bind>
<StgValue><ssdm name="_ssdm_op_Read.ap_fifo.i64P0A"/></StgValue>
</bind>
</comp>

<comp id="46" class="1001" name="const_46">
<pin_list>
<pin id="47" dir="1" index="0" bw="1" slack="0"/>
</pin_list>
<bind>
<StgValue><ssdm name="_ssdm_op_PartSelect.i62.i64.i32.i32"/></StgValue>
</bind>
</comp>

<comp id="48" class="1001" name="const_48">
<pin_list>
<pin id="49" dir="1" index="0" bw="1" slack="0"/>
</pin_list>
<bind>
<StgValue><ssdm name=""/></StgValue>
</bind>
</comp>

<comp id="50" class="1001" name="const_50">
<pin_list>
<pin id="51" dir="1" index="0" bw="1" slack="0"/>
</pin_list>
<bind>
<StgValue><ssdm name="_ssdm_op_Read.ap_fifo.volatile.i32P0A"/></StgValue>
</bind>
</comp>

<comp id="52" class="1001" name="const_52">
<pin_list>
<pin id="53" dir="1" index="0" bw="1" slack="0"/>
</pin_list>
<bind>
<StgValue><ssdm name="_ssdm_op_PartSelect.i30.i32.i32.i32"/></StgValue>
</bind>
</comp>

<comp id="54" class="1001" name="const_54">
<pin_list>
<pin id="55" dir="1" index="0" bw="1" slack="0"/>
</pin_list>
<bind>
<StgValue><ssdm name=""/></StgValue>
</bind>
</comp>

<comp id="56" class="1001" name="const_56">
<pin_list>
<pin id="57" dir="1" index="0" bw="1" slack="0"/>
</pin_list>
<bind>
<StgValue><ssdm name="_ssdm_op_BitSelect.i1.i32.i32"/></StgValue>
</bind>
</comp>

<comp id="58" class="1001" name="const_58">
<pin_list>
<pin id="59" dir="1" index="0" bw="1" slack="0"/>
</pin_list>
<bind>
<StgValue><ssdm name="_ssdm_op_WriteReq.m_axi.p1i32"/></StgValue>
</bind>
</comp>

<comp id="60" class="1001" name="const_60">
<pin_list>
<pin id="61" dir="1" index="0" bw="1" slack="0"/>
</pin_list>
<bind>
<StgValue><ssdm name=""/></StgValue>
</bind>
</comp>

<comp id="62" class="1001" name="const_62">
<pin_list>
<pin id="63" dir="1" index="0" bw="1" slack="0"/>
</pin_list>
<bind>
<StgValue><ssdm name="_ssdm_op_BitConcatenate.i55.i31.i24"/></StgValue>
</bind>
</comp>

<comp id="64" class="1001" name="const_64">
<pin_list>
<pin id="65" dir="1" index="0" bw="1" slack="0"/>
</pin_list>
<bind>
<StgValue><ssdm name=""/></StgValue>
</bind>
</comp>

<comp id="66" class="1001" name="const_66">
<pin_list>
<pin id="67" dir="1" index="0" bw="1" slack="0"/>
</pin_list>
<bind>
<StgValue><ssdm name="_ssdm_op_BitConcatenate.i53.i31.i22"/></StgValue>
</bind>
</comp>

<comp id="68" class="1001" name="const_68">
<pin_list>
<pin id="69" dir="1" index="0" bw="1" slack="0"/>
</pin_list>
<bind>
<StgValue><ssdm name=""/></StgValue>
</bind>
</comp>

<comp id="70" class="1001" name="const_70">
<pin_list>
<pin id="71" dir="1" index="0" bw="1" slack="0"/>
</pin_list>
<bind>
<StgValue><ssdm name=""/></StgValue>
</bind>
</comp>

<comp id="72" class="1001" name="const_72">
<pin_list>
<pin id="73" dir="1" index="0" bw="1" slack="0"/>
</pin_list>
<bind>
<StgValue><ssdm name="_ssdm_op_BitSelect.i1.i55.i32"/></StgValue>
</bind>
</comp>

<comp id="74" class="1001" name="const_74">
<pin_list>
<pin id="75" dir="1" index="0" bw="1" slack="0"/>
</pin_list>
<bind>
<StgValue><ssdm name=""/></StgValue>
</bind>
</comp>

<comp id="76" class="1001" name="const_76">
<pin_list>
<pin id="77" dir="1" index="0" bw="1" slack="0"/>
</pin_list>
<bind>
<StgValue><ssdm name="_ssdm_op_PartSelect.i32.i55.i32.i32"/></StgValue>
</bind>
</comp>

<comp id="78" class="1001" name="const_78">
<pin_list>
<pin id="79" dir="1" index="0" bw="1" slack="0"/>
</pin_list>
<bind>
<StgValue><ssdm name=""/></StgValue>
</bind>
</comp>

<comp id="80" class="1001" name="const_80">
<pin_list>
<pin id="81" dir="1" index="0" bw="1" slack="0"/>
</pin_list>
<bind>
<StgValue><ssdm name=""/></StgValue>
</bind>
</comp>

<comp id="82" class="1001" name="const_82">
<pin_list>
<pin id="83" dir="1" index="0" bw="1" slack="0"/>
</pin_list>
<bind>
<StgValue><ssdm name=""/></StgValue>
</bind>
</comp>

<comp id="84" class="1001" name="const_84">
<pin_list>
<pin id="85" dir="1" index="0" bw="1" slack="0"/>
</pin_list>
<bind>
<StgValue><ssdm name=""/></StgValue>
</bind>
</comp>

<comp id="86" class="1001" name="const_86">
<pin_list>
<pin id="87" dir="1" index="0" bw="1" slack="0"/>
</pin_list>
<bind>
<StgValue><ssdm name=""/></StgValue>
</bind>
</comp>

<comp id="88" class="1001" name="const_88">
<pin_list>
<pin id="89" dir="1" index="0" bw="1" slack="0"/>
</pin_list>
<bind>
<StgValue><ssdm name=""/></StgValue>
</bind>
</comp>

<comp id="90" class="1001" name="const_90">
<pin_list>
<pin id="91" dir="1" index="0" bw="1" slack="0"/>
</pin_list>
<bind>
<StgValue><ssdm name=""/></StgValue>
</bind>
</comp>

<comp id="92" class="1001" name="const_92">
<pin_list>
<pin id="93" dir="1" index="0" bw="1" slack="0"/>
</pin_list>
<bind>
<StgValue><ssdm name=""/></StgValue>
</bind>
</comp>

<comp id="94" class="1001" name="const_94">
<pin_list>
<pin id="95" dir="1" index="0" bw="1" slack="2147483647"/>
</pin_list>
<bind>
<StgValue><ssdm name="_ssdm_op_SpecPipeline"/></StgValue>
</bind>
</comp>

<comp id="96" class="1001" name="const_96">
<pin_list>
<pin id="97" dir="1" index="0" bw="1" slack="2147483647"/>
</pin_list>
<bind>
<StgValue><ssdm name="_ssdm_op_SpecLoopTripCount"/></StgValue>
</bind>
</comp>

<comp id="98" class="1001" name="const_98">
<pin_list>
<pin id="99" dir="1" index="0" bw="1" slack="2147483647"/>
</pin_list>
<bind>
<StgValue><ssdm name="_ssdm_op_SpecLoopName"/></StgValue>
</bind>
</comp>

<comp id="100" class="1001" name="const_100">
<pin_list>
<pin id="101" dir="1" index="0" bw="1" slack="2147483647"/>
</pin_list>
<bind>
<StgValue><ssdm name="empty_8"/></StgValue>
</bind>
</comp>

<comp id="102" class="1001" name="const_102">
<pin_list>
<pin id="103" dir="1" index="0" bw="1" slack="0"/>
</pin_list>
<bind>
<StgValue><ssdm name="_ssdm_op_Write.m_axi.p1i32"/></StgValue>
</bind>
</comp>

<comp id="104" class="1001" name="const_104">
<pin_list>
<pin id="105" dir="1" index="0" bw="1" slack="0"/>
</pin_list>
<bind>
<StgValue><ssdm name=""/></StgValue>
</bind>
</comp>

<comp id="106" class="1001" name="const_106">
<pin_list>
<pin id="107" dir="1" index="0" bw="1" slack="0"/>
</pin_list>
<bind>
<StgValue><ssdm name="_ssdm_op_WriteResp.m_axi.p1i32"/></StgValue>
</bind>
</comp>

<comp id="108" class="1004" name="k1_fu_108">
<pin_list>
<pin id="109" dir="0" index="0" bw="1" slack="0"/>
<pin id="110" dir="1" index="1" bw="16" slack="0"/>
</pin_list>
<bind>
<opcode="alloca(26) " fcode="alloca"/>
<opset="k1/1 "/>
</bind>
</comp>

<comp id="112" class="1004" name="sext_ln1133_fu_112">
<pin_list>
<pin id="113" dir="0" index="0" bw="1" slack="0"/>
<pin id="114" dir="1" index="1" bw="64" slack="2"/>
</pin_list>
<bind>
<opcode="alloca(26) " fcode="alloca"/>
<opset="sext_ln1133/1 "/>
</bind>
</comp>

<comp id="116" class="1004" name="out_1_read_fu_116">
<pin_list>
<pin id="117" dir="0" index="0" bw="64" slack="0"/>
<pin id="118" dir="0" index="1" bw="64" slack="0"/>
<pin id="119" dir="1" index="2" bw="64" slack="0"/>
</pin_list>
<bind>
<opcode="read(1150) " fcode="read"/>
<opset="out_1/2 "/>
</bind>
</comp>

<comp id="122" class="1004" name="s3_to_k4_read_read_fu_122">
<pin_list>
<pin id="123" dir="0" index="0" bw="32" slack="0"/>
<pin id="124" dir="0" index="1" bw="32" slack="0"/>
<pin id="125" dir="1" index="2" bw="32" slack="0"/>
</pin_list>
<bind>
<opcode="read(1150) " fcode="read"/>
<opset="s3_to_k4_read/2 "/>
</bind>
</comp>

<comp id="128" class="1004" name="empty_writereq_fu_128">
<pin_list>
<pin id="129" dir="0" index="0" bw="1" slack="0"/>
<pin id="130" dir="0" index="1" bw="32" slack="0"/>
<pin id="131" dir="0" index="2" bw="18" slack="0"/>
<pin id="132" dir="1" index="3" bw="1" slack="2147483647"/>
</pin_list>
<bind>
<opcode="writereq(1155) " fcode="writereq"/>
<opset="empty/3 "/>
</bind>
</comp>

<comp id="135" class="1004" name="write_ln116_write_fu_135">
<pin_list>
<pin id="136" dir="0" index="0" bw="0" slack="0"/>
<pin id="137" dir="0" index="1" bw="32" slack="0"/>
<pin id="138" dir="0" index="2" bw="29" slack="0"/>
<pin id="139" dir="0" index="3" bw="1" slack="0"/>
<pin id="140" dir="1" index="4" bw="0" slack="2147483647"/>
</pin_list>
<bind>
<opcode="write(1151) " fcode="write"/>
<opset="write_ln116/4 "/>
</bind>
</comp>

<comp id="143" class="1004" name="grp_writeresp_fu_143">
<pin_list>
<pin id="144" dir="0" index="0" bw="1" slack="0"/>
<pin id="145" dir="0" index="1" bw="32" slack="1"/>
<pin id="146" dir="1" index="2" bw="1" slack="2147483647"/>
</pin_list>
<bind>
<opcode="writeresp(1158) " fcode="writeresp"/>
<opset="empty_103/5 "/>
</bind>
</comp>

<comp id="148" class="1005" name="first_iter_0_reg_148">
<pin_list>
<pin id="149" dir="0" index="0" bw="1" slack="1"/>
<pin id="150" dir="1" index="1" bw="1" slack="2147483647"/>
</pin_list>
<bind>
<opset="first_iter_0 (phireg) "/>
</bind>
</comp>

<comp id="151" class="1004" name="first_iter_0_phi_fu_151">
<pin_list>
<pin id="152" dir="0" index="0" bw="1" slack="0"/>
<pin id="153" dir="0" index="1" bw="0" slack="2147483647"/>
<pin id="154" dir="0" index="2" bw="1" slack="0"/>
<pin id="155" dir="0" index="3" bw="0" slack="2147483647"/>
<pin id="156" dir="1" index="4" bw="1" slack="1"/>
</pin_list>
<bind>
<opcode="phi(47) " fcode="phi"/>
<opset="first_iter_0/1 "/>
</bind>
</comp>

<comp id="160" class="1004" name="store_ln0_store_fu_160">
<pin_list>
<pin id="161" dir="0" index="0" bw="1" slack="0"/>
<pin id="162" dir="0" index="1" bw="16" slack="0"/>
<pin id="163" dir="1" index="2" bw="0" slack="2147483647"/>
</pin_list>
<bind>
<opcode="store(28) " fcode="store"/>
<opset="store_ln0/1 "/>
</bind>
</comp>

<comp id="165" class="1004" name="k1_load_load_fu_165">
<pin_list>
<pin id="166" dir="0" index="0" bw="16" slack="0"/>
<pin id="167" dir="1" index="1" bw="16" slack="0"/>
</pin_list>
<bind>
<opcode="load(27) " fcode="load"/>
<opset="k1_load/1 "/>
</bind>
</comp>

<comp id="168" class="1004" name="k_fu_168">
<pin_list>
<pin id="169" dir="0" index="0" bw="16" slack="0"/>
<pin id="170" dir="0" index="1" bw="1" slack="0"/>
<pin id="171" dir="1" index="2" bw="16" slack="0"/>
</pin_list>
<bind>
<opcode="add(8) " fcode="add"/>
<opset="k/1 "/>
</bind>
</comp>

<comp id="174" class="1004" name="icmp_ln113_fu_174">
<pin_list>
<pin id="175" dir="0" index="0" bw="16" slack="0"/>
<pin id="176" dir="0" index="1" bw="16" slack="0"/>
<pin id="177" dir="1" index="2" bw="1" slack="1"/>
</pin_list>
<bind>
<opcode="icmp(45) " fcode="icmp"/>
<opset="icmp_ln113/1 "/>
</bind>
</comp>

<comp id="180" class="1004" name="store_ln113_store_fu_180">
<pin_list>
<pin id="181" dir="0" index="0" bw="16" slack="0"/>
<pin id="182" dir="0" index="1" bw="16" slack="0"/>
<pin id="183" dir="1" index="2" bw="0" slack="2147483647"/>
</pin_list>
<bind>
<opcode="store(28) " fcode="store"/>
<opset="store_ln113/1 "/>
</bind>
</comp>

<comp id="185" class="1004" name="trunc_ln_fu_185">
<pin_list>
<pin id="186" dir="0" index="0" bw="62" slack="0"/>
<pin id="187" dir="0" index="1" bw="64" slack="0"/>
<pin id="188" dir="0" index="2" bw="3" slack="0"/>
<pin id="189" dir="0" index="3" bw="7" slack="0"/>
<pin id="190" dir="1" index="4" bw="62" slack="1"/>
</pin_list>
<bind>
<opcode="partselect(1002) " fcode="partselect"/>
<opset="trunc_ln/2 "/>
</bind>
</comp>

<comp id="195" class="1004" name="trunc_ln1_fu_195">
<pin_list>
<pin id="196" dir="0" index="0" bw="30" slack="0"/>
<pin id="197" dir="0" index="1" bw="32" slack="0"/>
<pin id="198" dir="0" index="2" bw="3" slack="0"/>
<pin id="199" dir="0" index="3" bw="6" slack="0"/>
<pin id="200" dir="1" index="4" bw="30" slack="1"/>
</pin_list>
<bind>
<opcode="partselect(1002) " fcode="partselect"/>
<opset="trunc_ln1/2 "/>
</bind>
</comp>

<comp id="205" class="1004" name="tmp_fu_205">
<pin_list>
<pin id="206" dir="0" index="0" bw="1" slack="0"/>
<pin id="207" dir="0" index="1" bw="32" slack="0"/>
<pin id="208" dir="0" index="2" bw="1" slack="0"/>
<pin id="209" dir="1" index="3" bw="1" slack="1"/>
</pin_list>
<bind>
<opcode="bitselect(1000) " fcode="bitselect"/>
<opset="tmp/2 "/>
</bind>
</comp>

<comp id="213" class="1004" name="sext_ln113_fu_213">
<pin_list>
<pin id="214" dir="0" index="0" bw="62" slack="1"/>
<pin id="215" dir="1" index="1" bw="64" slack="0"/>
</pin_list>
<bind>
<opcode="sext(35) " fcode="sext"/>
<opset="sext_ln113/3 "/>
</bind>
</comp>

<comp id="216" class="1004" name="out_r_addr_fu_216">
<pin_list>
<pin id="217" dir="0" index="0" bw="64" slack="0"/>
<pin id="218" dir="0" index="1" bw="64" slack="0"/>
<pin id="219" dir="1" index="2" bw="64" slack="0"/>
</pin_list>
<bind>
<opcode="getelementptr(29) " fcode="getelementptr"/>
<opset="out_r_addr/3 "/>
</bind>
</comp>

<comp id="223" class="1004" name="store_ln113_store_fu_223">
<pin_list>
<pin id="224" dir="0" index="0" bw="62" slack="0"/>
<pin id="225" dir="0" index="1" bw="64" slack="2"/>
<pin id="226" dir="1" index="2" bw="0" slack="2147483647"/>
</pin_list>
<bind>
<opcode="store(28) " fcode="store"/>
<opset="store_ln113/3 "/>
</bind>
</comp>

<comp id="228" class="1004" name="sext_ln115_fu_228">
<pin_list>
<pin id="229" dir="0" index="0" bw="30" slack="1"/>
<pin id="230" dir="1" index="1" bw="31" slack="0"/>
</pin_list>
<bind>
<opcode="sext(35) " fcode="sext"/>
<opset="sext_ln115/3 "/>
</bind>
</comp>

<comp id="231" class="1004" name="zext_ln115_fu_231">
<pin_list>
<pin id="232" dir="0" index="0" bw="1" slack="1"/>
<pin id="233" dir="1" index="1" bw="31" slack="0"/>
</pin_list>
<bind>
<opcode="zext(34) " fcode="zext"/>
<opset="zext_ln115/3 "/>
</bind>
</comp>

<comp id="234" class="1004" name="add_ln115_fu_234">
<pin_list>
<pin id="235" dir="0" index="0" bw="30" slack="0"/>
<pin id="236" dir="0" index="1" bw="1" slack="0"/>
<pin id="237" dir="1" index="2" bw="31" slack="0"/>
</pin_list>
<bind>
<opcode="add(8) " fcode="add"/>
<opset="add_ln115/3 "/>
</bind>
</comp>

<comp id="240" class="1004" name="p_shl_fu_240">
<pin_list>
<pin id="241" dir="0" index="0" bw="55" slack="0"/>
<pin id="242" dir="0" index="1" bw="31" slack="0"/>
<pin id="243" dir="0" index="2" bw="1" slack="0"/>
<pin id="244" dir="1" index="3" bw="55" slack="0"/>
</pin_list>
<bind>
<opcode="bitconcatenate(1004) " fcode="bitconcatenate"/>
<opset="p_shl/3 "/>
</bind>
</comp>

<comp id="248" class="1004" name="tmp_1_fu_248">
<pin_list>
<pin id="249" dir="0" index="0" bw="53" slack="0"/>
<pin id="250" dir="0" index="1" bw="31" slack="0"/>
<pin id="251" dir="0" index="2" bw="1" slack="0"/>
<pin id="252" dir="1" index="3" bw="53" slack="0"/>
</pin_list>
<bind>
<opcode="bitconcatenate(1004) " fcode="bitconcatenate"/>
<opset="tmp_1/3 "/>
</bind>
</comp>

<comp id="256" class="1004" name="sext_ln115_1_fu_256">
<pin_list>
<pin id="257" dir="0" index="0" bw="53" slack="0"/>
<pin id="258" dir="1" index="1" bw="55" slack="0"/>
</pin_list>
<bind>
<opcode="sext(35) " fcode="sext"/>
<opset="sext_ln115_1/3 "/>
</bind>
</comp>

<comp id="260" class="1004" name="add_ln115_2_fu_260">
<pin_list>
<pin id="261" dir="0" index="0" bw="55" slack="0"/>
<pin id="262" dir="0" index="1" bw="53" slack="0"/>
<pin id="263" dir="1" index="2" bw="55" slack="0"/>
</pin_list>
<bind>
<opcode="add(8) " fcode="add"/>
<opset="add_ln115_2/3 "/>
</bind>
</comp>

<comp id="266" class="1004" name="add_ln115_1_fu_266">
<pin_list>
<pin id="267" dir="0" index="0" bw="55" slack="0"/>
<pin id="268" dir="0" index="1" bw="45" slack="0"/>
<pin id="269" dir="1" index="2" bw="55" slack="0"/>
</pin_list>
<bind>
<opcode="add(8) " fcode="add"/>
<opset="add_ln115_1/3 "/>
</bind>
</comp>

<comp id="272" class="1004" name="tmp_2_fu_272">
<pin_list>
<pin id="273" dir="0" index="0" bw="1" slack="0"/>
<pin id="274" dir="0" index="1" bw="55" slack="0"/>
<pin id="275" dir="0" index="2" bw="7" slack="0"/>
<pin id="276" dir="1" index="3" bw="1" slack="0"/>
</pin_list>
<bind>
<opcode="bitselect(1000) " fcode="bitselect"/>
<opset="tmp_2/3 "/>
</bind>
</comp>

<comp id="280" class="1004" name="z_fu_280">
<pin_list>
<pin id="281" dir="0" index="0" bw="32" slack="0"/>
<pin id="282" dir="0" index="1" bw="55" slack="0"/>
<pin id="283" dir="0" index="2" bw="6" slack="0"/>
<pin id="284" dir="0" index="3" bw="7" slack="0"/>
<pin id="285" dir="1" index="4" bw="32" slack="0"/>
</pin_list>
<bind>
<opcode="partselect(1002) " fcode="partselect"/>
<opset="z/3 "/>
</bind>
</comp>

<comp id="290" class="1004" name="tmp_3_fu_290">
<pin_list>
<pin id="291" dir="0" index="0" bw="1" slack="0"/>
<pin id="292" dir="0" index="1" bw="55" slack="0"/>
<pin id="293" dir="0" index="2" bw="6" slack="0"/>
<pin id="294" dir="1" index="3" bw="1" slack="0"/>
</pin_list>
<bind>
<opcode="bitselect(1000) " fcode="bitselect"/>
<opset="tmp_3/3 "/>
</bind>
</comp>

<comp id="298" class="1004" name="tmp_4_fu_298">
<pin_list>
<pin id="299" dir="0" index="0" bw="1" slack="0"/>
<pin id="300" dir="0" index="1" bw="55" slack="0"/>
<pin id="301" dir="0" index="2" bw="7" slack="0"/>
<pin id="302" dir="1" index="3" bw="1" slack="0"/>
</pin_list>
<bind>
<opcode="bitselect(1000) " fcode="bitselect"/>
<opset="tmp_4/3 "/>
</bind>
</comp>

<comp id="306" class="1004" name="zext_ln115_1_fu_306">
<pin_list>
<pin id="307" dir="0" index="0" bw="1" slack="0"/>
<pin id="308" dir="1" index="1" bw="32" slack="0"/>
</pin_list>
<bind>
<opcode="zext(34) " fcode="zext"/>
<opset="zext_ln115_1/3 "/>
</bind>
</comp>

<comp id="310" class="1004" name="z_1_fu_310">
<pin_list>
<pin id="311" dir="0" index="0" bw="32" slack="0"/>
<pin id="312" dir="0" index="1" bw="1" slack="0"/>
<pin id="313" dir="1" index="2" bw="32" slack="0"/>
</pin_list>
<bind>
<opcode="add(8) " fcode="add"/>
<opset="z_1/3 "/>
</bind>
</comp>

<comp id="316" class="1004" name="tmp_5_fu_316">
<pin_list>
<pin id="317" dir="0" index="0" bw="1" slack="0"/>
<pin id="318" dir="0" index="1" bw="32" slack="0"/>
<pin id="319" dir="0" index="2" bw="6" slack="0"/>
<pin id="320" dir="1" index="3" bw="1" slack="0"/>
</pin_list>
<bind>
<opcode="bitselect(1000) " fcode="bitselect"/>
<opset="tmp_5/3 "/>
</bind>
</comp>

<comp id="324" class="1004" name="xor_ln115_fu_324">
<pin_list>
<pin id="325" dir="0" index="0" bw="1" slack="0"/>
<pin id="326" dir="0" index="1" bw="1" slack="0"/>
<pin id="327" dir="1" index="2" bw="1" slack="0"/>
</pin_list>
<bind>
<opcode="xor(25) " fcode="xor"/>
<opset="xor_ln115/3 "/>
</bind>
</comp>

<comp id="330" class="1004" name="or_ln115_2_fu_330">
<pin_list>
<pin id="331" dir="0" index="0" bw="1" slack="0"/>
<pin id="332" dir="0" index="1" bw="1" slack="0"/>
<pin id="333" dir="1" index="2" bw="1" slack="0"/>
</pin_list>
<bind>
<opcode="or(24) " fcode="or"/>
<opset="or_ln115_2/3 "/>
</bind>
</comp>

<comp id="336" class="1004" name="xor_ln115_1_fu_336">
<pin_list>
<pin id="337" dir="0" index="0" bw="1" slack="0"/>
<pin id="338" dir="0" index="1" bw="1" slack="0"/>
<pin id="339" dir="1" index="2" bw="1" slack="0"/>
</pin_list>
<bind>
<opcode="xor(25) " fcode="xor"/>
<opset="xor_ln115_1/3 "/>
</bind>
</comp>

<comp id="342" class="1004" name="xor_ln115_2_fu_342">
<pin_list>
<pin id="343" dir="0" index="0" bw="1" slack="0"/>
<pin id="344" dir="0" index="1" bw="1" slack="0"/>
<pin id="345" dir="1" index="2" bw="1" slack="0"/>
</pin_list>
<bind>
<opcode="xor(25) " fcode="xor"/>
<opset="xor_ln115_2/3 "/>
</bind>
</comp>

<comp id="348" class="1004" name="xor_ln115_3_fu_348">
<pin_list>
<pin id="349" dir="0" index="0" bw="1" slack="0"/>
<pin id="350" dir="0" index="1" bw="1" slack="0"/>
<pin id="351" dir="1" index="2" bw="1" slack="0"/>
</pin_list>
<bind>
<opcode="xor(25) " fcode="xor"/>
<opset="xor_ln115_3/3 "/>
</bind>
</comp>

<comp id="354" class="1004" name="or_ln115_fu_354">
<pin_list>
<pin id="355" dir="0" index="0" bw="1" slack="0"/>
<pin id="356" dir="0" index="1" bw="1" slack="0"/>
<pin id="357" dir="1" index="2" bw="1" slack="0"/>
</pin_list>
<bind>
<opcode="or(24) " fcode="or"/>
<opset="or_ln115/3 "/>
</bind>
</comp>

<comp id="360" class="1004" name="and_ln115_fu_360">
<pin_list>
<pin id="361" dir="0" index="0" bw="1" slack="0"/>
<pin id="362" dir="0" index="1" bw="1" slack="0"/>
<pin id="363" dir="1" index="2" bw="1" slack="0"/>
</pin_list>
<bind>
<opcode="and(23) " fcode="and"/>
<opset="and_ln115/3 "/>
</bind>
</comp>

<comp id="366" class="1004" name="or_ln115_3_fu_366">
<pin_list>
<pin id="367" dir="0" index="0" bw="1" slack="0"/>
<pin id="368" dir="0" index="1" bw="1" slack="0"/>
<pin id="369" dir="1" index="2" bw="1" slack="0"/>
</pin_list>
<bind>
<opcode="or(24) " fcode="or"/>
<opset="or_ln115_3/3 "/>
</bind>
</comp>

<comp id="372" class="1004" name="xor_ln115_4_fu_372">
<pin_list>
<pin id="373" dir="0" index="0" bw="1" slack="0"/>
<pin id="374" dir="0" index="1" bw="1" slack="0"/>
<pin id="375" dir="1" index="2" bw="1" slack="0"/>
</pin_list>
<bind>
<opcode="xor(25) " fcode="xor"/>
<opset="xor_ln115_4/3 "/>
</bind>
</comp>

<comp id="378" class="1004" name="and_ln115_1_fu_378">
<pin_list>
<pin id="379" dir="0" index="0" bw="1" slack="0"/>
<pin id="380" dir="0" index="1" bw="1" slack="0"/>
<pin id="381" dir="1" index="2" bw="1" slack="0"/>
</pin_list>
<bind>
<opcode="and(23) " fcode="and"/>
<opset="and_ln115_1/3 "/>
</bind>
</comp>

<comp id="384" class="1004" name="select_ln115_fu_384">
<pin_list>
<pin id="385" dir="0" index="0" bw="1" slack="0"/>
<pin id="386" dir="0" index="1" bw="32" slack="0"/>
<pin id="387" dir="0" index="2" bw="32" slack="0"/>
<pin id="388" dir="1" index="3" bw="32" slack="0"/>
</pin_list>
<bind>
<opcode="select(49) " fcode="select"/>
<opset="select_ln115/3 "/>
</bind>
</comp>

<comp id="392" class="1004" name="or_ln115_1_fu_392">
<pin_list>
<pin id="393" dir="0" index="0" bw="1" slack="0"/>
<pin id="394" dir="0" index="1" bw="1" slack="0"/>
<pin id="395" dir="1" index="2" bw="1" slack="0"/>
</pin_list>
<bind>
<opcode="or(24) " fcode="or"/>
<opset="or_ln115_1/3 "/>
</bind>
</comp>

<comp id="398" class="1004" name="z_3_fu_398">
<pin_list>
<pin id="399" dir="0" index="0" bw="1" slack="0"/>
<pin id="400" dir="0" index="1" bw="32" slack="0"/>
<pin id="401" dir="0" index="2" bw="32" slack="0"/>
<pin id="402" dir="1" index="3" bw="32" slack="0"/>
</pin_list>
<bind>
<opcode="select(49) " fcode="select"/>
<opset="z_3/3 "/>
</bind>
</comp>

<comp id="406" class="1004" name="trunc_ln115_fu_406">
<pin_list>
<pin id="407" dir="0" index="0" bw="32" slack="0"/>
<pin id="408" dir="1" index="1" bw="29" slack="0"/>
</pin_list>
<bind>
<opcode="trunc(33) " fcode="trunc"/>
<opset="trunc_ln115/3 "/>
</bind>
</comp>

<comp id="410" class="1004" name="tmp_6_fu_410">
<pin_list>
<pin id="411" dir="0" index="0" bw="1" slack="0"/>
<pin id="412" dir="0" index="1" bw="32" slack="0"/>
<pin id="413" dir="0" index="2" bw="6" slack="0"/>
<pin id="414" dir="1" index="3" bw="1" slack="0"/>
</pin_list>
<bind>
<opcode="bitselect(1000) " fcode="bitselect"/>
<opset="tmp_6/3 "/>
</bind>
</comp>

<comp id="418" class="1004" name="icmp_ln18_fu_418">
<pin_list>
<pin id="419" dir="0" index="0" bw="32" slack="0"/>
<pin id="420" dir="0" index="1" bw="32" slack="0"/>
<pin id="421" dir="1" index="2" bw="1" slack="0"/>
</pin_list>
<bind>
<opcode="icmp(45) " fcode="icmp"/>
<opset="icmp_ln18/3 "/>
</bind>
</comp>

<comp id="424" class="1004" name="select_ln17_1_fu_424">
<pin_list>
<pin id="425" dir="0" index="0" bw="1" slack="0"/>
<pin id="426" dir="0" index="1" bw="29" slack="0"/>
<pin id="427" dir="0" index="2" bw="29" slack="0"/>
<pin id="428" dir="1" index="3" bw="29" slack="0"/>
</pin_list>
<bind>
<opcode="select(49) " fcode="select"/>
<opset="select_ln17_1/3 "/>
</bind>
</comp>

<comp id="432" class="1004" name="or_ln17_fu_432">
<pin_list>
<pin id="433" dir="0" index="0" bw="1" slack="0"/>
<pin id="434" dir="0" index="1" bw="1" slack="0"/>
<pin id="435" dir="1" index="2" bw="1" slack="0"/>
</pin_list>
<bind>
<opcode="or(24) " fcode="or"/>
<opset="or_ln17/3 "/>
</bind>
</comp>

<comp id="438" class="1004" name="select_ln17_fu_438">
<pin_list>
<pin id="439" dir="0" index="0" bw="1" slack="0"/>
<pin id="440" dir="0" index="1" bw="29" slack="0"/>
<pin id="441" dir="0" index="2" bw="29" slack="0"/>
<pin id="442" dir="1" index="3" bw="29" slack="1"/>
</pin_list>
<bind>
<opcode="select(49) " fcode="select"/>
<opset="select_ln17/3 "/>
</bind>
</comp>

<comp id="446" class="1004" name="sext_ln1133_load_load_fu_446">
<pin_list>
<pin id="447" dir="0" index="0" bw="64" slack="3"/>
<pin id="448" dir="1" index="1" bw="64" slack="0"/>
</pin_list>
<bind>
<opcode="load(27) " fcode="load"/>
<opset="sext_ln1133_load/4 "/>
</bind>
</comp>

<comp id="449" class="1004" name="zext_ln116_fu_449">
<pin_list>
<pin id="450" dir="0" index="0" bw="29" slack="1"/>
<pin id="451" dir="1" index="1" bw="32" slack="0"/>
</pin_list>
<bind>
<opcode="zext(34) " fcode="zext"/>
<opset="zext_ln116/4 "/>
</bind>
</comp>

<comp id="453" class="1004" name="out_r_addr_1_fu_453">
<pin_list>
<pin id="454" dir="0" index="0" bw="64" slack="0"/>
<pin id="455" dir="0" index="1" bw="64" slack="0"/>
<pin id="456" dir="1" index="2" bw="64" slack="0"/>
</pin_list>
<bind>
<opcode="getelementptr(29) " fcode="getelementptr"/>
<opset="out_r_addr_1/4 "/>
</bind>
</comp>

<comp id="460" class="1005" name="k1_reg_460">
<pin_list>
<pin id="461" dir="0" index="0" bw="16" slack="0"/>
<pin id="462" dir="1" index="1" bw="16" slack="0"/>
</pin_list>
<bind>
<opset="k1 "/>
</bind>
</comp>

<comp id="467" class="1005" name="sext_ln1133_reg_467">
<pin_list>
<pin id="468" dir="0" index="0" bw="64" slack="2"/>
<pin id="469" dir="1" index="1" bw="64" slack="2"/>
</pin_list>
<bind>
<opset="sext_ln1133 "/>
</bind>
</comp>

<comp id="473" class="1005" name="icmp_ln113_reg_473">
<pin_list>
<pin id="474" dir="0" index="0" bw="1" slack="1"/>
<pin id="475" dir="1" index="1" bw="1" slack="2147483647"/>
</pin_list>
<bind>
<opset="icmp_ln113 "/>
</bind>
</comp>

<comp id="477" class="1005" name="trunc_ln_reg_477">
<pin_list>
<pin id="478" dir="0" index="0" bw="62" slack="1"/>
<pin id="479" dir="1" index="1" bw="62" slack="1"/>
</pin_list>
<bind>
<opset="trunc_ln "/>
</bind>
</comp>

<comp id="482" class="1005" name="trunc_ln1_reg_482">
<pin_list>
<pin id="483" dir="0" index="0" bw="30" slack="1"/>
<pin id="484" dir="1" index="1" bw="30" slack="1"/>
</pin_list>
<bind>
<opset="trunc_ln1 "/>
</bind>
</comp>

<comp id="487" class="1005" name="tmp_reg_487">
<pin_list>
<pin id="488" dir="0" index="0" bw="1" slack="1"/>
<pin id="489" dir="1" index="1" bw="1" slack="1"/>
</pin_list>
<bind>
<opset="tmp "/>
</bind>
</comp>

<comp id="492" class="1005" name="select_ln17_reg_492">
<pin_list>
<pin id="493" dir="0" index="0" bw="29" slack="1"/>
<pin id="494" dir="1" index="1" bw="29" slack="1"/>
</pin_list>
<bind>
<opset="select_ln17 "/>
</bind>
</comp>

<comp id="497" class="1005" name="out_r_addr_1_reg_497">
<pin_list>
<pin id="498" dir="0" index="0" bw="32" slack="1"/>
<pin id="499" dir="1" index="1" bw="32" slack="1"/>
</pin_list>
<bind>
<opset="out_r_addr_1 "/>
</bind>
</comp>

</comp_list>

<net_list>
<net id="111"><net_src comp="6" pin="0"/><net_sink comp="108" pin=0"/></net>

<net id="115"><net_src comp="6" pin="0"/><net_sink comp="112" pin=0"/></net>

<net id="120"><net_src comp="44" pin="0"/><net_sink comp="116" pin=0"/></net>

<net id="121"><net_src comp="4" pin="0"/><net_sink comp="116" pin=1"/></net>

<net id="126"><net_src comp="50" pin="0"/><net_sink comp="122" pin=0"/></net>

<net id="127"><net_src comp="0" pin="0"/><net_sink comp="122" pin=1"/></net>

<net id="133"><net_src comp="58" pin="0"/><net_sink comp="128" pin=0"/></net>

<net id="134"><net_src comp="60" pin="0"/><net_sink comp="128" pin=2"/></net>

<net id="141"><net_src comp="102" pin="0"/><net_sink comp="135" pin=0"/></net>

<net id="142"><net_src comp="104" pin="0"/><net_sink comp="135" pin=3"/></net>

<net id="147"><net_src comp="106" pin="0"/><net_sink comp="143" pin=0"/></net>

<net id="157"><net_src comp="36" pin="0"/><net_sink comp="151" pin=0"/></net>

<net id="158"><net_src comp="38" pin="0"/><net_sink comp="151" pin=2"/></net>

<net id="159"><net_src comp="151" pin="4"/><net_sink comp="148" pin=0"/></net>

<net id="164"><net_src comp="34" pin="0"/><net_sink comp="160" pin=0"/></net>

<net id="172"><net_src comp="165" pin="1"/><net_sink comp="168" pin=0"/></net>

<net id="173"><net_src comp="40" pin="0"/><net_sink comp="168" pin=1"/></net>

<net id="178"><net_src comp="165" pin="1"/><net_sink comp="174" pin=0"/></net>

<net id="179"><net_src comp="42" pin="0"/><net_sink comp="174" pin=1"/></net>

<net id="184"><net_src comp="168" pin="2"/><net_sink comp="180" pin=0"/></net>

<net id="191"><net_src comp="46" pin="0"/><net_sink comp="185" pin=0"/></net>

<net id="192"><net_src comp="116" pin="2"/><net_sink comp="185" pin=1"/></net>

<net id="193"><net_src comp="16" pin="0"/><net_sink comp="185" pin=2"/></net>

<net id="194"><net_src comp="48" pin="0"/><net_sink comp="185" pin=3"/></net>

<net id="201"><net_src comp="52" pin="0"/><net_sink comp="195" pin=0"/></net>

<net id="202"><net_src comp="122" pin="2"/><net_sink comp="195" pin=1"/></net>

<net id="203"><net_src comp="16" pin="0"/><net_sink comp="195" pin=2"/></net>

<net id="204"><net_src comp="54" pin="0"/><net_sink comp="195" pin=3"/></net>

<net id="210"><net_src comp="56" pin="0"/><net_sink comp="205" pin=0"/></net>

<net id="211"><net_src comp="122" pin="2"/><net_sink comp="205" pin=1"/></net>

<net id="212"><net_src comp="6" pin="0"/><net_sink comp="205" pin=2"/></net>

<net id="220"><net_src comp="2" pin="0"/><net_sink comp="216" pin=0"/></net>

<net id="221"><net_src comp="213" pin="1"/><net_sink comp="216" pin=1"/></net>

<net id="222"><net_src comp="216" pin="2"/><net_sink comp="128" pin=1"/></net>

<net id="227"><net_src comp="213" pin="1"/><net_sink comp="223" pin=0"/></net>

<net id="238"><net_src comp="228" pin="1"/><net_sink comp="234" pin=0"/></net>

<net id="239"><net_src comp="231" pin="1"/><net_sink comp="234" pin=1"/></net>

<net id="245"><net_src comp="62" pin="0"/><net_sink comp="240" pin=0"/></net>

<net id="246"><net_src comp="234" pin="2"/><net_sink comp="240" pin=1"/></net>

<net id="247"><net_src comp="64" pin="0"/><net_sink comp="240" pin=2"/></net>

<net id="253"><net_src comp="66" pin="0"/><net_sink comp="248" pin=0"/></net>

<net id="254"><net_src comp="234" pin="2"/><net_sink comp="248" pin=1"/></net>

<net id="255"><net_src comp="68" pin="0"/><net_sink comp="248" pin=2"/></net>

<net id="259"><net_src comp="248" pin="3"/><net_sink comp="256" pin=0"/></net>

<net id="264"><net_src comp="240" pin="3"/><net_sink comp="260" pin=0"/></net>

<net id="265"><net_src comp="256" pin="1"/><net_sink comp="260" pin=1"/></net>

<net id="270"><net_src comp="260" pin="2"/><net_sink comp="266" pin=0"/></net>

<net id="271"><net_src comp="70" pin="0"/><net_sink comp="266" pin=1"/></net>

<net id="277"><net_src comp="72" pin="0"/><net_sink comp="272" pin=0"/></net>

<net id="278"><net_src comp="266" pin="2"/><net_sink comp="272" pin=1"/></net>

<net id="279"><net_src comp="74" pin="0"/><net_sink comp="272" pin=2"/></net>

<net id="286"><net_src comp="76" pin="0"/><net_sink comp="280" pin=0"/></net>

<net id="287"><net_src comp="266" pin="2"/><net_sink comp="280" pin=1"/></net>

<net id="288"><net_src comp="78" pin="0"/><net_sink comp="280" pin=2"/></net>

<net id="289"><net_src comp="80" pin="0"/><net_sink comp="280" pin=3"/></net>

<net id="295"><net_src comp="72" pin="0"/><net_sink comp="290" pin=0"/></net>

<net id="296"><net_src comp="266" pin="2"/><net_sink comp="290" pin=1"/></net>

<net id="297"><net_src comp="82" pin="0"/><net_sink comp="290" pin=2"/></net>

<net id="303"><net_src comp="72" pin="0"/><net_sink comp="298" pin=0"/></net>

<net id="304"><net_src comp="266" pin="2"/><net_sink comp="298" pin=1"/></net>

<net id="305"><net_src comp="80" pin="0"/><net_sink comp="298" pin=2"/></net>

<net id="309"><net_src comp="290" pin="3"/><net_sink comp="306" pin=0"/></net>

<net id="314"><net_src comp="280" pin="4"/><net_sink comp="310" pin=0"/></net>

<net id="315"><net_src comp="306" pin="1"/><net_sink comp="310" pin=1"/></net>

<net id="321"><net_src comp="56" pin="0"/><net_sink comp="316" pin=0"/></net>

<net id="322"><net_src comp="310" pin="2"/><net_sink comp="316" pin=1"/></net>

<net id="323"><net_src comp="54" pin="0"/><net_sink comp="316" pin=2"/></net>

<net id="328"><net_src comp="298" pin="3"/><net_sink comp="324" pin=0"/></net>

<net id="329"><net_src comp="36" pin="0"/><net_sink comp="324" pin=1"/></net>

<net id="334"><net_src comp="316" pin="3"/><net_sink comp="330" pin=0"/></net>

<net id="335"><net_src comp="324" pin="2"/><net_sink comp="330" pin=1"/></net>

<net id="340"><net_src comp="272" pin="3"/><net_sink comp="336" pin=0"/></net>

<net id="341"><net_src comp="36" pin="0"/><net_sink comp="336" pin=1"/></net>

<net id="346"><net_src comp="272" pin="3"/><net_sink comp="342" pin=0"/></net>

<net id="347"><net_src comp="330" pin="2"/><net_sink comp="342" pin=1"/></net>

<net id="352"><net_src comp="342" pin="2"/><net_sink comp="348" pin=0"/></net>

<net id="353"><net_src comp="36" pin="0"/><net_sink comp="348" pin=1"/></net>

<net id="358"><net_src comp="316" pin="3"/><net_sink comp="354" pin=0"/></net>

<net id="359"><net_src comp="348" pin="2"/><net_sink comp="354" pin=1"/></net>

<net id="364"><net_src comp="354" pin="2"/><net_sink comp="360" pin=0"/></net>

<net id="365"><net_src comp="336" pin="2"/><net_sink comp="360" pin=1"/></net>

<net id="370"><net_src comp="298" pin="3"/><net_sink comp="366" pin=0"/></net>

<net id="371"><net_src comp="316" pin="3"/><net_sink comp="366" pin=1"/></net>

<net id="376"><net_src comp="366" pin="2"/><net_sink comp="372" pin=0"/></net>

<net id="377"><net_src comp="36" pin="0"/><net_sink comp="372" pin=1"/></net>

<net id="382"><net_src comp="272" pin="3"/><net_sink comp="378" pin=0"/></net>

<net id="383"><net_src comp="372" pin="2"/><net_sink comp="378" pin=1"/></net>

<net id="389"><net_src comp="360" pin="2"/><net_sink comp="384" pin=0"/></net>

<net id="390"><net_src comp="84" pin="0"/><net_sink comp="384" pin=1"/></net>

<net id="391"><net_src comp="86" pin="0"/><net_sink comp="384" pin=2"/></net>

<net id="396"><net_src comp="360" pin="2"/><net_sink comp="392" pin=0"/></net>

<net id="397"><net_src comp="378" pin="2"/><net_sink comp="392" pin=1"/></net>

<net id="403"><net_src comp="392" pin="2"/><net_sink comp="398" pin=0"/></net>

<net id="404"><net_src comp="384" pin="3"/><net_sink comp="398" pin=1"/></net>

<net id="405"><net_src comp="310" pin="2"/><net_sink comp="398" pin=2"/></net>

<net id="409"><net_src comp="398" pin="3"/><net_sink comp="406" pin=0"/></net>

<net id="415"><net_src comp="56" pin="0"/><net_sink comp="410" pin=0"/></net>

<net id="416"><net_src comp="398" pin="3"/><net_sink comp="410" pin=1"/></net>

<net id="417"><net_src comp="54" pin="0"/><net_sink comp="410" pin=2"/></net>

<net id="422"><net_src comp="398" pin="3"/><net_sink comp="418" pin=0"/></net>

<net id="423"><net_src comp="88" pin="0"/><net_sink comp="418" pin=1"/></net>

<net id="429"><net_src comp="410" pin="3"/><net_sink comp="424" pin=0"/></net>

<net id="430"><net_src comp="90" pin="0"/><net_sink comp="424" pin=1"/></net>

<net id="431"><net_src comp="92" pin="0"/><net_sink comp="424" pin=2"/></net>

<net id="436"><net_src comp="410" pin="3"/><net_sink comp="432" pin=0"/></net>

<net id="437"><net_src comp="418" pin="2"/><net_sink comp="432" pin=1"/></net>

<net id="443"><net_src comp="432" pin="2"/><net_sink comp="438" pin=0"/></net>

<net id="444"><net_src comp="424" pin="3"/><net_sink comp="438" pin=1"/></net>

<net id="445"><net_src comp="406" pin="1"/><net_sink comp="438" pin=2"/></net>

<net id="452"><net_src comp="449" pin="1"/><net_sink comp="135" pin=2"/></net>

<net id="457"><net_src comp="2" pin="0"/><net_sink comp="453" pin=0"/></net>

<net id="458"><net_src comp="446" pin="1"/><net_sink comp="453" pin=1"/></net>

<net id="459"><net_src comp="453" pin="2"/><net_sink comp="135" pin=1"/></net>

<net id="463"><net_src comp="108" pin="1"/><net_sink comp="460" pin=0"/></net>

<net id="464"><net_src comp="460" pin="1"/><net_sink comp="160" pin=1"/></net>

<net id="465"><net_src comp="460" pin="1"/><net_sink comp="165" pin=0"/></net>

<net id="466"><net_src comp="460" pin="1"/><net_sink comp="180" pin=1"/></net>

<net id="470"><net_src comp="112" pin="1"/><net_sink comp="467" pin=0"/></net>

<net id="471"><net_src comp="467" pin="1"/><net_sink comp="223" pin=1"/></net>

<net id="472"><net_src comp="467" pin="1"/><net_sink comp="446" pin=0"/></net>

<net id="476"><net_src comp="174" pin="2"/><net_sink comp="473" pin=0"/></net>

<net id="480"><net_src comp="185" pin="4"/><net_sink comp="477" pin=0"/></net>

<net id="481"><net_src comp="477" pin="1"/><net_sink comp="213" pin=0"/></net>

<net id="485"><net_src comp="195" pin="4"/><net_sink comp="482" pin=0"/></net>

<net id="486"><net_src comp="482" pin="1"/><net_sink comp="228" pin=0"/></net>

<net id="490"><net_src comp="205" pin="3"/><net_sink comp="487" pin=0"/></net>

<net id="491"><net_src comp="487" pin="1"/><net_sink comp="231" pin=0"/></net>

<net id="495"><net_src comp="438" pin="3"/><net_sink comp="492" pin=0"/></net>

<net id="496"><net_src comp="492" pin="1"/><net_sink comp="449" pin=0"/></net>

<net id="500"><net_src comp="453" pin="2"/><net_sink comp="497" pin=0"/></net>

<net id="501"><net_src comp="497" pin="1"/><net_sink comp="143" pin=1"/></net>

</net_list>

</model> 
---------------- Datapath Model END ------------------

* FSMD analyzer results:
  - Output states:
	Port: out_r | {3 4 5 6 7 8 9 }
 - Input state : 
	Port: K4 : s3_to_k4 | {2 }
	Port: K4 : out_r | {}
	Port: K4 : out_r_r | {2 }
  - Chain level:
	State 1
		store_ln0 : 1
		first_iter_0 : 1
		br_ln0 : 2
		k1_load : 1
		k : 2
		icmp_ln113 : 2
		br_ln113 : 3
		store_ln113 : 3
		br_ln113 : 3
	State 2
	State 3
		out_r_addr : 1
		empty : 2
		store_ln113 : 1
		add_ln115 : 1
		p_shl : 2
		tmp_1 : 2
		sext_ln115_1 : 3
		add_ln115_2 : 4
		add_ln115_1 : 5
		tmp_2 : 6
		z : 6
		tmp_3 : 6
		tmp_4 : 6
		zext_ln115_1 : 7
		z_1 : 8
		tmp_5 : 9
		xor_ln115 : 7
		or_ln115_2 : 10
		xor_ln115_1 : 7
		xor_ln115_2 : 10
		xor_ln115_3 : 10
		or_ln115 : 10
		and_ln115 : 10
		or_ln115_3 : 10
		xor_ln115_4 : 10
		and_ln115_1 : 10
		select_ln115 : 10
		or_ln115_1 : 10
		z_3 : 10
		trunc_ln115 : 11
		tmp_6 : 11
		icmp_ln18 : 11
		select_ln17_1 : 12
		or_ln17 : 12
		select_ln17 : 12
	State 4
		out_r_addr_1 : 1
		write_ln116 : 2
	State 5
	State 6
	State 7
	State 8
	State 9


============================================================
+ Verbose Summary: Datapath Resource usage 
============================================================

* Functional unit list:
|----------|---------------------------|---------|---------|
| Operation|      Functional Unit      |    FF   |   LUT   |
|----------|---------------------------|---------|---------|
|          |          k_fu_168         |    0    |    23   |
|          |      add_ln115_fu_234     |    0    |    37   |
|    add   |     add_ln115_2_fu_260    |    0    |    55   |
|          |     add_ln115_1_fu_266    |    0    |    55   |
|          |         z_1_fu_310        |    0    |    39   |
|----------|---------------------------|---------|---------|
|          |    select_ln115_fu_384    |    0    |    32   |
|  select  |         z_3_fu_398        |    0    |    32   |
|          |    select_ln17_1_fu_424   |    0    |    28   |
|          |     select_ln17_fu_438    |    0    |    28   |
|----------|---------------------------|---------|---------|
|   icmp   |     icmp_ln113_fu_174     |    0    |    23   |
|          |      icmp_ln18_fu_418     |    0    |    39   |
|----------|---------------------------|---------|---------|
|          |      xor_ln115_fu_324     |    0    |    2    |
|          |     xor_ln115_1_fu_336    |    0    |    2    |
|    xor   |     xor_ln115_2_fu_342    |    0    |    2    |
|          |     xor_ln115_3_fu_348    |    0    |    2    |
|          |     xor_ln115_4_fu_372    |    0    |    2    |
|----------|---------------------------|---------|---------|
|          |     or_ln115_2_fu_330     |    0    |    2    |
|          |      or_ln115_fu_354      |    0    |    2    |
|    or    |     or_ln115_3_fu_366     |    0    |    2    |
|          |     or_ln115_1_fu_392     |    0    |    2    |
|          |       or_ln17_fu_432      |    0    |    2    |
|----------|---------------------------|---------|---------|
|    and   |      and_ln115_fu_360     |    0    |    2    |
|          |     and_ln115_1_fu_378    |    0    |    2    |
|----------|---------------------------|---------|---------|
|   read   |     out_1_read_fu_116     |    0    |    0    |
|          | s3_to_k4_read_read_fu_122 |    0    |    0    |
|----------|---------------------------|---------|---------|
| writereq |   empty_writereq_fu_128   |    0    |    0    |
|----------|---------------------------|---------|---------|
|   write  |  write_ln116_write_fu_135 |    0    |    0    |
|----------|---------------------------|---------|---------|
| writeresp|    grp_writeresp_fu_143   |    0    |    0    |
|----------|---------------------------|---------|---------|
|          |      trunc_ln_fu_185      |    0    |    0    |
|partselect|      trunc_ln1_fu_195     |    0    |    0    |
|          |          z_fu_280         |    0    |    0    |
|----------|---------------------------|---------|---------|
|          |         tmp_fu_205        |    0    |    0    |
|          |        tmp_2_fu_272       |    0    |    0    |
| bitselect|        tmp_3_fu_290       |    0    |    0    |
|          |        tmp_4_fu_298       |    0    |    0    |
|          |        tmp_5_fu_316       |    0    |    0    |
|          |        tmp_6_fu_410       |    0    |    0    |
|----------|---------------------------|---------|---------|
|          |     sext_ln113_fu_213     |    0    |    0    |
|   sext   |     sext_ln115_fu_228     |    0    |    0    |
|          |    sext_ln115_1_fu_256    |    0    |    0    |
|----------|---------------------------|---------|---------|
|          |     zext_ln115_fu_231     |    0    |    0    |
|   zext   |    zext_ln115_1_fu_306    |    0    |    0    |
|          |     zext_ln116_fu_449     |    0    |    0    |
|----------|---------------------------|---------|---------|
|bitconcatenate|        p_shl_fu_240       |    0    |    0    |
|          |        tmp_1_fu_248       |    0    |    0    |
|----------|---------------------------|---------|---------|
|   trunc  |     trunc_ln115_fu_406    |    0    |    0    |
|----------|---------------------------|---------|---------|
|   Total  |                           |    0    |   415   |
|----------|---------------------------|---------|---------|

Memories:
N/A

* Register list:
+--------------------+--------+
|                    |   FF   |
+--------------------+--------+
|first_iter_0_reg_148|    1   |
| icmp_ln113_reg_473 |    1   |
|     k1_reg_460     |   16   |
|out_r_addr_1_reg_497|   32   |
| select_ln17_reg_492|   29   |
| sext_ln1133_reg_467|   64   |
|     tmp_reg_487    |    1   |
|  trunc_ln1_reg_482 |   30   |
|  trunc_ln_reg_477  |   62   |
+--------------------+--------+
|        Total       |   236  |
+--------------------+--------+

* Multiplexer (MUX) list: 
|--------|------|------|------|--------|
|  Comp  |  Pin | Size |  BW  | S x BW |
|--------|------|------|------|--------|
|  Total |      |      |      |    0   |
|--------|------|------|------|--------|



* Summary:
+-----------+--------+--------+
|           |   FF   |   LUT  |
+-----------+--------+--------+
|  Function |    0   |   415  |
|   Memory  |    -   |    -   |
|Multiplexer|    -   |    -   |
|  Register |   236  |    -   |
+-----------+--------+--------+
|   Total   |   236  |   415  |
+-----------+--------+--------+
