/nethome/shanda34/FPGA_ECE8893_SJH/2026_Spring/lab3/project_1/hls/.autopilot/db/top.pp.0.cpp:2269:5: warning: Added loop label VITIS_LOOP_676_1:   [xilinx-label-all-loops]
    for (unsigned i = low; i != high+1; ++i) {
    ^~~
    VITIS_LOOP_676_1: 
/nethome/shanda34/FPGA_ECE8893_SJH/2026_Spring/lab3/project_1/hls/.autopilot/db/top.pp.0.cpp:2269:5: note: FIX-IT applied suggested code changes
/nethome/shanda34/FPGA_ECE8893_SJH/2026_Spring/lab3/project_1/hls/.autopilot/db/top.pp.0.cpp:2283:5: warning: Added loop label VITIS_LOOP_690_1:   [xilinx-label-all-loops]
    for (unsigned i = low; i != high+1; ++i) {
    ^~~
    VITIS_LOOP_690_1: 
/nethome/shanda34/FPGA_ECE8893_SJH/2026_Spring/lab3/project_1/hls/.autopilot/db/top.pp.0.cpp:2283:5: note: FIX-IT applied suggested code changes
/nethome/shanda34/FPGA_ECE8893_SJH/2026_Spring/lab3/project_1/hls/.autopilot/db/top.pp.0.cpp:2297:5: warning: Added loop label VITIS_LOOP_704_1:   [xilinx-label-all-loops]
    for (unsigned i = low; i != high+1; ++i) {
    ^~~
    VITIS_LOOP_704_1: 
/nethome/shanda34/FPGA_ECE8893_SJH/2026_Spring/lab3/project_1/hls/.autopilot/db/top.pp.0.cpp:2297:5: note: FIX-IT applied suggested code changes
/nethome/shanda34/FPGA_ECE8893_SJH/2026_Spring/lab3/project_1/hls/.autopilot/db/top.pp.0.cpp:4253:7: warning: Added loop label VITIS_LOOP_1248_1:   [xilinx-label-all-loops]
      for (i = 0; i < __N - 1; ++i) {
      ^~~
      VITIS_LOOP_1248_1: 
/nethome/shanda34/FPGA_ECE8893_SJH/2026_Spring/lab3/project_1/hls/.autopilot/db/top.pp.0.cpp:4253:7: note: FIX-IT applied suggested code changes
/nethome/shanda34/FPGA_ECE8893_SJH/2026_Spring/lab3/project_1/hls/.autopilot/db/top.pp.0.cpp:6664:5: warning: Added loop label VITIS_LOOP_29_1:   [xilinx-label-all-loops]
    for (int k = 0; k < (1 << 16); k++) {
    ^~~
    VITIS_LOOP_29_1: 
/nethome/shanda34/FPGA_ECE8893_SJH/2026_Spring/lab3/project_1/hls/.autopilot/db/top.pp.0.cpp:6664:5: note: FIX-IT applied suggested code changes
/nethome/shanda34/FPGA_ECE8893_SJH/2026_Spring/lab3/project_1/hls/.autopilot/db/top.pp.0.cpp:6686:5: warning: Added loop label VITIS_LOOP_51_1:   [xilinx-label-all-loops]
    for (int k = 0; k < (1 << 16); k++) {
    ^~~
    VITIS_LOOP_51_1: 
/nethome/shanda34/FPGA_ECE8893_SJH/2026_Spring/lab3/project_1/hls/.autopilot/db/top.pp.0.cpp:6686:5: note: FIX-IT applied suggested code changes
/nethome/shanda34/FPGA_ECE8893_SJH/2026_Spring/lab3/project_1/hls/.autopilot/db/top.pp.0.cpp:6708:5: warning: Added loop label VITIS_LOOP_73_1:   [xilinx-label-all-loops]
    for (int k = 0; k < (1 << 16); k++) {
    ^~~
    VITIS_LOOP_73_1: 
/nethome/shanda34/FPGA_ECE8893_SJH/2026_Spring/lab3/project_1/hls/.autopilot/db/top.pp.0.cpp:6708:5: note: FIX-IT applied suggested code changes
/nethome/shanda34/FPGA_ECE8893_SJH/2026_Spring/lab3/project_1/hls/.autopilot/db/top.pp.0.cpp:6726:5: warning: Added loop label VITIS_LOOP_91_1:   [xilinx-label-all-loops]
    for (int b = 0; b < ((1 << 16) / 256); b++) {
    ^~~
    VITIS_LOOP_91_1: 
/nethome/shanda34/FPGA_ECE8893_SJH/2026_Spring/lab3/project_1/hls/.autopilot/db/top.pp.0.cpp:6726:5: note: FIX-IT applied suggested code changes
/nethome/shanda34/FPGA_ECE8893_SJH/2026_Spring/lab3/project_1/hls/.autopilot/db/top.pp.0.cpp:6731:9: warning: Added loop label VITIS_LOOP_96_2:   [xilinx-label-all-loops]
        for (int i = 0; i < 256; i++) {
        ^~~
        VITIS_LOOP_96_2: 
/nethome/shanda34/FPGA_ECE8893_SJH/2026_Spring/lab3/project_1/hls/.autopilot/db/top.pp.0.cpp:6731:9: note: FIX-IT applied suggested code changes
/nethome/shanda34/FPGA_ECE8893_SJH/2026_Spring/lab3/project_1/hls/.autopilot/db/top.pp.0.cpp:6748:5: warning: Added loop label VITIS_LOOP_113_1:   [xilinx-label-all-loops]
    for (int k = 0; k < (1 << 16); k++) {
    ^~~
    VITIS_LOOP_113_1: 
/nethome/shanda34/FPGA_ECE8893_SJH/2026_Spring/lab3/project_1/hls/.autopilot/db/top.pp.0.cpp:6748:5: note: FIX-IT applied suggested code changes
