

================================================================
== Vitis HLS Report for 'top_kernel_Pipeline_VITIS_LOOP_78_1_VITIS_LOOP_85_2'
================================================================
* Date:           Tue Mar 10 15:12:57 2026

* Version:        2025.1.1 (Build 6214317 on Sep 11 2025)
* Project:        project_1
* Solution:       hls (Vivado IP Flow Target)
* Product family: zynquplus
* Target device:  xczu3eg-sbva484-1-e


================================================================
== Performance Estimates
================================================================
+ Timing: 
    * Summary: 
    +--------+----------+----------+------------+
    |  Clock |  Target  | Estimated| Uncertainty|
    +--------+----------+----------+------------+
    |ap_clk  |  10.00 ns|  6.427 ns|     2.70 ns|
    +--------+----------+----------+------------+

+ Latency: 
    * Summary: 
    +---------+---------+----------+----------+-------+-------+------------------------------------------------+
    |  Latency (cycles) |  Latency (absolute) |    Interval   |                    Pipeline                    |
    |   min   |   max   |    min   |    max   |  min  |  max  |                      Type                      |
    +---------+---------+----------+----------+-------+-------+------------------------------------------------+
    |    65593|    65593|  0.656 ms|  0.656 ms|  65537|  65537|  loop auto-rewind stp (delay=0 clock cycles(s))|
    +---------+---------+----------+----------+-------+-------+------------------------------------------------+

    + Detail: 
        * Instance: 
        N/A

        * Loop: 
        +-----------------------------------+---------+---------+----------+-----------+-----------+-------+----------+
        |                                   |  Latency (cycles) | Iteration|  Initiation Interval  |  Trip |          |
        |             Loop Name             |   min   |   max   |  Latency |  achieved |   target  | Count | Pipelined|
        +-----------------------------------+---------+---------+----------+-----------+-----------+-------+----------+
        |- VITIS_LOOP_78_1_VITIS_LOOP_85_2  |    65591|    65591|        57|          1|          1|  65536|       yes|
        +-----------------------------------+---------+---------+----------+-----------+-----------+-------+----------+

============================================================
+ Verbose Summary: Synthesis Manager
============================================================
InlineROM: 1
ExposeGlobal: 0
============================================================
+ Verbose Summary: CDFG Model
============================================================
IsTopModel: 0
ResetActiveHigh: 1
IsCombinational: 0
IsDatapathOnly: 0
HasWiredReturn: 1
HasMFsm: 2
HasVarLatency: 1
IsPipeline: 0
IsRtlPipelined: 0
IsInstanceOverlapped: 0
IsDontTouch: 0
HasImplIP: 0
IsGatedGlobalClock: 0

+ Individual pipeline summary: 
  * Pipeline-0: initiation interval (II) = 1, depth = 58


============================================================
+ Verbose Summary: Schedule
============================================================
* Number of FSM states : 58
* Pipeline : 1
  Pipeline-0 : II = 1, D = 58, States = { 1 2 3 4 5 6 7 8 9 10 11 12 13 14 15 16 17 18 19 20 21 22 23 24 25 26 27 28 29 30 31 32 33 34 35 36 37 38 39 40 41 42 43 44 45 46 47 48 49 50 51 52 53 54 55 56 57 58 }
* Dataflow Pipeline: 0

* FSM state transitions: 
1 --> 2 
2 --> 3 
3 --> 4 
4 --> 5 
5 --> 6 
6 --> 7 
7 --> 8 
8 --> 9 
9 --> 10 
10 --> 11 
11 --> 12 
12 --> 13 
13 --> 14 
14 --> 15 
15 --> 16 
16 --> 17 
17 --> 18 
18 --> 19 
19 --> 20 
20 --> 21 
21 --> 22 
22 --> 23 
23 --> 24 
24 --> 25 
25 --> 26 
26 --> 27 
27 --> 28 
28 --> 29 
29 --> 30 
30 --> 31 
31 --> 32 
32 --> 33 
33 --> 34 
34 --> 35 
35 --> 36 
36 --> 37 
37 --> 38 
38 --> 39 
39 --> 40 
40 --> 41 
41 --> 42 
42 --> 43 
43 --> 44 
44 --> 45 
45 --> 46 
46 --> 47 
47 --> 48 
48 --> 49 
49 --> 50 
50 --> 51 
51 --> 52 
52 --> 53 
53 --> 54 
54 --> 55 
55 --> 56 
56 --> 57 
57 --> 58 
58 --> 

* FSM state operations: 

State 1 <SV = 0> <Delay = 0.48>
ST_1 : Operation 60 [1/1] (0.00ns)   --->   "%i = alloca i32 1" [top.cpp:85->top.cpp:122]   --->   Operation 60 'alloca' 'i' <Predicate = true> <Delay = 0.00>
ST_1 : Operation 61 [1/1] (0.00ns)   --->   "%b = alloca i32 1" [top.cpp:78->top.cpp:122]   --->   Operation 61 'alloca' 'b' <Predicate = true> <Delay = 0.00>
ST_1 : Operation 62 [1/1] (0.00ns)   --->   "%indvar_flatten = alloca i32 1"   --->   Operation 62 'alloca' 'indvar_flatten' <Predicate = true> <Delay = 0.00>
ST_1 : Operation 63 [1/1] (0.48ns)   --->   "%store_ln0 = store i17 0, i17 %indvar_flatten"   --->   Operation 63 'store' 'store_ln0' <Predicate = true> <Delay = 0.48>
ST_1 : Operation 64 [1/1] (0.48ns)   --->   "%store_ln78 = store i9 0, i9 %b" [top.cpp:78->top.cpp:122]   --->   Operation 64 'store' 'store_ln78' <Predicate = true> <Delay = 0.48>
ST_1 : Operation 65 [1/1] (0.48ns)   --->   "%store_ln85 = store i9 0, i9 %i" [top.cpp:85->top.cpp:122]   --->   Operation 65 'store' 'store_ln85' <Predicate = true> <Delay = 0.48>
ST_1 : Operation 66 [1/1] (0.00ns)   --->   "%br_ln0 = br void %for.body5.i"   --->   Operation 66 'br' 'br_ln0' <Predicate = true> <Delay = 0.00>

State 2 <SV = 1> <Delay = 2.78>
ST_2 : Operation 67 [1/1] (0.00ns)   --->   "%indvar_flatten_load = load i17 %indvar_flatten" [top.cpp:78->top.cpp:122]   --->   Operation 67 'load' 'indvar_flatten_load' <Predicate = true> <Delay = 0.00>
ST_2 : Operation 68 [1/1] (1.02ns)   --->   "%icmp_ln78 = icmp_eq  i17 %indvar_flatten_load, i17 65536" [top.cpp:78->top.cpp:122]   --->   Operation 68 'icmp' 'icmp_ln78' <Predicate = true> <Delay = 1.02> <CoreInst = "Cmp">   --->   Core 9 'Cmp' <Latency = 0> <II = 1> <Delay = 1.02> <FuncUnit> <Opcode : 'seteq' 'setne' 'setle' 'setge' 'setlt' 'setgt'> <InPorts = 2> <OutPorts = 1>
ST_2 : Operation 69 [1/1] (1.02ns)   --->   "%add_ln78 = add i17 %indvar_flatten_load, i17 1" [top.cpp:78->top.cpp:122]   --->   Operation 69 'add' 'add_ln78' <Predicate = true> <Delay = 1.02> <CoreInst = "Adder">   --->   Core 1 'Adder' <Latency = 0> <II = 1> <Delay = 1.02> <FuncUnit> <Opcode : 'add' 'sub'> <InPorts = 2> <OutPorts = 1>
ST_2 : Operation 70 [1/1] (0.00ns)   --->   "%br_ln78 = br i1 %icmp_ln78, void %for.inc15.i, void %_Z2K3PK8ap_fixedILi32ELi6EL9ap_q_mode0EL9ap_o_mode0ELi0EEPKS_ILi32ELi10ELS0_0ELS1_0ELi0EEPS2_.exit.exitStub" [top.cpp:78->top.cpp:122]   --->   Operation 70 'br' 'br_ln78' <Predicate = true> <Delay = 0.00>
ST_2 : Operation 71 [1/1] (0.00ns)   --->   "%i_load = load i9 %i" [top.cpp:85->top.cpp:122]   --->   Operation 71 'load' 'i_load' <Predicate = (!icmp_ln78)> <Delay = 0.00>
ST_2 : Operation 72 [1/1] (0.00ns)   --->   "%b_load = load i9 %b" [top.cpp:78->top.cpp:122]   --->   Operation 72 'load' 'b_load' <Predicate = (!icmp_ln78)> <Delay = 0.00>
ST_2 : Operation 73 [1/1] (0.92ns)   --->   "%icmp_ln85 = icmp_eq  i9 %i_load, i9 256" [top.cpp:85->top.cpp:122]   --->   Operation 73 'icmp' 'icmp_ln85' <Predicate = (!icmp_ln78)> <Delay = 0.92> <CoreInst = "Cmp">   --->   Core 9 'Cmp' <Latency = 0> <II = 1> <Delay = 0.92> <FuncUnit> <Opcode : 'seteq' 'setne' 'setle' 'setge' 'setlt' 'setgt'> <InPorts = 2> <OutPorts = 1>
ST_2 : Operation 74 [1/1] (0.45ns)   --->   "%select_ln78 = select i1 %icmp_ln85, i9 0, i9 %i_load" [top.cpp:78->top.cpp:122]   --->   Operation 74 'select' 'select_ln78' <Predicate = (!icmp_ln78)> <Delay = 0.45> <CoreInst = "Sel">   --->   Core 73 'Sel' <Latency = 0> <II = 1> <Delay = 0.45> <FuncUnit> <Opcode : 'select'> <InPorts = 3> <OutPorts = 1>
ST_2 : Operation 75 [1/1] (0.92ns)   --->   "%add_ln78_1 = add i9 %b_load, i9 1" [top.cpp:78->top.cpp:122]   --->   Operation 75 'add' 'add_ln78_1' <Predicate = (!icmp_ln78)> <Delay = 0.92> <CoreInst = "Adder">   --->   Core 1 'Adder' <Latency = 0> <II = 1> <Delay = 0.92> <FuncUnit> <Opcode : 'add' 'sub'> <InPorts = 2> <OutPorts = 1>
ST_2 : Operation 76 [1/1] (0.45ns)   --->   "%select_ln78_1 = select i1 %icmp_ln85, i9 %add_ln78_1, i9 %b_load" [top.cpp:78->top.cpp:122]   --->   Operation 76 'select' 'select_ln78_1' <Predicate = (!icmp_ln78)> <Delay = 0.45> <CoreInst = "Sel">   --->   Core 73 'Sel' <Latency = 0> <II = 1> <Delay = 0.45> <FuncUnit> <Opcode : 'select'> <InPorts = 3> <OutPorts = 1>
ST_2 : Operation 77 [1/1] (0.00ns)   --->   "%zext_ln78 = zext i9 %select_ln78_1" [top.cpp:78->top.cpp:122]   --->   Operation 77 'zext' 'zext_ln78' <Predicate = (!icmp_ln78)> <Delay = 0.00>
ST_2 : Operation 78 [1/1] (0.00ns)   --->   "%stats_addr = getelementptr i32 %stats, i64 0, i64 %zext_ln78" [top.cpp:79->top.cpp:122]   --->   Operation 78 'getelementptr' 'stats_addr' <Predicate = (!icmp_ln78)> <Delay = 0.00>
ST_2 : Operation 79 [2/2] (1.35ns)   --->   "%st = load i8 %stats_addr" [top.cpp:79->top.cpp:122]   --->   Operation 79 'load' 'st' <Predicate = (!icmp_ln78)> <Delay = 1.35> <CoreInst = "RAM">   --->   Core 82 'RAM' <Latency = 1> <II = 1> <Delay = 1.35> <Storage> <Opcode : 'load' 'store'> <Ports = 2> <Width = 32> <Depth = 256> <RAM>
ST_2 : Operation 80 [1/1] (0.00ns)   --->   "%trunc_ln84 = trunc i9 %select_ln78_1" [top.cpp:84->top.cpp:122]   --->   Operation 80 'trunc' 'trunc_ln84' <Predicate = (!icmp_ln78)> <Delay = 0.00>
ST_2 : Operation 81 [1/1] (0.00ns)   --->   "%shl_ln1 = bitconcatenate i16 @_ssdm_op_BitConcatenate.i16.i8.i8, i8 %trunc_ln84, i8 0" [top.cpp:84->top.cpp:122]   --->   Operation 81 'bitconcatenate' 'shl_ln1' <Predicate = (!icmp_ln78)> <Delay = 0.00>
ST_2 : Operation 82 [1/1] (0.00ns)   --->   "%zext_ln85 = zext i9 %select_ln78" [top.cpp:85->top.cpp:122]   --->   Operation 82 'zext' 'zext_ln85' <Predicate = (!icmp_ln78)> <Delay = 0.00>
ST_2 : Operation 83 [1/1] (1.01ns)   --->   "%add_ln87 = add i16 %zext_ln85, i16 %shl_ln1" [top.cpp:87->top.cpp:122]   --->   Operation 83 'add' 'add_ln87' <Predicate = (!icmp_ln78)> <Delay = 1.01> <CoreInst = "Adder">   --->   Core 1 'Adder' <Latency = 0> <II = 1> <Delay = 1.01> <FuncUnit> <Opcode : 'add' 'sub'> <InPorts = 2> <OutPorts = 1>
ST_2 : Operation 84 [1/1] (0.92ns)   --->   "%add_ln85 = add i9 %select_ln78, i9 1" [top.cpp:85->top.cpp:122]   --->   Operation 84 'add' 'add_ln85' <Predicate = (!icmp_ln78)> <Delay = 0.92> <CoreInst = "Adder">   --->   Core 1 'Adder' <Latency = 0> <II = 1> <Delay = 0.92> <FuncUnit> <Opcode : 'add' 'sub'> <InPorts = 2> <OutPorts = 1>
ST_2 : Operation 85 [1/1] (0.48ns)   --->   "%store_ln78 = store i17 %add_ln78, i17 %indvar_flatten" [top.cpp:78->top.cpp:122]   --->   Operation 85 'store' 'store_ln78' <Predicate = (!icmp_ln78)> <Delay = 0.48>
ST_2 : Operation 86 [1/1] (0.48ns)   --->   "%store_ln78 = store i9 %select_ln78_1, i9 %b" [top.cpp:78->top.cpp:122]   --->   Operation 86 'store' 'store_ln78' <Predicate = (!icmp_ln78)> <Delay = 0.48>
ST_2 : Operation 87 [1/1] (0.48ns)   --->   "%store_ln85 = store i9 %add_ln85, i9 %i" [top.cpp:85->top.cpp:122]   --->   Operation 87 'store' 'store_ln85' <Predicate = (!icmp_ln78)> <Delay = 0.48>

State 3 <SV = 2> <Delay = 3.10>
ST_3 : Operation 88 [1/2] ( I:1.35ns O:1.35ns )   --->   "%st = load i8 %stats_addr" [top.cpp:79->top.cpp:122]   --->   Operation 88 'load' 'st' <Predicate = true> <Delay = 1.35> <CoreInst = "RAM">   --->   Core 82 'RAM' <Latency = 1> <II = 1> <Delay = 1.35> <Storage> <Opcode : 'load' 'store'> <Ports = 2> <Width = 32> <Depth = 256> <RAM>
ST_3 : Operation 89 [1/1] (0.00ns)   --->   "%shl_ln = bitconcatenate i34 @_ssdm_op_BitConcatenate.i34.i32.i2, i32 %st, i2 0" [top.cpp:82->top.cpp:122]   --->   Operation 89 'bitconcatenate' 'shl_ln' <Predicate = true> <Delay = 0.00>
ST_3 : Operation 90 [1/1] (0.00ns)   --->   "%sext_ln82 = sext i34 %shl_ln" [top.cpp:82->top.cpp:122]   --->   Operation 90 'sext' 'sext_ln82' <Predicate = true> <Delay = 0.00>
ST_3 : Operation 91 [54/54] (1.75ns)   --->   "%sdiv_ln82 = sdiv i50 281474976710656, i50 %sext_ln82" [top.cpp:82->top.cpp:122]   --->   Operation 91 'sdiv' 'sdiv_ln82' <Predicate = true> <Delay = 1.75> <CoreInst = "Divider">   --->   Core 6 'Divider' <Latency = 53> <II = 1> <Delay = 1.75> <FuncUnit> <Opcode : 'udiv' 'sdiv' 'urem' 'srem'> <InPorts = 2> <OutPorts = 1>

State 4 <SV = 3> <Delay = 1.75>
ST_4 : Operation 92 [53/54] (1.75ns)   --->   "%sdiv_ln82 = sdiv i50 281474976710656, i50 %sext_ln82" [top.cpp:82->top.cpp:122]   --->   Operation 92 'sdiv' 'sdiv_ln82' <Predicate = true> <Delay = 1.75> <CoreInst = "Divider">   --->   Core 6 'Divider' <Latency = 53> <II = 1> <Delay = 1.75> <FuncUnit> <Opcode : 'udiv' 'sdiv' 'urem' 'srem'> <InPorts = 2> <OutPorts = 1>

State 5 <SV = 4> <Delay = 1.75>
ST_5 : Operation 93 [52/54] (1.75ns)   --->   "%sdiv_ln82 = sdiv i50 281474976710656, i50 %sext_ln82" [top.cpp:82->top.cpp:122]   --->   Operation 93 'sdiv' 'sdiv_ln82' <Predicate = true> <Delay = 1.75> <CoreInst = "Divider">   --->   Core 6 'Divider' <Latency = 53> <II = 1> <Delay = 1.75> <FuncUnit> <Opcode : 'udiv' 'sdiv' 'urem' 'srem'> <InPorts = 2> <OutPorts = 1>

State 6 <SV = 5> <Delay = 1.75>
ST_6 : Operation 94 [51/54] (1.75ns)   --->   "%sdiv_ln82 = sdiv i50 281474976710656, i50 %sext_ln82" [top.cpp:82->top.cpp:122]   --->   Operation 94 'sdiv' 'sdiv_ln82' <Predicate = true> <Delay = 1.75> <CoreInst = "Divider">   --->   Core 6 'Divider' <Latency = 53> <II = 1> <Delay = 1.75> <FuncUnit> <Opcode : 'udiv' 'sdiv' 'urem' 'srem'> <InPorts = 2> <OutPorts = 1>

State 7 <SV = 6> <Delay = 1.75>
ST_7 : Operation 95 [50/54] (1.75ns)   --->   "%sdiv_ln82 = sdiv i50 281474976710656, i50 %sext_ln82" [top.cpp:82->top.cpp:122]   --->   Operation 95 'sdiv' 'sdiv_ln82' <Predicate = true> <Delay = 1.75> <CoreInst = "Divider">   --->   Core 6 'Divider' <Latency = 53> <II = 1> <Delay = 1.75> <FuncUnit> <Opcode : 'udiv' 'sdiv' 'urem' 'srem'> <InPorts = 2> <OutPorts = 1>

State 8 <SV = 7> <Delay = 1.75>
ST_8 : Operation 96 [49/54] (1.75ns)   --->   "%sdiv_ln82 = sdiv i50 281474976710656, i50 %sext_ln82" [top.cpp:82->top.cpp:122]   --->   Operation 96 'sdiv' 'sdiv_ln82' <Predicate = true> <Delay = 1.75> <CoreInst = "Divider">   --->   Core 6 'Divider' <Latency = 53> <II = 1> <Delay = 1.75> <FuncUnit> <Opcode : 'udiv' 'sdiv' 'urem' 'srem'> <InPorts = 2> <OutPorts = 1>

State 9 <SV = 8> <Delay = 1.75>
ST_9 : Operation 97 [48/54] (1.75ns)   --->   "%sdiv_ln82 = sdiv i50 281474976710656, i50 %sext_ln82" [top.cpp:82->top.cpp:122]   --->   Operation 97 'sdiv' 'sdiv_ln82' <Predicate = true> <Delay = 1.75> <CoreInst = "Divider">   --->   Core 6 'Divider' <Latency = 53> <II = 1> <Delay = 1.75> <FuncUnit> <Opcode : 'udiv' 'sdiv' 'urem' 'srem'> <InPorts = 2> <OutPorts = 1>

State 10 <SV = 9> <Delay = 1.75>
ST_10 : Operation 98 [47/54] (1.75ns)   --->   "%sdiv_ln82 = sdiv i50 281474976710656, i50 %sext_ln82" [top.cpp:82->top.cpp:122]   --->   Operation 98 'sdiv' 'sdiv_ln82' <Predicate = true> <Delay = 1.75> <CoreInst = "Divider">   --->   Core 6 'Divider' <Latency = 53> <II = 1> <Delay = 1.75> <FuncUnit> <Opcode : 'udiv' 'sdiv' 'urem' 'srem'> <InPorts = 2> <OutPorts = 1>

State 11 <SV = 10> <Delay = 1.75>
ST_11 : Operation 99 [46/54] (1.75ns)   --->   "%sdiv_ln82 = sdiv i50 281474976710656, i50 %sext_ln82" [top.cpp:82->top.cpp:122]   --->   Operation 99 'sdiv' 'sdiv_ln82' <Predicate = true> <Delay = 1.75> <CoreInst = "Divider">   --->   Core 6 'Divider' <Latency = 53> <II = 1> <Delay = 1.75> <FuncUnit> <Opcode : 'udiv' 'sdiv' 'urem' 'srem'> <InPorts = 2> <OutPorts = 1>

State 12 <SV = 11> <Delay = 1.75>
ST_12 : Operation 100 [45/54] (1.75ns)   --->   "%sdiv_ln82 = sdiv i50 281474976710656, i50 %sext_ln82" [top.cpp:82->top.cpp:122]   --->   Operation 100 'sdiv' 'sdiv_ln82' <Predicate = true> <Delay = 1.75> <CoreInst = "Divider">   --->   Core 6 'Divider' <Latency = 53> <II = 1> <Delay = 1.75> <FuncUnit> <Opcode : 'udiv' 'sdiv' 'urem' 'srem'> <InPorts = 2> <OutPorts = 1>

State 13 <SV = 12> <Delay = 1.75>
ST_13 : Operation 101 [44/54] (1.75ns)   --->   "%sdiv_ln82 = sdiv i50 281474976710656, i50 %sext_ln82" [top.cpp:82->top.cpp:122]   --->   Operation 101 'sdiv' 'sdiv_ln82' <Predicate = true> <Delay = 1.75> <CoreInst = "Divider">   --->   Core 6 'Divider' <Latency = 53> <II = 1> <Delay = 1.75> <FuncUnit> <Opcode : 'udiv' 'sdiv' 'urem' 'srem'> <InPorts = 2> <OutPorts = 1>

State 14 <SV = 13> <Delay = 1.75>
ST_14 : Operation 102 [43/54] (1.75ns)   --->   "%sdiv_ln82 = sdiv i50 281474976710656, i50 %sext_ln82" [top.cpp:82->top.cpp:122]   --->   Operation 102 'sdiv' 'sdiv_ln82' <Predicate = true> <Delay = 1.75> <CoreInst = "Divider">   --->   Core 6 'Divider' <Latency = 53> <II = 1> <Delay = 1.75> <FuncUnit> <Opcode : 'udiv' 'sdiv' 'urem' 'srem'> <InPorts = 2> <OutPorts = 1>

State 15 <SV = 14> <Delay = 1.75>
ST_15 : Operation 103 [42/54] (1.75ns)   --->   "%sdiv_ln82 = sdiv i50 281474976710656, i50 %sext_ln82" [top.cpp:82->top.cpp:122]   --->   Operation 103 'sdiv' 'sdiv_ln82' <Predicate = true> <Delay = 1.75> <CoreInst = "Divider">   --->   Core 6 'Divider' <Latency = 53> <II = 1> <Delay = 1.75> <FuncUnit> <Opcode : 'udiv' 'sdiv' 'urem' 'srem'> <InPorts = 2> <OutPorts = 1>

State 16 <SV = 15> <Delay = 1.75>
ST_16 : Operation 104 [41/54] (1.75ns)   --->   "%sdiv_ln82 = sdiv i50 281474976710656, i50 %sext_ln82" [top.cpp:82->top.cpp:122]   --->   Operation 104 'sdiv' 'sdiv_ln82' <Predicate = true> <Delay = 1.75> <CoreInst = "Divider">   --->   Core 6 'Divider' <Latency = 53> <II = 1> <Delay = 1.75> <FuncUnit> <Opcode : 'udiv' 'sdiv' 'urem' 'srem'> <InPorts = 2> <OutPorts = 1>

State 17 <SV = 16> <Delay = 1.75>
ST_17 : Operation 105 [40/54] (1.75ns)   --->   "%sdiv_ln82 = sdiv i50 281474976710656, i50 %sext_ln82" [top.cpp:82->top.cpp:122]   --->   Operation 105 'sdiv' 'sdiv_ln82' <Predicate = true> <Delay = 1.75> <CoreInst = "Divider">   --->   Core 6 'Divider' <Latency = 53> <II = 1> <Delay = 1.75> <FuncUnit> <Opcode : 'udiv' 'sdiv' 'urem' 'srem'> <InPorts = 2> <OutPorts = 1>

State 18 <SV = 17> <Delay = 1.75>
ST_18 : Operation 106 [39/54] (1.75ns)   --->   "%sdiv_ln82 = sdiv i50 281474976710656, i50 %sext_ln82" [top.cpp:82->top.cpp:122]   --->   Operation 106 'sdiv' 'sdiv_ln82' <Predicate = true> <Delay = 1.75> <CoreInst = "Divider">   --->   Core 6 'Divider' <Latency = 53> <II = 1> <Delay = 1.75> <FuncUnit> <Opcode : 'udiv' 'sdiv' 'urem' 'srem'> <InPorts = 2> <OutPorts = 1>

State 19 <SV = 18> <Delay = 1.75>
ST_19 : Operation 107 [38/54] (1.75ns)   --->   "%sdiv_ln82 = sdiv i50 281474976710656, i50 %sext_ln82" [top.cpp:82->top.cpp:122]   --->   Operation 107 'sdiv' 'sdiv_ln82' <Predicate = true> <Delay = 1.75> <CoreInst = "Divider">   --->   Core 6 'Divider' <Latency = 53> <II = 1> <Delay = 1.75> <FuncUnit> <Opcode : 'udiv' 'sdiv' 'urem' 'srem'> <InPorts = 2> <OutPorts = 1>

State 20 <SV = 19> <Delay = 1.75>
ST_20 : Operation 108 [37/54] (1.75ns)   --->   "%sdiv_ln82 = sdiv i50 281474976710656, i50 %sext_ln82" [top.cpp:82->top.cpp:122]   --->   Operation 108 'sdiv' 'sdiv_ln82' <Predicate = true> <Delay = 1.75> <CoreInst = "Divider">   --->   Core 6 'Divider' <Latency = 53> <II = 1> <Delay = 1.75> <FuncUnit> <Opcode : 'udiv' 'sdiv' 'urem' 'srem'> <InPorts = 2> <OutPorts = 1>

State 21 <SV = 20> <Delay = 1.75>
ST_21 : Operation 109 [36/54] (1.75ns)   --->   "%sdiv_ln82 = sdiv i50 281474976710656, i50 %sext_ln82" [top.cpp:82->top.cpp:122]   --->   Operation 109 'sdiv' 'sdiv_ln82' <Predicate = true> <Delay = 1.75> <CoreInst = "Divider">   --->   Core 6 'Divider' <Latency = 53> <II = 1> <Delay = 1.75> <FuncUnit> <Opcode : 'udiv' 'sdiv' 'urem' 'srem'> <InPorts = 2> <OutPorts = 1>

State 22 <SV = 21> <Delay = 1.75>
ST_22 : Operation 110 [35/54] (1.75ns)   --->   "%sdiv_ln82 = sdiv i50 281474976710656, i50 %sext_ln82" [top.cpp:82->top.cpp:122]   --->   Operation 110 'sdiv' 'sdiv_ln82' <Predicate = true> <Delay = 1.75> <CoreInst = "Divider">   --->   Core 6 'Divider' <Latency = 53> <II = 1> <Delay = 1.75> <FuncUnit> <Opcode : 'udiv' 'sdiv' 'urem' 'srem'> <InPorts = 2> <OutPorts = 1>

State 23 <SV = 22> <Delay = 1.75>
ST_23 : Operation 111 [34/54] (1.75ns)   --->   "%sdiv_ln82 = sdiv i50 281474976710656, i50 %sext_ln82" [top.cpp:82->top.cpp:122]   --->   Operation 111 'sdiv' 'sdiv_ln82' <Predicate = true> <Delay = 1.75> <CoreInst = "Divider">   --->   Core 6 'Divider' <Latency = 53> <II = 1> <Delay = 1.75> <FuncUnit> <Opcode : 'udiv' 'sdiv' 'urem' 'srem'> <InPorts = 2> <OutPorts = 1>

State 24 <SV = 23> <Delay = 1.75>
ST_24 : Operation 112 [33/54] (1.75ns)   --->   "%sdiv_ln82 = sdiv i50 281474976710656, i50 %sext_ln82" [top.cpp:82->top.cpp:122]   --->   Operation 112 'sdiv' 'sdiv_ln82' <Predicate = true> <Delay = 1.75> <CoreInst = "Divider">   --->   Core 6 'Divider' <Latency = 53> <II = 1> <Delay = 1.75> <FuncUnit> <Opcode : 'udiv' 'sdiv' 'urem' 'srem'> <InPorts = 2> <OutPorts = 1>

State 25 <SV = 24> <Delay = 1.75>
ST_25 : Operation 113 [32/54] (1.75ns)   --->   "%sdiv_ln82 = sdiv i50 281474976710656, i50 %sext_ln82" [top.cpp:82->top.cpp:122]   --->   Operation 113 'sdiv' 'sdiv_ln82' <Predicate = true> <Delay = 1.75> <CoreInst = "Divider">   --->   Core 6 'Divider' <Latency = 53> <II = 1> <Delay = 1.75> <FuncUnit> <Opcode : 'udiv' 'sdiv' 'urem' 'srem'> <InPorts = 2> <OutPorts = 1>

State 26 <SV = 25> <Delay = 1.75>
ST_26 : Operation 114 [31/54] (1.75ns)   --->   "%sdiv_ln82 = sdiv i50 281474976710656, i50 %sext_ln82" [top.cpp:82->top.cpp:122]   --->   Operation 114 'sdiv' 'sdiv_ln82' <Predicate = true> <Delay = 1.75> <CoreInst = "Divider">   --->   Core 6 'Divider' <Latency = 53> <II = 1> <Delay = 1.75> <FuncUnit> <Opcode : 'udiv' 'sdiv' 'urem' 'srem'> <InPorts = 2> <OutPorts = 1>

State 27 <SV = 26> <Delay = 1.75>
ST_27 : Operation 115 [30/54] (1.75ns)   --->   "%sdiv_ln82 = sdiv i50 281474976710656, i50 %sext_ln82" [top.cpp:82->top.cpp:122]   --->   Operation 115 'sdiv' 'sdiv_ln82' <Predicate = true> <Delay = 1.75> <CoreInst = "Divider">   --->   Core 6 'Divider' <Latency = 53> <II = 1> <Delay = 1.75> <FuncUnit> <Opcode : 'udiv' 'sdiv' 'urem' 'srem'> <InPorts = 2> <OutPorts = 1>

State 28 <SV = 27> <Delay = 1.75>
ST_28 : Operation 116 [29/54] (1.75ns)   --->   "%sdiv_ln82 = sdiv i50 281474976710656, i50 %sext_ln82" [top.cpp:82->top.cpp:122]   --->   Operation 116 'sdiv' 'sdiv_ln82' <Predicate = true> <Delay = 1.75> <CoreInst = "Divider">   --->   Core 6 'Divider' <Latency = 53> <II = 1> <Delay = 1.75> <FuncUnit> <Opcode : 'udiv' 'sdiv' 'urem' 'srem'> <InPorts = 2> <OutPorts = 1>

State 29 <SV = 28> <Delay = 1.75>
ST_29 : Operation 117 [28/54] (1.75ns)   --->   "%sdiv_ln82 = sdiv i50 281474976710656, i50 %sext_ln82" [top.cpp:82->top.cpp:122]   --->   Operation 117 'sdiv' 'sdiv_ln82' <Predicate = true> <Delay = 1.75> <CoreInst = "Divider">   --->   Core 6 'Divider' <Latency = 53> <II = 1> <Delay = 1.75> <FuncUnit> <Opcode : 'udiv' 'sdiv' 'urem' 'srem'> <InPorts = 2> <OutPorts = 1>

State 30 <SV = 29> <Delay = 1.75>
ST_30 : Operation 118 [27/54] (1.75ns)   --->   "%sdiv_ln82 = sdiv i50 281474976710656, i50 %sext_ln82" [top.cpp:82->top.cpp:122]   --->   Operation 118 'sdiv' 'sdiv_ln82' <Predicate = true> <Delay = 1.75> <CoreInst = "Divider">   --->   Core 6 'Divider' <Latency = 53> <II = 1> <Delay = 1.75> <FuncUnit> <Opcode : 'udiv' 'sdiv' 'urem' 'srem'> <InPorts = 2> <OutPorts = 1>

State 31 <SV = 30> <Delay = 1.75>
ST_31 : Operation 119 [26/54] (1.75ns)   --->   "%sdiv_ln82 = sdiv i50 281474976710656, i50 %sext_ln82" [top.cpp:82->top.cpp:122]   --->   Operation 119 'sdiv' 'sdiv_ln82' <Predicate = true> <Delay = 1.75> <CoreInst = "Divider">   --->   Core 6 'Divider' <Latency = 53> <II = 1> <Delay = 1.75> <FuncUnit> <Opcode : 'udiv' 'sdiv' 'urem' 'srem'> <InPorts = 2> <OutPorts = 1>

State 32 <SV = 31> <Delay = 1.75>
ST_32 : Operation 120 [25/54] (1.75ns)   --->   "%sdiv_ln82 = sdiv i50 281474976710656, i50 %sext_ln82" [top.cpp:82->top.cpp:122]   --->   Operation 120 'sdiv' 'sdiv_ln82' <Predicate = true> <Delay = 1.75> <CoreInst = "Divider">   --->   Core 6 'Divider' <Latency = 53> <II = 1> <Delay = 1.75> <FuncUnit> <Opcode : 'udiv' 'sdiv' 'urem' 'srem'> <InPorts = 2> <OutPorts = 1>

State 33 <SV = 32> <Delay = 1.75>
ST_33 : Operation 121 [24/54] (1.75ns)   --->   "%sdiv_ln82 = sdiv i50 281474976710656, i50 %sext_ln82" [top.cpp:82->top.cpp:122]   --->   Operation 121 'sdiv' 'sdiv_ln82' <Predicate = true> <Delay = 1.75> <CoreInst = "Divider">   --->   Core 6 'Divider' <Latency = 53> <II = 1> <Delay = 1.75> <FuncUnit> <Opcode : 'udiv' 'sdiv' 'urem' 'srem'> <InPorts = 2> <OutPorts = 1>

State 34 <SV = 33> <Delay = 1.75>
ST_34 : Operation 122 [23/54] (1.75ns)   --->   "%sdiv_ln82 = sdiv i50 281474976710656, i50 %sext_ln82" [top.cpp:82->top.cpp:122]   --->   Operation 122 'sdiv' 'sdiv_ln82' <Predicate = true> <Delay = 1.75> <CoreInst = "Divider">   --->   Core 6 'Divider' <Latency = 53> <II = 1> <Delay = 1.75> <FuncUnit> <Opcode : 'udiv' 'sdiv' 'urem' 'srem'> <InPorts = 2> <OutPorts = 1>

State 35 <SV = 34> <Delay = 1.75>
ST_35 : Operation 123 [22/54] (1.75ns)   --->   "%sdiv_ln82 = sdiv i50 281474976710656, i50 %sext_ln82" [top.cpp:82->top.cpp:122]   --->   Operation 123 'sdiv' 'sdiv_ln82' <Predicate = true> <Delay = 1.75> <CoreInst = "Divider">   --->   Core 6 'Divider' <Latency = 53> <II = 1> <Delay = 1.75> <FuncUnit> <Opcode : 'udiv' 'sdiv' 'urem' 'srem'> <InPorts = 2> <OutPorts = 1>

State 36 <SV = 35> <Delay = 1.75>
ST_36 : Operation 124 [21/54] (1.75ns)   --->   "%sdiv_ln82 = sdiv i50 281474976710656, i50 %sext_ln82" [top.cpp:82->top.cpp:122]   --->   Operation 124 'sdiv' 'sdiv_ln82' <Predicate = true> <Delay = 1.75> <CoreInst = "Divider">   --->   Core 6 'Divider' <Latency = 53> <II = 1> <Delay = 1.75> <FuncUnit> <Opcode : 'udiv' 'sdiv' 'urem' 'srem'> <InPorts = 2> <OutPorts = 1>

State 37 <SV = 36> <Delay = 1.75>
ST_37 : Operation 125 [20/54] (1.75ns)   --->   "%sdiv_ln82 = sdiv i50 281474976710656, i50 %sext_ln82" [top.cpp:82->top.cpp:122]   --->   Operation 125 'sdiv' 'sdiv_ln82' <Predicate = true> <Delay = 1.75> <CoreInst = "Divider">   --->   Core 6 'Divider' <Latency = 53> <II = 1> <Delay = 1.75> <FuncUnit> <Opcode : 'udiv' 'sdiv' 'urem' 'srem'> <InPorts = 2> <OutPorts = 1>

State 38 <SV = 37> <Delay = 1.75>
ST_38 : Operation 126 [19/54] (1.75ns)   --->   "%sdiv_ln82 = sdiv i50 281474976710656, i50 %sext_ln82" [top.cpp:82->top.cpp:122]   --->   Operation 126 'sdiv' 'sdiv_ln82' <Predicate = true> <Delay = 1.75> <CoreInst = "Divider">   --->   Core 6 'Divider' <Latency = 53> <II = 1> <Delay = 1.75> <FuncUnit> <Opcode : 'udiv' 'sdiv' 'urem' 'srem'> <InPorts = 2> <OutPorts = 1>

State 39 <SV = 38> <Delay = 1.75>
ST_39 : Operation 127 [18/54] (1.75ns)   --->   "%sdiv_ln82 = sdiv i50 281474976710656, i50 %sext_ln82" [top.cpp:82->top.cpp:122]   --->   Operation 127 'sdiv' 'sdiv_ln82' <Predicate = true> <Delay = 1.75> <CoreInst = "Divider">   --->   Core 6 'Divider' <Latency = 53> <II = 1> <Delay = 1.75> <FuncUnit> <Opcode : 'udiv' 'sdiv' 'urem' 'srem'> <InPorts = 2> <OutPorts = 1>

State 40 <SV = 39> <Delay = 1.75>
ST_40 : Operation 128 [17/54] (1.75ns)   --->   "%sdiv_ln82 = sdiv i50 281474976710656, i50 %sext_ln82" [top.cpp:82->top.cpp:122]   --->   Operation 128 'sdiv' 'sdiv_ln82' <Predicate = true> <Delay = 1.75> <CoreInst = "Divider">   --->   Core 6 'Divider' <Latency = 53> <II = 1> <Delay = 1.75> <FuncUnit> <Opcode : 'udiv' 'sdiv' 'urem' 'srem'> <InPorts = 2> <OutPorts = 1>

State 41 <SV = 40> <Delay = 1.75>
ST_41 : Operation 129 [16/54] (1.75ns)   --->   "%sdiv_ln82 = sdiv i50 281474976710656, i50 %sext_ln82" [top.cpp:82->top.cpp:122]   --->   Operation 129 'sdiv' 'sdiv_ln82' <Predicate = true> <Delay = 1.75> <CoreInst = "Divider">   --->   Core 6 'Divider' <Latency = 53> <II = 1> <Delay = 1.75> <FuncUnit> <Opcode : 'udiv' 'sdiv' 'urem' 'srem'> <InPorts = 2> <OutPorts = 1>

State 42 <SV = 41> <Delay = 1.75>
ST_42 : Operation 130 [15/54] (1.75ns)   --->   "%sdiv_ln82 = sdiv i50 281474976710656, i50 %sext_ln82" [top.cpp:82->top.cpp:122]   --->   Operation 130 'sdiv' 'sdiv_ln82' <Predicate = true> <Delay = 1.75> <CoreInst = "Divider">   --->   Core 6 'Divider' <Latency = 53> <II = 1> <Delay = 1.75> <FuncUnit> <Opcode : 'udiv' 'sdiv' 'urem' 'srem'> <InPorts = 2> <OutPorts = 1>

State 43 <SV = 42> <Delay = 1.75>
ST_43 : Operation 131 [14/54] (1.75ns)   --->   "%sdiv_ln82 = sdiv i50 281474976710656, i50 %sext_ln82" [top.cpp:82->top.cpp:122]   --->   Operation 131 'sdiv' 'sdiv_ln82' <Predicate = true> <Delay = 1.75> <CoreInst = "Divider">   --->   Core 6 'Divider' <Latency = 53> <II = 1> <Delay = 1.75> <FuncUnit> <Opcode : 'udiv' 'sdiv' 'urem' 'srem'> <InPorts = 2> <OutPorts = 1>

State 44 <SV = 43> <Delay = 1.75>
ST_44 : Operation 132 [13/54] (1.75ns)   --->   "%sdiv_ln82 = sdiv i50 281474976710656, i50 %sext_ln82" [top.cpp:82->top.cpp:122]   --->   Operation 132 'sdiv' 'sdiv_ln82' <Predicate = true> <Delay = 1.75> <CoreInst = "Divider">   --->   Core 6 'Divider' <Latency = 53> <II = 1> <Delay = 1.75> <FuncUnit> <Opcode : 'udiv' 'sdiv' 'urem' 'srem'> <InPorts = 2> <OutPorts = 1>

State 45 <SV = 44> <Delay = 1.75>
ST_45 : Operation 133 [12/54] (1.75ns)   --->   "%sdiv_ln82 = sdiv i50 281474976710656, i50 %sext_ln82" [top.cpp:82->top.cpp:122]   --->   Operation 133 'sdiv' 'sdiv_ln82' <Predicate = true> <Delay = 1.75> <CoreInst = "Divider">   --->   Core 6 'Divider' <Latency = 53> <II = 1> <Delay = 1.75> <FuncUnit> <Opcode : 'udiv' 'sdiv' 'urem' 'srem'> <InPorts = 2> <OutPorts = 1>

State 46 <SV = 45> <Delay = 1.75>
ST_46 : Operation 134 [11/54] (1.75ns)   --->   "%sdiv_ln82 = sdiv i50 281474976710656, i50 %sext_ln82" [top.cpp:82->top.cpp:122]   --->   Operation 134 'sdiv' 'sdiv_ln82' <Predicate = true> <Delay = 1.75> <CoreInst = "Divider">   --->   Core 6 'Divider' <Latency = 53> <II = 1> <Delay = 1.75> <FuncUnit> <Opcode : 'udiv' 'sdiv' 'urem' 'srem'> <InPorts = 2> <OutPorts = 1>

State 47 <SV = 46> <Delay = 1.75>
ST_47 : Operation 135 [10/54] (1.75ns)   --->   "%sdiv_ln82 = sdiv i50 281474976710656, i50 %sext_ln82" [top.cpp:82->top.cpp:122]   --->   Operation 135 'sdiv' 'sdiv_ln82' <Predicate = true> <Delay = 1.75> <CoreInst = "Divider">   --->   Core 6 'Divider' <Latency = 53> <II = 1> <Delay = 1.75> <FuncUnit> <Opcode : 'udiv' 'sdiv' 'urem' 'srem'> <InPorts = 2> <OutPorts = 1>

State 48 <SV = 47> <Delay = 1.75>
ST_48 : Operation 136 [9/54] (1.75ns)   --->   "%sdiv_ln82 = sdiv i50 281474976710656, i50 %sext_ln82" [top.cpp:82->top.cpp:122]   --->   Operation 136 'sdiv' 'sdiv_ln82' <Predicate = true> <Delay = 1.75> <CoreInst = "Divider">   --->   Core 6 'Divider' <Latency = 53> <II = 1> <Delay = 1.75> <FuncUnit> <Opcode : 'udiv' 'sdiv' 'urem' 'srem'> <InPorts = 2> <OutPorts = 1>

State 49 <SV = 48> <Delay = 1.75>
ST_49 : Operation 137 [8/54] (1.75ns)   --->   "%sdiv_ln82 = sdiv i50 281474976710656, i50 %sext_ln82" [top.cpp:82->top.cpp:122]   --->   Operation 137 'sdiv' 'sdiv_ln82' <Predicate = true> <Delay = 1.75> <CoreInst = "Divider">   --->   Core 6 'Divider' <Latency = 53> <II = 1> <Delay = 1.75> <FuncUnit> <Opcode : 'udiv' 'sdiv' 'urem' 'srem'> <InPorts = 2> <OutPorts = 1>

State 50 <SV = 49> <Delay = 1.75>
ST_50 : Operation 138 [7/54] (1.75ns)   --->   "%sdiv_ln82 = sdiv i50 281474976710656, i50 %sext_ln82" [top.cpp:82->top.cpp:122]   --->   Operation 138 'sdiv' 'sdiv_ln82' <Predicate = true> <Delay = 1.75> <CoreInst = "Divider">   --->   Core 6 'Divider' <Latency = 53> <II = 1> <Delay = 1.75> <FuncUnit> <Opcode : 'udiv' 'sdiv' 'urem' 'srem'> <InPorts = 2> <OutPorts = 1>

State 51 <SV = 50> <Delay = 1.75>
ST_51 : Operation 139 [6/54] (1.75ns)   --->   "%sdiv_ln82 = sdiv i50 281474976710656, i50 %sext_ln82" [top.cpp:82->top.cpp:122]   --->   Operation 139 'sdiv' 'sdiv_ln82' <Predicate = true> <Delay = 1.75> <CoreInst = "Divider">   --->   Core 6 'Divider' <Latency = 53> <II = 1> <Delay = 1.75> <FuncUnit> <Opcode : 'udiv' 'sdiv' 'urem' 'srem'> <InPorts = 2> <OutPorts = 1>

State 52 <SV = 51> <Delay = 1.75>
ST_52 : Operation 140 [5/54] (1.75ns)   --->   "%sdiv_ln82 = sdiv i50 281474976710656, i50 %sext_ln82" [top.cpp:82->top.cpp:122]   --->   Operation 140 'sdiv' 'sdiv_ln82' <Predicate = true> <Delay = 1.75> <CoreInst = "Divider">   --->   Core 6 'Divider' <Latency = 53> <II = 1> <Delay = 1.75> <FuncUnit> <Opcode : 'udiv' 'sdiv' 'urem' 'srem'> <InPorts = 2> <OutPorts = 1>

State 53 <SV = 52> <Delay = 1.75>
ST_53 : Operation 141 [4/54] (1.75ns)   --->   "%sdiv_ln82 = sdiv i50 281474976710656, i50 %sext_ln82" [top.cpp:82->top.cpp:122]   --->   Operation 141 'sdiv' 'sdiv_ln82' <Predicate = true> <Delay = 1.75> <CoreInst = "Divider">   --->   Core 6 'Divider' <Latency = 53> <II = 1> <Delay = 1.75> <FuncUnit> <Opcode : 'udiv' 'sdiv' 'urem' 'srem'> <InPorts = 2> <OutPorts = 1>

State 54 <SV = 53> <Delay = 1.75>
ST_54 : Operation 142 [3/54] (1.75ns)   --->   "%sdiv_ln82 = sdiv i50 281474976710656, i50 %sext_ln82" [top.cpp:82->top.cpp:122]   --->   Operation 142 'sdiv' 'sdiv_ln82' <Predicate = true> <Delay = 1.75> <CoreInst = "Divider">   --->   Core 6 'Divider' <Latency = 53> <II = 1> <Delay = 1.75> <FuncUnit> <Opcode : 'udiv' 'sdiv' 'urem' 'srem'> <InPorts = 2> <OutPorts = 1>

State 55 <SV = 54> <Delay = 1.75>
ST_55 : Operation 143 [2/54] (1.75ns)   --->   "%sdiv_ln82 = sdiv i50 281474976710656, i50 %sext_ln82" [top.cpp:82->top.cpp:122]   --->   Operation 143 'sdiv' 'sdiv_ln82' <Predicate = true> <Delay = 1.75> <CoreInst = "Divider">   --->   Core 6 'Divider' <Latency = 53> <II = 1> <Delay = 1.75> <FuncUnit> <Opcode : 'udiv' 'sdiv' 'urem' 'srem'> <InPorts = 2> <OutPorts = 1>

State 56 <SV = 55> <Delay = 4.47>
ST_56 : Operation 144 [1/54] (1.75ns)   --->   "%sdiv_ln82 = sdiv i50 281474976710656, i50 %sext_ln82" [top.cpp:82->top.cpp:122]   --->   Operation 144 'sdiv' 'sdiv_ln82' <Predicate = true> <Delay = 1.75> <CoreInst = "Divider">   --->   Core 6 'Divider' <Latency = 53> <II = 1> <Delay = 1.75> <FuncUnit> <Opcode : 'udiv' 'sdiv' 'urem' 'srem'> <InPorts = 2> <OutPorts = 1>
ST_56 : Operation 145 [1/1] (0.00ns)   --->   "%tmp = bitselect i1 @_ssdm_op_BitSelect.i1.i50.i32, i50 %sdiv_ln82, i32 49" [top.cpp:82->top.cpp:122]   --->   Operation 145 'bitselect' 'tmp' <Predicate = true> <Delay = 0.00>
ST_56 : Operation 146 [1/1] (0.00ns)   --->   "%inv_st = partselect i32 @_ssdm_op_PartSelect.i32.i50.i32.i32, i50 %sdiv_ln82, i32 2, i32 33" [top.cpp:82->top.cpp:122]   --->   Operation 146 'partselect' 'inv_st' <Predicate = true> <Delay = 0.00>
ST_56 : Operation 147 [1/1] (0.00ns)   --->   "%tmp_1 = bitselect i1 @_ssdm_op_BitSelect.i1.i50.i32, i50 %sdiv_ln82, i32 1" [top.cpp:82->top.cpp:122]   --->   Operation 147 'bitselect' 'tmp_1' <Predicate = true> <Delay = 0.00>
ST_56 : Operation 148 [1/1] (0.00ns) (grouped into LUT with out node and_ln82)   --->   "%tmp_2 = bitselect i1 @_ssdm_op_BitSelect.i1.i50.i32, i50 %sdiv_ln82, i32 33" [top.cpp:82->top.cpp:122]   --->   Operation 148 'bitselect' 'tmp_2' <Predicate = true> <Delay = 0.00>
ST_56 : Operation 149 [1/1] (0.00ns)   --->   "%zext_ln82 = zext i1 %tmp_1" [top.cpp:82->top.cpp:122]   --->   Operation 149 'zext' 'zext_ln82' <Predicate = true> <Delay = 0.00>
ST_56 : Operation 150 [1/1] (1.20ns)   --->   "%inv_st_1 = add i32 %inv_st, i32 %zext_ln82" [top.cpp:82->top.cpp:122]   --->   Operation 150 'add' 'inv_st_1' <Predicate = true> <Delay = 1.20> <CoreInst = "Adder">   --->   Core 1 'Adder' <Latency = 0> <II = 1> <Delay = 1.20> <FuncUnit> <Opcode : 'add' 'sub'> <InPorts = 2> <OutPorts = 1>
ST_56 : Operation 151 [1/1] (0.00ns)   --->   "%tmp_3 = bitselect i1 @_ssdm_op_BitSelect.i1.i32.i32, i32 %inv_st_1, i32 31" [top.cpp:82->top.cpp:122]   --->   Operation 151 'bitselect' 'tmp_3' <Predicate = true> <Delay = 0.00>
ST_56 : Operation 152 [1/1] (0.00ns) (grouped into LUT with out node and_ln82)   --->   "%xor_ln82 = xor i1 %tmp_3, i1 1" [top.cpp:82->top.cpp:122]   --->   Operation 152 'xor' 'xor_ln82' <Predicate = true> <Delay = 0.00> <CoreInst = "LogicGate">   --->   Core 74 'LogicGate' <Latency = 0> <II = 1> <Delay = 0.33> <FuncUnit> <Opcode : 'and' 'or' 'xor'> <InPorts = 2> <OutPorts = 1>
ST_56 : Operation 153 [1/1] (0.33ns) (out node of the LUT)   --->   "%and_ln82 = and i1 %tmp_2, i1 %xor_ln82" [top.cpp:82->top.cpp:122]   --->   Operation 153 'and' 'and_ln82' <Predicate = true> <Delay = 0.33> <CoreInst = "LogicGate">   --->   Core 74 'LogicGate' <Latency = 0> <II = 1> <Delay = 0.33> <FuncUnit> <Opcode : 'and' 'or' 'xor'> <InPorts = 2> <OutPorts = 1>
ST_56 : Operation 154 [1/1] (0.00ns) (grouped into LUT with out node and_ln82_4)   --->   "%tmp_4 = bitselect i1 @_ssdm_op_BitSelect.i1.i50.i32, i50 %sdiv_ln82, i32 34" [top.cpp:82->top.cpp:122]   --->   Operation 154 'bitselect' 'tmp_4' <Predicate = true> <Delay = 0.00>
ST_56 : Operation 155 [1/1] (0.00ns)   --->   "%tmp_6 = partselect i15 @_ssdm_op_PartSelect.i15.i50.i32.i32, i50 %sdiv_ln82, i32 35, i32 49" [top.cpp:82->top.cpp:122]   --->   Operation 155 'partselect' 'tmp_6' <Predicate = true> <Delay = 0.00>
ST_56 : Operation 156 [1/1] (1.00ns)   --->   "%icmp_ln82 = icmp_eq  i15 %tmp_6, i15 32767" [top.cpp:82->top.cpp:122]   --->   Operation 156 'icmp' 'icmp_ln82' <Predicate = true> <Delay = 1.00> <CoreInst = "Cmp">   --->   Core 9 'Cmp' <Latency = 0> <II = 1> <Delay = 1.00> <FuncUnit> <Opcode : 'seteq' 'setne' 'setle' 'setge' 'setlt' 'setgt'> <InPorts = 2> <OutPorts = 1>
ST_56 : Operation 157 [1/1] (0.00ns)   --->   "%tmp_7 = partselect i16 @_ssdm_op_PartSelect.i16.i50.i32.i32, i50 %sdiv_ln82, i32 34, i32 49" [top.cpp:82->top.cpp:122]   --->   Operation 157 'partselect' 'tmp_7' <Predicate = true> <Delay = 0.00>
ST_56 : Operation 158 [1/1] (1.01ns)   --->   "%icmp_ln82_1 = icmp_eq  i16 %tmp_7, i16 65535" [top.cpp:82->top.cpp:122]   --->   Operation 158 'icmp' 'icmp_ln82_1' <Predicate = true> <Delay = 1.01> <CoreInst = "Cmp">   --->   Core 9 'Cmp' <Latency = 0> <II = 1> <Delay = 1.01> <FuncUnit> <Opcode : 'seteq' 'setne' 'setle' 'setge' 'setlt' 'setgt'> <InPorts = 2> <OutPorts = 1>
ST_56 : Operation 159 [1/1] (1.01ns)   --->   "%icmp_ln82_2 = icmp_eq  i16 %tmp_7, i16 0" [top.cpp:82->top.cpp:122]   --->   Operation 159 'icmp' 'icmp_ln82_2' <Predicate = true> <Delay = 1.01> <CoreInst = "Cmp">   --->   Core 9 'Cmp' <Latency = 0> <II = 1> <Delay = 1.01> <FuncUnit> <Opcode : 'seteq' 'setne' 'setle' 'setge' 'setlt' 'setgt'> <InPorts = 2> <OutPorts = 1>
ST_56 : Operation 160 [1/1] (0.00ns) (grouped into LUT with out node and_ln82_3)   --->   "%select_ln82 = select i1 %and_ln82, i1 %icmp_ln82_1, i1 %icmp_ln82_2" [top.cpp:82->top.cpp:122]   --->   Operation 160 'select' 'select_ln82' <Predicate = true> <Delay = 0.00> <CoreInst = "Sel">   --->   Core 73 'Sel' <Latency = 0> <II = 1> <Delay = 0.26> <FuncUnit> <Opcode : 'select'> <InPorts = 3> <OutPorts = 1>
ST_56 : Operation 161 [1/1] (0.00ns) (grouped into LUT with out node and_ln82_4)   --->   "%xor_ln82_1 = xor i1 %tmp_4, i1 1" [top.cpp:82->top.cpp:122]   --->   Operation 161 'xor' 'xor_ln82_1' <Predicate = true> <Delay = 0.00> <CoreInst = "LogicGate">   --->   Core 74 'LogicGate' <Latency = 0> <II = 1> <Delay = 0.33> <FuncUnit> <Opcode : 'and' 'or' 'xor'> <InPorts = 2> <OutPorts = 1>
ST_56 : Operation 162 [1/1] (0.00ns) (grouped into LUT with out node and_ln82_4)   --->   "%and_ln82_1 = and i1 %icmp_ln82, i1 %xor_ln82_1" [top.cpp:82->top.cpp:122]   --->   Operation 162 'and' 'and_ln82_1' <Predicate = true> <Delay = 0.00> <CoreInst = "LogicGate">   --->   Core 74 'LogicGate' <Latency = 0> <II = 1> <Delay = 0.33> <FuncUnit> <Opcode : 'and' 'or' 'xor'> <InPorts = 2> <OutPorts = 1>
ST_56 : Operation 163 [1/1] (0.00ns) (grouped into LUT with out node and_ln82_4)   --->   "%select_ln82_1 = select i1 %and_ln82, i1 %and_ln82_1, i1 %icmp_ln82_1" [top.cpp:82->top.cpp:122]   --->   Operation 163 'select' 'select_ln82_1' <Predicate = true> <Delay = 0.00> <CoreInst = "Sel">   --->   Core 73 'Sel' <Latency = 0> <II = 1> <Delay = 0.26> <FuncUnit> <Opcode : 'select'> <InPorts = 3> <OutPorts = 1>
ST_56 : Operation 164 [1/1] (0.00ns) (grouped into LUT with out node or_ln82_1)   --->   "%and_ln82_2 = and i1 %and_ln82, i1 %icmp_ln82_1" [top.cpp:82->top.cpp:122]   --->   Operation 164 'and' 'and_ln82_2' <Predicate = true> <Delay = 0.00> <CoreInst = "LogicGate">   --->   Core 74 'LogicGate' <Latency = 0> <II = 1> <Delay = 0.33> <FuncUnit> <Opcode : 'and' 'or' 'xor'> <InPorts = 2> <OutPorts = 1>
ST_56 : Operation 165 [1/1] (0.00ns) (grouped into LUT with out node and_ln82_3)   --->   "%xor_ln82_2 = xor i1 %select_ln82, i1 1" [top.cpp:82->top.cpp:122]   --->   Operation 165 'xor' 'xor_ln82_2' <Predicate = true> <Delay = 0.00> <CoreInst = "LogicGate">   --->   Core 74 'LogicGate' <Latency = 0> <II = 1> <Delay = 0.33> <FuncUnit> <Opcode : 'and' 'or' 'xor'> <InPorts = 2> <OutPorts = 1>
ST_56 : Operation 166 [1/1] (0.00ns) (grouped into LUT with out node and_ln82_3)   --->   "%or_ln82 = or i1 %tmp_3, i1 %xor_ln82_2" [top.cpp:82->top.cpp:122]   --->   Operation 166 'or' 'or_ln82' <Predicate = true> <Delay = 0.00> <CoreInst = "LogicGate">   --->   Core 74 'LogicGate' <Latency = 0> <II = 1> <Delay = 0.33> <FuncUnit> <Opcode : 'and' 'or' 'xor'> <InPorts = 2> <OutPorts = 1>
ST_56 : Operation 167 [1/1] (0.00ns) (grouped into LUT with out node and_ln82_3)   --->   "%xor_ln82_3 = xor i1 %tmp, i1 1" [top.cpp:82->top.cpp:122]   --->   Operation 167 'xor' 'xor_ln82_3' <Predicate = true> <Delay = 0.00> <CoreInst = "LogicGate">   --->   Core 74 'LogicGate' <Latency = 0> <II = 1> <Delay = 0.33> <FuncUnit> <Opcode : 'and' 'or' 'xor'> <InPorts = 2> <OutPorts = 1>
ST_56 : Operation 168 [1/1] (0.33ns) (out node of the LUT)   --->   "%and_ln82_3 = and i1 %or_ln82, i1 %xor_ln82_3" [top.cpp:82->top.cpp:122]   --->   Operation 168 'and' 'and_ln82_3' <Predicate = true> <Delay = 0.33> <CoreInst = "LogicGate">   --->   Core 74 'LogicGate' <Latency = 0> <II = 1> <Delay = 0.33> <FuncUnit> <Opcode : 'and' 'or' 'xor'> <InPorts = 2> <OutPorts = 1>
ST_56 : Operation 169 [1/1] (0.33ns) (out node of the LUT)   --->   "%and_ln82_4 = and i1 %tmp_3, i1 %select_ln82_1" [top.cpp:82->top.cpp:122]   --->   Operation 169 'and' 'and_ln82_4' <Predicate = true> <Delay = 0.33> <CoreInst = "LogicGate">   --->   Core 74 'LogicGate' <Latency = 0> <II = 1> <Delay = 0.33> <FuncUnit> <Opcode : 'and' 'or' 'xor'> <InPorts = 2> <OutPorts = 1>
ST_56 : Operation 170 [1/1] (0.00ns) (grouped into LUT with out node or_ln82_1)   --->   "%or_ln82_2 = or i1 %and_ln82_2, i1 %and_ln82_4" [top.cpp:82->top.cpp:122]   --->   Operation 170 'or' 'or_ln82_2' <Predicate = true> <Delay = 0.00> <CoreInst = "LogicGate">   --->   Core 74 'LogicGate' <Latency = 0> <II = 1> <Delay = 0.33> <FuncUnit> <Opcode : 'and' 'or' 'xor'> <InPorts = 2> <OutPorts = 1>
ST_56 : Operation 171 [1/1] (0.00ns) (grouped into LUT with out node or_ln82_1)   --->   "%xor_ln82_4 = xor i1 %or_ln82_2, i1 1" [top.cpp:82->top.cpp:122]   --->   Operation 171 'xor' 'xor_ln82_4' <Predicate = true> <Delay = 0.00> <CoreInst = "LogicGate">   --->   Core 74 'LogicGate' <Latency = 0> <II = 1> <Delay = 0.33> <FuncUnit> <Opcode : 'and' 'or' 'xor'> <InPorts = 2> <OutPorts = 1>
ST_56 : Operation 172 [1/1] (0.00ns) (grouped into LUT with out node or_ln82_1)   --->   "%and_ln82_5 = and i1 %tmp, i1 %xor_ln82_4" [top.cpp:82->top.cpp:122]   --->   Operation 172 'and' 'and_ln82_5' <Predicate = true> <Delay = 0.00> <CoreInst = "LogicGate">   --->   Core 74 'LogicGate' <Latency = 0> <II = 1> <Delay = 0.33> <FuncUnit> <Opcode : 'and' 'or' 'xor'> <InPorts = 2> <OutPorts = 1>
ST_56 : Operation 173 [1/1] (0.33ns) (out node of the LUT)   --->   "%or_ln82_1 = or i1 %and_ln82_3, i1 %and_ln82_5" [top.cpp:82->top.cpp:122]   --->   Operation 173 'or' 'or_ln82_1' <Predicate = true> <Delay = 0.33> <CoreInst = "LogicGate">   --->   Core 74 'LogicGate' <Latency = 0> <II = 1> <Delay = 0.33> <FuncUnit> <Opcode : 'and' 'or' 'xor'> <InPorts = 2> <OutPorts = 1>
ST_56 : Operation 174 [1/1] (0.00ns) (grouped into LUT with out node select_ln82_3)   --->   "%select_ln82_2 = select i1 %and_ln82_3, i32 2147483647, i32 2147483648" [top.cpp:82->top.cpp:122]   --->   Operation 174 'select' 'select_ln82_2' <Predicate = true> <Delay = 0.00> <CoreInst = "Sel">   --->   Core 73 'Sel' <Latency = 0> <II = 1> <Delay = 0.52> <FuncUnit> <Opcode : 'select'> <InPorts = 3> <OutPorts = 1>
ST_56 : Operation 175 [1/1] (0.52ns) (out node of the LUT)   --->   "%select_ln82_3 = select i1 %or_ln82_1, i32 %select_ln82_2, i32 %inv_st_1" [top.cpp:82->top.cpp:122]   --->   Operation 175 'select' 'select_ln82_3' <Predicate = true> <Delay = 0.52> <CoreInst = "Sel">   --->   Core 73 'Sel' <Latency = 0> <II = 1> <Delay = 0.52> <FuncUnit> <Opcode : 'select'> <InPorts = 3> <OutPorts = 1>
ST_56 : Operation 176 [1/1] (0.00ns)   --->   "%zext_ln87 = zext i16 %add_ln87" [top.cpp:87->top.cpp:122]   --->   Operation 176 'zext' 'zext_ln87' <Predicate = true> <Delay = 0.00>
ST_56 : Operation 177 [1/1] (0.00ns)   --->   "%s1_addr = getelementptr i29 %s1, i64 0, i64 %zext_ln87" [top.cpp:87->top.cpp:122]   --->   Operation 177 'getelementptr' 's1_addr' <Predicate = true> <Delay = 0.00>
ST_56 : Operation 178 [2/2] (1.35ns)   --->   "%s1_load = load i16 %s1_addr" [top.cpp:87->top.cpp:122]   --->   Operation 178 'load' 's1_load' <Predicate = true> <Delay = 1.35> <CoreInst = "RAM">   --->   Core 82 'RAM' <Latency = 1> <II = 1> <Delay = 1.35> <Storage> <Opcode : 'load' 'store'> <Ports = 2> <Width = 29> <Depth = 65536> <RAM>

State 57 <SV = 56> <Delay = 6.42>
ST_57 : Operation 179 [1/1] (0.00ns)   --->   "%shl_i_i_i78_i = bitconcatenate i34 @_ssdm_op_BitConcatenate.i34.i32.i2, i32 %select_ln82_3, i2 0" [top.cpp:82->top.cpp:122]   --->   Operation 179 'bitconcatenate' 'shl_i_i_i78_i' <Predicate = true> <Delay = 0.00>
ST_57 : Operation 180 [1/1] (0.00ns)   --->   "%sext_ln85 = sext i34 %shl_i_i_i78_i" [top.cpp:85->top.cpp:122]   --->   Operation 180 'sext' 'sext_ln85' <Predicate = true> <Delay = 0.00>
ST_57 : Operation 181 [1/2] ( I:1.35ns O:1.35ns )   --->   "%s1_load = load i16 %s1_addr" [top.cpp:87->top.cpp:122]   --->   Operation 181 'load' 's1_load' <Predicate = true> <Delay = 1.35> <CoreInst = "RAM">   --->   Core 82 'RAM' <Latency = 1> <II = 1> <Delay = 1.35> <Storage> <Opcode : 'load' 'store'> <Ports = 2> <Width = 29> <Depth = 65536> <RAM>
ST_57 : Operation 182 [1/1] (0.00ns)   --->   "%tmp_s = partselect i27 @_ssdm_op_PartSelect.i27.i29.i32.i32, i29 %s1_load, i32 2, i32 28" [top.cpp:87->top.cpp:122]   --->   Operation 182 'partselect' 'tmp_s' <Predicate = true> <Delay = 0.00>
ST_57 : Operation 183 [1/1] (0.00ns)   --->   "%zext_ln87_4 = zext i27 %tmp_s" [top.cpp:87->top.cpp:122]   --->   Operation 183 'zext' 'zext_ln87_4' <Predicate = true> <Delay = 0.00>
ST_57 : Operation 184 [1/1] (0.00ns)   --->   "%tmp_5 = bitselect i1 @_ssdm_op_BitSelect.i1.i29.i32, i29 %s1_load, i32 1" [top.cpp:87->top.cpp:122]   --->   Operation 184 'bitselect' 'tmp_5' <Predicate = true> <Delay = 0.00>
ST_57 : Operation 185 [1/1] (0.00ns)   --->   "%zext_ln87_2 = zext i1 %tmp_5" [top.cpp:87->top.cpp:122]   --->   Operation 185 'zext' 'zext_ln87_2' <Predicate = true> <Delay = 0.00>
ST_57 : Operation 186 [1/1] (1.14ns)   --->   "%add_ln87_1 = add i28 %zext_ln87_4, i28 %zext_ln87_2" [top.cpp:87->top.cpp:122]   --->   Operation 186 'add' 'add_ln87_1' <Predicate = true> <Delay = 1.14> <CoreInst = "Adder">   --->   Core 1 'Adder' <Latency = 0> <II = 1> <Delay = 1.14> <FuncUnit> <Opcode : 'add' 'sub'> <InPorts = 2> <OutPorts = 1>
ST_57 : Operation 187 [1/1] (0.00ns)   --->   "%zext_ln87_3 = zext i28 %add_ln87_1" [top.cpp:87->top.cpp:122]   --->   Operation 187 'zext' 'zext_ln87_3' <Predicate = true> <Delay = 0.00>
ST_57 : Operation 188 [1/1] (3.93ns)   --->   "%mul_ln87 = mul i61 %zext_ln87_3, i61 %sext_ln85" [top.cpp:87->top.cpp:122]   --->   Operation 188 'mul' 'mul_ln87' <Predicate = true> <Delay = 3.93> <CoreInst = "Multiplier">   --->   Core 3 'Multiplier' <Latency = 0> <II = 1> <Delay = 3.93> <FuncUnit> <Opcode : 'mul'> <InPorts = 2> <OutPorts = 1>
ST_57 : Operation 189 [1/1] (0.00ns)   --->   "%tmp_8 = bitselect i1 @_ssdm_op_BitSelect.i1.i61.i32, i61 %mul_ln87, i32 60" [top.cpp:87->top.cpp:122]   --->   Operation 189 'bitselect' 'tmp_8' <Predicate = true> <Delay = 0.00>
ST_57 : Operation 190 [1/1] (0.00ns)   --->   "%trunc_ln3 = partselect i32 @_ssdm_op_PartSelect.i32.i61.i32.i32, i61 %mul_ln87, i32 22, i32 53" [top.cpp:87->top.cpp:122]   --->   Operation 190 'partselect' 'trunc_ln3' <Predicate = true> <Delay = 0.00>
ST_57 : Operation 191 [1/1] (0.00ns)   --->   "%tmp_9 = bitselect i1 @_ssdm_op_BitSelect.i1.i61.i32, i61 %mul_ln87, i32 21" [top.cpp:87->top.cpp:122]   --->   Operation 191 'bitselect' 'tmp_9' <Predicate = true> <Delay = 0.00>
ST_57 : Operation 192 [1/1] (0.00ns)   --->   "%tmp_13 = partselect i6 @_ssdm_op_PartSelect.i6.i61.i32.i32, i61 %mul_ln87, i32 55, i32 60" [top.cpp:87->top.cpp:122]   --->   Operation 192 'partselect' 'tmp_13' <Predicate = true> <Delay = 0.00>
ST_57 : Operation 193 [1/1] (0.00ns)   --->   "%tmp_14 = partselect i7 @_ssdm_op_PartSelect.i7.i61.i32.i32, i61 %mul_ln87, i32 54, i32 60" [top.cpp:87->top.cpp:122]   --->   Operation 193 'partselect' 'tmp_14' <Predicate = true> <Delay = 0.00>
ST_57 : Operation 226 [1/1] (0.48ns)   --->   "%ret_ln0 = ret"   --->   Operation 226 'ret' 'ret_ln0' <Predicate = (icmp_ln78)> <Delay = 0.48>

State 58 <SV = 57> <Delay = 4.07>
ST_58 : Operation 194 [1/1] (0.00ns)   --->   "%specloopname_ln0 = specloopname void @_ssdm_op_SpecLoopName, void @VITIS_LOOP_78_1_VITIS_LOOP_85_2_str"   --->   Operation 194 'specloopname' 'specloopname_ln0' <Predicate = true> <Delay = 0.00>
ST_58 : Operation 195 [1/1] (0.00ns)   --->   "%speclooptripcount_ln0 = speclooptripcount void @_ssdm_op_SpecLoopTripCount, i64 65536, i64 65536, i64 65536"   --->   Operation 195 'speclooptripcount' 'speclooptripcount_ln0' <Predicate = true> <Delay = 0.00>
ST_58 : Operation 196 [1/1] (0.00ns)   --->   "%specpipeline_ln86 = specpipeline void @_ssdm_op_SpecPipeline, i32 1, i32 0, i32 0, i32 0, void @empty_13" [top.cpp:86->top.cpp:122]   --->   Operation 196 'specpipeline' 'specpipeline_ln86' <Predicate = true> <Delay = 0.00>
ST_58 : Operation 197 [1/1] (0.00ns) (grouped into LUT with out node and_ln87)   --->   "%tmp_10 = bitselect i1 @_ssdm_op_BitSelect.i1.i61.i32, i61 %mul_ln87, i32 53" [top.cpp:87->top.cpp:122]   --->   Operation 197 'bitselect' 'tmp_10' <Predicate = true> <Delay = 0.00>
ST_58 : Operation 198 [1/1] (0.00ns)   --->   "%zext_ln87_1 = zext i1 %tmp_9" [top.cpp:87->top.cpp:122]   --->   Operation 198 'zext' 'zext_ln87_1' <Predicate = true> <Delay = 0.00>
ST_58 : Operation 199 [1/1] (1.20ns)   --->   "%add_ln87_2 = add i32 %trunc_ln3, i32 %zext_ln87_1" [top.cpp:87->top.cpp:122]   --->   Operation 199 'add' 'add_ln87_2' <Predicate = true> <Delay = 1.20> <CoreInst = "Adder">   --->   Core 1 'Adder' <Latency = 0> <II = 1> <Delay = 1.20> <FuncUnit> <Opcode : 'add' 'sub'> <InPorts = 2> <OutPorts = 1>
ST_58 : Operation 200 [1/1] (0.00ns)   --->   "%tmp_11 = bitselect i1 @_ssdm_op_BitSelect.i1.i32.i32, i32 %add_ln87_2, i32 31" [top.cpp:87->top.cpp:122]   --->   Operation 200 'bitselect' 'tmp_11' <Predicate = true> <Delay = 0.00>
ST_58 : Operation 201 [1/1] (0.00ns) (grouped into LUT with out node and_ln87)   --->   "%xor_ln87 = xor i1 %tmp_11, i1 1" [top.cpp:87->top.cpp:122]   --->   Operation 201 'xor' 'xor_ln87' <Predicate = true> <Delay = 0.00> <CoreInst = "LogicGate">   --->   Core 74 'LogicGate' <Latency = 0> <II = 1> <Delay = 0.33> <FuncUnit> <Opcode : 'and' 'or' 'xor'> <InPorts = 2> <OutPorts = 1>
ST_58 : Operation 202 [1/1] (0.33ns) (out node of the LUT)   --->   "%and_ln87 = and i1 %tmp_10, i1 %xor_ln87" [top.cpp:87->top.cpp:122]   --->   Operation 202 'and' 'and_ln87' <Predicate = true> <Delay = 0.33> <CoreInst = "LogicGate">   --->   Core 74 'LogicGate' <Latency = 0> <II = 1> <Delay = 0.33> <FuncUnit> <Opcode : 'and' 'or' 'xor'> <InPorts = 2> <OutPorts = 1>
ST_58 : Operation 203 [1/1] (0.00ns) (grouped into LUT with out node and_ln87_4)   --->   "%tmp_12 = bitselect i1 @_ssdm_op_BitSelect.i1.i61.i32, i61 %mul_ln87, i32 54" [top.cpp:87->top.cpp:122]   --->   Operation 203 'bitselect' 'tmp_12' <Predicate = true> <Delay = 0.00>
ST_58 : Operation 204 [1/1] (0.88ns)   --->   "%icmp_ln87 = icmp_eq  i6 %tmp_13, i6 63" [top.cpp:87->top.cpp:122]   --->   Operation 204 'icmp' 'icmp_ln87' <Predicate = true> <Delay = 0.88> <CoreInst = "Cmp">   --->   Core 9 'Cmp' <Latency = 0> <II = 1> <Delay = 0.88> <FuncUnit> <Opcode : 'seteq' 'setne' 'setle' 'setge' 'setlt' 'setgt'> <InPorts = 2> <OutPorts = 1>
ST_58 : Operation 205 [1/1] (0.89ns)   --->   "%icmp_ln87_1 = icmp_eq  i7 %tmp_14, i7 127" [top.cpp:87->top.cpp:122]   --->   Operation 205 'icmp' 'icmp_ln87_1' <Predicate = true> <Delay = 0.89> <CoreInst = "Cmp">   --->   Core 9 'Cmp' <Latency = 0> <II = 1> <Delay = 0.89> <FuncUnit> <Opcode : 'seteq' 'setne' 'setle' 'setge' 'setlt' 'setgt'> <InPorts = 2> <OutPorts = 1>
ST_58 : Operation 206 [1/1] (0.89ns)   --->   "%icmp_ln87_2 = icmp_eq  i7 %tmp_14, i7 0" [top.cpp:87->top.cpp:122]   --->   Operation 206 'icmp' 'icmp_ln87_2' <Predicate = true> <Delay = 0.89> <CoreInst = "Cmp">   --->   Core 9 'Cmp' <Latency = 0> <II = 1> <Delay = 0.89> <FuncUnit> <Opcode : 'seteq' 'setne' 'setle' 'setge' 'setlt' 'setgt'> <InPorts = 2> <OutPorts = 1>
ST_58 : Operation 207 [1/1] (0.00ns) (grouped into LUT with out node and_ln87_3)   --->   "%select_ln87 = select i1 %and_ln87, i1 %icmp_ln87_1, i1 %icmp_ln87_2" [top.cpp:87->top.cpp:122]   --->   Operation 207 'select' 'select_ln87' <Predicate = true> <Delay = 0.00> <CoreInst = "Sel">   --->   Core 73 'Sel' <Latency = 0> <II = 1> <Delay = 0.26> <FuncUnit> <Opcode : 'select'> <InPorts = 3> <OutPorts = 1>
ST_58 : Operation 208 [1/1] (0.00ns) (grouped into LUT with out node and_ln87_4)   --->   "%xor_ln87_1 = xor i1 %tmp_12, i1 1" [top.cpp:87->top.cpp:122]   --->   Operation 208 'xor' 'xor_ln87_1' <Predicate = true> <Delay = 0.00> <CoreInst = "LogicGate">   --->   Core 74 'LogicGate' <Latency = 0> <II = 1> <Delay = 0.33> <FuncUnit> <Opcode : 'and' 'or' 'xor'> <InPorts = 2> <OutPorts = 1>
ST_58 : Operation 209 [1/1] (0.00ns) (grouped into LUT with out node and_ln87_4)   --->   "%and_ln87_1 = and i1 %icmp_ln87, i1 %xor_ln87_1" [top.cpp:87->top.cpp:122]   --->   Operation 209 'and' 'and_ln87_1' <Predicate = true> <Delay = 0.00> <CoreInst = "LogicGate">   --->   Core 74 'LogicGate' <Latency = 0> <II = 1> <Delay = 0.33> <FuncUnit> <Opcode : 'and' 'or' 'xor'> <InPorts = 2> <OutPorts = 1>
ST_58 : Operation 210 [1/1] (0.00ns) (grouped into LUT with out node and_ln87_4)   --->   "%select_ln87_1 = select i1 %and_ln87, i1 %and_ln87_1, i1 %icmp_ln87_1" [top.cpp:87->top.cpp:122]   --->   Operation 210 'select' 'select_ln87_1' <Predicate = true> <Delay = 0.00> <CoreInst = "Sel">   --->   Core 73 'Sel' <Latency = 0> <II = 1> <Delay = 0.26> <FuncUnit> <Opcode : 'select'> <InPorts = 3> <OutPorts = 1>
ST_58 : Operation 211 [1/1] (0.00ns) (grouped into LUT with out node or_ln87_1)   --->   "%and_ln87_2 = and i1 %and_ln87, i1 %icmp_ln87_1" [top.cpp:87->top.cpp:122]   --->   Operation 211 'and' 'and_ln87_2' <Predicate = true> <Delay = 0.00> <CoreInst = "LogicGate">   --->   Core 74 'LogicGate' <Latency = 0> <II = 1> <Delay = 0.33> <FuncUnit> <Opcode : 'and' 'or' 'xor'> <InPorts = 2> <OutPorts = 1>
ST_58 : Operation 212 [1/1] (0.00ns) (grouped into LUT with out node and_ln87_3)   --->   "%xor_ln87_2 = xor i1 %select_ln87, i1 1" [top.cpp:87->top.cpp:122]   --->   Operation 212 'xor' 'xor_ln87_2' <Predicate = true> <Delay = 0.00> <CoreInst = "LogicGate">   --->   Core 74 'LogicGate' <Latency = 0> <II = 1> <Delay = 0.33> <FuncUnit> <Opcode : 'and' 'or' 'xor'> <InPorts = 2> <OutPorts = 1>
ST_58 : Operation 213 [1/1] (0.00ns) (grouped into LUT with out node and_ln87_3)   --->   "%or_ln87 = or i1 %tmp_11, i1 %xor_ln87_2" [top.cpp:87->top.cpp:122]   --->   Operation 213 'or' 'or_ln87' <Predicate = true> <Delay = 0.00> <CoreInst = "LogicGate">   --->   Core 74 'LogicGate' <Latency = 0> <II = 1> <Delay = 0.33> <FuncUnit> <Opcode : 'and' 'or' 'xor'> <InPorts = 2> <OutPorts = 1>
ST_58 : Operation 214 [1/1] (0.00ns) (grouped into LUT with out node and_ln87_3)   --->   "%xor_ln87_3 = xor i1 %tmp_8, i1 1" [top.cpp:87->top.cpp:122]   --->   Operation 214 'xor' 'xor_ln87_3' <Predicate = true> <Delay = 0.00> <CoreInst = "LogicGate">   --->   Core 74 'LogicGate' <Latency = 0> <II = 1> <Delay = 0.33> <FuncUnit> <Opcode : 'and' 'or' 'xor'> <InPorts = 2> <OutPorts = 1>
ST_58 : Operation 215 [1/1] (0.33ns) (out node of the LUT)   --->   "%and_ln87_3 = and i1 %or_ln87, i1 %xor_ln87_3" [top.cpp:87->top.cpp:122]   --->   Operation 215 'and' 'and_ln87_3' <Predicate = true> <Delay = 0.33> <CoreInst = "LogicGate">   --->   Core 74 'LogicGate' <Latency = 0> <II = 1> <Delay = 0.33> <FuncUnit> <Opcode : 'and' 'or' 'xor'> <InPorts = 2> <OutPorts = 1>
ST_58 : Operation 216 [1/1] (0.33ns) (out node of the LUT)   --->   "%and_ln87_4 = and i1 %tmp_11, i1 %select_ln87_1" [top.cpp:87->top.cpp:122]   --->   Operation 216 'and' 'and_ln87_4' <Predicate = true> <Delay = 0.33> <CoreInst = "LogicGate">   --->   Core 74 'LogicGate' <Latency = 0> <II = 1> <Delay = 0.33> <FuncUnit> <Opcode : 'and' 'or' 'xor'> <InPorts = 2> <OutPorts = 1>
ST_58 : Operation 217 [1/1] (0.00ns) (grouped into LUT with out node or_ln87_1)   --->   "%or_ln87_2 = or i1 %and_ln87_2, i1 %and_ln87_4" [top.cpp:87->top.cpp:122]   --->   Operation 217 'or' 'or_ln87_2' <Predicate = true> <Delay = 0.00> <CoreInst = "LogicGate">   --->   Core 74 'LogicGate' <Latency = 0> <II = 1> <Delay = 0.33> <FuncUnit> <Opcode : 'and' 'or' 'xor'> <InPorts = 2> <OutPorts = 1>
ST_58 : Operation 218 [1/1] (0.00ns) (grouped into LUT with out node or_ln87_1)   --->   "%xor_ln87_4 = xor i1 %or_ln87_2, i1 1" [top.cpp:87->top.cpp:122]   --->   Operation 218 'xor' 'xor_ln87_4' <Predicate = true> <Delay = 0.00> <CoreInst = "LogicGate">   --->   Core 74 'LogicGate' <Latency = 0> <II = 1> <Delay = 0.33> <FuncUnit> <Opcode : 'and' 'or' 'xor'> <InPorts = 2> <OutPorts = 1>
ST_58 : Operation 219 [1/1] (0.00ns) (grouped into LUT with out node or_ln87_1)   --->   "%and_ln87_5 = and i1 %tmp_8, i1 %xor_ln87_4" [top.cpp:87->top.cpp:122]   --->   Operation 219 'and' 'and_ln87_5' <Predicate = true> <Delay = 0.00> <CoreInst = "LogicGate">   --->   Core 74 'LogicGate' <Latency = 0> <II = 1> <Delay = 0.33> <FuncUnit> <Opcode : 'and' 'or' 'xor'> <InPorts = 2> <OutPorts = 1>
ST_58 : Operation 220 [1/1] (0.00ns) (grouped into LUT with out node select_ln87_3)   --->   "%select_ln87_2 = select i1 %and_ln87_3, i32 2147483647, i32 2147483648" [top.cpp:87->top.cpp:122]   --->   Operation 220 'select' 'select_ln87_2' <Predicate = true> <Delay = 0.00> <CoreInst = "Sel">   --->   Core 73 'Sel' <Latency = 0> <II = 1> <Delay = 0.52> <FuncUnit> <Opcode : 'select'> <InPorts = 3> <OutPorts = 1>
ST_58 : Operation 221 [1/1] (0.33ns) (out node of the LUT)   --->   "%or_ln87_1 = or i1 %and_ln87_3, i1 %and_ln87_5" [top.cpp:87->top.cpp:122]   --->   Operation 221 'or' 'or_ln87_1' <Predicate = true> <Delay = 0.33> <CoreInst = "LogicGate">   --->   Core 74 'LogicGate' <Latency = 0> <II = 1> <Delay = 0.33> <FuncUnit> <Opcode : 'and' 'or' 'xor'> <InPorts = 2> <OutPorts = 1>
ST_58 : Operation 222 [1/1] (0.52ns) (out node of the LUT)   --->   "%select_ln87_3 = select i1 %or_ln87_1, i32 %select_ln87_2, i32 %add_ln87_2" [top.cpp:87->top.cpp:122]   --->   Operation 222 'select' 'select_ln87_3' <Predicate = true> <Delay = 0.52> <CoreInst = "Sel">   --->   Core 73 'Sel' <Latency = 0> <II = 1> <Delay = 0.52> <FuncUnit> <Opcode : 'select'> <InPorts = 3> <OutPorts = 1>
ST_58 : Operation 223 [1/1] (0.00ns)   --->   "%s3_addr = getelementptr i32 %s3, i64 0, i64 %zext_ln87" [top.cpp:87->top.cpp:122]   --->   Operation 223 'getelementptr' 's3_addr' <Predicate = true> <Delay = 0.00>
ST_58 : Operation 224 [1/1] ( I:1.35ns O:1.35ns )   --->   "%store_ln87 = store i32 %select_ln87_3, i16 %s3_addr" [top.cpp:87->top.cpp:122]   --->   Operation 224 'store' 'store_ln87' <Predicate = true> <Delay = 1.35> <CoreInst = "RAM">   --->   Core 82 'RAM' <Latency = 1> <II = 1> <Delay = 1.35> <Storage> <Opcode : 'load' 'store'> <Ports = 2> <Width = 32> <Depth = 65536> <RAM>
ST_58 : Operation 225 [1/1] (0.00ns)   --->   "%br_ln85 = br void %for.body5.i" [top.cpp:85->top.cpp:122]   --->   Operation 225 'br' 'br_ln85' <Predicate = true> <Delay = 0.00>


============================================================
+ Verbose Summary: Timing violations
============================================================
Target clock period: 10.000ns, clock uncertainty: 2.700ns.

 <State 1>: 0.489ns
The critical path consists of the following:
	'alloca' operation 17 bit ('indvar_flatten') [6]  (0.000 ns)
	'store' operation 0 bit ('store_ln0') of constant 0 on local variable 'indvar_flatten' [7]  (0.489 ns)

 <State 2>: 2.788ns
The critical path consists of the following:
	'load' operation 9 bit ('i_load', top.cpp:85->top.cpp:122) on local variable 'i', top.cpp:85->top.cpp:122 [17]  (0.000 ns)
	'icmp' operation 1 bit ('icmp_ln85', top.cpp:85->top.cpp:122) [21]  (0.921 ns)
	'select' operation 9 bit ('select_ln78', top.cpp:78->top.cpp:122) [22]  (0.458 ns)
	'add' operation 9 bit ('add_ln85', top.cpp:85->top.cpp:122) [112]  (0.921 ns)
	'store' operation 0 bit ('store_ln85', top.cpp:85->top.cpp:122) of variable 'add_ln85', top.cpp:85->top.cpp:122 on local variable 'i', top.cpp:85->top.cpp:122 [115]  (0.489 ns)

 <State 3>: 3.106ns
The critical path consists of the following:
	'load' operation 32 bit ('st', top.cpp:79->top.cpp:122) on array 'stats' [27]  (1.352 ns)
	'sdiv' operation 50 bit ('sdiv_ln82', top.cpp:82->top.cpp:122) [30]  (1.754 ns)

 <State 4>: 1.754ns
The critical path consists of the following:
	'sdiv' operation 50 bit ('sdiv_ln82', top.cpp:82->top.cpp:122) [30]  (1.754 ns)

 <State 5>: 1.754ns
The critical path consists of the following:
	'sdiv' operation 50 bit ('sdiv_ln82', top.cpp:82->top.cpp:122) [30]  (1.754 ns)

 <State 6>: 1.754ns
The critical path consists of the following:
	'sdiv' operation 50 bit ('sdiv_ln82', top.cpp:82->top.cpp:122) [30]  (1.754 ns)

 <State 7>: 1.754ns
The critical path consists of the following:
	'sdiv' operation 50 bit ('sdiv_ln82', top.cpp:82->top.cpp:122) [30]  (1.754 ns)

 <State 8>: 1.754ns
The critical path consists of the following:
	'sdiv' operation 50 bit ('sdiv_ln82', top.cpp:82->top.cpp:122) [30]  (1.754 ns)

 <State 9>: 1.754ns
The critical path consists of the following:
	'sdiv' operation 50 bit ('sdiv_ln82', top.cpp:82->top.cpp:122) [30]  (1.754 ns)

 <State 10>: 1.754ns
The critical path consists of the following:
	'sdiv' operation 50 bit ('sdiv_ln82', top.cpp:82->top.cpp:122) [30]  (1.754 ns)

 <State 11>: 1.754ns
The critical path consists of the following:
	'sdiv' operation 50 bit ('sdiv_ln82', top.cpp:82->top.cpp:122) [30]  (1.754 ns)

 <State 12>: 1.754ns
The critical path consists of the following:
	'sdiv' operation 50 bit ('sdiv_ln82', top.cpp:82->top.cpp:122) [30]  (1.754 ns)

 <State 13>: 1.754ns
The critical path consists of the following:
	'sdiv' operation 50 bit ('sdiv_ln82', top.cpp:82->top.cpp:122) [30]  (1.754 ns)

 <State 14>: 1.754ns
The critical path consists of the following:
	'sdiv' operation 50 bit ('sdiv_ln82', top.cpp:82->top.cpp:122) [30]  (1.754 ns)

 <State 15>: 1.754ns
The critical path consists of the following:
	'sdiv' operation 50 bit ('sdiv_ln82', top.cpp:82->top.cpp:122) [30]  (1.754 ns)

 <State 16>: 1.754ns
The critical path consists of the following:
	'sdiv' operation 50 bit ('sdiv_ln82', top.cpp:82->top.cpp:122) [30]  (1.754 ns)

 <State 17>: 1.754ns
The critical path consists of the following:
	'sdiv' operation 50 bit ('sdiv_ln82', top.cpp:82->top.cpp:122) [30]  (1.754 ns)

 <State 18>: 1.754ns
The critical path consists of the following:
	'sdiv' operation 50 bit ('sdiv_ln82', top.cpp:82->top.cpp:122) [30]  (1.754 ns)

 <State 19>: 1.754ns
The critical path consists of the following:
	'sdiv' operation 50 bit ('sdiv_ln82', top.cpp:82->top.cpp:122) [30]  (1.754 ns)

 <State 20>: 1.754ns
The critical path consists of the following:
	'sdiv' operation 50 bit ('sdiv_ln82', top.cpp:82->top.cpp:122) [30]  (1.754 ns)

 <State 21>: 1.754ns
The critical path consists of the following:
	'sdiv' operation 50 bit ('sdiv_ln82', top.cpp:82->top.cpp:122) [30]  (1.754 ns)

 <State 22>: 1.754ns
The critical path consists of the following:
	'sdiv' operation 50 bit ('sdiv_ln82', top.cpp:82->top.cpp:122) [30]  (1.754 ns)

 <State 23>: 1.754ns
The critical path consists of the following:
	'sdiv' operation 50 bit ('sdiv_ln82', top.cpp:82->top.cpp:122) [30]  (1.754 ns)

 <State 24>: 1.754ns
The critical path consists of the following:
	'sdiv' operation 50 bit ('sdiv_ln82', top.cpp:82->top.cpp:122) [30]  (1.754 ns)

 <State 25>: 1.754ns
The critical path consists of the following:
	'sdiv' operation 50 bit ('sdiv_ln82', top.cpp:82->top.cpp:122) [30]  (1.754 ns)

 <State 26>: 1.754ns
The critical path consists of the following:
	'sdiv' operation 50 bit ('sdiv_ln82', top.cpp:82->top.cpp:122) [30]  (1.754 ns)

 <State 27>: 1.754ns
The critical path consists of the following:
	'sdiv' operation 50 bit ('sdiv_ln82', top.cpp:82->top.cpp:122) [30]  (1.754 ns)

 <State 28>: 1.754ns
The critical path consists of the following:
	'sdiv' operation 50 bit ('sdiv_ln82', top.cpp:82->top.cpp:122) [30]  (1.754 ns)

 <State 29>: 1.754ns
The critical path consists of the following:
	'sdiv' operation 50 bit ('sdiv_ln82', top.cpp:82->top.cpp:122) [30]  (1.754 ns)

 <State 30>: 1.754ns
The critical path consists of the following:
	'sdiv' operation 50 bit ('sdiv_ln82', top.cpp:82->top.cpp:122) [30]  (1.754 ns)

 <State 31>: 1.754ns
The critical path consists of the following:
	'sdiv' operation 50 bit ('sdiv_ln82', top.cpp:82->top.cpp:122) [30]  (1.754 ns)

 <State 32>: 1.754ns
The critical path consists of the following:
	'sdiv' operation 50 bit ('sdiv_ln82', top.cpp:82->top.cpp:122) [30]  (1.754 ns)

 <State 33>: 1.754ns
The critical path consists of the following:
	'sdiv' operation 50 bit ('sdiv_ln82', top.cpp:82->top.cpp:122) [30]  (1.754 ns)

 <State 34>: 1.754ns
The critical path consists of the following:
	'sdiv' operation 50 bit ('sdiv_ln82', top.cpp:82->top.cpp:122) [30]  (1.754 ns)

 <State 35>: 1.754ns
The critical path consists of the following:
	'sdiv' operation 50 bit ('sdiv_ln82', top.cpp:82->top.cpp:122) [30]  (1.754 ns)

 <State 36>: 1.754ns
The critical path consists of the following:
	'sdiv' operation 50 bit ('sdiv_ln82', top.cpp:82->top.cpp:122) [30]  (1.754 ns)

 <State 37>: 1.754ns
The critical path consists of the following:
	'sdiv' operation 50 bit ('sdiv_ln82', top.cpp:82->top.cpp:122) [30]  (1.754 ns)

 <State 38>: 1.754ns
The critical path consists of the following:
	'sdiv' operation 50 bit ('sdiv_ln82', top.cpp:82->top.cpp:122) [30]  (1.754 ns)

 <State 39>: 1.754ns
The critical path consists of the following:
	'sdiv' operation 50 bit ('sdiv_ln82', top.cpp:82->top.cpp:122) [30]  (1.754 ns)

 <State 40>: 1.754ns
The critical path consists of the following:
	'sdiv' operation 50 bit ('sdiv_ln82', top.cpp:82->top.cpp:122) [30]  (1.754 ns)

 <State 41>: 1.754ns
The critical path consists of the following:
	'sdiv' operation 50 bit ('sdiv_ln82', top.cpp:82->top.cpp:122) [30]  (1.754 ns)

 <State 42>: 1.754ns
The critical path consists of the following:
	'sdiv' operation 50 bit ('sdiv_ln82', top.cpp:82->top.cpp:122) [30]  (1.754 ns)

 <State 43>: 1.754ns
The critical path consists of the following:
	'sdiv' operation 50 bit ('sdiv_ln82', top.cpp:82->top.cpp:122) [30]  (1.754 ns)

 <State 44>: 1.754ns
The critical path consists of the following:
	'sdiv' operation 50 bit ('sdiv_ln82', top.cpp:82->top.cpp:122) [30]  (1.754 ns)

 <State 45>: 1.754ns
The critical path consists of the following:
	'sdiv' operation 50 bit ('sdiv_ln82', top.cpp:82->top.cpp:122) [30]  (1.754 ns)

 <State 46>: 1.754ns
The critical path consists of the following:
	'sdiv' operation 50 bit ('sdiv_ln82', top.cpp:82->top.cpp:122) [30]  (1.754 ns)

 <State 47>: 1.754ns
The critical path consists of the following:
	'sdiv' operation 50 bit ('sdiv_ln82', top.cpp:82->top.cpp:122) [30]  (1.754 ns)

 <State 48>: 1.754ns
The critical path consists of the following:
	'sdiv' operation 50 bit ('sdiv_ln82', top.cpp:82->top.cpp:122) [30]  (1.754 ns)

 <State 49>: 1.754ns
The critical path consists of the following:
	'sdiv' operation 50 bit ('sdiv_ln82', top.cpp:82->top.cpp:122) [30]  (1.754 ns)

 <State 50>: 1.754ns
The critical path consists of the following:
	'sdiv' operation 50 bit ('sdiv_ln82', top.cpp:82->top.cpp:122) [30]  (1.754 ns)

 <State 51>: 1.754ns
The critical path consists of the following:
	'sdiv' operation 50 bit ('sdiv_ln82', top.cpp:82->top.cpp:122) [30]  (1.754 ns)

 <State 52>: 1.754ns
The critical path consists of the following:
	'sdiv' operation 50 bit ('sdiv_ln82', top.cpp:82->top.cpp:122) [30]  (1.754 ns)

 <State 53>: 1.754ns
The critical path consists of the following:
	'sdiv' operation 50 bit ('sdiv_ln82', top.cpp:82->top.cpp:122) [30]  (1.754 ns)

 <State 54>: 1.754ns
The critical path consists of the following:
	'sdiv' operation 50 bit ('sdiv_ln82', top.cpp:82->top.cpp:122) [30]  (1.754 ns)

 <State 55>: 1.754ns
The critical path consists of the following:
	'sdiv' operation 50 bit ('sdiv_ln82', top.cpp:82->top.cpp:122) [30]  (1.754 ns)

 <State 56>: 4.475ns
The critical path consists of the following:
	'sdiv' operation 50 bit ('sdiv_ln82', top.cpp:82->top.cpp:122) [30]  (1.754 ns)
	'add' operation 32 bit ('inv_st', top.cpp:82->top.cpp:122) [36]  (1.203 ns)
	'xor' operation 1 bit ('xor_ln82', top.cpp:82->top.cpp:122) [38]  (0.000 ns)
	'and' operation 1 bit ('and_ln82', top.cpp:82->top.cpp:122) [39]  (0.331 ns)
	'select' operation 1 bit ('select_ln82', top.cpp:82->top.cpp:122) [46]  (0.000 ns)
	'xor' operation 1 bit ('xor_ln82_2', top.cpp:82->top.cpp:122) [51]  (0.000 ns)
	'or' operation 1 bit ('or_ln82', top.cpp:82->top.cpp:122) [52]  (0.000 ns)
	'and' operation 1 bit ('and_ln82_3', top.cpp:82->top.cpp:122) [54]  (0.331 ns)
	'or' operation 1 bit ('or_ln82_1', top.cpp:82->top.cpp:122) [59]  (0.331 ns)
	'select' operation 32 bit ('select_ln82_3', top.cpp:82->top.cpp:122) [63]  (0.525 ns)

 <State 57>: 6.427ns
The critical path consists of the following:
	'load' operation 29 bit ('s1_load', top.cpp:87->top.cpp:122) on array 's1' [71]  (1.352 ns)
	'add' operation 28 bit ('add_ln87_1', top.cpp:87->top.cpp:122) [76]  (1.145 ns)
	'mul' operation 61 bit ('mul_ln87', top.cpp:87->top.cpp:122) [78]  (3.930 ns)

 <State 58>: 4.073ns
The critical path consists of the following:
	'add' operation 32 bit ('add_ln87_2', top.cpp:87->top.cpp:122) [84]  (1.203 ns)
	'xor' operation 1 bit ('xor_ln87', top.cpp:87->top.cpp:122) [86]  (0.000 ns)
	'and' operation 1 bit ('and_ln87', top.cpp:87->top.cpp:122) [87]  (0.331 ns)
	'select' operation 1 bit ('select_ln87', top.cpp:87->top.cpp:122) [94]  (0.000 ns)
	'xor' operation 1 bit ('xor_ln87_2', top.cpp:87->top.cpp:122) [99]  (0.000 ns)
	'or' operation 1 bit ('or_ln87', top.cpp:87->top.cpp:122) [100]  (0.000 ns)
	'and' operation 1 bit ('and_ln87_3', top.cpp:87->top.cpp:122) [102]  (0.331 ns)
	'or' operation 1 bit ('or_ln87_1', top.cpp:87->top.cpp:122) [108]  (0.331 ns)
	'select' operation 32 bit ('select_ln87_3', top.cpp:87->top.cpp:122) [109]  (0.525 ns)
	'store' operation 0 bit ('store_ln87', top.cpp:87->top.cpp:122) of variable 'select_ln87_3', top.cpp:87->top.cpp:122 on array 's3' [111]  (1.352 ns)


============================================================
+ Verbose Summary: Binding
============================================================
N/A
* FSMD analyzer results:
  - Output states:
 - Input state : 
  - Chain level:
	State 1
	State 2
	State 3
	State 4
	State 5
	State 6
	State 7
	State 8
	State 9
	State 10
	State 11
	State 12
	State 13
	State 14
	State 15
	State 16
	State 17
	State 18
	State 19
	State 20
	State 21
	State 22
	State 23
	State 24
	State 25
	State 26
	State 27
	State 28
	State 29
	State 30
	State 31
	State 32
	State 33
	State 34
	State 35
	State 36
	State 37
	State 38
	State 39
	State 40
	State 41
	State 42
	State 43
	State 44
	State 45
	State 46
	State 47
	State 48
	State 49
	State 50
	State 51
	State 52
	State 53
	State 54
	State 55
	State 56
	State 57
	State 58


============================================================
+ Verbose Summary: Datapath Resource usage 
============================================================
N/A
