

================================================================
== Vitis HLS Report for 'top_kernel_Pipeline_VITIS_LOOP_28_1'
================================================================
* Date:           Tue Mar 10 15:12:57 2026

* Version:        2025.1.1 (Build 6214317 on Sep 11 2025)
* Project:        project_1
* Solution:       hls (Vivado IP Flow Target)
* Product family: zynquplus
* Target device:  xczu3eg-sbva484-1-e


================================================================
== Performance Estimates
================================================================
+ Timing: 
    * Summary: 
    +--------+----------+----------+------------+
    |  Clock |  Target  | Estimated| Uncertainty|
    +--------+----------+----------+------------+
    |ap_clk  |  10.00 ns|  7.300 ns|     2.70 ns|
    +--------+----------+----------+------------+

+ Latency: 
    * Summary: 
    +---------+---------+----------+----------+-------+-------+------------------------------------------------+
    |  Latency (cycles) |  Latency (absolute) |    Interval   |                    Pipeline                    |
    |   min   |   max   |    min   |    max   |  min  |  max  |                      Type                      |
    +---------+---------+----------+----------+-------+-------+------------------------------------------------+
    |    65539|    65539|  0.655 ms|  0.655 ms|  65537|  65537|  loop auto-rewind stp (delay=0 clock cycles(s))|
    +---------+---------+----------+----------+-------+-------+------------------------------------------------+

    + Detail: 
        * Instance: 
        N/A

        * Loop: 
        +-------------------+---------+---------+----------+-----------+-----------+-------+----------+
        |                   |  Latency (cycles) | Iteration|  Initiation Interval  |  Trip |          |
        |     Loop Name     |   min   |   max   |  Latency |  achieved |   target  | Count | Pipelined|
        +-------------------+---------+---------+----------+-----------+-----------+-------+----------+
        |- VITIS_LOOP_28_1  |    65537|    65537|         3|          1|          1|  65536|       yes|
        +-------------------+---------+---------+----------+-----------+-----------+-------+----------+

============================================================
+ Verbose Summary: Synthesis Manager
============================================================
InlineROM: 1
ExposeGlobal: 0
============================================================
+ Verbose Summary: CDFG Model
============================================================
IsTopModel: 0
ResetActiveHigh: 1
IsCombinational: 0
IsDatapathOnly: 0
HasWiredReturn: 1
HasMFsm: 2
HasVarLatency: 1
IsPipeline: 0
IsRtlPipelined: 0
IsInstanceOverlapped: 0
IsDontTouch: 0
HasImplIP: 0
IsGatedGlobalClock: 0

+ Individual pipeline summary: 
  * Pipeline-0: initiation interval (II) = 1, depth = 3


============================================================
+ Verbose Summary: Schedule
============================================================
* Number of FSM states : 3
* Pipeline : 1
  Pipeline-0 : II = 1, D = 3, States = { 1 2 3 }
* Dataflow Pipeline: 0

* FSM state transitions: 
1 --> 2 
2 --> 3 
3 --> 

* FSM state operations: 

State 1 <SV = 0> <Delay = 2.00>
ST_1 : Operation 6 [1/1] (0.00ns)   --->   "%k = alloca i32 1" [top.cpp:28->top.cpp:119]   --->   Operation 6 'alloca' 'k' <Predicate = true> <Delay = 0.00>
ST_1 : Operation 7 [1/1] (0.00ns)   --->   "%sext_ln28_read = read i62 @_ssdm_op_Read.ap_auto.i62, i62 %sext_ln28"   --->   Operation 7 'read' 'sext_ln28_read' <Predicate = true> <Delay = 0.00>
ST_1 : Operation 8 [1/1] (0.00ns)   --->   "%sext_ln28_cast = sext i62 %sext_ln28_read"   --->   Operation 8 'sext' 'sext_ln28_cast' <Predicate = true> <Delay = 0.00>
ST_1 : Operation 9 [1/1] (0.00ns)   --->   "%specinterface_ln0 = specinterface void @_ssdm_op_SpecInterface, i32 %in_r, void @empty_4, i32 0, i32 0, void @empty_13, i32 0, i32 0, void @empty_14, void @empty_12, void @empty_13, i32 16, i32 16, i32 16, i32 16, void @empty_13, void @empty_13, i32 4294967295, i32 0, i32 0"   --->   Operation 9 'specinterface' 'specinterface_ln0' <Predicate = true> <Delay = 0.00>
ST_1 : Operation 10 [1/1] (0.48ns)   --->   "%store_ln28 = store i17 0, i17 %k" [top.cpp:28->top.cpp:119]   --->   Operation 10 'store' 'store_ln28' <Predicate = true> <Delay = 0.48>
ST_1 : Operation 11 [1/1] (0.00ns)   --->   "%br_ln0 = br void %_ZN8ap_fixedILi36ELi12EL9ap_q_mode0EL9ap_o_mode0ELi0EEC2ILi32ELi10ELb1ELS0_0ELS1_0ELi0EEERK13ap_fixed_baseIXT_EXT0_EXT1_EXT2_EXT3_EXT4_EE.exit.i"   --->   Operation 11 'br' 'br_ln0' <Predicate = true> <Delay = 0.00>
ST_1 : Operation 12 [1/1] (0.00ns)   --->   "%k_1 = load i17 %k" [top.cpp:28->top.cpp:119]   --->   Operation 12 'load' 'k_1' <Predicate = true> <Delay = 0.00>
ST_1 : Operation 13 [1/1] (0.00ns)   --->   "%specbitsmap_ln0 = specbitsmap void @_ssdm_op_SpecBitsMap, i32 %in_r"   --->   Operation 13 'specbitsmap' 'specbitsmap_ln0' <Predicate = true> <Delay = 0.00>
ST_1 : Operation 14 [1/1] (1.02ns)   --->   "%icmp_ln28 = icmp_eq  i17 %k_1, i17 65536" [top.cpp:28->top.cpp:119]   --->   Operation 14 'icmp' 'icmp_ln28' <Predicate = true> <Delay = 1.02> <CoreInst = "Cmp">   --->   Core 9 'Cmp' <Latency = 0> <II = 1> <Delay = 1.02> <FuncUnit> <Opcode : 'seteq' 'setne' 'setle' 'setge' 'setlt' 'setgt'> <InPorts = 2> <OutPorts = 1>
ST_1 : Operation 15 [1/1] (1.02ns)   --->   "%add_ln28 = add i17 %k_1, i17 1" [top.cpp:28->top.cpp:119]   --->   Operation 15 'add' 'add_ln28' <Predicate = true> <Delay = 1.02> <CoreInst = "Adder">   --->   Core 1 'Adder' <Latency = 0> <II = 1> <Delay = 1.02> <FuncUnit> <Opcode : 'add' 'sub'> <InPorts = 2> <OutPorts = 1>
ST_1 : Operation 16 [1/1] (0.00ns)   --->   "%br_ln28 = br i1 %icmp_ln28, void %_ZN8ap_fixedILi36ELi12EL9ap_q_mode0EL9ap_o_mode0ELi0EEC2ILi32ELi10ELb1ELS0_0ELS1_0ELi0EEERK13ap_fixed_baseIXT_EXT0_EXT1_EXT2_EXT3_EXT4_EE.exit.i.split, void %_Z2K0PK8ap_fixedILi32ELi6EL9ap_q_mode0EL9ap_o_mode0ELi0EEPS2_.exit.exitStub" [top.cpp:28->top.cpp:119]   --->   Operation 16 'br' 'br_ln28' <Predicate = true> <Delay = 0.00>
ST_1 : Operation 17 [1/1] (0.48ns)   --->   "%store_ln28 = store i17 %add_ln28, i17 %k" [top.cpp:28->top.cpp:119]   --->   Operation 17 'store' 'store_ln28' <Predicate = (!icmp_ln28)> <Delay = 0.48>

State 2 <SV = 1> <Delay = 7.30>
ST_2 : Operation 18 [1/1] (0.00ns)   --->   "%in_r_addr = getelementptr i32 %in_r, i64 %sext_ln28_cast" [top.cpp:28->top.cpp:119]   --->   Operation 18 'getelementptr' 'in_r_addr' <Predicate = true> <Delay = 0.00>
ST_2 : Operation 19 [1/1] (7.30ns)   --->   "%in_r_addr_read = read i32 @_ssdm_op_Read.m_axi.p1i32, i32 %in_r_addr" [top.cpp:30->top.cpp:119]   --->   Operation 19 'read' 'in_r_addr_read' <Predicate = true> <Delay = 7.30> <CoreInst = "m_axi">   --->   Core 119 'm_axi' <Latency = 3> <II = 1> <Delay = 1.00> <Adapter> <Opcode : 'read' 'write' 'readreq' 'writereq' 'writeresp'>
ST_2 : Operation 20 [1/1] (0.00ns)   --->   "%trunc_ln30_1 = partselect i30 @_ssdm_op_PartSelect.i30.i32.i32.i32, i32 %in_r_addr_read, i32 2, i32 31" [top.cpp:30->top.cpp:119]   --->   Operation 20 'partselect' 'trunc_ln30_1' <Predicate = true> <Delay = 0.00>
ST_2 : Operation 21 [1/1] (0.00ns)   --->   "%tmp = bitselect i1 @_ssdm_op_BitSelect.i1.i32.i32, i32 %in_r_addr_read, i32 1" [top.cpp:30->top.cpp:119]   --->   Operation 21 'bitselect' 'tmp' <Predicate = true> <Delay = 0.00>
ST_2 : Operation 60 [1/1] (0.48ns)   --->   "%ret_ln0 = ret"   --->   Operation 60 'ret' 'ret_ln0' <Predicate = (icmp_ln28)> <Delay = 0.48>

State 3 <SV = 2> <Delay = 5.88>
ST_3 : Operation 22 [1/1] (0.00ns)   --->   "%zext_ln28 = zext i17 %k_1" [top.cpp:28->top.cpp:119]   --->   Operation 22 'zext' 'zext_ln28' <Predicate = true> <Delay = 0.00>
ST_3 : Operation 23 [1/1] (0.00ns)   --->   "%specpipeline_ln29 = specpipeline void @_ssdm_op_SpecPipeline, i32 1, i32 0, i32 0, i32 0, void @empty_13" [top.cpp:29->top.cpp:119]   --->   Operation 23 'specpipeline' 'specpipeline_ln29' <Predicate = true> <Delay = 0.00>
ST_3 : Operation 24 [1/1] (0.00ns)   --->   "%speclooptripcount_ln28 = speclooptripcount void @_ssdm_op_SpecLoopTripCount, i64 65536, i64 65536, i64 65536" [top.cpp:28->top.cpp:119]   --->   Operation 24 'speclooptripcount' 'speclooptripcount_ln28' <Predicate = true> <Delay = 0.00>
ST_3 : Operation 25 [1/1] (0.00ns)   --->   "%specloopname_ln28 = specloopname void @_ssdm_op_SpecLoopName, void @empty_6" [top.cpp:28->top.cpp:119]   --->   Operation 25 'specloopname' 'specloopname_ln28' <Predicate = true> <Delay = 0.00>
ST_3 : Operation 26 [1/1] (0.00ns)   --->   "%sext_ln30 = sext i30 %trunc_ln30_1" [top.cpp:30->top.cpp:119]   --->   Operation 26 'sext' 'sext_ln30' <Predicate = true> <Delay = 0.00>
ST_3 : Operation 27 [1/1] (0.00ns)   --->   "%zext_ln30 = zext i1 %tmp" [top.cpp:30->top.cpp:119]   --->   Operation 27 'zext' 'zext_ln30' <Predicate = true> <Delay = 0.00>
ST_3 : Operation 28 [1/1] (1.17ns)   --->   "%add_ln30 = add i31 %sext_ln30, i31 %zext_ln30" [top.cpp:30->top.cpp:119]   --->   Operation 28 'add' 'add_ln30' <Predicate = true> <Delay = 1.17> <CoreInst = "Adder">   --->   Core 1 'Adder' <Latency = 0> <II = 1> <Delay = 1.17> <FuncUnit> <Opcode : 'add' 'sub'> <InPorts = 2> <OutPorts = 1>
ST_3 : Operation 29 [1/1] (0.00ns)   --->   "%trunc_ln30 = trunc i31 %add_ln30" [top.cpp:30->top.cpp:119]   --->   Operation 29 'trunc' 'trunc_ln30' <Predicate = true> <Delay = 0.00>
ST_3 : Operation 30 [1/1] (0.00ns)   --->   "%p_shl = bitconcatenate i54 @_ssdm_op_BitConcatenate.i54.i30.i24, i30 %trunc_ln30, i24 0" [top.cpp:30->top.cpp:119]   --->   Operation 30 'bitconcatenate' 'p_shl' <Predicate = true> <Delay = 0.00>
ST_3 : Operation 31 [1/1] (0.00ns)   --->   "%tmp_13 = bitconcatenate i52 @_ssdm_op_BitConcatenate.i52.i31.i21, i31 %add_ln30, i21 0" [top.cpp:30->top.cpp:119]   --->   Operation 31 'bitconcatenate' 'tmp_13' <Predicate = true> <Delay = 0.00>
ST_3 : Operation 32 [1/1] (0.00ns)   --->   "%sext_ln30_1 = sext i52 %tmp_13" [top.cpp:30->top.cpp:119]   --->   Operation 32 'sext' 'sext_ln30_1' <Predicate = true> <Delay = 0.00>
ST_3 : Operation 33 [1/1] (0.00ns) (grouped into TernaryAdder)   --->   "%sub_ln30 = sub i54 %p_shl, i54 %sext_ln30_1" [top.cpp:30->top.cpp:119]   --->   Operation 33 'sub' 'sub_ln30' <Predicate = true> <Delay = 0.00> <CoreInst = "TAddSub">   --->   Core 10 'TAddSub' <Latency = 0> <II = 1> <Delay = 0.48> <IPBlock> <Opcode : 'add' 'sub'> <InPorts = 3> <OutPorts = 1> <Sync> <CReg>
ST_3 : Operation 34 [1/1] (0.96ns) (root node of TernaryAdder)   --->   "%add_ln30_1 = add i54 %sub_ln30, i54 35184372088832" [top.cpp:30->top.cpp:119]   --->   Operation 34 'add' 'add_ln30_1' <Predicate = true> <Delay = 0.96> <CoreInst = "TAddSub">   --->   Core 10 'TAddSub' <Latency = 0> <II = 1> <Delay = 0.48> <IPBlock> <Opcode : 'add' 'sub'> <InPorts = 3> <OutPorts = 1> <Sync> <CReg>
ST_3 : Operation 35 [1/1] (0.00ns)   --->   "%tmp_14 = bitselect i1 @_ssdm_op_BitSelect.i1.i54.i32, i54 %add_ln30_1, i32 53" [top.cpp:30->top.cpp:119]   --->   Operation 35 'bitselect' 'tmp_14' <Predicate = true> <Delay = 0.00>
ST_3 : Operation 36 [1/1] (0.00ns)   --->   "%trunc_ln1 = partselect i32 @_ssdm_op_PartSelect.i32.i54.i32.i32, i54 %add_ln30_1, i32 22, i32 53" [top.cpp:30->top.cpp:119]   --->   Operation 36 'partselect' 'trunc_ln1' <Predicate = true> <Delay = 0.00>
ST_3 : Operation 37 [1/1] (0.00ns)   --->   "%tmp_15 = bitselect i1 @_ssdm_op_BitSelect.i1.i54.i32, i54 %add_ln30_1, i32 21" [top.cpp:30->top.cpp:119]   --->   Operation 37 'bitselect' 'tmp_15' <Predicate = true> <Delay = 0.00>
ST_3 : Operation 38 [1/1] (0.00ns)   --->   "%zext_ln30_1 = zext i1 %tmp_15" [top.cpp:30->top.cpp:119]   --->   Operation 38 'zext' 'zext_ln30_1' <Predicate = true> <Delay = 0.00>
ST_3 : Operation 39 [1/1] (1.20ns)   --->   "%add_ln30_2 = add i32 %trunc_ln1, i32 %zext_ln30_1" [top.cpp:30->top.cpp:119]   --->   Operation 39 'add' 'add_ln30_2' <Predicate = true> <Delay = 1.20> <CoreInst = "Adder">   --->   Core 1 'Adder' <Latency = 0> <II = 1> <Delay = 1.20> <FuncUnit> <Opcode : 'add' 'sub'> <InPorts = 2> <OutPorts = 1>
ST_3 : Operation 40 [1/1] (0.00ns)   --->   "%tmp_16 = bitselect i1 @_ssdm_op_BitSelect.i1.i32.i32, i32 %add_ln30_2, i32 31" [top.cpp:30->top.cpp:119]   --->   Operation 40 'bitselect' 'tmp_16' <Predicate = true> <Delay = 0.00>
ST_3 : Operation 41 [1/1] (0.00ns) (grouped into LUT with out node and_ln30)   --->   "%xor_ln30 = xor i1 %tmp_16, i1 1" [top.cpp:30->top.cpp:119]   --->   Operation 41 'xor' 'xor_ln30' <Predicate = true> <Delay = 0.00> <CoreInst = "LogicGate">   --->   Core 74 'LogicGate' <Latency = 0> <II = 1> <Delay = 0.33> <FuncUnit> <Opcode : 'and' 'or' 'xor'> <InPorts = 2> <OutPorts = 1>
ST_3 : Operation 42 [1/1] (0.33ns) (out node of the LUT)   --->   "%and_ln30 = and i1 %tmp_14, i1 %xor_ln30" [top.cpp:30->top.cpp:119]   --->   Operation 42 'and' 'and_ln30' <Predicate = true> <Delay = 0.33> <CoreInst = "LogicGate">   --->   Core 74 'LogicGate' <Latency = 0> <II = 1> <Delay = 0.33> <FuncUnit> <Opcode : 'and' 'or' 'xor'> <InPorts = 2> <OutPorts = 1>
ST_3 : Operation 43 [1/1] (0.33ns)   --->   "%xor_ln30_1 = xor i1 %tmp_14, i1 1" [top.cpp:30->top.cpp:119]   --->   Operation 43 'xor' 'xor_ln30_1' <Predicate = true> <Delay = 0.33> <CoreInst = "LogicGate">   --->   Core 74 'LogicGate' <Latency = 0> <II = 1> <Delay = 0.33> <FuncUnit> <Opcode : 'and' 'or' 'xor'> <InPorts = 2> <OutPorts = 1>
ST_3 : Operation 44 [1/1] (0.00ns) (grouped into LUT with out node and_ln30_1)   --->   "%or_ln30_2 = or i1 %tmp_16, i1 %xor_ln30_1" [top.cpp:30->top.cpp:119]   --->   Operation 44 'or' 'or_ln30_2' <Predicate = true> <Delay = 0.00> <CoreInst = "LogicGate">   --->   Core 74 'LogicGate' <Latency = 0> <II = 1> <Delay = 0.33> <FuncUnit> <Opcode : 'and' 'or' 'xor'> <InPorts = 2> <OutPorts = 1>
ST_3 : Operation 45 [1/1] (0.00ns) (grouped into LUT with out node and_ln30_1)   --->   "%xor_ln30_2 = xor i1 %tmp_14, i1 %or_ln30_2" [top.cpp:30->top.cpp:119]   --->   Operation 45 'xor' 'xor_ln30_2' <Predicate = true> <Delay = 0.00> <CoreInst = "LogicGate">   --->   Core 74 'LogicGate' <Latency = 0> <II = 1> <Delay = 0.33> <FuncUnit> <Opcode : 'and' 'or' 'xor'> <InPorts = 2> <OutPorts = 1>
ST_3 : Operation 46 [1/1] (0.00ns) (grouped into LUT with out node or_ln30_1)   --->   "%xor_ln30_4 = xor i1 %and_ln30, i1 %tmp_14" [top.cpp:30->top.cpp:119]   --->   Operation 46 'xor' 'xor_ln30_4' <Predicate = true> <Delay = 0.00> <CoreInst = "LogicGate">   --->   Core 74 'LogicGate' <Latency = 0> <II = 1> <Delay = 0.33> <FuncUnit> <Opcode : 'and' 'or' 'xor'> <InPorts = 2> <OutPorts = 1>
ST_3 : Operation 47 [1/1] (0.00ns) (grouped into LUT with out node and_ln30_1)   --->   "%xor_ln30_3 = xor i1 %xor_ln30_2, i1 1" [top.cpp:30->top.cpp:119]   --->   Operation 47 'xor' 'xor_ln30_3' <Predicate = true> <Delay = 0.00> <CoreInst = "LogicGate">   --->   Core 74 'LogicGate' <Latency = 0> <II = 1> <Delay = 0.33> <FuncUnit> <Opcode : 'and' 'or' 'xor'> <InPorts = 2> <OutPorts = 1>
ST_3 : Operation 48 [1/1] (0.00ns) (grouped into LUT with out node and_ln30_1)   --->   "%or_ln30 = or i1 %tmp_16, i1 %xor_ln30_3" [top.cpp:30->top.cpp:119]   --->   Operation 48 'or' 'or_ln30' <Predicate = true> <Delay = 0.00> <CoreInst = "LogicGate">   --->   Core 74 'LogicGate' <Latency = 0> <II = 1> <Delay = 0.33> <FuncUnit> <Opcode : 'and' 'or' 'xor'> <InPorts = 2> <OutPorts = 1>
ST_3 : Operation 49 [1/1] (0.33ns) (out node of the LUT)   --->   "%and_ln30_1 = and i1 %or_ln30, i1 %xor_ln30_1" [top.cpp:30->top.cpp:119]   --->   Operation 49 'and' 'and_ln30_1' <Predicate = true> <Delay = 0.33> <CoreInst = "LogicGate">   --->   Core 74 'LogicGate' <Latency = 0> <II = 1> <Delay = 0.33> <FuncUnit> <Opcode : 'and' 'or' 'xor'> <InPorts = 2> <OutPorts = 1>
ST_3 : Operation 50 [1/1] (0.00ns) (grouped into LUT with out node or_ln30_1)   --->   "%and_ln30_2 = and i1 %tmp_16, i1 %xor_ln30_4" [top.cpp:30->top.cpp:119]   --->   Operation 50 'and' 'and_ln30_2' <Predicate = true> <Delay = 0.00> <CoreInst = "LogicGate">   --->   Core 74 'LogicGate' <Latency = 0> <II = 1> <Delay = 0.33> <FuncUnit> <Opcode : 'and' 'or' 'xor'> <InPorts = 2> <OutPorts = 1>
ST_3 : Operation 51 [1/1] (0.00ns) (grouped into LUT with out node or_ln30_1)   --->   "%or_ln30_3 = or i1 %and_ln30, i1 %and_ln30_2" [top.cpp:30->top.cpp:119]   --->   Operation 51 'or' 'or_ln30_3' <Predicate = true> <Delay = 0.00> <CoreInst = "LogicGate">   --->   Core 74 'LogicGate' <Latency = 0> <II = 1> <Delay = 0.33> <FuncUnit> <Opcode : 'and' 'or' 'xor'> <InPorts = 2> <OutPorts = 1>
ST_3 : Operation 52 [1/1] (0.00ns) (grouped into LUT with out node or_ln30_1)   --->   "%xor_ln30_5 = xor i1 %or_ln30_3, i1 1" [top.cpp:30->top.cpp:119]   --->   Operation 52 'xor' 'xor_ln30_5' <Predicate = true> <Delay = 0.00> <CoreInst = "LogicGate">   --->   Core 74 'LogicGate' <Latency = 0> <II = 1> <Delay = 0.33> <FuncUnit> <Opcode : 'and' 'or' 'xor'> <InPorts = 2> <OutPorts = 1>
ST_3 : Operation 53 [1/1] (0.00ns) (grouped into LUT with out node or_ln30_1)   --->   "%and_ln30_3 = and i1 %tmp_14, i1 %xor_ln30_5" [top.cpp:30->top.cpp:119]   --->   Operation 53 'and' 'and_ln30_3' <Predicate = true> <Delay = 0.00> <CoreInst = "LogicGate">   --->   Core 74 'LogicGate' <Latency = 0> <II = 1> <Delay = 0.33> <FuncUnit> <Opcode : 'and' 'or' 'xor'> <InPorts = 2> <OutPorts = 1>
ST_3 : Operation 54 [1/1] (0.00ns) (grouped into LUT with out node select_ln30_1)   --->   "%select_ln30 = select i1 %and_ln30_1, i32 2147483647, i32 2147483648" [top.cpp:30->top.cpp:119]   --->   Operation 54 'select' 'select_ln30' <Predicate = true> <Delay = 0.00> <CoreInst = "Sel">   --->   Core 73 'Sel' <Latency = 0> <II = 1> <Delay = 0.52> <FuncUnit> <Opcode : 'select'> <InPorts = 3> <OutPorts = 1>
ST_3 : Operation 55 [1/1] (0.33ns) (out node of the LUT)   --->   "%or_ln30_1 = or i1 %and_ln30_1, i1 %and_ln30_3" [top.cpp:30->top.cpp:119]   --->   Operation 55 'or' 'or_ln30_1' <Predicate = true> <Delay = 0.33> <CoreInst = "LogicGate">   --->   Core 74 'LogicGate' <Latency = 0> <II = 1> <Delay = 0.33> <FuncUnit> <Opcode : 'and' 'or' 'xor'> <InPorts = 2> <OutPorts = 1>
ST_3 : Operation 56 [1/1] (0.52ns) (out node of the LUT)   --->   "%select_ln30_1 = select i1 %or_ln30_1, i32 %select_ln30, i32 %add_ln30_2" [top.cpp:30->top.cpp:119]   --->   Operation 56 'select' 'select_ln30_1' <Predicate = true> <Delay = 0.52> <CoreInst = "Sel">   --->   Core 73 'Sel' <Latency = 0> <II = 1> <Delay = 0.52> <FuncUnit> <Opcode : 'select'> <InPorts = 3> <OutPorts = 1>
ST_3 : Operation 57 [1/1] (0.00ns)   --->   "%s0_addr = getelementptr i32 %s0, i64 0, i64 %zext_ln28" [top.cpp:30->top.cpp:119]   --->   Operation 57 'getelementptr' 's0_addr' <Predicate = true> <Delay = 0.00>
ST_3 : Operation 58 [1/1] ( I:1.35ns O:1.35ns )   --->   "%store_ln30 = store i32 %select_ln30_1, i16 %s0_addr" [top.cpp:30->top.cpp:119]   --->   Operation 58 'store' 'store_ln30' <Predicate = true> <Delay = 1.35> <CoreInst = "RAM">   --->   Core 82 'RAM' <Latency = 1> <II = 1> <Delay = 1.35> <Storage> <Opcode : 'load' 'store'> <Ports = 2> <Width = 32> <Depth = 65536> <RAM>
ST_3 : Operation 59 [1/1] (0.00ns)   --->   "%br_ln28 = br void %_ZN8ap_fixedILi36ELi12EL9ap_q_mode0EL9ap_o_mode0ELi0EEC2ILi32ELi10ELb1ELS0_0ELS1_0ELi0EEERK13ap_fixed_baseIXT_EXT0_EXT1_EXT2_EXT3_EXT4_EE.exit.i" [top.cpp:28->top.cpp:119]   --->   Operation 59 'br' 'br_ln28' <Predicate = true> <Delay = 0.00>


============================================================
+ Verbose Summary: Binding
============================================================
STG Binding: 
---------------- STG Properties BEGIN ----------------
- Is combinational: 0
- Is one-state seq: 0
- Is datapath-only: 0
- Is pipelined: 0
- Is top level: 0
Port [ Return ] is wired: 1; IO mode=ap_ctrl_hs:ce=0
Port [ in_r]:  wired=1; compound=1; hidden=0; nouse=0; global=0; static=0; extern=0; dir=0; type=4; pingpong=0; private_global=0; IO mode=m_axi:ce=0
Port [ sext_ln28]:  wired=1; compound=0; hidden=0; nouse=0; global=0; static=0; extern=0; dir=0; type=0; pingpong=0; private_global=0; IO mode=ap_none:ce=0
Port [ s0]:  wired=1; compound=1; hidden=0; nouse=0; global=1; static=1; extern=0; dir=1; type=1; pingpong=0; private_global=0; MemPort=[03]; IO mode=ap_memory:ce=0
---------------- STG Properties END ------------------

---------------- Datapath Model BEGIN ----------------

<LifeTime>
<method=bitvector/>
k                      (alloca           ) [ 0100]
sext_ln28_read         (read             ) [ 0000]
sext_ln28_cast         (sext             ) [ 0110]
specinterface_ln0      (specinterface    ) [ 0000]
store_ln28             (store            ) [ 0000]
br_ln0                 (br               ) [ 0000]
k_1                    (load             ) [ 0111]
specbitsmap_ln0        (specbitsmap      ) [ 0000]
icmp_ln28              (icmp             ) [ 0110]
add_ln28               (add              ) [ 0000]
br_ln28                (br               ) [ 0000]
store_ln28             (store            ) [ 0000]
in_r_addr              (getelementptr    ) [ 0000]
in_r_addr_read         (read             ) [ 0000]
trunc_ln30_1           (partselect       ) [ 0101]
tmp                    (bitselect        ) [ 0101]
zext_ln28              (zext             ) [ 0000]
specpipeline_ln29      (specpipeline     ) [ 0000]
speclooptripcount_ln28 (speclooptripcount) [ 0000]
specloopname_ln28      (specloopname     ) [ 0000]
sext_ln30              (sext             ) [ 0000]
zext_ln30              (zext             ) [ 0000]
add_ln30               (add              ) [ 0000]
trunc_ln30             (trunc            ) [ 0000]
p_shl                  (bitconcatenate   ) [ 0000]
tmp_13                 (bitconcatenate   ) [ 0000]
sext_ln30_1            (sext             ) [ 0000]
sub_ln30               (sub              ) [ 0000]
add_ln30_1             (add              ) [ 0000]
tmp_14                 (bitselect        ) [ 0000]
trunc_ln1              (partselect       ) [ 0000]
tmp_15                 (bitselect        ) [ 0000]
zext_ln30_1            (zext             ) [ 0000]
add_ln30_2             (add              ) [ 0000]
tmp_16                 (bitselect        ) [ 0000]
xor_ln30               (xor              ) [ 0000]
and_ln30               (and              ) [ 0000]
xor_ln30_1             (xor              ) [ 0000]
or_ln30_2              (or               ) [ 0000]
xor_ln30_2             (xor              ) [ 0000]
xor_ln30_4             (xor              ) [ 0000]
xor_ln30_3             (xor              ) [ 0000]
or_ln30                (or               ) [ 0000]
and_ln30_1             (and              ) [ 0000]
and_ln30_2             (and              ) [ 0000]
or_ln30_3              (or               ) [ 0000]
xor_ln30_5             (xor              ) [ 0000]
and_ln30_3             (and              ) [ 0000]
select_ln30            (select           ) [ 0000]
or_ln30_1              (or               ) [ 0000]
select_ln30_1          (select           ) [ 0000]
s0_addr                (getelementptr    ) [ 0000]
store_ln30             (store            ) [ 0000]
br_ln28                (br               ) [ 0000]
ret_ln0                (ret              ) [ 0000]
</LifeTime>

<model>

<comp_list>
<comp id="0" class="1000" name="in_r">
<pin_list>
<pin id="1" dir="1" index="0" bw="1" slack="0"/>
</pin_list>
<bind>
<StgValue><ssdm name="in_r"/><MemPortTyVec>0 </MemPortTyVec>
</StgValue>
</bind>
</comp>

<comp id="2" class="1000" name="sext_ln28">
<pin_list>
<pin id="3" dir="1" index="0" bw="1" slack="0"/>
</pin_list>
<bind>
<StgValue><ssdm name="sext_ln28"/></StgValue>
</bind>
</comp>

<comp id="4" class="1000" name="s0">
<pin_list>
<pin id="5" dir="1" index="0" bw="1" slack="0"/>
</pin_list>
<bind>
<StgValue><ssdm name="s0"/><MemPortTyVec>0 3 </MemPortTyVec>
</StgValue>
</bind>
</comp>

<comp id="6" class="1001" name="const_6">
<pin_list>
<pin id="7" dir="1" index="0" bw="1" slack="0"/>
</pin_list>
<bind>
<StgValue><ssdm name=""/></StgValue>
</bind>
</comp>

<comp id="8" class="1001" name="const_8">
<pin_list>
<pin id="9" dir="1" index="0" bw="1" slack="0"/>
</pin_list>
<bind>
<StgValue><ssdm name="_ssdm_op_Read.ap_auto.i62"/></StgValue>
</bind>
</comp>

<comp id="10" class="1001" name="const_10">
<pin_list>
<pin id="11" dir="1" index="0" bw="1" slack="2147483647"/>
</pin_list>
<bind>
<StgValue><ssdm name="_ssdm_op_SpecInterface"/></StgValue>
</bind>
</comp>

<comp id="12" class="1001" name="const_12">
<pin_list>
<pin id="13" dir="1" index="0" bw="1" slack="2147483647"/>
</pin_list>
<bind>
<StgValue><ssdm name="empty_4"/></StgValue>
</bind>
</comp>

<comp id="14" class="1001" name="const_14">
<pin_list>
<pin id="15" dir="1" index="0" bw="1" slack="2147483647"/>
</pin_list>
<bind>
<StgValue><ssdm name=""/></StgValue>
</bind>
</comp>

<comp id="16" class="1001" name="const_16">
<pin_list>
<pin id="17" dir="1" index="0" bw="1" slack="2147483647"/>
</pin_list>
<bind>
<StgValue><ssdm name="empty_13"/></StgValue>
</bind>
</comp>

<comp id="18" class="1001" name="const_18">
<pin_list>
<pin id="19" dir="1" index="0" bw="1" slack="2147483647"/>
</pin_list>
<bind>
<StgValue><ssdm name="empty_14"/></StgValue>
</bind>
</comp>

<comp id="20" class="1001" name="const_20">
<pin_list>
<pin id="21" dir="1" index="0" bw="1" slack="2147483647"/>
</pin_list>
<bind>
<StgValue><ssdm name="empty_12"/></StgValue>
</bind>
</comp>

<comp id="22" class="1001" name="const_22">
<pin_list>
<pin id="23" dir="1" index="0" bw="1" slack="2147483647"/>
</pin_list>
<bind>
<StgValue><ssdm name=""/></StgValue>
</bind>
</comp>

<comp id="24" class="1001" name="const_24">
<pin_list>
<pin id="25" dir="1" index="0" bw="1" slack="2147483647"/>
</pin_list>
<bind>
<StgValue><ssdm name=""/></StgValue>
</bind>
</comp>

<comp id="26" class="1001" name="const_26">
<pin_list>
<pin id="27" dir="1" index="0" bw="1" slack="0"/>
</pin_list>
<bind>
<StgValue><ssdm name=""/></StgValue>
</bind>
</comp>

<comp id="28" class="1001" name="const_28">
<pin_list>
<pin id="29" dir="1" index="0" bw="1" slack="2147483647"/>
</pin_list>
<bind>
<StgValue><ssdm name="_ssdm_op_SpecBitsMap"/></StgValue>
</bind>
</comp>

<comp id="30" class="1001" name="const_30">
<pin_list>
<pin id="31" dir="1" index="0" bw="1" slack="0"/>
</pin_list>
<bind>
<StgValue><ssdm name=""/></StgValue>
</bind>
</comp>

<comp id="32" class="1001" name="const_32">
<pin_list>
<pin id="33" dir="1" index="0" bw="1" slack="0"/>
</pin_list>
<bind>
<StgValue><ssdm name=""/></StgValue>
</bind>
</comp>

<comp id="34" class="1001" name="const_34">
<pin_list>
<pin id="35" dir="1" index="0" bw="1" slack="0"/>
</pin_list>
<bind>
<StgValue><ssdm name="_ssdm_op_Read.m_axi.p1i32"/></StgValue>
</bind>
</comp>

<comp id="36" class="1001" name="const_36">
<pin_list>
<pin id="37" dir="1" index="0" bw="1" slack="0"/>
</pin_list>
<bind>
<StgValue><ssdm name="_ssdm_op_PartSelect.i30.i32.i32.i32"/></StgValue>
</bind>
</comp>

<comp id="38" class="1001" name="const_38">
<pin_list>
<pin id="39" dir="1" index="0" bw="1" slack="0"/>
</pin_list>
<bind>
<StgValue><ssdm name=""/></StgValue>
</bind>
</comp>

<comp id="40" class="1001" name="const_40">
<pin_list>
<pin id="41" dir="1" index="0" bw="1" slack="0"/>
</pin_list>
<bind>
<StgValue><ssdm name=""/></StgValue>
</bind>
</comp>

<comp id="42" class="1001" name="const_42">
<pin_list>
<pin id="43" dir="1" index="0" bw="1" slack="0"/>
</pin_list>
<bind>
<StgValue><ssdm name="_ssdm_op_BitSelect.i1.i32.i32"/></StgValue>
</bind>
</comp>

<comp id="44" class="1001" name="const_44">
<pin_list>
<pin id="45" dir="1" index="0" bw="1" slack="2147483647"/>
</pin_list>
<bind>
<StgValue><ssdm name="_ssdm_op_SpecPipeline"/></StgValue>
</bind>
</comp>

<comp id="46" class="1001" name="const_46">
<pin_list>
<pin id="47" dir="1" index="0" bw="1" slack="2147483647"/>
</pin_list>
<bind>
<StgValue><ssdm name="_ssdm_op_SpecLoopTripCount"/></StgValue>
</bind>
</comp>

<comp id="48" class="1001" name="const_48">
<pin_list>
<pin id="49" dir="1" index="0" bw="1" slack="2147483647"/>
</pin_list>
<bind>
<StgValue><ssdm name=""/></StgValue>
</bind>
</comp>

<comp id="50" class="1001" name="const_50">
<pin_list>
<pin id="51" dir="1" index="0" bw="1" slack="2147483647"/>
</pin_list>
<bind>
<StgValue><ssdm name="_ssdm_op_SpecLoopName"/></StgValue>
</bind>
</comp>

<comp id="52" class="1001" name="const_52">
<pin_list>
<pin id="53" dir="1" index="0" bw="1" slack="2147483647"/>
</pin_list>
<bind>
<StgValue><ssdm name="empty_6"/></StgValue>
</bind>
</comp>

<comp id="54" class="1001" name="const_54">
<pin_list>
<pin id="55" dir="1" index="0" bw="1" slack="0"/>
</pin_list>
<bind>
<StgValue><ssdm name="_ssdm_op_BitConcatenate.i54.i30.i24"/></StgValue>
</bind>
</comp>

<comp id="56" class="1001" name="const_56">
<pin_list>
<pin id="57" dir="1" index="0" bw="1" slack="0"/>
</pin_list>
<bind>
<StgValue><ssdm name=""/></StgValue>
</bind>
</comp>

<comp id="58" class="1001" name="const_58">
<pin_list>
<pin id="59" dir="1" index="0" bw="1" slack="0"/>
</pin_list>
<bind>
<StgValue><ssdm name="_ssdm_op_BitConcatenate.i52.i31.i21"/></StgValue>
</bind>
</comp>

<comp id="60" class="1001" name="const_60">
<pin_list>
<pin id="61" dir="1" index="0" bw="1" slack="0"/>
</pin_list>
<bind>
<StgValue><ssdm name=""/></StgValue>
</bind>
</comp>

<comp id="62" class="1001" name="const_62">
<pin_list>
<pin id="63" dir="1" index="0" bw="1" slack="0"/>
</pin_list>
<bind>
<StgValue><ssdm name=""/></StgValue>
</bind>
</comp>

<comp id="64" class="1001" name="const_64">
<pin_list>
<pin id="65" dir="1" index="0" bw="1" slack="0"/>
</pin_list>
<bind>
<StgValue><ssdm name="_ssdm_op_BitSelect.i1.i54.i32"/></StgValue>
</bind>
</comp>

<comp id="66" class="1001" name="const_66">
<pin_list>
<pin id="67" dir="1" index="0" bw="1" slack="0"/>
</pin_list>
<bind>
<StgValue><ssdm name=""/></StgValue>
</bind>
</comp>

<comp id="68" class="1001" name="const_68">
<pin_list>
<pin id="69" dir="1" index="0" bw="1" slack="0"/>
</pin_list>
<bind>
<StgValue><ssdm name="_ssdm_op_PartSelect.i32.i54.i32.i32"/></StgValue>
</bind>
</comp>

<comp id="70" class="1001" name="const_70">
<pin_list>
<pin id="71" dir="1" index="0" bw="1" slack="0"/>
</pin_list>
<bind>
<StgValue><ssdm name=""/></StgValue>
</bind>
</comp>

<comp id="72" class="1001" name="const_72">
<pin_list>
<pin id="73" dir="1" index="0" bw="1" slack="0"/>
</pin_list>
<bind>
<StgValue><ssdm name=""/></StgValue>
</bind>
</comp>

<comp id="74" class="1001" name="const_74">
<pin_list>
<pin id="75" dir="1" index="0" bw="1" slack="0"/>
</pin_list>
<bind>
<StgValue><ssdm name=""/></StgValue>
</bind>
</comp>

<comp id="76" class="1001" name="const_76">
<pin_list>
<pin id="77" dir="1" index="0" bw="1" slack="0"/>
</pin_list>
<bind>
<StgValue><ssdm name=""/></StgValue>
</bind>
</comp>

<comp id="78" class="1001" name="const_78">
<pin_list>
<pin id="79" dir="1" index="0" bw="1" slack="0"/>
</pin_list>
<bind>
<StgValue><ssdm name=""/></StgValue>
</bind>
</comp>

<comp id="80" class="1001" name="const_80">
<pin_list>
<pin id="81" dir="1" index="0" bw="1" slack="0"/>
</pin_list>
<bind>
<StgValue><ssdm name=""/></StgValue>
</bind>
</comp>

<comp id="82" class="1004" name="k_fu_82">
<pin_list>
<pin id="83" dir="0" index="0" bw="1" slack="0"/>
<pin id="84" dir="1" index="1" bw="17" slack="0"/>
</pin_list>
<bind>
<opcode="alloca(26) " fcode="alloca"/>
<opset="k/1 "/>
</bind>
</comp>

<comp id="86" class="1004" name="sext_ln28_read_read_fu_86">
<pin_list>
<pin id="87" dir="0" index="0" bw="62" slack="0"/>
<pin id="88" dir="0" index="1" bw="62" slack="0"/>
<pin id="89" dir="1" index="2" bw="62" slack="0"/>
</pin_list>
<bind>
<opcode="read(1150) " fcode="read"/>
<opset="sext_ln28_read/1 "/>
</bind>
</comp>

<comp id="92" class="1004" name="s0_addr_gep_fu_92">
<pin_list>
<pin id="93" dir="0" index="0" bw="32" slack="0"/>
<pin id="94" dir="0" index="1" bw="1" slack="0"/>
<pin id="95" dir="0" index="2" bw="17" slack="0"/>
<pin id="96" dir="1" index="3" bw="16" slack="0"/>
</pin_list>
<bind>
<opcode="getelementptr(29) " fcode="getelementptr"/>
<opset="s0_addr/3 "/>
</bind>
</comp>

<comp id="99" class="1004" name="store_ln30_access_fu_99">
<pin_list>
<pin id="100" dir="0" index="0" bw="16" slack="0"/>
<pin id="101" dir="0" index="1" bw="32" slack="0"/>
<pin id="102" dir="0" index="2" bw="0" slack="2147483647"/>
<pin id="103" dir="1" index="3" bw="32" slack="2147483647"/>
</pin_list>
<bind>
<opcode="store(28) " fcode="store"/>
<opset="store_ln30/3 "/>
</bind>
</comp>

<comp id="105" class="1004" name="in_r_addr_read_read_fu_105">
<pin_list>
<pin id="106" dir="0" index="0" bw="32" slack="0"/>
<pin id="107" dir="0" index="1" bw="32" slack="0"/>
<pin id="108" dir="1" index="2" bw="32" slack="0"/>
</pin_list>
<bind>
<opcode="read(1150) " fcode="read"/>
<opset="in_r_addr_read/2 "/>
</bind>
</comp>

<comp id="110" class="1004" name="sext_ln28_cast_fu_110">
<pin_list>
<pin id="111" dir="0" index="0" bw="62" slack="0"/>
<pin id="112" dir="1" index="1" bw="64" slack="1"/>
</pin_list>
<bind>
<opcode="sext(35) " fcode="sext"/>
<opset="sext_ln28_cast/1 "/>
</bind>
</comp>

<comp id="114" class="1004" name="store_ln28_store_fu_114">
<pin_list>
<pin id="115" dir="0" index="0" bw="1" slack="0"/>
<pin id="116" dir="0" index="1" bw="17" slack="0"/>
<pin id="117" dir="1" index="2" bw="0" slack="2147483647"/>
</pin_list>
<bind>
<opcode="store(28) " fcode="store"/>
<opset="store_ln28/1 "/>
</bind>
</comp>

<comp id="119" class="1004" name="k_1_load_fu_119">
<pin_list>
<pin id="120" dir="0" index="0" bw="17" slack="0"/>
<pin id="121" dir="1" index="1" bw="17" slack="0"/>
</pin_list>
<bind>
<opcode="load(27) " fcode="load"/>
<opset="k_1/1 "/>
</bind>
</comp>

<comp id="122" class="1004" name="icmp_ln28_fu_122">
<pin_list>
<pin id="123" dir="0" index="0" bw="17" slack="0"/>
<pin id="124" dir="0" index="1" bw="17" slack="0"/>
<pin id="125" dir="1" index="2" bw="1" slack="1"/>
</pin_list>
<bind>
<opcode="icmp(45) " fcode="icmp"/>
<opset="icmp_ln28/1 "/>
</bind>
</comp>

<comp id="128" class="1004" name="add_ln28_fu_128">
<pin_list>
<pin id="129" dir="0" index="0" bw="17" slack="0"/>
<pin id="130" dir="0" index="1" bw="1" slack="0"/>
<pin id="131" dir="1" index="2" bw="17" slack="0"/>
</pin_list>
<bind>
<opcode="add(8) " fcode="add"/>
<opset="add_ln28/1 "/>
</bind>
</comp>

<comp id="134" class="1004" name="store_ln28_store_fu_134">
<pin_list>
<pin id="135" dir="0" index="0" bw="17" slack="0"/>
<pin id="136" dir="0" index="1" bw="17" slack="0"/>
<pin id="137" dir="1" index="2" bw="0" slack="2147483647"/>
</pin_list>
<bind>
<opcode="store(28) " fcode="store"/>
<opset="store_ln28/1 "/>
</bind>
</comp>

<comp id="139" class="1004" name="in_r_addr_fu_139">
<pin_list>
<pin id="140" dir="0" index="0" bw="32" slack="0"/>
<pin id="141" dir="0" index="1" bw="62" slack="1"/>
<pin id="142" dir="1" index="2" bw="32" slack="0"/>
</pin_list>
<bind>
<opcode="getelementptr(29) " fcode="getelementptr"/>
<opset="in_r_addr/2 "/>
</bind>
</comp>

<comp id="145" class="1004" name="trunc_ln30_1_fu_145">
<pin_list>
<pin id="146" dir="0" index="0" bw="30" slack="0"/>
<pin id="147" dir="0" index="1" bw="32" slack="0"/>
<pin id="148" dir="0" index="2" bw="3" slack="0"/>
<pin id="149" dir="0" index="3" bw="6" slack="0"/>
<pin id="150" dir="1" index="4" bw="30" slack="1"/>
</pin_list>
<bind>
<opcode="partselect(1002) " fcode="partselect"/>
<opset="trunc_ln30_1/2 "/>
</bind>
</comp>

<comp id="155" class="1004" name="tmp_fu_155">
<pin_list>
<pin id="156" dir="0" index="0" bw="1" slack="0"/>
<pin id="157" dir="0" index="1" bw="32" slack="0"/>
<pin id="158" dir="0" index="2" bw="1" slack="0"/>
<pin id="159" dir="1" index="3" bw="1" slack="1"/>
</pin_list>
<bind>
<opcode="bitselect(1000) " fcode="bitselect"/>
<opset="tmp/2 "/>
</bind>
</comp>

<comp id="163" class="1004" name="zext_ln28_fu_163">
<pin_list>
<pin id="164" dir="0" index="0" bw="17" slack="2"/>
<pin id="165" dir="1" index="1" bw="64" slack="0"/>
</pin_list>
<bind>
<opcode="zext(34) " fcode="zext"/>
<opset="zext_ln28/3 "/>
</bind>
</comp>

<comp id="167" class="1004" name="sext_ln30_fu_167">
<pin_list>
<pin id="168" dir="0" index="0" bw="30" slack="1"/>
<pin id="169" dir="1" index="1" bw="31" slack="0"/>
</pin_list>
<bind>
<opcode="sext(35) " fcode="sext"/>
<opset="sext_ln30/3 "/>
</bind>
</comp>

<comp id="170" class="1004" name="zext_ln30_fu_170">
<pin_list>
<pin id="171" dir="0" index="0" bw="1" slack="1"/>
<pin id="172" dir="1" index="1" bw="31" slack="0"/>
</pin_list>
<bind>
<opcode="zext(34) " fcode="zext"/>
<opset="zext_ln30/3 "/>
</bind>
</comp>

<comp id="173" class="1004" name="add_ln30_fu_173">
<pin_list>
<pin id="174" dir="0" index="0" bw="30" slack="0"/>
<pin id="175" dir="0" index="1" bw="1" slack="0"/>
<pin id="176" dir="1" index="2" bw="31" slack="0"/>
</pin_list>
<bind>
<opcode="add(8) " fcode="add"/>
<opset="add_ln30/3 "/>
</bind>
</comp>

<comp id="179" class="1004" name="trunc_ln30_fu_179">
<pin_list>
<pin id="180" dir="0" index="0" bw="31" slack="0"/>
<pin id="181" dir="1" index="1" bw="30" slack="0"/>
</pin_list>
<bind>
<opcode="trunc(33) " fcode="trunc"/>
<opset="trunc_ln30/3 "/>
</bind>
</comp>

<comp id="183" class="1004" name="p_shl_fu_183">
<pin_list>
<pin id="184" dir="0" index="0" bw="54" slack="0"/>
<pin id="185" dir="0" index="1" bw="30" slack="0"/>
<pin id="186" dir="0" index="2" bw="1" slack="0"/>
<pin id="187" dir="1" index="3" bw="54" slack="0"/>
</pin_list>
<bind>
<opcode="bitconcatenate(1004) " fcode="bitconcatenate"/>
<opset="p_shl/3 "/>
</bind>
</comp>

<comp id="191" class="1004" name="tmp_13_fu_191">
<pin_list>
<pin id="192" dir="0" index="0" bw="52" slack="0"/>
<pin id="193" dir="0" index="1" bw="31" slack="0"/>
<pin id="194" dir="0" index="2" bw="1" slack="0"/>
<pin id="195" dir="1" index="3" bw="52" slack="0"/>
</pin_list>
<bind>
<opcode="bitconcatenate(1004) " fcode="bitconcatenate"/>
<opset="tmp_13/3 "/>
</bind>
</comp>

<comp id="199" class="1004" name="sext_ln30_1_fu_199">
<pin_list>
<pin id="200" dir="0" index="0" bw="52" slack="0"/>
<pin id="201" dir="1" index="1" bw="54" slack="0"/>
</pin_list>
<bind>
<opcode="sext(35) " fcode="sext"/>
<opset="sext_ln30_1/3 "/>
</bind>
</comp>

<comp id="203" class="1004" name="sub_ln30_fu_203">
<pin_list>
<pin id="204" dir="0" index="0" bw="54" slack="0"/>
<pin id="205" dir="0" index="1" bw="52" slack="0"/>
<pin id="206" dir="1" index="2" bw="54" slack="0"/>
</pin_list>
<bind>
<opcode="sub(10) " fcode="sub"/>
<opset="sub_ln30/3 "/>
</bind>
</comp>

<comp id="209" class="1004" name="add_ln30_1_fu_209">
<pin_list>
<pin id="210" dir="0" index="0" bw="54" slack="0"/>
<pin id="211" dir="0" index="1" bw="47" slack="0"/>
<pin id="212" dir="1" index="2" bw="54" slack="0"/>
</pin_list>
<bind>
<opcode="add(8) " fcode="add"/>
<opset="add_ln30_1/3 "/>
</bind>
</comp>

<comp id="215" class="1004" name="tmp_14_fu_215">
<pin_list>
<pin id="216" dir="0" index="0" bw="1" slack="0"/>
<pin id="217" dir="0" index="1" bw="54" slack="0"/>
<pin id="218" dir="0" index="2" bw="7" slack="0"/>
<pin id="219" dir="1" index="3" bw="1" slack="0"/>
</pin_list>
<bind>
<opcode="bitselect(1000) " fcode="bitselect"/>
<opset="tmp_14/3 "/>
</bind>
</comp>

<comp id="223" class="1004" name="trunc_ln1_fu_223">
<pin_list>
<pin id="224" dir="0" index="0" bw="32" slack="0"/>
<pin id="225" dir="0" index="1" bw="54" slack="0"/>
<pin id="226" dir="0" index="2" bw="6" slack="0"/>
<pin id="227" dir="0" index="3" bw="7" slack="0"/>
<pin id="228" dir="1" index="4" bw="32" slack="0"/>
</pin_list>
<bind>
<opcode="partselect(1002) " fcode="partselect"/>
<opset="trunc_ln1/3 "/>
</bind>
</comp>

<comp id="233" class="1004" name="tmp_15_fu_233">
<pin_list>
<pin id="234" dir="0" index="0" bw="1" slack="0"/>
<pin id="235" dir="0" index="1" bw="54" slack="0"/>
<pin id="236" dir="0" index="2" bw="6" slack="0"/>
<pin id="237" dir="1" index="3" bw="1" slack="0"/>
</pin_list>
<bind>
<opcode="bitselect(1000) " fcode="bitselect"/>
<opset="tmp_15/3 "/>
</bind>
</comp>

<comp id="241" class="1004" name="zext_ln30_1_fu_241">
<pin_list>
<pin id="242" dir="0" index="0" bw="1" slack="0"/>
<pin id="243" dir="1" index="1" bw="32" slack="0"/>
</pin_list>
<bind>
<opcode="zext(34) " fcode="zext"/>
<opset="zext_ln30_1/3 "/>
</bind>
</comp>

<comp id="245" class="1004" name="add_ln30_2_fu_245">
<pin_list>
<pin id="246" dir="0" index="0" bw="32" slack="0"/>
<pin id="247" dir="0" index="1" bw="1" slack="0"/>
<pin id="248" dir="1" index="2" bw="32" slack="0"/>
</pin_list>
<bind>
<opcode="add(8) " fcode="add"/>
<opset="add_ln30_2/3 "/>
</bind>
</comp>

<comp id="251" class="1004" name="tmp_16_fu_251">
<pin_list>
<pin id="252" dir="0" index="0" bw="1" slack="0"/>
<pin id="253" dir="0" index="1" bw="32" slack="0"/>
<pin id="254" dir="0" index="2" bw="6" slack="0"/>
<pin id="255" dir="1" index="3" bw="1" slack="0"/>
</pin_list>
<bind>
<opcode="bitselect(1000) " fcode="bitselect"/>
<opset="tmp_16/3 "/>
</bind>
</comp>

<comp id="259" class="1004" name="xor_ln30_fu_259">
<pin_list>
<pin id="260" dir="0" index="0" bw="1" slack="0"/>
<pin id="261" dir="0" index="1" bw="1" slack="0"/>
<pin id="262" dir="1" index="2" bw="1" slack="0"/>
</pin_list>
<bind>
<opcode="xor(25) " fcode="xor"/>
<opset="xor_ln30/3 "/>
</bind>
</comp>

<comp id="265" class="1004" name="and_ln30_fu_265">
<pin_list>
<pin id="266" dir="0" index="0" bw="1" slack="0"/>
<pin id="267" dir="0" index="1" bw="1" slack="0"/>
<pin id="268" dir="1" index="2" bw="1" slack="0"/>
</pin_list>
<bind>
<opcode="and(23) " fcode="and"/>
<opset="and_ln30/3 "/>
</bind>
</comp>

<comp id="271" class="1004" name="xor_ln30_1_fu_271">
<pin_list>
<pin id="272" dir="0" index="0" bw="1" slack="0"/>
<pin id="273" dir="0" index="1" bw="1" slack="0"/>
<pin id="274" dir="1" index="2" bw="1" slack="0"/>
</pin_list>
<bind>
<opcode="xor(25) " fcode="xor"/>
<opset="xor_ln30_1/3 "/>
</bind>
</comp>

<comp id="277" class="1004" name="or_ln30_2_fu_277">
<pin_list>
<pin id="278" dir="0" index="0" bw="1" slack="0"/>
<pin id="279" dir="0" index="1" bw="1" slack="0"/>
<pin id="280" dir="1" index="2" bw="1" slack="0"/>
</pin_list>
<bind>
<opcode="or(24) " fcode="or"/>
<opset="or_ln30_2/3 "/>
</bind>
</comp>

<comp id="283" class="1004" name="xor_ln30_2_fu_283">
<pin_list>
<pin id="284" dir="0" index="0" bw="1" slack="0"/>
<pin id="285" dir="0" index="1" bw="1" slack="0"/>
<pin id="286" dir="1" index="2" bw="1" slack="0"/>
</pin_list>
<bind>
<opcode="xor(25) " fcode="xor"/>
<opset="xor_ln30_2/3 "/>
</bind>
</comp>

<comp id="289" class="1004" name="xor_ln30_4_fu_289">
<pin_list>
<pin id="290" dir="0" index="0" bw="1" slack="0"/>
<pin id="291" dir="0" index="1" bw="1" slack="0"/>
<pin id="292" dir="1" index="2" bw="1" slack="0"/>
</pin_list>
<bind>
<opcode="xor(25) " fcode="xor"/>
<opset="xor_ln30_4/3 "/>
</bind>
</comp>

<comp id="295" class="1004" name="xor_ln30_3_fu_295">
<pin_list>
<pin id="296" dir="0" index="0" bw="1" slack="0"/>
<pin id="297" dir="0" index="1" bw="1" slack="0"/>
<pin id="298" dir="1" index="2" bw="1" slack="0"/>
</pin_list>
<bind>
<opcode="xor(25) " fcode="xor"/>
<opset="xor_ln30_3/3 "/>
</bind>
</comp>

<comp id="301" class="1004" name="or_ln30_fu_301">
<pin_list>
<pin id="302" dir="0" index="0" bw="1" slack="0"/>
<pin id="303" dir="0" index="1" bw="1" slack="0"/>
<pin id="304" dir="1" index="2" bw="1" slack="0"/>
</pin_list>
<bind>
<opcode="or(24) " fcode="or"/>
<opset="or_ln30/3 "/>
</bind>
</comp>

<comp id="307" class="1004" name="and_ln30_1_fu_307">
<pin_list>
<pin id="308" dir="0" index="0" bw="1" slack="0"/>
<pin id="309" dir="0" index="1" bw="1" slack="0"/>
<pin id="310" dir="1" index="2" bw="1" slack="0"/>
</pin_list>
<bind>
<opcode="and(23) " fcode="and"/>
<opset="and_ln30_1/3 "/>
</bind>
</comp>

<comp id="313" class="1004" name="and_ln30_2_fu_313">
<pin_list>
<pin id="314" dir="0" index="0" bw="1" slack="0"/>
<pin id="315" dir="0" index="1" bw="1" slack="0"/>
<pin id="316" dir="1" index="2" bw="1" slack="0"/>
</pin_list>
<bind>
<opcode="and(23) " fcode="and"/>
<opset="and_ln30_2/3 "/>
</bind>
</comp>

<comp id="319" class="1004" name="or_ln30_3_fu_319">
<pin_list>
<pin id="320" dir="0" index="0" bw="1" slack="0"/>
<pin id="321" dir="0" index="1" bw="1" slack="0"/>
<pin id="322" dir="1" index="2" bw="1" slack="0"/>
</pin_list>
<bind>
<opcode="or(24) " fcode="or"/>
<opset="or_ln30_3/3 "/>
</bind>
</comp>

<comp id="325" class="1004" name="xor_ln30_5_fu_325">
<pin_list>
<pin id="326" dir="0" index="0" bw="1" slack="0"/>
<pin id="327" dir="0" index="1" bw="1" slack="0"/>
<pin id="328" dir="1" index="2" bw="1" slack="0"/>
</pin_list>
<bind>
<opcode="xor(25) " fcode="xor"/>
<opset="xor_ln30_5/3 "/>
</bind>
</comp>

<comp id="331" class="1004" name="and_ln30_3_fu_331">
<pin_list>
<pin id="332" dir="0" index="0" bw="1" slack="0"/>
<pin id="333" dir="0" index="1" bw="1" slack="0"/>
<pin id="334" dir="1" index="2" bw="1" slack="0"/>
</pin_list>
<bind>
<opcode="and(23) " fcode="and"/>
<opset="and_ln30_3/3 "/>
</bind>
</comp>

<comp id="337" class="1004" name="select_ln30_fu_337">
<pin_list>
<pin id="338" dir="0" index="0" bw="1" slack="0"/>
<pin id="339" dir="0" index="1" bw="32" slack="0"/>
<pin id="340" dir="0" index="2" bw="32" slack="0"/>
<pin id="341" dir="1" index="3" bw="32" slack="0"/>
</pin_list>
<bind>
<opcode="select(49) " fcode="select"/>
<opset="select_ln30/3 "/>
</bind>
</comp>

<comp id="345" class="1004" name="or_ln30_1_fu_345">
<pin_list>
<pin id="346" dir="0" index="0" bw="1" slack="0"/>
<pin id="347" dir="0" index="1" bw="1" slack="0"/>
<pin id="348" dir="1" index="2" bw="1" slack="0"/>
</pin_list>
<bind>
<opcode="or(24) " fcode="or"/>
<opset="or_ln30_1/3 "/>
</bind>
</comp>

<comp id="351" class="1004" name="select_ln30_1_fu_351">
<pin_list>
<pin id="352" dir="0" index="0" bw="1" slack="0"/>
<pin id="353" dir="0" index="1" bw="32" slack="0"/>
<pin id="354" dir="0" index="2" bw="32" slack="0"/>
<pin id="355" dir="1" index="3" bw="32" slack="0"/>
</pin_list>
<bind>
<opcode="select(49) " fcode="select"/>
<opset="select_ln30_1/3 "/>
</bind>
</comp>

<comp id="360" class="1005" name="k_reg_360">
<pin_list>
<pin id="361" dir="0" index="0" bw="17" slack="0"/>
<pin id="362" dir="1" index="1" bw="17" slack="0"/>
</pin_list>
<bind>
<opset="k "/>
</bind>
</comp>

<comp id="367" class="1005" name="sext_ln28_cast_reg_367">
<pin_list>
<pin id="368" dir="0" index="0" bw="64" slack="1"/>
<pin id="369" dir="1" index="1" bw="64" slack="1"/>
</pin_list>
<bind>
<opset="sext_ln28_cast "/>
</bind>
</comp>

<comp id="372" class="1005" name="k_1_reg_372">
<pin_list>
<pin id="373" dir="0" index="0" bw="17" slack="2"/>
<pin id="374" dir="1" index="1" bw="17" slack="2"/>
</pin_list>
<bind>
<opset="k_1 "/>
</bind>
</comp>

<comp id="377" class="1005" name="icmp_ln28_reg_377">
<pin_list>
<pin id="378" dir="0" index="0" bw="1" slack="1"/>
<pin id="379" dir="1" index="1" bw="1" slack="2147483647"/>
</pin_list>
<bind>
<opset="icmp_ln28 "/>
</bind>
</comp>

<comp id="381" class="1005" name="trunc_ln30_1_reg_381">
<pin_list>
<pin id="382" dir="0" index="0" bw="30" slack="1"/>
<pin id="383" dir="1" index="1" bw="30" slack="1"/>
</pin_list>
<bind>
<opset="trunc_ln30_1 "/>
</bind>
</comp>

<comp id="386" class="1005" name="tmp_reg_386">
<pin_list>
<pin id="387" dir="0" index="0" bw="1" slack="1"/>
<pin id="388" dir="1" index="1" bw="1" slack="1"/>
</pin_list>
<bind>
<opset="tmp "/>
</bind>
</comp>

</comp_list>

<net_list>
<net id="85"><net_src comp="6" pin="0"/><net_sink comp="82" pin=0"/></net>

<net id="90"><net_src comp="8" pin="0"/><net_sink comp="86" pin=0"/></net>

<net id="91"><net_src comp="2" pin="0"/><net_sink comp="86" pin=1"/></net>

<net id="97"><net_src comp="4" pin="0"/><net_sink comp="92" pin=0"/></net>

<net id="98"><net_src comp="80" pin="0"/><net_sink comp="92" pin=1"/></net>

<net id="104"><net_src comp="92" pin="3"/><net_sink comp="99" pin=0"/></net>

<net id="109"><net_src comp="34" pin="0"/><net_sink comp="105" pin=0"/></net>

<net id="113"><net_src comp="86" pin="2"/><net_sink comp="110" pin=0"/></net>

<net id="118"><net_src comp="26" pin="0"/><net_sink comp="114" pin=0"/></net>

<net id="126"><net_src comp="119" pin="1"/><net_sink comp="122" pin=0"/></net>

<net id="127"><net_src comp="30" pin="0"/><net_sink comp="122" pin=1"/></net>

<net id="132"><net_src comp="119" pin="1"/><net_sink comp="128" pin=0"/></net>

<net id="133"><net_src comp="32" pin="0"/><net_sink comp="128" pin=1"/></net>

<net id="138"><net_src comp="128" pin="2"/><net_sink comp="134" pin=0"/></net>

<net id="143"><net_src comp="0" pin="0"/><net_sink comp="139" pin=0"/></net>

<net id="144"><net_src comp="139" pin="2"/><net_sink comp="105" pin=1"/></net>

<net id="151"><net_src comp="36" pin="0"/><net_sink comp="145" pin=0"/></net>

<net id="152"><net_src comp="105" pin="2"/><net_sink comp="145" pin=1"/></net>

<net id="153"><net_src comp="38" pin="0"/><net_sink comp="145" pin=2"/></net>

<net id="154"><net_src comp="40" pin="0"/><net_sink comp="145" pin=3"/></net>

<net id="160"><net_src comp="42" pin="0"/><net_sink comp="155" pin=0"/></net>

<net id="161"><net_src comp="105" pin="2"/><net_sink comp="155" pin=1"/></net>

<net id="162"><net_src comp="6" pin="0"/><net_sink comp="155" pin=2"/></net>

<net id="166"><net_src comp="163" pin="1"/><net_sink comp="92" pin=2"/></net>

<net id="177"><net_src comp="167" pin="1"/><net_sink comp="173" pin=0"/></net>

<net id="178"><net_src comp="170" pin="1"/><net_sink comp="173" pin=1"/></net>

<net id="182"><net_src comp="173" pin="2"/><net_sink comp="179" pin=0"/></net>

<net id="188"><net_src comp="54" pin="0"/><net_sink comp="183" pin=0"/></net>

<net id="189"><net_src comp="179" pin="1"/><net_sink comp="183" pin=1"/></net>

<net id="190"><net_src comp="56" pin="0"/><net_sink comp="183" pin=2"/></net>

<net id="196"><net_src comp="58" pin="0"/><net_sink comp="191" pin=0"/></net>

<net id="197"><net_src comp="173" pin="2"/><net_sink comp="191" pin=1"/></net>

<net id="198"><net_src comp="60" pin="0"/><net_sink comp="191" pin=2"/></net>

<net id="202"><net_src comp="191" pin="3"/><net_sink comp="199" pin=0"/></net>

<net id="207"><net_src comp="183" pin="3"/><net_sink comp="203" pin=0"/></net>

<net id="208"><net_src comp="199" pin="1"/><net_sink comp="203" pin=1"/></net>

<net id="213"><net_src comp="203" pin="2"/><net_sink comp="209" pin=0"/></net>

<net id="214"><net_src comp="62" pin="0"/><net_sink comp="209" pin=1"/></net>

<net id="220"><net_src comp="64" pin="0"/><net_sink comp="215" pin=0"/></net>

<net id="221"><net_src comp="209" pin="2"/><net_sink comp="215" pin=1"/></net>

<net id="222"><net_src comp="66" pin="0"/><net_sink comp="215" pin=2"/></net>

<net id="229"><net_src comp="68" pin="0"/><net_sink comp="223" pin=0"/></net>

<net id="230"><net_src comp="209" pin="2"/><net_sink comp="223" pin=1"/></net>

<net id="231"><net_src comp="70" pin="0"/><net_sink comp="223" pin=2"/></net>

<net id="232"><net_src comp="66" pin="0"/><net_sink comp="223" pin=3"/></net>

<net id="238"><net_src comp="64" pin="0"/><net_sink comp="233" pin=0"/></net>

<net id="239"><net_src comp="209" pin="2"/><net_sink comp="233" pin=1"/></net>

<net id="240"><net_src comp="72" pin="0"/><net_sink comp="233" pin=2"/></net>

<net id="244"><net_src comp="233" pin="3"/><net_sink comp="241" pin=0"/></net>

<net id="249"><net_src comp="223" pin="4"/><net_sink comp="245" pin=0"/></net>

<net id="250"><net_src comp="241" pin="1"/><net_sink comp="245" pin=1"/></net>

<net id="256"><net_src comp="42" pin="0"/><net_sink comp="251" pin=0"/></net>

<net id="257"><net_src comp="245" pin="2"/><net_sink comp="251" pin=1"/></net>

<net id="258"><net_src comp="40" pin="0"/><net_sink comp="251" pin=2"/></net>

<net id="263"><net_src comp="251" pin="3"/><net_sink comp="259" pin=0"/></net>

<net id="264"><net_src comp="74" pin="0"/><net_sink comp="259" pin=1"/></net>

<net id="269"><net_src comp="215" pin="3"/><net_sink comp="265" pin=0"/></net>

<net id="270"><net_src comp="259" pin="2"/><net_sink comp="265" pin=1"/></net>

<net id="275"><net_src comp="215" pin="3"/><net_sink comp="271" pin=0"/></net>

<net id="276"><net_src comp="74" pin="0"/><net_sink comp="271" pin=1"/></net>

<net id="281"><net_src comp="251" pin="3"/><net_sink comp="277" pin=0"/></net>

<net id="282"><net_src comp="271" pin="2"/><net_sink comp="277" pin=1"/></net>

<net id="287"><net_src comp="215" pin="3"/><net_sink comp="283" pin=0"/></net>

<net id="288"><net_src comp="277" pin="2"/><net_sink comp="283" pin=1"/></net>

<net id="293"><net_src comp="265" pin="2"/><net_sink comp="289" pin=0"/></net>

<net id="294"><net_src comp="215" pin="3"/><net_sink comp="289" pin=1"/></net>

<net id="299"><net_src comp="283" pin="2"/><net_sink comp="295" pin=0"/></net>

<net id="300"><net_src comp="74" pin="0"/><net_sink comp="295" pin=1"/></net>

<net id="305"><net_src comp="251" pin="3"/><net_sink comp="301" pin=0"/></net>

<net id="306"><net_src comp="295" pin="2"/><net_sink comp="301" pin=1"/></net>

<net id="311"><net_src comp="301" pin="2"/><net_sink comp="307" pin=0"/></net>

<net id="312"><net_src comp="271" pin="2"/><net_sink comp="307" pin=1"/></net>

<net id="317"><net_src comp="251" pin="3"/><net_sink comp="313" pin=0"/></net>

<net id="318"><net_src comp="289" pin="2"/><net_sink comp="313" pin=1"/></net>

<net id="323"><net_src comp="265" pin="2"/><net_sink comp="319" pin=0"/></net>

<net id="324"><net_src comp="313" pin="2"/><net_sink comp="319" pin=1"/></net>

<net id="329"><net_src comp="319" pin="2"/><net_sink comp="325" pin=0"/></net>

<net id="330"><net_src comp="74" pin="0"/><net_sink comp="325" pin=1"/></net>

<net id="335"><net_src comp="215" pin="3"/><net_sink comp="331" pin=0"/></net>

<net id="336"><net_src comp="325" pin="2"/><net_sink comp="331" pin=1"/></net>

<net id="342"><net_src comp="307" pin="2"/><net_sink comp="337" pin=0"/></net>

<net id="343"><net_src comp="76" pin="0"/><net_sink comp="337" pin=1"/></net>

<net id="344"><net_src comp="78" pin="0"/><net_sink comp="337" pin=2"/></net>

<net id="349"><net_src comp="307" pin="2"/><net_sink comp="345" pin=0"/></net>

<net id="350"><net_src comp="331" pin="2"/><net_sink comp="345" pin=1"/></net>

<net id="356"><net_src comp="345" pin="2"/><net_sink comp="351" pin=0"/></net>

<net id="357"><net_src comp="337" pin="3"/><net_sink comp="351" pin=1"/></net>

<net id="358"><net_src comp="245" pin="2"/><net_sink comp="351" pin=2"/></net>

<net id="359"><net_src comp="351" pin="3"/><net_sink comp="99" pin=1"/></net>

<net id="363"><net_src comp="82" pin="1"/><net_sink comp="360" pin=0"/></net>

<net id="364"><net_src comp="360" pin="1"/><net_sink comp="114" pin=1"/></net>

<net id="365"><net_src comp="360" pin="1"/><net_sink comp="119" pin=0"/></net>

<net id="366"><net_src comp="360" pin="1"/><net_sink comp="134" pin=1"/></net>

<net id="370"><net_src comp="110" pin="1"/><net_sink comp="367" pin=0"/></net>

<net id="371"><net_src comp="367" pin="1"/><net_sink comp="139" pin=1"/></net>

<net id="375"><net_src comp="119" pin="1"/><net_sink comp="372" pin=0"/></net>

<net id="376"><net_src comp="372" pin="1"/><net_sink comp="163" pin=0"/></net>

<net id="380"><net_src comp="122" pin="2"/><net_sink comp="377" pin=0"/></net>

<net id="384"><net_src comp="145" pin="4"/><net_sink comp="381" pin=0"/></net>

<net id="385"><net_src comp="381" pin="1"/><net_sink comp="167" pin=0"/></net>

<net id="389"><net_src comp="155" pin="3"/><net_sink comp="386" pin=0"/></net>

<net id="390"><net_src comp="386" pin="1"/><net_sink comp="170" pin=0"/></net>

</net_list>

</model> 
---------------- Datapath Model END ------------------

* FSMD analyzer results:
  - Output states:
	Port: s0 | {3 }
 - Input state : 
	Port: top_kernel_Pipeline_VITIS_LOOP_28_1 : in_r | {2 }
	Port: top_kernel_Pipeline_VITIS_LOOP_28_1 : sext_ln28 | {1 }
  - Chain level:
	State 1
		store_ln28 : 1
		k_1 : 1
		icmp_ln28 : 2
		add_ln28 : 2
		br_ln28 : 3
		store_ln28 : 3
	State 2
		in_r_addr_read : 1
		trunc_ln30_1 : 1
		tmp : 1
	State 3
		add_ln30 : 1
		trunc_ln30 : 2
		p_shl : 3
		tmp_13 : 2
		sext_ln30_1 : 3
		sub_ln30 : 4
		add_ln30_1 : 5
		tmp_14 : 6
		trunc_ln1 : 6
		tmp_15 : 6
		zext_ln30_1 : 7
		add_ln30_2 : 8
		tmp_16 : 9
		xor_ln30 : 10
		and_ln30 : 10
		xor_ln30_1 : 7
		or_ln30_2 : 10
		xor_ln30_2 : 10
		xor_ln30_4 : 10
		xor_ln30_3 : 10
		or_ln30 : 10
		and_ln30_1 : 10
		and_ln30_2 : 10
		or_ln30_3 : 10
		xor_ln30_5 : 10
		and_ln30_3 : 10
		select_ln30 : 10
		or_ln30_1 : 10
		select_ln30_1 : 10
		s0_addr : 1
		store_ln30 : 11


============================================================
+ Verbose Summary: Datapath Resource usage 
============================================================

* Functional unit list:
|----------|----------------------------|---------|---------|
| Operation|       Functional Unit      |    FF   |   LUT   |
|----------|----------------------------|---------|---------|
|          |       add_ln28_fu_128      |    0    |    24   |
|    add   |       add_ln30_fu_173      |    0    |    37   |
|          |      add_ln30_1_fu_209     |    0    |    54   |
|          |      add_ln30_2_fu_245     |    0    |    39   |
|----------|----------------------------|---------|---------|
|  select  |     select_ln30_fu_337     |    0    |    32   |
|          |    select_ln30_1_fu_351    |    0    |    32   |
|----------|----------------------------|---------|---------|
|    sub   |       sub_ln30_fu_203      |    0    |    54   |
|----------|----------------------------|---------|---------|
|   icmp   |      icmp_ln28_fu_122      |    0    |    24   |
|----------|----------------------------|---------|---------|
|          |       xor_ln30_fu_259      |    0    |    2    |
|          |      xor_ln30_1_fu_271     |    0    |    2    |
|    xor   |      xor_ln30_2_fu_283     |    0    |    2    |
|          |      xor_ln30_4_fu_289     |    0    |    2    |
|          |      xor_ln30_3_fu_295     |    0    |    2    |
|          |      xor_ln30_5_fu_325     |    0    |    2    |
|----------|----------------------------|---------|---------|
|          |       and_ln30_fu_265      |    0    |    2    |
|    and   |      and_ln30_1_fu_307     |    0    |    2    |
|          |      and_ln30_2_fu_313     |    0    |    2    |
|          |      and_ln30_3_fu_331     |    0    |    2    |
|----------|----------------------------|---------|---------|
|          |      or_ln30_2_fu_277      |    0    |    2    |
|    or    |       or_ln30_fu_301       |    0    |    2    |
|          |      or_ln30_3_fu_319      |    0    |    2    |
|          |      or_ln30_1_fu_345      |    0    |    2    |
|----------|----------------------------|---------|---------|
|   read   |  sext_ln28_read_read_fu_86 |    0    |    0    |
|          | in_r_addr_read_read_fu_105 |    0    |    0    |
|----------|----------------------------|---------|---------|
|          |    sext_ln28_cast_fu_110   |    0    |    0    |
|   sext   |      sext_ln30_fu_167      |    0    |    0    |
|          |     sext_ln30_1_fu_199     |    0    |    0    |
|----------|----------------------------|---------|---------|
|partselect|     trunc_ln30_1_fu_145    |    0    |    0    |
|          |      trunc_ln1_fu_223      |    0    |    0    |
|----------|----------------------------|---------|---------|
|          |         tmp_fu_155         |    0    |    0    |
| bitselect|        tmp_14_fu_215       |    0    |    0    |
|          |        tmp_15_fu_233       |    0    |    0    |
|          |        tmp_16_fu_251       |    0    |    0    |
|----------|----------------------------|---------|---------|
|          |      zext_ln28_fu_163      |    0    |    0    |
|   zext   |      zext_ln30_fu_170      |    0    |    0    |
|          |     zext_ln30_1_fu_241     |    0    |    0    |
|----------|----------------------------|---------|---------|
|   trunc  |      trunc_ln30_fu_179     |    0    |    0    |
|----------|----------------------------|---------|---------|
|bitconcatenate|        p_shl_fu_183        |    0    |    0    |
|          |        tmp_13_fu_191       |    0    |    0    |
|----------|----------------------------|---------|---------|
|   Total  |                            |    0    |   324   |
|----------|----------------------------|---------|---------|

Memories:
N/A

* Register list:
+----------------------+--------+
|                      |   FF   |
+----------------------+--------+
|   icmp_ln28_reg_377  |    1   |
|      k_1_reg_372     |   17   |
|       k_reg_360      |   17   |
|sext_ln28_cast_reg_367|   64   |
|      tmp_reg_386     |    1   |
| trunc_ln30_1_reg_381 |   30   |
+----------------------+--------+
|         Total        |   130  |
+----------------------+--------+

* Multiplexer (MUX) list: 
|--------|------|------|------|--------|
|  Comp  |  Pin | Size |  BW  | S x BW |
|--------|------|------|------|--------|
|  Total |      |      |      |    0   |
|--------|------|------|------|--------|



* Summary:
+-----------+--------+--------+
|           |   FF   |   LUT  |
+-----------+--------+--------+
|  Function |    0   |   324  |
|   Memory  |    -   |    -   |
|Multiplexer|    -   |    -   |
|  Register |   130  |    -   |
+-----------+--------+--------+
|   Total   |   130  |   324  |
+-----------+--------+--------+
