

================================================================
== Vitis HLS Report for 'top_kernel_Pipeline_VITIS_LOOP_28_1'
================================================================
* Date:           Tue Mar 10 15:12:56 2026

* Version:        2025.1.1 (Build 6214317 on Sep 11 2025)
* Project:        project_1
* Solution:       hls (Vivado IP Flow Target)
* Product family: zynquplus
* Target device:  xczu3eg-sbva484-1-e


================================================================
== Performance Estimates
================================================================
+ Timing: 
    * Summary: 
    +--------+----------+----------+------------+
    |  Clock |  Target  | Estimated| Uncertainty|
    +--------+----------+----------+------------+
    |ap_clk  |  10.00 ns|  7.300 ns|     2.70 ns|
    +--------+----------+----------+------------+

+ Latency: 
    * Summary: 
    +---------+---------+----------+----------+-------+-------+------------------------------------------------+
    |  Latency (cycles) |  Latency (absolute) |    Interval   |                    Pipeline                    |
    |   min   |   max   |    min   |    max   |  min  |  max  |                      Type                      |
    +---------+---------+----------+----------+-------+-------+------------------------------------------------+
    |    65539|    65539|  0.655 ms|  0.655 ms|  65537|  65537|  loop auto-rewind stp (delay=0 clock cycles(s))|
    +---------+---------+----------+----------+-------+-------+------------------------------------------------+

    + Detail: 
        * Instance: 
        N/A

        * Loop: 
        +-------------------+---------+---------+----------+-----------+-----------+-------+----------+
        |                   |  Latency (cycles) | Iteration|  Initiation Interval  |  Trip |          |
        |     Loop Name     |   min   |   max   |  Latency |  achieved |   target  | Count | Pipelined|
        +-------------------+---------+---------+----------+-----------+-----------+-------+----------+
        |- VITIS_LOOP_28_1  |    65537|    65537|         3|          1|          1|  65536|       yes|
        +-------------------+---------+---------+----------+-----------+-----------+-------+----------+

============================================================
+ Verbose Summary: Synthesis Manager
============================================================
InlineROM: 1
ExposeGlobal: 0
============================================================
+ Verbose Summary: CDFG Model
============================================================
IsTopModel: 0
ResetActiveHigh: 1
IsCombinational: 0
IsDatapathOnly: 0
HasWiredReturn: 1
HasMFsm: 2
HasVarLatency: 1
IsPipeline: 0
IsRtlPipelined: 0
IsInstanceOverlapped: 0
IsDontTouch: 0
HasImplIP: 0
IsGatedGlobalClock: 0

+ Individual pipeline summary: 
  * Pipeline-0: initiation interval (II) = 1, depth = 3


============================================================
+ Verbose Summary: Schedule
============================================================
* Number of FSM states : 3
* Pipeline : 1
  Pipeline-0 : II = 1, D = 3, States = { 1 2 3 }
* Dataflow Pipeline: 0

* FSM state transitions: 
1 --> 2 
2 --> 3 
3 --> 

* FSM state operations: 

State 1 <SV = 0> <Delay = 2.00>
ST_1 : Operation 6 [1/1] (0.00ns)   --->   "%k = alloca i32 1" [top.cpp:28->top.cpp:119]   --->   Operation 6 'alloca' 'k' <Predicate = true> <Delay = 0.00>
ST_1 : Operation 7 [1/1] (0.00ns)   --->   "%sext_ln28_read = read i62 @_ssdm_op_Read.ap_auto.i62, i62 %sext_ln28"   --->   Operation 7 'read' 'sext_ln28_read' <Predicate = true> <Delay = 0.00>
ST_1 : Operation 8 [1/1] (0.00ns)   --->   "%sext_ln28_cast = sext i62 %sext_ln28_read"   --->   Operation 8 'sext' 'sext_ln28_cast' <Predicate = true> <Delay = 0.00>
ST_1 : Operation 9 [1/1] (0.00ns)   --->   "%specinterface_ln0 = specinterface void @_ssdm_op_SpecInterface, i32 %in_r, void @empty_4, i32 0, i32 0, void @empty_13, i32 0, i32 0, void @empty_14, void @empty_12, void @empty_13, i32 16, i32 16, i32 16, i32 16, void @empty_13, void @empty_13, i32 4294967295, i32 0, i32 0"   --->   Operation 9 'specinterface' 'specinterface_ln0' <Predicate = true> <Delay = 0.00>
ST_1 : Operation 10 [1/1] (0.48ns)   --->   "%store_ln28 = store i17 0, i17 %k" [top.cpp:28->top.cpp:119]   --->   Operation 10 'store' 'store_ln28' <Predicate = true> <Delay = 0.48>
ST_1 : Operation 11 [1/1] (0.00ns)   --->   "%br_ln0 = br void %_ZN8ap_fixedILi36ELi12EL9ap_q_mode0EL9ap_o_mode0ELi0EEC2ILi32ELi10ELb1ELS0_0ELS1_0ELi0EEERK13ap_fixed_baseIXT_EXT0_EXT1_EXT2_EXT3_EXT4_EE.exit.i"   --->   Operation 11 'br' 'br_ln0' <Predicate = true> <Delay = 0.00>
ST_1 : Operation 12 [1/1] (0.00ns)   --->   "%k_1 = load i17 %k" [top.cpp:28->top.cpp:119]   --->   Operation 12 'load' 'k_1' <Predicate = true> <Delay = 0.00>
ST_1 : Operation 13 [1/1] (0.00ns)   --->   "%specbitsmap_ln0 = specbitsmap void @_ssdm_op_SpecBitsMap, i32 %in_r"   --->   Operation 13 'specbitsmap' 'specbitsmap_ln0' <Predicate = true> <Delay = 0.00>
ST_1 : Operation 14 [1/1] (1.02ns)   --->   "%icmp_ln28 = icmp_eq  i17 %k_1, i17 65536" [top.cpp:28->top.cpp:119]   --->   Operation 14 'icmp' 'icmp_ln28' <Predicate = true> <Delay = 1.02> <CoreInst = "Cmp">   --->   Core 9 'Cmp' <Latency = 0> <II = 1> <Delay = 1.02> <FuncUnit> <Opcode : 'seteq' 'setne' 'setle' 'setge' 'setlt' 'setgt'> <InPorts = 2> <OutPorts = 1>
ST_1 : Operation 15 [1/1] (1.02ns)   --->   "%add_ln28 = add i17 %k_1, i17 1" [top.cpp:28->top.cpp:119]   --->   Operation 15 'add' 'add_ln28' <Predicate = true> <Delay = 1.02> <CoreInst = "Adder">   --->   Core 1 'Adder' <Latency = 0> <II = 1> <Delay = 1.02> <FuncUnit> <Opcode : 'add' 'sub'> <InPorts = 2> <OutPorts = 1>
ST_1 : Operation 16 [1/1] (0.00ns)   --->   "%br_ln28 = br i1 %icmp_ln28, void %_ZN8ap_fixedILi36ELi12EL9ap_q_mode0EL9ap_o_mode0ELi0EEC2ILi32ELi10ELb1ELS0_0ELS1_0ELi0EEERK13ap_fixed_baseIXT_EXT0_EXT1_EXT2_EXT3_EXT4_EE.exit.i.split, void %_Z2K0PK8ap_fixedILi32ELi6EL9ap_q_mode0EL9ap_o_mode0ELi0EEPS2_.exit.exitStub" [top.cpp:28->top.cpp:119]   --->   Operation 16 'br' 'br_ln28' <Predicate = true> <Delay = 0.00>
ST_1 : Operation 17 [1/1] (0.48ns)   --->   "%store_ln28 = store i17 %add_ln28, i17 %k" [top.cpp:28->top.cpp:119]   --->   Operation 17 'store' 'store_ln28' <Predicate = (!icmp_ln28)> <Delay = 0.48>

State 2 <SV = 1> <Delay = 7.30>
ST_2 : Operation 18 [1/1] (0.00ns)   --->   "%in_r_addr = getelementptr i32 %in_r, i64 %sext_ln28_cast" [top.cpp:28->top.cpp:119]   --->   Operation 18 'getelementptr' 'in_r_addr' <Predicate = true> <Delay = 0.00>
ST_2 : Operation 19 [1/1] (7.30ns)   --->   "%in_r_addr_read = read i32 @_ssdm_op_Read.m_axi.p1i32, i32 %in_r_addr" [top.cpp:30->top.cpp:119]   --->   Operation 19 'read' 'in_r_addr_read' <Predicate = true> <Delay = 7.30> <CoreInst = "m_axi">   --->   Core 119 'm_axi' <Latency = 3> <II = 1> <Delay = 1.00> <Adapter> <Opcode : 'read' 'write' 'readreq' 'writereq' 'writeresp'>
ST_2 : Operation 20 [1/1] (0.00ns)   --->   "%trunc_ln30_1 = partselect i30 @_ssdm_op_PartSelect.i30.i32.i32.i32, i32 %in_r_addr_read, i32 2, i32 31" [top.cpp:30->top.cpp:119]   --->   Operation 20 'partselect' 'trunc_ln30_1' <Predicate = true> <Delay = 0.00>
ST_2 : Operation 21 [1/1] (0.00ns)   --->   "%tmp = bitselect i1 @_ssdm_op_BitSelect.i1.i32.i32, i32 %in_r_addr_read, i32 1" [top.cpp:30->top.cpp:119]   --->   Operation 21 'bitselect' 'tmp' <Predicate = true> <Delay = 0.00>
ST_2 : Operation 60 [1/1] (0.48ns)   --->   "%ret_ln0 = ret"   --->   Operation 60 'ret' 'ret_ln0' <Predicate = (icmp_ln28)> <Delay = 0.48>

State 3 <SV = 2> <Delay = 5.88>
ST_3 : Operation 22 [1/1] (0.00ns)   --->   "%zext_ln28 = zext i17 %k_1" [top.cpp:28->top.cpp:119]   --->   Operation 22 'zext' 'zext_ln28' <Predicate = true> <Delay = 0.00>
ST_3 : Operation 23 [1/1] (0.00ns)   --->   "%specpipeline_ln29 = specpipeline void @_ssdm_op_SpecPipeline, i32 1, i32 0, i32 0, i32 0, void @empty_13" [top.cpp:29->top.cpp:119]   --->   Operation 23 'specpipeline' 'specpipeline_ln29' <Predicate = true> <Delay = 0.00>
ST_3 : Operation 24 [1/1] (0.00ns)   --->   "%speclooptripcount_ln28 = speclooptripcount void @_ssdm_op_SpecLoopTripCount, i64 65536, i64 65536, i64 65536" [top.cpp:28->top.cpp:119]   --->   Operation 24 'speclooptripcount' 'speclooptripcount_ln28' <Predicate = true> <Delay = 0.00>
ST_3 : Operation 25 [1/1] (0.00ns)   --->   "%specloopname_ln28 = specloopname void @_ssdm_op_SpecLoopName, void @empty_6" [top.cpp:28->top.cpp:119]   --->   Operation 25 'specloopname' 'specloopname_ln28' <Predicate = true> <Delay = 0.00>
ST_3 : Operation 26 [1/1] (0.00ns)   --->   "%sext_ln30 = sext i30 %trunc_ln30_1" [top.cpp:30->top.cpp:119]   --->   Operation 26 'sext' 'sext_ln30' <Predicate = true> <Delay = 0.00>
ST_3 : Operation 27 [1/1] (0.00ns)   --->   "%zext_ln30 = zext i1 %tmp" [top.cpp:30->top.cpp:119]   --->   Operation 27 'zext' 'zext_ln30' <Predicate = true> <Delay = 0.00>
ST_3 : Operation 28 [1/1] (1.17ns)   --->   "%add_ln30 = add i31 %sext_ln30, i31 %zext_ln30" [top.cpp:30->top.cpp:119]   --->   Operation 28 'add' 'add_ln30' <Predicate = true> <Delay = 1.17> <CoreInst = "Adder">   --->   Core 1 'Adder' <Latency = 0> <II = 1> <Delay = 1.17> <FuncUnit> <Opcode : 'add' 'sub'> <InPorts = 2> <OutPorts = 1>
ST_3 : Operation 29 [1/1] (0.00ns)   --->   "%trunc_ln30 = trunc i31 %add_ln30" [top.cpp:30->top.cpp:119]   --->   Operation 29 'trunc' 'trunc_ln30' <Predicate = true> <Delay = 0.00>
ST_3 : Operation 30 [1/1] (0.00ns)   --->   "%p_shl = bitconcatenate i54 @_ssdm_op_BitConcatenate.i54.i30.i24, i30 %trunc_ln30, i24 0" [top.cpp:30->top.cpp:119]   --->   Operation 30 'bitconcatenate' 'p_shl' <Predicate = true> <Delay = 0.00>
ST_3 : Operation 31 [1/1] (0.00ns)   --->   "%tmp_13 = bitconcatenate i52 @_ssdm_op_BitConcatenate.i52.i31.i21, i31 %add_ln30, i21 0" [top.cpp:30->top.cpp:119]   --->   Operation 31 'bitconcatenate' 'tmp_13' <Predicate = true> <Delay = 0.00>
ST_3 : Operation 32 [1/1] (0.00ns)   --->   "%sext_ln30_1 = sext i52 %tmp_13" [top.cpp:30->top.cpp:119]   --->   Operation 32 'sext' 'sext_ln30_1' <Predicate = true> <Delay = 0.00>
ST_3 : Operation 33 [1/1] (0.00ns) (grouped into TernaryAdder)   --->   "%sub_ln30 = sub i54 %p_shl, i54 %sext_ln30_1" [top.cpp:30->top.cpp:119]   --->   Operation 33 'sub' 'sub_ln30' <Predicate = true> <Delay = 0.00> <CoreInst = "TAddSub">   --->   Core 10 'TAddSub' <Latency = 0> <II = 1> <Delay = 0.48> <IPBlock> <Opcode : 'add' 'sub'> <InPorts = 3> <OutPorts = 1> <Sync> <CReg>
ST_3 : Operation 34 [1/1] (0.96ns) (root node of TernaryAdder)   --->   "%add_ln30_1 = add i54 %sub_ln30, i54 35184372088832" [top.cpp:30->top.cpp:119]   --->   Operation 34 'add' 'add_ln30_1' <Predicate = true> <Delay = 0.96> <CoreInst = "TAddSub">   --->   Core 10 'TAddSub' <Latency = 0> <II = 1> <Delay = 0.48> <IPBlock> <Opcode : 'add' 'sub'> <InPorts = 3> <OutPorts = 1> <Sync> <CReg>
ST_3 : Operation 35 [1/1] (0.00ns)   --->   "%tmp_14 = bitselect i1 @_ssdm_op_BitSelect.i1.i54.i32, i54 %add_ln30_1, i32 53" [top.cpp:30->top.cpp:119]   --->   Operation 35 'bitselect' 'tmp_14' <Predicate = true> <Delay = 0.00>
ST_3 : Operation 36 [1/1] (0.00ns)   --->   "%trunc_ln1 = partselect i32 @_ssdm_op_PartSelect.i32.i54.i32.i32, i54 %add_ln30_1, i32 22, i32 53" [top.cpp:30->top.cpp:119]   --->   Operation 36 'partselect' 'trunc_ln1' <Predicate = true> <Delay = 0.00>
ST_3 : Operation 37 [1/1] (0.00ns)   --->   "%tmp_15 = bitselect i1 @_ssdm_op_BitSelect.i1.i54.i32, i54 %add_ln30_1, i32 21" [top.cpp:30->top.cpp:119]   --->   Operation 37 'bitselect' 'tmp_15' <Predicate = true> <Delay = 0.00>
ST_3 : Operation 38 [1/1] (0.00ns)   --->   "%zext_ln30_1 = zext i1 %tmp_15" [top.cpp:30->top.cpp:119]   --->   Operation 38 'zext' 'zext_ln30_1' <Predicate = true> <Delay = 0.00>
ST_3 : Operation 39 [1/1] (1.20ns)   --->   "%add_ln30_2 = add i32 %trunc_ln1, i32 %zext_ln30_1" [top.cpp:30->top.cpp:119]   --->   Operation 39 'add' 'add_ln30_2' <Predicate = true> <Delay = 1.20> <CoreInst = "Adder">   --->   Core 1 'Adder' <Latency = 0> <II = 1> <Delay = 1.20> <FuncUnit> <Opcode : 'add' 'sub'> <InPorts = 2> <OutPorts = 1>
ST_3 : Operation 40 [1/1] (0.00ns)   --->   "%tmp_16 = bitselect i1 @_ssdm_op_BitSelect.i1.i32.i32, i32 %add_ln30_2, i32 31" [top.cpp:30->top.cpp:119]   --->   Operation 40 'bitselect' 'tmp_16' <Predicate = true> <Delay = 0.00>
ST_3 : Operation 41 [1/1] (0.00ns) (grouped into LUT with out node and_ln30)   --->   "%xor_ln30 = xor i1 %tmp_16, i1 1" [top.cpp:30->top.cpp:119]   --->   Operation 41 'xor' 'xor_ln30' <Predicate = true> <Delay = 0.00> <CoreInst = "LogicGate">   --->   Core 74 'LogicGate' <Latency = 0> <II = 1> <Delay = 0.33> <FuncUnit> <Opcode : 'and' 'or' 'xor'> <InPorts = 2> <OutPorts = 1>
ST_3 : Operation 42 [1/1] (0.33ns) (out node of the LUT)   --->   "%and_ln30 = and i1 %tmp_14, i1 %xor_ln30" [top.cpp:30->top.cpp:119]   --->   Operation 42 'and' 'and_ln30' <Predicate = true> <Delay = 0.33> <CoreInst = "LogicGate">   --->   Core 74 'LogicGate' <Latency = 0> <II = 1> <Delay = 0.33> <FuncUnit> <Opcode : 'and' 'or' 'xor'> <InPorts = 2> <OutPorts = 1>
ST_3 : Operation 43 [1/1] (0.33ns)   --->   "%xor_ln30_1 = xor i1 %tmp_14, i1 1" [top.cpp:30->top.cpp:119]   --->   Operation 43 'xor' 'xor_ln30_1' <Predicate = true> <Delay = 0.33> <CoreInst = "LogicGate">   --->   Core 74 'LogicGate' <Latency = 0> <II = 1> <Delay = 0.33> <FuncUnit> <Opcode : 'and' 'or' 'xor'> <InPorts = 2> <OutPorts = 1>
ST_3 : Operation 44 [1/1] (0.00ns) (grouped into LUT with out node and_ln30_1)   --->   "%or_ln30_2 = or i1 %tmp_16, i1 %xor_ln30_1" [top.cpp:30->top.cpp:119]   --->   Operation 44 'or' 'or_ln30_2' <Predicate = true> <Delay = 0.00> <CoreInst = "LogicGate">   --->   Core 74 'LogicGate' <Latency = 0> <II = 1> <Delay = 0.33> <FuncUnit> <Opcode : 'and' 'or' 'xor'> <InPorts = 2> <OutPorts = 1>
ST_3 : Operation 45 [1/1] (0.00ns) (grouped into LUT with out node and_ln30_1)   --->   "%xor_ln30_2 = xor i1 %tmp_14, i1 %or_ln30_2" [top.cpp:30->top.cpp:119]   --->   Operation 45 'xor' 'xor_ln30_2' <Predicate = true> <Delay = 0.00> <CoreInst = "LogicGate">   --->   Core 74 'LogicGate' <Latency = 0> <II = 1> <Delay = 0.33> <FuncUnit> <Opcode : 'and' 'or' 'xor'> <InPorts = 2> <OutPorts = 1>
ST_3 : Operation 46 [1/1] (0.00ns) (grouped into LUT with out node or_ln30_1)   --->   "%xor_ln30_4 = xor i1 %and_ln30, i1 %tmp_14" [top.cpp:30->top.cpp:119]   --->   Operation 46 'xor' 'xor_ln30_4' <Predicate = true> <Delay = 0.00> <CoreInst = "LogicGate">   --->   Core 74 'LogicGate' <Latency = 0> <II = 1> <Delay = 0.33> <FuncUnit> <Opcode : 'and' 'or' 'xor'> <InPorts = 2> <OutPorts = 1>
ST_3 : Operation 47 [1/1] (0.00ns) (grouped into LUT with out node and_ln30_1)   --->   "%xor_ln30_3 = xor i1 %xor_ln30_2, i1 1" [top.cpp:30->top.cpp:119]   --->   Operation 47 'xor' 'xor_ln30_3' <Predicate = true> <Delay = 0.00> <CoreInst = "LogicGate">   --->   Core 74 'LogicGate' <Latency = 0> <II = 1> <Delay = 0.33> <FuncUnit> <Opcode : 'and' 'or' 'xor'> <InPorts = 2> <OutPorts = 1>
ST_3 : Operation 48 [1/1] (0.00ns) (grouped into LUT with out node and_ln30_1)   --->   "%or_ln30 = or i1 %tmp_16, i1 %xor_ln30_3" [top.cpp:30->top.cpp:119]   --->   Operation 48 'or' 'or_ln30' <Predicate = true> <Delay = 0.00> <CoreInst = "LogicGate">   --->   Core 74 'LogicGate' <Latency = 0> <II = 1> <Delay = 0.33> <FuncUnit> <Opcode : 'and' 'or' 'xor'> <InPorts = 2> <OutPorts = 1>
ST_3 : Operation 49 [1/1] (0.33ns) (out node of the LUT)   --->   "%and_ln30_1 = and i1 %or_ln30, i1 %xor_ln30_1" [top.cpp:30->top.cpp:119]   --->   Operation 49 'and' 'and_ln30_1' <Predicate = true> <Delay = 0.33> <CoreInst = "LogicGate">   --->   Core 74 'LogicGate' <Latency = 0> <II = 1> <Delay = 0.33> <FuncUnit> <Opcode : 'and' 'or' 'xor'> <InPorts = 2> <OutPorts = 1>
ST_3 : Operation 50 [1/1] (0.00ns) (grouped into LUT with out node or_ln30_1)   --->   "%and_ln30_2 = and i1 %tmp_16, i1 %xor_ln30_4" [top.cpp:30->top.cpp:119]   --->   Operation 50 'and' 'and_ln30_2' <Predicate = true> <Delay = 0.00> <CoreInst = "LogicGate">   --->   Core 74 'LogicGate' <Latency = 0> <II = 1> <Delay = 0.33> <FuncUnit> <Opcode : 'and' 'or' 'xor'> <InPorts = 2> <OutPorts = 1>
ST_3 : Operation 51 [1/1] (0.00ns) (grouped into LUT with out node or_ln30_1)   --->   "%or_ln30_3 = or i1 %and_ln30, i1 %and_ln30_2" [top.cpp:30->top.cpp:119]   --->   Operation 51 'or' 'or_ln30_3' <Predicate = true> <Delay = 0.00> <CoreInst = "LogicGate">   --->   Core 74 'LogicGate' <Latency = 0> <II = 1> <Delay = 0.33> <FuncUnit> <Opcode : 'and' 'or' 'xor'> <InPorts = 2> <OutPorts = 1>
ST_3 : Operation 52 [1/1] (0.00ns) (grouped into LUT with out node or_ln30_1)   --->   "%xor_ln30_5 = xor i1 %or_ln30_3, i1 1" [top.cpp:30->top.cpp:119]   --->   Operation 52 'xor' 'xor_ln30_5' <Predicate = true> <Delay = 0.00> <CoreInst = "LogicGate">   --->   Core 74 'LogicGate' <Latency = 0> <II = 1> <Delay = 0.33> <FuncUnit> <Opcode : 'and' 'or' 'xor'> <InPorts = 2> <OutPorts = 1>
ST_3 : Operation 53 [1/1] (0.00ns) (grouped into LUT with out node or_ln30_1)   --->   "%and_ln30_3 = and i1 %tmp_14, i1 %xor_ln30_5" [top.cpp:30->top.cpp:119]   --->   Operation 53 'and' 'and_ln30_3' <Predicate = true> <Delay = 0.00> <CoreInst = "LogicGate">   --->   Core 74 'LogicGate' <Latency = 0> <II = 1> <Delay = 0.33> <FuncUnit> <Opcode : 'and' 'or' 'xor'> <InPorts = 2> <OutPorts = 1>
ST_3 : Operation 54 [1/1] (0.00ns) (grouped into LUT with out node select_ln30_1)   --->   "%select_ln30 = select i1 %and_ln30_1, i32 2147483647, i32 2147483648" [top.cpp:30->top.cpp:119]   --->   Operation 54 'select' 'select_ln30' <Predicate = true> <Delay = 0.00> <CoreInst = "Sel">   --->   Core 73 'Sel' <Latency = 0> <II = 1> <Delay = 0.52> <FuncUnit> <Opcode : 'select'> <InPorts = 3> <OutPorts = 1>
ST_3 : Operation 55 [1/1] (0.33ns) (out node of the LUT)   --->   "%or_ln30_1 = or i1 %and_ln30_1, i1 %and_ln30_3" [top.cpp:30->top.cpp:119]   --->   Operation 55 'or' 'or_ln30_1' <Predicate = true> <Delay = 0.33> <CoreInst = "LogicGate">   --->   Core 74 'LogicGate' <Latency = 0> <II = 1> <Delay = 0.33> <FuncUnit> <Opcode : 'and' 'or' 'xor'> <InPorts = 2> <OutPorts = 1>
ST_3 : Operation 56 [1/1] (0.52ns) (out node of the LUT)   --->   "%select_ln30_1 = select i1 %or_ln30_1, i32 %select_ln30, i32 %add_ln30_2" [top.cpp:30->top.cpp:119]   --->   Operation 56 'select' 'select_ln30_1' <Predicate = true> <Delay = 0.52> <CoreInst = "Sel">   --->   Core 73 'Sel' <Latency = 0> <II = 1> <Delay = 0.52> <FuncUnit> <Opcode : 'select'> <InPorts = 3> <OutPorts = 1>
ST_3 : Operation 57 [1/1] (0.00ns)   --->   "%s0_addr = getelementptr i32 %s0, i64 0, i64 %zext_ln28" [top.cpp:30->top.cpp:119]   --->   Operation 57 'getelementptr' 's0_addr' <Predicate = true> <Delay = 0.00>
ST_3 : Operation 58 [1/1] ( I:1.35ns O:1.35ns )   --->   "%store_ln30 = store i32 %select_ln30_1, i16 %s0_addr" [top.cpp:30->top.cpp:119]   --->   Operation 58 'store' 'store_ln30' <Predicate = true> <Delay = 1.35> <CoreInst = "RAM">   --->   Core 82 'RAM' <Latency = 1> <II = 1> <Delay = 1.35> <Storage> <Opcode : 'load' 'store'> <Ports = 2> <Width = 32> <Depth = 65536> <RAM>
ST_3 : Operation 59 [1/1] (0.00ns)   --->   "%br_ln28 = br void %_ZN8ap_fixedILi36ELi12EL9ap_q_mode0EL9ap_o_mode0ELi0EEC2ILi32ELi10ELb1ELS0_0ELS1_0ELi0EEERK13ap_fixed_baseIXT_EXT0_EXT1_EXT2_EXT3_EXT4_EE.exit.i" [top.cpp:28->top.cpp:119]   --->   Operation 59 'br' 'br_ln28' <Predicate = true> <Delay = 0.00>


============================================================
+ Verbose Summary: Timing violations
============================================================
Target clock period: 10.000ns, clock uncertainty: 2.700ns.

 <State 1>: 2.006ns
The critical path consists of the following:
	'store' operation 0 bit ('store_ln28', top.cpp:28->top.cpp:119) of constant 0 on local variable 'k', top.cpp:28->top.cpp:119 [8]  (0.489 ns)
	'load' operation 17 bit ('k', top.cpp:28->top.cpp:119) on local variable 'k', top.cpp:28->top.cpp:119 [11]  (0.000 ns)
	'add' operation 17 bit ('add_ln28', top.cpp:28->top.cpp:119) [14]  (1.028 ns)
	'store' operation 0 bit ('store_ln28', top.cpp:28->top.cpp:119) of variable 'add_ln28', top.cpp:28->top.cpp:119 on local variable 'k', top.cpp:28->top.cpp:119 [58]  (0.489 ns)

 <State 2>: 7.300ns
The critical path consists of the following:
	'getelementptr' operation 32 bit ('in_r_addr', top.cpp:28->top.cpp:119) [17]  (0.000 ns)
	bus read operation ('in_r_addr_read', top.cpp:30->top.cpp:119) on port 'in_r' (top.cpp:30->top.cpp:119) [22]  (7.300 ns)

 <State 3>: 5.888ns
The critical path consists of the following:
	'add' operation 31 bit ('add_ln30', top.cpp:30->top.cpp:119) [27]  (1.180 ns)
	'sub' operation 54 bit ('sub_ln30', top.cpp:30->top.cpp:119) [32]  (0.000 ns)
	'add' operation 54 bit ('add_ln30_1', top.cpp:30->top.cpp:119) [33]  (0.966 ns)
	'add' operation 32 bit ('add_ln30_2', top.cpp:30->top.cpp:119) [38]  (1.203 ns)
	'or' operation 1 bit ('or_ln30', top.cpp:30->top.cpp:119) [47]  (0.000 ns)
	'and' operation 1 bit ('and_ln30_1', top.cpp:30->top.cpp:119) [48]  (0.331 ns)
	'or' operation 1 bit ('or_ln30_1', top.cpp:30->top.cpp:119) [54]  (0.331 ns)
	'select' operation 32 bit ('select_ln30_1', top.cpp:30->top.cpp:119) [55]  (0.525 ns)
	'store' operation 0 bit ('store_ln30', top.cpp:30->top.cpp:119) of variable 'select_ln30_1', top.cpp:30->top.cpp:119 on array 's0' [57]  (1.352 ns)


============================================================
+ Verbose Summary: Binding
============================================================
N/A
* FSMD analyzer results:
  - Output states:
 - Input state : 
  - Chain level:
	State 1
	State 2
	State 3


============================================================
+ Verbose Summary: Datapath Resource usage 
============================================================
N/A
