Copyright 1986-2022 Xilinx, Inc. All Rights Reserved. Copyright 2022-2025 Advanced Micro Devices, Inc. All Rights Reserved.
---------------------------------------------------------------------------------------------------------------------------------------------
| Tool Version : Vivado v.2025.1.1 (lin64) Build 6233196 Thu Sep 11 21:27:11 MDT 2025
| Date         : Mon Mar 30 22:55:40 2026
| Host         : ece-linlabsrv01 running 64-bit Red Hat Enterprise Linux release 8.10 (Ootpa)
| Command      : report_control_sets -verbose -file bd_0_wrapper_control_sets_placed.rpt
| Design       : bd_0_wrapper
| Device       : xczu3eg
---------------------------------------------------------------------------------------------------------------------------------------------

Control Set Information

Table of Contents
-----------------
1. Summary
2. Histogram
3. Flip-Flop Distribution
4. Detailed Control Set Information

1. Summary
----------

+----------------------------------------------------------+-------+
|                          Status                          | Count |
+----------------------------------------------------------+-------+
| Total control sets                                       |   272 |
|    Minimum number of control sets                        |   266 |
|    Addition due to synthesis replication                 |     0 |
|    Addition due to physical synthesis replication        |     6 |
| Unused register locations in slices containing registers |   293 |
+----------------------------------------------------------+-------+
* Control sets can be merged at opt_design using control_set_merge or merge_equivalent_drivers
** Run report_qor_suggestions for automated merging and remapping suggestions


2. Histogram
------------

+--------------------+-------+
|       Fanout       | Count |
+--------------------+-------+
| Total control sets |   272 |
| >= 0 to < 4        |    23 |
| >= 4 to < 6        |    37 |
| >= 6 to < 8        |     6 |
| >= 8 to < 10       |    16 |
| >= 10 to < 12      |     2 |
| >= 12 to < 14      |     3 |
| >= 14 to < 16      |     4 |
| >= 16              |   181 |
+--------------------+-------+
* Control sets can be remapped at either synth_design or opt_design


3. Flip-Flop Distribution
-------------------------

+--------------+-----------------------+------------------------+-----------------+--------------+
| Clock Enable | Synchronous Set/Reset | Asynchronous Set/Reset | Total Registers | Total Slices |
+--------------+-----------------------+------------------------+-----------------+--------------+
| No           | No                    | No                     |             401 |           73 |
| No           | No                    | Yes                    |               0 |            0 |
| No           | Yes                   | No                     |             403 |          143 |
| Yes          | No                    | No                     |           11955 |         2185 |
| Yes          | No                    | Yes                    |               0 |            0 |
| Yes          | Yes                   | No                     |            3068 |          601 |
+--------------+-----------------------+------------------------+-----------------+--------------+


4. Detailed Control Set Information
-----------------------------------

+--------------+----------------------------------------------------------------------------------------------------------------------------------------+------------------------------------------------------------------------------------------------------------+------------------+----------------+--------------+
| Clock Signal |                                                              Enable Signal                                                             |                                              Set/Reset Signal                                              | Slice Load Count | Bel Load Count | Bels / Slice |
+--------------+----------------------------------------------------------------------------------------------------------------------------------------+------------------------------------------------------------------------------------------------------------+------------------+----------------+--------------+
|  ap_clk      | bd_0_i/hls_inst/inst/gmem1_m_axi_U/store_unit_0/fifo_wrsp/U_fifo_srl/pop                                                               | ap_rst_n                                                                                                   |                1 |              1 |         1.00 |
|  ap_clk      | bd_0_i/hls_inst/inst/gmem1_m_axi_U/store_unit_0/fifo_wrsp/push_0                                                                       |                                                                                                            |                1 |              1 |         1.00 |
|  ap_clk      | bd_0_i/hls_inst/inst/grp_k4_rasterize_fu_348/screen_tris_is_active_ce0                                                                 |                                                                                                            |                1 |              1 |         1.00 |
|  ap_clk      | bd_0_i/hls_inst/inst/gmem0_m_axi_U/bus_read/ost_ctrl_gen[0].fifo_burst/U_fifo_srl/pop                                                  | ap_rst_n                                                                                                   |                1 |              1 |         1.00 |
|  ap_clk      | bd_0_i/hls_inst/inst/gmem0_m_axi_U/bus_read/rreq_burst_conv/burst_sequential/push                                                      |                                                                                                            |                1 |              1 |         1.00 |
|  ap_clk      | bd_0_i/hls_inst/inst/gmem2_m_axi_U/bus_read/rs_rdata/pop                                                                               | ap_rst_n                                                                                                   |                1 |              1 |         1.00 |
|  ap_clk      | bd_0_i/hls_inst/inst/gmem1_m_axi_U/bus_write/wreq_burst_conv/burst_sequential/push                                                     |                                                                                                            |                1 |              1 |         1.00 |
|  ap_clk      | bd_0_i/hls_inst/inst/gmem1_m_axi_U/bus_write/fifo_resp_gen[0].fifo_resp/U_fifo_srl/pop                                                 | ap_rst_n                                                                                                   |                1 |              1 |         1.00 |
|  ap_clk      | bd_0_i/hls_inst/inst/gmem2_m_axi_U/bus_read/rreq_burst_conv/burst_sequential/push                                                      |                                                                                                            |                1 |              1 |         1.00 |
|  ap_clk      | bd_0_i/hls_inst/inst/grp_k2_perspective_divide_fu_236/v0_w_inv_reg_726[31]_i_1_n_0                                                     |                                                                                                            |                1 |              2 |         2.00 |
|  ap_clk      | bd_0_i/hls_inst/inst/gmem1_m_axi_U/store_unit_0/fifo_wreq/raddr[1]_i_1__2_n_0                                                          | ap_rst_n                                                                                                   |                1 |              2 |         2.00 |
|  ap_clk      | bd_0_i/hls_inst/inst/grp_k1_vertex_transform_fu_180/ap_CS_fsm_state2                                                                   | bd_0_i/hls_inst/inst/grp_k1_vertex_transform_fu_180/select_ln12_reg_12113[1]_i_1_n_0                       |                1 |              2 |         2.00 |
|  ap_clk      | bd_0_i/hls_inst/inst/grp_k2_perspective_divide_fu_236/p_0_in__39                                                                       |                                                                                                            |                1 |              2 |         2.00 |
|  ap_clk      | bd_0_i/hls_inst/inst/grp_k2_perspective_divide_fu_236/v1_w_inv_reg_739[31]_i_1_n_0                                                     |                                                                                                            |                2 |              2 |         1.00 |
|  ap_clk      | bd_0_i/hls_inst/inst/grp_k2_perspective_divide_fu_236/v2_w_inv_reg_752[31]_i_1_n_0                                                     |                                                                                                            |                1 |              2 |         2.00 |
|  ap_clk      | bd_0_i/hls_inst/inst/control_s_axi_U/int_ier10_out                                                                                     | ap_rst_n                                                                                                   |                1 |              2 |         2.00 |
|  ap_clk      | bd_0_i/hls_inst/inst/gmem1_m_axi_U/store_unit_0/fifo_wrsp/U_fifo_srl/dout_vld_reg[0]                                                   | ap_rst_n                                                                                                   |                1 |              3 |         3.00 |
|  ap_clk      | bd_0_i/hls_inst/inst/gmem1_m_axi_U/store_unit_0/fifo_wrsp/E[0]                                                                         | ap_rst_n                                                                                                   |                1 |              3 |         3.00 |
|  ap_clk      | bd_0_i/hls_inst/inst/gmem1_m_axi_U/store_unit_0/user_resp/mOutPtr[2]_i_1__4_n_0                                                        | ap_rst_n                                                                                                   |                1 |              3 |         3.00 |
|  ap_clk      | bd_0_i/hls_inst/inst/gmem2_m_axi_U/load_unit_0/fifo_rreq/raddr[2]_i_1_n_0                                                              | ap_rst_n                                                                                                   |                1 |              3 |         3.00 |
|  ap_clk      | bd_0_i/hls_inst/inst/gmem0_m_axi_U/bus_read/rreq_burst_conv/burst_sequential/could_multi_bursts.loop_cnt                               | ap_rst_n                                                                                                   |                1 |              3 |         3.00 |
|  ap_clk      | bd_0_i/hls_inst/inst/gmem0_m_axi_U/load_unit_0/fifo_rreq/raddr[2]_i_1__7_n_0                                                           | ap_rst_n                                                                                                   |                2 |              3 |         1.50 |
|  ap_clk      | bd_0_i/hls_inst/inst/gmem1_m_axi_U/store_unit_0/fifo_wreq/mOutPtr[2]_i_1__2_n_0                                                        | ap_rst_n                                                                                                   |                1 |              3 |         3.00 |
|  ap_clk      | bd_0_i/hls_inst/inst/gmem1_m_axi_U/store_unit_0/conservative_gen.local_BURST_WVALID_reg_0[0]                                           |                                                                                                            |                1 |              4 |         4.00 |
|  ap_clk      | bd_0_i/hls_inst/inst/grp_k4_rasterize_fu_348/ap_CS_fsm_state50                                                                         |                                                                                                            |                4 |              4 |         1.00 |
|  ap_clk      | bd_0_i/hls_inst/inst/gmem1_m_axi_U/store_unit_0/fifo_wrsp/U_fifo_srl/raddr_reg[0][0]                                                   | ap_rst_n                                                                                                   |                1 |              4 |         4.00 |
|  ap_clk      | bd_0_i/hls_inst/inst/control_s_axi_U/waddr                                                                                             |                                                                                                            |                1 |              4 |         4.00 |
|  ap_clk      | bd_0_i/hls_inst/inst/gmem0_m_axi_U/bus_read/ost_ctrl_gen[0].fifo_burst/raddr[3]_i_1__6_n_0                                             | ap_rst_n                                                                                                   |                1 |              4 |         4.00 |
|  ap_clk      | bd_0_i/hls_inst/inst/gmem2_m_axi_U/load_unit_0/fifo_rreq/num_data_cnt[3]_i_1_n_0                                                       | ap_rst_n                                                                                                   |                1 |              4 |         4.00 |
|  ap_clk      | bd_0_i/hls_inst/inst/gmem1_m_axi_U/bus_write/fifo_resp_gen[0].fifo_resp/raddr[3]_i_1__5_n_0                                            | ap_rst_n                                                                                                   |                1 |              4 |         4.00 |
|  ap_clk      | bd_0_i/hls_inst/inst/gmem1_m_axi_U/bus_write/wreq_throttle/fifo_burst_gen[0].fifo_req/raddr[3]_i_1__4_n_0                              | ap_rst_n                                                                                                   |                1 |              4 |         4.00 |
|  ap_clk      | bd_0_i/hls_inst/inst/gmem1_m_axi_U/bus_write/wreq_throttle/rs_burst/load_p1                                                            |                                                                                                            |                1 |              4 |         4.00 |
|  ap_clk      | bd_0_i/hls_inst/inst/gmem2_m_axi_U/load_unit_0/fifo_rreq/mOutPtr[3]_i_1_n_0                                                            | ap_rst_n                                                                                                   |                1 |              4 |         4.00 |
|  ap_clk      | bd_0_i/hls_inst/inst/gmem2_m_axi_U/bus_read/ost_ctrl_gen[0].fifo_burst/raddr[3]_i_1_n_0                                                | ap_rst_n                                                                                                   |                1 |              4 |         4.00 |
|  ap_clk      | bd_0_i/hls_inst/inst/gmem0_m_axi_U/load_unit_0/fifo_rreq/mOutPtr[3]_i_1__7_n_0                                                         | ap_rst_n                                                                                                   |                1 |              4 |         4.00 |
|  ap_clk      | bd_0_i/hls_inst/inst/gmem0_m_axi_U/load_unit_0/buff_rdata/dout_vld_reg_4[0]                                                            | ap_rst_n                                                                                                   |                1 |              4 |         4.00 |
|  ap_clk      | bd_0_i/hls_inst/inst/gmem1_m_axi_U/store_unit_0/conservative_gen.fifo_burst/U_fifo_srl/dout_vld_reg                                    | ap_rst_n                                                                                                   |                2 |              4 |         2.00 |
|  ap_clk      | bd_0_i/hls_inst/inst/gmem1_m_axi_U/store_unit_0/conservative_gen.fifo_burst/U_fifo_srl/pop                                             | ap_rst_n                                                                                                   |                2 |              4 |         2.00 |
|  ap_clk      | bd_0_i/hls_inst/inst/gmem1_m_axi_U/store_unit_0/conservative_gen.fifo_burst/U_fifo_srl/raddr_reg[0][0]                                 | ap_rst_n                                                                                                   |                1 |              4 |         4.00 |
|  ap_clk      | bd_0_i/hls_inst/inst/gmem1_m_axi_U/store_unit_0/conservative_gen.fifo_burst/U_fifo_srl/push_0                                          |                                                                                                            |                1 |              4 |         4.00 |
|  ap_clk      | bd_0_i/hls_inst/inst/gmem1_m_axi_U/store_unit_0/fifo_wrsp/U_fifo_srl/E[0]                                                              | ap_rst_n                                                                                                   |                1 |              5 |         5.00 |
|  ap_clk      | bd_0_i/hls_inst/inst/control_s_axi_U/ar_hs                                                                                             | bd_0_i/hls_inst/inst/control_s_axi_U/rdata[9]_i_1_n_0                                                      |                4 |              5 |         1.25 |
|  ap_clk      | bd_0_i/hls_inst/inst/gmem0_m_axi_U/bus_read/ost_ctrl_gen[0].fifo_burst/mOutPtr[4]_i_1__6_n_0                                           | ap_rst_n                                                                                                   |                1 |              5 |         5.00 |
|  ap_clk      | bd_0_i/hls_inst/inst/gmem0_m_axi_U/bus_read/ost_ctrl_gen[0].fifo_burst/num_data_cnt[4]_i_1__6_n_0                                      | ap_rst_n                                                                                                   |                2 |              5 |         2.50 |
|  ap_clk      | bd_0_i/hls_inst/inst/gmem0_m_axi_U/bus_read/rreq_burst_conv/burst_sequential/rs_req/p_14_in                                            | bd_0_i/hls_inst/inst/gmem0_m_axi_U/bus_read/rreq_burst_conv/burst_sequential/sect_addr_buf[11]_i_1__1_n_0  |                1 |              5 |         5.00 |
|  ap_clk      | bd_0_i/hls_inst/inst/gmem1_m_axi_U/bus_write/wreq_throttle/fifo_burst_gen[0].fifo_req/num_data_cnt[4]_i_1__4_n_0                       | ap_rst_n                                                                                                   |                1 |              5 |         5.00 |
|  ap_clk      | bd_0_i/hls_inst/inst/gmem1_m_axi_U/bus_write/wreq_throttle/fifo_burst_gen[0].fifo_req/mOutPtr[4]_i_1__4_n_0                            | ap_rst_n                                                                                                   |                1 |              5 |         5.00 |
|  ap_clk      | bd_0_i/hls_inst/inst/gmem2_m_axi_U/bus_read/ost_ctrl_gen[0].fifo_burst/mOutPtr[4]_i_1_n_0                                              | ap_rst_n                                                                                                   |                1 |              5 |         5.00 |
|  ap_clk      | bd_0_i/hls_inst/inst/gmem1_m_axi_U/bus_write/fifo_resp_gen[0].fifo_resp/num_data_cnt[4]_i_1__5_n_0                                     | ap_rst_n                                                                                                   |                1 |              5 |         5.00 |
|  ap_clk      | bd_0_i/hls_inst/inst/gmem1_m_axi_U/bus_write/fifo_resp_gen[0].fifo_resp/mOutPtr[4]_i_1__5_n_0                                          | ap_rst_n                                                                                                   |                1 |              5 |         5.00 |
|  ap_clk      | bd_0_i/hls_inst/inst/gmem1_m_axi_U/store_unit_0/conservative_gen.fifo_burst/U_fifo_srl/E[0]                                            | ap_rst_n                                                                                                   |                1 |              5 |         5.00 |
|  ap_clk      | bd_0_i/hls_inst/inst/gmem1_m_axi_U/store_unit_0/conservative_gen.fifo_burst/U_fifo_srl/full_n_reg[0]                                   | ap_rst_n                                                                                                   |                1 |              5 |         5.00 |
|  ap_clk      | bd_0_i/hls_inst/inst/gmem0_m_axi_U/bus_read/ost_ctrl_gen[0].fifo_rctl/mOutPtr                                                          | ap_rst_n                                                                                                   |                1 |              5 |         5.00 |
|  ap_clk      | bd_0_i/hls_inst/inst/gmem0_m_axi_U/bus_read/ost_ctrl_gen[0].fifo_rctl/num_data_cnt                                                     | ap_rst_n                                                                                                   |                2 |              5 |         2.50 |
|  ap_clk      | bd_0_i/hls_inst/inst/gmem2_m_axi_U/bus_read/ost_ctrl_gen[0].fifo_rctl/mOutPtr                                                          | ap_rst_n                                                                                                   |                2 |              5 |         2.50 |
|  ap_clk      | bd_0_i/hls_inst/inst/gmem1_m_axi_U/store_unit_0/buff_wdata/raddr[4]_i_1__0_n_0                                                         | ap_rst_n                                                                                                   |                2 |              5 |         2.50 |
|  ap_clk      | bd_0_i/hls_inst/inst/gmem2_m_axi_U/bus_read/ost_ctrl_gen[0].fifo_rctl/num_data_cnt                                                     | ap_rst_n                                                                                                   |                1 |              5 |         5.00 |
|  ap_clk      | bd_0_i/hls_inst/inst/gmem1_m_axi_U/store_unit_0/fifo_wrsp/U_fifo_srl/s_ready_t_reg[0]                                                  | ap_rst_n                                                                                                   |                1 |              5 |         5.00 |
|  ap_clk      | bd_0_i/hls_inst/inst/grp_k4_rasterize_fu_348/ap_CS_fsm_state52                                                                         |                                                                                                            |                5 |              5 |         1.00 |
|  ap_clk      | bd_0_i/hls_inst/inst/gmem2_m_axi_U/bus_read/ost_ctrl_gen[0].fifo_burst/num_data_cnt[4]_i_1_n_0                                         | ap_rst_n                                                                                                   |                2 |              5 |         2.50 |
|  ap_clk      | bd_0_i/hls_inst/inst/gmem1_m_axi_U/store_unit_0/buff_wdata/mOutPtr[5]_i_1_n_0                                                          | ap_rst_n                                                                                                   |                1 |              6 |         6.00 |
|  ap_clk      | bd_0_i/hls_inst/inst/gmem1_m_axi_U/store_unit_0/buff_wdata/num_data_cnt[5]_i_1_n_0                                                     | ap_rst_n                                                                                                   |                2 |              6 |         3.00 |
|  ap_clk      | bd_0_i/hls_inst/inst/grp_k4_rasterize_fu_348/ap_NS_fsm153_out                                                                          | bd_0_i/hls_inst/inst/grp_k4_rasterize_fu_348/ap_NS_fsm155_out                                              |                2 |              7 |         3.50 |
|  ap_clk      | bd_0_i/hls_inst/inst/grp_k4_rasterize_fu_348/x_reg_561[6]_i_2_n_0                                                                      | bd_0_i/hls_inst/inst/grp_k4_rasterize_fu_348/x_reg_561                                                     |                2 |              7 |         3.50 |
|  ap_clk      | bd_0_i/hls_inst/inst/grp_k5_deferred_lighting_fu_406/grp_k5_deferred_lighting_fu_406_m_axi_gmem1_0_WVALID                              | bd_0_i/hls_inst/inst/grp_k5_deferred_lighting_fu_406/x_reg_226                                             |                2 |              7 |         3.50 |
|  ap_clk      | bd_0_i/hls_inst/inst/grp_k5_deferred_lighting_fu_406/ap_NS_fsm1                                                                        | bd_0_i/hls_inst/inst/grp_k5_deferred_lighting_fu_406/grp_k5_deferred_lighting_fu_406_m_axi_gmem1_0_AWVALID |                3 |              7 |         2.33 |
|  ap_clk      | bd_0_i/hls_inst/inst/gmem0_m_axi_U/load_unit_0/buff_rdata/pop                                                                          | ap_rst_n                                                                                                   |                2 |              8 |         4.00 |
|  ap_clk      | bd_0_i/hls_inst/inst/grp_k4_rasterize_fu_348/ap_NS_fsm148_out                                                                          | bd_0_i/hls_inst/inst/grp_k4_rasterize_fu_348/ap_NS_fsm154_out                                              |                2 |              8 |         4.00 |
|  ap_clk      | bd_0_i/hls_inst/inst/gmem0_m_axi_U/load_unit_0/buff_rdata/push_0                                                                       | ap_rst_n                                                                                                   |                2 |              8 |         4.00 |
|  ap_clk      | bd_0_i/hls_inst/inst/gmem2_m_axi_U/load_unit_0/buff_rdata/pop                                                                          | ap_rst_n                                                                                                   |                2 |              8 |         4.00 |
|  ap_clk      | bd_0_i/hls_inst/inst/gmem2_m_axi_U/load_unit_0/buff_rdata/U_fifo_mem/full_n_reg                                                        | ap_rst_n                                                                                                   |                2 |              8 |         4.00 |
|  ap_clk      | bd_0_i/hls_inst/inst/gmem1_m_axi_U/store_unit_0/buff_wdata/E[0]                                                                        | ap_rst_n                                                                                                   |                1 |              8 |         8.00 |
|  ap_clk      | bd_0_i/hls_inst/inst/grp_k3_bounding_box_fu_322/ap_CS_fsm_state5                                                                       | bd_0_i/hls_inst/inst/grp_k3_bounding_box_fu_322/ap_NS_fsm1                                                 |                3 |              8 |         2.67 |
|  ap_clk      | bd_0_i/hls_inst/inst/grp_k2_perspective_divide_fu_236/ap_CS_fsm_state120                                                               | bd_0_i/hls_inst/inst/grp_k2_perspective_divide_fu_236/ap_NS_fsm112_out                                     |                2 |              8 |         4.00 |
|  ap_clk      | bd_0_i/hls_inst/inst/gmem1_m_axi_U/bus_write/wreq_throttle/rs_req/dout_vld_reg                                                         | bd_0_i/hls_inst/inst/gmem1_m_axi_U/bus_write/wreq_throttle/rs_burst/ap_rst_n_0[0]                          |                2 |              8 |         4.00 |
|  ap_clk      | bd_0_i/hls_inst/inst/gmem2_m_axi_U/bus_read/rreq_burst_conv/burst_sequential/could_multi_bursts.last_loop                              | ap_rst_n                                                                                                   |                3 |              8 |         2.67 |
|  ap_clk      | bd_0_i/hls_inst/inst/gmem1_m_axi_U/bus_write/wreq_burst_conv/burst_sequential/could_multi_bursts.last_loop                             | ap_rst_n                                                                                                   |                2 |              8 |         4.00 |
|  ap_clk      | bd_0_i/hls_inst/inst/gmem2_m_axi_U/load_unit_0/buff_rdata/mOutPtr[8]_i_1_n_0                                                           | ap_rst_n                                                                                                   |                2 |              9 |         4.50 |
|  ap_clk      | bd_0_i/hls_inst/inst/gmem2_m_axi_U/load_unit_0/buff_rdata/num_data_cnt[8]_i_1_n_0                                                      | ap_rst_n                                                                                                   |                2 |              9 |         4.50 |
|  ap_clk      | bd_0_i/hls_inst/inst/grp_k1_vertex_transform_fu_180/Q[2]                                                                               |                                                                                                            |                5 |              9 |         1.80 |
|  ap_clk      | bd_0_i/hls_inst/inst/gmem0_m_axi_U/load_unit_0/buff_rdata/mOutPtr[8]_i_1__0_n_0                                                        | ap_rst_n                                                                                                   |                2 |              9 |         4.50 |
|  ap_clk      | bd_0_i/hls_inst/inst/gmem0_m_axi_U/load_unit_0/buff_rdata/num_data_cnt[8]_i_1__0_n_0                                                   | ap_rst_n                                                                                                   |                2 |              9 |         4.50 |
|  ap_clk      | bd_0_i/hls_inst/inst/gmem2_m_axi_U/bus_read/rreq_burst_conv/burst_sequential/rs_req/p_15_in                                            | bd_0_i/hls_inst/inst/gmem2_m_axi_U/bus_read/rreq_burst_conv/burst_sequential/sect_addr_buf[11]_i_1_n_0     |                3 |             10 |         3.33 |
|  ap_clk      | bd_0_i/hls_inst/inst/gmem1_m_axi_U/bus_write/wreq_burst_conv/burst_sequential/rs_req/p_15_in                                           | bd_0_i/hls_inst/inst/gmem1_m_axi_U/bus_write/wreq_burst_conv/burst_sequential/sect_addr_buf[11]_i_1__0_n_0 |                2 |             10 |         5.00 |
|  ap_clk      | bd_0_i/hls_inst/inst/grp_k4_rasterize_fu_348/ap_CS_fsm_state47                                                                         |                                                                                                            |                3 |             12 |         4.00 |
|  ap_clk      | bd_0_i/hls_inst/inst/grp_k4_rasterize_fu_348/ap_CS_fsm_state2                                                                          |                                                                                                            |                3 |             13 |         4.33 |
|  ap_clk      | bd_0_i/hls_inst/inst/grp_k5_deferred_lighting_fu_406/ap_CS_fsm_state2                                                                  |                                                                                                            |                4 |             13 |         3.25 |
|  ap_clk      |                                                                                                                                        | bd_0_i/hls_inst/inst/grp_k4_rasterize_fu_348/sdiv_34ns_32s_34_38_seq_1_U108/divisor0[28]_i_1__0_n_0        |                4 |             15 |         3.75 |
|  ap_clk      | bd_0_i/hls_inst/inst/grp_k4_rasterize_fu_348/ap_CS_fsm_reg[5]_0[0]                                                                     |                                                                                                            |                6 |             15 |         2.50 |
|  ap_clk      | bd_0_i/hls_inst/inst/grp_k2_perspective_divide_fu_236/Q[0]                                                                             |                                                                                                            |                9 |             15 |         1.67 |
|  ap_clk      | bd_0_i/hls_inst/inst/grp_k3_bounding_box_fu_322/Q[0]                                                                                   |                                                                                                            |                7 |             15 |         2.14 |
|  ap_clk      | bd_0_i/hls_inst/inst/grp_k3_bounding_box_fu_322/Q[2]                                                                                   | bd_0_i/hls_inst/inst/grp_k3_bounding_box_fu_322/final_max_y_1_reg_641                                      |                2 |             16 |         8.00 |
|  ap_clk      | bd_0_i/hls_inst/inst/grp_k3_bounding_box_fu_322/Q[2]                                                                                   | bd_0_i/hls_inst/inst/grp_k3_bounding_box_fu_322/final_max_x_1_reg_636                                      |                2 |             16 |         8.00 |
|  ap_clk      | bd_0_i/hls_inst/inst/grp_k5_deferred_lighting_fu_406/ap_CS_fsm_state6                                                                  | bd_0_i/hls_inst/inst/grp_k5_deferred_lighting_fu_406/clamped_intensity_reg_1339                            |                3 |             17 |         5.67 |
|  ap_clk      | bd_0_i/hls_inst/inst/grp_k5_deferred_lighting_fu_406/Q[0]                                                                              |                                                                                                            |                6 |             19 |         3.17 |
|  ap_clk      | bd_0_i/hls_inst/inst/grp_k1_vertex_transform_fu_180/ap_CS_fsm_state44_repN_2                                                           |                                                                                                            |               11 |             21 |         1.91 |
|  ap_clk      | bd_0_i/hls_inst/inst/grp_k1_vertex_transform_fu_180/Q[1]                                                                               |                                                                                                            |                3 |             21 |         7.00 |
|  ap_clk      | bd_0_i/hls_inst/inst/grp_k1_vertex_transform_fu_180/ap_CS_fsm_state48                                                                  | bd_0_i/hls_inst/inst/grp_k1_vertex_transform_fu_180/ap_NS_fsm157_out                                       |                5 |             22 |         4.40 |
|  ap_clk      | bd_0_i/hls_inst/inst/grp_k5_deferred_lighting_fu_406/ap_CS_fsm_state7                                                                  | bd_0_i/hls_inst/inst/grp_k5_deferred_lighting_fu_406/storemerge2_reg_1345[23]_i_1_n_0                      |                4 |             24 |         6.00 |
|  ap_clk      | bd_0_i/hls_inst/inst/control_s_axi_U/ar_hs                                                                                             |                                                                                                            |               27 |             27 |         1.00 |
|  ap_clk      | bd_0_i/hls_inst/inst/gmem1_m_axi_U/bus_write/wreq_throttle/rs_req/ap_rst_n_1                                                           | bd_0_i/hls_inst/inst/gmem1_m_axi_U/bus_write/wreq_throttle/rs_req/ap_rst_n_0                               |                7 |             28 |         4.00 |
|  ap_clk      | bd_0_i/hls_inst/inst/gmem1_m_axi_U/bus_write/wreq_throttle/rs_burst/pop                                                                | ap_rst_n                                                                                                   |                7 |             28 |         4.00 |
|  ap_clk      | bd_0_i/hls_inst/inst/gmem1_m_axi_U/store_unit_0/buff_wdata/U_fifo_srl/sel                                                              |                                                                                                            |                5 |             28 |         5.60 |
|  ap_clk      | bd_0_i/hls_inst/inst/grp_k2_perspective_divide_fu_236/v2_w_inv_reg_752[31]_i_1_n_0                                                     | bd_0_i/hls_inst/inst/grp_k2_perspective_divide_fu_236/sdiv_34ns_32s_34_38_seq_1_U45/quot_reg[31]_0         |               10 |             30 |         3.00 |
|  ap_clk      | bd_0_i/hls_inst/inst/grp_k2_perspective_divide_fu_236/v1_w_inv_reg_739[31]_i_1_n_0                                                     | bd_0_i/hls_inst/inst/grp_k2_perspective_divide_fu_236/sdiv_34ns_32s_34_38_seq_1_U44/quot_reg[32]_0         |                8 |             30 |         3.75 |
|  ap_clk      | bd_0_i/hls_inst/inst/grp_k2_perspective_divide_fu_236/v0_w_inv_reg_726[31]_i_1_n_0                                                     | bd_0_i/hls_inst/inst/grp_k2_perspective_divide_fu_236/sdiv_34ns_32s_34_38_seq_1_U43/quot_reg[31]_0         |               11 |             30 |         2.73 |
|  ap_clk      | bd_0_i/hls_inst/inst/grp_k3_bounding_box_fu_322/E[0]                                                                                   |                                                                                                            |               12 |             30 |         2.50 |
|  ap_clk      | bd_0_i/hls_inst/inst/grp_k4_rasterize_fu_348/ap_CS_fsm_state52                                                                         | bd_0_i/hls_inst/inst/grp_k4_rasterize_fu_348/mul_32s_32s_64_1_1_U104/ap_CS_fsm_reg[51]                     |                9 |             31 |         3.44 |
|  ap_clk      | bd_0_i/hls_inst/inst/grp_k2_perspective_divide_fu_236/ap_CS_fsm_state119                                                               | bd_0_i/hls_inst/inst/grp_k2_perspective_divide_fu_236/mul_32s_32s_64_1_1_U42/ap_CS_fsm_reg[118]            |               13 |             31 |         2.38 |
|  ap_clk      | bd_0_i/hls_inst/inst/grp_k4_rasterize_fu_348/ap_CS_fsm_state52                                                                         | bd_0_i/hls_inst/inst/grp_k4_rasterize_fu_348/mul_32s_32s_64_1_1_U103/ap_CS_fsm_reg[51]                     |                5 |             31 |         6.20 |
|  ap_clk      | bd_0_i/hls_inst/inst/grp_k4_rasterize_fu_348/ap_CS_fsm_state52                                                                         | bd_0_i/hls_inst/inst/grp_k4_rasterize_fu_348/mul_32s_32s_64_1_1_U102/ap_CS_fsm_reg[51]                     |                5 |             31 |         6.20 |
|  ap_clk      | bd_0_i/hls_inst/inst/grp_k4_rasterize_fu_348/ap_CS_fsm_state52                                                                         | bd_0_i/hls_inst/inst/grp_k4_rasterize_fu_348/mul_32ns_32s_63_1_1_U99/ap_CS_fsm_reg[51]                     |                5 |             31 |         6.20 |
|  ap_clk      | bd_0_i/hls_inst/inst/grp_k4_rasterize_fu_348/ap_CS_fsm_state51                                                                         | bd_0_i/hls_inst/inst/grp_k4_rasterize_fu_348/mul_32s_32s_64_1_1_U103/ap_CS_fsm_reg[50]                     |                9 |             31 |         3.44 |
|  ap_clk      | bd_0_i/hls_inst/inst/grp_k4_rasterize_fu_348/ap_CS_fsm_state50                                                                         | bd_0_i/hls_inst/inst/grp_k4_rasterize_fu_348/mul_32s_32s_64_1_1_U102/ap_CS_fsm_reg[49]                     |               13 |             31 |         2.38 |
|  ap_clk      | bd_0_i/hls_inst/inst/grp_k4_rasterize_fu_348/ap_CS_fsm_state50                                                                         | bd_0_i/hls_inst/inst/grp_k4_rasterize_fu_348/mul_32s_32s_64_1_1_U103/ap_CS_fsm_reg[49]                     |               21 |             31 |         1.48 |
|  ap_clk      | bd_0_i/hls_inst/inst/grp_k4_rasterize_fu_348/ap_CS_fsm_state50                                                                         | bd_0_i/hls_inst/inst/grp_k4_rasterize_fu_348/mul_32s_32s_64_1_1_U104/ap_CS_fsm_reg[49]                     |               16 |             31 |         1.94 |
|  ap_clk      | bd_0_i/hls_inst/inst/grp_k2_perspective_divide_fu_236/ap_CS_fsm_state80                                                                | bd_0_i/hls_inst/inst/grp_k2_perspective_divide_fu_236/mul_32s_32s_64_1_1_U42/ap_CS_fsm_reg[79]             |               12 |             31 |         2.58 |
|  ap_clk      | bd_0_i/hls_inst/inst/grp_k4_rasterize_fu_348/ap_CS_fsm_state51                                                                         | bd_0_i/hls_inst/inst/grp_k4_rasterize_fu_348/mul_32s_32s_64_1_1_U102/ap_CS_fsm_reg[50]                     |                4 |             31 |         7.75 |
|  ap_clk      | bd_0_i/hls_inst/inst/grp_k2_perspective_divide_fu_236/ap_CS_fsm_state41                                                                | bd_0_i/hls_inst/inst/grp_k2_perspective_divide_fu_236/mul_32s_32s_64_1_1_U42/ap_CS_fsm_reg[40]             |               11 |             31 |         2.82 |
|  ap_clk      | bd_0_i/hls_inst/inst/grp_k4_rasterize_fu_348/ap_CS_fsm_state51                                                                         | bd_0_i/hls_inst/inst/grp_k4_rasterize_fu_348/mul_32ns_32s_63_1_1_U99/ap_CS_fsm_reg[50]                     |                5 |             31 |         6.20 |
|  ap_clk      | bd_0_i/hls_inst/inst/control_s_axi_U/int_in_tris[63]_i_1_n_0                                                                           | ap_rst_n                                                                                                   |               19 |             32 |         1.68 |
|  ap_clk      | bd_0_i/hls_inst/inst/grp_k4_rasterize_fu_348/ap_CS_fsm_reg[5]_0[2]                                                                     | bd_0_i/hls_inst/inst/screen_tris_v2_x_U/ap_CS_fsm_reg[5][0]                                                |                6 |             32 |         5.33 |
|  ap_clk      | bd_0_i/hls_inst/inst/grp_k4_rasterize_fu_348/ap_CS_fsm_reg[5]_0[2]                                                                     | bd_0_i/hls_inst/inst/screen_tris_v2_y_U/ap_CS_fsm_reg[5][0]                                                |               12 |             32 |         2.67 |
|  ap_clk      | bd_0_i/hls_inst/inst/grp_k2_perspective_divide_fu_236/E[0]                                                                             |                                                                                                            |               19 |             32 |         1.68 |
|  ap_clk      | bd_0_i/hls_inst/inst/grp_k5_deferred_lighting_fu_406/Q[2]                                                                              | bd_0_i/hls_inst/inst/normal_buffer_x_U/dot_x_reg_1312                                                      |                9 |             32 |         3.56 |
|  ap_clk      | bd_0_i/hls_inst/inst/grp_k5_deferred_lighting_fu_406/Q[2]                                                                              | bd_0_i/hls_inst/inst/normal_buffer_z_U/dot_z_reg_1333                                                      |                4 |             32 |         8.00 |
|  ap_clk      | bd_0_i/hls_inst/inst/control_s_axi_U/int_mvp_matrix[31]_i_1_n_0                                                                        | ap_rst_n                                                                                                   |               17 |             32 |         1.88 |
|  ap_clk      | bd_0_i/hls_inst/inst/grp_k2_perspective_divide_fu_236/ap_CS_fsm_reg[43]_0[0]                                                           |                                                                                                            |               13 |             32 |         2.46 |
|  ap_clk      | bd_0_i/hls_inst/inst/grp_k2_perspective_divide_fu_236/ap_CS_fsm_reg[43]_1[0]                                                           |                                                                                                            |               19 |             32 |         1.68 |
|  ap_clk      | bd_0_i/hls_inst/inst/control_s_axi_U/int_in_tris[31]_i_1_n_0                                                                           | ap_rst_n                                                                                                   |               19 |             32 |         1.68 |
|  ap_clk      | bd_0_i/hls_inst/inst/grp_k3_bounding_box_fu_322/ap_CS_fsm_reg[43][0]                                                                   |                                                                                                            |                9 |             32 |         3.56 |
|  ap_clk      | bd_0_i/hls_inst/inst/grp_k4_rasterize_fu_348/ap_CS_fsm_state47                                                                         | bd_0_i/hls_inst/inst/grp_k4_rasterize_fu_348/w0_dx2_2_reg_7230                                             |                7 |             32 |         4.57 |
|  ap_clk      | bd_0_i/hls_inst/inst/gmem0_m_axi_U/load_unit_0/buff_rdata/dout_vld_reg_1[0]                                                            |                                                                                                            |               26 |             32 |         1.23 |
|  ap_clk      | bd_0_i/hls_inst/inst/grp_k1_vertex_transform_fu_180/mul_32s_32s_64_1_1_U12/E[0]                                                        |                                                                                                            |               25 |             32 |         1.28 |
|  ap_clk      | bd_0_i/hls_inst/inst/grp_k4_rasterize_fu_348/ap_CS_fsm_state52                                                                         | bd_0_i/hls_inst/inst/grp_k4_rasterize_fu_348/mul_32ns_32s_63_1_1_U100/ny0_2_reg_7434                       |                5 |             32 |         6.40 |
|  ap_clk      | bd_0_i/hls_inst/inst/grp_k4_rasterize_fu_348/ap_CS_fsm_state47                                                                         | bd_0_i/hls_inst/inst/grp_k4_rasterize_fu_348/w1_dx0_2_reg_7235                                             |                8 |             32 |         4.00 |
|  ap_clk      | bd_0_i/hls_inst/inst/grp_k4_rasterize_fu_348/ap_CS_fsm_state49                                                                         | bd_0_i/hls_inst/inst/grp_k4_rasterize_fu_348/w0_diff_1_reg_7335                                            |               11 |             32 |         2.91 |
|  ap_clk      | bd_0_i/hls_inst/inst/grp_k4_rasterize_fu_348/ap_CS_fsm_state49                                                                         | bd_0_i/hls_inst/inst/grp_k4_rasterize_fu_348/w1_diff_1_reg_7340                                            |               12 |             32 |         2.67 |
|  ap_clk      | bd_0_i/hls_inst/inst/grp_k4_rasterize_fu_348/ap_CS_fsm_state49                                                                         | bd_0_i/hls_inst/inst/grp_k4_rasterize_fu_348/w2_diff_1_reg_7345                                            |               10 |             32 |         3.20 |
|  ap_clk      | bd_0_i/hls_inst/inst/grp_k4_rasterize_fu_348/ap_CS_fsm_state47                                                                         | bd_0_i/hls_inst/inst/grp_k4_rasterize_fu_348/w0_dx1_2_reg_7225                                             |                8 |             32 |         4.00 |
|  ap_clk      | bd_0_i/hls_inst/inst/grp_k4_rasterize_fu_348/ap_CS_fsm_state52                                                                         | bd_0_i/hls_inst/inst/grp_k4_rasterize_fu_348/mul_32s_32s_64_1_1_U105/ap_CS_fsm_reg[51]                     |                8 |             32 |         4.00 |
|  ap_clk      | bd_0_i/hls_inst/inst/grp_k4_rasterize_fu_348/ap_CS_fsm_state52                                                                         | bd_0_i/hls_inst/inst/grp_k4_rasterize_fu_348/mul_32s_32s_64_1_1_U106/ap_CS_fsm_reg[51]                     |                8 |             32 |         4.00 |
|  ap_clk      | bd_0_i/hls_inst/inst/grp_k4_rasterize_fu_348/ap_CS_fsm_state52                                                                         | bd_0_i/hls_inst/inst/grp_k4_rasterize_fu_348/mul_32s_32s_64_1_1_U107/ap_CS_fsm_reg[51]                     |                7 |             32 |         4.57 |
|  ap_clk      | bd_0_i/hls_inst/inst/grp_k4_rasterize_fu_348/ap_CS_fsm_reg[5]_0[2]                                                                     | bd_0_i/hls_inst/inst/screen_tris_v1_y_U/SR[0]                                                              |                9 |             32 |         3.56 |
|  ap_clk      | bd_0_i/hls_inst/inst/grp_k4_rasterize_fu_348/ap_CS_fsm_state52                                                                         | bd_0_i/hls_inst/inst/grp_k4_rasterize_fu_348/mul_32ns_32s_63_1_1_U101/nz0_2_reg_7452                       |                6 |             32 |         5.33 |
|  ap_clk      | bd_0_i/hls_inst/inst/grp_k1_vertex_transform_fu_180/ap_CS_fsm_state44_repN_4                                                           |                                                                                                            |               17 |             32 |         1.88 |
|  ap_clk      | bd_0_i/hls_inst/inst/control_s_axi_U/int_out_pixels[63]_i_1_n_0                                                                        | ap_rst_n                                                                                                   |               21 |             32 |         1.52 |
|  ap_clk      | bd_0_i/hls_inst/inst/control_s_axi_U/int_out_pixels[31]_i_1_n_0                                                                        | ap_rst_n                                                                                                   |               21 |             32 |         1.52 |
|  ap_clk      | bd_0_i/hls_inst/inst/grp_k4_rasterize_fu_348/ap_CS_fsm_reg[5]_0[2]                                                                     | bd_0_i/hls_inst/inst/screen_tris_v1_x_U/ap_CS_fsm_reg[5][0]                                                |               11 |             32 |         2.91 |
|  ap_clk      | bd_0_i/hls_inst/inst/control_s_axi_U/int_mvp_matrix[63]_i_1_n_0                                                                        | ap_rst_n                                                                                                   |               17 |             32 |         1.88 |
|  ap_clk      | bd_0_i/hls_inst/inst/grp_k2_perspective_divide_fu_236/sdiv_34ns_32s_34_38_seq_1_U43/start0                                             |                                                                                                            |                7 |             33 |         4.71 |
|  ap_clk      | bd_0_i/hls_inst/inst/grp_k2_perspective_divide_fu_236/sdiv_34ns_32s_34_38_seq_1_U44/start0                                             |                                                                                                            |                7 |             33 |         4.71 |
|  ap_clk      | bd_0_i/hls_inst/inst/grp_k2_perspective_divide_fu_236/sdiv_34ns_32s_34_38_seq_1_U45/start0                                             |                                                                                                            |                7 |             33 |         4.71 |
|  ap_clk      | bd_0_i/hls_inst/inst/gmem2_m_axi_U/bus_read/rs_rdata/load_p2                                                                           |                                                                                                            |                5 |             33 |         6.60 |
|  ap_clk      | bd_0_i/hls_inst/inst/grp_k4_rasterize_fu_348/sdiv_34ns_32s_34_38_seq_1_U108/start0                                                     |                                                                                                            |                6 |             33 |         5.50 |
|  ap_clk      | bd_0_i/hls_inst/inst/gmem2_m_axi_U/bus_read/rs_rdata/load_p1                                                                           |                                                                                                            |                5 |             33 |         6.60 |
|  ap_clk      | bd_0_i/hls_inst/inst/grp_k2_perspective_divide_fu_236/sdiv_34ns_32s_34_38_seq_1_U43/top_kernel_sdiv_34ns_32s_34_38_seq_1_divseq_u/E[0] |                                                                                                            |                5 |             34 |         6.80 |
|  ap_clk      | bd_0_i/hls_inst/inst/grp_k2_perspective_divide_fu_236/sdiv_34ns_32s_34_38_seq_1_U44/top_kernel_sdiv_34ns_32s_34_38_seq_1_divseq_u/E[0] |                                                                                                            |                5 |             34 |         6.80 |
|  ap_clk      | bd_0_i/hls_inst/inst/grp_k2_perspective_divide_fu_236/sdiv_34ns_32s_34_38_seq_1_U45/top_kernel_sdiv_34ns_32s_34_38_seq_1_divseq_u/E[0] |                                                                                                            |                5 |             34 |         6.80 |
|  ap_clk      | bd_0_i/hls_inst/inst/grp_k4_rasterize_fu_348/sdiv_34ns_32s_34_38_seq_1_U108/top_kernel_sdiv_34ns_32s_34_38_seq_1_divseq_u/E[0]         |                                                                                                            |                5 |             34 |         6.80 |
|  ap_clk      | bd_0_i/hls_inst/inst/grp_k5_deferred_lighting_fu_406/Q[2]                                                                              |                                                                                                            |                5 |             34 |         6.80 |
|  ap_clk      | bd_0_i/hls_inst/inst/grp_k1_vertex_transform_fu_180/ap_CS_fsm_state44_repN_1                                                           |                                                                                                            |                8 |             40 |         5.00 |
|  ap_clk      | bd_0_i/hls_inst/inst/gmem1_m_axi_U/bus_write/wreq_burst_conv/burst_sequential/rs_req/E[0]                                              | ap_rst_n                                                                                                   |               15 |             53 |         3.53 |
|  ap_clk      | bd_0_i/hls_inst/inst/gmem0_m_axi_U/bus_read/rreq_burst_conv/burst_sequential/rs_req/E[0]                                               | ap_rst_n                                                                                                   |               11 |             53 |         4.82 |
|  ap_clk      | bd_0_i/hls_inst/inst/gmem2_m_axi_U/bus_read/rreq_burst_conv/burst_sequential/rs_req/E[0]                                               | ap_rst_n                                                                                                   |               10 |             53 |         5.30 |
|  ap_clk      | bd_0_i/hls_inst/inst/grp_k1_vertex_transform_fu_180/Q[0]                                                                               |                                                                                                            |               28 |             57 |         2.04 |
|  ap_clk      | bd_0_i/hls_inst/inst/gmem0_m_axi_U/load_unit_0/fifo_rreq/U_fifo_srl/pop                                                                | ap_rst_n                                                                                                   |               19 |             59 |         3.11 |
|  ap_clk      | bd_0_i/hls_inst/inst/gmem0_m_axi_U/load_unit_0/buff_rdata/push                                                                         |                                                                                                            |                5 |             59 |        11.80 |
|  ap_clk      | bd_0_i/hls_inst/inst/gmem0_m_axi_U/load_unit_0/fifo_rreq/E[0]                                                                          | ap_rst_n                                                                                                   |               21 |             60 |         2.86 |
|  ap_clk      | bd_0_i/hls_inst/inst/grp_k3_bounding_box_fu_322/p_0_in__42                                                                             |                                                                                                            |                8 |             60 |         7.50 |
|  ap_clk      | bd_0_i/hls_inst/inst/gmem0_m_axi_U/bus_read/rreq_burst_conv/burst_sequential/rs_req/load_p1                                            |                                                                                                            |               17 |             60 |         3.53 |
|  ap_clk      | bd_0_i/hls_inst/inst/gmem0_m_axi_U/load_unit_0/tmp_valid_reg_0[0]                                                                      |                                                                                                            |               17 |             60 |         3.53 |
|  ap_clk      | bd_0_i/hls_inst/inst/gmem1_m_axi_U/bus_write/wreq_throttle/fifo_burst_gen[0].fifo_req/U_fifo_srl/push                                  |                                                                                                            |                4 |             62 |        15.50 |
|  ap_clk      | bd_0_i/hls_inst/inst/grp_k1_vertex_transform_fu_180/ap_CS_fsm_state1                                                                   |                                                                                                            |               18 |             62 |         3.44 |
|  ap_clk      | bd_0_i/hls_inst/inst/gmem1_m_axi_U/bus_write/wreq_throttle/rs_burst/pop_0                                                              | ap_rst_n                                                                                                   |               14 |             62 |         4.43 |
|  ap_clk      | bd_0_i/hls_inst/inst/gmem2_m_axi_U/load_unit_0/fifo_rreq/U_fifo_srl/push                                                               |                                                                                                            |                5 |             63 |        12.60 |
|  ap_clk      | bd_0_i/hls_inst/inst/grp_k5_deferred_lighting_fu_406/push                                                                              |                                                                                                            |                5 |             63 |        12.60 |
|  ap_clk      | bd_0_i/hls_inst/inst/gmem2_m_axi_U/load_unit_0/fifo_rreq/U_fifo_srl/pop                                                                | ap_rst_n                                                                                                   |               15 |             63 |         4.20 |
|  ap_clk      | bd_0_i/hls_inst/inst/gmem1_m_axi_U/store_unit_0/fifo_wreq/U_fifo_srl/pop                                                               | ap_rst_n                                                                                                   |               11 |             63 |         5.73 |
|  ap_clk      | bd_0_i/hls_inst/inst/grp_k1_vertex_transform_fu_180/Q[15]                                                                              |                                                                                                            |               39 |             64 |         1.64 |
|  ap_clk      | bd_0_i/hls_inst/inst/grp_k3_bounding_box_fu_322/p_0_in__43                                                                             |                                                                                                            |                8 |             64 |         8.00 |
|  ap_clk      | bd_0_i/hls_inst/inst/gmem2_m_axi_U/load_unit_0/fifo_rreq/E[0]                                                                          | ap_rst_n                                                                                                   |               17 |             64 |         3.76 |
|  ap_clk      | bd_0_i/hls_inst/inst/grp_k1_vertex_transform_fu_180/Q[16]                                                                              |                                                                                                            |               49 |             64 |         1.31 |
|  ap_clk      | bd_0_i/hls_inst/inst/grp_k1_vertex_transform_fu_180/Q[13]                                                                              |                                                                                                            |               37 |             64 |         1.73 |
|  ap_clk      | bd_0_i/hls_inst/inst/grp_k4_rasterize_fu_348/E[0]                                                                                      |                                                                                                            |               27 |             64 |         2.37 |
|  ap_clk      | bd_0_i/hls_inst/inst/grp_k1_vertex_transform_fu_180/Q[9]                                                                               |                                                                                                            |               10 |             64 |         6.40 |
|  ap_clk      | bd_0_i/hls_inst/inst/gmem2_m_axi_U/bus_read/rreq_burst_conv/burst_sequential/rs_req/load_p1                                            |                                                                                                            |               20 |             64 |         3.20 |
|  ap_clk      | bd_0_i/hls_inst/inst/gmem2_m_axi_U/load_unit_0/E[0]                                                                                    |                                                                                                            |               20 |             64 |         3.20 |
|  ap_clk      | bd_0_i/hls_inst/inst/grp_k2_perspective_divide_fu_236/p_0_in__26                                                                       |                                                                                                            |                8 |             64 |         8.00 |
|  ap_clk      | bd_0_i/hls_inst/inst/grp_k4_rasterize_fu_348/y_2_reg_572[0]_i_1_n_0                                                                    |                                                                                                            |                8 |             64 |         8.00 |
|  ap_clk      | bd_0_i/hls_inst/inst/grp_k1_vertex_transform_fu_180/Q[14]                                                                              |                                                                                                            |               41 |             64 |         1.56 |
|  ap_clk      | bd_0_i/hls_inst/inst/gmem1_m_axi_U/store_unit_0/fifo_wreq/next_wreq                                                                    | ap_rst_n                                                                                                   |               14 |             64 |         4.57 |
|  ap_clk      | bd_0_i/hls_inst/inst/grp_k2_perspective_divide_fu_236/p_0_in__23                                                                       |                                                                                                            |                8 |             64 |         8.00 |
|  ap_clk      | bd_0_i/hls_inst/inst/grp_k2_perspective_divide_fu_236/p_0_in__29                                                                       |                                                                                                            |                8 |             64 |         8.00 |
|  ap_clk      | bd_0_i/hls_inst/inst/gmem1_m_axi_U/bus_write/wreq_burst_conv/burst_sequential/rs_req/load_p1                                           |                                                                                                            |               14 |             64 |         4.57 |
|  ap_clk      | bd_0_i/hls_inst/inst/grp_k1_vertex_transform_fu_180/ap_CS_fsm_reg[1]_0                                                                 |                                                                                                            |                8 |             64 |         8.00 |
|  ap_clk      | bd_0_i/hls_inst/inst/grp_k1_vertex_transform_fu_180/ap_CS_fsm_reg[1]_1                                                                 |                                                                                                            |                8 |             64 |         8.00 |
|  ap_clk      | bd_0_i/hls_inst/inst/grp_k1_vertex_transform_fu_180/ap_CS_fsm_reg_n_0_[11]                                                             |                                                                                                            |                9 |             64 |         7.11 |
|  ap_clk      | bd_0_i/hls_inst/inst/grp_k4_rasterize_fu_348/ap_CS_fsm_reg[4]_0[0]                                                                     |                                                                                                            |               23 |             64 |         2.78 |
|  ap_clk      | bd_0_i/hls_inst/inst/gmem1_m_axi_U/store_unit_0/E[0]                                                                                   |                                                                                                            |               14 |             64 |         4.57 |
|  ap_clk      | bd_0_i/hls_inst/inst/grp_k4_rasterize_fu_348/ap_CS_fsm_reg[4]_1[0]                                                                     |                                                                                                            |               29 |             64 |         2.21 |
|  ap_clk      | bd_0_i/hls_inst/inst/grp_k1_vertex_transform_fu_180/ap_CS_fsm_state36                                                                  |                                                                                                            |               37 |             64 |         1.73 |
|  ap_clk      | bd_0_i/hls_inst/inst/grp_k1_vertex_transform_fu_180/ap_CS_fsm_state37                                                                  |                                                                                                            |               40 |             64 |         1.60 |
|  ap_clk      | bd_0_i/hls_inst/inst/grp_k1_vertex_transform_fu_180/ap_CS_fsm_state38                                                                  |                                                                                                            |               41 |             64 |         1.56 |
|  ap_clk      | bd_0_i/hls_inst/inst/grp_k1_vertex_transform_fu_180/p_0_in__2                                                                          |                                                                                                            |                8 |             64 |         8.00 |
|  ap_clk      | bd_0_i/hls_inst/inst/grp_k4_rasterize_fu_348/ap_NS_fsm[46]                                                                             |                                                                                                            |                8 |             64 |         8.00 |
|  ap_clk      | bd_0_i/hls_inst/inst/gmem0_m_axi_U/bus_read/rreq_burst_conv/burst_sequential/E[0]                                                      | ap_rst_n                                                                                                   |               10 |             66 |         6.60 |
|  ap_clk      | bd_0_i/hls_inst/inst/grp_k1_vertex_transform_fu_180/Q[6]                                                                               |                                                                                                            |                9 |             66 |         7.33 |
|  ap_clk      | bd_0_i/hls_inst/inst/grp_k1_vertex_transform_fu_180/Q[10]                                                                              |                                                                                                            |                9 |             66 |         7.33 |
|  ap_clk      | bd_0_i/hls_inst/inst/gmem1_m_axi_U/bus_write/wreq_throttle/rs_req/load_p1                                                              |                                                                                                            |               13 |             66 |         5.08 |
|  ap_clk      | bd_0_i/hls_inst/inst/gmem1_m_axi_U/bus_write/wreq_throttle/rs_burst/E[0]                                                               |                                                                                                            |               13 |             66 |         5.08 |
|  ap_clk      | bd_0_i/hls_inst/inst/grp_k1_vertex_transform_fu_180/ap_CS_fsm_reg_n_0_[22]                                                             |                                                                                                            |               10 |             66 |         6.60 |
|  ap_clk      | bd_0_i/hls_inst/inst/grp_k1_vertex_transform_fu_180/Q[3]                                                                               |                                                                                                            |               10 |             66 |         6.60 |
|  ap_clk      | bd_0_i/hls_inst/inst/grp_k1_vertex_transform_fu_180/Q[4]                                                                               |                                                                                                            |               10 |             66 |         6.60 |
|  ap_clk      | bd_0_i/hls_inst/inst/grp_k1_vertex_transform_fu_180/Q[5]                                                                               |                                                                                                            |               11 |             66 |         6.00 |
|  ap_clk      | bd_0_i/hls_inst/inst/grp_k1_vertex_transform_fu_180/Q[7]                                                                               |                                                                                                            |               10 |             66 |         6.60 |
|  ap_clk      | bd_0_i/hls_inst/inst/grp_k1_vertex_transform_fu_180/Q[8]                                                                               |                                                                                                            |                9 |             66 |         7.33 |
|  ap_clk      | bd_0_i/hls_inst/inst/grp_k4_rasterize_fu_348/ap_CS_fsm_state7                                                                          |                                                                                                            |               11 |             68 |         6.18 |
|  ap_clk      | bd_0_i/hls_inst/inst/grp_k2_perspective_divide_fu_236/ap_CS_fsm_state119                                                               |                                                                                                            |               18 |             69 |         3.83 |
|  ap_clk      | bd_0_i/hls_inst/inst/grp_k2_perspective_divide_fu_236/ap_CS_fsm_state41                                                                |                                                                                                            |               11 |             69 |         6.27 |
|  ap_clk      | bd_0_i/hls_inst/inst/grp_k2_perspective_divide_fu_236/ap_CS_fsm_state80                                                                |                                                                                                            |               12 |             69 |         5.75 |
|  ap_clk      | bd_0_i/hls_inst/inst/gmem2_m_axi_U/bus_read/rreq_burst_conv/burst_sequential/E[0]                                                      | ap_rst_n                                                                                                   |               11 |             71 |         6.45 |
|  ap_clk      | bd_0_i/hls_inst/inst/gmem1_m_axi_U/bus_write/wreq_burst_conv/burst_sequential/E[0]                                                     | ap_rst_n                                                                                                   |               10 |             71 |         7.10 |
|  ap_clk      | bd_0_i/hls_inst/inst/gmem0_m_axi_U/bus_read/rreq_burst_conv/burst_sequential/rs_req/p_14_in                                            | ap_rst_n                                                                                                   |               16 |             77 |         4.81 |
|  ap_clk      | bd_0_i/hls_inst/inst/gmem1_m_axi_U/bus_write/wreq_burst_conv/burst_sequential/rs_req/p_15_in                                           | ap_rst_n                                                                                                   |               15 |             77 |         5.13 |
|  ap_clk      | bd_0_i/hls_inst/inst/gmem2_m_axi_U/bus_read/rreq_burst_conv/burst_sequential/rs_req/p_15_in                                            | ap_rst_n                                                                                                   |               15 |             77 |         5.13 |
|  ap_clk      | bd_0_i/hls_inst/inst/grp_k1_vertex_transform_fu_180/ap_CS_fsm_state44_repN_3                                                           |                                                                                                            |               22 |             82 |         3.73 |
|  ap_clk      | bd_0_i/hls_inst/inst/grp_k2_perspective_divide_fu_236/p_0_in__5                                                                        |                                                                                                            |               12 |             90 |         7.50 |
|  ap_clk      | bd_0_i/hls_inst/inst/gmem0_m_axi_U/bus_read/rreq_burst_conv/burst_sequential/rs_req/next_req                                           | ap_rst_n                                                                                                   |               22 |             90 |         4.09 |
|  ap_clk      | bd_0_i/hls_inst/inst/grp_k2_perspective_divide_fu_236/ap_CS_fsm_reg[1]_7                                                               |                                                                                                            |               12 |             90 |         7.50 |
|  ap_clk      | bd_0_i/hls_inst/inst/grp_k2_perspective_divide_fu_236/ap_CS_fsm_reg[1]_4                                                               |                                                                                                            |               12 |             90 |         7.50 |
|  ap_clk      | bd_0_i/hls_inst/inst/grp_k2_perspective_divide_fu_236/ap_CS_fsm_reg[1]_0[0]                                                            |                                                                                                            |               33 |             96 |         2.91 |
|  ap_clk      | bd_0_i/hls_inst/inst/grp_k1_vertex_transform_fu_180/Q[11]                                                                              |                                                                                                            |               24 |             98 |         4.08 |
|  ap_clk      | bd_0_i/hls_inst/inst/grp_k4_rasterize_fu_348/ap_CS_fsm_state51                                                                         |                                                                                                            |               53 |             99 |         1.87 |
|  ap_clk      | bd_0_i/hls_inst/inst/grp_k2_perspective_divide_fu_236/ap_CS_fsm_reg[1]_5                                                               |                                                                                                            |               14 |            102 |         7.29 |
|  ap_clk      | bd_0_i/hls_inst/inst/grp_k4_rasterize_fu_348/ap_CS_fsm_state46                                                                         |                                                                                                            |               30 |            102 |         3.40 |
|  ap_clk      | bd_0_i/hls_inst/inst/grp_k2_perspective_divide_fu_236/ap_CS_fsm_reg[1]_3                                                               |                                                                                                            |               13 |            102 |         7.85 |
|  ap_clk      | bd_0_i/hls_inst/inst/grp_k2_perspective_divide_fu_236/ap_CS_fsm_reg[1]_6                                                               |                                                                                                            |               13 |            102 |         7.85 |
|  ap_clk      | bd_0_i/hls_inst/inst/gmem1_m_axi_U/bus_write/wreq_burst_conv/burst_sequential/rs_req/next_req                                          | ap_rst_n                                                                                                   |               26 |            103 |         3.96 |
|  ap_clk      | bd_0_i/hls_inst/inst/gmem2_m_axi_U/bus_read/rreq_burst_conv/burst_sequential/rs_req/next_req                                           | ap_rst_n                                                                                                   |               22 |            104 |         4.73 |
|  ap_clk      | bd_0_i/hls_inst/inst/grp_k1_vertex_transform_fu_180/ap_CS_fsm_state47                                                                  |                                                                                                            |               22 |            111 |         5.05 |
|  ap_clk      | bd_0_i/hls_inst/inst/grp_k1_vertex_transform_fu_180/ap_CS_fsm_state45                                                                  |                                                                                                            |               21 |            111 |         5.29 |
|  ap_clk      | bd_0_i/hls_inst/inst/grp_k1_vertex_transform_fu_180/ap_CS_fsm_state46                                                                  |                                                                                                            |               21 |            111 |         5.29 |
|  ap_clk      | bd_0_i/hls_inst/inst/grp_k1_vertex_transform_fu_180/ap_CS_fsm_state2                                                                   |                                                                                                            |               47 |            126 |         2.68 |
|  ap_clk      | bd_0_i/hls_inst/inst/grp_k2_perspective_divide_fu_236/p_0_in__28                                                                       |                                                                                                            |               16 |            128 |         8.00 |
|  ap_clk      | bd_0_i/hls_inst/inst/grp_k1_vertex_transform_fu_180/ap_CS_fsm_state21                                                                  |                                                                                                            |               29 |            128 |         4.41 |
|  ap_clk      | bd_0_i/hls_inst/inst/grp_k2_perspective_divide_fu_236/p_0_in__25                                                                       |                                                                                                            |               16 |            128 |         8.00 |
|  ap_clk      | bd_0_i/hls_inst/inst/grp_k2_perspective_divide_fu_236/p_0_in__22                                                                       |                                                                                                            |               16 |            128 |         8.00 |
|  ap_clk      | bd_0_i/hls_inst/inst/grp_k2_perspective_divide_fu_236/ap_CS_fsm_reg[1]_8                                                               |                                                                                                            |               16 |            128 |         8.00 |
|  ap_clk      | bd_0_i/hls_inst/inst/grp_k1_vertex_transform_fu_180/Q[12]                                                                              |                                                                                                            |               51 |            128 |         2.51 |
|  ap_clk      | bd_0_i/hls_inst/inst/grp_k4_rasterize_fu_348/ap_CS_fsm_reg[43]_0                                                                       |                                                                                                            |               16 |            128 |         8.00 |
|  ap_clk      | bd_0_i/hls_inst/inst/grp_k1_vertex_transform_fu_180/ap_CS_fsm_state44_repN                                                             |                                                                                                            |               39 |            144 |         3.69 |
|  ap_clk      | bd_0_i/hls_inst/inst/ap_CS_fsm_state1                                                                                                  |                                                                                                            |               58 |            188 |         3.24 |
|  ap_clk      | bd_0_i/hls_inst/inst/grp_k4_rasterize_fu_348/ap_CS_fsm_reg[5]_0[2]                                                                     |                                                                                                            |               42 |            192 |         4.57 |
|  ap_clk      | bd_0_i/hls_inst/inst/grp_k4_rasterize_fu_348/ap_CS_fsm_state48                                                                         |                                                                                                            |               35 |            204 |         5.83 |
|  ap_clk      | bd_0_i/hls_inst/inst/grp_k1_vertex_transform_fu_180/ap_CS_fsm_state44_repN_5                                                           |                                                                                                            |               37 |            212 |         5.73 |
|  ap_clk      | bd_0_i/hls_inst/inst/grp_k4_rasterize_fu_348/CEB1                                                                                      |                                                                                                            |              125 |            224 |         1.79 |
|  ap_clk      | bd_0_i/hls_inst/inst/grp_k2_perspective_divide_fu_236/ap_CS_fsm_reg[1]_1[0]                                                            |                                                                                                            |               95 |            288 |         3.03 |
|  ap_clk      | bd_0_i/hls_inst/inst/grp_k2_perspective_divide_fu_236/ap_CS_fsm_reg[1]_2[0]                                                            |                                                                                                            |              121 |            289 |         2.39 |
|  ap_clk      | bd_0_i/hls_inst/inst/grp_k2_perspective_divide_fu_236/Q[1]                                                                             |                                                                                                            |               88 |            360 |         4.09 |
|  ap_clk      |                                                                                                                                        | ap_rst_n                                                                                                   |              139 |            388 |         2.79 |
|  ap_clk      | bd_0_i/hls_inst/inst/grp_k4_rasterize_fu_348/ap_CS_fsm_state45                                                                         |                                                                                                            |              163 |            399 |         2.45 |
|  ap_clk      | bd_0_i/hls_inst/inst/grp_k1_vertex_transform_fu_180/Q[17]                                                                              |                                                                                                            |              105 |            402 |         3.83 |
|  ap_clk      |                                                                                                                                        |                                                                                                            |               77 |            410 |         5.32 |
|  ap_clk      | bd_0_i/hls_inst/inst/grp_k4_rasterize_fu_348/p_0_in__33                                                                                |                                                                                                            |               56 |            448 |         8.00 |
|  ap_clk      | bd_0_i/hls_inst/inst/grp_k2_perspective_divide_fu_236/p_0_in__20                                                                       |                                                                                                            |               57 |            450 |         7.89 |
|  ap_clk      | bd_0_i/hls_inst/inst/grp_k1_vertex_transform_fu_180/ap_CS_fsm_state43                                                                  |                                                                                                            |              132 |            461 |         3.49 |
|  ap_clk      | bd_0_i/hls_inst/inst/grp_k1_vertex_transform_fu_180/Q[18]                                                                              |                                                                                                            |              136 |            461 |         3.39 |
|  ap_clk      | bd_0_i/hls_inst/inst/grp_k1_vertex_transform_fu_180/phi_ln12_reg_5860                                                                  |                                                                                                            |              360 |            669 |         1.86 |
|  ap_clk      | bd_0_i/hls_inst/inst/gmem0_m_axi_U/load_unit_0/buff_rdata/E[0]                                                                         |                                                                                                            |              462 |           1024 |         2.22 |
|  ap_clk      | bd_0_i/hls_inst/inst/gmem0_m_axi_U/bus_read/rs_rdata/load_p2                                                                           |                                                                                                            |              252 |           1025 |         4.07 |
|  ap_clk      | bd_0_i/hls_inst/inst/gmem0_m_axi_U/bus_read/rs_rdata/load_p1                                                                           |                                                                                                            |              251 |           1025 |         4.08 |
+--------------+----------------------------------------------------------------------------------------------------------------------------------------+------------------------------------------------------------------------------------------------------------+------------------+----------------+--------------+


