
*** Running vivado
    with args -log bd_0_wrapper.vdi -applog -m64 -product Vivado -messageDb vivado.pb -mode batch -source bd_0_wrapper.tcl -notrace


****** Vivado v2025.1.1 (64-bit)
  **** SW Build 6233196 on Thu Sep 11 21:27:11 MDT 2025
  **** IP Build 6232796 on Fri Sep 12 01:46:16 MDT 2025
  **** SharedData Build 6233195 on Thu Sep 11 17:56:43 MDT 2025
  **** Start of session at: Thu Apr  9 16:29:06 2026
    ** Copyright 1986-2022 Xilinx, Inc. All Rights Reserved.
    ** Copyright 2022-2025 Advanced Micro Devices, Inc. All Rights Reserved.

source bd_0_wrapper.tcl -notrace
INFO: Dispatch client connection id - 41107
Command: open_checkpoint /nethome/shanda34/FPGA_ECE8893_SJH/2026_Spring/lab4/project_1/hls/impl/verilog/project.runs/impl_1/bd_0_wrapper.dcp
INFO: [Device 21-403] Loading part xczu3eg-sbva484-1-e
Netlist sorting complete. Time (s): cpu = 00:00:00.5 ; elapsed = 00:00:00.5 . Memory (MB): peak = 0.000 ; gain = 0.000 ; free physical = 246589 ; free virtual = 341960
INFO: [Netlist 29-17] Analyzing 1681 Unisim elements for replacement
INFO: [Netlist 29-28] Unisim Transformation completed in 1 CPU seconds
INFO: [Project 1-479] Netlist was created with Vivado 2025.1.1
INFO: [Project 1-570] Preparing netlist for logic optimization
Read ShapeDB Complete: Time (s): cpu = 00:00:00.1 ; elapsed = 00:00:00.11 . Memory (MB): peak = 0.000 ; gain = 0.000 ; free physical = 245548 ; free virtual = 340931
INFO: [Timing 38-478] Restoring timing data from binary archive.
INFO: [Timing 38-479] Binary timing data restore complete.
INFO: [Project 1-856] Restoring constraints from binary archive.
INFO: [Project 1-853] Binary constraint restore complete.
Netlist sorting complete. Time (s): cpu = 00:00:00.02 ; elapsed = 00:00:00.02 . Memory (MB): peak = 0.000 ; gain = 0.000 ; free physical = 245202 ; free virtual = 340707
INFO: [Project 1-111] Unisim Transformation Summary:
  A total of 168 instances were transformed.
  DSP48E2 => DSP48E2 (DSP_ALU, DSP_A_B_DATA, DSP_C_DATA, DSP_MULTIPLIER, DSP_M_DATA, DSP_OUTPUT, DSP_PREADD, DSP_PREADD_DATA): 168 instances

INFO: [Project 1-604] Checkpoint was created with Vivado v2025.1.1 (64-bit) build 6233196
open_checkpoint: Time (s): cpu = 00:00:57 ; elapsed = 00:00:47 . Memory (MB): peak = 0.000 ; gain = 0.000 ; free physical = 245034 ; free virtual = 340571
INFO: [IP_Flow 19-234] Refreshing IP repositories
INFO: [IP_Flow 19-1700] Loaded user IP repository '/nethome/shanda34/FPGA_ECE8893_SJH/2026_Spring/lab4/project_1/hls/impl/ip'.
INFO: [IP_Flow 19-2313] Loaded Vivado IP repository '/tools/software/xilinx/2025.1.1/data/ip'.
Command: opt_design
Attempting to get a license for feature 'Implementation' and/or device 'xczu3eg'
INFO: [Common 17-349] Got license for feature 'Implementation' and/or device 'xczu3eg'
Running DRC as a precondition to command opt_design

Starting DRC Task
INFO: [DRC 23-27] Running DRC with 8 threads
WARNING: [DRC 23-814] Not all possible (connectivity based) DRCs may have been run because this design is seen as Out of Context.
INFO: [Project 1-461] DRC finished with 0 Errors
INFO: [Project 1-462] Please refer to the DRC report (report_drc) for more information.

Time (s): cpu = 00:00:06 ; elapsed = 00:00:02 . Memory (MB): peak = 0.000 ; gain = 0.000 ; free physical = 244043 ; free virtual = 339790

Starting Cache Timing Information Task
Ending Cache Timing Information Task | Checksum: d75a2632

Time (s): cpu = 00:00:01 ; elapsed = 00:00:01 . Memory (MB): peak = 0.000 ; gain = 0.000 ; free physical = 244016 ; free virtual = 339713

Starting Logic Optimization Task

Phase 1 Initialization

Phase 1.1 Core Generation And Design Setup
Phase 1.1 Core Generation And Design Setup | Checksum: d75a2632

Time (s): cpu = 00:00:00.12 ; elapsed = 00:00:00.11 . Memory (MB): peak = 0.000 ; gain = 0.000 ; free physical = 242340 ; free virtual = 338228

Phase 1.2 Setup Constraints And Sort Netlist
Phase 1.2 Setup Constraints And Sort Netlist | Checksum: d75a2632

Time (s): cpu = 00:00:00.15 ; elapsed = 00:00:00.15 . Memory (MB): peak = 0.000 ; gain = 0.000 ; free physical = 242303 ; free virtual = 338194
Phase 1 Initialization | Checksum: d75a2632

Time (s): cpu = 00:00:00.15 ; elapsed = 00:00:00.15 . Memory (MB): peak = 0.000 ; gain = 0.000 ; free physical = 242326 ; free virtual = 338216

Phase 2 Timer Update And Timing Data Collection

Phase 2.1 Timer Update
Phase 2.1 Timer Update | Checksum: d75a2632

Time (s): cpu = 00:00:08 ; elapsed = 00:00:02 . Memory (MB): peak = 0.000 ; gain = 0.000 ; free physical = 241820 ; free virtual = 337766

Phase 2.2 Timing Data Collection
Phase 2.2 Timing Data Collection | Checksum: d75a2632

Time (s): cpu = 00:00:09 ; elapsed = 00:00:02 . Memory (MB): peak = 0.000 ; gain = 0.000 ; free physical = 241730 ; free virtual = 337677
Phase 2 Timer Update And Timing Data Collection | Checksum: d75a2632

Time (s): cpu = 00:00:09 ; elapsed = 00:00:02 . Memory (MB): peak = 0.000 ; gain = 0.000 ; free physical = 241727 ; free virtual = 337674

Phase 3 Retarget
INFO: [Opt 31-1851] Number of loadless carry chains removed were: 0
INFO: [Opt 31-1834] Total Chains To Be Transformed Were: 0 AND Number of Transformed insts Created are: 0
INFO: [Opt 31-138] Pushed 2 inverter(s) to 2636 load pin(s).
INFO: [Opt 31-49] Retargeted 0 cell(s).
Phase 3 Retarget | Checksum: f02ef28b

Time (s): cpu = 00:00:11 ; elapsed = 00:00:04 . Memory (MB): peak = 0.000 ; gain = 0.000 ; free physical = 241250 ; free virtual = 337264
Retarget | Checksum: f02ef28b
INFO: [Opt 31-389] Phase Retarget created 587 cells and removed 589 cells

Phase 4 Constant propagation
INFO: [Opt 31-138] Pushed 0 inverter(s) to 0 load pin(s).
Phase 4 Constant propagation | Checksum: 7066aa58

Time (s): cpu = 00:00:11 ; elapsed = 00:00:05 . Memory (MB): peak = 0.000 ; gain = 0.000 ; free physical = 241186 ; free virtual = 337170
Constant propagation | Checksum: 7066aa58
INFO: [Opt 31-389] Phase Constant propagation created 1 cells and removed 100 cells

Phase 5 Sweep
INFO: [Constraints 18-11670] Building netlist checker database with flags, 0x8
Done building netlist checker database: Time (s): cpu = 00:00:00.04 ; elapsed = 00:00:00.04 . Memory (MB): peak = 0.000 ; gain = 0.000 ; free physical = 241095 ; free virtual = 337100
INFO: [Constraints 18-11670] Building netlist checker database with flags, 0x8
Done building netlist checker database: Time (s): cpu = 00:00:00.03 ; elapsed = 00:00:00.04 . Memory (MB): peak = 0.000 ; gain = 0.000 ; free physical = 240677 ; free virtual = 336693
Phase 5 Sweep | Checksum: 1032c6bef

Time (s): cpu = 00:00:13 ; elapsed = 00:00:06 . Memory (MB): peak = 0.000 ; gain = 0.000 ; free physical = 240435 ; free virtual = 336544
Sweep | Checksum: 1032c6bef
INFO: [Opt 31-389] Phase Sweep created 0 cells and removed 0 cells

Phase 6 BUFG optimization
INFO: [Opt 31-1077] Phase BUFG optimization inserted 0 global clock buffer(s) for CLOCK_LOW_FANOUT.
Phase 6 BUFG optimization | Checksum: 1032c6bef

Time (s): cpu = 00:00:13 ; elapsed = 00:00:07 . Memory (MB): peak = 0.000 ; gain = 0.000 ; free physical = 240420 ; free virtual = 336579
BUFG optimization | Checksum: 1032c6bef
INFO: [Opt 31-662] Phase BUFG optimization created 0 cells of which 0 are BUFGs and removed 0 cells.

Phase 7 Shift Register Optimization
INFO: [Opt 31-1064] SRL Remap converted 0 SRLs to 0 registers and converted 0 registers of register chains to 0 SRLs
Phase 7 Shift Register Optimization | Checksum: 1032c6bef

Time (s): cpu = 00:00:13 ; elapsed = 00:00:07 . Memory (MB): peak = 0.000 ; gain = 0.000 ; free physical = 240426 ; free virtual = 336565
Shift Register Optimization | Checksum: 1032c6bef
INFO: [Opt 31-389] Phase Shift Register Optimization created 0 cells and removed 0 cells

Phase 8 Post Processing Netlist
Phase 8 Post Processing Netlist | Checksum: 1032c6bef

Time (s): cpu = 00:00:14 ; elapsed = 00:00:07 . Memory (MB): peak = 0.000 ; gain = 0.000 ; free physical = 240422 ; free virtual = 336493
Post Processing Netlist | Checksum: 1032c6bef
INFO: [Opt 31-389] Phase Post Processing Netlist created 0 cells and removed 0 cells

Phase 9 Finalization

Phase 9.1 Finalizing Design Cores and Updating Shapes
Phase 9.1 Finalizing Design Cores and Updating Shapes | Checksum: 12c1264d8

Time (s): cpu = 00:00:16 ; elapsed = 00:00:10 . Memory (MB): peak = 0.000 ; gain = 0.000 ; free physical = 238814 ; free virtual = 335168

Phase 9.2 Verifying Netlist Connectivity

Starting Connectivity Check Task

Time (s): cpu = 00:00:00.1 ; elapsed = 00:00:00.11 . Memory (MB): peak = 0.000 ; gain = 0.000 ; free physical = 238799 ; free virtual = 335157
Phase 9.2 Verifying Netlist Connectivity | Checksum: 12c1264d8

Time (s): cpu = 00:00:16 ; elapsed = 00:00:10 . Memory (MB): peak = 0.000 ; gain = 0.000 ; free physical = 238793 ; free virtual = 335153
Phase 9 Finalization | Checksum: 12c1264d8

Time (s): cpu = 00:00:16 ; elapsed = 00:00:10 . Memory (MB): peak = 0.000 ; gain = 0.000 ; free physical = 238782 ; free virtual = 335144
Opt_design Change Summary
=========================


-------------------------------------------------------------------------------------------------------------------------
|  Phase                        |  #Cells created  |  #Cells Removed  |  #Constrained objects preventing optimizations  |
-------------------------------------------------------------------------------------------------------------------------
|  Retarget                     |             587  |             589  |                                              0  |
|  Constant propagation         |               1  |             100  |                                              0  |
|  Sweep                        |               0  |               0  |                                              0  |
|  BUFG optimization            |               0  |               0  |                                              0  |
|  Shift Register Optimization  |               0  |               0  |                                              0  |
|  Post Processing Netlist      |               0  |               0  |                                              0  |
-------------------------------------------------------------------------------------------------------------------------


Ending Logic Optimization Task | Checksum: 12c1264d8

Time (s): cpu = 00:00:16 ; elapsed = 00:00:10 . Memory (MB): peak = 0.000 ; gain = 0.000 ; free physical = 238777 ; free virtual = 335143

Starting Power Optimization Task
INFO: [Pwropt 34-132] Skipping clock gating for clocks with a period < 2.00 ns.
INFO: [Pwropt 34-9] Applying IDT optimizations ...
INFO: [Pwropt 34-10] Applying ODC optimizations ...
INFO: [Timing 38-35] Done setting XDC timing constraints.
Running Vector-less Activity Propagation...

Finished Running Vector-less Activity Propagation


Starting PowerOpt Patch Enables Task
INFO: [Pwropt 34-162] WRITE_MODE attribute of 0 BRAM(s) out of a total of 64 has been updated to save power. Run report_power_opt to get a complete listing of the BRAMs updated.
INFO: [Timing 38-35] Done setting XDC timing constraints.
INFO: [Pwropt 34-201] Structural ODC has moved 28 WE to EN ports
Number of BRAM Ports augmented: 4 newly gated: 44 Total Ports: 128
Ending PowerOpt Patch Enables Task | Checksum: 93b96cdd

Time (s): cpu = 00:00:22 ; elapsed = 00:00:06 . Memory (MB): peak = 0.000 ; gain = 0.000 ; free physical = 236595 ; free virtual = 333684
Ending Power Optimization Task | Checksum: 93b96cdd

Time (s): cpu = 00:01:08 ; elapsed = 00:00:20 . Memory (MB): peak = 0.000 ; gain = 0.000 ; free physical = 236593 ; free virtual = 333682

Starting Final Cleanup Task

Starting Logic Optimization Task
INFO: [Timing 38-35] Done setting XDC timing constraints.
Ending Logic Optimization Task | Checksum: d46fe747

Time (s): cpu = 00:00:28 ; elapsed = 00:00:08 . Memory (MB): peak = 0.000 ; gain = 0.000 ; free physical = 237381 ; free virtual = 334539
Ending Final Cleanup Task | Checksum: d46fe747

Time (s): cpu = 00:00:32 ; elapsed = 00:00:12 . Memory (MB): peak = 0.000 ; gain = 0.000 ; free physical = 237332 ; free virtual = 334494

Starting Netlist Obfuscation Task
Netlist sorting complete. Time (s): cpu = 00:00:00.01 ; elapsed = 00:00:00.02 . Memory (MB): peak = 0.000 ; gain = 0.000 ; free physical = 237311 ; free virtual = 334473
Ending Netlist Obfuscation Task | Checksum: d46fe747

Time (s): cpu = 00:00:00.02 ; elapsed = 00:00:00.02 . Memory (MB): peak = 0.000 ; gain = 0.000 ; free physical = 237308 ; free virtual = 334471
INFO: [Common 17-83] Releasing license: Implementation
42 Infos, 1 Warnings, 0 Critical Warnings and 0 Errors encountered.
opt_design completed successfully
opt_design: Time (s): cpu = 00:02:08 ; elapsed = 00:00:49 . Memory (MB): peak = 0.000 ; gain = 0.000 ; free physical = 237299 ; free virtual = 334461
INFO: [Vivado 12-24828] Executing command : report_drc -file bd_0_wrapper_drc_opted.rpt -pb bd_0_wrapper_drc_opted.pb -rpx bd_0_wrapper_drc_opted.rpx
Command: report_drc -file bd_0_wrapper_drc_opted.rpt -pb bd_0_wrapper_drc_opted.pb -rpx bd_0_wrapper_drc_opted.rpx
INFO: [IP_Flow 19-1839] IP Catalog is up to date.
INFO: [DRC 23-27] Running DRC with 8 threads
WARNING: [DRC 23-814] Not all possible (connectivity based) DRCs may have been run because this design is seen as Out of Context.
INFO: [Vivado_Tcl 2-168] The results of DRC are in file /nethome/shanda34/FPGA_ECE8893_SJH/2026_Spring/lab4/project_1/hls/impl/verilog/project.runs/impl_1/bd_0_wrapper_drc_opted.rpt.
report_drc completed successfully
report_drc: Time (s): cpu = 00:00:30 ; elapsed = 00:00:14 . Memory (MB): peak = 0.000 ; gain = 0.000 ; free physical = 241542 ; free virtual = 338661
generate_parallel_reports: Time (s): cpu = 00:00:30 ; elapsed = 00:00:14 . Memory (MB): peak = 0.000 ; gain = 0.000 ; free physical = 241541 ; free virtual = 338660
INFO: [Timing 38-35] Done setting XDC timing constraints.
INFO: [Timing 38-480] Writing timing data to binary archive.
Write ShapeDB Complete: Time (s): cpu = 00:00:00.52 ; elapsed = 00:00:00.15 . Memory (MB): peak = 0.000 ; gain = 0.000 ; free physical = 240357 ; free virtual = 337611
INFO: [Common 17-1381] The checkpoint '/nethome/shanda34/FPGA_ECE8893_SJH/2026_Spring/lab4/project_1/hls/impl/verilog/project.runs/impl_1/bd_0_wrapper_opt.dcp' has been generated.
write_checkpoint: Time (s): cpu = 00:00:28 ; elapsed = 00:00:09 . Memory (MB): peak = 0.000 ; gain = 0.000 ; free physical = 239298 ; free virtual = 336706
Command: place_design
Attempting to get a license for feature 'Implementation' and/or device 'xczu3eg'
INFO: [Common 17-349] Got license for feature 'Implementation' and/or device 'xczu3eg'
INFO: [Common 17-83] Releasing license: Implementation
INFO: [DRC 23-27] Running DRC with 8 threads
WARNING: [DRC 23-814] Not all possible (connectivity based) DRCs may have been run because this design is seen as Out of Context.
INFO: [Vivado_Tcl 4-198] DRC finished with 0 Errors
INFO: [Vivado_Tcl 4-199] Please refer to the DRC report (report_drc) for more information.
Running DRC as a precondition to command place_design
INFO: [DRC 23-27] Running DRC with 8 threads
WARNING: [DRC 23-814] Not all possible (connectivity based) DRCs may have been run because this design is seen as Out of Context.
INFO: [Vivado_Tcl 4-198] DRC finished with 0 Errors
INFO: [Vivado_Tcl 4-199] Please refer to the DRC report (report_drc) for more information.
INFO: [Place 30-611] Multithreading enabled for place_design using a maximum of 8 CPUs

Starting Placer Task

Phase 1 Placer Initialization

Phase 1.1 Placer Initialization Netlist Sorting
Netlist sorting complete. Time (s): cpu = 00:00:00.02 ; elapsed = 00:00:00.03 . Memory (MB): peak = 0.000 ; gain = 0.000 ; free physical = 237907 ; free virtual = 335288
Phase 1.1 Placer Initialization Netlist Sorting | Checksum: 32aeebb3

Time (s): cpu = 00:00:00.08 ; elapsed = 00:00:00.08 . Memory (MB): peak = 0.000 ; gain = 0.000 ; free physical = 237915 ; free virtual = 335295
Netlist sorting complete. Time (s): cpu = 00:00:00.02 ; elapsed = 00:00:00.02 . Memory (MB): peak = 0.000 ; gain = 0.000 ; free physical = 237911 ; free virtual = 335292

Phase 1.2 IO Placement/ Clock Placement/ Build Placer Device
Phase 1.2 IO Placement/ Clock Placement/ Build Placer Device | Checksum: 115020f69

Time (s): cpu = 00:00:42 ; elapsed = 00:00:27 . Memory (MB): peak = 0.000 ; gain = 0.000 ; free physical = 234927 ; free virtual = 332403

Phase 1.3 Build Placer Netlist Model
Phase 1.3 Build Placer Netlist Model | Checksum: 1aae6cf11

Time (s): cpu = 00:01:27 ; elapsed = 00:00:47 . Memory (MB): peak = 0.000 ; gain = 0.000 ; free physical = 229725 ; free virtual = 327434

Phase 1.4 Constrain Clocks/Macros
Phase 1.4 Constrain Clocks/Macros | Checksum: 1aae6cf11

Time (s): cpu = 00:01:27 ; elapsed = 00:00:47 . Memory (MB): peak = 0.000 ; gain = 0.000 ; free physical = 229704 ; free virtual = 327413
Phase 1 Placer Initialization | Checksum: 1aae6cf11

Time (s): cpu = 00:01:27 ; elapsed = 00:00:48 . Memory (MB): peak = 0.000 ; gain = 0.000 ; free physical = 229680 ; free virtual = 327390

Phase 2 Global Placement

Phase 2.1 Floorplanning

Phase 2.1.1 Partition Driven Placement

Phase 2.1.1.1 PBP: Partition Driven Placement
Phase 2.1.1.1 PBP: Partition Driven Placement | Checksum: 1a7244056

Time (s): cpu = 00:02:19 ; elapsed = 00:01:08 . Memory (MB): peak = 0.000 ; gain = 0.000 ; free physical = 230183 ; free virtual = 327897

Phase 2.1.1.2 PBP: Clock Region Placement
INFO: [Place 30-3164] Check ILP status : ILP-based clock placer is skipped.
Phase 2.1.1.2 PBP: Clock Region Placement | Checksum: 1a7244056

Time (s): cpu = 00:02:19 ; elapsed = 00:01:08 . Memory (MB): peak = 0.000 ; gain = 0.000 ; free physical = 230144 ; free virtual = 327860

Phase 2.1.1.3 PBP: Discrete Incremental
Phase 2.1.1.3 PBP: Discrete Incremental | Checksum: 1389d4177

Time (s): cpu = 00:02:20 ; elapsed = 00:01:09 . Memory (MB): peak = 0.000 ; gain = 0.000 ; free physical = 229884 ; free virtual = 327599

Phase 2.1.1.4 PBP: Compute Congestion
Phase 2.1.1.4 PBP: Compute Congestion | Checksum: 1389d4177

Time (s): cpu = 00:02:37 ; elapsed = 00:01:13 . Memory (MB): peak = 0.000 ; gain = 0.000 ; free physical = 229419 ; free virtual = 327138

Phase 2.1.1.5 PBP: Macro Placement
Phase 2.1.1.5 PBP: Macro Placement | Checksum: 23a069e7b

Time (s): cpu = 00:02:40 ; elapsed = 00:01:16 . Memory (MB): peak = 0.000 ; gain = 0.000 ; free physical = 229318 ; free virtual = 327083

Phase 2.1.1.6 PBP: UpdateTiming
Phase 2.1.1.6 PBP: UpdateTiming | Checksum: 28b33dd75

Time (s): cpu = 00:02:47 ; elapsed = 00:01:19 . Memory (MB): peak = 0.000 ; gain = 0.000 ; free physical = 228930 ; free virtual = 326780

Phase 2.1.1.7 PBP: Add part constraints
Phase 2.1.1.7 PBP: Add part constraints | Checksum: 28b33dd75

Time (s): cpu = 00:02:47 ; elapsed = 00:01:19 . Memory (MB): peak = 0.000 ; gain = 0.000 ; free physical = 228930 ; free virtual = 326781
Phase 2.1.1 Partition Driven Placement | Checksum: 28b33dd75

Time (s): cpu = 00:02:47 ; elapsed = 00:01:19 . Memory (MB): peak = 0.000 ; gain = 0.000 ; free physical = 228890 ; free virtual = 326761
Phase 2.1 Floorplanning | Checksum: 2703cc080

Time (s): cpu = 00:02:48 ; elapsed = 00:01:19 . Memory (MB): peak = 0.000 ; gain = 0.000 ; free physical = 228869 ; free virtual = 326757

Phase 2.2 Update Timing before SLR Path Opt
Phase 2.2 Update Timing before SLR Path Opt | Checksum: 2703cc080

Time (s): cpu = 00:02:48 ; elapsed = 00:01:19 . Memory (MB): peak = 0.000 ; gain = 0.000 ; free physical = 228831 ; free virtual = 326733

Phase 2.3 Post-Processing in Floorplanning
Phase 2.3 Post-Processing in Floorplanning | Checksum: 2703cc080

Time (s): cpu = 00:02:49 ; elapsed = 00:01:19 . Memory (MB): peak = 0.000 ; gain = 0.000 ; free physical = 228834 ; free virtual = 326736

Phase 2.4 Global Place Phase1
Phase 2.4 Global Place Phase1 | Checksum: 265e29f00

Time (s): cpu = 00:04:31 ; elapsed = 00:01:58 . Memory (MB): peak = 0.000 ; gain = 0.000 ; free physical = 225508 ; free virtual = 323494

Phase 2.5 Global Place Phase2

Phase 2.5.1 UpdateTiming Before Physical Synthesis
Phase 2.5.1 UpdateTiming Before Physical Synthesis | Checksum: 23b1da78f

Time (s): cpu = 00:04:38 ; elapsed = 00:01:59 . Memory (MB): peak = 0.000 ; gain = 0.000 ; free physical = 225433 ; free virtual = 323399

Phase 2.5.2 Physical Synthesis In Placer
INFO: [Physopt 32-1035] Found 0 LUTNM shape to break, 583 LUT instances to create LUTNM shape
INFO: [Physopt 32-1044] Break lutnm for timing: one critical 0, two critical 0, total 0, new lutff created 0
INFO: [Physopt 32-1138] End 1 Pass. Optimized 268 nets or LUTs. Breaked 0 LUT, combined 268 existing LUTs and moved 0 existing LUT
INFO: [Physopt 32-670] No setup violation found.  Equivalent Driver Rewiring was not performed.
INFO: [Physopt 32-65] No nets found for high-fanout optimization.
INFO: [Physopt 32-232] Optimized 0 net. Created 0 new instance.
INFO: [Physopt 32-775] End 1 Pass. Optimized 0 net or cell. Created 0 new cell, deleted 0 existing cell and moved 0 existing cell
INFO: [Physopt 32-670] No setup violation found.  DSP Register Optimization was not performed.
INFO: [Physopt 32-670] No setup violation found.  Shift Register to Pipeline Optimization was not performed.
INFO: [Physopt 32-670] No setup violation found.  Shift Register Optimization was not performed.
INFO: [Physopt 32-670] No setup violation found.  BRAM Register Optimization was not performed.
INFO: [Physopt 32-670] No setup violation found.  URAM Register Optimization was not performed.
INFO: [Physopt 32-949] No candidate nets found for dynamic/static region interface net replication
INFO: [Physopt 32-775] End 1 Pass. Optimized 0 net or cell. Created 0 new cell, deleted 0 existing cell and moved 0 existing cell
Netlist sorting complete. Time (s): cpu = 00:00:00.02 ; elapsed = 00:00:00.02 . Memory (MB): peak = 0.000 ; gain = 0.000 ; free physical = 228296 ; free virtual = 326268

Summary of Physical Synthesis Optimizations
============================================


-----------------------------------------------------------------------------------------------------------------------------------------------------------
|  Optimization                                     |  Added Cells  |  Removed Cells  |  Optimized Cells/Nets  |  Dont Touch  |  Iterations  |  Elapsed   |
-----------------------------------------------------------------------------------------------------------------------------------------------------------
|  LUT Combining                                    |            0  |            268  |                   268  |           0  |           1  |  00:00:01  |
|  Retime                                           |            0  |              0  |                     0  |           0  |           1  |  00:00:00  |
|  Equivalent Driver Rewiring                       |            0  |              0  |                     0  |           0  |           0  |  00:00:00  |
|  Very High Fanout                                 |            0  |              0  |                     0  |           0  |           1  |  00:00:00  |
|  DSP Register                                     |            0  |              0  |                     0  |           0  |           0  |  00:00:00  |
|  Shift Register to Pipeline                       |            0  |              0  |                     0  |           0  |           0  |  00:00:00  |
|  Shift Register                                   |            0  |              0  |                     0  |           0  |           0  |  00:00:00  |
|  BRAM Register                                    |            0  |              0  |                     0  |           0  |           0  |  00:00:00  |
|  URAM Register                                    |            0  |              0  |                     0  |           0  |           0  |  00:00:00  |
|  Dynamic/Static Region Interface Net Replication  |            0  |              0  |                     0  |           0  |           1  |  00:00:00  |
|  Total                                            |            0  |            268  |                   268  |           0  |           4  |  00:00:02  |
-----------------------------------------------------------------------------------------------------------------------------------------------------------


Phase 2.5.2 Physical Synthesis In Placer | Checksum: 1b65f7ab7

Time (s): cpu = 00:04:49 ; elapsed = 00:02:07 . Memory (MB): peak = 0.000 ; gain = 0.000 ; free physical = 224249 ; free virtual = 322234
Phase 2.5 Global Place Phase2 | Checksum: 21080b9d8

Time (s): cpu = 00:05:15 ; elapsed = 00:02:15 . Memory (MB): peak = 0.000 ; gain = 0.000 ; free physical = 223610 ; free virtual = 321596
Phase 2 Global Placement | Checksum: 21080b9d8

Time (s): cpu = 00:05:15 ; elapsed = 00:02:15 . Memory (MB): peak = 0.000 ; gain = 0.000 ; free physical = 223591 ; free virtual = 321578

Phase 3 Detail Placement

Phase 3.1 Commit Multi Column Macros
Phase 3.1 Commit Multi Column Macros | Checksum: 2125082cb

Time (s): cpu = 00:05:38 ; elapsed = 00:02:23 . Memory (MB): peak = 0.000 ; gain = 0.000 ; free physical = 223030 ; free virtual = 321024

Phase 3.2 Commit Most Macros & LUTRAMs
Phase 3.2 Commit Most Macros & LUTRAMs | Checksum: 1aa44d41e

Time (s): cpu = 00:05:51 ; elapsed = 00:02:28 . Memory (MB): peak = 0.000 ; gain = 0.000 ; free physical = 222404 ; free virtual = 320611

Phase 3.3 Small Shape DP

Phase 3.3.1 Small Shape Clustering
Phase 3.3.1 Small Shape Clustering | Checksum: 215ded044

Time (s): cpu = 00:06:09 ; elapsed = 00:02:34 . Memory (MB): peak = 0.000 ; gain = 0.000 ; free physical = 220966 ; free virtual = 319180

Phase 3.3.2 Slice Area Swap

Phase 3.3.2.1 Slice Area Swap Initial
Phase 3.3.2.1 Slice Area Swap Initial | Checksum: 1708ce393

Time (s): cpu = 00:06:15 ; elapsed = 00:02:39 . Memory (MB): peak = 0.000 ; gain = 0.000 ; free physical = 220485 ; free virtual = 318702
Phase 3.3.2 Slice Area Swap | Checksum: 1708ce393

Time (s): cpu = 00:06:16 ; elapsed = 00:02:39 . Memory (MB): peak = 0.000 ; gain = 0.000 ; free physical = 220328 ; free virtual = 318545
Phase 3.3 Small Shape DP | Checksum: 1f1edd818

Time (s): cpu = 00:06:37 ; elapsed = 00:02:46 . Memory (MB): peak = 0.000 ; gain = 0.000 ; free physical = 219267 ; free virtual = 317492

Phase 3.4 Re-assign LUT pins
Phase 3.4 Re-assign LUT pins | Checksum: 181fdd6ad

Time (s): cpu = 00:06:41 ; elapsed = 00:02:48 . Memory (MB): peak = 0.000 ; gain = 0.000 ; free physical = 218279 ; free virtual = 316508

Phase 3.5 Pipeline Register Optimization
Phase 3.5 Pipeline Register Optimization | Checksum: f22b9839

Time (s): cpu = 00:06:42 ; elapsed = 00:02:49 . Memory (MB): peak = 0.000 ; gain = 0.000 ; free physical = 218228 ; free virtual = 316459
Phase 3 Detail Placement | Checksum: f22b9839

Time (s): cpu = 00:06:43 ; elapsed = 00:02:49 . Memory (MB): peak = 0.000 ; gain = 0.000 ; free physical = 218164 ; free virtual = 316395

Phase 4 Post Placement Optimization and Clean-Up

Phase 4.1 Post Commit Optimization
INFO: [Timing 38-35] Done setting XDC timing constraints.

Phase 4.1.1 Post Placement Optimization
Post Placement Optimization Initialization | Checksum: 82cee832

Phase 4.1.1.1 BUFG Insertion

Starting Physical Synthesis Task

Phase 1 Physical Synthesis Initialization
INFO: [Physopt 32-721] Multithreading enabled for phys_opt_design using a maximum of 8 CPUs
INFO: [Physopt 32-619] Estimated Timing Summary | WNS=1.910 | TNS=0.000 |
Phase 1 Physical Synthesis Initialization | Checksum: 1007394eb

Time (s): cpu = 00:00:05 ; elapsed = 00:00:00.99 . Memory (MB): peak = 0.000 ; gain = 0.000 ; free physical = 227744 ; free virtual = 327057
INFO: [Place 30-3162] Check ILP status : ILP-based clock placer completed successfully.
INFO: [Place 30-3162] Check ILP status : ILP-based clock placer completed successfully.
INFO: [Place 46-35] Processed net bd_0_i/hls_inst/inst/k2_perspective_divide_U0/sdiv_34ns_32s_34_38_1_U45/top_kernel_sdiv_34ns_32s_34_38_1_divider_u/ap_enable_reg_pp0_iter39_reg, inserted BUFG to drive 8243 loads.
INFO: [Place 46-35] Processed net bd_0_i/hls_inst/inst/gmem0_m_axi_U/bus_read/rs_rdata/load_p1, inserted BUFG to drive 1025 loads.
INFO: [Place 46-35] Processed net bd_0_i/hls_inst/inst/gmem0_m_axi_U/bus_read/rs_rdata/load_p2, inserted BUFG to drive 1025 loads.
INFO: [Place 46-56] BUFG insertion identified 3 candidate nets. Inserted BUFG: 3, Replicated BUFG Driver: 0, Skipped due to Placement/Routing Conflicts: 0, Skipped due to Timing Degradation: 0, Skipped due to netlist editing failed: 0.
Ending Physical Synthesis Task | Checksum: 2108b0dbb

Time (s): cpu = 00:00:10 ; elapsed = 00:00:04 . Memory (MB): peak = 0.000 ; gain = 0.000 ; free physical = 226989 ; free virtual = 326595
Phase 4.1.1.1 BUFG Insertion | Checksum: 235b84207

Time (s): cpu = 00:07:56 ; elapsed = 00:03:10 . Memory (MB): peak = 0.000 ; gain = 0.000 ; free physical = 226988 ; free virtual = 326610

Phase 4.1.1.2 Post Placement Timing Optimization
INFO: [Place 30-746] Post Placement Timing Summary WNS=1.910. For the most accurate timing information please run report_timing.
Phase 4.1.1.2 Post Placement Timing Optimization | Checksum: 21910587d

Time (s): cpu = 00:07:57 ; elapsed = 00:03:11 . Memory (MB): peak = 0.000 ; gain = 0.000 ; free physical = 226960 ; free virtual = 326621

Time (s): cpu = 00:07:57 ; elapsed = 00:03:11 . Memory (MB): peak = 0.000 ; gain = 0.000 ; free physical = 226959 ; free virtual = 326620
Phase 4.1 Post Commit Optimization | Checksum: 21910587d

Time (s): cpu = 00:07:58 ; elapsed = 00:03:11 . Memory (MB): peak = 0.000 ; gain = 0.000 ; free physical = 226893 ; free virtual = 326587
Netlist sorting complete. Time (s): cpu = 00:00:00.17 ; elapsed = 00:00:00.18 . Memory (MB): peak = 0.000 ; gain = 0.000 ; free physical = 244252 ; free virtual = 344213

Phase 4.2 Post Placement Cleanup
Phase 4.2 Post Placement Cleanup | Checksum: 29455612b

Time (s): cpu = 00:08:19 ; elapsed = 00:03:19 . Memory (MB): peak = 0.000 ; gain = 0.000 ; free physical = 244200 ; free virtual = 344176

Phase 4.3 Placer Reporting

Phase 4.3.1 Print Estimated Congestion
INFO: [Place 30-612] Post-Placement Estimated Congestion 
 ________________________________________________________________________
|           | Global Congestion | Long Congestion   | Short Congestion  |
| Direction | Region Size       | Region Size       | Region Size       |
|___________|___________________|___________________|___________________|
|      North|                1x1|                1x1|                2x2|
|___________|___________________|___________________|___________________|
|      South|                1x1|                1x1|                2x2|
|___________|___________________|___________________|___________________|
|       East|                1x1|                1x1|                4x4|
|___________|___________________|___________________|___________________|
|       West|                1x1|                1x1|                4x4|
|___________|___________________|___________________|___________________|

Phase 4.3.1 Print Estimated Congestion | Checksum: 29455612b

Time (s): cpu = 00:08:20 ; elapsed = 00:03:19 . Memory (MB): peak = 0.000 ; gain = 0.000 ; free physical = 244112 ; free virtual = 344120
Phase 4.3 Placer Reporting | Checksum: 29455612b

Time (s): cpu = 00:08:21 ; elapsed = 00:03:19 . Memory (MB): peak = 0.000 ; gain = 0.000 ; free physical = 244028 ; free virtual = 344054

Phase 4.4 Final Placement Cleanup
Netlist sorting complete. Time (s): cpu = 00:00:00.01 ; elapsed = 00:00:00.01 . Memory (MB): peak = 0.000 ; gain = 0.000 ; free physical = 244023 ; free virtual = 344047

Time (s): cpu = 00:08:21 ; elapsed = 00:03:19 . Memory (MB): peak = 0.000 ; gain = 0.000 ; free physical = 244023 ; free virtual = 344047
Phase 4 Post Placement Optimization and Clean-Up | Checksum: 25c2e4b70

Time (s): cpu = 00:08:22 ; elapsed = 00:03:20 . Memory (MB): peak = 0.000 ; gain = 0.000 ; free physical = 243966 ; free virtual = 344007
Ending Placer Task | Checksum: 1a95acb79

Time (s): cpu = 00:08:22 ; elapsed = 00:03:20 . Memory (MB): peak = 0.000 ; gain = 0.000 ; free physical = 243920 ; free virtual = 343976
84 Infos, 4 Warnings, 0 Critical Warnings and 0 Errors encountered.
place_design completed successfully
place_design: Time (s): cpu = 00:08:50 ; elapsed = 00:03:34 . Memory (MB): peak = 0.000 ; gain = 0.000 ; free physical = 243904 ; free virtual = 343964
INFO: [Vivado 12-24838] Running report commands "report_control_sets, report_io, report_utilization" in parallel.
Running report generation with 3 threads.
INFO: [Vivado 12-24828] Executing command : report_control_sets -verbose -file bd_0_wrapper_control_sets_placed.rpt
report_control_sets: Time (s): cpu = 00:00:00.71 ; elapsed = 00:00:00.43 . Memory (MB): peak = 0.000 ; gain = 0.000 ; free physical = 244078 ; free virtual = 344050
INFO: [Vivado 12-24828] Executing command : report_io -file bd_0_wrapper_io_placed.rpt
report_io: Time (s): cpu = 00:00:00.92 ; elapsed = 00:00:00.58 . Memory (MB): peak = 0.000 ; gain = 0.000 ; free physical = 243999 ; free virtual = 343996
INFO: [Vivado 12-24828] Executing command : report_utilization -file bd_0_wrapper_utilization_placed.rpt -pb bd_0_wrapper_utilization_placed.pb
INFO: [Timing 38-480] Writing timing data to binary archive.
Write ShapeDB Complete: Time (s): cpu = 00:00:00.77 ; elapsed = 00:00:00.19 . Memory (MB): peak = 0.000 ; gain = 0.000 ; free physical = 243479 ; free virtual = 343674
Wrote PlaceDB: Time (s): cpu = 00:00:09 ; elapsed = 00:00:05 . Memory (MB): peak = 0.000 ; gain = 0.000 ; free physical = 242372 ; free virtual = 342808
Wrote PulsedLatchDB: Time (s): cpu = 00:00:00 ; elapsed = 00:00:00 . Memory (MB): peak = 0.000 ; gain = 0.000 ; free physical = 242367 ; free virtual = 342803
Writing XDEF routing.
Writing XDEF routing logical nets.
Writing XDEF routing special nets.
Wrote RouteStorage: Time (s): cpu = 00:00:00.38 ; elapsed = 00:00:00.44 . Memory (MB): peak = 0.000 ; gain = 0.000 ; free physical = 242372 ; free virtual = 342809
Wrote Netlist Cache: Time (s): cpu = 00:00:00.12 ; elapsed = 00:00:00.25 . Memory (MB): peak = 0.000 ; gain = 0.000 ; free physical = 242280 ; free virtual = 342726
Wrote Device Cache: Time (s): cpu = 00:00:00.02 ; elapsed = 00:00:00.05 . Memory (MB): peak = 0.000 ; gain = 0.000 ; free physical = 242262 ; free virtual = 342710
Write Physdb Complete: Time (s): cpu = 00:00:09 ; elapsed = 00:00:05 . Memory (MB): peak = 0.000 ; gain = 0.000 ; free physical = 242252 ; free virtual = 342701
INFO: [Common 17-1381] The checkpoint '/nethome/shanda34/FPGA_ECE8893_SJH/2026_Spring/lab4/project_1/hls/impl/verilog/project.runs/impl_1/bd_0_wrapper_placed.dcp' has been generated.
write_checkpoint: Time (s): cpu = 00:00:12 ; elapsed = 00:00:08 . Memory (MB): peak = 0.000 ; gain = 0.000 ; free physical = 241628 ; free virtual = 342039
Command: phys_opt_design
Attempting to get a license for feature 'Implementation' and/or device 'xczu3eg'
INFO: [Common 17-349] Got license for feature 'Implementation' and/or device 'xczu3eg'

Starting Initial Update Timing Task
WARNING: [Timing 38-242] The property HD.CLK_SRC of clock port "ap_clk" is not set. In out-of-context mode, this prevents timing estimation for clock delay/skew
Resolution: Set the HD.CLK_SRC property of the out-of-context port to the location of the clock buffer instance in the top-level design
WARNING: [Timing 38-242] The property HD.CLK_SRC of clock port "m_axi_gmem0_rvalid" is not set. In out-of-context mode, this prevents timing estimation for clock delay/skew
Resolution: Set the HD.CLK_SRC property of the out-of-context port to the location of the clock buffer instance in the top-level design

Time (s): cpu = 00:00:27 ; elapsed = 00:00:08 . Memory (MB): peak = 0.000 ; gain = 0.000 ; free physical = 245970 ; free virtual = 346416
INFO: [Vivado_Tcl 4-2279] Estimated Timing Summary | WNS= 1.908 | TNS= 0.000 | 
INFO: [Vivado_Tcl 4-383] Design worst setup slack (WNS) is greater than or equal to 0.000 ns. All physical synthesis setup optimizations will be skipped.
INFO: [Vivado_Tcl 4-232] No setup violation found. The netlist was not modified.
INFO: [Common 17-83] Releasing license: Implementation
95 Infos, 6 Warnings, 0 Critical Warnings and 0 Errors encountered.
phys_opt_design completed successfully
phys_opt_design: Time (s): cpu = 00:00:28 ; elapsed = 00:00:08 . Memory (MB): peak = 0.000 ; gain = 0.000 ; free physical = 245971 ; free virtual = 346417
INFO: [Timing 38-480] Writing timing data to binary archive.
Write ShapeDB Complete: Time (s): cpu = 00:00:00.79 ; elapsed = 00:00:00.18 . Memory (MB): peak = 0.000 ; gain = 0.000 ; free physical = 245997 ; free virtual = 346447
Wrote PlaceDB: Time (s): cpu = 00:00:09 ; elapsed = 00:00:05 . Memory (MB): peak = 0.000 ; gain = 0.000 ; free physical = 245523 ; free virtual = 345990
Wrote PulsedLatchDB: Time (s): cpu = 00:00:00.01 ; elapsed = 00:00:00 . Memory (MB): peak = 0.000 ; gain = 0.000 ; free physical = 245523 ; free virtual = 345989
Writing XDEF routing.
Writing XDEF routing logical nets.
Writing XDEF routing special nets.
Wrote RouteStorage: Time (s): cpu = 00:00:00.31 ; elapsed = 00:00:00.38 . Memory (MB): peak = 0.000 ; gain = 0.000 ; free physical = 245421 ; free virtual = 345889
Wrote Netlist Cache: Time (s): cpu = 00:00:00.13 ; elapsed = 00:00:00.27 . Memory (MB): peak = 0.000 ; gain = 0.000 ; free physical = 245388 ; free virtual = 345864
Wrote Device Cache: Time (s): cpu = 00:00:00.03 ; elapsed = 00:00:00.04 . Memory (MB): peak = 0.000 ; gain = 0.000 ; free physical = 245386 ; free virtual = 345865
Write Physdb Complete: Time (s): cpu = 00:00:10 ; elapsed = 00:00:05 . Memory (MB): peak = 0.000 ; gain = 0.000 ; free physical = 245382 ; free virtual = 345868
INFO: [Common 17-1381] The checkpoint '/nethome/shanda34/FPGA_ECE8893_SJH/2026_Spring/lab4/project_1/hls/impl/verilog/project.runs/impl_1/bd_0_wrapper_physopt.dcp' has been generated.
write_checkpoint: Time (s): cpu = 00:00:12 ; elapsed = 00:00:08 . Memory (MB): peak = 0.000 ; gain = 0.000 ; free physical = 245694 ; free virtual = 346144
Command: route_design
Attempting to get a license for feature 'Implementation' and/or device 'xczu3eg'
INFO: [Common 17-349] Got license for feature 'Implementation' and/or device 'xczu3eg'


Starting Routing Task
INFO: [Route 35-254] Multithreading enabled for route_design using a maximum of 8 CPUs

Phase 1 Build RT Design
Checksum: PlaceDB: f97659a8 ConstDB: 0 ShapeSum: 150cf165 RouteDB: 9ad7806c
Nodegraph reading from file.  Time (s): cpu = 00:00:00.8 ; elapsed = 00:00:00.87 . Memory (MB): peak = 0.000 ; gain = 0.000 ; free physical = 245351 ; free virtual = 345807
WARNING: [Route 35-197] Clock port "ap_clk" does not have an associated HD.CLK_SRC. Without this constraint, timing analysis may not be accurate and upstream checks cannot be done to ensure correct clock placement.
WARNING: [Route 35-198] Port "ap_rst_n" does not have an associated HD.PARTPIN_LOCS, which will prevent the partial routing of the signal "ap_rst_n". Without this partial route, timing analysis to/from this port will not be accurate, and no routing information for this port can be exported.
WARNING: [Route 35-198] Port "s_axi_control_wstrb[3]" does not have an associated HD.PARTPIN_LOCS, which will prevent the partial routing of the signal "s_axi_control_wstrb[3]". Without this partial route, timing analysis to/from this port will not be accurate, and no routing information for this port can be exported.
WARNING: [Route 35-198] Port "s_axi_control_wdata[28]" does not have an associated HD.PARTPIN_LOCS, which will prevent the partial routing of the signal "s_axi_control_wdata[28]". Without this partial route, timing analysis to/from this port will not be accurate, and no routing information for this port can be exported.
WARNING: [Route 35-198] Port "s_axi_control_wdata[30]" does not have an associated HD.PARTPIN_LOCS, which will prevent the partial routing of the signal "s_axi_control_wdata[30]". Without this partial route, timing analysis to/from this port will not be accurate, and no routing information for this port can be exported.
WARNING: [Route 35-198] Port "s_axi_control_araddr[0]" does not have an associated HD.PARTPIN_LOCS, which will prevent the partial routing of the signal "s_axi_control_araddr[0]". Without this partial route, timing analysis to/from this port will not be accurate, and no routing information for this port can be exported.
WARNING: [Route 35-198] Port "s_axi_control_araddr[1]" does not have an associated HD.PARTPIN_LOCS, which will prevent the partial routing of the signal "s_axi_control_araddr[1]". Without this partial route, timing analysis to/from this port will not be accurate, and no routing information for this port can be exported.
WARNING: [Route 35-198] Port "s_axi_control_araddr[2]" does not have an associated HD.PARTPIN_LOCS, which will prevent the partial routing of the signal "s_axi_control_araddr[2]". Without this partial route, timing analysis to/from this port will not be accurate, and no routing information for this port can be exported.
WARNING: [Route 35-198] Port "s_axi_control_araddr[4]" does not have an associated HD.PARTPIN_LOCS, which will prevent the partial routing of the signal "s_axi_control_araddr[4]". Without this partial route, timing analysis to/from this port will not be accurate, and no routing information for this port can be exported.
WARNING: [Route 35-198] Port "s_axi_control_araddr[5]" does not have an associated HD.PARTPIN_LOCS, which will prevent the partial routing of the signal "s_axi_control_araddr[5]". Without this partial route, timing analysis to/from this port will not be accurate, and no routing information for this port can be exported.
WARNING: [Route 35-198] Port "s_axi_control_araddr[3]" does not have an associated HD.PARTPIN_LOCS, which will prevent the partial routing of the signal "s_axi_control_araddr[3]". Without this partial route, timing analysis to/from this port will not be accurate, and no routing information for this port can be exported.
WARNING: [Route 35-198] Port "s_axi_control_wstrb[2]" does not have an associated HD.PARTPIN_LOCS, which will prevent the partial routing of the signal "s_axi_control_wstrb[2]". Without this partial route, timing analysis to/from this port will not be accurate, and no routing information for this port can be exported.
WARNING: [Route 35-198] Port "s_axi_control_wdata[19]" does not have an associated HD.PARTPIN_LOCS, which will prevent the partial routing of the signal "s_axi_control_wdata[19]". Without this partial route, timing analysis to/from this port will not be accurate, and no routing information for this port can be exported.
WARNING: [Route 35-198] Port "s_axi_control_wdata[20]" does not have an associated HD.PARTPIN_LOCS, which will prevent the partial routing of the signal "s_axi_control_wdata[20]". Without this partial route, timing analysis to/from this port will not be accurate, and no routing information for this port can be exported.
WARNING: [Route 35-198] Port "s_axi_control_wdata[25]" does not have an associated HD.PARTPIN_LOCS, which will prevent the partial routing of the signal "s_axi_control_wdata[25]". Without this partial route, timing analysis to/from this port will not be accurate, and no routing information for this port can be exported.
WARNING: [Route 35-198] Port "s_axi_control_wdata[22]" does not have an associated HD.PARTPIN_LOCS, which will prevent the partial routing of the signal "s_axi_control_wdata[22]". Without this partial route, timing analysis to/from this port will not be accurate, and no routing information for this port can be exported.
WARNING: [Route 35-198] Port "s_axi_control_wdata[24]" does not have an associated HD.PARTPIN_LOCS, which will prevent the partial routing of the signal "s_axi_control_wdata[24]". Without this partial route, timing analysis to/from this port will not be accurate, and no routing information for this port can be exported.
WARNING: [Route 35-198] Port "s_axi_control_wdata[26]" does not have an associated HD.PARTPIN_LOCS, which will prevent the partial routing of the signal "s_axi_control_wdata[26]". Without this partial route, timing analysis to/from this port will not be accurate, and no routing information for this port can be exported.
WARNING: [Route 35-198] Port "s_axi_control_wdata[18]" does not have an associated HD.PARTPIN_LOCS, which will prevent the partial routing of the signal "s_axi_control_wdata[18]". Without this partial route, timing analysis to/from this port will not be accurate, and no routing information for this port can be exported.
WARNING: [Route 35-198] Port "s_axi_control_wdata[29]" does not have an associated HD.PARTPIN_LOCS, which will prevent the partial routing of the signal "s_axi_control_wdata[29]". Without this partial route, timing analysis to/from this port will not be accurate, and no routing information for this port can be exported.
WARNING: [Route 35-198] Port "s_axi_control_wdata[21]" does not have an associated HD.PARTPIN_LOCS, which will prevent the partial routing of the signal "s_axi_control_wdata[21]". Without this partial route, timing analysis to/from this port will not be accurate, and no routing information for this port can be exported.
WARNING: [Route 35-198] Port "s_axi_control_wdata[23]" does not have an associated HD.PARTPIN_LOCS, which will prevent the partial routing of the signal "s_axi_control_wdata[23]". Without this partial route, timing analysis to/from this port will not be accurate, and no routing information for this port can be exported.
WARNING: [Route 35-198] Port "s_axi_control_wdata[31]" does not have an associated HD.PARTPIN_LOCS, which will prevent the partial routing of the signal "s_axi_control_wdata[31]". Without this partial route, timing analysis to/from this port will not be accurate, and no routing information for this port can be exported.
WARNING: [Route 35-198] Port "s_axi_control_wdata[27]" does not have an associated HD.PARTPIN_LOCS, which will prevent the partial routing of the signal "s_axi_control_wdata[27]". Without this partial route, timing analysis to/from this port will not be accurate, and no routing information for this port can be exported.
WARNING: [Route 35-198] Port "s_axi_control_wstrb[1]" does not have an associated HD.PARTPIN_LOCS, which will prevent the partial routing of the signal "s_axi_control_wstrb[1]". Without this partial route, timing analysis to/from this port will not be accurate, and no routing information for this port can be exported.
WARNING: [Route 35-198] Port "s_axi_control_wdata[10]" does not have an associated HD.PARTPIN_LOCS, which will prevent the partial routing of the signal "s_axi_control_wdata[10]". Without this partial route, timing analysis to/from this port will not be accurate, and no routing information for this port can be exported.
WARNING: [Route 35-198] Port "s_axi_control_wdata[14]" does not have an associated HD.PARTPIN_LOCS, which will prevent the partial routing of the signal "s_axi_control_wdata[14]". Without this partial route, timing analysis to/from this port will not be accurate, and no routing information for this port can be exported.
WARNING: [Route 35-198] Port "s_axi_control_wdata[16]" does not have an associated HD.PARTPIN_LOCS, which will prevent the partial routing of the signal "s_axi_control_wdata[16]". Without this partial route, timing analysis to/from this port will not be accurate, and no routing information for this port can be exported.
WARNING: [Route 35-198] Port "s_axi_control_wdata[12]" does not have an associated HD.PARTPIN_LOCS, which will prevent the partial routing of the signal "s_axi_control_wdata[12]". Without this partial route, timing analysis to/from this port will not be accurate, and no routing information for this port can be exported.
WARNING: [Route 35-198] Port "s_axi_control_wstrb[0]" does not have an associated HD.PARTPIN_LOCS, which will prevent the partial routing of the signal "s_axi_control_wstrb[0]". Without this partial route, timing analysis to/from this port will not be accurate, and no routing information for this port can be exported.
WARNING: [Route 35-198] Port "s_axi_control_wdata[4]" does not have an associated HD.PARTPIN_LOCS, which will prevent the partial routing of the signal "s_axi_control_wdata[4]". Without this partial route, timing analysis to/from this port will not be accurate, and no routing information for this port can be exported.
WARNING: [Route 35-198] Port "s_axi_control_wdata[5]" does not have an associated HD.PARTPIN_LOCS, which will prevent the partial routing of the signal "s_axi_control_wdata[5]". Without this partial route, timing analysis to/from this port will not be accurate, and no routing information for this port can be exported.
WARNING: [Route 35-198] Port "s_axi_control_wdata[13]" does not have an associated HD.PARTPIN_LOCS, which will prevent the partial routing of the signal "s_axi_control_wdata[13]". Without this partial route, timing analysis to/from this port will not be accurate, and no routing information for this port can be exported.
WARNING: [Route 35-198] Port "s_axi_control_wdata[11]" does not have an associated HD.PARTPIN_LOCS, which will prevent the partial routing of the signal "s_axi_control_wdata[11]". Without this partial route, timing analysis to/from this port will not be accurate, and no routing information for this port can be exported.
WARNING: [Route 35-198] Port "s_axi_control_wdata[6]" does not have an associated HD.PARTPIN_LOCS, which will prevent the partial routing of the signal "s_axi_control_wdata[6]". Without this partial route, timing analysis to/from this port will not be accurate, and no routing information for this port can be exported.
WARNING: [Route 35-198] Port "s_axi_control_wdata[8]" does not have an associated HD.PARTPIN_LOCS, which will prevent the partial routing of the signal "s_axi_control_wdata[8]". Without this partial route, timing analysis to/from this port will not be accurate, and no routing information for this port can be exported.
WARNING: [Route 35-198] Port "s_axi_control_wdata[15]" does not have an associated HD.PARTPIN_LOCS, which will prevent the partial routing of the signal "s_axi_control_wdata[15]". Without this partial route, timing analysis to/from this port will not be accurate, and no routing information for this port can be exported.
WARNING: [Route 35-198] Port "s_axi_control_wdata[17]" does not have an associated HD.PARTPIN_LOCS, which will prevent the partial routing of the signal "s_axi_control_wdata[17]". Without this partial route, timing analysis to/from this port will not be accurate, and no routing information for this port can be exported.
WARNING: [Route 35-198] Port "m_axi_gmem2_arready" does not have an associated HD.PARTPIN_LOCS, which will prevent the partial routing of the signal "m_axi_gmem2_arready". Without this partial route, timing analysis to/from this port will not be accurate, and no routing information for this port can be exported.
WARNING: [Route 35-198] Port "s_axi_control_wdata[3]" does not have an associated HD.PARTPIN_LOCS, which will prevent the partial routing of the signal "s_axi_control_wdata[3]". Without this partial route, timing analysis to/from this port will not be accurate, and no routing information for this port can be exported.
WARNING: [Route 35-198] Port "s_axi_control_wdata[9]" does not have an associated HD.PARTPIN_LOCS, which will prevent the partial routing of the signal "s_axi_control_wdata[9]". Without this partial route, timing analysis to/from this port will not be accurate, and no routing information for this port can be exported.
WARNING: [Route 35-198] Port "s_axi_control_wvalid" does not have an associated HD.PARTPIN_LOCS, which will prevent the partial routing of the signal "s_axi_control_wvalid". Without this partial route, timing analysis to/from this port will not be accurate, and no routing information for this port can be exported.
WARNING: [Route 35-198] Port "s_axi_control_wdata[2]" does not have an associated HD.PARTPIN_LOCS, which will prevent the partial routing of the signal "s_axi_control_wdata[2]". Without this partial route, timing analysis to/from this port will not be accurate, and no routing information for this port can be exported.
WARNING: [Route 35-198] Port "s_axi_control_wdata[0]" does not have an associated HD.PARTPIN_LOCS, which will prevent the partial routing of the signal "s_axi_control_wdata[0]". Without this partial route, timing analysis to/from this port will not be accurate, and no routing information for this port can be exported.
WARNING: [Route 35-198] Port "s_axi_control_wdata[7]" does not have an associated HD.PARTPIN_LOCS, which will prevent the partial routing of the signal "s_axi_control_wdata[7]". Without this partial route, timing analysis to/from this port will not be accurate, and no routing information for this port can be exported.
WARNING: [Route 35-198] Port "s_axi_control_arvalid" does not have an associated HD.PARTPIN_LOCS, which will prevent the partial routing of the signal "s_axi_control_arvalid". Without this partial route, timing analysis to/from this port will not be accurate, and no routing information for this port can be exported.
WARNING: [Route 35-198] Port "s_axi_control_rready" does not have an associated HD.PARTPIN_LOCS, which will prevent the partial routing of the signal "s_axi_control_rready". Without this partial route, timing analysis to/from this port will not be accurate, and no routing information for this port can be exported.
WARNING: [Route 35-198] Port "s_axi_control_awvalid" does not have an associated HD.PARTPIN_LOCS, which will prevent the partial routing of the signal "s_axi_control_awvalid". Without this partial route, timing analysis to/from this port will not be accurate, and no routing information for this port can be exported.
WARNING: [Route 35-198] Port "s_axi_control_bready" does not have an associated HD.PARTPIN_LOCS, which will prevent the partial routing of the signal "s_axi_control_bready". Without this partial route, timing analysis to/from this port will not be accurate, and no routing information for this port can be exported.
WARNING: [Route 35-198] Port "s_axi_control_awaddr[2]" does not have an associated HD.PARTPIN_LOCS, which will prevent the partial routing of the signal "s_axi_control_awaddr[2]". Without this partial route, timing analysis to/from this port will not be accurate, and no routing information for this port can be exported.
WARNING: [Route 35-198] Port "s_axi_control_awaddr[3]" does not have an associated HD.PARTPIN_LOCS, which will prevent the partial routing of the signal "s_axi_control_awaddr[3]". Without this partial route, timing analysis to/from this port will not be accurate, and no routing information for this port can be exported.
WARNING: [Route 35-198] Port "s_axi_control_awaddr[4]" does not have an associated HD.PARTPIN_LOCS, which will prevent the partial routing of the signal "s_axi_control_awaddr[4]". Without this partial route, timing analysis to/from this port will not be accurate, and no routing information for this port can be exported.
WARNING: [Route 35-198] Port "s_axi_control_awaddr[5]" does not have an associated HD.PARTPIN_LOCS, which will prevent the partial routing of the signal "s_axi_control_awaddr[5]". Without this partial route, timing analysis to/from this port will not be accurate, and no routing information for this port can be exported.
WARNING: [Route 35-198] Port "m_axi_gmem1_bvalid" does not have an associated HD.PARTPIN_LOCS, which will prevent the partial routing of the signal "m_axi_gmem1_bvalid". Without this partial route, timing analysis to/from this port will not be accurate, and no routing information for this port can be exported.
WARNING: [Route 35-198] Port "s_axi_control_wdata[1]" does not have an associated HD.PARTPIN_LOCS, which will prevent the partial routing of the signal "s_axi_control_wdata[1]". Without this partial route, timing analysis to/from this port will not be accurate, and no routing information for this port can be exported.
WARNING: [Route 35-198] Port "m_axi_gmem2_rvalid" does not have an associated HD.PARTPIN_LOCS, which will prevent the partial routing of the signal "m_axi_gmem2_rvalid". Without this partial route, timing analysis to/from this port will not be accurate, and no routing information for this port can be exported.
WARNING: [Route 35-198] Port "m_axi_gmem1_awready" does not have an associated HD.PARTPIN_LOCS, which will prevent the partial routing of the signal "m_axi_gmem1_awready". Without this partial route, timing analysis to/from this port will not be accurate, and no routing information for this port can be exported.
WARNING: [Route 35-198] Port "m_axi_gmem1_wready" does not have an associated HD.PARTPIN_LOCS, which will prevent the partial routing of the signal "m_axi_gmem1_wready". Without this partial route, timing analysis to/from this port will not be accurate, and no routing information for this port can be exported.
WARNING: [Route 35-198] Port "m_axi_gmem0_arready" does not have an associated HD.PARTPIN_LOCS, which will prevent the partial routing of the signal "m_axi_gmem0_arready". Without this partial route, timing analysis to/from this port will not be accurate, and no routing information for this port can be exported.
WARNING: [Route 35-198] Port "m_axi_gmem0_rdata[835]" does not have an associated HD.PARTPIN_LOCS, which will prevent the partial routing of the signal "m_axi_gmem0_rdata[835]". Without this partial route, timing analysis to/from this port will not be accurate, and no routing information for this port can be exported.
WARNING: [Route 35-198] Port "m_axi_gmem0_rdata[839]" does not have an associated HD.PARTPIN_LOCS, which will prevent the partial routing of the signal "m_axi_gmem0_rdata[839]". Without this partial route, timing analysis to/from this port will not be accurate, and no routing information for this port can be exported.
WARNING: [Route 35-198] Port "m_axi_gmem0_rdata[851]" does not have an associated HD.PARTPIN_LOCS, which will prevent the partial routing of the signal "m_axi_gmem0_rdata[851]". Without this partial route, timing analysis to/from this port will not be accurate, and no routing information for this port can be exported.
WARNING: [Route 35-198] Port "m_axi_gmem0_rdata[803]" does not have an associated HD.PARTPIN_LOCS, which will prevent the partial routing of the signal "m_axi_gmem0_rdata[803]". Without this partial route, timing analysis to/from this port will not be accurate, and no routing information for this port can be exported.
WARNING: [Route 35-198] Port "m_axi_gmem0_rdata[805]" does not have an associated HD.PARTPIN_LOCS, which will prevent the partial routing of the signal "m_axi_gmem0_rdata[805]". Without this partial route, timing analysis to/from this port will not be accurate, and no routing information for this port can be exported.
WARNING: [Route 35-198] Port "m_axi_gmem0_rdata[819]" does not have an associated HD.PARTPIN_LOCS, which will prevent the partial routing of the signal "m_axi_gmem0_rdata[819]". Without this partial route, timing analysis to/from this port will not be accurate, and no routing information for this port can be exported.
WARNING: [Route 35-198] Port "m_axi_gmem0_rdata[833]" does not have an associated HD.PARTPIN_LOCS, which will prevent the partial routing of the signal "m_axi_gmem0_rdata[833]". Without this partial route, timing analysis to/from this port will not be accurate, and no routing information for this port can be exported.
WARNING: [Route 35-198] Port "m_axi_gmem0_rdata[837]" does not have an associated HD.PARTPIN_LOCS, which will prevent the partial routing of the signal "m_axi_gmem0_rdata[837]". Without this partial route, timing analysis to/from this port will not be accurate, and no routing information for this port can be exported.
WARNING: [Route 35-198] Port "m_axi_gmem0_rdata[817]" does not have an associated HD.PARTPIN_LOCS, which will prevent the partial routing of the signal "m_axi_gmem0_rdata[817]". Without this partial route, timing analysis to/from this port will not be accurate, and no routing information for this port can be exported.
WARNING: [Route 35-198] Port "m_axi_gmem0_rdata[854]" does not have an associated HD.PARTPIN_LOCS, which will prevent the partial routing of the signal "m_axi_gmem0_rdata[854]". Without this partial route, timing analysis to/from this port will not be accurate, and no routing information for this port can be exported.
WARNING: [Route 35-198] Port "m_axi_gmem0_rdata[857]" does not have an associated HD.PARTPIN_LOCS, which will prevent the partial routing of the signal "m_axi_gmem0_rdata[857]". Without this partial route, timing analysis to/from this port will not be accurate, and no routing information for this port can be exported.
WARNING: [Route 35-198] Port "m_axi_gmem0_rdata[812]" does not have an associated HD.PARTPIN_LOCS, which will prevent the partial routing of the signal "m_axi_gmem0_rdata[812]". Without this partial route, timing analysis to/from this port will not be accurate, and no routing information for this port can be exported.
WARNING: [Route 35-198] Port "m_axi_gmem0_rdata[813]" does not have an associated HD.PARTPIN_LOCS, which will prevent the partial routing of the signal "m_axi_gmem0_rdata[813]". Without this partial route, timing analysis to/from this port will not be accurate, and no routing information for this port can be exported.
WARNING: [Route 35-198] Port "m_axi_gmem0_rdata[815]" does not have an associated HD.PARTPIN_LOCS, which will prevent the partial routing of the signal "m_axi_gmem0_rdata[815]". Without this partial route, timing analysis to/from this port will not be accurate, and no routing information for this port can be exported.
WARNING: [Route 35-198] Port "m_axi_gmem0_rdata[841]" does not have an associated HD.PARTPIN_LOCS, which will prevent the partial routing of the signal "m_axi_gmem0_rdata[841]". Without this partial route, timing analysis to/from this port will not be accurate, and no routing information for this port can be exported.
WARNING: [Route 35-198] Port "m_axi_gmem0_rdata[861]" does not have an associated HD.PARTPIN_LOCS, which will prevent the partial routing of the signal "m_axi_gmem0_rdata[861]". Without this partial route, timing analysis to/from this port will not be accurate, and no routing information for this port can be exported.
WARNING: [Route 35-198] Port "m_axi_gmem0_rdata[831]" does not have an associated HD.PARTPIN_LOCS, which will prevent the partial routing of the signal "m_axi_gmem0_rdata[831]". Without this partial route, timing analysis to/from this port will not be accurate, and no routing information for this port can be exported.
WARNING: [Route 35-198] Port "m_axi_gmem0_rdata[794]" does not have an associated HD.PARTPIN_LOCS, which will prevent the partial routing of the signal "m_axi_gmem0_rdata[794]". Without this partial route, timing analysis to/from this port will not be accurate, and no routing information for this port can be exported.
WARNING: [Route 35-198] Port "m_axi_gmem0_rdata[848]" does not have an associated HD.PARTPIN_LOCS, which will prevent the partial routing of the signal "m_axi_gmem0_rdata[848]". Without this partial route, timing analysis to/from this port will not be accurate, and no routing information for this port can be exported.
WARNING: [Route 35-198] Port "m_axi_gmem0_rdata[850]" does not have an associated HD.PARTPIN_LOCS, which will prevent the partial routing of the signal "m_axi_gmem0_rdata[850]". Without this partial route, timing analysis to/from this port will not be accurate, and no routing information for this port can be exported.
WARNING: [Route 35-198] Port "m_axi_gmem0_rdata[858]" does not have an associated HD.PARTPIN_LOCS, which will prevent the partial routing of the signal "m_axi_gmem0_rdata[858]". Without this partial route, timing analysis to/from this port will not be accurate, and no routing information for this port can be exported.
WARNING: [Route 35-198] Port "m_axi_gmem0_rdata[688]" does not have an associated HD.PARTPIN_LOCS, which will prevent the partial routing of the signal "m_axi_gmem0_rdata[688]". Without this partial route, timing analysis to/from this port will not be accurate, and no routing information for this port can be exported.
WARNING: [Route 35-198] Port "m_axi_gmem0_rdata[709]" does not have an associated HD.PARTPIN_LOCS, which will prevent the partial routing of the signal "m_axi_gmem0_rdata[709]". Without this partial route, timing analysis to/from this port will not be accurate, and no routing information for this port can be exported.
WARNING: [Route 35-198] Port "m_axi_gmem0_rdata[712]" does not have an associated HD.PARTPIN_LOCS, which will prevent the partial routing of the signal "m_axi_gmem0_rdata[712]". Without this partial route, timing analysis to/from this port will not be accurate, and no routing information for this port can be exported.
WARNING: [Route 35-198] Port "m_axi_gmem0_rdata[716]" does not have an associated HD.PARTPIN_LOCS, which will prevent the partial routing of the signal "m_axi_gmem0_rdata[716]". Without this partial route, timing analysis to/from this port will not be accurate, and no routing information for this port can be exported.
WARNING: [Route 35-198] Port "m_axi_gmem0_rdata[799]" does not have an associated HD.PARTPIN_LOCS, which will prevent the partial routing of the signal "m_axi_gmem0_rdata[799]". Without this partial route, timing analysis to/from this port will not be accurate, and no routing information for this port can be exported.
WARNING: [Route 35-198] Port "m_axi_gmem0_rdata[801]" does not have an associated HD.PARTPIN_LOCS, which will prevent the partial routing of the signal "m_axi_gmem0_rdata[801]". Without this partial route, timing analysis to/from this port will not be accurate, and no routing information for this port can be exported.
WARNING: [Route 35-198] Port "m_axi_gmem0_rdata[823]" does not have an associated HD.PARTPIN_LOCS, which will prevent the partial routing of the signal "m_axi_gmem0_rdata[823]". Without this partial route, timing analysis to/from this port will not be accurate, and no routing information for this port can be exported.
WARNING: [Route 35-198] Port "m_axi_gmem0_rdata[827]" does not have an associated HD.PARTPIN_LOCS, which will prevent the partial routing of the signal "m_axi_gmem0_rdata[827]". Without this partial route, timing analysis to/from this port will not be accurate, and no routing information for this port can be exported.
WARNING: [Route 35-198] Port "m_axi_gmem0_rdata[853]" does not have an associated HD.PARTPIN_LOCS, which will prevent the partial routing of the signal "m_axi_gmem0_rdata[853]". Without this partial route, timing analysis to/from this port will not be accurate, and no routing information for this port can be exported.
WARNING: [Route 35-198] Port "m_axi_gmem0_rdata[855]" does not have an associated HD.PARTPIN_LOCS, which will prevent the partial routing of the signal "m_axi_gmem0_rdata[855]". Without this partial route, timing analysis to/from this port will not be accurate, and no routing information for this port can be exported.
WARNING: [Route 35-198] Port "m_axi_gmem0_rdata[863]" does not have an associated HD.PARTPIN_LOCS, which will prevent the partial routing of the signal "m_axi_gmem0_rdata[863]". Without this partial route, timing analysis to/from this port will not be accurate, and no routing information for this port can be exported.
WARNING: [Route 35-198] Port "m_axi_gmem0_rdata[659]" does not have an associated HD.PARTPIN_LOCS, which will prevent the partial routing of the signal "m_axi_gmem0_rdata[659]". Without this partial route, timing analysis to/from this port will not be accurate, and no routing information for this port can be exported.
WARNING: [Route 35-198] Port "m_axi_gmem0_rdata[669]" does not have an associated HD.PARTPIN_LOCS, which will prevent the partial routing of the signal "m_axi_gmem0_rdata[669]". Without this partial route, timing analysis to/from this port will not be accurate, and no routing information for this port can be exported.
WARNING: [Route 35-198] Port "m_axi_gmem0_rdata[689]" does not have an associated HD.PARTPIN_LOCS, which will prevent the partial routing of the signal "m_axi_gmem0_rdata[689]". Without this partial route, timing analysis to/from this port will not be accurate, and no routing information for this port can be exported.
WARNING: [Route 35-198] Port "m_axi_gmem0_rdata[691]" does not have an associated HD.PARTPIN_LOCS, which will prevent the partial routing of the signal "m_axi_gmem0_rdata[691]". Without this partial route, timing analysis to/from this port will not be accurate, and no routing information for this port can be exported.
WARNING: [Route 35-198] Port "m_axi_gmem0_rdata[695]" does not have an associated HD.PARTPIN_LOCS, which will prevent the partial routing of the signal "m_axi_gmem0_rdata[695]". Without this partial route, timing analysis to/from this port will not be accurate, and no routing information for this port can be exported.
WARNING: [Route 35-198] Port "m_axi_gmem0_rdata[705]" does not have an associated HD.PARTPIN_LOCS, which will prevent the partial routing of the signal "m_axi_gmem0_rdata[705]". Without this partial route, timing analysis to/from this port will not be accurate, and no routing information for this port can be exported.
WARNING: [Route 35-198] Port "m_axi_gmem0_rdata[707]" does not have an associated HD.PARTPIN_LOCS, which will prevent the partial routing of the signal "m_axi_gmem0_rdata[707]". Without this partial route, timing analysis to/from this port will not be accurate, and no routing information for this port can be exported.
WARNING: [Route 35-198] Port "m_axi_gmem0_rdata[711]" does not have an associated HD.PARTPIN_LOCS, which will prevent the partial routing of the signal "m_axi_gmem0_rdata[711]". Without this partial route, timing analysis to/from this port will not be accurate, and no routing information for this port can be exported.
WARNING: [Route 35-198] Port "m_axi_gmem0_rdata[661]" does not have an associated HD.PARTPIN_LOCS, which will prevent the partial routing of the signal "m_axi_gmem0_rdata[661]". Without this partial route, timing analysis to/from this port will not be accurate, and no routing information for this port can be exported.
WARNING: [Route 35-198] Port "m_axi_gmem0_rdata[693]" does not have an associated HD.PARTPIN_LOCS, which will prevent the partial routing of the signal "m_axi_gmem0_rdata[693]". Without this partial route, timing analysis to/from this port will not be accurate, and no routing information for this port can be exported.
INFO: [Common 17-14] Message 'Route 35-198' appears 100 times and further instances of the messages will be disabled. Use the Tcl command set_msg_config to change the current settings.
Post Restoration Checksum: NetGraph: dfff8b86 | NumContArr: 40ca772d | Constraints: a43119f2 | Timing: c2a8fa9d
Phase 1 Build RT Design | Checksum: 287a41742

Time (s): cpu = 00:00:36 ; elapsed = 00:00:07 . Memory (MB): peak = 0.000 ; gain = 0.000 ; free physical = 245654 ; free virtual = 346122

Phase 2 Router Initialization

Phase 2.1 Fix Topology Constraints
Phase 2.1 Fix Topology Constraints | Checksum: 287a41742

Time (s): cpu = 00:00:37 ; elapsed = 00:00:08 . Memory (MB): peak = 0.000 ; gain = 0.000 ; free physical = 245668 ; free virtual = 346137

Phase 2.2 Pre Route Cleanup
Phase 2.2 Pre Route Cleanup | Checksum: 287a41742

Time (s): cpu = 00:00:37 ; elapsed = 00:00:08 . Memory (MB): peak = 0.000 ; gain = 0.000 ; free physical = 245646 ; free virtual = 346114

Phase 2.3 Global Clock Net Routing
 Number of Nodes with overlaps = 0
Phase 2.3 Global Clock Net Routing | Checksum: 18e181c69

Time (s): cpu = 00:00:41 ; elapsed = 00:00:09 . Memory (MB): peak = 0.000 ; gain = 0.000 ; free physical = 245579 ; free virtual = 346050

Phase 2.4 Update Timing
Phase 2.4 Update Timing | Checksum: 2538cb722

Time (s): cpu = 00:00:57 ; elapsed = 00:00:15 . Memory (MB): peak = 0.000 ; gain = 0.000 ; free physical = 251991 ; free virtual = 352445
INFO: [Route 35-416] Intermediate Timing Summary | WNS=2.098  | TNS=0.000  | WHS=-0.016 | THS=-0.016 |


Phase 2.5 Soft Constraint Pins - Fast Budgeting
Phase 2.5 Soft Constraint Pins - Fast Budgeting | Checksum: 25be759ed

Time (s): cpu = 00:01:27 ; elapsed = 00:00:22 . Memory (MB): peak = 0.000 ; gain = 0.000 ; free physical = 251319 ; free virtual = 351918

Router Utilization Summary
  Global Vertical Routing Utilization    = 0.00325803 %
  Global Horizontal Routing Utilization  = 0.00385802 %
  Routable Net Status*
  *Does not include unroutable nets such as driverless and loadless.
  Run report_route_status for detailed report.
  Number of Failed Nets               = 64759
    (Failed Nets is the sum of unrouted and partially routed nets)
  Number of Unrouted Nets             = 59267
  Number of Partially Routed Nets     = 5492
  Number of Node Overlaps             = 18

Phase 2 Router Initialization | Checksum: 1a54786bf

Time (s): cpu = 00:01:30 ; elapsed = 00:00:24 . Memory (MB): peak = 0.000 ; gain = 0.000 ; free physical = 251347 ; free virtual = 351864

Phase 3 Global Routing
Phase 3 Global Routing | Checksum: 1a54786bf

Time (s): cpu = 00:01:30 ; elapsed = 00:00:24 . Memory (MB): peak = 0.000 ; gain = 0.000 ; free physical = 251409 ; free virtual = 351948

Phase 4 Initial Routing

Phase 4.1 Initial Net Routing Pass
Phase 4.1 Initial Net Routing Pass | Checksum: 1e5a555d8

Time (s): cpu = 00:01:55 ; elapsed = 00:00:31 . Memory (MB): peak = 0.000 ; gain = 0.000 ; free physical = 250729 ; free virtual = 351528
Phase 4 Initial Routing | Checksum: 290f09452

Time (s): cpu = 00:01:56 ; elapsed = 00:00:32 . Memory (MB): peak = 0.000 ; gain = 0.000 ; free physical = 250705 ; free virtual = 351503

Phase 5 Rip-up And Reroute

Phase 5.1 Global Iteration 0
 Number of Nodes with overlaps = 9639
 Number of Nodes with overlaps = 1264
 Number of Nodes with overlaps = 222
 Number of Nodes with overlaps = 60
 Number of Nodes with overlaps = 23
 Number of Nodes with overlaps = 11
 Number of Nodes with overlaps = 9
 Number of Nodes with overlaps = 6
 Number of Nodes with overlaps = 3
 Number of Nodes with overlaps = 3
 Number of Nodes with overlaps = 1
 Number of Nodes with overlaps = 1
 Number of Nodes with overlaps = 1
 Number of Nodes with overlaps = 1
 Number of Nodes with overlaps = 1
 Number of Nodes with overlaps = 1
 Number of Nodes with overlaps = 1
 Number of Nodes with overlaps = 1
 Number of Nodes with overlaps = 1
 Number of Nodes with overlaps = 1
INFO: [Route 35-443] CLB routing congestion detected. Several CLBs have high routing utilization, which can impact timing closure. Congested CLBs and Nets are dumped in: iter_100_CongestedCLBsAndNets.txt
 Number of Nodes with overlaps = 0
INFO: [Route 35-416] Intermediate Timing Summary | WNS=1.449  | TNS=0.000  | WHS=0.023  | THS=0.000  |

Phase 5.1 Global Iteration 0 | Checksum: 21bdb40d9

Time (s): cpu = 00:06:49 ; elapsed = 00:03:29 . Memory (MB): peak = 0.000 ; gain = 0.000 ; free physical = 242065 ; free virtual = 343034

Phase 5.2 Additional Iteration for Hold
Phase 5.2 Additional Iteration for Hold | Checksum: 1fd6b72f5

Time (s): cpu = 00:06:50 ; elapsed = 00:03:29 . Memory (MB): peak = 0.000 ; gain = 0.000 ; free physical = 242040 ; free virtual = 343011
Phase 5 Rip-up And Reroute | Checksum: 1fd6b72f5

Time (s): cpu = 00:06:50 ; elapsed = 00:03:29 . Memory (MB): peak = 0.000 ; gain = 0.000 ; free physical = 242038 ; free virtual = 343008

Phase 6 Delay and Skew Optimization

Phase 6.1 Delay CleanUp
Phase 6.1 Delay CleanUp | Checksum: 1fd6b72f5

Time (s): cpu = 00:06:51 ; elapsed = 00:03:29 . Memory (MB): peak = 0.000 ; gain = 0.000 ; free physical = 242033 ; free virtual = 343004

Phase 6.2 Clock Skew Optimization
Phase 6.2 Clock Skew Optimization | Checksum: 1fd6b72f5

Time (s): cpu = 00:06:51 ; elapsed = 00:03:29 . Memory (MB): peak = 0.000 ; gain = 0.000 ; free physical = 242028 ; free virtual = 342998
Phase 6 Delay and Skew Optimization | Checksum: 1fd6b72f5

Time (s): cpu = 00:06:51 ; elapsed = 00:03:29 . Memory (MB): peak = 0.000 ; gain = 0.000 ; free physical = 242028 ; free virtual = 342999

Phase 7 Post Hold Fix

Phase 7.1 Hold Fix Iter
INFO: [Route 35-416] Intermediate Timing Summary | WNS=1.449  | TNS=0.000  | WHS=0.023  | THS=0.000  |

Phase 7.1 Hold Fix Iter | Checksum: 2321d6316

Time (s): cpu = 00:07:09 ; elapsed = 00:03:32 . Memory (MB): peak = 0.000 ; gain = 0.000 ; free physical = 241877 ; free virtual = 342852
Phase 7 Post Hold Fix | Checksum: 2321d6316

Time (s): cpu = 00:07:09 ; elapsed = 00:03:32 . Memory (MB): peak = 0.000 ; gain = 0.000 ; free physical = 241868 ; free virtual = 342843

Phase 8 Leaf Clock Prog Delay Opt
Phase 8 Leaf Clock Prog Delay Opt | Checksum: 249df4d94

Time (s): cpu = 00:07:21 ; elapsed = 00:03:35 . Memory (MB): peak = 0.000 ; gain = 0.000 ; free physical = 240999 ; free virtual = 342015

Phase 9 Route finalize

Router Utilization Summary
  Global Vertical Routing Utilization    = 11.6233 %
  Global Horizontal Routing Utilization  = 13.8091 %
  Routable Net Status*
  *Does not include unroutable nets such as driverless and loadless.
  Run report_route_status for detailed report.
  Number of Failed Nets               = 0
    (Failed Nets is the sum of unrouted and partially routed nets)
  Number of Unrouted Nets             = 0
  Number of Partially Routed Nets     = 0
  Number of Node Overlaps             = 0

Phase 9 Route finalize | Checksum: 249df4d94

Time (s): cpu = 00:07:23 ; elapsed = 00:03:36 . Memory (MB): peak = 0.000 ; gain = 0.000 ; free physical = 242152 ; free virtual = 343145

Phase 10 Verifying routed nets

 Verification completed successfully
Phase 10 Verifying routed nets | Checksum: 249df4d94

Time (s): cpu = 00:07:24 ; elapsed = 00:03:36 . Memory (MB): peak = 0.000 ; gain = 0.000 ; free physical = 243117 ; free virtual = 344147

Phase 11 Depositing Routes
Phase 11 Depositing Routes | Checksum: 249df4d94

Time (s): cpu = 00:07:31 ; elapsed = 00:03:40 . Memory (MB): peak = 0.000 ; gain = 0.000 ; free physical = 242654 ; free virtual = 343837

Phase 12 Resolve XTalk
Phase 12 Resolve XTalk | Checksum: 249df4d94

Time (s): cpu = 00:07:31 ; elapsed = 00:03:40 . Memory (MB): peak = 0.000 ; gain = 0.000 ; free physical = 242622 ; free virtual = 343809

Phase 13 Post Process Routing
Phase 13 Post Process Routing | Checksum: 249df4d94

Time (s): cpu = 00:07:32 ; elapsed = 00:03:40 . Memory (MB): peak = 0.000 ; gain = 0.000 ; free physical = 242462 ; free virtual = 343665

Phase 14 Post Router Timing
INFO: [Route 35-57] Estimated Timing Summary | WNS=1.449  | TNS=0.000  | WHS=0.023  | THS=0.000  |

INFO: [Route 35-327] The final timing numbers are based on the router estimated timing analysis. For a complete and accurate timing signoff, please run report_timing_summary.
Phase 14 Post Router Timing | Checksum: 249df4d94

Time (s): cpu = 00:07:33 ; elapsed = 00:03:40 . Memory (MB): peak = 0.000 ; gain = 0.000 ; free physical = 242400 ; free virtual = 343616
Total Elapsed time in route_design: 220.32 secs

Phase 15 Post-Route Event Processing
Phase 15 Post-Route Event Processing | Checksum: fd85120d

Time (s): cpu = 00:07:34 ; elapsed = 00:03:41 . Memory (MB): peak = 0.000 ; gain = 0.000 ; free physical = 242356 ; free virtual = 343604
INFO: [Route 35-16] Router Completed Successfully
Ending Routing Task | Checksum: fd85120d

Time (s): cpu = 00:07:35 ; elapsed = 00:03:41 . Memory (MB): peak = 0.000 ; gain = 0.000 ; free physical = 242193 ; free virtual = 343516

Routing Is Done.
INFO: [Common 17-83] Releasing license: Implementation
108 Infos, 107 Warnings, 0 Critical Warnings and 0 Errors encountered.
route_design completed successfully
route_design: Time (s): cpu = 00:07:36 ; elapsed = 00:03:42 . Memory (MB): peak = 0.000 ; gain = 0.000 ; free physical = 242026 ; free virtual = 343429
INFO: [Vivado 12-24828] Executing command : report_drc -file bd_0_wrapper_drc_routed.rpt -pb bd_0_wrapper_drc_routed.pb -rpx bd_0_wrapper_drc_routed.rpx
Command: report_drc -file bd_0_wrapper_drc_routed.rpt -pb bd_0_wrapper_drc_routed.pb -rpx bd_0_wrapper_drc_routed.rpx
INFO: [IP_Flow 19-1839] IP Catalog is up to date.
INFO: [DRC 23-27] Running DRC with 8 threads
WARNING: [DRC 23-814] Not all possible (connectivity based) DRCs may have been run because this design is seen as Out of Context.
INFO: [Vivado_Tcl 2-168] The results of DRC are in file /nethome/shanda34/FPGA_ECE8893_SJH/2026_Spring/lab4/project_1/hls/impl/verilog/project.runs/impl_1/bd_0_wrapper_drc_routed.rpt.
report_drc completed successfully
report_drc: Time (s): cpu = 00:00:43 ; elapsed = 00:00:14 . Memory (MB): peak = 0.000 ; gain = 0.000 ; free physical = 239826 ; free virtual = 341378
INFO: [Vivado 12-24828] Executing command : report_methodology -file bd_0_wrapper_methodology_drc_routed.rpt -pb bd_0_wrapper_methodology_drc_routed.pb -rpx bd_0_wrapper_methodology_drc_routed.rpx
Command: report_methodology -file bd_0_wrapper_methodology_drc_routed.rpt -pb bd_0_wrapper_methodology_drc_routed.pb -rpx bd_0_wrapper_methodology_drc_routed.rpx
INFO: [Timing 38-35] Done setting XDC timing constraints.
WARNING: [Timing 38-242] The property HD.CLK_SRC of clock port "ap_clk" is not set. In out-of-context mode, this prevents timing estimation for clock delay/skew
Resolution: Set the HD.CLK_SRC property of the out-of-context port to the location of the clock buffer instance in the top-level design
WARNING: [Timing 38-242] The property HD.CLK_SRC of clock port "m_axi_gmem0_rvalid" is not set. In out-of-context mode, this prevents timing estimation for clock delay/skew
Resolution: Set the HD.CLK_SRC property of the out-of-context port to the location of the clock buffer instance in the top-level design
INFO: [DRC 23-133] Running Methodology with 8 threads
WARNING: [DRC 23-814] Not all possible (connectivity based) DRCs may have been run because this design is seen as Out of Context.
INFO: [Vivado_Tcl 2-1520] The results of Report Methodology are in file /nethome/shanda34/FPGA_ECE8893_SJH/2026_Spring/lab4/project_1/hls/impl/verilog/project.runs/impl_1/bd_0_wrapper_methodology_drc_routed.rpt.
report_methodology completed successfully
report_methodology: Time (s): cpu = 00:01:05 ; elapsed = 00:00:15 . Memory (MB): peak = 0.000 ; gain = 0.000 ; free physical = 242432 ; free virtual = 344651
INFO: [Vivado 12-24828] Executing command : report_timing_summary -max_paths 10 -routable_nets -report_unconstrained -file bd_0_wrapper_timing_summary_routed.rpt -pb bd_0_wrapper_timing_summary_routed.pb -rpx bd_0_wrapper_timing_summary_routed.rpx -warn_on_violation 
INFO: [Timing 38-35] Done setting XDC timing constraints.
INFO: [Timing 38-91] UpdateTimingParams: Speed grade: -1, Temperature grade: E, Delay Type: min_max.
INFO: [Timing 38-191] Multithreading enabled for timing update using a maximum of 8 CPUs
report_timing_summary: Time (s): cpu = 00:00:24 ; elapsed = 00:00:08 . Memory (MB): peak = 0.000 ; gain = 0.000 ; free physical = 242837 ; free virtual = 345323
INFO: [Vivado 12-24838] Running report commands "report_bus_skew, report_incremental_reuse, report_route_status" in parallel.
Running report generation with 3 threads.
INFO: [Vivado 12-24828] Executing command : report_incremental_reuse -file bd_0_wrapper_incremental_reuse_routed.rpt
INFO: [Vivado_Tcl 4-1062] Incremental flow is disabled. No incremental reuse Info to report.
INFO: [Vivado 12-24828] Executing command : report_bus_skew -warn_on_violation -file bd_0_wrapper_bus_skew_routed.rpt -pb bd_0_wrapper_bus_skew_routed.pb -rpx bd_0_wrapper_bus_skew_routed.rpx
INFO: [Timing 38-91] UpdateTimingParams: Speed grade: -1, Temperature grade: E, Delay Type: min_max.
INFO: [Timing 38-191] Multithreading enabled for timing update using a maximum of 8 CPUs
INFO: [Vivado 12-24828] Executing command : report_route_status -file bd_0_wrapper_route_status.rpt -pb bd_0_wrapper_route_status.pb
INFO: [Vivado 12-24828] Executing command : report_power -file bd_0_wrapper_power_routed.rpt -pb bd_0_wrapper_power_summary_routed.pb -rpx bd_0_wrapper_power_routed.rpx
Command: report_power -file bd_0_wrapper_power_routed.rpt -pb bd_0_wrapper_power_summary_routed.pb -rpx bd_0_wrapper_power_routed.rpx
Running Vector-less Activity Propagation...

Finished Running Vector-less Activity Propagation
128 Infos, 111 Warnings, 0 Critical Warnings and 0 Errors encountered.
report_power completed successfully
report_power: Time (s): cpu = 00:00:30 ; elapsed = 00:00:16 . Memory (MB): peak = 0.000 ; gain = 0.000 ; free physical = 246336 ; free virtual = 348635
INFO: [Vivado 12-24828] Executing command : report_clock_utilization -file bd_0_wrapper_clock_utilization_routed.rpt
generate_parallel_reports: Time (s): cpu = 00:02:47 ; elapsed = 00:00:57 . Memory (MB): peak = 0.000 ; gain = 0.000 ; free physical = 245537 ; free virtual = 348114
INFO: [Timing 38-480] Writing timing data to binary archive.
Write ShapeDB Complete: Time (s): cpu = 00:00:00.79 ; elapsed = 00:00:00.18 . Memory (MB): peak = 0.000 ; gain = 0.000 ; free physical = 245455 ; free virtual = 348039
Wrote PlaceDB: Time (s): cpu = 00:00:10 ; elapsed = 00:00:05 . Memory (MB): peak = 0.000 ; gain = 0.000 ; free physical = 245168 ; free virtual = 347575
Wrote PulsedLatchDB: Time (s): cpu = 00:00:00 ; elapsed = 00:00:00 . Memory (MB): peak = 0.000 ; gain = 0.000 ; free physical = 245167 ; free virtual = 347574
Writing XDEF routing.
Writing XDEF routing logical nets.
Writing XDEF routing special nets.
Wrote RouteStorage: Time (s): cpu = 00:00:02 ; elapsed = 00:00:02 . Memory (MB): peak = 0.000 ; gain = 0.000 ; free physical = 244909 ; free virtual = 347410
Wrote Netlist Cache: Time (s): cpu = 00:00:00.13 ; elapsed = 00:00:00.28 . Memory (MB): peak = 0.000 ; gain = 0.000 ; free physical = 244859 ; free virtual = 347375
Wrote Device Cache: Time (s): cpu = 00:00:00.03 ; elapsed = 00:00:00.07 . Memory (MB): peak = 0.000 ; gain = 0.000 ; free physical = 244837 ; free virtual = 347359
Write Physdb Complete: Time (s): cpu = 00:00:12 ; elapsed = 00:00:08 . Memory (MB): peak = 0.000 ; gain = 0.000 ; free physical = 244892 ; free virtual = 347417
INFO: [Common 17-1381] The checkpoint '/nethome/shanda34/FPGA_ECE8893_SJH/2026_Spring/lab4/project_1/hls/impl/verilog/project.runs/impl_1/bd_0_wrapper_routed.dcp' has been generated.
write_checkpoint: Time (s): cpu = 00:00:14 ; elapsed = 00:00:11 . Memory (MB): peak = 0.000 ; gain = 0.000 ; free physical = 245225 ; free virtual = 347591
INFO: [Common 17-206] Exiting Vivado at Thu Apr  9 16:40:01 2026...
