Copyright 1986-2022 Xilinx, Inc. All Rights Reserved. Copyright 2022-2025 Advanced Micro Devices, Inc. All Rights Reserved.
---------------------------------------------------------------------------------------------------------------------------------------------
| Tool Version : Vivado v.2025.1.1 (lin64) Build 6233196 Thu Sep 11 21:27:11 MDT 2025
| Date         : Tue Mar 31 01:09:11 2026
| Host         : ece-linlabsrv01 running 64-bit Red Hat Enterprise Linux release 8.10 (Ootpa)
| Command      : report_utilization -hierarchical -hierarchical_depth 7 -file ./report/top_kernel_utilization_hierarchical_synth.rpt
| Design       : bd_0_wrapper
| Device       : xczu3eg-sbva484-1-e
| Speed File   : -1
| Design State : Synthesized
---------------------------------------------------------------------------------------------------------------------------------------------

Utilization Design Information

Table of Contents
-----------------
1. Utilization by Hierarchy

1. Utilization by Hierarchy
---------------------------

+----------------------------------------------------------------------------------+------------------------------------------------------------------------------------+------------+------------+---------+------+-------+--------+--------+------+------------+
|                                     Instance                                     |                                       Module                                       | Total LUTs | Logic LUTs | LUTRAMs | SRLs |  FFs  | RAMB36 | RAMB18 | URAM | DSP Blocks |
+----------------------------------------------------------------------------------+------------------------------------------------------------------------------------+------------+------------+---------+------+-------+--------+--------+------+------------+
| bd_0_wrapper                                                                     |                                                                              (top) |      15501 |      15144 |       0 |  357 | 18765 |     62 |      6 |    0 |        144 |
|   bd_0_i                                                                         |                                                                               bd_0 |      15501 |      15144 |       0 |  357 | 18765 |     62 |      6 |    0 |        144 |
|     hls_inst                                                                     |                                                                    bd_0_hls_inst_0 |      15501 |      15144 |       0 |  357 | 18765 |     62 |      6 |    0 |        144 |
|       inst                                                                       |                                                         bd_0_hls_inst_0_top_kernel |      15501 |      15144 |       0 |  357 | 18765 |     62 |      6 |    0 |        144 |
|         screen_tris_out_v2_z_U                                                   |                                        bd_0_hls_inst_0_top_kernel_fifo_w32_d2_S_73 |         25 |         25 |       0 |    0 |    70 |      0 |      0 |    0 |          0 |
|           U_top_kernel_fifo_w32_d2_S_ShiftReg                                    |                                  bd_0_hls_inst_0_top_kernel_fifo_w32_d2_S_ShiftReg |         16 |         16 |       0 |    0 |    64 |      0 |      0 |    0 |          0 |
|         clip_tris_n0_x_U                                                         |                                         bd_0_hls_inst_0_top_kernel_fifo_w32_d2_S_4 |         25 |         25 |       0 |    0 |    70 |      0 |      0 |    0 |          0 |
|           U_top_kernel_fifo_w32_d2_S_ShiftReg                                    |                              bd_0_hls_inst_0_top_kernel_fifo_w32_d2_S_ShiftReg_170 |         17 |         17 |       0 |    0 |    64 |      0 |      0 |    0 |          0 |
|         clip_tris_n0_y_U                                                         |                                         bd_0_hls_inst_0_top_kernel_fifo_w32_d2_S_5 |         25 |         25 |       0 |    0 |    70 |      0 |      0 |    0 |          0 |
|           U_top_kernel_fifo_w32_d2_S_ShiftReg                                    |                              bd_0_hls_inst_0_top_kernel_fifo_w32_d2_S_ShiftReg_169 |         17 |         17 |       0 |    0 |    64 |      0 |      0 |    0 |          0 |
|         clip_tris_n0_z_U                                                         |                                         bd_0_hls_inst_0_top_kernel_fifo_w32_d2_S_6 |         25 |         25 |       0 |    0 |    70 |      0 |      0 |    0 |          0 |
|           U_top_kernel_fifo_w32_d2_S_ShiftReg                                    |                              bd_0_hls_inst_0_top_kernel_fifo_w32_d2_S_ShiftReg_168 |         17 |         17 |       0 |    0 |    64 |      0 |      0 |    0 |          0 |
|         clip_tris_n1_x_U                                                         |                                         bd_0_hls_inst_0_top_kernel_fifo_w32_d2_S_7 |         25 |         25 |       0 |    0 |    70 |      0 |      0 |    0 |          0 |
|           U_top_kernel_fifo_w32_d2_S_ShiftReg                                    |                              bd_0_hls_inst_0_top_kernel_fifo_w32_d2_S_ShiftReg_167 |         17 |         17 |       0 |    0 |    64 |      0 |      0 |    0 |          0 |
|         clip_tris_n1_y_U                                                         |                                         bd_0_hls_inst_0_top_kernel_fifo_w32_d2_S_8 |         25 |         25 |       0 |    0 |    70 |      0 |      0 |    0 |          0 |
|           U_top_kernel_fifo_w32_d2_S_ShiftReg                                    |                              bd_0_hls_inst_0_top_kernel_fifo_w32_d2_S_ShiftReg_166 |         17 |         17 |       0 |    0 |    64 |      0 |      0 |    0 |          0 |
|         clip_tris_n1_z_U                                                         |                                         bd_0_hls_inst_0_top_kernel_fifo_w32_d2_S_9 |         25 |         25 |       0 |    0 |    70 |      0 |      0 |    0 |          0 |
|           U_top_kernel_fifo_w32_d2_S_ShiftReg                                    |                              bd_0_hls_inst_0_top_kernel_fifo_w32_d2_S_ShiftReg_165 |         17 |         17 |       0 |    0 |    64 |      0 |      0 |    0 |          0 |
|         clip_tris_n2_x_U                                                         |                                        bd_0_hls_inst_0_top_kernel_fifo_w32_d2_S_10 |         25 |         25 |       0 |    0 |    70 |      0 |      0 |    0 |          0 |
|           U_top_kernel_fifo_w32_d2_S_ShiftReg                                    |                              bd_0_hls_inst_0_top_kernel_fifo_w32_d2_S_ShiftReg_164 |         17 |         17 |       0 |    0 |    64 |      0 |      0 |    0 |          0 |
|         clip_tris_n2_y_U                                                         |                                        bd_0_hls_inst_0_top_kernel_fifo_w32_d2_S_11 |         26 |         26 |       0 |    0 |    70 |      0 |      0 |    0 |          0 |
|           U_top_kernel_fifo_w32_d2_S_ShiftReg                                    |                              bd_0_hls_inst_0_top_kernel_fifo_w32_d2_S_ShiftReg_163 |         17 |         17 |       0 |    0 |    64 |      0 |      0 |    0 |          0 |
|         clip_tris_n2_z_U                                                         |                                        bd_0_hls_inst_0_top_kernel_fifo_w32_d2_S_12 |         25 |         25 |       0 |    0 |    70 |      0 |      0 |    0 |          0 |
|           U_top_kernel_fifo_w32_d2_S_ShiftReg                                    |                              bd_0_hls_inst_0_top_kernel_fifo_w32_d2_S_ShiftReg_162 |         17 |         17 |       0 |    0 |    64 |      0 |      0 |    0 |          0 |
|         clip_tris_v0_w_U                                                         |                                        bd_0_hls_inst_0_top_kernel_fifo_w32_d2_S_13 |         25 |         25 |       0 |    0 |    70 |      0 |      0 |    0 |          0 |
|           U_top_kernel_fifo_w32_d2_S_ShiftReg                                    |                              bd_0_hls_inst_0_top_kernel_fifo_w32_d2_S_ShiftReg_161 |         17 |         17 |       0 |    0 |    64 |      0 |      0 |    0 |          0 |
|         clip_tris_v0_x_U                                                         |                                        bd_0_hls_inst_0_top_kernel_fifo_w32_d2_S_14 |         47 |         47 |       0 |    0 |    70 |      0 |      0 |    0 |          0 |
|           U_top_kernel_fifo_w32_d2_S_ShiftReg                                    |                              bd_0_hls_inst_0_top_kernel_fifo_w32_d2_S_ShiftReg_160 |         38 |         38 |       0 |    0 |    64 |      0 |      0 |    0 |          0 |
|         clip_tris_v0_y_U                                                         |                                        bd_0_hls_inst_0_top_kernel_fifo_w32_d2_S_15 |         47 |         47 |       0 |    0 |    70 |      0 |      0 |    0 |          0 |
|           U_top_kernel_fifo_w32_d2_S_ShiftReg                                    |                              bd_0_hls_inst_0_top_kernel_fifo_w32_d2_S_ShiftReg_159 |         39 |         39 |       0 |    0 |    64 |      0 |      0 |    0 |          0 |
|         clip_tris_v0_z_U                                                         |                                        bd_0_hls_inst_0_top_kernel_fifo_w32_d2_S_16 |         41 |         41 |       0 |    0 |    70 |      0 |      0 |    0 |          0 |
|           U_top_kernel_fifo_w32_d2_S_ShiftReg                                    |                              bd_0_hls_inst_0_top_kernel_fifo_w32_d2_S_ShiftReg_158 |         33 |         33 |       0 |    0 |    64 |      0 |      0 |    0 |          0 |
|         clip_tris_v1_w_U                                                         |                                        bd_0_hls_inst_0_top_kernel_fifo_w32_d2_S_17 |         41 |         41 |       0 |    0 |    70 |      0 |      0 |    0 |          0 |
|           U_top_kernel_fifo_w32_d2_S_ShiftReg                                    |                              bd_0_hls_inst_0_top_kernel_fifo_w32_d2_S_ShiftReg_157 |         33 |         33 |       0 |    0 |    64 |      0 |      0 |    0 |          0 |
|         clip_tris_v1_x_U                                                         |                                        bd_0_hls_inst_0_top_kernel_fifo_w32_d2_S_18 |         73 |         73 |       0 |    0 |    70 |      0 |      0 |    0 |          0 |
|           U_top_kernel_fifo_w32_d2_S_ShiftReg                                    |                              bd_0_hls_inst_0_top_kernel_fifo_w32_d2_S_ShiftReg_156 |         65 |         65 |       0 |    0 |    64 |      0 |      0 |    0 |          0 |
|         clip_tris_v1_y_U                                                         |                                        bd_0_hls_inst_0_top_kernel_fifo_w32_d2_S_19 |         74 |         74 |       0 |    0 |    70 |      0 |      0 |    0 |          0 |
|           U_top_kernel_fifo_w32_d2_S_ShiftReg                                    |                              bd_0_hls_inst_0_top_kernel_fifo_w32_d2_S_ShiftReg_155 |         65 |         65 |       0 |    0 |    64 |      0 |      0 |    0 |          0 |
|         clip_tris_v1_z_U                                                         |                                        bd_0_hls_inst_0_top_kernel_fifo_w32_d2_S_20 |         73 |         73 |       0 |    0 |    70 |      0 |      0 |    0 |          0 |
|           U_top_kernel_fifo_w32_d2_S_ShiftReg                                    |                              bd_0_hls_inst_0_top_kernel_fifo_w32_d2_S_ShiftReg_154 |         65 |         65 |       0 |    0 |    64 |      0 |      0 |    0 |          0 |
|         clip_tris_v2_w_U                                                         |                                        bd_0_hls_inst_0_top_kernel_fifo_w32_d2_S_21 |         25 |         25 |       0 |    0 |    70 |      0 |      0 |    0 |          0 |
|           U_top_kernel_fifo_w32_d2_S_ShiftReg                                    |                              bd_0_hls_inst_0_top_kernel_fifo_w32_d2_S_ShiftReg_153 |         17 |         17 |       0 |    0 |    64 |      0 |      0 |    0 |          0 |
|         clip_tris_v2_x_U                                                         |                                        bd_0_hls_inst_0_top_kernel_fifo_w32_d2_S_22 |         41 |         41 |       0 |    0 |    70 |      0 |      0 |    0 |          0 |
|           U_top_kernel_fifo_w32_d2_S_ShiftReg                                    |                              bd_0_hls_inst_0_top_kernel_fifo_w32_d2_S_ShiftReg_152 |         33 |         33 |       0 |    0 |    64 |      0 |      0 |    0 |          0 |
|         clip_tris_v2_y_U                                                         |                                        bd_0_hls_inst_0_top_kernel_fifo_w32_d2_S_23 |         43 |         43 |       0 |    0 |    70 |      0 |      0 |    0 |          0 |
|           U_top_kernel_fifo_w32_d2_S_ShiftReg                                    |                              bd_0_hls_inst_0_top_kernel_fifo_w32_d2_S_ShiftReg_151 |         33 |         33 |       0 |    0 |    64 |      0 |      0 |    0 |          0 |
|         clip_tris_v2_z_U                                                         |                                        bd_0_hls_inst_0_top_kernel_fifo_w32_d2_S_24 |         41 |         41 |       0 |    0 |    70 |      0 |      0 |    0 |          0 |
|           U_top_kernel_fifo_w32_d2_S_ShiftReg                                    |                              bd_0_hls_inst_0_top_kernel_fifo_w32_d2_S_ShiftReg_150 |         33 |         33 |       0 |    0 |    64 |      0 |      0 |    0 |          0 |
|         control_s_axi_U                                                          |                                           bd_0_hls_inst_0_top_kernel_control_s_axi |        227 |        227 |       0 |    0 |   245 |      0 |      0 |    0 |          0 |
|         gmem0_m_axi_U                                                            |                                             bd_0_hls_inst_0_top_kernel_gmem0_m_axi |       1469 |       1410 |       0 |   59 |  2689 |     14 |      1 |    0 |          0 |
|           bus_read                                                               |                                        bd_0_hls_inst_0_top_kernel_gmem0_m_axi_read |       1328 |       1328 |       0 |    0 |  2517 |      0 |      0 |    0 |          0 |
|             rreq_burst_conv                                                      |                             bd_0_hls_inst_0_top_kernel_gmem0_m_axi_burst_converter |        252 |        252 |       0 |    0 |   423 |      0 |      0 |    0 |          0 |
|               burst_sequential                                                   |                            bd_0_hls_inst_0_top_kernel_gmem0_m_axi_burst_sequential |        252 |        252 |       0 |    0 |   423 |      0 |      0 |    0 |          0 |
|             rs_rdata                                                             |                   bd_0_hls_inst_0_top_kernel_gmem0_m_axi_reg_slice__parameterized0 |       1039 |       1039 |       0 |    0 |  2063 |      0 |      0 |    0 |          0 |
|           load_unit_0                                                            |                                        bd_0_hls_inst_0_top_kernel_gmem0_m_axi_load |        141 |         82 |       0 |   59 |   172 |     14 |      1 |    0 |          0 |
|             (load_unit_0)                                                        |                                        bd_0_hls_inst_0_top_kernel_gmem0_m_axi_load |          1 |          1 |       0 |    0 |    62 |      0 |      0 |    0 |          0 |
|             buff_rdata                                                           |                        bd_0_hls_inst_0_top_kernel_gmem0_m_axi_fifo__parameterized0 |         60 |         60 |       0 |    0 |    37 |     14 |      1 |    0 |          0 |
|             fifo_rreq                                                            |                                        bd_0_hls_inst_0_top_kernel_gmem0_m_axi_fifo |         80 |         21 |       0 |   59 |    73 |      0 |      0 |    0 |          0 |
|               U_fifo_srl                                                         |                                         bd_0_hls_inst_0_top_kernel_gmem0_m_axi_srl |         63 |          4 |       0 |   59 |    59 |      0 |      0 |    0 |          0 |
|         gmem1_m_axi_U                                                            |                                             bd_0_hls_inst_0_top_kernel_gmem1_m_axi |        711 |        552 |       0 |  159 |   998 |      0 |      0 |    0 |          0 |
|           bus_write                                                              |                                       bd_0_hls_inst_0_top_kernel_gmem1_m_axi_write |        504 |        441 |       0 |   63 |   750 |      0 |      0 |    0 |          0 |
|             wreq_burst_conv                                                      |                             bd_0_hls_inst_0_top_kernel_gmem1_m_axi_burst_converter |        293 |        293 |       0 |    0 |   459 |      0 |      0 |    0 |          0 |
|               burst_sequential                                                   |                            bd_0_hls_inst_0_top_kernel_gmem1_m_axi_burst_sequential |        293 |        293 |       0 |    0 |   459 |      0 |      0 |    0 |          0 |
|             wreq_throttle                                                        |                                    bd_0_hls_inst_0_top_kernel_gmem1_m_axi_throttle |        184 |        122 |       0 |   62 |   268 |      0 |      0 |    0 |          0 |
|               rs_req                                                             |                   bd_0_hls_inst_0_top_kernel_gmem1_m_axi_reg_slice__parameterized1 |         74 |         74 |       0 |    0 |   137 |      0 |      0 |    0 |          0 |
|               fifo_burst_gen[0].fifo_req                                         |                        bd_0_hls_inst_0_top_kernel_gmem1_m_axi_fifo__parameterized4 |         84 |         22 |       0 |   62 |    79 |      0 |      0 |    0 |          0 |
|           store_unit_0                                                           |                                       bd_0_hls_inst_0_top_kernel_gmem1_m_axi_store |        207 |        111 |       0 |   96 |   248 |      0 |      0 |    0 |          0 |
|             (store_unit_0)                                                       |                                       bd_0_hls_inst_0_top_kernel_gmem1_m_axi_store |          2 |          2 |       0 |    0 |    78 |      0 |      0 |    0 |          0 |
|             buff_wdata                                                           |                        bd_0_hls_inst_0_top_kernel_gmem1_m_axi_fifo__parameterized1 |         53 |         25 |       0 |   28 |    48 |      0 |      0 |    0 |          0 |
|             fifo_wreq                                                            |                        bd_0_hls_inst_0_top_kernel_gmem1_m_axi_fifo__parameterized0 |         75 |         12 |       0 |   63 |    74 |      0 |      0 |    0 |          0 |
|               U_fifo_srl                                                         |                         bd_0_hls_inst_0_top_kernel_gmem1_m_axi_srl__parameterized0 |         65 |          2 |       0 |   63 |    63 |      0 |      0 |    0 |          0 |
|         gmem2_m_axi_U                                                            |                                             bd_0_hls_inst_0_top_kernel_gmem2_m_axi |        506 |        443 |       0 |   63 |   742 |      0 |      1 |    0 |          0 |
|           bus_read                                                               |                                        bd_0_hls_inst_0_top_kernel_gmem2_m_axi_read |        371 |        371 |       0 |    0 |   562 |      0 |      0 |    0 |          0 |
|             rreq_burst_conv                                                      |                             bd_0_hls_inst_0_top_kernel_gmem2_m_axi_burst_converter |        293 |        293 |       0 |    0 |   460 |      0 |      0 |    0 |          0 |
|               burst_sequential                                                   |                            bd_0_hls_inst_0_top_kernel_gmem2_m_axi_burst_sequential |        293 |        293 |       0 |    0 |   460 |      0 |      0 |    0 |          0 |
|             rs_rdata                                                             |                   bd_0_hls_inst_0_top_kernel_gmem2_m_axi_reg_slice__parameterized0 |         40 |         40 |       0 |    0 |    71 |      0 |      0 |    0 |          0 |
|           load_unit_0                                                            |                                        bd_0_hls_inst_0_top_kernel_gmem2_m_axi_load |        135 |         72 |       0 |   63 |   180 |      0 |      1 |    0 |          0 |
|             (load_unit_0)                                                        |                                        bd_0_hls_inst_0_top_kernel_gmem2_m_axi_load |          1 |          1 |       0 |    0 |    66 |      0 |      0 |    0 |          0 |
|             buff_rdata                                                           |                        bd_0_hls_inst_0_top_kernel_gmem2_m_axi_fifo__parameterized0 |         50 |         50 |       0 |    0 |    37 |      0 |      1 |    0 |          0 |
|             fifo_rreq                                                            |                                        bd_0_hls_inst_0_top_kernel_gmem2_m_axi_fifo |         84 |         21 |       0 |   63 |    77 |      0 |      0 |    0 |          0 |
|               U_fifo_srl                                                         |                                         bd_0_hls_inst_0_top_kernel_gmem2_m_axi_srl |         66 |          3 |       0 |   63 |    63 |      0 |      0 |    0 |          0 |
|         k1_vertex_transform_U0                                                   |                                     bd_0_hls_inst_0_top_kernel_k1_vertex_transform |       4911 |       4911 |       0 |    0 |  5878 |      0 |      0 |    0 |         12 |
|           (k1_vertex_transform_U0)                                               |                                     bd_0_hls_inst_0_top_kernel_k1_vertex_transform |       3265 |       3265 |       0 |    0 |  5877 |      0 |      0 |    0 |          0 |
|           mul_32s_32s_64_1_1_U3                                                  |                                  bd_0_hls_inst_0_top_kernel_mul_32s_32s_64_1_1_142 |        537 |        537 |       0 |    0 |     0 |      0 |      0 |    0 |          4 |
|           mul_32s_32s_64_1_1_U4                                                  |                                  bd_0_hls_inst_0_top_kernel_mul_32s_32s_64_1_1_143 |        534 |        534 |       0 |    0 |     0 |      0 |      0 |    0 |          4 |
|           mul_32s_32s_64_1_1_U5                                                  |                                  bd_0_hls_inst_0_top_kernel_mul_32s_32s_64_1_1_144 |        533 |        533 |       0 |    0 |     0 |      0 |      0 |    0 |          4 |
|         k2_perspective_divide_U0                                                 |                                   bd_0_hls_inst_0_top_kernel_k2_perspective_divide |        548 |        547 |       0 |    1 |  1146 |      4 |      0 |    0 |         12 |
|           (k2_perspective_divide_U0)                                             |                                   bd_0_hls_inst_0_top_kernel_k2_perspective_divide |         29 |         29 |       0 |    0 |   976 |      0 |      0 |    0 |          0 |
|           mul_32s_32s_64_1_1_U34                                                 |                                  bd_0_hls_inst_0_top_kernel_mul_32s_32s_64_1_1_134 |         55 |         55 |       0 |    0 |     0 |      0 |      0 |    0 |          4 |
|           mul_32s_32s_64_1_1_U35                                                 |                                  bd_0_hls_inst_0_top_kernel_mul_32s_32s_64_1_1_135 |         55 |         55 |       0 |    0 |     0 |      0 |      0 |    0 |          4 |
|           mul_32s_32s_64_1_1_U36                                                 |                                  bd_0_hls_inst_0_top_kernel_mul_32s_32s_64_1_1_136 |         55 |         55 |       0 |    0 |     0 |      0 |      0 |    0 |          4 |
|           sdiv_34ns_32s_34_38_seq_1_U37                                          |                           bd_0_hls_inst_0_top_kernel_sdiv_34ns_32s_34_38_seq_1_137 |        185 |        184 |       0 |    1 |   170 |      0 |      0 |    0 |          0 |
|             (sdiv_34ns_32s_34_38_seq_1_U37)                                      |                           bd_0_hls_inst_0_top_kernel_sdiv_34ns_32s_34_38_seq_1_137 |         82 |         82 |       0 |    0 |    67 |      0 |      0 |    0 |          0 |
|             top_kernel_sdiv_34ns_32s_34_38_seq_1_divseq_u                        |                    bd_0_hls_inst_0_top_kernel_sdiv_34ns_32s_34_38_seq_1_divseq_140 |        103 |        102 |       0 |    1 |   103 |      0 |      0 |    0 |          0 |
|           verts_x_U                                                              |             bd_0_hls_inst_0_top_kernel_k2_perspective_divide_verts_x_RAM_AUTO_1R1W |         51 |         51 |       0 |    0 |     0 |      1 |      0 |    0 |          0 |
|           verts_y_U                                                              |         bd_0_hls_inst_0_top_kernel_k2_perspective_divide_verts_x_RAM_AUTO_1R1W_138 |         64 |         64 |       0 |    0 |     0 |      1 |      0 |    0 |          0 |
|         k3_bounding_box_U0                                                       |                                         bd_0_hls_inst_0_top_kernel_k3_bounding_box |        518 |        518 |       0 |    0 |   623 |      0 |      0 |    0 |          0 |
|           (k3_bounding_box_U0)                                                   |                                         bd_0_hls_inst_0_top_kernel_k3_bounding_box |        488 |        488 |       0 |    0 |   622 |      0 |      0 |    0 |          0 |
|         k4_rasterize_U0                                                          |                                            bd_0_hls_inst_0_top_kernel_k4_rasterize |       3761 |       3752 |       0 |    9 |  1992 |     16 |      0 |    0 |        120 |
|           (k4_rasterize_U0)                                                      |                                            bd_0_hls_inst_0_top_kernel_k4_rasterize |         53 |         51 |       0 |    2 |   596 |      0 |      0 |    0 |          8 |
|           grp_k4_rasterize_Pipeline_VITIS_LOOP_163_4_VITIS_LOOP_164_5_fu_520     | bd_0_hls_inst_0_top_kernel_k4_rasterize_Pipeline_VITIS_LOOP_163_4_VITIS_LOOP_164_5 |       3066 |       3060 |       0 |    6 |  1226 |      0 |      0 |    0 |         96 |
|             (grp_k4_rasterize_Pipeline_VITIS_LOOP_163_4_VITIS_LOOP_164_5_fu_520) | bd_0_hls_inst_0_top_kernel_k4_rasterize_Pipeline_VITIS_LOOP_163_4_VITIS_LOOP_164_5 |        735 |        729 |       0 |    6 |  1224 |      0 |      0 |    0 |          0 |
|             flow_control_loop_pipe_sequential_init_U                             |                  bd_0_hls_inst_0_top_kernel_flow_control_loop_pipe_sequential_init |         55 |         55 |       0 |    0 |     2 |      0 |      0 |    0 |          0 |
|             mul_32ns_32s_63_1_1_U144                                             |                                 bd_0_hls_inst_0_top_kernel_mul_32ns_32s_63_1_1_117 |         68 |         68 |       0 |    0 |     0 |      0 |      0 |    0 |          4 |
|             mul_32s_32s_64_1_1_U145                                              |                                      bd_0_hls_inst_0_top_kernel_mul_32s_32s_64_1_1 |        111 |        111 |       0 |    0 |     0 |      0 |      0 |    0 |          4 |
|             mul_32s_32s_64_1_1_U146                                              |                                  bd_0_hls_inst_0_top_kernel_mul_32s_32s_64_1_1_118 |        111 |        111 |       0 |    0 |     0 |      0 |      0 |    0 |          4 |
|             mul_32s_32s_64_1_1_U147                                              |                                  bd_0_hls_inst_0_top_kernel_mul_32s_32s_64_1_1_119 |        111 |        111 |       0 |    0 |     0 |      0 |      0 |    0 |          4 |
|             mul_32s_32s_64_1_1_U148                                              |                                  bd_0_hls_inst_0_top_kernel_mul_32s_32s_64_1_1_120 |        130 |        130 |       0 |    0 |     0 |      0 |      0 |    0 |          4 |
|             mul_32s_32s_64_1_1_U150                                              |                                  bd_0_hls_inst_0_top_kernel_mul_32s_32s_64_1_1_122 |        161 |        161 |       0 |    0 |     0 |      0 |      0 |    0 |          4 |
|             mul_32s_32s_64_1_1_U151                                              |                                  bd_0_hls_inst_0_top_kernel_mul_32s_32s_64_1_1_123 |        161 |        161 |       0 |    0 |     0 |      0 |      0 |    0 |          4 |
|             mul_32s_32s_64_1_1_U152                                              |                                  bd_0_hls_inst_0_top_kernel_mul_32s_32s_64_1_1_124 |        183 |        183 |       0 |    0 |     0 |      0 |      0 |    0 |          4 |
|             mul_33s_33s_65_1_1_U153                                              |                                  bd_0_hls_inst_0_top_kernel_mul_33s_33s_65_1_1_125 |        179 |        179 |       0 |    0 |     0 |      0 |      0 |    0 |          4 |
|             mul_33s_33s_65_1_1_U154                                              |                                  bd_0_hls_inst_0_top_kernel_mul_33s_33s_65_1_1_126 |        114 |        114 |       0 |    0 |     0 |      0 |      0 |    0 |          4 |
|             mul_33s_33s_65_1_1_U155                                              |                                  bd_0_hls_inst_0_top_kernel_mul_33s_33s_65_1_1_127 |        113 |        113 |       0 |    0 |     0 |      0 |      0 |    0 |          4 |
|             mul_33s_33s_65_1_1_U157                                              |                                  bd_0_hls_inst_0_top_kernel_mul_33s_33s_65_1_1_129 |        146 |        146 |       0 |    0 |     0 |      0 |      0 |    0 |          4 |
|             mul_33s_33s_65_1_1_U158                                              |                                  bd_0_hls_inst_0_top_kernel_mul_33s_33s_65_1_1_130 |         81 |         81 |       0 |    0 |     0 |      0 |      0 |    0 |          4 |
|             mul_66s_32s_97_1_1_U159                                              |                                      bd_0_hls_inst_0_top_kernel_mul_66s_32s_97_1_1 |        122 |        122 |       0 |    0 |     0 |      0 |      0 |    0 |          8 |
|             mul_66s_32s_97_1_1_U160                                              |                                  bd_0_hls_inst_0_top_kernel_mul_66s_32s_97_1_1_131 |        122 |        122 |       0 |    0 |     0 |      0 |      0 |    0 |          8 |
|             mul_66s_32s_97_1_1_U161                                              |                                  bd_0_hls_inst_0_top_kernel_mul_66s_32s_97_1_1_132 |        122 |        122 |       0 |    0 |     0 |      0 |      0 |    0 |          8 |
|           mul_33s_33s_65_1_1_U192                                                |                                      bd_0_hls_inst_0_top_kernel_mul_33s_33s_65_1_1 |        152 |        152 |       0 |    0 |     0 |      0 |      0 |    0 |          2 |
|           mul_64ns_64ns_128_1_1_U194                                             |                                   bd_0_hls_inst_0_top_kernel_mul_64ns_64ns_128_1_1 |        251 |        251 |       0 |    0 |     0 |      0 |      0 |    0 |         12 |
|           sdiv_34ns_32s_34_38_seq_1_U195                                         |                               bd_0_hls_inst_0_top_kernel_sdiv_34ns_32s_34_38_seq_1 |        186 |        185 |       0 |    1 |   170 |      0 |      0 |    0 |          0 |
|             (sdiv_34ns_32s_34_38_seq_1_U195)                                     |                               bd_0_hls_inst_0_top_kernel_sdiv_34ns_32s_34_38_seq_1 |         83 |         83 |       0 |    0 |    67 |      0 |      0 |    0 |          0 |
|             top_kernel_sdiv_34ns_32s_34_38_seq_1_divseq_u                        |                        bd_0_hls_inst_0_top_kernel_sdiv_34ns_32s_34_38_seq_1_divseq |        103 |        102 |       0 |    1 |   103 |      0 |      0 |    0 |          0 |
|         k5_deferred_lighting_U0                                                  |                                    bd_0_hls_inst_0_top_kernel_k5_deferred_lighting |        446 |        444 |       0 |    2 |   197 |      0 |      0 |    0 |          0 |
|           (k5_deferred_lighting_U0)                                              |                                    bd_0_hls_inst_0_top_kernel_k5_deferred_lighting |        164 |        162 |       0 |    2 |   196 |      0 |      0 |    0 |          0 |
|           flow_control_loop_pipe_U                                               |                                  bd_0_hls_inst_0_top_kernel_flow_control_loop_pipe |         53 |         53 |       0 |    0 |     1 |      0 |      0 |    0 |          0 |
|           mul_32s_17s_49_1_1_U230                                                |                                      bd_0_hls_inst_0_top_kernel_mul_32s_17s_49_1_1 |        229 |        229 |       0 |    0 |     0 |      0 |      0 |    0 |          0 |
|         normal_buffer_y_U                                                        |                           bd_0_hls_inst_0_top_kernel_depth_buffer_RAM_AUTO_1R1W_26 |        186 |        186 |       0 |    0 |     6 |      7 |      1 |    0 |          0 |
|           top_kernel_depth_buffer_RAM_AUTO_1R1W_memcore_U                        |                  bd_0_hls_inst_0_top_kernel_depth_buffer_RAM_AUTO_1R1W_memcore_110 |        179 |        179 |       0 |    0 |     0 |      7 |      1 |    0 |          0 |
|         out_pixels_c_U                                                           |                                           bd_0_hls_inst_0_top_kernel_fifo_w64_d6_S |         73 |         11 |       0 |   62 |     9 |      0 |      0 |    0 |          0 |
|           U_top_kernel_fifo_w64_d6_S_ShiftReg                                    |                                  bd_0_hls_inst_0_top_kernel_fifo_w64_d6_S_ShiftReg |         63 |          1 |       0 |   62 |     0 |      0 |      0 |    0 |          0 |
|         screen_tris_in_n0_x_U                                                    |                                        bd_0_hls_inst_0_top_kernel_fifo_w32_d2_S_30 |         24 |         24 |       0 |    0 |    70 |      0 |      0 |    0 |          0 |
|           U_top_kernel_fifo_w32_d2_S_ShiftReg                                    |                              bd_0_hls_inst_0_top_kernel_fifo_w32_d2_S_ShiftReg_108 |         17 |         17 |       0 |    0 |    64 |      0 |      0 |    0 |          0 |
|         screen_tris_in_n0_y_U                                                    |                                        bd_0_hls_inst_0_top_kernel_fifo_w32_d2_S_31 |         24 |         24 |       0 |    0 |    70 |      0 |      0 |    0 |          0 |
|           U_top_kernel_fifo_w32_d2_S_ShiftReg                                    |                              bd_0_hls_inst_0_top_kernel_fifo_w32_d2_S_ShiftReg_107 |         17 |         17 |       0 |    0 |    64 |      0 |      0 |    0 |          0 |
|         screen_tris_in_n0_z_U                                                    |                                        bd_0_hls_inst_0_top_kernel_fifo_w32_d2_S_32 |         24 |         24 |       0 |    0 |    70 |      0 |      0 |    0 |          0 |
|           U_top_kernel_fifo_w32_d2_S_ShiftReg                                    |                              bd_0_hls_inst_0_top_kernel_fifo_w32_d2_S_ShiftReg_106 |         17 |         17 |       0 |    0 |    64 |      0 |      0 |    0 |          0 |
|         screen_tris_in_n1_x_U                                                    |                                        bd_0_hls_inst_0_top_kernel_fifo_w32_d2_S_33 |         27 |         27 |       0 |    0 |    70 |      0 |      0 |    0 |          0 |
|           U_top_kernel_fifo_w32_d2_S_ShiftReg                                    |                              bd_0_hls_inst_0_top_kernel_fifo_w32_d2_S_ShiftReg_105 |         17 |         17 |       0 |    0 |    64 |      0 |      0 |    0 |          0 |
|         screen_tris_in_n1_y_U                                                    |                                        bd_0_hls_inst_0_top_kernel_fifo_w32_d2_S_34 |         24 |         24 |       0 |    0 |    70 |      0 |      0 |    0 |          0 |
|           U_top_kernel_fifo_w32_d2_S_ShiftReg                                    |                              bd_0_hls_inst_0_top_kernel_fifo_w32_d2_S_ShiftReg_104 |         17 |         17 |       0 |    0 |    64 |      0 |      0 |    0 |          0 |
|         screen_tris_in_n1_z_U                                                    |                                        bd_0_hls_inst_0_top_kernel_fifo_w32_d2_S_35 |         24 |         24 |       0 |    0 |    70 |      0 |      0 |    0 |          0 |
|           U_top_kernel_fifo_w32_d2_S_ShiftReg                                    |                              bd_0_hls_inst_0_top_kernel_fifo_w32_d2_S_ShiftReg_103 |         17 |         17 |       0 |    0 |    64 |      0 |      0 |    0 |          0 |
|         screen_tris_in_n2_x_U                                                    |                                        bd_0_hls_inst_0_top_kernel_fifo_w32_d2_S_36 |         24 |         24 |       0 |    0 |    70 |      0 |      0 |    0 |          0 |
|           U_top_kernel_fifo_w32_d2_S_ShiftReg                                    |                              bd_0_hls_inst_0_top_kernel_fifo_w32_d2_S_ShiftReg_102 |         17 |         17 |       0 |    0 |    64 |      0 |      0 |    0 |          0 |
|         screen_tris_in_n2_y_U                                                    |                                        bd_0_hls_inst_0_top_kernel_fifo_w32_d2_S_37 |         24 |         24 |       0 |    0 |    70 |      0 |      0 |    0 |          0 |
|           U_top_kernel_fifo_w32_d2_S_ShiftReg                                    |                              bd_0_hls_inst_0_top_kernel_fifo_w32_d2_S_ShiftReg_101 |         17 |         17 |       0 |    0 |    64 |      0 |      0 |    0 |          0 |
|         screen_tris_in_n2_z_U                                                    |                                        bd_0_hls_inst_0_top_kernel_fifo_w32_d2_S_38 |         24 |         24 |       0 |    0 |    70 |      0 |      0 |    0 |          0 |
|           U_top_kernel_fifo_w32_d2_S_ShiftReg                                    |                              bd_0_hls_inst_0_top_kernel_fifo_w32_d2_S_ShiftReg_100 |         17 |         17 |       0 |    0 |    64 |      0 |      0 |    0 |          0 |
|         screen_tris_in_v0_x_U                                                    |                                        bd_0_hls_inst_0_top_kernel_fifo_w32_d2_S_40 |         27 |         27 |       0 |    0 |    70 |      0 |      0 |    0 |          0 |
|           U_top_kernel_fifo_w32_d2_S_ShiftReg                                    |                               bd_0_hls_inst_0_top_kernel_fifo_w32_d2_S_ShiftReg_99 |         17 |         17 |       0 |    0 |    64 |      0 |      0 |    0 |          0 |
|         screen_tris_in_v0_y_U                                                    |                                        bd_0_hls_inst_0_top_kernel_fifo_w32_d2_S_41 |         56 |         56 |       0 |    0 |    70 |      0 |      0 |    0 |          0 |
|           U_top_kernel_fifo_w32_d2_S_ShiftReg                                    |                               bd_0_hls_inst_0_top_kernel_fifo_w32_d2_S_ShiftReg_98 |         49 |         49 |       0 |    0 |    64 |      0 |      0 |    0 |          0 |
|         screen_tris_in_v0_z_U                                                    |                                        bd_0_hls_inst_0_top_kernel_fifo_w32_d2_S_42 |         24 |         24 |       0 |    0 |    70 |      0 |      0 |    0 |          0 |
|           U_top_kernel_fifo_w32_d2_S_ShiftReg                                    |                               bd_0_hls_inst_0_top_kernel_fifo_w32_d2_S_ShiftReg_97 |         17 |         17 |       0 |    0 |    64 |      0 |      0 |    0 |          0 |
|         screen_tris_in_v1_x_U                                                    |                                        bd_0_hls_inst_0_top_kernel_fifo_w32_d2_S_44 |         56 |         56 |       0 |    0 |    70 |      0 |      0 |    0 |          0 |
|           U_top_kernel_fifo_w32_d2_S_ShiftReg                                    |                               bd_0_hls_inst_0_top_kernel_fifo_w32_d2_S_ShiftReg_96 |         49 |         49 |       0 |    0 |    64 |      0 |      0 |    0 |          0 |
|         screen_tris_in_v1_y_U                                                    |                                        bd_0_hls_inst_0_top_kernel_fifo_w32_d2_S_45 |         24 |         24 |       0 |    0 |    70 |      0 |      0 |    0 |          0 |
|           U_top_kernel_fifo_w32_d2_S_ShiftReg                                    |                               bd_0_hls_inst_0_top_kernel_fifo_w32_d2_S_ShiftReg_95 |         17 |         17 |       0 |    0 |    64 |      0 |      0 |    0 |          0 |
|         screen_tris_in_v1_z_U                                                    |                                        bd_0_hls_inst_0_top_kernel_fifo_w32_d2_S_46 |         24 |         24 |       0 |    0 |    70 |      0 |      0 |    0 |          0 |
|           U_top_kernel_fifo_w32_d2_S_ShiftReg                                    |                               bd_0_hls_inst_0_top_kernel_fifo_w32_d2_S_ShiftReg_94 |         17 |         17 |       0 |    0 |    64 |      0 |      0 |    0 |          0 |
|         screen_tris_in_v2_x_U                                                    |                                        bd_0_hls_inst_0_top_kernel_fifo_w32_d2_S_48 |         25 |         25 |       0 |    0 |    70 |      0 |      0 |    0 |          0 |
|           U_top_kernel_fifo_w32_d2_S_ShiftReg                                    |                               bd_0_hls_inst_0_top_kernel_fifo_w32_d2_S_ShiftReg_93 |         17 |         17 |       0 |    0 |    64 |      0 |      0 |    0 |          0 |
|         screen_tris_in_v2_y_U                                                    |                                        bd_0_hls_inst_0_top_kernel_fifo_w32_d2_S_49 |         24 |         24 |       0 |    0 |    70 |      0 |      0 |    0 |          0 |
|           U_top_kernel_fifo_w32_d2_S_ShiftReg                                    |                               bd_0_hls_inst_0_top_kernel_fifo_w32_d2_S_ShiftReg_92 |         17 |         17 |       0 |    0 |    64 |      0 |      0 |    0 |          0 |
|         screen_tris_in_v2_z_U                                                    |                                        bd_0_hls_inst_0_top_kernel_fifo_w32_d2_S_50 |         25 |         25 |       0 |    0 |    70 |      0 |      0 |    0 |          0 |
|           U_top_kernel_fifo_w32_d2_S_ShiftReg                                    |                               bd_0_hls_inst_0_top_kernel_fifo_w32_d2_S_ShiftReg_91 |         17 |         17 |       0 |    0 |    64 |      0 |      0 |    0 |          0 |
|         screen_tris_out_n0_x_U                                                   |                                        bd_0_hls_inst_0_top_kernel_fifo_w32_d2_S_53 |         22 |         22 |       0 |    0 |    70 |      0 |      0 |    0 |          0 |
|           U_top_kernel_fifo_w32_d2_S_ShiftReg                                    |                               bd_0_hls_inst_0_top_kernel_fifo_w32_d2_S_ShiftReg_90 |         16 |         16 |       0 |    0 |    64 |      0 |      0 |    0 |          0 |
|         screen_tris_out_n0_y_U                                                   |                                        bd_0_hls_inst_0_top_kernel_fifo_w32_d2_S_54 |         22 |         22 |       0 |    0 |    70 |      0 |      0 |    0 |          0 |
|           U_top_kernel_fifo_w32_d2_S_ShiftReg                                    |                               bd_0_hls_inst_0_top_kernel_fifo_w32_d2_S_ShiftReg_89 |         16 |         16 |       0 |    0 |    64 |      0 |      0 |    0 |          0 |
|         screen_tris_out_n0_z_U                                                   |                                        bd_0_hls_inst_0_top_kernel_fifo_w32_d2_S_55 |         22 |         22 |       0 |    0 |    70 |      0 |      0 |    0 |          0 |
|           U_top_kernel_fifo_w32_d2_S_ShiftReg                                    |                               bd_0_hls_inst_0_top_kernel_fifo_w32_d2_S_ShiftReg_88 |         16 |         16 |       0 |    0 |    64 |      0 |      0 |    0 |          0 |
|         screen_tris_out_n1_x_U                                                   |                                        bd_0_hls_inst_0_top_kernel_fifo_w32_d2_S_56 |         23 |         23 |       0 |    0 |    70 |      0 |      0 |    0 |          0 |
|           U_top_kernel_fifo_w32_d2_S_ShiftReg                                    |                               bd_0_hls_inst_0_top_kernel_fifo_w32_d2_S_ShiftReg_87 |         16 |         16 |       0 |    0 |    64 |      0 |      0 |    0 |          0 |
|         screen_tris_out_n1_y_U                                                   |                                        bd_0_hls_inst_0_top_kernel_fifo_w32_d2_S_57 |         22 |         22 |       0 |    0 |    70 |      0 |      0 |    0 |          0 |
|           U_top_kernel_fifo_w32_d2_S_ShiftReg                                    |                               bd_0_hls_inst_0_top_kernel_fifo_w32_d2_S_ShiftReg_86 |         16 |         16 |       0 |    0 |    64 |      0 |      0 |    0 |          0 |
|         screen_tris_out_n1_z_U                                                   |                                        bd_0_hls_inst_0_top_kernel_fifo_w32_d2_S_58 |         22 |         22 |       0 |    0 |    70 |      0 |      0 |    0 |          0 |
|           U_top_kernel_fifo_w32_d2_S_ShiftReg                                    |                               bd_0_hls_inst_0_top_kernel_fifo_w32_d2_S_ShiftReg_85 |         16 |         16 |       0 |    0 |    64 |      0 |      0 |    0 |          0 |
|         screen_tris_out_n2_x_U                                                   |                                        bd_0_hls_inst_0_top_kernel_fifo_w32_d2_S_59 |         23 |         23 |       0 |    0 |    70 |      0 |      0 |    0 |          0 |
|           U_top_kernel_fifo_w32_d2_S_ShiftReg                                    |                               bd_0_hls_inst_0_top_kernel_fifo_w32_d2_S_ShiftReg_84 |         16 |         16 |       0 |    0 |    64 |      0 |      0 |    0 |          0 |
|         screen_tris_out_n2_y_U                                                   |                                        bd_0_hls_inst_0_top_kernel_fifo_w32_d2_S_60 |         22 |         22 |       0 |    0 |    70 |      0 |      0 |    0 |          0 |
|           U_top_kernel_fifo_w32_d2_S_ShiftReg                                    |                               bd_0_hls_inst_0_top_kernel_fifo_w32_d2_S_ShiftReg_83 |         16 |         16 |       0 |    0 |    64 |      0 |      0 |    0 |          0 |
|         screen_tris_out_n2_z_U                                                   |                                        bd_0_hls_inst_0_top_kernel_fifo_w32_d2_S_61 |         22 |         22 |       0 |    0 |    70 |      0 |      0 |    0 |          0 |
|           U_top_kernel_fifo_w32_d2_S_ShiftReg                                    |                               bd_0_hls_inst_0_top_kernel_fifo_w32_d2_S_ShiftReg_82 |         16 |         16 |       0 |    0 |    64 |      0 |      0 |    0 |          0 |
|         screen_tris_out_v0_x_U                                                   |                                        bd_0_hls_inst_0_top_kernel_fifo_w32_d2_S_63 |         91 |         91 |       0 |    0 |    70 |      0 |      0 |    0 |          0 |
|           U_top_kernel_fifo_w32_d2_S_ShiftReg                                    |                               bd_0_hls_inst_0_top_kernel_fifo_w32_d2_S_ShiftReg_81 |         82 |         82 |       0 |    0 |    64 |      0 |      0 |    0 |          0 |
|         screen_tris_out_v0_y_U                                                   |                                        bd_0_hls_inst_0_top_kernel_fifo_w32_d2_S_64 |         25 |         25 |       0 |    0 |    70 |      0 |      0 |    0 |          0 |
|           U_top_kernel_fifo_w32_d2_S_ShiftReg                                    |                               bd_0_hls_inst_0_top_kernel_fifo_w32_d2_S_ShiftReg_80 |         18 |         18 |       0 |    0 |    64 |      0 |      0 |    0 |          0 |
|         screen_tris_out_v0_z_U                                                   |                                        bd_0_hls_inst_0_top_kernel_fifo_w32_d2_S_65 |         23 |         23 |       0 |    0 |    70 |      0 |      0 |    0 |          0 |
|           U_top_kernel_fifo_w32_d2_S_ShiftReg                                    |                               bd_0_hls_inst_0_top_kernel_fifo_w32_d2_S_ShiftReg_79 |         16 |         16 |       0 |    0 |    64 |      0 |      0 |    0 |          0 |
|         screen_tris_out_v1_x_U                                                   |                                        bd_0_hls_inst_0_top_kernel_fifo_w32_d2_S_67 |         55 |         55 |       0 |    0 |    70 |      0 |      0 |    0 |          0 |
|           U_top_kernel_fifo_w32_d2_S_ShiftReg                                    |                               bd_0_hls_inst_0_top_kernel_fifo_w32_d2_S_ShiftReg_78 |         48 |         48 |       0 |    0 |    64 |      0 |      0 |    0 |          0 |
|         screen_tris_out_v1_y_U                                                   |                                        bd_0_hls_inst_0_top_kernel_fifo_w32_d2_S_68 |         72 |         72 |       0 |    0 |    70 |      0 |      0 |    0 |          0 |
|           U_top_kernel_fifo_w32_d2_S_ShiftReg                                    |                               bd_0_hls_inst_0_top_kernel_fifo_w32_d2_S_ShiftReg_77 |         65 |         65 |       0 |    0 |    64 |      0 |      0 |    0 |          0 |
|         screen_tris_out_v1_z_U                                                   |                                        bd_0_hls_inst_0_top_kernel_fifo_w32_d2_S_69 |         22 |         22 |       0 |    0 |    70 |      0 |      0 |    0 |          0 |
|           U_top_kernel_fifo_w32_d2_S_ShiftReg                                    |                               bd_0_hls_inst_0_top_kernel_fifo_w32_d2_S_ShiftReg_76 |         16 |         16 |       0 |    0 |    64 |      0 |      0 |    0 |          0 |
|         screen_tris_out_v2_x_U                                                   |                                        bd_0_hls_inst_0_top_kernel_fifo_w32_d2_S_71 |         57 |         57 |       0 |    0 |    70 |      0 |      0 |    0 |          0 |
|           U_top_kernel_fifo_w32_d2_S_ShiftReg                                    |                               bd_0_hls_inst_0_top_kernel_fifo_w32_d2_S_ShiftReg_75 |         48 |         48 |       0 |    0 |    64 |      0 |      0 |    0 |          0 |
|         screen_tris_out_v2_y_U                                                   |                                        bd_0_hls_inst_0_top_kernel_fifo_w32_d2_S_72 |         72 |         72 |       0 |    0 |    70 |      0 |      0 |    0 |          0 |
|           U_top_kernel_fifo_w32_d2_S_ShiftReg                                    |                               bd_0_hls_inst_0_top_kernel_fifo_w32_d2_S_ShiftReg_74 |         65 |         65 |       0 |    0 |    64 |      0 |      0 |    0 |          0 |
+----------------------------------------------------------------------------------+------------------------------------------------------------------------------------+------------+------------+---------+------+-------+--------+--------+------+------------+


