Copyright 1986-2022 Xilinx, Inc. All Rights Reserved. Copyright 2022-2025 Advanced Micro Devices, Inc. All Rights Reserved.
--------------------------------------------------------------------------------------------------------------------------------------------------
| Tool Version      : Vivado v.2025.1.1 (lin64) Build 6233196 Thu Sep 11 21:27:11 MDT 2025
| Date              : Mon Mar 30 23:51:12 2026
| Host              : ece-linlabsrv01 running 64-bit Red Hat Enterprise Linux release 8.10 (Ootpa)
| Command           : report_timing_summary -file ./report/top_kernel_timing_routed.rpt
| Design            : bd_0_wrapper
| Device            : xczu3eg-sbva484
| Speed File        : -1  PRODUCTION 1.30 05-15-2022
| Design State      : Routed
| Temperature Grade : E
--------------------------------------------------------------------------------------------------------------------------------------------------

Timing Summary Report

------------------------------------------------------------------------------------------------
| Timer Settings
| --------------
------------------------------------------------------------------------------------------------

  Enable Multi Corner Analysis               :  Yes
  Enable Pessimism Removal                   :  Yes
  Pessimism Removal Resolution               :  Nearest Common Node
  Enable Input Delay Default Clock           :  No
  Enable Preset / Clear Arcs                 :  No
  Disable Flight Delays                      :  No
  Ignore I/O Paths                           :  No
  Timing Early Launch at Borrowing Latches   :  No
  Borrow Time for Max Delay Exceptions       :  Yes
  Merge Timing Exceptions                    :  Yes
  Inter-SLR Compensation                     :  Conservative

  Corner  Analyze    Analyze    
  Name    Max Paths  Min Paths  
  ------  ---------  ---------  
  Slow    Yes        Yes        
  Fast    Yes        Yes        


------------------------------------------------------------------------------------------------
| Report Methodology
| ------------------
------------------------------------------------------------------------------------------------

Rule       Severity  Description                    Violations  
---------  --------  -----------------------------  ----------  
TIMING-18  Warning   Missing input or output delay  1000        

Note: This report is based on the most recent report_methodology run and may not be up-to-date. Run report_methodology on the current design for the latest report.



check_timing report

Table of Contents
-----------------
1. checking no_clock (0)
2. checking constant_clock (0)
3. checking pulse_width_clock (0)
4. checking unconstrained_internal_endpoints (0)
5. checking no_input_delay (1146)
6. checking no_output_delay (207)
7. checking multiple_clock (0)
8. checking generated_clocks (0)
9. checking loops (0)
10. checking partial_input_delay (0)
11. checking partial_output_delay (0)
12. checking latch_loops (0)

1. checking no_clock (0)
------------------------
 There are 0 register/latch pins with no clock.


2. checking constant_clock (0)
------------------------------
 There are 0 register/latch pins with constant_clock.


3. checking pulse_width_clock (0)
---------------------------------
 There are 0 register/latch pins which need pulse_width check


4. checking unconstrained_internal_endpoints (0)
------------------------------------------------
 There are 0 pins that are not constrained for maximum delay.

 There are 0 pins that are not constrained for maximum delay due to constant clock.


5. checking no_input_delay (1146)
---------------------------------
 There are 1146 input ports with no input delay specified. (HIGH)

 There are 0 input ports with no input delay but user has a false path constraint.


6. checking no_output_delay (207)
---------------------------------
 There are 207 ports with no output delay specified. (HIGH)

 There are 0 ports with no output delay but user has a false path constraint

 There are 0 ports with no output delay but with a timing clock defined on it or propagating through it


7. checking multiple_clock (0)
------------------------------
 There are 0 register/latch pins with multiple clocks.


8. checking generated_clocks (0)
--------------------------------
 There are 0 generated clocks that are not connected to a clock source.


9. checking loops (0)
---------------------
 There are 0 combinational loops in the design.


10. checking partial_input_delay (0)
------------------------------------
 There are 0 input ports with partial input delay specified.


11. checking partial_output_delay (0)
-------------------------------------
 There are 0 ports with partial output delay specified.


12. checking latch_loops (0)
----------------------------
 There are 0 combinational latch loops in the design through latch input



------------------------------------------------------------------------------------------------
| Design Timing Summary
| ---------------------
------------------------------------------------------------------------------------------------

    WNS(ns)      TNS(ns)  TNS Failing Endpoints  TNS Total Endpoints      WHS(ns)      THS(ns)  THS Failing Endpoints  THS Total Endpoints     WPWS(ns)     TPWS(ns)  TPWS Failing Endpoints  TPWS Total Endpoints  
    -------      -------  ---------------------  -------------------      -------      -------  ---------------------  -------------------     --------     --------  ----------------------  --------------------  
      0.204        0.000                      0                31304        0.039        0.000                      0                31304        4.427        0.000                       0                 12629  


All user specified timing constraints are met.


------------------------------------------------------------------------------------------------
| Clock Summary
| -------------
------------------------------------------------------------------------------------------------

Clock   Waveform(ns)       Period(ns)      Frequency(MHz)
-----   ------------       ----------      --------------
ap_clk  {0.000 5.000}      10.000          100.000         


------------------------------------------------------------------------------------------------
| Intra Clock Table
| -----------------
------------------------------------------------------------------------------------------------

Clock             WNS(ns)      TNS(ns)  TNS Failing Endpoints  TNS Total Endpoints      WHS(ns)      THS(ns)  THS Failing Endpoints  THS Total Endpoints     WPWS(ns)     TPWS(ns)  TPWS Failing Endpoints  TPWS Total Endpoints  
-----             -------      -------  ---------------------  -------------------      -------      -------  ---------------------  -------------------     --------     --------  ----------------------  --------------------  
ap_clk              0.204        0.000                      0                31304        0.039        0.000                      0                31304        4.427        0.000                       0                 12629  


------------------------------------------------------------------------------------------------
| Inter Clock Table
| -----------------
------------------------------------------------------------------------------------------------

From Clock    To Clock          WNS(ns)      TNS(ns)  TNS Failing Endpoints  TNS Total Endpoints      WHS(ns)      THS(ns)  THS Failing Endpoints  THS Total Endpoints  
----------    --------          -------      -------  ---------------------  -------------------      -------      -------  ---------------------  -------------------  


------------------------------------------------------------------------------------------------
| Other Path Groups Table
| -----------------------
------------------------------------------------------------------------------------------------

Path Group    From Clock    To Clock          WNS(ns)      TNS(ns)  TNS Failing Endpoints  TNS Total Endpoints      WHS(ns)      THS(ns)  THS Failing Endpoints  THS Total Endpoints  
----------    ----------    --------          -------      -------  ---------------------  -------------------      -------      -------  ---------------------  -------------------  


------------------------------------------------------------------------------------------------
| Timing Details
| --------------
------------------------------------------------------------------------------------------------


---------------------------------------------------------------------------------------------------
From Clock:  ap_clk
  To Clock:  ap_clk

Setup :            0  Failing Endpoints,  Worst Slack        0.204ns,  Total Violation        0.000ns
Hold  :            0  Failing Endpoints,  Worst Slack        0.039ns,  Total Violation        0.000ns
PW    :            0  Failing Endpoints,  Worst Slack        4.427ns,  Total Violation        0.000ns
---------------------------------------------------------------------------------------------------


Max Delay Paths
--------------------------------------------------------------------------------------
Slack (MET) :             0.204ns  (required time - arrival time)
  Source:                 bd_0_i/hls_inst/inst/k1_vertex_transform_U0/grp_k1_vertex_transform_Pipeline_VITIS_LOOP_10_1_fu_263/shl_ln_reg_4831_reg[8]_rep__0/C
                            (rising edge-triggered cell FDRE clocked by ap_clk  {rise@0.000ns fall@5.000ns period=10.000ns})
  Destination:            bd_0_i/hls_inst/inst/k1_vertex_transform_U0/grp_k1_vertex_transform_Pipeline_VITIS_LOOP_10_1_fu_263/add_ln22_1_reg_5017_reg[61]/D
                            (rising edge-triggered cell FDRE clocked by ap_clk  {rise@0.000ns fall@5.000ns period=10.000ns})
  Path Group:             ap_clk
  Path Type:              Setup (Max at Slow Process Corner)
  Requirement:            10.000ns  (ap_clk rise@10.000ns - ap_clk rise@0.000ns)
  Data Path Delay:        9.776ns  (logic 4.622ns (47.277%)  route 5.154ns (52.723%))
  Logic Levels:           24  (CARRY8=6 DSP_A_B_DATA=1 DSP_ALU=2 DSP_M_DATA=1 DSP_MULTIPLIER=1 DSP_OUTPUT=2 DSP_PREADD_DATA=1 LUT2=1 LUT3=3 LUT4=1 LUT5=1 LUT6=4)
  Clock Path Skew:        -0.011ns (DCD - SCD + CPR)
    Destination Clock Delay (DCD):    0.026ns = ( 10.026 - 10.000 ) 
    Source Clock Delay      (SCD):    0.037ns
    Clock Pessimism Removal (CPR):    0.000ns
  Clock Uncertainty:      0.035ns  ((TSJ^2 + TIJ^2)^1/2 + DJ) / 2 + PE
    Total System Jitter     (TSJ):    0.071ns
    Total Input Jitter      (TIJ):    0.000ns
    Discrete Jitter          (DJ):    0.000ns
    Phase Error              (PE):    0.000ns

    Location             Delay type                Incr(ns)  Path(ns)    Netlist Resource(s)
  -------------------------------------------------------------------    -------------------
                         (clock ap_clk rise edge)     0.000     0.000 r  
                                                      0.000     0.000 r  ap_clk (IN)
                         net (fo=13084, unset)        0.037     0.037    bd_0_i/hls_inst/inst/k1_vertex_transform_U0/grp_k1_vertex_transform_Pipeline_VITIS_LOOP_10_1_fu_263/ap_clk
    SLICE_X37Y114        FDRE                                         r  bd_0_i/hls_inst/inst/k1_vertex_transform_U0/grp_k1_vertex_transform_Pipeline_VITIS_LOOP_10_1_fu_263/shl_ln_reg_4831_reg[8]_rep__0/C
  -------------------------------------------------------------------    -------------------
    SLICE_X37Y114        FDRE (Prop_DFF_SLICEM_C_Q)
                                                      0.096     0.133 r  bd_0_i/hls_inst/inst/k1_vertex_transform_U0/grp_k1_vertex_transform_Pipeline_VITIS_LOOP_10_1_fu_263/shl_ln_reg_4831_reg[8]_rep__0/Q
                         net (fo=116, routed)         0.493     0.626    bd_0_i/hls_inst/inst/k1_vertex_transform_U0/grp_k1_vertex_transform_Pipeline_VITIS_LOOP_10_1_fu_263/mul_32s_32s_64_1_1_U3/sext_ln20_reg_4918[24]_i_7_0
    SLICE_X38Y116        LUT6 (Prop_B6LUT_SLICEL_I2_O)
                                                      0.115     0.741 f  bd_0_i/hls_inst/inst/k1_vertex_transform_U0/grp_k1_vertex_transform_Pipeline_VITIS_LOOP_10_1_fu_263/mul_32s_32s_64_1_1_U3/verts_w_reg_4913[11]_i_11/O
                         net (fo=2, routed)           0.659     1.400    bd_0_i/hls_inst/inst/k1_vertex_transform_U0/grp_k1_vertex_transform_Pipeline_VITIS_LOOP_10_1_fu_263/mul_32s_32s_64_1_1_U5/verts_w_reg_4913[11]_i_2
    SLICE_X32Y116        LUT3 (Prop_D5LUT_SLICEL_I2_O)
                                                      0.136     1.536 f  bd_0_i/hls_inst/inst/k1_vertex_transform_U0/grp_k1_vertex_transform_Pipeline_VITIS_LOOP_10_1_fu_263/mul_32s_32s_64_1_1_U5/verts_w_reg_4913[11]_i_5/O
                         net (fo=2, routed)           0.360     1.896    bd_0_i/hls_inst/inst/k1_vertex_transform_U0/grp_k1_vertex_transform_Pipeline_VITIS_LOOP_10_1_fu_263/mul_32s_32s_64_1_1_U5/shl_ln_reg_4831_reg[7]_2
    SLICE_X32Y127        LUT5 (Prop_F6LUT_SLICEL_I3_O)
                                                      0.039     1.935 f  bd_0_i/hls_inst/inst/k1_vertex_transform_U0/grp_k1_vertex_transform_Pipeline_VITIS_LOOP_10_1_fu_263/mul_32s_32s_64_1_1_U5/sext_ln20_1_reg_4925[27]_i_4/O
                         net (fo=4, routed)           0.356     2.290    bd_0_i/hls_inst/inst/k1_vertex_transform_U0/grp_k1_vertex_transform_Pipeline_VITIS_LOOP_10_1_fu_263/mul_32s_32s_64_1_1_U4/sext_ln20_1_reg_4925_reg[11]
    SLICE_X26Y132        LUT6 (Prop_F6LUT_SLICEL_I0_O)
                                                      0.177     2.467 f  bd_0_i/hls_inst/inst/k1_vertex_transform_U0/grp_k1_vertex_transform_Pipeline_VITIS_LOOP_10_1_fu_263/mul_32s_32s_64_1_1_U4/sext_ln20_1_reg_4925[11]_i_2/O
                         net (fo=2, routed)           0.170     2.637    bd_0_i/hls_inst/inst/k1_vertex_transform_U0/grp_k1_vertex_transform_Pipeline_VITIS_LOOP_10_1_fu_263/mul_32s_32s_64_1_1_U4/sext_ln20_1_reg_4925[11]_i_2_n_0
    SLICE_X24Y135        LUT3 (Prop_D5LUT_SLICEM_I0_O)
                                                      0.136     2.773 f  bd_0_i/hls_inst/inst/k1_vertex_transform_U0/grp_k1_vertex_transform_Pipeline_VITIS_LOOP_10_1_fu_263/mul_32s_32s_64_1_1_U4/sext_ln20_1_reg_4925[3]_i_1/O
                         net (fo=2, routed)           0.375     3.148    bd_0_i/hls_inst/inst/k1_vertex_transform_U0/grp_k1_vertex_transform_Pipeline_VITIS_LOOP_10_1_fu_263/mul_32s_32s_64_1_1_U4/D[3]
    SLICE_X22Y138        LUT6 (Prop_F6LUT_SLICEL_I2_O)
                                                      0.062     3.210 f  bd_0_i/hls_inst/inst/k1_vertex_transform_U0/grp_k1_vertex_transform_Pipeline_VITIS_LOOP_10_1_fu_263/mul_32s_32s_64_1_1_U4/tmp_product__1_i_71/O
                         net (fo=1, routed)           0.210     3.420    bd_0_i/hls_inst/inst/k1_vertex_transform_U0/grp_k1_vertex_transform_Pipeline_VITIS_LOOP_10_1_fu_263/mul_32s_32s_64_1_1_U4/tmp_product__1_i_71_n_0
    SLICE_X21Y142        LUT6 (Prop_C6LUT_SLICEL_I1_O)
                                                      0.038     3.458 f  bd_0_i/hls_inst/inst/k1_vertex_transform_U0/grp_k1_vertex_transform_Pipeline_VITIS_LOOP_10_1_fu_263/mul_32s_32s_64_1_1_U4/tmp_product__1_i_14/O
                         net (fo=1, routed)           0.507     3.965    bd_0_i/hls_inst/inst/k1_vertex_transform_U0/grp_k1_vertex_transform_Pipeline_VITIS_LOOP_10_1_fu_263/mul_32s_32s_64_1_1_U4/tmp_product__1/A[3]
    DSP48E2_X1Y66        DSP_A_B_DATA (Prop_DSP_A_B_DATA_DSP48E2_A[3]_A2_DATA[3])
                                                      0.241     4.206 r  bd_0_i/hls_inst/inst/k1_vertex_transform_U0/grp_k1_vertex_transform_Pipeline_VITIS_LOOP_10_1_fu_263/mul_32s_32s_64_1_1_U4/tmp_product__1/DSP_A_B_DATA_INST/A2_DATA[3]
                         net (fo=1, routed)           0.000     4.206    bd_0_i/hls_inst/inst/k1_vertex_transform_U0/grp_k1_vertex_transform_Pipeline_VITIS_LOOP_10_1_fu_263/mul_32s_32s_64_1_1_U4/tmp_product__1/DSP_A_B_DATA.A2_DATA<3>
    DSP48E2_X1Y66        DSP_PREADD_DATA (Prop_DSP_PREADD_DATA_DSP48E2_A2_DATA[3]_A2A1[3])
                                                      0.098     4.304 r  bd_0_i/hls_inst/inst/k1_vertex_transform_U0/grp_k1_vertex_transform_Pipeline_VITIS_LOOP_10_1_fu_263/mul_32s_32s_64_1_1_U4/tmp_product__1/DSP_PREADD_DATA_INST/A2A1[3]
                         net (fo=1, routed)           0.000     4.304    bd_0_i/hls_inst/inst/k1_vertex_transform_U0/grp_k1_vertex_transform_Pipeline_VITIS_LOOP_10_1_fu_263/mul_32s_32s_64_1_1_U4/tmp_product__1/DSP_PREADD_DATA.A2A1<3>
    DSP48E2_X1Y66        DSP_MULTIPLIER (Prop_DSP_MULTIPLIER_DSP48E2_A2A1[3]_U[24])
                                                      0.647     4.951 f  bd_0_i/hls_inst/inst/k1_vertex_transform_U0/grp_k1_vertex_transform_Pipeline_VITIS_LOOP_10_1_fu_263/mul_32s_32s_64_1_1_U4/tmp_product__1/DSP_MULTIPLIER_INST/U[24]
                         net (fo=1, routed)           0.000     4.951    bd_0_i/hls_inst/inst/k1_vertex_transform_U0/grp_k1_vertex_transform_Pipeline_VITIS_LOOP_10_1_fu_263/mul_32s_32s_64_1_1_U4/tmp_product__1/DSP_MULTIPLIER.U<24>
    DSP48E2_X1Y66        DSP_M_DATA (Prop_DSP_M_DATA_DSP48E2_U[24]_U_DATA[24])
                                                      0.059     5.010 r  bd_0_i/hls_inst/inst/k1_vertex_transform_U0/grp_k1_vertex_transform_Pipeline_VITIS_LOOP_10_1_fu_263/mul_32s_32s_64_1_1_U4/tmp_product__1/DSP_M_DATA_INST/U_DATA[24]
                         net (fo=1, routed)           0.000     5.010    bd_0_i/hls_inst/inst/k1_vertex_transform_U0/grp_k1_vertex_transform_Pipeline_VITIS_LOOP_10_1_fu_263/mul_32s_32s_64_1_1_U4/tmp_product__1/DSP_M_DATA.U_DATA<24>
    DSP48E2_X1Y66        DSP_ALU (Prop_DSP_ALU_DSP48E2_U_DATA[24]_ALU_OUT[47])
                                                      0.699     5.709 f  bd_0_i/hls_inst/inst/k1_vertex_transform_U0/grp_k1_vertex_transform_Pipeline_VITIS_LOOP_10_1_fu_263/mul_32s_32s_64_1_1_U4/tmp_product__1/DSP_ALU_INST/ALU_OUT[47]
                         net (fo=1, routed)           0.000     5.709    bd_0_i/hls_inst/inst/k1_vertex_transform_U0/grp_k1_vertex_transform_Pipeline_VITIS_LOOP_10_1_fu_263/mul_32s_32s_64_1_1_U4/tmp_product__1/DSP_ALU.ALU_OUT<47>
    DSP48E2_X1Y66        DSP_OUTPUT (Prop_DSP_OUTPUT_DSP48E2_ALU_OUT[47]_PCOUT[47])
                                                      0.159     5.868 r  bd_0_i/hls_inst/inst/k1_vertex_transform_U0/grp_k1_vertex_transform_Pipeline_VITIS_LOOP_10_1_fu_263/mul_32s_32s_64_1_1_U4/tmp_product__1/DSP_OUTPUT_INST/PCOUT[47]
                         net (fo=1, routed)           0.016     5.884    bd_0_i/hls_inst/inst/k1_vertex_transform_U0/grp_k1_vertex_transform_Pipeline_VITIS_LOOP_10_1_fu_263/mul_32s_32s_64_1_1_U4/tmp_product__2/PCIN[47]
    DSP48E2_X1Y67        DSP_ALU (Prop_DSP_ALU_DSP48E2_PCIN[47]_ALU_OUT[7])
                                                      0.698     6.582 f  bd_0_i/hls_inst/inst/k1_vertex_transform_U0/grp_k1_vertex_transform_Pipeline_VITIS_LOOP_10_1_fu_263/mul_32s_32s_64_1_1_U4/tmp_product__2/DSP_ALU_INST/ALU_OUT[7]
                         net (fo=1, routed)           0.000     6.582    bd_0_i/hls_inst/inst/k1_vertex_transform_U0/grp_k1_vertex_transform_Pipeline_VITIS_LOOP_10_1_fu_263/mul_32s_32s_64_1_1_U4/tmp_product__2/DSP_ALU.ALU_OUT<7>
    DSP48E2_X1Y67        DSP_OUTPUT (Prop_DSP_OUTPUT_DSP48E2_ALU_OUT[7]_P[7])
                                                      0.141     6.723 r  bd_0_i/hls_inst/inst/k1_vertex_transform_U0/grp_k1_vertex_transform_Pipeline_VITIS_LOOP_10_1_fu_263/mul_32s_32s_64_1_1_U4/tmp_product__2/DSP_OUTPUT_INST/P[7]
                         net (fo=2, routed)           0.522     7.245    bd_0_i/hls_inst/inst/k1_vertex_transform_U0/grp_k1_vertex_transform_Pipeline_VITIS_LOOP_10_1_fu_263/mul_32s_32s_64_1_1_U4/tmp_product__2_n_98
    SLICE_X22Y159        LUT2 (Prop_A6LUT_SLICEL_I0_O)
                                                      0.100     7.345 r  bd_0_i/hls_inst/inst/k1_vertex_transform_U0/grp_k1_vertex_transform_Pipeline_VITIS_LOOP_10_1_fu_263/mul_32s_32s_64_1_1_U4/tmp_product_carry__0_i_8__1/O
                         net (fo=1, routed)           0.011     7.356    bd_0_i/hls_inst/inst/k1_vertex_transform_U0/grp_k1_vertex_transform_Pipeline_VITIS_LOOP_10_1_fu_263/mul_32s_32s_64_1_1_U4/tmp_product_carry__0_i_8__1_n_0
    SLICE_X22Y159        CARRY8 (Prop_CARRY8_SLICEL_S[0]_CO[7])
                                                      0.238     7.594 r  bd_0_i/hls_inst/inst/k1_vertex_transform_U0/grp_k1_vertex_transform_Pipeline_VITIS_LOOP_10_1_fu_263/mul_32s_32s_64_1_1_U4/tmp_product_carry__0/CO[7]
                         net (fo=1, routed)           0.028     7.622    bd_0_i/hls_inst/inst/k1_vertex_transform_U0/grp_k1_vertex_transform_Pipeline_VITIS_LOOP_10_1_fu_263/mul_32s_32s_64_1_1_U4/tmp_product_carry__0_n_0
    SLICE_X22Y160        CARRY8 (Prop_CARRY8_SLICEL_CI_O[6])
                                                      0.136     7.758 r  bd_0_i/hls_inst/inst/k1_vertex_transform_U0/grp_k1_vertex_transform_Pipeline_VITIS_LOOP_10_1_fu_263/mul_32s_32s_64_1_1_U4/tmp_product_carry__1/O[6]
                         net (fo=5, routed)           0.471     8.229    bd_0_i/hls_inst/inst/k1_vertex_transform_U0/grp_k1_vertex_transform_Pipeline_VITIS_LOOP_10_1_fu_263/mul_32s_32s_64_1_1_U4/tmp_product__3[22]
    SLICE_X19Y157        LUT3 (Prop_G5LUT_SLICEM_I0_O)
                                                      0.084     8.313 r  bd_0_i/hls_inst/inst/k1_vertex_transform_U0/grp_k1_vertex_transform_Pipeline_VITIS_LOOP_10_1_fu_263/mul_32s_32s_64_1_1_U4/add_ln22_1_reg_5017[39]_i_2/O
                         net (fo=2, routed)           0.305     8.618    bd_0_i/hls_inst/inst/k1_vertex_transform_U0/grp_k1_vertex_transform_Pipeline_VITIS_LOOP_10_1_fu_263/mul_32s_32s_64_1_1_U4/add_ln22_1_reg_5017[39]_i_2_n_0
    SLICE_X19Y157        LUT4 (Prop_H6LUT_SLICEM_I3_O)
                                                      0.182     8.800 r  bd_0_i/hls_inst/inst/k1_vertex_transform_U0/grp_k1_vertex_transform_Pipeline_VITIS_LOOP_10_1_fu_263/mul_32s_32s_64_1_1_U4/add_ln22_1_reg_5017[39]_i_10/O
                         net (fo=1, routed)           0.017     8.817    bd_0_i/hls_inst/inst/k1_vertex_transform_U0/grp_k1_vertex_transform_Pipeline_VITIS_LOOP_10_1_fu_263/mul_32s_32s_64_1_1_U4/add_ln22_1_reg_5017[39]_i_10_n_0
    SLICE_X19Y157        CARRY8 (Prop_CARRY8_SLICEM_S[7]_CO[7])
                                                      0.150     8.967 r  bd_0_i/hls_inst/inst/k1_vertex_transform_U0/grp_k1_vertex_transform_Pipeline_VITIS_LOOP_10_1_fu_263/mul_32s_32s_64_1_1_U4/add_ln22_1_reg_5017_reg[39]_i_1/CO[7]
                         net (fo=1, routed)           0.028     8.995    bd_0_i/hls_inst/inst/k1_vertex_transform_U0/grp_k1_vertex_transform_Pipeline_VITIS_LOOP_10_1_fu_263/mul_32s_32s_64_1_1_U4/add_ln22_1_reg_5017_reg[39]_i_1_n_0
    SLICE_X19Y158        CARRY8 (Prop_CARRY8_SLICEM_CI_CO[7])
                                                      0.023     9.018 r  bd_0_i/hls_inst/inst/k1_vertex_transform_U0/grp_k1_vertex_transform_Pipeline_VITIS_LOOP_10_1_fu_263/mul_32s_32s_64_1_1_U4/add_ln22_1_reg_5017_reg[47]_i_1/CO[7]
                         net (fo=1, routed)           0.028     9.046    bd_0_i/hls_inst/inst/k1_vertex_transform_U0/grp_k1_vertex_transform_Pipeline_VITIS_LOOP_10_1_fu_263/mul_32s_32s_64_1_1_U4/add_ln22_1_reg_5017_reg[47]_i_1_n_0
    SLICE_X19Y159        CARRY8 (Prop_CARRY8_SLICEM_CI_CO[7])
                                                      0.023     9.069 r  bd_0_i/hls_inst/inst/k1_vertex_transform_U0/grp_k1_vertex_transform_Pipeline_VITIS_LOOP_10_1_fu_263/mul_32s_32s_64_1_1_U4/add_ln22_1_reg_5017_reg[55]_i_1/CO[7]
                         net (fo=1, routed)           0.028     9.097    bd_0_i/hls_inst/inst/k1_vertex_transform_U0/grp_k1_vertex_transform_Pipeline_VITIS_LOOP_10_1_fu_263/mul_32s_32s_64_1_1_U4/add_ln22_1_reg_5017_reg[55]_i_1_n_0
    SLICE_X19Y160        CARRY8 (Prop_CARRY8_SLICEM_CI_O[5])
                                                      0.145     9.242 r  bd_0_i/hls_inst/inst/k1_vertex_transform_U0/grp_k1_vertex_transform_Pipeline_VITIS_LOOP_10_1_fu_263/mul_32s_32s_64_1_1_U4/add_ln22_1_reg_5017_reg[63]_i_1/O[5]
                         net (fo=4, routed)           0.571     9.813    bd_0_i/hls_inst/inst/k1_vertex_transform_U0/grp_k1_vertex_transform_Pipeline_VITIS_LOOP_10_1_fu_263/add_ln20_9_fu_3604_p2[61]
    SLICE_X20Y160        FDRE                                         r  bd_0_i/hls_inst/inst/k1_vertex_transform_U0/grp_k1_vertex_transform_Pipeline_VITIS_LOOP_10_1_fu_263/add_ln22_1_reg_5017_reg[61]/D
  -------------------------------------------------------------------    -------------------

                         (clock ap_clk rise edge)    10.000    10.000 r  
                                                      0.000    10.000 r  ap_clk (IN)
                         net (fo=13084, unset)        0.026    10.026    bd_0_i/hls_inst/inst/k1_vertex_transform_U0/grp_k1_vertex_transform_Pipeline_VITIS_LOOP_10_1_fu_263/ap_clk
    SLICE_X20Y160        FDRE                                         r  bd_0_i/hls_inst/inst/k1_vertex_transform_U0/grp_k1_vertex_transform_Pipeline_VITIS_LOOP_10_1_fu_263/add_ln22_1_reg_5017_reg[61]/C
                         clock pessimism              0.000    10.026    
                         clock uncertainty           -0.035     9.991    
    SLICE_X20Y160        FDRE (Setup_CFF2_SLICEM_C_D)
                                                      0.027    10.018    bd_0_i/hls_inst/inst/k1_vertex_transform_U0/grp_k1_vertex_transform_Pipeline_VITIS_LOOP_10_1_fu_263/add_ln22_1_reg_5017_reg[61]
  -------------------------------------------------------------------
                         required time                         10.018    
                         arrival time                          -9.813    
  -------------------------------------------------------------------
                         slack                                  0.204    





Min Delay Paths
--------------------------------------------------------------------------------------
Slack (MET) :             0.039ns  (arrival time - required time)
  Source:                 bd_0_i/hls_inst/inst/gmem1_m_axi_U/store_unit_0/user_resp/mOutPtr_reg[0]/C
                            (rising edge-triggered cell FDRE clocked by ap_clk  {rise@0.000ns fall@5.000ns period=10.000ns})
  Destination:            bd_0_i/hls_inst/inst/gmem1_m_axi_U/store_unit_0/user_resp/mOutPtr_reg[2]/D
                            (rising edge-triggered cell FDRE clocked by ap_clk  {rise@0.000ns fall@5.000ns period=10.000ns})
  Path Group:             ap_clk
  Path Type:              Hold (Min at Fast Process Corner)
  Requirement:            0.000ns  (ap_clk rise@0.000ns - ap_clk rise@0.000ns)
  Data Path Delay:        0.092ns  (logic 0.059ns (64.172%)  route 0.033ns (35.828%))
  Logic Levels:           1  (LUT4=1)
  Clock Path Skew:        0.006ns (DCD - SCD - CPR)
    Destination Clock Delay (DCD):    0.019ns
    Source Clock Delay      (SCD):    0.013ns
    Clock Pessimism Removal (CPR):    -0.000ns

    Location             Delay type                Incr(ns)  Path(ns)    Netlist Resource(s)
  -------------------------------------------------------------------    -------------------
                         (clock ap_clk rise edge)     0.000     0.000 r  
                                                      0.000     0.000 r  ap_clk (IN)
                         net (fo=13084, unset)        0.013     0.013    bd_0_i/hls_inst/inst/gmem1_m_axi_U/store_unit_0/user_resp/ap_clk
    SLICE_X35Y163        FDRE                                         r  bd_0_i/hls_inst/inst/gmem1_m_axi_U/store_unit_0/user_resp/mOutPtr_reg[0]/C
  -------------------------------------------------------------------    -------------------
    SLICE_X35Y163        FDRE (Prop_HFF_SLICEL_C_Q)
                                                      0.039     0.052 r  bd_0_i/hls_inst/inst/gmem1_m_axi_U/store_unit_0/user_resp/mOutPtr_reg[0]/Q
                         net (fo=4, routed)           0.027     0.079    bd_0_i/hls_inst/inst/gmem1_m_axi_U/store_unit_0/user_resp/mOutPtr_reg_n_0_[0]
    SLICE_X35Y163        LUT4 (Prop_H5LUT_SLICEL_I1_O)
                                                      0.020     0.099 r  bd_0_i/hls_inst/inst/gmem1_m_axi_U/store_unit_0/user_resp/mOutPtr[2]_i_2/O
                         net (fo=1, routed)           0.006     0.105    bd_0_i/hls_inst/inst/gmem1_m_axi_U/store_unit_0/user_resp/mOutPtr[2]_i_2_n_0
    SLICE_X35Y163        FDRE                                         r  bd_0_i/hls_inst/inst/gmem1_m_axi_U/store_unit_0/user_resp/mOutPtr_reg[2]/D
  -------------------------------------------------------------------    -------------------

                         (clock ap_clk rise edge)     0.000     0.000 r  
                                                      0.000     0.000 r  ap_clk (IN)
                         net (fo=13084, unset)        0.019     0.019    bd_0_i/hls_inst/inst/gmem1_m_axi_U/store_unit_0/user_resp/ap_clk
    SLICE_X35Y163        FDRE                                         r  bd_0_i/hls_inst/inst/gmem1_m_axi_U/store_unit_0/user_resp/mOutPtr_reg[2]/C
                         clock pessimism              0.000     0.019    
    SLICE_X35Y163        FDRE (Hold_HFF2_SLICEL_C_D)
                                                      0.047     0.066    bd_0_i/hls_inst/inst/gmem1_m_axi_U/store_unit_0/user_resp/mOutPtr_reg[2]
  -------------------------------------------------------------------
                         required time                         -0.066    
                         arrival time                           0.105    
  -------------------------------------------------------------------
                         slack                                  0.039    





Pulse Width Checks
--------------------------------------------------------------------------------------
Clock Name:         ap_clk
Waveform(ns):       { 0.000 5.000 }
Period(ns):         10.000
Sources:            { ap_clk }

Check Type        Corner  Lib Pin             Reference Pin  Required(ns)  Actual(ns)  Slack(ns)  Location       Pin
Min Period        n/a     RAMB18E2/CLKARDCLK  n/a            1.739         10.000      8.261      RAMB18_X3Y30   bd_0_i/hls_inst/inst/Block_entry_screen_tris_v0_x_rd_proc_U0/bounds_max_x_U/ram_reg_bram_0/CLKARDCLK
Low Pulse Width   Slow    SRL16E/CLK          n/a            0.573         5.000       4.427      SLICE_X45Y156  bd_0_i/hls_inst/inst/ost_ctrl_gen[0].fifo_burst/U_fifo_srl/mem_reg[14][0]_srl15/CLK
High Pulse Width  Slow    SRL16E/CLK          n/a            0.573         5.000       4.427      SLICE_X45Y156  bd_0_i/hls_inst/inst/ost_ctrl_gen[0].fifo_burst/U_fifo_srl/mem_reg[14][0]_srl15/CLK



