Copyright 1986-2022 Xilinx, Inc. All Rights Reserved. Copyright 2022-2025 Advanced Micro Devices, Inc. All Rights Reserved.
---------------------------------------------------------------------------------------------------------------------------------------------
| Tool Version : Vivado v.2025.1.1 (lin64) Build 6233196 Thu Sep 11 21:27:11 MDT 2025
| Date         : Mon Mar 30 22:59:17 2026
| Host         : ece-linlabsrv01 running 64-bit Red Hat Enterprise Linux release 8.10 (Ootpa)
| Command      : report_utilization -hierarchical -hierarchical_depth 6 -file ./report/top_kernel_utilization_hierarchical_routed.rpt
| Design       : bd_0_wrapper
| Device       : xczu3eg-sbva484-1-e
| Speed File   : -1
| Design State : Routed
---------------------------------------------------------------------------------------------------------------------------------------------

Utilization Design Information

Table of Contents
-----------------
1. Utilization by Hierarchy

1. Utilization by Hierarchy
---------------------------

+-----------------------------------------------------------+------------------------------------------------------------------+------------+------------+---------+------+-------+--------+--------+------+------------+
|                          Instance                         |                              Module                              | Total LUTs | Logic LUTs | LUTRAMs | SRLs |  FFs  | RAMB36 | RAMB18 | URAM | DSP Blocks |
+-----------------------------------------------------------+------------------------------------------------------------------+------------+------------+---------+------+-------+--------+--------+------+------------+
| bd_0_wrapper                                              |                                                            (top) |      22955 |      20154 |    2624 |  177 | 15827 |     30 |      2 |    0 |         96 |
|   bd_0_i                                                  |                                                             bd_0 |      22955 |      20154 |    2624 |  177 | 15827 |     30 |      2 |    0 |         96 |
|     hls_inst                                              |                                                  bd_0_hls_inst_0 |      22955 |      20154 |    2624 |  177 | 15827 |     30 |      2 |    0 |         96 |
|       inst                                                |                                       bd_0_hls_inst_0_top_kernel |      22955 |      20154 |    2624 |  177 | 15827 |     30 |      2 |    0 |         96 |
|         (inst)                                            |                                       bd_0_hls_inst_0_top_kernel |          2 |          0 |       0 |    2 |   203 |      0 |      0 |    0 |          0 |
|         clip_tris_n0_x_U                                  |          bd_0_hls_inst_0_top_kernel_clip_tris_v0_x_RAM_AUTO_1R1W |         64 |          0 |      64 |    0 |    32 |      0 |      0 |    0 |          0 |
|         clip_tris_n0_y_U                                  |        bd_0_hls_inst_0_top_kernel_clip_tris_v0_x_RAM_AUTO_1R1W_2 |         64 |          0 |      64 |    0 |    32 |      0 |      0 |    0 |          0 |
|         clip_tris_n0_z_U                                  |        bd_0_hls_inst_0_top_kernel_clip_tris_v0_x_RAM_AUTO_1R1W_3 |         64 |          0 |      64 |    0 |    32 |      0 |      0 |    0 |          0 |
|         clip_tris_n1_x_U                                  |        bd_0_hls_inst_0_top_kernel_clip_tris_v0_x_RAM_AUTO_1R1W_4 |         64 |          0 |      64 |    0 |    32 |      0 |      0 |    0 |          0 |
|         clip_tris_n1_y_U                                  |        bd_0_hls_inst_0_top_kernel_clip_tris_v0_x_RAM_AUTO_1R1W_5 |         64 |          0 |      64 |    0 |    32 |      0 |      0 |    0 |          0 |
|         clip_tris_n1_z_U                                  |        bd_0_hls_inst_0_top_kernel_clip_tris_v0_x_RAM_AUTO_1R1W_6 |         64 |          0 |      64 |    0 |    32 |      0 |      0 |    0 |          0 |
|         clip_tris_n2_x_U                                  |        bd_0_hls_inst_0_top_kernel_clip_tris_v0_x_RAM_AUTO_1R1W_7 |         64 |          0 |      64 |    0 |    32 |      0 |      0 |    0 |          0 |
|         clip_tris_n2_y_U                                  |        bd_0_hls_inst_0_top_kernel_clip_tris_v0_x_RAM_AUTO_1R1W_8 |         64 |          0 |      64 |    0 |    32 |      0 |      0 |    0 |          0 |
|         clip_tris_n2_z_U                                  |        bd_0_hls_inst_0_top_kernel_clip_tris_v0_x_RAM_AUTO_1R1W_9 |         64 |          0 |      64 |    0 |    32 |      0 |      0 |    0 |          0 |
|         clip_tris_v0_w_U                                  |       bd_0_hls_inst_0_top_kernel_clip_tris_v0_x_RAM_AUTO_1R1W_10 |         74 |         10 |      64 |    0 |    32 |      0 |      0 |    0 |          0 |
|         clip_tris_v0_x_U                                  |       bd_0_hls_inst_0_top_kernel_clip_tris_v0_x_RAM_AUTO_1R1W_11 |         64 |          0 |      64 |    0 |    32 |      0 |      0 |    0 |          0 |
|         clip_tris_v0_y_U                                  |       bd_0_hls_inst_0_top_kernel_clip_tris_v0_x_RAM_AUTO_1R1W_12 |         64 |          0 |      64 |    0 |    32 |      0 |      0 |    0 |          0 |
|         clip_tris_v0_z_U                                  |       bd_0_hls_inst_0_top_kernel_clip_tris_v0_x_RAM_AUTO_1R1W_13 |         64 |          0 |      64 |    0 |    32 |      0 |      0 |    0 |          0 |
|         clip_tris_v1_w_U                                  |       bd_0_hls_inst_0_top_kernel_clip_tris_v0_x_RAM_AUTO_1R1W_14 |         64 |          0 |      64 |    0 |    32 |      0 |      0 |    0 |          0 |
|         clip_tris_v1_x_U                                  |       bd_0_hls_inst_0_top_kernel_clip_tris_v0_x_RAM_AUTO_1R1W_15 |         64 |          0 |      64 |    0 |    32 |      0 |      0 |    0 |          0 |
|         clip_tris_v1_y_U                                  |       bd_0_hls_inst_0_top_kernel_clip_tris_v0_x_RAM_AUTO_1R1W_16 |         64 |          0 |      64 |    0 |    32 |      0 |      0 |    0 |          0 |
|         clip_tris_v1_z_U                                  |       bd_0_hls_inst_0_top_kernel_clip_tris_v0_x_RAM_AUTO_1R1W_17 |         64 |          0 |      64 |    0 |    32 |      0 |      0 |    0 |          0 |
|         clip_tris_v2_w_U                                  |       bd_0_hls_inst_0_top_kernel_clip_tris_v0_x_RAM_AUTO_1R1W_18 |         64 |          0 |      64 |    0 |    32 |      0 |      0 |    0 |          0 |
|         clip_tris_v2_x_U                                  |       bd_0_hls_inst_0_top_kernel_clip_tris_v0_x_RAM_AUTO_1R1W_19 |         64 |          0 |      64 |    0 |    32 |      0 |      0 |    0 |          0 |
|         clip_tris_v2_y_U                                  |       bd_0_hls_inst_0_top_kernel_clip_tris_v0_x_RAM_AUTO_1R1W_20 |         64 |          0 |      64 |    0 |    32 |      0 |      0 |    0 |          0 |
|         clip_tris_v2_z_U                                  |       bd_0_hls_inst_0_top_kernel_clip_tris_v0_x_RAM_AUTO_1R1W_21 |         64 |          0 |      64 |    0 |    32 |      0 |      0 |    0 |          0 |
|         control_s_axi_U                                   |                         bd_0_hls_inst_0_top_kernel_control_s_axi |        222 |        222 |       0 |    0 |   245 |      0 |      0 |    0 |          0 |
|         gmem0_m_axi_U                                     |                           bd_0_hls_inst_0_top_kernel_gmem0_m_axi |       1514 |       1480 |       0 |   34 |  2698 |     14 |      1 |    0 |          0 |
|           bus_read                                        |                      bd_0_hls_inst_0_top_kernel_gmem0_m_axi_read |       1324 |       1324 |       0 |    0 |  2526 |      0 |      0 |    0 |          0 |
|             rreq_burst_conv                               |           bd_0_hls_inst_0_top_kernel_gmem0_m_axi_burst_converter |        248 |        248 |       0 |    0 |   423 |      0 |      0 |    0 |          0 |
|             rs_rdata                                      | bd_0_hls_inst_0_top_kernel_gmem0_m_axi_reg_slice__parameterized0 |       1039 |       1039 |       0 |    0 |  2072 |      0 |      0 |    0 |          0 |
|           load_unit_0                                     |                      bd_0_hls_inst_0_top_kernel_gmem0_m_axi_load |        192 |        158 |       0 |   34 |   172 |     14 |      1 |    0 |          0 |
|             (load_unit_0)                                 |                      bd_0_hls_inst_0_top_kernel_gmem0_m_axi_load |          1 |          1 |       0 |    0 |    62 |      0 |      0 |    0 |          0 |
|             buff_rdata                                    |      bd_0_hls_inst_0_top_kernel_gmem0_m_axi_fifo__parameterized0 |         74 |         74 |       0 |    0 |    37 |     14 |      1 |    0 |          0 |
|             fifo_rreq                                     |                      bd_0_hls_inst_0_top_kernel_gmem0_m_axi_fifo |        117 |         83 |       0 |   34 |    73 |      0 |      0 |    0 |          0 |
|         gmem1_m_axi_U                                     |                           bd_0_hls_inst_0_top_kernel_gmem1_m_axi |        643 |        544 |       0 |   99 |   998 |      0 |      0 |    0 |          0 |
|           bus_write                                       |                     bd_0_hls_inst_0_top_kernel_gmem1_m_axi_write |        465 |        432 |       0 |   33 |   750 |      0 |      0 |    0 |          0 |
|             wreq_burst_conv                               |           bd_0_hls_inst_0_top_kernel_gmem1_m_axi_burst_converter |        288 |        288 |       0 |    0 |   459 |      0 |      0 |    0 |          0 |
|             wreq_throttle                                 |                  bd_0_hls_inst_0_top_kernel_gmem1_m_axi_throttle |        151 |        119 |       0 |   32 |   268 |      0 |      0 |    0 |          0 |
|           store_unit_0                                    |                     bd_0_hls_inst_0_top_kernel_gmem1_m_axi_store |        178 |        112 |       0 |   66 |   248 |      0 |      0 |    0 |          0 |
|             (store_unit_0)                                |                     bd_0_hls_inst_0_top_kernel_gmem1_m_axi_store |          2 |          2 |       0 |    0 |    78 |      0 |      0 |    0 |          0 |
|             buff_wdata                                    |      bd_0_hls_inst_0_top_kernel_gmem1_m_axi_fifo__parameterized1 |         57 |         29 |       0 |   28 |    48 |      0 |      0 |    0 |          0 |
|             fifo_wreq                                     |      bd_0_hls_inst_0_top_kernel_gmem1_m_axi_fifo__parameterized0 |         45 |         12 |       0 |   33 |    74 |      0 |      0 |    0 |          0 |
|         gmem2_m_axi_U                                     |                           bd_0_hls_inst_0_top_kernel_gmem2_m_axi |        469 |        436 |       0 |   33 |   742 |      0 |      1 |    0 |          0 |
|           bus_read                                        |                      bd_0_hls_inst_0_top_kernel_gmem2_m_axi_read |        368 |        368 |       0 |    0 |   562 |      0 |      0 |    0 |          0 |
|             rreq_burst_conv                               |           bd_0_hls_inst_0_top_kernel_gmem2_m_axi_burst_converter |        291 |        291 |       0 |    0 |   460 |      0 |      0 |    0 |          0 |
|             rs_rdata                                      | bd_0_hls_inst_0_top_kernel_gmem2_m_axi_reg_slice__parameterized0 |         39 |         39 |       0 |    0 |    71 |      0 |      0 |    0 |          0 |
|           load_unit_0                                     |                      bd_0_hls_inst_0_top_kernel_gmem2_m_axi_load |        102 |         69 |       0 |   33 |   180 |      0 |      1 |    0 |          0 |
|             (load_unit_0)                                 |                      bd_0_hls_inst_0_top_kernel_gmem2_m_axi_load |          1 |          1 |       0 |    0 |    66 |      0 |      0 |    0 |          0 |
|             buff_rdata                                    |      bd_0_hls_inst_0_top_kernel_gmem2_m_axi_fifo__parameterized0 |         51 |         51 |       0 |    0 |    37 |      0 |      1 |    0 |          0 |
|             fifo_rreq                                     |                      bd_0_hls_inst_0_top_kernel_gmem2_m_axi_fifo |         51 |         18 |       0 |   33 |    77 |      0 |      0 |    0 |          0 |
|         grp_k1_vertex_transform_fu_180                    |                   bd_0_hls_inst_0_top_kernel_k1_vertex_transform |      11772 |      11770 |       0 |    2 |  5747 |      0 |      0 |    0 |         48 |
|           (grp_k1_vertex_transform_fu_180)                |                   bd_0_hls_inst_0_top_kernel_k1_vertex_transform |       7463 |       7461 |       0 |    2 |  5747 |      0 |      0 |    0 |          0 |
|           mul_32s_32s_64_1_1_U1                           |                 bd_0_hls_inst_0_top_kernel_mul_32s_32s_64_1_1_60 |        585 |        585 |       0 |    0 |     0 |      0 |      0 |    0 |          4 |
|           mul_32s_32s_64_1_1_U10                          |                 bd_0_hls_inst_0_top_kernel_mul_32s_32s_64_1_1_61 |        199 |        199 |       0 |    0 |     0 |      0 |      0 |    0 |          4 |
|           mul_32s_32s_64_1_1_U11                          |                 bd_0_hls_inst_0_top_kernel_mul_32s_32s_64_1_1_62 |        410 |        410 |       0 |    0 |     0 |      0 |      0 |    0 |          4 |
|           mul_32s_32s_64_1_1_U12                          |                 bd_0_hls_inst_0_top_kernel_mul_32s_32s_64_1_1_63 |        449 |        449 |       0 |    0 |     0 |      0 |      0 |    0 |          4 |
|           mul_32s_32s_64_1_1_U2                           |                 bd_0_hls_inst_0_top_kernel_mul_32s_32s_64_1_1_64 |        503 |        503 |       0 |    0 |     0 |      0 |      0 |    0 |          4 |
|           mul_32s_32s_64_1_1_U3                           |                 bd_0_hls_inst_0_top_kernel_mul_32s_32s_64_1_1_65 |        504 |        504 |       0 |    0 |     0 |      0 |      0 |    0 |          4 |
|           mul_32s_32s_64_1_1_U4                           |                 bd_0_hls_inst_0_top_kernel_mul_32s_32s_64_1_1_66 |        260 |        260 |       0 |    0 |     0 |      0 |      0 |    0 |          4 |
|           mul_32s_32s_64_1_1_U5                           |                 bd_0_hls_inst_0_top_kernel_mul_32s_32s_64_1_1_67 |        257 |        257 |       0 |    0 |     0 |      0 |      0 |    0 |          4 |
|           mul_32s_32s_64_1_1_U6                           |                 bd_0_hls_inst_0_top_kernel_mul_32s_32s_64_1_1_68 |        305 |        305 |       0 |    0 |     0 |      0 |      0 |    0 |          4 |
|           mul_32s_32s_64_1_1_U7                           |                 bd_0_hls_inst_0_top_kernel_mul_32s_32s_64_1_1_69 |        321 |        321 |       0 |    0 |     0 |      0 |      0 |    0 |          4 |
|           mul_32s_32s_64_1_1_U8                           |                 bd_0_hls_inst_0_top_kernel_mul_32s_32s_64_1_1_70 |        244 |        244 |       0 |    0 |     0 |      0 |      0 |    0 |          4 |
|           mul_32s_32s_64_1_1_U9                           |                 bd_0_hls_inst_0_top_kernel_mul_32s_32s_64_1_1_71 |        273 |        273 |       0 |    0 |     0 |      0 |      0 |    0 |          4 |
|         grp_k2_perspective_divide_fu_236                  |                 bd_0_hls_inst_0_top_kernel_k2_perspective_divide |       1431 |       1428 |       0 |    3 |  1409 |      0 |      0 |    0 |         12 |
|           (grp_k2_perspective_divide_fu_236)              |                 bd_0_hls_inst_0_top_kernel_k2_perspective_divide |        550 |        550 |       0 |    0 |   899 |      0 |      0 |    0 |          0 |
|           mul_32s_32s_64_1_1_U40                          |                 bd_0_hls_inst_0_top_kernel_mul_32s_32s_64_1_1_51 |         90 |         90 |       0 |    0 |     0 |      0 |      0 |    0 |          4 |
|           mul_32s_32s_64_1_1_U41                          |                 bd_0_hls_inst_0_top_kernel_mul_32s_32s_64_1_1_52 |         90 |         90 |       0 |    0 |     0 |      0 |      0 |    0 |          4 |
|           mul_32s_32s_64_1_1_U42                          |                 bd_0_hls_inst_0_top_kernel_mul_32s_32s_64_1_1_53 |        140 |        140 |       0 |    0 |     0 |      0 |      0 |    0 |          4 |
|           sdiv_34ns_32s_34_38_seq_1_U43                   |          bd_0_hls_inst_0_top_kernel_sdiv_34ns_32s_34_38_seq_1_54 |        182 |        181 |       0 |    1 |   170 |      0 |      0 |    0 |          0 |
|             (sdiv_34ns_32s_34_38_seq_1_U43)               |          bd_0_hls_inst_0_top_kernel_sdiv_34ns_32s_34_38_seq_1_54 |         80 |         80 |       0 |    0 |    67 |      0 |      0 |    0 |          0 |
|             top_kernel_sdiv_34ns_32s_34_38_seq_1_divseq_u |   bd_0_hls_inst_0_top_kernel_sdiv_34ns_32s_34_38_seq_1_divseq_59 |        102 |        101 |       0 |    1 |   103 |      0 |      0 |    0 |          0 |
|           sdiv_34ns_32s_34_38_seq_1_U44                   |          bd_0_hls_inst_0_top_kernel_sdiv_34ns_32s_34_38_seq_1_55 |        190 |        189 |       0 |    1 |   170 |      0 |      0 |    0 |          0 |
|             (sdiv_34ns_32s_34_38_seq_1_U44)               |          bd_0_hls_inst_0_top_kernel_sdiv_34ns_32s_34_38_seq_1_55 |         88 |         88 |       0 |    0 |    67 |      0 |      0 |    0 |          0 |
|             top_kernel_sdiv_34ns_32s_34_38_seq_1_divseq_u |   bd_0_hls_inst_0_top_kernel_sdiv_34ns_32s_34_38_seq_1_divseq_58 |        102 |        101 |       0 |    1 |   103 |      0 |      0 |    0 |          0 |
|           sdiv_34ns_32s_34_38_seq_1_U45                   |          bd_0_hls_inst_0_top_kernel_sdiv_34ns_32s_34_38_seq_1_56 |        190 |        189 |       0 |    1 |   170 |      0 |      0 |    0 |          0 |
|             (sdiv_34ns_32s_34_38_seq_1_U45)               |          bd_0_hls_inst_0_top_kernel_sdiv_34ns_32s_34_38_seq_1_56 |         88 |         88 |       0 |    0 |    67 |      0 |      0 |    0 |          0 |
|             top_kernel_sdiv_34ns_32s_34_38_seq_1_divseq_u |   bd_0_hls_inst_0_top_kernel_sdiv_34ns_32s_34_38_seq_1_divseq_57 |        102 |        101 |       0 |    1 |   103 |      0 |      0 |    0 |          0 |
|         grp_k3_bounding_box_fu_322                        |                       bd_0_hls_inst_0_top_kernel_k3_bounding_box |         36 |         36 |       0 |    0 |    61 |      0 |      0 |    0 |          0 |
|         grp_k4_rasterize_fu_348                           |                          bd_0_hls_inst_0_top_kernel_k4_rasterize |       2913 |       2910 |       0 |    3 |  2279 |      0 |      0 |    0 |         36 |
|           (grp_k4_rasterize_fu_348)                       |                          bd_0_hls_inst_0_top_kernel_k4_rasterize |       1478 |       1476 |       0 |    2 |  2109 |      0 |      0 |    0 |          0 |
|           mul_32ns_32s_63_1_1_U100                        |                   bd_0_hls_inst_0_top_kernel_mul_32ns_32s_63_1_1 |         88 |         88 |       0 |    0 |     0 |      0 |      0 |    0 |          4 |
|           mul_32ns_32s_63_1_1_U101                        |                bd_0_hls_inst_0_top_kernel_mul_32ns_32s_63_1_1_44 |         88 |         88 |       0 |    0 |     0 |      0 |      0 |    0 |          4 |
|           mul_32ns_32s_63_1_1_U99                         |                bd_0_hls_inst_0_top_kernel_mul_32ns_32s_63_1_1_45 |        107 |        107 |       0 |    0 |     0 |      0 |      0 |    0 |          4 |
|           mul_32s_32s_64_1_1_U102                         |                    bd_0_hls_inst_0_top_kernel_mul_32s_32s_64_1_1 |        222 |        222 |       0 |    0 |     0 |      0 |      0 |    0 |          4 |
|           mul_32s_32s_64_1_1_U103                         |                 bd_0_hls_inst_0_top_kernel_mul_32s_32s_64_1_1_46 |        225 |        225 |       0 |    0 |     0 |      0 |      0 |    0 |          4 |
|           mul_32s_32s_64_1_1_U104                         |                 bd_0_hls_inst_0_top_kernel_mul_32s_32s_64_1_1_47 |        144 |        144 |       0 |    0 |     0 |      0 |      0 |    0 |          4 |
|           mul_32s_32s_64_1_1_U105                         |                 bd_0_hls_inst_0_top_kernel_mul_32s_32s_64_1_1_48 |        108 |        108 |       0 |    0 |     0 |      0 |      0 |    0 |          4 |
|           mul_32s_32s_64_1_1_U106                         |                 bd_0_hls_inst_0_top_kernel_mul_32s_32s_64_1_1_49 |        107 |        107 |       0 |    0 |     0 |      0 |      0 |    0 |          4 |
|           mul_32s_32s_64_1_1_U107                         |                 bd_0_hls_inst_0_top_kernel_mul_32s_32s_64_1_1_50 |        108 |        108 |       0 |    0 |     0 |      0 |      0 |    0 |          4 |
|           sdiv_34ns_32s_34_38_seq_1_U108                  |             bd_0_hls_inst_0_top_kernel_sdiv_34ns_32s_34_38_seq_1 |        241 |        240 |       0 |    1 |   170 |      0 |      0 |    0 |          0 |
|             (sdiv_34ns_32s_34_38_seq_1_U108)              |             bd_0_hls_inst_0_top_kernel_sdiv_34ns_32s_34_38_seq_1 |         91 |         91 |       0 |    0 |    67 |      0 |      0 |    0 |          0 |
|             top_kernel_sdiv_34ns_32s_34_38_seq_1_divseq_u |      bd_0_hls_inst_0_top_kernel_sdiv_34ns_32s_34_38_seq_1_divseq |        150 |        149 |       0 |    1 |   103 |      0 |      0 |    0 |          0 |
|         grp_k5_deferred_lighting_fu_406                   |                  bd_0_hls_inst_0_top_kernel_k5_deferred_lighting |        292 |        291 |       0 |    1 |   197 |      0 |      0 |    0 |          0 |
|           (grp_k5_deferred_lighting_fu_406)               |                  bd_0_hls_inst_0_top_kernel_k5_deferred_lighting |        228 |        227 |       0 |    1 |   197 |      0 |      0 |    0 |          0 |
|           mul_32s_17s_49_1_1_U137                         |                    bd_0_hls_inst_0_top_kernel_mul_32s_17s_49_1_1 |         64 |         64 |       0 |    0 |     0 |      0 |      0 |    0 |          0 |
|         normal_buffer_x_U                                 |         bd_0_hls_inst_0_top_kernel_depth_buffer_RAM_AUTO_1R1W_22 |        156 |        156 |       0 |    0 |     0 |      4 |      0 |    0 |          0 |
|         normal_buffer_y_U                                 |         bd_0_hls_inst_0_top_kernel_depth_buffer_RAM_AUTO_1R1W_23 |        152 |        152 |       0 |    0 |     0 |      4 |      0 |    0 |          0 |
|         normal_buffer_z_U                                 |         bd_0_hls_inst_0_top_kernel_depth_buffer_RAM_AUTO_1R1W_24 |        156 |        156 |       0 |    0 |     0 |      4 |      0 |    0 |          0 |
|         screen_tris_n0_x_U                                |       bd_0_hls_inst_0_top_kernel_clip_tris_v0_x_RAM_AUTO_1R1W_26 |         64 |          0 |      64 |    0 |    32 |      0 |      0 |    0 |          0 |
|         screen_tris_n0_y_U                                |       bd_0_hls_inst_0_top_kernel_clip_tris_v0_x_RAM_AUTO_1R1W_27 |         64 |          0 |      64 |    0 |     0 |      0 |      0 |    0 |          0 |
|         screen_tris_n0_z_U                                |       bd_0_hls_inst_0_top_kernel_clip_tris_v0_x_RAM_AUTO_1R1W_28 |         64 |          0 |      64 |    0 |     0 |      0 |      0 |    0 |          0 |
|         screen_tris_n1_x_U                                |       bd_0_hls_inst_0_top_kernel_clip_tris_v0_x_RAM_AUTO_1R1W_29 |         64 |          0 |      64 |    0 |    32 |      0 |      0 |    0 |          0 |
|         screen_tris_n1_y_U                                |       bd_0_hls_inst_0_top_kernel_clip_tris_v0_x_RAM_AUTO_1R1W_30 |         64 |          0 |      64 |    0 |    32 |      0 |      0 |    0 |          0 |
|         screen_tris_n1_z_U                                |       bd_0_hls_inst_0_top_kernel_clip_tris_v0_x_RAM_AUTO_1R1W_31 |         64 |          0 |      64 |    0 |    32 |      0 |      0 |    0 |          0 |
|         screen_tris_n2_x_U                                |       bd_0_hls_inst_0_top_kernel_clip_tris_v0_x_RAM_AUTO_1R1W_32 |         64 |          0 |      64 |    0 |    32 |      0 |      0 |    0 |          0 |
|         screen_tris_n2_y_U                                |       bd_0_hls_inst_0_top_kernel_clip_tris_v0_x_RAM_AUTO_1R1W_33 |         64 |          0 |      64 |    0 |    32 |      0 |      0 |    0 |          0 |
|         screen_tris_n2_z_U                                |       bd_0_hls_inst_0_top_kernel_clip_tris_v0_x_RAM_AUTO_1R1W_34 |         64 |          0 |      64 |    0 |    32 |      0 |      0 |    0 |          0 |
|         screen_tris_v0_x_U                                |       bd_0_hls_inst_0_top_kernel_clip_tris_v0_x_RAM_AUTO_1R1W_35 |        144 |         80 |      64 |    0 |    32 |      0 |      0 |    0 |          0 |
|         screen_tris_v0_y_U                                |       bd_0_hls_inst_0_top_kernel_clip_tris_v0_x_RAM_AUTO_1R1W_36 |        144 |         80 |      64 |    0 |    32 |      0 |      0 |    0 |          0 |
|         screen_tris_v0_z_U                                |       bd_0_hls_inst_0_top_kernel_clip_tris_v0_x_RAM_AUTO_1R1W_37 |         64 |          0 |      64 |    0 |    32 |      0 |      0 |    0 |          0 |
|         screen_tris_v1_x_U                                |       bd_0_hls_inst_0_top_kernel_clip_tris_v0_x_RAM_AUTO_1R1W_38 |        238 |        174 |      64 |    0 |    32 |      0 |      0 |    0 |          0 |
|         screen_tris_v1_y_U                                |       bd_0_hls_inst_0_top_kernel_clip_tris_v0_x_RAM_AUTO_1R1W_39 |        238 |        174 |      64 |    0 |    32 |      0 |      0 |    0 |          0 |
|         screen_tris_v1_z_U                                |       bd_0_hls_inst_0_top_kernel_clip_tris_v0_x_RAM_AUTO_1R1W_40 |         64 |          0 |      64 |    0 |    32 |      0 |      0 |    0 |          0 |
|         screen_tris_v2_x_U                                |       bd_0_hls_inst_0_top_kernel_clip_tris_v0_x_RAM_AUTO_1R1W_41 |        114 |         50 |      64 |    0 |    32 |      0 |      0 |    0 |          0 |
|         screen_tris_v2_y_U                                |       bd_0_hls_inst_0_top_kernel_clip_tris_v0_x_RAM_AUTO_1R1W_42 |        114 |         50 |      64 |    0 |    32 |      0 |      0 |    0 |          0 |
|         screen_tris_v2_z_U                                |       bd_0_hls_inst_0_top_kernel_clip_tris_v0_x_RAM_AUTO_1R1W_43 |         64 |          0 |      64 |    0 |    32 |      0 |      0 |    0 |          0 |
+-----------------------------------------------------------+------------------------------------------------------------------+------------+------------+---------+------+-------+--------+--------+------+------------+
* Note: The sum of lower-level cells may be larger than their parent cells total, due to cross-hierarchy LUT combining


