Copyright 1986-2022 Xilinx, Inc. All Rights Reserved. Copyright 2022-2025 Advanced Micro Devices, Inc. All Rights Reserved.
--------------------------------------------------------------------------------------------------------------------------------------------------
| Tool Version      : Vivado v.2025.1.1 (lin64) Build 6233196 Thu Sep 11 21:27:11 MDT 2025
| Date              : Mon Mar 30 22:49:51 2026
| Host              : ece-linlabsrv01 running 64-bit Red Hat Enterprise Linux release 8.10 (Ootpa)
| Command           : report_timing_summary -file ./report/top_kernel_timing_synth.rpt
| Design            : bd_0_wrapper
| Device            : xczu3eg-sbva484
| Speed File        : -1  PRODUCTION 1.30 05-15-2022
| Design State      : Synthesized
| Temperature Grade : E
--------------------------------------------------------------------------------------------------------------------------------------------------

Timing Summary Report

------------------------------------------------------------------------------------------------
| Timer Settings
| --------------
------------------------------------------------------------------------------------------------

  Enable Multi Corner Analysis               :  Yes
  Enable Pessimism Removal                   :  Yes
  Pessimism Removal Resolution               :  Nearest Common Node
  Enable Input Delay Default Clock           :  No
  Enable Preset / Clear Arcs                 :  No
  Disable Flight Delays                      :  No
  Ignore I/O Paths                           :  No
  Timing Early Launch at Borrowing Latches   :  No
  Borrow Time for Max Delay Exceptions       :  Yes
  Merge Timing Exceptions                    :  Yes
  Inter-SLR Compensation                     :  Conservative

  Corner  Analyze    Analyze    
  Name    Max Paths  Min Paths  
  ------  ---------  ---------  
  Slow    Yes        Yes        
  Fast    Yes        Yes        


------------------------------------------------------------------------------------------------
| Report Methodology
| ------------------
------------------------------------------------------------------------------------------------

No report available as report_methodology has not been run prior. Run report_methodology on the current design for the summary of methodology violations.



check_timing report

Table of Contents
-----------------
1. checking no_clock (0)
2. checking constant_clock (0)
3. checking pulse_width_clock (0)
4. checking unconstrained_internal_endpoints (0)
5. checking no_input_delay (1117)
6. checking no_output_delay (267)
7. checking multiple_clock (0)
8. checking generated_clocks (0)
9. checking loops (0)
10. checking partial_input_delay (0)
11. checking partial_output_delay (0)
12. checking latch_loops (0)

1. checking no_clock (0)
------------------------
 There are 0 register/latch pins with no clock.


2. checking constant_clock (0)
------------------------------
 There are 0 register/latch pins with constant_clock.


3. checking pulse_width_clock (0)
---------------------------------
 There are 0 register/latch pins which need pulse_width check


4. checking unconstrained_internal_endpoints (0)
------------------------------------------------
 There are 0 pins that are not constrained for maximum delay.

 There are 0 pins that are not constrained for maximum delay due to constant clock.


5. checking no_input_delay (1117)
---------------------------------
 There are 1117 input ports with no input delay specified. (HIGH)

 There are 0 input ports with no input delay but user has a false path constraint.


6. checking no_output_delay (267)
---------------------------------
 There are 267 ports with no output delay specified. (HIGH)

 There are 0 ports with no output delay but user has a false path constraint

 There are 0 ports with no output delay but with a timing clock defined on it or propagating through it


7. checking multiple_clock (0)
------------------------------
 There are 0 register/latch pins with multiple clocks.


8. checking generated_clocks (0)
--------------------------------
 There are 0 generated clocks that are not connected to a clock source.


9. checking loops (0)
---------------------
 There are 0 combinational loops in the design.


10. checking partial_input_delay (0)
------------------------------------
 There are 0 input ports with partial input delay specified.


11. checking partial_output_delay (0)
-------------------------------------
 There are 0 ports with partial output delay specified.


12. checking latch_loops (0)
----------------------------
 There are 0 combinational latch loops in the design through latch input



------------------------------------------------------------------------------------------------
| Design Timing Summary
| ---------------------
------------------------------------------------------------------------------------------------

    WNS(ns)      TNS(ns)  TNS Failing Endpoints  TNS Total Endpoints      WHS(ns)      THS(ns)  THS Failing Endpoints  THS Total Endpoints     WPWS(ns)     TPWS(ns)  TPWS Failing Endpoints  TPWS Total Endpoints  
    -------      -------  ---------------------  -------------------      -------      -------  ---------------------  -------------------     --------     --------  ----------------------  --------------------  
      3.155        0.000                      0                57894        0.031        0.000                      0                57894        4.427        0.000                       0                 18797  


All user specified timing constraints are met.


------------------------------------------------------------------------------------------------
| Clock Summary
| -------------
------------------------------------------------------------------------------------------------

Clock   Waveform(ns)       Period(ns)      Frequency(MHz)
-----   ------------       ----------      --------------
ap_clk  {0.000 5.000}      10.000          100.000         


------------------------------------------------------------------------------------------------
| Intra Clock Table
| -----------------
------------------------------------------------------------------------------------------------

Clock             WNS(ns)      TNS(ns)  TNS Failing Endpoints  TNS Total Endpoints      WHS(ns)      THS(ns)  THS Failing Endpoints  THS Total Endpoints     WPWS(ns)     TPWS(ns)  TPWS Failing Endpoints  TPWS Total Endpoints  
-----             -------      -------  ---------------------  -------------------      -------      -------  ---------------------  -------------------     --------     --------  ----------------------  --------------------  
ap_clk              3.155        0.000                      0                57894        0.031        0.000                      0                57894        4.427        0.000                       0                 18797  


------------------------------------------------------------------------------------------------
| Inter Clock Table
| -----------------
------------------------------------------------------------------------------------------------

From Clock    To Clock          WNS(ns)      TNS(ns)  TNS Failing Endpoints  TNS Total Endpoints      WHS(ns)      THS(ns)  THS Failing Endpoints  THS Total Endpoints  
----------    --------          -------      -------  ---------------------  -------------------      -------      -------  ---------------------  -------------------  


------------------------------------------------------------------------------------------------
| Other Path Groups Table
| -----------------------
------------------------------------------------------------------------------------------------

Path Group    From Clock    To Clock          WNS(ns)      TNS(ns)  TNS Failing Endpoints  TNS Total Endpoints      WHS(ns)      THS(ns)  THS Failing Endpoints  THS Total Endpoints  
----------    ----------    --------          -------      -------  ---------------------  -------------------      -------      -------  ---------------------  -------------------  


------------------------------------------------------------------------------------------------
| Timing Details
| --------------
------------------------------------------------------------------------------------------------


---------------------------------------------------------------------------------------------------
From Clock:  ap_clk
  To Clock:  ap_clk

Setup :            0  Failing Endpoints,  Worst Slack        3.155ns,  Total Violation        0.000ns
Hold  :            0  Failing Endpoints,  Worst Slack        0.031ns,  Total Violation        0.000ns
PW    :            0  Failing Endpoints,  Worst Slack        4.427ns,  Total Violation        0.000ns
---------------------------------------------------------------------------------------------------


Max Delay Paths
--------------------------------------------------------------------------------------
Slack (MET) :             3.155ns  (required time - arrival time)
  Source:                 bd_0_i/hls_inst/inst/grp_k4_rasterize_fu_348/ap_CS_fsm_reg[51]/C
                            (rising edge-triggered cell FDRE clocked by ap_clk  {rise@0.000ns fall@5.000ns period=10.000ns})
  Destination:            bd_0_i/hls_inst/inst/grp_k4_rasterize_fu_348/mul_32ns_32s_63_1_1_U100/tmp_product__0/DSP_A_B_DATA_INST/A[0]
                            (rising edge-triggered cell DSP_A_B_DATA clocked by ap_clk  {rise@0.000ns fall@5.000ns period=10.000ns})
  Path Group:             ap_clk
  Path Type:              Setup (Max at Slow Process Corner)
  Requirement:            10.000ns  (ap_clk rise@10.000ns - ap_clk rise@0.000ns)
  Data Path Delay:        6.477ns  (logic 3.996ns (61.695%)  route 2.481ns (38.305%))
  Logic Levels:           20  (CARRY8=5 DSP_A_B_DATA=1 DSP_ALU=2 DSP_M_DATA=1 DSP_MULTIPLIER=1 DSP_OUTPUT=2 DSP_PREADD_DATA=1 LUT2=3 LUT3=1 LUT5=1 LUT6=2)
  Clock Path Skew:        0.007ns (DCD - SCD + CPR)
    Destination Clock Delay (DCD):    0.044ns = ( 10.044 - 10.000 ) 
    Source Clock Delay      (SCD):    0.037ns
    Clock Pessimism Removal (CPR):    0.000ns
  Clock Uncertainty:      0.035ns  ((TSJ^2 + TIJ^2)^1/2 + DJ) / 2 + PE
    Total System Jitter     (TSJ):    0.071ns
    Total Input Jitter      (TIJ):    0.000ns
    Discrete Jitter          (DJ):    0.000ns
    Phase Error              (PE):    0.000ns

    Location             Delay type                Incr(ns)  Path(ns)    Netlist Resource(s)
  -------------------------------------------------------------------    -------------------
                         (clock ap_clk rise edge)     0.000     0.000 r  
                                                      0.000     0.000 r  ap_clk (IN)
                         net (fo=18904, unset)        0.037     0.037    bd_0_i/hls_inst/inst/grp_k4_rasterize_fu_348/ap_clk
                         FDRE                                         r  bd_0_i/hls_inst/inst/grp_k4_rasterize_fu_348/ap_CS_fsm_reg[51]/C
  -------------------------------------------------------------------    -------------------
                         FDRE (Prop_FDRE_C_Q)         0.093     0.130 f  bd_0_i/hls_inst/inst/grp_k4_rasterize_fu_348/ap_CS_fsm_reg[51]/Q
                         net (fo=847, unplaced)       0.292     0.422    bd_0_i/hls_inst/inst/grp_k4_rasterize_fu_348/mul_32s_32s_64_1_1_U102/Q[3]
                         LUT2 (Prop_LUT2_I1_O)        0.040     0.462 r  bd_0_i/hls_inst/inst/grp_k4_rasterize_fu_348/mul_32s_32s_64_1_1_U102/tmp_product_i_49__6/O
                         net (fo=87, unplaced)        0.296     0.758    bd_0_i/hls_inst/inst/grp_k4_rasterize_fu_348/mul_32s_32s_64_1_1_U102/tmp_product_i_49__6_n_0
                         LUT6 (Prop_LUT6_I1_O)        0.040     0.798 f  bd_0_i/hls_inst/inst/grp_k4_rasterize_fu_348/mul_32s_32s_64_1_1_U102/tmp_product_i_48__5/O
                         net (fo=1, unplaced)         0.214     1.012    bd_0_i/hls_inst/inst/grp_k4_rasterize_fu_348/mul_32s_32s_64_1_1_U102/tmp_product_i_48__5_n_0
                         LUT5 (Prop_LUT5_I0_O)        0.040     1.052 f  bd_0_i/hls_inst/inst/grp_k4_rasterize_fu_348/mul_32s_32s_64_1_1_U102/tmp_product_i_16__9/O
                         net (fo=2, unplaced)         0.264     1.316    bd_0_i/hls_inst/inst/grp_k4_rasterize_fu_348/mul_32s_32s_64_1_1_U102/tmp_product__1/B[16]
                         DSP_A_B_DATA (Prop_DSP_A_B_DATA_B[16]_B2_DATA[16])
                                                      0.195     1.511 r  bd_0_i/hls_inst/inst/grp_k4_rasterize_fu_348/mul_32s_32s_64_1_1_U102/tmp_product__1/DSP_A_B_DATA_INST/B2_DATA[16]
                         net (fo=1, unplaced)         0.000     1.511    bd_0_i/hls_inst/inst/grp_k4_rasterize_fu_348/mul_32s_32s_64_1_1_U102/tmp_product__1/DSP_A_B_DATA.B2_DATA<16>
                         DSP_PREADD_DATA (Prop_DSP_PREADD_DATA_B2_DATA[16]_B2B1[16])
                                                      0.092     1.603 r  bd_0_i/hls_inst/inst/grp_k4_rasterize_fu_348/mul_32s_32s_64_1_1_U102/tmp_product__1/DSP_PREADD_DATA_INST/B2B1[16]
                         net (fo=1, unplaced)         0.000     1.603    bd_0_i/hls_inst/inst/grp_k4_rasterize_fu_348/mul_32s_32s_64_1_1_U102/tmp_product__1/DSP_PREADD_DATA.B2B1<16>
                         DSP_MULTIPLIER (Prop_DSP_MULTIPLIER_B2B1[16]_U[43])
                                                      0.737     2.340 f  bd_0_i/hls_inst/inst/grp_k4_rasterize_fu_348/mul_32s_32s_64_1_1_U102/tmp_product__1/DSP_MULTIPLIER_INST/U[43]
                         net (fo=1, unplaced)         0.000     2.340    bd_0_i/hls_inst/inst/grp_k4_rasterize_fu_348/mul_32s_32s_64_1_1_U102/tmp_product__1/DSP_MULTIPLIER.U<43>
                         DSP_M_DATA (Prop_DSP_M_DATA_U[43]_U_DATA[43])
                                                      0.059     2.399 r  bd_0_i/hls_inst/inst/grp_k4_rasterize_fu_348/mul_32s_32s_64_1_1_U102/tmp_product__1/DSP_M_DATA_INST/U_DATA[43]
                         net (fo=1, unplaced)         0.000     2.399    bd_0_i/hls_inst/inst/grp_k4_rasterize_fu_348/mul_32s_32s_64_1_1_U102/tmp_product__1/DSP_M_DATA.U_DATA<43>
                         DSP_ALU (Prop_DSP_ALU_U_DATA[43]_ALU_OUT[47])
                                                      0.699     3.098 f  bd_0_i/hls_inst/inst/grp_k4_rasterize_fu_348/mul_32s_32s_64_1_1_U102/tmp_product__1/DSP_ALU_INST/ALU_OUT[47]
                         net (fo=1, unplaced)         0.000     3.098    bd_0_i/hls_inst/inst/grp_k4_rasterize_fu_348/mul_32s_32s_64_1_1_U102/tmp_product__1/DSP_ALU.ALU_OUT<47>
                         DSP_OUTPUT (Prop_DSP_OUTPUT_ALU_OUT[47]_PCOUT[47])
                                                      0.159     3.257 r  bd_0_i/hls_inst/inst/grp_k4_rasterize_fu_348/mul_32s_32s_64_1_1_U102/tmp_product__1/DSP_OUTPUT_INST/PCOUT[47]
                         net (fo=1, unplaced)         0.016     3.273    bd_0_i/hls_inst/inst/grp_k4_rasterize_fu_348/mul_32s_32s_64_1_1_U102/tmp_product__2/PCIN[47]
                         DSP_ALU (Prop_DSP_ALU_PCIN[47]_ALU_OUT[0])
                                                      0.698     3.971 f  bd_0_i/hls_inst/inst/grp_k4_rasterize_fu_348/mul_32s_32s_64_1_1_U102/tmp_product__2/DSP_ALU_INST/ALU_OUT[0]
                         net (fo=1, unplaced)         0.000     3.971    bd_0_i/hls_inst/inst/grp_k4_rasterize_fu_348/mul_32s_32s_64_1_1_U102/tmp_product__2/DSP_ALU.ALU_OUT<0>
                         DSP_OUTPUT (Prop_DSP_OUTPUT_ALU_OUT[0]_P[0])
                                                      0.141     4.112 r  bd_0_i/hls_inst/inst/grp_k4_rasterize_fu_348/mul_32s_32s_64_1_1_U102/tmp_product__2/DSP_OUTPUT_INST/P[0]
                         net (fo=2, unplaced)         0.241     4.353    bd_0_i/hls_inst/inst/grp_k4_rasterize_fu_348/mul_32s_32s_64_1_1_U102/tmp_product__2_n_105
                         LUT2 (Prop_LUT2_I0_O)        0.063     4.416 r  bd_0_i/hls_inst/inst/grp_k4_rasterize_fu_348/mul_32s_32s_64_1_1_U102/tmp_product_carry_i_7__19/O
                         net (fo=1, unplaced)         0.025     4.441    bd_0_i/hls_inst/inst/grp_k4_rasterize_fu_348/mul_32s_32s_64_1_1_U102/tmp_product_carry_i_7__19_n_0
                         CARRY8 (Prop_CARRY8_S[1]_CO[7])
                                                      0.245     4.686 r  bd_0_i/hls_inst/inst/grp_k4_rasterize_fu_348/mul_32s_32s_64_1_1_U102/tmp_product_carry/CO[7]
                         net (fo=1, unplaced)         0.007     4.693    bd_0_i/hls_inst/inst/grp_k4_rasterize_fu_348/mul_32s_32s_64_1_1_U102/tmp_product_carry_n_0
                         CARRY8 (Prop_CARRY8_CI_CO[7])
                                                      0.030     4.723 r  bd_0_i/hls_inst/inst/grp_k4_rasterize_fu_348/mul_32s_32s_64_1_1_U102/tmp_product_carry__0/CO[7]
                         net (fo=1, unplaced)         0.007     4.730    bd_0_i/hls_inst/inst/grp_k4_rasterize_fu_348/mul_32s_32s_64_1_1_U102/tmp_product_carry__0_n_0
                         CARRY8 (Prop_CARRY8_CI_O[5])
                                                      0.145     4.875 r  bd_0_i/hls_inst/inst/grp_k4_rasterize_fu_348/mul_32s_32s_64_1_1_U102/tmp_product_carry__1/O[5]
                         net (fo=1, unplaced)         0.165     5.040    bd_0_i/hls_inst/inst/grp_k4_rasterize_fu_348/mul_32s_32s_64_1_1_U102/grp_fu_636_p4[21]
                         CARRY8 (Prop_CARRY8_S[5]_CO[7])
                                                      0.209     5.249 r  bd_0_i/hls_inst/inst/grp_k4_rasterize_fu_348/mul_32s_32s_64_1_1_U102/w0_term1_1_reg_7245_reg[23]_i_1/CO[7]
                         net (fo=1, unplaced)         0.007     5.256    bd_0_i/hls_inst/inst/grp_k4_rasterize_fu_348/mul_32s_32s_64_1_1_U102/w0_term1_1_reg_7245_reg[23]_i_1_n_0
                         CARRY8 (Prop_CARRY8_CI_O[7])
                                                      0.146     5.402 r  bd_0_i/hls_inst/inst/grp_k4_rasterize_fu_348/mul_32s_32s_64_1_1_U102/w0_term1_1_reg_7245_reg[31]_i_1/O[7]
                         net (fo=5, unplaced)         0.175     5.577    bd_0_i/hls_inst/inst/grp_k4_rasterize_fu_348/mul_32s_32s_64_1_1_U102/tmp_product_carry__2_0[31]
                         LUT2 (Prop_LUT2_I0_O)        0.040     5.617 f  bd_0_i/hls_inst/inst/grp_k4_rasterize_fu_348/mul_32s_32s_64_1_1_U102/or_ln347_1_reg_7255[0]_i_3/O
                         net (fo=1, unplaced)         0.214     5.831    bd_0_i/hls_inst/inst/grp_k4_rasterize_fu_348/mul_32s_32s_64_1_1_U102/or_ln347_1_reg_7255[0]_i_3_n_0
                         LUT6 (Prop_LUT6_I5_O)        0.040     5.871 f  bd_0_i/hls_inst/inst/grp_k4_rasterize_fu_348/mul_32s_32s_64_1_1_U102/or_ln347_1_reg_7255[0]_i_2/O
                         net (fo=63, unplaced)        0.289     6.160    bd_0_i/hls_inst/inst/grp_k4_rasterize_fu_348/mul_32s_32s_64_1_1_U102/or_ln347_1_reg_7255[0]_i_2_n_0
                         LUT3 (Prop_LUT3_I1_O)        0.085     6.245 r  bd_0_i/hls_inst/inst/grp_k4_rasterize_fu_348/mul_32s_32s_64_1_1_U102/tmp_product_i_16__11/O
                         net (fo=4, unplaced)         0.269     6.514    bd_0_i/hls_inst/inst/grp_k4_rasterize_fu_348/mul_32ns_32s_63_1_1_U100/tmp_product__0/A[0]
                         DSP_A_B_DATA                                 r  bd_0_i/hls_inst/inst/grp_k4_rasterize_fu_348/mul_32ns_32s_63_1_1_U100/tmp_product__0/DSP_A_B_DATA_INST/A[0]
  -------------------------------------------------------------------    -------------------

                         (clock ap_clk rise edge)    10.000    10.000 r  
                                                      0.000    10.000 r  ap_clk (IN)
                         net (fo=18904, unset)        0.044    10.044    bd_0_i/hls_inst/inst/grp_k4_rasterize_fu_348/mul_32ns_32s_63_1_1_U100/tmp_product__0/CLK
                         DSP_A_B_DATA                                 r  bd_0_i/hls_inst/inst/grp_k4_rasterize_fu_348/mul_32ns_32s_63_1_1_U100/tmp_product__0/DSP_A_B_DATA_INST/CLK
                         clock pessimism              0.000    10.044    
                         clock uncertainty           -0.035    10.009    
                         DSP_A_B_DATA (Setup_DSP_A_B_DATA_CLK_A[0])
                                                     -0.340     9.669    bd_0_i/hls_inst/inst/grp_k4_rasterize_fu_348/mul_32ns_32s_63_1_1_U100/tmp_product__0/DSP_A_B_DATA_INST
  -------------------------------------------------------------------
                         required time                          9.669    
                         arrival time                          -6.514    
  -------------------------------------------------------------------
                         slack                                  3.155    





Min Delay Paths
--------------------------------------------------------------------------------------
Slack (MET) :             0.031ns  (arrival time - required time)
  Source:                 bd_0_i/hls_inst/inst/clip_tris_n0_x_U/q0_reg[0]/C
                            (rising edge-triggered cell FDRE clocked by ap_clk  {rise@0.000ns fall@5.000ns period=10.000ns})
  Destination:            bd_0_i/hls_inst/inst/screen_tris_n0_x_U/ram_reg_0_127_0_0/HIGH/I
                            (rising edge-triggered cell RAMS64E clocked by ap_clk  {rise@0.000ns fall@5.000ns period=10.000ns})
  Path Group:             ap_clk
  Path Type:              Hold (Min at Fast Process Corner)
  Requirement:            0.000ns  (ap_clk rise@0.000ns - ap_clk rise@0.000ns)
  Data Path Delay:        0.112ns  (logic 0.038ns (33.929%)  route 0.074ns (66.071%))
  Logic Levels:           0  
  Clock Path Skew:        0.026ns (DCD - SCD - CPR)
    Destination Clock Delay (DCD):    0.039ns
    Source Clock Delay      (SCD):    0.013ns
    Clock Pessimism Removal (CPR):    -0.000ns

    Location             Delay type                Incr(ns)  Path(ns)    Netlist Resource(s)
  -------------------------------------------------------------------    -------------------
                         (clock ap_clk rise edge)     0.000     0.000 r  
                                                      0.000     0.000 r  ap_clk (IN)
                         net (fo=18904, unset)        0.013     0.013    bd_0_i/hls_inst/inst/clip_tris_n0_x_U/ap_clk
                         FDRE                                         r  bd_0_i/hls_inst/inst/clip_tris_n0_x_U/q0_reg[0]/C
  -------------------------------------------------------------------    -------------------
                         FDRE (Prop_FDRE_C_Q)         0.038     0.051 r  bd_0_i/hls_inst/inst/clip_tris_n0_x_U/q0_reg[0]/Q
                         net (fo=2, unplaced)         0.074     0.125    bd_0_i/hls_inst/inst/screen_tris_n0_x_U/ram_reg_0_127_0_0/D
                         RAMS64E                                      r  bd_0_i/hls_inst/inst/screen_tris_n0_x_U/ram_reg_0_127_0_0/HIGH/I
  -------------------------------------------------------------------    -------------------

                         (clock ap_clk rise edge)     0.000     0.000 r  
                                                      0.000     0.000 r  ap_clk (IN)
                         net (fo=18904, unset)        0.039     0.039    bd_0_i/hls_inst/inst/screen_tris_n0_x_U/ram_reg_0_127_0_0/WCLK
                         RAMS64E                                      r  bd_0_i/hls_inst/inst/screen_tris_n0_x_U/ram_reg_0_127_0_0/HIGH/CLK
                         clock pessimism              0.000     0.039    
                         RAMS64E (Hold_RAMS64E_CLK_I)
                                                      0.055     0.094    bd_0_i/hls_inst/inst/screen_tris_n0_x_U/ram_reg_0_127_0_0/HIGH
  -------------------------------------------------------------------
                         required time                         -0.094    
                         arrival time                           0.125    
  -------------------------------------------------------------------
                         slack                                  0.031    





Pulse Width Checks
--------------------------------------------------------------------------------------
Clock Name:         ap_clk
Waveform(ns):       { 0.000 5.000 }
Period(ns):         10.000
Sources:            { ap_clk }

Check Type        Corner  Lib Pin             Reference Pin  Required(ns)  Actual(ns)  Slack(ns)  Location  Pin
Min Period        n/a     RAMB36E2/CLKARDCLK  n/a            1.739         10.000      8.261                bd_0_i/hls_inst/inst/depth_buffer_U/ram_reg_bram_0/CLKARDCLK
Low Pulse Width   Slow    SRL16E/CLK          n/a            0.573         5.000       4.427                bd_0_i/hls_inst/inst/bus_read/ost_ctrl_gen[0].fifo_burst/U_fifo_srl/mem_reg[14][0]_srl15/CLK
High Pulse Width  Slow    SRL16E/CLK          n/a            0.573         5.000       4.427                bd_0_i/hls_inst/inst/bus_read/ost_ctrl_gen[0].fifo_burst/U_fifo_srl/mem_reg[14][0]_srl15/CLK



