Copyright 1986-2022 Xilinx, Inc. All Rights Reserved. Copyright 2022-2025 Advanced Micro Devices, Inc. All Rights Reserved.
---------------------------------------------------------------------------------------------------------------------------------------------
| Tool Version : Vivado v.2025.1.1 (lin64) Build 6233196 Thu Sep 11 21:27:11 MDT 2025
| Date         : Mon Mar 30 23:42:18 2026
| Host         : ece-linlabsrv01 running 64-bit Red Hat Enterprise Linux release 8.10 (Ootpa)
| Command      : report_utilization -hierarchical -hierarchical_depth 7 -file ./report/top_kernel_utilization_hierarchical_synth.rpt
| Design       : bd_0_wrapper
| Device       : xczu3eg-sbva484-1-e
| Speed File   : -1
| Design State : Synthesized
---------------------------------------------------------------------------------------------------------------------------------------------

Utilization Design Information

Table of Contents
-----------------
1. Utilization by Hierarchy

1. Utilization by Hierarchy
---------------------------

+---------------------------------------------------------------------------+---------------------------------------------------------------------------+------------+------------+---------+------+-------+--------+--------+------+------------+
|                                  Instance                                 |                                   Module                                  | Total LUTs | Logic LUTs | LUTRAMs | SRLs |  FFs  | RAMB36 | RAMB18 | URAM | DSP Blocks |
+---------------------------------------------------------------------------+---------------------------------------------------------------------------+------------+------------+---------+------+-------+--------+--------+------+------------+
| bd_0_wrapper                                                              |                                                                     (top) |      16819 |      16518 |      16 |  285 | 12122 |     64 |     47 |    0 |        108 |
|   bd_0_i                                                                  |                                                                      bd_0 |      16819 |      16518 |      16 |  285 | 12122 |     64 |     47 |    0 |        108 |
|     hls_inst                                                              |                                                           bd_0_hls_inst_0 |      16819 |      16518 |      16 |  285 | 12122 |     64 |     47 |    0 |        108 |
|       inst                                                                |                                                bd_0_hls_inst_0_top_kernel |      16819 |      16518 |      16 |  285 | 12122 |     64 |     47 |    0 |        108 |
|         screen_tris_v1_y_U                                                |                bd_0_hls_inst_0_top_kernel_clip_tris_n0_x_RAM_AUTO_1R1W_36 |        177 |        177 |       0 |    0 |     6 |      0 |      1 |    0 |          0 |
|           top_kernel_clip_tris_n0_x_RAM_AUTO_1R1W_memcore_U               |        bd_0_hls_inst_0_top_kernel_clip_tris_n0_x_RAM_AUTO_1R1W_memcore_44 |        170 |        170 |       0 |    0 |     0 |      0 |      1 |    0 |          0 |
|         Block_entry_screen_tris_v0_x_rd_proc_U0                           |           bd_0_hls_inst_0_top_kernel_Block_entry_screen_tris_v0_x_rd_proc |       3236 |       3233 |       0 |    3 |  1779 |     16 |      4 |    0 |         84 |
|           grp_k4_rasterize_fu_84                                          |                                   bd_0_hls_inst_0_top_kernel_k4_rasterize |       3213 |       3210 |       0 |    3 |  1702 |     16 |      0 |    0 |         84 |
|             (grp_k4_rasterize_fu_84)                                      |                                   bd_0_hls_inst_0_top_kernel_k4_rasterize |        291 |        289 |       0 |    2 |  1531 |      0 |      0 |    0 |          0 |
|             local_depth_U                                                 |         bd_0_hls_inst_0_top_kernel_k4_rasterize_local_depth_RAM_AUTO_1R1W |        239 |        239 |       0 |    0 |     0 |      4 |      0 |    0 |          0 |
|             local_normal_x_U                                              |      bd_0_hls_inst_0_top_kernel_k4_rasterize_local_depth_RAM_AUTO_1R1W_95 |         79 |         79 |       0 |    0 |     0 |      4 |      0 |    0 |          0 |
|             local_normal_y_U                                              |      bd_0_hls_inst_0_top_kernel_k4_rasterize_local_depth_RAM_AUTO_1R1W_96 |         82 |         82 |       0 |    0 |     0 |      4 |      0 |    0 |          0 |
|             local_normal_z_U                                              |      bd_0_hls_inst_0_top_kernel_k4_rasterize_local_depth_RAM_AUTO_1R1W_97 |         93 |         93 |       0 |    0 |     0 |      4 |      0 |    0 |          0 |
|             mul_32ns_32s_63_1_1_U134                                      |                            bd_0_hls_inst_0_top_kernel_mul_32ns_32s_63_1_1 |         80 |         80 |       0 |    0 |     0 |      0 |      0 |    0 |          4 |
|             mul_32ns_32s_63_1_1_U136                                      |                         bd_0_hls_inst_0_top_kernel_mul_32ns_32s_63_1_1_99 |         67 |         67 |       0 |    0 |     0 |      0 |      0 |    0 |          4 |
|             mul_32s_32s_64_1_1_U137                                       |                         bd_0_hls_inst_0_top_kernel_mul_32s_32s_64_1_1_100 |        141 |        141 |       0 |    0 |     0 |      0 |      0 |    0 |          4 |
|             mul_32s_32s_64_1_1_U138                                       |                         bd_0_hls_inst_0_top_kernel_mul_32s_32s_64_1_1_101 |        109 |        109 |       0 |    0 |     0 |      0 |      0 |    0 |          4 |
|             mul_32s_32s_64_1_1_U139                                       |                         bd_0_hls_inst_0_top_kernel_mul_32s_32s_64_1_1_102 |        128 |        128 |       0 |    0 |     0 |      0 |      0 |    0 |          4 |
|             mul_32s_32s_64_1_1_U140                                       |                         bd_0_hls_inst_0_top_kernel_mul_32s_32s_64_1_1_103 |        191 |        191 |       0 |    0 |     0 |      0 |      0 |    0 |          4 |
|             mul_32s_32s_64_1_1_U141                                       |                         bd_0_hls_inst_0_top_kernel_mul_32s_32s_64_1_1_104 |        159 |        159 |       0 |    0 |     0 |      0 |      0 |    0 |          4 |
|             mul_32s_32s_64_1_1_U142                                       |                         bd_0_hls_inst_0_top_kernel_mul_32s_32s_64_1_1_105 |        178 |        178 |       0 |    0 |     0 |      0 |      0 |    0 |          4 |
|             mul_33s_33s_65_1_1_U143                                       |                             bd_0_hls_inst_0_top_kernel_mul_33s_33s_65_1_1 |        146 |        146 |       0 |    0 |     0 |      0 |      0 |    0 |          4 |
|             mul_33s_33s_65_1_1_U144                                       |                         bd_0_hls_inst_0_top_kernel_mul_33s_33s_65_1_1_106 |         81 |         81 |       0 |    0 |     0 |      0 |      0 |    0 |          4 |
|             mul_33s_33s_65_1_1_U145                                       |                         bd_0_hls_inst_0_top_kernel_mul_33s_33s_65_1_1_107 |        172 |        172 |       0 |    0 |     0 |      0 |      0 |    0 |          4 |
|             mul_33s_33s_65_1_1_U146                                       |                         bd_0_hls_inst_0_top_kernel_mul_33s_33s_65_1_1_108 |         81 |         81 |       0 |    0 |     0 |      0 |      0 |    0 |          4 |
|             mul_33s_33s_65_1_1_U147                                       |                         bd_0_hls_inst_0_top_kernel_mul_33s_33s_65_1_1_109 |        204 |        204 |       0 |    0 |     0 |      0 |      0 |    0 |          4 |
|             mul_33s_33s_65_1_1_U148                                       |                         bd_0_hls_inst_0_top_kernel_mul_33s_33s_65_1_1_110 |        114 |        114 |       0 |    0 |     0 |      0 |      0 |    0 |          4 |
|             mul_66s_32s_97_1_1_U149                                       |                             bd_0_hls_inst_0_top_kernel_mul_66s_32s_97_1_1 |         87 |         87 |       0 |    0 |     0 |      0 |      0 |    0 |          8 |
|             mul_66s_32s_97_1_1_U150                                       |                         bd_0_hls_inst_0_top_kernel_mul_66s_32s_97_1_1_111 |         87 |         87 |       0 |    0 |     0 |      0 |      0 |    0 |          8 |
|             mul_66s_32s_97_1_1_U151                                       |                         bd_0_hls_inst_0_top_kernel_mul_66s_32s_97_1_1_112 |         87 |         87 |       0 |    0 |     0 |      0 |      0 |    0 |          8 |
|             sdiv_34ns_32s_34_38_seq_1_U152                                |                  bd_0_hls_inst_0_top_kernel_sdiv_34ns_32s_34_38_seq_1_113 |        269 |        268 |       0 |    1 |   171 |      0 |      0 |    0 |          0 |
|               (sdiv_34ns_32s_34_38_seq_1_U152)                            |                  bd_0_hls_inst_0_top_kernel_sdiv_34ns_32s_34_38_seq_1_113 |        118 |        118 |       0 |    0 |    68 |      0 |      0 |    0 |          0 |
|               top_kernel_sdiv_34ns_32s_34_38_seq_1_divseq_u               |           bd_0_hls_inst_0_top_kernel_sdiv_34ns_32s_34_38_seq_1_divseq_114 |        151 |        150 |       0 |    1 |   103 |      0 |      0 |    0 |          0 |
|           grp_k3_bounding_box_fu_58                                       |                                bd_0_hls_inst_0_top_kernel_k3_bounding_box |         22 |         22 |       0 |    0 |    70 |      0 |      0 |    0 |          0 |
|             (grp_k3_bounding_box_fu_58)                                   |                                bd_0_hls_inst_0_top_kernel_k3_bounding_box |          2 |          2 |       0 |    0 |    68 |      0 |      0 |    0 |          0 |
|         clip_tris_v0_w_U                                                  |                   bd_0_hls_inst_0_top_kernel_clip_tris_v0_w_RAM_AUTO_1R1W |         91 |         91 |       0 |    0 |    40 |      2 |      0 |    0 |          0 |
|           gen_buffer[1].top_kernel_clip_tris_v0_w_RAM_AUTO_1R1W_memcore_U |        bd_0_hls_inst_0_top_kernel_clip_tris_v0_w_RAM_AUTO_1R1W_memcore_82 |         58 |         58 |       0 |    0 |     0 |      1 |      0 |    0 |          0 |
|         control_s_axi_U                                                   |                                  bd_0_hls_inst_0_top_kernel_control_s_axi |        150 |        150 |       0 |    0 |   181 |      0 |      0 |    0 |          0 |
|         gmem0_m_axi_U                                                     |                                    bd_0_hls_inst_0_top_kernel_gmem0_m_axi |       1481 |       1422 |       0 |   59 |  2698 |     14 |      1 |    0 |          0 |
|           bus_read                                                        |                               bd_0_hls_inst_0_top_kernel_gmem0_m_axi_read |       1338 |       1338 |       0 |    0 |  2526 |      0 |      0 |    0 |          0 |
|             rreq_burst_conv                                               |                    bd_0_hls_inst_0_top_kernel_gmem0_m_axi_burst_converter |        251 |        251 |       0 |    0 |   423 |      0 |      0 |    0 |          0 |
|               burst_sequential                                            |                   bd_0_hls_inst_0_top_kernel_gmem0_m_axi_burst_sequential |        251 |        251 |       0 |    0 |   423 |      0 |      0 |    0 |          0 |
|             rs_rdata                                                      |          bd_0_hls_inst_0_top_kernel_gmem0_m_axi_reg_slice__parameterized0 |       1048 |       1048 |       0 |    0 |  2072 |      0 |      0 |    0 |          0 |
|           load_unit_0                                                     |                               bd_0_hls_inst_0_top_kernel_gmem0_m_axi_load |        143 |         84 |       0 |   59 |   172 |     14 |      1 |    0 |          0 |
|             (load_unit_0)                                                 |                               bd_0_hls_inst_0_top_kernel_gmem0_m_axi_load |          1 |          1 |       0 |    0 |    62 |      0 |      0 |    0 |          0 |
|             buff_rdata                                                    |               bd_0_hls_inst_0_top_kernel_gmem0_m_axi_fifo__parameterized0 |         60 |         60 |       0 |    0 |    37 |     14 |      1 |    0 |          0 |
|             fifo_rreq                                                     |                               bd_0_hls_inst_0_top_kernel_gmem0_m_axi_fifo |         82 |         23 |       0 |   59 |    73 |      0 |      0 |    0 |          0 |
|               U_fifo_srl                                                  |                                bd_0_hls_inst_0_top_kernel_gmem0_m_axi_srl |         64 |          5 |       0 |   59 |    59 |      0 |      0 |    0 |          0 |
|         gmem1_m_axi_U                                                     |                                    bd_0_hls_inst_0_top_kernel_gmem1_m_axi |        743 |        584 |       0 |  159 |   998 |      0 |      0 |    0 |          0 |
|           bus_write                                                       |                              bd_0_hls_inst_0_top_kernel_gmem1_m_axi_write |        525 |        462 |       0 |   63 |   750 |      0 |      0 |    0 |          0 |
|             wreq_burst_conv                                               |                    bd_0_hls_inst_0_top_kernel_gmem1_m_axi_burst_converter |        314 |        314 |       0 |    0 |   459 |      0 |      0 |    0 |          0 |
|               burst_sequential                                            |                   bd_0_hls_inst_0_top_kernel_gmem1_m_axi_burst_sequential |        314 |        314 |       0 |    0 |   459 |      0 |      0 |    0 |          0 |
|             wreq_throttle                                                 |                           bd_0_hls_inst_0_top_kernel_gmem1_m_axi_throttle |        184 |        122 |       0 |   62 |   268 |      0 |      0 |    0 |          0 |
|               rs_req                                                      |          bd_0_hls_inst_0_top_kernel_gmem1_m_axi_reg_slice__parameterized1 |         73 |         73 |       0 |    0 |   137 |      0 |      0 |    0 |          0 |
|               fifo_burst_gen[0].fifo_req                                  |               bd_0_hls_inst_0_top_kernel_gmem1_m_axi_fifo__parameterized4 |         84 |         22 |       0 |   62 |    79 |      0 |      0 |    0 |          0 |
|           store_unit_0                                                    |                              bd_0_hls_inst_0_top_kernel_gmem1_m_axi_store |        218 |        122 |       0 |   96 |   248 |      0 |      0 |    0 |          0 |
|             (store_unit_0)                                                |                              bd_0_hls_inst_0_top_kernel_gmem1_m_axi_store |          2 |          2 |       0 |    0 |    78 |      0 |      0 |    0 |          0 |
|             buff_wdata                                                    |               bd_0_hls_inst_0_top_kernel_gmem1_m_axi_fifo__parameterized1 |         55 |         27 |       0 |   28 |    48 |      0 |      0 |    0 |          0 |
|             fifo_wreq                                                     |               bd_0_hls_inst_0_top_kernel_gmem1_m_axi_fifo__parameterized0 |         79 |         16 |       0 |   63 |    74 |      0 |      0 |    0 |          0 |
|               U_fifo_srl                                                  |                bd_0_hls_inst_0_top_kernel_gmem1_m_axi_srl__parameterized0 |         65 |          2 |       0 |   63 |    63 |      0 |      0 |    0 |          0 |
|         k1_vertex_transform_U0                                            |                            bd_0_hls_inst_0_top_kernel_k1_vertex_transform |       8741 |       8741 |       0 |    0 |  5487 |      0 |      0 |    0 |         12 |
|           (k1_vertex_transform_U0)                                        |                            bd_0_hls_inst_0_top_kernel_k1_vertex_transform |          9 |          9 |       0 |    0 |   588 |      0 |      0 |    0 |          0 |
|           grp_k1_vertex_transform_Pipeline_VITIS_LOOP_10_1_fu_263         |   bd_0_hls_inst_0_top_kernel_k1_vertex_transform_Pipeline_VITIS_LOOP_10_1 |       8732 |       8732 |       0 |    0 |  4899 |      0 |      0 |    0 |         12 |
|             (grp_k1_vertex_transform_Pipeline_VITIS_LOOP_10_1_fu_263)     |   bd_0_hls_inst_0_top_kernel_k1_vertex_transform_Pipeline_VITIS_LOOP_10_1 |       5954 |       5954 |       0 |    0 |  4897 |      0 |      0 |    0 |          0 |
|             mul_32s_32s_64_1_1_U3                                         |                          bd_0_hls_inst_0_top_kernel_mul_32s_32s_64_1_1_64 |       1097 |       1097 |       0 |    0 |     0 |      0 |      0 |    0 |          4 |
|             mul_32s_32s_64_1_1_U4                                         |                          bd_0_hls_inst_0_top_kernel_mul_32s_32s_64_1_1_65 |        695 |        695 |       0 |    0 |     0 |      0 |      0 |    0 |          4 |
|             mul_32s_32s_64_1_1_U5                                         |                          bd_0_hls_inst_0_top_kernel_mul_32s_32s_64_1_1_66 |        950 |        950 |       0 |    0 |     0 |      0 |      0 |    0 |          4 |
|         k2_perspective_divide_U0                                          |                          bd_0_hls_inst_0_top_kernel_k2_perspective_divide |        768 |        767 |       0 |    1 |   457 |      4 |      0 |    0 |         12 |
|           (k2_perspective_divide_U0)                                      |                          bd_0_hls_inst_0_top_kernel_k2_perspective_divide |         37 |         37 |       0 |    0 |   287 |      0 |      0 |    0 |          0 |
|           mul_32s_32s_64_1_1_U72                                          |                             bd_0_hls_inst_0_top_kernel_mul_32s_32s_64_1_1 |         55 |         55 |       0 |    0 |     0 |      0 |      0 |    0 |          4 |
|           mul_32s_32s_64_1_1_U73                                          |                          bd_0_hls_inst_0_top_kernel_mul_32s_32s_64_1_1_60 |         55 |         55 |       0 |    0 |     0 |      0 |      0 |    0 |          4 |
|           mul_32s_32s_64_1_1_U74                                          |                          bd_0_hls_inst_0_top_kernel_mul_32s_32s_64_1_1_61 |         55 |         55 |       0 |    0 |     0 |      0 |      0 |    0 |          4 |
|           sdiv_34ns_32s_34_38_seq_1_U75                                   |                      bd_0_hls_inst_0_top_kernel_sdiv_34ns_32s_34_38_seq_1 |        184 |        183 |       0 |    1 |   170 |      0 |      0 |    0 |          0 |
|             (sdiv_34ns_32s_34_38_seq_1_U75)                               |                      bd_0_hls_inst_0_top_kernel_sdiv_34ns_32s_34_38_seq_1 |         81 |         81 |       0 |    0 |    67 |      0 |      0 |    0 |          0 |
|             top_kernel_sdiv_34ns_32s_34_38_seq_1_divseq_u                 |               bd_0_hls_inst_0_top_kernel_sdiv_34ns_32s_34_38_seq_1_divseq |        103 |        102 |       0 |    1 |   103 |      0 |      0 |    0 |          0 |
|           verts_x_U                                                       |    bd_0_hls_inst_0_top_kernel_k2_perspective_divide_verts_x_RAM_AUTO_1R1W |        118 |        118 |       0 |    0 |     0 |      1 |      0 |    0 |          0 |
|           verts_y_U                                                       | bd_0_hls_inst_0_top_kernel_k2_perspective_divide_verts_x_RAM_AUTO_1R1W_62 |        131 |        131 |       0 |    0 |     0 |      1 |      0 |    0 |          0 |
|           verts_z_U                                                       | bd_0_hls_inst_0_top_kernel_k2_perspective_divide_verts_x_RAM_AUTO_1R1W_63 |        116 |        116 |       0 |    0 |     0 |      1 |      0 |    0 |          0 |
|         k5_deferred_lighting_U0                                           |                           bd_0_hls_inst_0_top_kernel_k5_deferred_lighting |        405 |        405 |       0 |    0 |   202 |      0 |      0 |    0 |          0 |
|           (k5_deferred_lighting_U0)                                       |                           bd_0_hls_inst_0_top_kernel_k5_deferred_lighting |        243 |        243 |       0 |    0 |   202 |      0 |      0 |    0 |          0 |
|           mul_32s_17s_49_1_1_U209                                         |                             bd_0_hls_inst_0_top_kernel_mul_32s_17s_49_1_1 |        162 |        162 |       0 |    0 |     0 |      0 |      0 |    0 |          0 |
|         normal_buffer_y_U                                                 |                  bd_0_hls_inst_0_top_kernel_depth_buffer_RAM_AUTO_1R1W_20 |        185 |        185 |       0 |    0 |     6 |      7 |      1 |    0 |          0 |
|           top_kernel_depth_buffer_RAM_AUTO_1R1W_memcore_U                 |          bd_0_hls_inst_0_top_kernel_depth_buffer_RAM_AUTO_1R1W_memcore_58 |        179 |        179 |       0 |    0 |     0 |      7 |      1 |    0 |          0 |
|         out_pixels_c_U                                                    |                                  bd_0_hls_inst_0_top_kernel_fifo_w64_d5_S |         76 |         14 |       0 |   62 |     9 |      0 |      0 |    0 |          0 |
|           U_top_kernel_fifo_w64_d5_S_ShiftReg                             |                         bd_0_hls_inst_0_top_kernel_fifo_w64_d5_S_ShiftReg |         63 |          1 |       0 |   62 |     0 |      0 |      0 |    0 |          0 |
|         screen_tris_v0_x_U                                                |                bd_0_hls_inst_0_top_kernel_clip_tris_n0_x_RAM_AUTO_1R1W_32 |         83 |         83 |       0 |    0 |     6 |      0 |      1 |    0 |          0 |
|           top_kernel_clip_tris_n0_x_RAM_AUTO_1R1W_memcore_U               |        bd_0_hls_inst_0_top_kernel_clip_tris_n0_x_RAM_AUTO_1R1W_memcore_48 |         76 |         76 |       0 |    0 |     0 |      0 |      1 |    0 |          0 |
|         screen_tris_v0_y_U                                                |                bd_0_hls_inst_0_top_kernel_clip_tris_n0_x_RAM_AUTO_1R1W_33 |         83 |         83 |       0 |    0 |     6 |      0 |      1 |    0 |          0 |
|           top_kernel_clip_tris_n0_x_RAM_AUTO_1R1W_memcore_U               |        bd_0_hls_inst_0_top_kernel_clip_tris_n0_x_RAM_AUTO_1R1W_memcore_47 |         76 |         76 |       0 |    0 |     0 |      0 |      1 |    0 |          0 |
|         screen_tris_v1_x_U                                                |                bd_0_hls_inst_0_top_kernel_clip_tris_n0_x_RAM_AUTO_1R1W_35 |        177 |        177 |       0 |    0 |     6 |      0 |      1 |    0 |          0 |
|           top_kernel_clip_tris_n0_x_RAM_AUTO_1R1W_memcore_U               |        bd_0_hls_inst_0_top_kernel_clip_tris_n0_x_RAM_AUTO_1R1W_memcore_45 |        170 |        170 |       0 |    0 |     0 |      0 |      1 |    0 |          0 |
+---------------------------------------------------------------------------+---------------------------------------------------------------------------+------------+------------+---------+------+-------+--------+--------+------+------------+


