  **** HLS Build v2025.1.1 6214317
Sourcing Tcl script '/nethome/shanda34/FPGA_ECE8893_SJH/2026_Spring/lab4/script.tcl'
INFO: [HLS 200-1510] Running: open_component project_1 
INFO: [HLS 200-10] Creating and opening component '/nethome/shanda34/FPGA_ECE8893_SJH/2026_Spring/lab4/project_1'.
INFO: [SYN 201-201] Setting up clock 'default' with a period of 10ns.
INFO: [HLS 200-1611] Setting target device to 'xczu3eg-sbva484-1-e'
INFO: [HLS 200-1505] Using flow_target 'vivado'
Resolution: For help on HLS 200-1505 see docs.xilinx.com/access/sources/dita/topic?Doc_Version=2025.1%20English&url=ug1448-hls-guidance&resourceid=200-1505.html
INFO: [HLS 200-1464] Running solution command: config_unroll -tripcount_threshold=0
INFO: [XFORM 203-502] Automatic unrolling disabled.
INFO: [HLS 200-1464] Running solution command: config_compile -pipeline_loops=0
INFO: [HLS 200-1464] Running solution command: config_export -flow=impl
INFO: [HLS 200-1464] Running solution command: config_export -format=ip_catalog
INFO: [HLS 200-2174] Applying component config ini file /nethome/shanda34/FPGA_ECE8893_SJH/2026_Spring/lab4/project_1/hls_config.cfg
INFO: [HLS 200-1465] Applying config ini 'param.hls.enable_hidden_option_error=false' from /nethome/shanda34/FPGA_ECE8893_SJH/2026_Spring/lab4/project_1/hls_config.cfg(4)
INFO: [HLS 200-1465] Applying config ini 'syn.file=../top.cpp' from /nethome/shanda34/FPGA_ECE8893_SJH/2026_Spring/lab4/project_1/hls_config.cfg(7)
INFO: [HLS 200-10] Adding design file 'top.cpp' to the project
INFO: [HLS 200-1465] Applying config ini 'tb.file=../host.cpp' from /nethome/shanda34/FPGA_ECE8893_SJH/2026_Spring/lab4/project_1/hls_config.cfg(9)
INFO: [HLS 200-10] Adding test bench file 'host.cpp' to the project
INFO: [HLS 200-1465] Applying config ini 'syn.top=top_kernel' from /nethome/shanda34/FPGA_ECE8893_SJH/2026_Spring/lab4/project_1/hls_config.cfg(8)
INFO: [HLS 200-1465] Applying config ini 'flow_target=vivado' from /nethome/shanda34/FPGA_ECE8893_SJH/2026_Spring/lab4/project_1/hls_config.cfg(6)
INFO: [HLS 200-1505] Using flow_target 'vivado'
Resolution: For help on HLS 200-1505 see docs.xilinx.com/access/sources/dita/topic?Doc_Version=2025.1%20English&url=ug1448-hls-guidance&resourceid=200-1505.html
INFO: [HLS 200-1464] Running solution command: config_unroll -tripcount_threshold=0
INFO: [XFORM 203-502] Automatic unrolling disabled.
INFO: [HLS 200-1464] Running solution command: config_compile -pipeline_loops=0
INFO: [HLS 200-1464] Running solution command: config_compile -complex-mul-dsp=0
INFO: [HLS 200-1464] Running solution command: config_export -flow=impl
INFO: [HLS 200-1464] Running solution command: config_export -format=ip_catalog
INFO: [HLS 200-1465] Applying config ini 'part=xczu3eg-sbva484-1-e' from /nethome/shanda34/FPGA_ECE8893_SJH/2026_Spring/lab4/project_1/hls_config.cfg(1)
INFO: [HLS 200-1465] Applying config ini 'clock=10ns' from /nethome/shanda34/FPGA_ECE8893_SJH/2026_Spring/lab4/project_1/hls_config.cfg(5)
INFO: [HLS 200-1465] Applying config ini 'package.output.format=ip_catalog' from /nethome/shanda34/FPGA_ECE8893_SJH/2026_Spring/lab4/project_1/hls_config.cfg(10)
INFO: [HLS 200-1465] Applying config ini 'syn.compile.pipeline_loops=0' from /nethome/shanda34/FPGA_ECE8893_SJH/2026_Spring/lab4/project_1/hls_config.cfg(11)
INFO: [HLS 200-1465] Applying config ini 'syn.unroll.tripcount_threshold=0' from /nethome/shanda34/FPGA_ECE8893_SJH/2026_Spring/lab4/project_1/hls_config.cfg(12)
INFO: [XFORM 203-502] Automatic unrolling disabled.
INFO: [HLS 200-1465] Applying config ini 'vivado.flow=impl' from /nethome/shanda34/FPGA_ECE8893_SJH/2026_Spring/lab4/project_1/hls_config.cfg(13)
INFO: [HLS 200-2176] Writing Vitis IDE component file /nethome/shanda34/FPGA_ECE8893_SJH/2026_Spring/lab4/project_1/vitis-comp.json
INFO: [HLS 200-1915] Writing HLS config ini file /nethome/shanda34/FPGA_ECE8893_SJH/2026_Spring/lab4/project_1/hls_config.cfg
INFO: [HLS 200-1510] Running: set_top top_kernel 
INFO: [HLS 200-1510] Running: add_files top.cpp 
INFO: [HLS 200-10] Adding design file 'top.cpp' to the project
INFO: [HLS 200-1510] Running: add_files -tb host.cpp 
INFO: [HLS 200-10] Adding test bench file 'host.cpp' to the project
INFO: [HLS 200-1510] Running: config_unroll -tripcount_threshold 0 
INFO: [XFORM 203-502] Automatic unrolling disabled.
INFO: [HLS 200-1510] Running: config_compile -pipeline_loops 0 
INFO: [HLS 200-1510] Running: set_part xczu3eg-sbva484-1-e 
INFO: [HLS 200-1510] Running: csynth_design 
INFO: [HLS 200-1915] Writing HLS config ini file /nethome/shanda34/FPGA_ECE8893_SJH/2026_Spring/lab4/project_1/hls_config.cfg
INFO: [HLS 200-111] Finished File checks and directory preparation: CPU user time: 1.92 seconds. CPU system time: 0.19 seconds. Elapsed time: 9.79 seconds; current allocated memory: 0.000 MB.
INFO: [HLS 200-10] Analyzing design file 'top.cpp' ... 
INFO: [HLS 200-111] Finished Source Code Analysis and Preprocessing: CPU user time: 11.88 seconds. CPU system time: 1.36 seconds. Elapsed time: 13.53 seconds; current allocated memory: 0.000 MB.
INFO: [HLS 200-777] Using interface defaults for 'Vivado' flow target.
INFO: [HLS 200-1995] There were 93,586 instructions in the design after the 'Compile/Link' phase of compilation. See the Design Size Report for more details (/nethome/shanda34/FPGA_ECE8893_SJH/2026_Spring/lab4/project_1/hls/syn/report/csynth_design_size.rpt:2)
INFO: [HLS 200-1995] There were 10,592 instructions in the design after the 'Unroll/Inline (step 1)' phase of compilation. See the Design Size Report for more details (/nethome/shanda34/FPGA_ECE8893_SJH/2026_Spring/lab4/project_1/hls/syn/report/csynth_design_size.rpt:2)
INFO: [HLS 200-1995] There were 5,146 instructions in the design after the 'Unroll/Inline (step 2)' phase of compilation. See the Design Size Report for more details (/nethome/shanda34/FPGA_ECE8893_SJH/2026_Spring/lab4/project_1/hls/syn/report/csynth_design_size.rpt:2)
INFO: [HLS 200-1995] There were 5,005 instructions in the design after the 'Unroll/Inline (step 3)' phase of compilation. See the Design Size Report for more details (/nethome/shanda34/FPGA_ECE8893_SJH/2026_Spring/lab4/project_1/hls/syn/report/csynth_design_size.rpt:2)
INFO: [HLS 200-1995] There were 4,699 instructions in the design after the 'Unroll/Inline (step 4)' phase of compilation. See the Design Size Report for more details (/nethome/shanda34/FPGA_ECE8893_SJH/2026_Spring/lab4/project_1/hls/syn/report/csynth_design_size.rpt:2)
INFO: [HLS 200-1995] There were 4,697 instructions in the design after the 'Array/Struct (step 1)' phase of compilation. See the Design Size Report for more details (/nethome/shanda34/FPGA_ECE8893_SJH/2026_Spring/lab4/project_1/hls/syn/report/csynth_design_size.rpt:2)
INFO: [HLS 200-1995] There were 4,697 instructions in the design after the 'Array/Struct (step 2)' phase of compilation. See the Design Size Report for more details (/nethome/shanda34/FPGA_ECE8893_SJH/2026_Spring/lab4/project_1/hls/syn/report/csynth_design_size.rpt:2)
INFO: [HLS 200-1995] There were 4,714 instructions in the design after the 'Array/Struct (step 3)' phase of compilation. See the Design Size Report for more details (/nethome/shanda34/FPGA_ECE8893_SJH/2026_Spring/lab4/project_1/hls/syn/report/csynth_design_size.rpt:2)
INFO: [HLS 200-1995] There were 4,731 instructions in the design after the 'Array/Struct (step 4)' phase of compilation. See the Design Size Report for more details (/nethome/shanda34/FPGA_ECE8893_SJH/2026_Spring/lab4/project_1/hls/syn/report/csynth_design_size.rpt:2)
INFO: [HLS 200-1995] There were 4,728 instructions in the design after the 'Array/Struct (step 5)' phase of compilation. See the Design Size Report for more details (/nethome/shanda34/FPGA_ECE8893_SJH/2026_Spring/lab4/project_1/hls/syn/report/csynth_design_size.rpt:2)
INFO: [HLS 200-1995] There were 4,694 instructions in the design after the 'Performance (step 1)' phase of compilation. See the Design Size Report for more details (/nethome/shanda34/FPGA_ECE8893_SJH/2026_Spring/lab4/project_1/hls/syn/report/csynth_design_size.rpt:2)
INFO: [HLS 200-1995] There were 4,694 instructions in the design after the 'Performance (step 2)' phase of compilation. See the Design Size Report for more details (/nethome/shanda34/FPGA_ECE8893_SJH/2026_Spring/lab4/project_1/hls/syn/report/csynth_design_size.rpt:2)
INFO: [HLS 200-1995] There were 4,692 instructions in the design after the 'Performance (step 3)' phase of compilation. See the Design Size Report for more details (/nethome/shanda34/FPGA_ECE8893_SJH/2026_Spring/lab4/project_1/hls/syn/report/csynth_design_size.rpt:2)
INFO: [HLS 200-1995] There were 4,692 instructions in the design after the 'Performance (step 4)' phase of compilation. See the Design Size Report for more details (/nethome/shanda34/FPGA_ECE8893_SJH/2026_Spring/lab4/project_1/hls/syn/report/csynth_design_size.rpt:2)
INFO: [HLS 200-1995] There were 4,813 instructions in the design after the 'HW Transforms' phase of compilation. See the Design Size Report for more details (/nethome/shanda34/FPGA_ECE8893_SJH/2026_Spring/lab4/project_1/hls/syn/report/csynth_design_size.rpt:2)
INFO: [HLS 200-1995] There were 4,832 instructions in the design after the 'HW Transforms (step 2)' phase of compilation. See the Design Size Report for more details (/nethome/shanda34/FPGA_ECE8893_SJH/2026_Spring/lab4/project_1/hls/syn/report/csynth_design_size.rpt:2)
INFO: [HLS 214-241] Aggregating bram variable 'mvp_matrix' with compact=bit mode in 32-bits (top.cpp:501:0)
INFO: [HLS 214-241] Aggregating maxi variable 'out_pixels' with compact=none mode in 32-bits
INFO: [HLS 214-437] Automatically disabling loop flattening for loop 'VITIS_LOOP_309_3'. (top.cpp:309:23)
INFO: [HLS 214-115] Multiple burst writes of length 4096 and bit width 32 in loop 'VITIS_LOOP_440_1'(top.cpp:440:23) has been inferred on bundle 'gmem1'. These burst requests might be further partitioned into multiple requests during RTL generation, based on max_read_burst_length or max_write_burst_length settings. (top.cpp:440:23)
INFO: [HLS 200-111] Finished Compiling Optimization and Transform: CPU user time: 9.3 seconds. CPU system time: 1.44 seconds. Elapsed time: 15.56 seconds; current allocated memory: 0.000 MB.
INFO: [HLS 200-111] Finished Checking Pragmas: CPU user time: 0 seconds. CPU system time: 0 seconds. Elapsed time: 0 seconds; current allocated memory: 0.000 MB.
INFO: [HLS 200-10] Starting code transformations ...
INFO: [HLS 200-111] Finished Standard Transforms: CPU user time: 0.24 seconds. CPU system time: 0.01 seconds. Elapsed time: 0.25 seconds; current allocated memory: 0.000 MB.
INFO: [HLS 200-10] Checking synthesizability ...
INFO: [HLS 200-111] Finished Checking Synthesizability: CPU user time: 0.28 seconds. CPU system time: 0.01 seconds. Elapsed time: 1.09 seconds; current allocated memory: 0.000 MB.
WARNING: [XFORM 203-561] Updating loop lower bound from 0 to 128 for loop 'VITIS_LOOP_309_3' (top.cpp:309:32) in function 'k4_rasterize'.
INFO: [XFORM 203-401] Performing if-conversion on hyperblock from (top.cpp:441:36) to (top.cpp:441:27) in function 'k5_deferred_lighting'... converting 3 basic blocks.
INFO: [XFORM 203-401] Performing if-conversion on hyperblock from (top.cpp:208:39) to (top.cpp:282:9) in function 'k3_bounding_box'... converting 13 basic blocks.
INFO: [HLS 200-111] Finished Loop, function and other optimizations: CPU user time: 1.38 seconds. CPU system time: 0.05 seconds. Elapsed time: 1.45 seconds; current allocated memory: 0.000 MB.
INFO: [HLS 200-111] Finished Architecture Synthesis: CPU user time: 1.33 seconds. CPU system time: 0.05 seconds. Elapsed time: 1.4 seconds; current allocated memory: 0.000 MB.
INFO: [HLS 200-10] Starting hardware synthesis ...
INFO: [HLS 200-10] Synthesizing 'top_kernel' ...
INFO: [HLS 200-10] ----------------------------------------------------------------
INFO: [HLS 200-42] -- Implementing module 'k1_vertex_transform' 
INFO: [HLS 200-10] ----------------------------------------------------------------
INFO: [SCHED 204-11] Starting scheduling ...
INFO: [SCHED 204-11] Finished scheduling.
INFO: [HLS 200-111] Finished Scheduling: CPU user time: 1.5 seconds. CPU system time: 0.09 seconds. Elapsed time: 1.62 seconds; current allocated memory: 0.000 MB.
INFO: [BIND 205-100] Starting micro-architecture generation ...
INFO: [BIND 205-101] Performing variable lifetime analysis.
INFO: [BIND 205-101] Exploring resource sharing.
INFO: [BIND 205-101] Binding ...
INFO: [BIND 205-100] Finished micro-architecture generation.
INFO: [HLS 200-111] Finished Binding: CPU user time: 0.6 seconds. CPU system time: 0.06 seconds. Elapsed time: 0.78 seconds; current allocated memory: 0.000 MB.
INFO: [HLS 200-10] ----------------------------------------------------------------
INFO: [HLS 200-42] -- Implementing module 'k2_perspective_divide' 
INFO: [HLS 200-10] ----------------------------------------------------------------
INFO: [SCHED 204-11] Starting scheduling ...
INFO: [SCHED 204-11] Finished scheduling.
INFO: [HLS 200-111] Finished Scheduling: CPU user time: 0.73 seconds. CPU system time: 0.03 seconds. Elapsed time: 0.87 seconds; current allocated memory: 0.000 MB.
INFO: [BIND 205-100] Starting micro-architecture generation ...
INFO: [BIND 205-101] Performing variable lifetime analysis.
INFO: [BIND 205-101] Exploring resource sharing.
INFO: [BIND 205-101] Binding ...
INFO: [BIND 205-100] Finished micro-architecture generation.
INFO: [HLS 200-111] Finished Binding: CPU user time: 0.13 seconds. CPU system time: 0.03 seconds. Elapsed time: 0.19 seconds; current allocated memory: 0.000 MB.
INFO: [HLS 200-10] ----------------------------------------------------------------
INFO: [HLS 200-42] -- Implementing module 'k3_bounding_box' 
INFO: [HLS 200-10] ----------------------------------------------------------------
INFO: [SCHED 204-11] Starting scheduling ...
INFO: [SCHED 204-11] Finished scheduling.
INFO: [HLS 200-111] Finished Scheduling: CPU user time: 0.15 seconds. CPU system time: 0 seconds. Elapsed time: 0.19 seconds; current allocated memory: 0.000 MB.
INFO: [BIND 205-100] Starting micro-architecture generation ...
INFO: [BIND 205-101] Performing variable lifetime analysis.
INFO: [BIND 205-101] Exploring resource sharing.
INFO: [BIND 205-101] Binding ...
INFO: [BIND 205-100] Finished micro-architecture generation.
INFO: [HLS 200-111] Finished Binding: CPU user time: 0.03 seconds. CPU system time: 0.01 seconds. Elapsed time: 0.04 seconds; current allocated memory: 0.000 MB.
INFO: [HLS 200-10] ----------------------------------------------------------------
INFO: [HLS 200-42] -- Implementing module 'k4_rasterize' 
INFO: [HLS 200-10] ----------------------------------------------------------------
INFO: [SCHED 204-11] Starting scheduling ...
INFO: [SCHED 204-11] Finished scheduling.
INFO: [HLS 200-111] Finished Scheduling: CPU user time: 0.98 seconds. CPU system time: 0.02 seconds. Elapsed time: 1.01 seconds; current allocated memory: 0.000 MB.
INFO: [BIND 205-100] Starting micro-architecture generation ...
INFO: [BIND 205-101] Performing variable lifetime analysis.
INFO: [BIND 205-101] Exploring resource sharing.
INFO: [BIND 205-101] Binding ...
INFO: [BIND 205-100] Finished micro-architecture generation.
INFO: [HLS 200-111] Finished Binding: CPU user time: 0.27 seconds. CPU system time: 0.03 seconds. Elapsed time: 0.34 seconds; current allocated memory: 0.000 MB.
INFO: [HLS 200-10] ----------------------------------------------------------------
INFO: [HLS 200-42] -- Implementing module 'k5_deferred_lighting' 
INFO: [HLS 200-10] ----------------------------------------------------------------
INFO: [SCHED 204-11] Starting scheduling ...
INFO: [SCHED 204-11] Finished scheduling.
INFO: [HLS 200-111] Finished Scheduling: CPU user time: 0.33 seconds. CPU system time: 0.01 seconds. Elapsed time: 0.41 seconds; current allocated memory: 0.000 MB.
INFO: [BIND 205-100] Starting micro-architecture generation ...
INFO: [BIND 205-101] Performing variable lifetime analysis.
INFO: [BIND 205-101] Exploring resource sharing.
INFO: [BIND 205-101] Binding ...
INFO: [BIND 205-100] Finished micro-architecture generation.
INFO: [HLS 200-111] Finished Binding: CPU user time: 0.04 seconds. CPU system time: 0.01 seconds. Elapsed time: 0.06 seconds; current allocated memory: 0.000 MB.
INFO: [HLS 200-10] ----------------------------------------------------------------
INFO: [HLS 200-42] -- Implementing module 'top_kernel' 
INFO: [HLS 200-10] ----------------------------------------------------------------
INFO: [SCHED 204-11] Starting scheduling ...
INFO: [SCHED 204-11] Finished scheduling.
INFO: [HLS 200-111] Finished Scheduling: CPU user time: 0.05 seconds. CPU system time: 0 seconds. Elapsed time: 0.06 seconds; current allocated memory: 0.000 MB.
INFO: [BIND 205-100] Starting micro-architecture generation ...
INFO: [BIND 205-101] Performing variable lifetime analysis.
INFO: [BIND 205-101] Exploring resource sharing.
INFO: [BIND 205-101] Binding ...
INFO: [BIND 205-100] Finished micro-architecture generation.
INFO: [HLS 200-111] Finished Binding: CPU user time: 0.05 seconds. CPU system time: 0.01 seconds. Elapsed time: 0.06 seconds; current allocated memory: 0.000 MB.
INFO: [HLS 200-10] ----------------------------------------------------------------
INFO: [HLS 200-10] -- Generating RTL for module 'k1_vertex_transform' 
INFO: [HLS 200-10] ----------------------------------------------------------------
INFO: [RTGEN 206-100] Generating core module 'mul_32s_32s_64_1_1': 8 instance(s).
INFO: [RTGEN 206-100] Finished creating RTL model for 'k1_vertex_transform'.
INFO: [HLS 200-111] Finished Creating RTL model: CPU user time: 0.55 seconds. CPU system time: 0.01 seconds. Elapsed time: 0.59 seconds; current allocated memory: 0.000 MB.
INFO: [HLS 200-10] ----------------------------------------------------------------
INFO: [HLS 200-10] -- Generating RTL for module 'k2_perspective_divide' 
INFO: [HLS 200-10] ----------------------------------------------------------------
INFO: [RTGEN 206-100] Generating core module 'mul_32s_32s_64_1_1': 3 instance(s).
INFO: [RTGEN 206-100] Generating core module 'sdiv_34ns_32s_34_38_seq_1': 3 instance(s).
INFO: [RTGEN 206-100] Finished creating RTL model for 'k2_perspective_divide'.
INFO: [HLS 200-111] Finished Creating RTL model: CPU user time: 1.41 seconds. CPU system time: 0.16 seconds. Elapsed time: 1.75 seconds; current allocated memory: 0.000 MB.
INFO: [HLS 200-10] ----------------------------------------------------------------
INFO: [HLS 200-10] -- Generating RTL for module 'k3_bounding_box' 
INFO: [HLS 200-10] ----------------------------------------------------------------
INFO: [RTGEN 206-100] Finished creating RTL model for 'k3_bounding_box'.
INFO: [HLS 200-111] Finished Creating RTL model: CPU user time: 0.41 seconds. CPU system time: 0.06 seconds. Elapsed time: 0.57 seconds; current allocated memory: 0.000 MB.
INFO: [HLS 200-10] ----------------------------------------------------------------
INFO: [HLS 200-10] -- Generating RTL for module 'k4_rasterize' 
INFO: [HLS 200-10] ----------------------------------------------------------------
INFO: [RTGEN 206-100] Generating core module 'mul_32ns_32s_63_1_1': 3 instance(s).
INFO: [RTGEN 206-100] Generating core module 'mul_32s_32s_64_1_1': 6 instance(s).
INFO: [RTGEN 206-100] Generating core module 'sdiv_34ns_32s_34_38_seq_1': 1 instance(s).
INFO: [RTGEN 206-100] Finished creating RTL model for 'k4_rasterize'.
INFO: [HLS 200-111] Finished Creating RTL model: CPU user time: 0.33 seconds. CPU system time: 0.02 seconds. Elapsed time: 0.39 seconds; current allocated memory: 0.000 MB.
INFO: [HLS 200-10] ----------------------------------------------------------------
INFO: [HLS 200-10] -- Generating RTL for module 'k5_deferred_lighting' 
INFO: [HLS 200-10] ----------------------------------------------------------------
INFO: [RTGEN 206-100] Generating core module 'mul_32s_17s_49_1_1': 1 instance(s).
INFO: [RTGEN 206-100] Finished creating RTL model for 'k5_deferred_lighting'.
INFO: [HLS 200-111] Finished Creating RTL model: CPU user time: 0.77 seconds. CPU system time: 0.11 seconds. Elapsed time: 0.97 seconds; current allocated memory: 0.000 MB.
INFO: [HLS 200-10] ----------------------------------------------------------------
INFO: [HLS 200-10] -- Generating RTL for module 'top_kernel' 
INFO: [HLS 200-10] ----------------------------------------------------------------
WARNING: [RTGEN 206-101] Design contains AXI ports. Reset is fixed to synchronous and active low.
INFO: [RTGEN 206-500] Setting interface mode on port 'top_kernel/gmem0' to 'm_axi'.
INFO: [RTGEN 206-500] Setting interface mode on port 'top_kernel/gmem1' to 'm_axi'.
INFO: [RTGEN 206-500] Setting interface mode on port 'top_kernel/in_tris' to 's_axilite & ap_none'.
INFO: [RTGEN 206-500] Setting interface mode on port 'top_kernel/mvp_matrix' to 'ap_memory'.
INFO: [RTGEN 206-500] Setting interface mode on port 'top_kernel/out_pixels' to 's_axilite & ap_none'.
INFO: [RTGEN 206-500] Setting interface mode on function 'top_kernel' to 's_axilite & ap_ctrl_hs'.
INFO: [RTGEN 206-100] Bundling port 'in_tris', 'out_pixels' and 'return' to AXI-Lite port control.
INFO: [RTGEN 206-100] Finished creating RTL model for 'top_kernel'.
INFO: [RTMG 210-278] Implementing memory 'top_kernel_clip_tris_v0_x_RAM_AUTO_1R1W' using auto RAMs.
INFO: [RTMG 210-278] Implementing memory 'top_kernel_clip_tris_is_active_RAM_AUTO_1R1W' using auto RAMs.
INFO: [RTMG 210-278] Implementing memory 'top_kernel_bounds_min_x_RAM_AUTO_1R1W' using auto RAMs.
INFO: [RTMG 210-278] Implementing memory 'top_kernel_bounds_max_x_RAM_AUTO_1R1W' using auto RAMs.
INFO: [RTMG 210-278] Implementing memory 'top_kernel_depth_buffer_RAM_AUTO_1R1W' using auto RAMs.
INFO: [HLS 200-111] Finished Creating RTL model: CPU user time: 0.27 seconds. CPU system time: 0.03 seconds. Elapsed time: 0.39 seconds; current allocated memory: 0.000 MB.
INFO: [HLS 200-111] Finished Generating all RTL models: CPU user time: 0.77 seconds. CPU system time: 0.06 seconds. Elapsed time: 1.09 seconds; current allocated memory: 0.000 MB.
INFO: [HLS 200-1603] Design has inferred MAXI bursts and missed bursts, see Vitis HLS GUI synthesis summary report for detailed information.
INFO: [HLS 200-111] Finished Updating report files: CPU user time: 1.97 seconds. CPU system time: 0.18 seconds. Elapsed time: 2.41 seconds; current allocated memory: 0.000 MB.
INFO: [VHDL 208-304] Generating VHDL RTL for top_kernel.
INFO: [VLOG 209-307] Generating Verilog RTL for top_kernel.
INFO: [HLS 200-790] **** Loop Constraint Status: All loop constraints were satisfied.
INFO: [HLS 200-789] **** Estimated Fmax: 136.99 MHz
INFO: [HLS 200-2161] Finished Command csynth_design Elapsed time: 00:00:56; Allocated memory: 0.000 MB.
INFO: [HLS 200-1510] Running: cosim_design 
INFO: [HLS 200-1915] Writing HLS config ini file /nethome/shanda34/FPGA_ECE8893_SJH/2026_Spring/lab4/project_1/hls_config.cfg
INFO: [COSIM 212-47] Using XSIM for RTL simulation.
INFO: [COSIM 212-14] Instrumenting C test bench ...
   Build using "/tools/software/xilinx/2025.1.1/Vitis/lnx64/tools/vcxx/libexec/clang++"
   Compiling host.cpp_pre.cpp.tb.cpp
   Compiling apatb_top_kernel.cpp
   Compiling top.cpp_pre.cpp.tb.cpp
   Compiling apatb_top_kernel_ir.ll
   Generating cosim.tv.exe
INFO: [COSIM 212-302] Starting C TB testing ... 
Checking error count
TEST PASSED
INFO: [COSIM 212-333] Generating C post check test bench ...
INFO: [COSIM 212-12] Generating RTL test bench ...
pdir_merged readonly
INFO: [COSIM 212-1] *** C/RTL co-simulation file generation completed. ***
INFO: [COSIM 212-323] Starting verilog simulation. 
INFO: [COSIM 212-15] Starting XSIM ...
Vivado Simulator v2025.1.1
Copyright 1986-2022 Xilinx, Inc. All Rights Reserved.
Copyright 2022-2025 Advanced Micro Devices, Inc. All Rights Reserved.
Running: /tools/software/xilinx/2025.1.1/Vivado/bin/unwrapped/lnx64.o/xelab xil_defaultlib.apatb_top_kernel_top xil_defaultlib.glbl -Oenable_linking_all_libraries -prj top_kernel.prj -L smartconnect_v1_0 -L axi_protocol_checker_v1_1_12 -L axi_protocol_checker_v1_1_13 -L axis_protocol_checker_v1_1_11 -L axis_protocol_checker_v1_1_12 -L xil_defaultlib -L unisims_ver -L xpm -L floating_point_v7_1_20 -L floating_point_v7_0_25 --lib ieee_proposed=./ieee_proposed -L uvm -relax -i ./svr -i ./svtb -i ./file_agent -i ./top_kernel_subsystem -s top_kernel 
Multi-threading is on. Using 110 slave threads.
INFO: [VRFC 10-2263] Analyzing SystemVerilog file "/nethome/shanda34/FPGA_ECE8893_SJH/2026_Spring/lab4/project_1/hls/sim/verilog/glbl.v" into library xil_defaultlib
INFO: [VRFC 10-311] analyzing module glbl
INFO: [VRFC 10-2263] Analyzing SystemVerilog file "/nethome/shanda34/FPGA_ECE8893_SJH/2026_Spring/lab4/project_1/hls/sim/verilog/AESL_automem_mvp_matrix.v" into library xil_defaultlib
INFO: [VRFC 10-311] analyzing module AESL_automem_mvp_matrix
INFO: [VRFC 10-2263] Analyzing SystemVerilog file "/nethome/shanda34/FPGA_ECE8893_SJH/2026_Spring/lab4/project_1/hls/sim/verilog/top_kernel.autotb.v" into library xil_defaultlib
INFO: [VRFC 10-311] analyzing module apatb_top_kernel_top
INFO: [VRFC 10-2263] Analyzing SystemVerilog file "/nethome/shanda34/FPGA_ECE8893_SJH/2026_Spring/lab4/project_1/hls/sim/verilog/top_kernel_k1_vertex_transform.v" into library xil_defaultlib
INFO: [VRFC 10-311] analyzing module top_kernel_k1_vertex_transform
INFO: [VRFC 10-2263] Analyzing SystemVerilog file "/nethome/shanda34/FPGA_ECE8893_SJH/2026_Spring/lab4/project_1/hls/sim/verilog/top_kernel_k2_perspective_divide.v" into library xil_defaultlib
INFO: [VRFC 10-311] analyzing module top_kernel_k2_perspective_divide
INFO: [VRFC 10-2263] Analyzing SystemVerilog file "/nethome/shanda34/FPGA_ECE8893_SJH/2026_Spring/lab4/project_1/hls/sim/verilog/top_kernel_k3_bounding_box.v" into library xil_defaultlib
INFO: [VRFC 10-311] analyzing module top_kernel_k3_bounding_box
INFO: [VRFC 10-2263] Analyzing SystemVerilog file "/nethome/shanda34/FPGA_ECE8893_SJH/2026_Spring/lab4/project_1/hls/sim/verilog/top_kernel_k4_rasterize.v" into library xil_defaultlib
INFO: [VRFC 10-311] analyzing module top_kernel_k4_rasterize
INFO: [VRFC 10-2263] Analyzing SystemVerilog file "/nethome/shanda34/FPGA_ECE8893_SJH/2026_Spring/lab4/project_1/hls/sim/verilog/top_kernel_k5_deferred_lighting.v" into library xil_defaultlib
INFO: [VRFC 10-311] analyzing module top_kernel_k5_deferred_lighting
INFO: [VRFC 10-2263] Analyzing SystemVerilog file "/nethome/shanda34/FPGA_ECE8893_SJH/2026_Spring/lab4/project_1/hls/sim/verilog/top_kernel.v" into library xil_defaultlib
INFO: [VRFC 10-311] analyzing module top_kernel
INFO: [VRFC 10-2263] Analyzing SystemVerilog file "/nethome/shanda34/FPGA_ECE8893_SJH/2026_Spring/lab4/project_1/hls/sim/verilog/top_kernel_mul_32s_32s_64_1_1.v" into library xil_defaultlib
INFO: [VRFC 10-311] analyzing module top_kernel_mul_32s_32s_64_1_1
INFO: [VRFC 10-2263] Analyzing SystemVerilog file "/nethome/shanda34/FPGA_ECE8893_SJH/2026_Spring/lab4/project_1/hls/sim/verilog/top_kernel_sdiv_34ns_32s_34_38_seq_1.v" into library xil_defaultlib
INFO: [VRFC 10-311] analyzing module top_kernel_sdiv_34ns_32s_34_38_seq_1_divseq
INFO: [VRFC 10-311] analyzing module top_kernel_sdiv_34ns_32s_34_38_seq_1
INFO: [VRFC 10-2263] Analyzing SystemVerilog file "/nethome/shanda34/FPGA_ECE8893_SJH/2026_Spring/lab4/project_1/hls/sim/verilog/top_kernel_mul_32ns_32s_63_1_1.v" into library xil_defaultlib
INFO: [VRFC 10-311] analyzing module top_kernel_mul_32ns_32s_63_1_1
INFO: [VRFC 10-2263] Analyzing SystemVerilog file "/nethome/shanda34/FPGA_ECE8893_SJH/2026_Spring/lab4/project_1/hls/sim/verilog/top_kernel_mul_32s_17s_49_1_1.v" into library xil_defaultlib
INFO: [VRFC 10-311] analyzing module top_kernel_mul_32s_17s_49_1_1
INFO: [VRFC 10-2263] Analyzing SystemVerilog file "/nethome/shanda34/FPGA_ECE8893_SJH/2026_Spring/lab4/project_1/hls/sim/verilog/top_kernel_clip_tris_v0_x_RAM_AUTO_1R1W.v" into library xil_defaultlib
INFO: [VRFC 10-311] analyzing module top_kernel_clip_tris_v0_x_RAM_AUTO_1R1W
INFO: [VRFC 10-2263] Analyzing SystemVerilog file "/nethome/shanda34/FPGA_ECE8893_SJH/2026_Spring/lab4/project_1/hls/sim/verilog/top_kernel_clip_tris_is_active_RAM_AUTO_1R1W.v" into library xil_defaultlib
INFO: [VRFC 10-311] analyzing module top_kernel_clip_tris_is_active_RAM_AUTO_1R1W
INFO: [VRFC 10-2263] Analyzing SystemVerilog file "/nethome/shanda34/FPGA_ECE8893_SJH/2026_Spring/lab4/project_1/hls/sim/verilog/top_kernel_bounds_min_x_RAM_AUTO_1R1W.v" into library xil_defaultlib
INFO: [VRFC 10-311] analyzing module top_kernel_bounds_min_x_RAM_AUTO_1R1W
INFO: [VRFC 10-2263] Analyzing SystemVerilog file "/nethome/shanda34/FPGA_ECE8893_SJH/2026_Spring/lab4/project_1/hls/sim/verilog/top_kernel_bounds_max_x_RAM_AUTO_1R1W.v" into library xil_defaultlib
INFO: [VRFC 10-311] analyzing module top_kernel_bounds_max_x_RAM_AUTO_1R1W
INFO: [VRFC 10-2263] Analyzing SystemVerilog file "/nethome/shanda34/FPGA_ECE8893_SJH/2026_Spring/lab4/project_1/hls/sim/verilog/top_kernel_depth_buffer_RAM_AUTO_1R1W.v" into library xil_defaultlib
INFO: [VRFC 10-311] analyzing module top_kernel_depth_buffer_RAM_AUTO_1R1W
INFO: [VRFC 10-2263] Analyzing SystemVerilog file "/nethome/shanda34/FPGA_ECE8893_SJH/2026_Spring/lab4/project_1/hls/sim/verilog/top_kernel_gmem0_m_axi.v" into library xil_defaultlib
INFO: [VRFC 10-311] analyzing module top_kernel_gmem0_m_axi
INFO: [VRFC 10-311] analyzing module top_kernel_gmem0_m_axi_load
INFO: [VRFC 10-311] analyzing module top_kernel_gmem0_m_axi_read
INFO: [VRFC 10-311] analyzing module top_kernel_gmem0_m_axi_burst_converter
INFO: [VRFC 10-311] analyzing module top_kernel_gmem0_m_axi_burst_interleave
INFO: [VRFC 10-311] analyzing module top_kernel_gmem0_m_axi_burst_sequential
INFO: [VRFC 10-311] analyzing module top_kernel_gmem0_m_axi_reg_slice
INFO: [VRFC 10-311] analyzing module top_kernel_gmem0_m_axi_fifo
INFO: [VRFC 10-311] analyzing module top_kernel_gmem0_m_axi_srl
INFO: [VRFC 10-311] analyzing module top_kernel_gmem0_m_axi_mem
INFO: [VRFC 10-2263] Analyzing SystemVerilog file "/nethome/shanda34/FPGA_ECE8893_SJH/2026_Spring/lab4/project_1/hls/sim/verilog/top_kernel_gmem1_m_axi.v" into library xil_defaultlib
INFO: [VRFC 10-311] analyzing module top_kernel_gmem1_m_axi
INFO: [VRFC 10-311] analyzing module top_kernel_gmem1_m_axi_store
INFO: [VRFC 10-311] analyzing module top_kernel_gmem1_m_axi_write
INFO: [VRFC 10-311] analyzing module top_kernel_gmem1_m_axi_burst_converter
INFO: [VRFC 10-311] analyzing module top_kernel_gmem1_m_axi_burst_interleave
INFO: [VRFC 10-311] analyzing module top_kernel_gmem1_m_axi_burst_sequential
INFO: [VRFC 10-311] analyzing module top_kernel_gmem1_m_axi_throttle
INFO: [VRFC 10-311] analyzing module top_kernel_gmem1_m_axi_reg_slice
INFO: [VRFC 10-311] analyzing module top_kernel_gmem1_m_axi_fifo
INFO: [VRFC 10-311] analyzing module top_kernel_gmem1_m_axi_srl
INFO: [VRFC 10-311] analyzing module top_kernel_gmem1_m_axi_mem
INFO: [VRFC 10-2263] Analyzing SystemVerilog file "/nethome/shanda34/FPGA_ECE8893_SJH/2026_Spring/lab4/project_1/hls/sim/verilog/top_kernel_control_s_axi.v" into library xil_defaultlib
INFO: [VRFC 10-311] analyzing module top_kernel_control_s_axi
INFO: [VRFC 10-2263] Analyzing SystemVerilog file "/nethome/shanda34/FPGA_ECE8893_SJH/2026_Spring/lab4/project_1/hls/sim/verilog/dataflow_monitor.sv" into library xil_defaultlib
INFO: [VRFC 10-311] analyzing module dataflow_monitor
INFO: [VRFC 10-2263] Analyzing SystemVerilog file "/nethome/shanda34/FPGA_ECE8893_SJH/2026_Spring/lab4/project_1/hls/sim/verilog/file_agent/file_agent_pkg.sv" into library xil_defaultlib
INFO: [VRFC 10-2263] Analyzing SystemVerilog file "/nethome/shanda34/FPGA_ECE8893_SJH/2026_Spring/lab4/project_1/hls/sim/verilog/axivip/axi_pkg.sv" into library xil_defaultlib
INFO: [VRFC 10-2263] Analyzing SystemVerilog file "/nethome/shanda34/FPGA_ECE8893_SJH/2026_Spring/lab4/project_1/hls/sim/verilog/axivip/axi_if.sv" into library xil_defaultlib
INFO: [VRFC 10-2263] Analyzing SystemVerilog file "/nethome/shanda34/FPGA_ECE8893_SJH/2026_Spring/lab4/project_1/hls/sim/verilog/top_kernel_subsystem/top_kernel_subsystem_pkg.sv" into library xil_defaultlib
INFO: [VRFC 10-2263] Analyzing SystemVerilog file "/nethome/shanda34/FPGA_ECE8893_SJH/2026_Spring/lab4/project_1/hls/sim/verilog/svtb/misc_interface.sv" into library xil_defaultlib
INFO: [VRFC 10-2263] Analyzing SystemVerilog file "/nethome/shanda34/FPGA_ECE8893_SJH/2026_Spring/lab4/project_1/hls/sim/verilog/svtb/sv_module_top.sv" into library xil_defaultlib
INFO: [VRFC 10-311] analyzing module sv_module_top
Starting static elaboration
Pass Through NonSizing Optimizer
Completed static elaboration
Starting simulation data flow analysis
WARNING: [XSIM 43-4099] "/proj/primebuilds/9999.0_PRIME_0428_0031/installs/data/system_verilog/uvm_1.2/xlnx_uvm_package.sv" Line 4356. Module uvm_pkg doesn't have a timescale but at least one module in design has a timescale.
WARNING: [XSIM 43-4099] "/proj/primebuilds/9999.0_PRIME_0428_0031/installs/data/system_verilog/uvm_1.2/xlnx_uvm_package.sv" Line 4356. Module uvm_pkg doesn't have a timescale but at least one module in design has a timescale.
WARNING: [XSIM 43-4468] File : /proj/primebuilds/9999.0_PRIME_0428_0031/installs/data/system_verilog/uvm_1.2/xlnx_uvm_package.sv, Line : 25994, RANDC variable size more than 8 bits. This will be treated as a RAND variable instead.
Completed simulation data flow analysis
Time Resolution for simulation is 1ps
Compiling package xil_defaultlib.$unit_sv_module_top_sv
Compiling package uvm.uvm_pkg
Compiling package std.std
Compiling package xil_defaultlib.axi_pkg
Compiling package xil_defaultlib.top_kernel_subsystem_pkg
Compiling package xil_defaultlib.file_agent_pkg
Compiling package xil_defaultlib.$unit_dataflow_monitor_sv
Compiling module xil_defaultlib.top_kernel_clip_tris_v0_x_RAM_AU...
Compiling module xil_defaultlib.top_kernel_clip_tris_is_active_R...
Compiling module xil_defaultlib.top_kernel_bounds_min_x_RAM_AUTO...
Compiling module xil_defaultlib.top_kernel_bounds_max_x_RAM_AUTO...
Compiling module xil_defaultlib.top_kernel_depth_buffer_RAM_AUTO...
Compiling module xil_defaultlib.top_kernel_mul_32s_32s_64_1_1(NU...
Compiling module xil_defaultlib.top_kernel_k1_vertex_transform
Compiling module xil_defaultlib.top_kernel_sdiv_34ns_32s_34_38_s...
Compiling module xil_defaultlib.top_kernel_sdiv_34ns_32s_34_38_s...
Compiling module xil_defaultlib.top_kernel_k2_perspective_divide
Compiling module xil_defaultlib.top_kernel_k3_bounding_box
Compiling module xil_defaultlib.top_kernel_mul_32ns_32s_63_1_1(N...
Compiling module xil_defaultlib.top_kernel_k4_rasterize
Compiling module xil_defaultlib.top_kernel_mul_32s_17s_49_1_1(NU...
Compiling module xil_defaultlib.top_kernel_k5_deferred_lighting
Compiling module xil_defaultlib.top_kernel_control_s_axi
Compiling module xil_defaultlib.top_kernel_gmem0_m_axi_srl(DATA_...
Compiling module xil_defaultlib.top_kernel_gmem0_m_axi_fifo(DATA...
Compiling module xil_defaultlib.top_kernel_gmem0_m_axi_mem(MEM_S...
Compiling module xil_defaultlib.top_kernel_gmem0_m_axi_fifo(MEM_...
Compiling module xil_defaultlib.top_kernel_gmem0_m_axi_load(NUM_...
Compiling module xil_defaultlib.top_kernel_gmem0_m_axi_reg_slice...
Compiling module xil_defaultlib.top_kernel_gmem0_m_axi_burst_seq...
Compiling module xil_defaultlib.top_kernel_gmem0_m_axi_reg_slice...
Compiling module xil_defaultlib.top_kernel_gmem0_m_axi_srl(DATA_...
Compiling module xil_defaultlib.top_kernel_gmem0_m_axi_fifo(DATA...
Compiling module xil_defaultlib.top_kernel_gmem0_m_axi_read(C_US...
Compiling module xil_defaultlib.top_kernel_gmem0_m_axi(C_M_AXI_A...
Compiling module xil_defaultlib.top_kernel_gmem1_m_axi_srl(DATA_...
Compiling module xil_defaultlib.top_kernel_gmem1_m_axi_fifo(DATA...
Compiling module xil_defaultlib.top_kernel_gmem1_m_axi_srl(DATA_...
Compiling module xil_defaultlib.top_kernel_gmem1_m_axi_fifo(DATA...
Compiling module xil_defaultlib.top_kernel_gmem1_m_axi_srl(DATA_...
Compiling module xil_defaultlib.top_kernel_gmem1_m_axi_fifo(DATA...
Compiling module xil_defaultlib.top_kernel_gmem1_m_axi_srl(DATA_...
Compiling module xil_defaultlib.top_kernel_gmem1_m_axi_fifo(DATA...
Compiling module xil_defaultlib.top_kernel_gmem1_m_axi_srl(DATA_...
Compiling module xil_defaultlib.top_kernel_gmem1_m_axi_fifo(DATA...
Compiling module xil_defaultlib.top_kernel_gmem1_m_axi_store(CON...
Compiling module xil_defaultlib.top_kernel_gmem1_m_axi_reg_slice...
Compiling module xil_defaultlib.top_kernel_gmem1_m_axi_burst_seq...
Compiling module xil_defaultlib.top_kernel_gmem1_m_axi_reg_slice...
Compiling module xil_defaultlib.top_kernel_gmem1_m_axi_srl(DATA_...
Compiling module xil_defaultlib.top_kernel_gmem1_m_axi_fifo(DATA...
Compiling module xil_defaultlib.top_kernel_gmem1_m_axi_reg_slice...
Compiling module xil_defaultlib.top_kernel_gmem1_m_axi_throttle(...
Compiling module xil_defaultlib.top_kernel_gmem1_m_axi_reg_slice...
Compiling module xil_defaultlib.top_kernel_gmem1_m_axi_write(CON...
Compiling module xil_defaultlib.top_kernel_gmem1_m_axi(C_M_AXI_A...
Compiling module xil_defaultlib.top_kernel
Compiling module xil_defaultlib.misc_interface_default
Compiling module xil_defaultlib.axi_if(ADDR_WIDTH=64,STRB_WIDTH=...
Compiling module xil_defaultlib.axi_if(ADDR_WIDTH=64,STRB_WIDTH=...
Compiling module xil_defaultlib.axi_if(ADDR_WIDTH=6,STRB_WIDTH=4...
Compiling module xil_defaultlib.sv_module_top
Compiling module xil_defaultlib.AESL_automem_mvp_matrix
Compiling module xil_defaultlib.nodf_module_intf_default
Compiling module xil_defaultlib.seq_loop_intf(FSM_WIDTH=52)
Compiling module xil_defaultlib.seq_loop_intf(FSM_WIDTH=120)
Compiling module xil_defaultlib.seq_loop_intf(FSM_WIDTH=5)
Compiling module xil_defaultlib.seq_loop_intf(FSM_WIDTH=53)
Compiling module xil_defaultlib.seq_loop_intf(FSM_WIDTH=13)
Compiling module xil_defaultlib.dataflow_monitor_1
Compiling module xil_defaultlib.apatb_top_kernel_top
Compiling module xil_defaultlib.glbl
Built simulation snapshot top_kernel

****** xsim v2025.1.1 (64-bit)
  **** SW Build 6233196 on Thu Sep 11 21:27:11 MDT 2025
  **** IP Build 6232796 on Fri Sep 12 01:46:16 MDT 2025
  **** SharedData Build 6233195 on Thu Sep 11 17:56:43 MDT 2025
  **** Start of session at: Mon Mar 30 22:22:25 2026
    ** Copyright 1986-2022 Xilinx, Inc. All Rights Reserved.
    ** Copyright 2022-2025 Advanced Micro Devices, Inc. All Rights Reserved.

source xsim.dir/top_kernel/xsim_script.tcl
# xsim {top_kernel} -testplusarg UVM_VERBOSITY=UVM_NONE -testplusarg UVM_TESTNAME=top_kernel_test_lib -testplusarg UVM_TIMEOUT=20000000000000 -autoloadwcfg -tclbatch {top_kernel.tcl}
Time resolution is 1 ps
source top_kernel.tcl
## run all
UVM_INFO /tools/software/xilinx//2025.1.1/Vivado/data/system_verilog/uvm_1.2/xlnx_uvm_package.sv(18601) @ 0: reporter [UVM/RELNOTES] 
----------------------------------------------------------------
UVM-1.2
(C) 2007-2014 Mentor Graphics Corporation
(C) 2007-2014 Cadence Design Systems, Inc.
(C) 2006-2014 Synopsys, Inc.
(C) 2011-2013 Cypress Semiconductor Corp.
(C) 2013-2014 NVIDIA Corporation
----------------------------------------------------------------

  ***********       IMPORTANT RELEASE NOTES         ************

  You are using a version of the UVM library that has been compiled
  with `UVM_NO_DEPRECATED undefined.

  You are using a version of the UVM library that has been compiled
  with `UVM_OBJECT_DO_NOT_NEED_CONSTRUCTOR undefined.

      (Specify +UVM_NO_RELNOTES to turn off this notice)

UVM_INFO /tools/software/xilinx//2025.1.1/Vivado/data/system_verilog/uvm_1.2/xlnx_uvm_package.sv(18648) @ 0: reporter [NO_DPI_TSTNAME] UVM_NO_DPI defined--getting UVM_TESTNAME directly, without DPI
UVM_INFO /tools/software/xilinx//2025.1.1/Vivado/data/system_verilog/uvm_1.2/xlnx_uvm_package.sv(18752) @ 0: reporter [UVMTOP] UVM testbench topology:
--------------------------------------------------------------------------------------
Name                         Type                              Size  Value            
--------------------------------------------------------------------------------------
uvm_test_top                 top_kernel_test_lib               -     @372             
  top_env                    top_kernel_env                    -     @383             
    axi_lite_control         uvm_env                           -     @468             
      item_rtr_port          uvm_analysis_port                 -     @487             
      item_wtr_port          uvm_analysis_port                 -     @477             
      master                 uvm_agent                         -     @900             
        ardrv                uvm_driver #(REQ,RSP)             -     @1575            
          item_read_imp      uvm_analysis_port                 -     @1604            
          rsp_port           uvm_analysis_port                 -     @1594            
          seq_item_port      uvm_seq_item_pull_port            -     @1584            
          m_num_sent         integral                          32    'h0              
        arsqr                axi_sequencer                     -     @1614            
          rsp_export         uvm_analysis_export               -     @1623            
          seq_item_export    uvm_seq_item_pull_imp             -     @1741            
          arbitration_queue  array                             0     -                
          lock_queue         array                             0     -                
          num_last_reqs      integral                          32    'd1              
          num_last_rsps      integral                          32    'd1              
        awdrv                uvm_driver #(REQ,RSP)             -     @1047            
          item_read_imp      uvm_analysis_port                 -     @1076            
          rsp_port           uvm_analysis_port                 -     @1066            
          seq_item_port      uvm_seq_item_pull_port            -     @1056            
          m_num_sent         integral                          32    'h0              
        awsqr                axi_sequencer                     -     @1086            
          rsp_export         uvm_analysis_export               -     @1095            
          seq_item_export    uvm_seq_item_pull_imp             -     @1213            
          arbitration_queue  array                             0     -                
          lock_queue         array                             0     -                
          num_last_reqs      integral                          32    'd1              
          num_last_rsps      integral                          32    'd1              
        bdrv                 uvm_driver #(REQ,RSP)             -     @1399            
          item_read_imp      uvm_analysis_port                 -     @1428            
          rsp_port           uvm_analysis_port                 -     @1418            
          seq_item_port      uvm_seq_item_pull_port            -     @1408            
          m_num_sent         integral                          32    'h0              
        bsqr                 axi_sequencer                     -     @1438            
          rsp_export         uvm_analysis_export               -     @1447            
          seq_item_export    uvm_seq_item_pull_imp             -     @1565            
          arbitration_queue  array                             0     -                
          lock_queue         array                             0     -                
          num_last_reqs      integral                          32    'd1              
          num_last_rsps      integral                          32    'd1              
        rdrv                 uvm_driver #(REQ,RSP)             -     @1751            
          item_read_imp      uvm_analysis_port                 -     @1780            
          rsp_port           uvm_analysis_port                 -     @1770            
          seq_item_port      uvm_seq_item_pull_port            -     @1760            
          m_num_sent         integral                          32    'h0              
        rsqr                 axi_sequencer                     -     @1790            
          rsp_export         uvm_analysis_export               -     @1799            
          seq_item_export    uvm_seq_item_pull_imp             -     @1917            
          arbitration_queue  array                             0     -                
          lock_queue         array                             0     -                
          num_last_reqs      integral                          32    'd1              
          num_last_rsps      integral                          32    'd1              
        wdrv                 uvm_driver #(REQ,RSP)             -     @1223            
          item_read_imp      uvm_analysis_port                 -     @1252            
          rsp_port           uvm_analysis_port                 -     @1242            
          seq_item_port      uvm_seq_item_pull_port            -     @1232            
          m_num_sent         integral                          32    'h0              
        wsqr                 axi_sequencer                     -     @1262            
          rsp_export         uvm_analysis_export               -     @1271            
          seq_item_export    uvm_seq_item_pull_imp             -     @1389            
          arbitration_queue  array                             0     -                
          lock_queue         array                             0     -                
          num_last_reqs      integral                          32    'd1              
          num_last_rsps      integral                          32    'd1              
      monitor                uvm_monitor                       -     @722             
        item_ar2r_port       uvm_analysis_port                 -     @791             
        item_ar_port         uvm_analysis_port                 -     @761             
        item_aw2b_port       uvm_analysis_port                 -     @781             
        item_aw_port         uvm_analysis_port                 -     @731             
        item_b_port          uvm_analysis_port                 -     @751             
        item_r_port          uvm_analysis_port                 -     @771             
        item_w_port          uvm_analysis_port                 -     @741             
        checks_enable        integral                          1     'h1              
        coverage_enable      integral                          1     'h1              
      state                  axi_state                         -     @801             
        ar2r_imp             uvm_analysis_imp_ar2r             -     @870             
        ar_imp               uvm_analysis_imp_ar               -     @840             
        aw2b_imp             uvm_analysis_imp_aw2b             -     @860             
        aw_imp               uvm_analysis_imp_aw               -     @810             
        b_imp                uvm_analysis_imp_b                -     @830             
        item_rtr_port        uvm_analysis_port                 -     @890             
        item_wtr_port        uvm_analysis_port                 -     @880             
        r_imp                uvm_analysis_imp_r                -     @850             
        w_imp                uvm_analysis_imp_w                -     @820             
        avg_rate             integral                          32    'h0              
        exp_rate             integral                          32    'h0              
        win_size             integral                          32    'h0              
        bqnum_for_slaseq     integral                          32    'h0              
        rq_from_model_num    integral                          32    'h0              
      vsqr                   axi_virtual_sequencer             -     @909             
        rsp_export           uvm_analysis_export               -     @918             
        seq_item_export      uvm_seq_item_pull_imp             -     @1036            
        arbitration_queue    array                             0     -                
        lock_queue           array                             0     -                
        num_last_reqs        integral                          32    'd1              
        num_last_rsps        integral                          32    'd1              
      cfg                    axi_cfg                           -     @400             
        has_checker          integral                          1     'h1              
        has_coverage         integral                          1     'h1              
        id_num               integral                          32    'h1              
        reset_level          reset_level_enum                  32    RESET_LEVEL_LOW  
        drv_type             drv_type_enum                     32    MASTER           
        write_latency_mode   latency_mode_enum                 32    CHANNEL_FIRST    
        read_latency_mode    latency_mode_enum                 32    CHANNEL_FIRST    
        clatency             axi_latency                       -     @466             
          wr_latency         integral                          32    'h0              
          rd_latency         integral                          32    'h0              
    axi_master_gmem0         uvm_env                           -     @406             
      item_rtr_port          uvm_analysis_port                 -     @425             
      item_wtr_port          uvm_analysis_port                 -     @415             
      monitor                uvm_monitor                       -     @2000            
        item_ar2r_port       uvm_analysis_port                 -     @2069            
        item_ar_port         uvm_analysis_port                 -     @2039            
        item_aw2b_port       uvm_analysis_port                 -     @2059            
        item_aw_port         uvm_analysis_port                 -     @2009            
        item_b_port          uvm_analysis_port                 -     @2029            
        item_r_port          uvm_analysis_port                 -     @2049            
        item_w_port          uvm_analysis_port                 -     @2019            
        checks_enable        integral                          1     'h1              
        coverage_enable      integral                          1     'h1              
      slave                  uvm_agent                         -     @2178            
        ardrv                uvm_driver #(REQ,RSP)             -     @2855            
          item_read_imp      uvm_analysis_port                 -     @2884            
          rsp_port           uvm_analysis_port                 -     @2874            
          seq_item_port      uvm_seq_item_pull_port            -     @2864            
          m_num_sent         integral                          32    'h0              
        arsqr                axi_sequencer                     -     @2894            
          rsp_export         uvm_analysis_export               -     @2903            
          seq_item_export    uvm_seq_item_pull_imp             -     @3021            
          arbitration_queue  array                             0     -                
          lock_queue         array                             0     -                
          num_last_reqs      integral                          32    'd1              
          num_last_rsps      integral                          32    'd1              
        awdrv                uvm_driver #(REQ,RSP)             -     @2327            
          item_read_imp      uvm_analysis_port                 -     @2356            
          rsp_port           uvm_analysis_port                 -     @2346            
          seq_item_port      uvm_seq_item_pull_port            -     @2336            
          m_num_sent         integral                          32    'h0              
        awsqr                axi_sequencer                     -     @2366            
          rsp_export         uvm_analysis_export               -     @2375            
          seq_item_export    uvm_seq_item_pull_imp             -     @2493            
          arbitration_queue  array                             0     -                
          lock_queue         array                             0     -                
          num_last_reqs      integral                          32    'd1              
          num_last_rsps      integral                          32    'd1              
        bdrv                 uvm_driver #(REQ,RSP)             -     @2679            
          item_read_imp      uvm_analysis_port                 -     @2708            
          rsp_port           uvm_analysis_port                 -     @2698            
          seq_item_port      uvm_seq_item_pull_port            -     @2688            
          m_num_sent         integral                          32    'h0              
        bsqr                 axi_sequencer                     -     @2718            
          rsp_export         uvm_analysis_export               -     @2727            
          seq_item_export    uvm_seq_item_pull_imp             -     @2845            
          arbitration_queue  array                             0     -                
          lock_queue         array                             0     -                
          num_last_reqs      integral                          32    'd1              
          num_last_rsps      integral                          32    'd1              
        rdrv                 uvm_driver #(REQ,RSP)             -     @3031            
          item_read_imp      uvm_analysis_port                 -     @3060            
          rsp_port           uvm_analysis_port                 -     @3050            
          seq_item_port      uvm_seq_item_pull_port            -     @3040            
          m_num_sent         integral                          32    'h0              
        rsqr                 axi_sequencer                     -     @3070            
          rsp_export         uvm_analysis_export               -     @3079            
          seq_item_export    uvm_seq_item_pull_imp             -     @3197            
          arbitration_queue  array                             0     -                
          lock_queue         array                             0     -                
          num_last_reqs      integral                          32    'd1              
          num_last_rsps      integral                          32    'd1              
        wdrv                 uvm_driver #(REQ,RSP)             -     @2503            
          item_read_imp      uvm_analysis_port                 -     @2532            
          rsp_port           uvm_analysis_port                 -     @2522            
          seq_item_port      uvm_seq_item_pull_port            -     @2512            
          m_num_sent         integral                          32    'h0              
        wsqr                 axi_sequencer                     -     @2542            
          rsp_export         uvm_analysis_export               -     @2551            
          seq_item_export    uvm_seq_item_pull_imp             -     @2669            
          arbitration_queue  array                             0     -                
          lock_queue         array                             0     -                
          num_last_reqs      integral                          32    'd1              
          num_last_rsps      integral                          32    'd1              
      state                  axi_state                         -     @2079            
        ar2r_imp             uvm_analysis_imp_ar2r             -     @2148            
        ar_imp               uvm_analysis_imp_ar               -     @2118            
        aw2b_imp             uvm_analysis_imp_aw2b             -     @2138            
        aw_imp               uvm_analysis_imp_aw               -     @2088            
        b_imp                uvm_analysis_imp_b                -     @2108            
        item_rtr_port        uvm_analysis_port                 -     @2168            
        item_wtr_port        uvm_analysis_port                 -     @2158            
        r_imp                uvm_analysis_imp_r                -     @2128            
        w_imp                uvm_analysis_imp_w                -     @2098            
        avg_rate             integral                          32    'h0              
        exp_rate             integral                          32    'h0              
        win_size             integral                          32    'h0              
        bqnum_for_slaseq     integral                          32    'h0              
        rq_from_model_num    integral                          32    'h0              
      vsqr                   axi_virtual_sequencer             -     @2187            
        rsp_export           uvm_analysis_export               -     @2196            
        seq_item_export      uvm_seq_item_pull_imp             -     @2314            
        arbitration_queue    array                             0     -                
        lock_queue           array                             0     -                
        num_last_reqs        integral                          32    'd1              
        num_last_rsps        integral                          32    'd1              
      cfg                    axi_cfg                           -     @398             
        has_checker          integral                          1     'h1              
        has_coverage         integral                          1     'h1              
        id_num               integral                          32    'h1              
        reset_level          reset_level_enum                  32    RESET_LEVEL_LOW  
        drv_type             drv_type_enum                     32    SLAVE            
        write_latency_mode   latency_mode_enum                 32    TRANSACTION_FIRST
        read_latency_mode    latency_mode_enum                 32    TRANSACTION_FIRST
        clatency             axi_latency                       -     @401             
          wr_latency         integral                          32    'h0              
          rd_latency         integral                          32    'h0              
    axi_master_gmem1         uvm_env                           -     @437             
      item_rtr_port          uvm_analysis_port                 -     @456             
      item_wtr_port          uvm_analysis_port                 -     @446             
      monitor                uvm_monitor                       -     @3278            
        item_ar2r_port       uvm_analysis_port                 -     @3347            
        item_ar_port         uvm_analysis_port                 -     @3317            
        item_aw2b_port       uvm_analysis_port                 -     @3337            
        item_aw_port         uvm_analysis_port                 -     @3287            
        item_b_port          uvm_analysis_port                 -     @3307            
        item_r_port          uvm_analysis_port                 -     @3327            
        item_w_port          uvm_analysis_port                 -     @3297            
        checks_enable        integral                          1     'h1              
        coverage_enable      integral                          1     'h1              
      slave                  uvm_agent                         -     @3456            
        ardrv                uvm_driver #(REQ,RSP)             -     @4133            
          item_read_imp      uvm_analysis_port                 -     @4162            
          rsp_port           uvm_analysis_port                 -     @4152            
          seq_item_port      uvm_seq_item_pull_port            -     @4142            
          m_num_sent         integral                          32    'h0              
        arsqr                axi_sequencer                     -     @4172            
          rsp_export         uvm_analysis_export               -     @4181            
          seq_item_export    uvm_seq_item_pull_imp             -     @4299            
          arbitration_queue  array                             0     -                
          lock_queue         array                             0     -                
          num_last_reqs      integral                          32    'd1              
          num_last_rsps      integral                          32    'd1              
        awdrv                uvm_driver #(REQ,RSP)             -     @3605            
          item_read_imp      uvm_analysis_port                 -     @3634            
          rsp_port           uvm_analysis_port                 -     @3624            
          seq_item_port      uvm_seq_item_pull_port            -     @3614            
          m_num_sent         integral                          32    'h0              
        awsqr                axi_sequencer                     -     @3644            
          rsp_export         uvm_analysis_export               -     @3653            
          seq_item_export    uvm_seq_item_pull_imp             -     @3771            
          arbitration_queue  array                             0     -                
          lock_queue         array                             0     -                
          num_last_reqs      integral                          32    'd1              
          num_last_rsps      integral                          32    'd1              
        bdrv                 uvm_driver #(REQ,RSP)             -     @3957            
          item_read_imp      uvm_analysis_port                 -     @3986            
          rsp_port           uvm_analysis_port                 -     @3976            
          seq_item_port      uvm_seq_item_pull_port            -     @3966            
          m_num_sent         integral                          32    'h0              
        bsqr                 axi_sequencer                     -     @3996            
          rsp_export         uvm_analysis_export               -     @4005            
          seq_item_export    uvm_seq_item_pull_imp             -     @4123            
          arbitration_queue  array                             0     -                
          lock_queue         array                             0     -                
          num_last_reqs      integral                          32    'd1              
          num_last_rsps      integral                          32    'd1              
        rdrv                 uvm_driver #(REQ,RSP)             -     @4309            
          item_read_imp      uvm_analysis_port                 -     @4338            
          rsp_port           uvm_analysis_port                 -     @4328            
          seq_item_port      uvm_seq_item_pull_port            -     @4318            
          m_num_sent         integral                          32    'h0              
        rsqr                 axi_sequencer                     -     @4348            
          rsp_export         uvm_analysis_export               -     @4357            
          seq_item_export    uvm_seq_item_pull_imp             -     @4475            
          arbitration_queue  array                             0     -                
          lock_queue         array                             0     -                
          num_last_reqs      integral                          32    'd1              
          num_last_rsps      integral                          32    'd1              
        wdrv                 uvm_driver #(REQ,RSP)             -     @3781            
          item_read_imp      uvm_analysis_port                 -     @3810            
          rsp_port           uvm_analysis_port                 -     @3800            
          seq_item_port      uvm_seq_item_pull_port            -     @3790            
          m_num_sent         integral                          32    'h0              
        wsqr                 axi_sequencer                     -     @3820            
          rsp_export         uvm_analysis_export               -     @3829            
          seq_item_export    uvm_seq_item_pull_imp             -     @3947            
          arbitration_queue  array                             0     -                
          lock_queue         array                             0     -                
          num_last_reqs      integral                          32    'd1              
          num_last_rsps      integral                          32    'd1              
      state                  axi_state                         -     @3357            
        ar2r_imp             uvm_analysis_imp_ar2r             -     @3426            
        ar_imp               uvm_analysis_imp_ar               -     @3396            
        aw2b_imp             uvm_analysis_imp_aw2b             -     @3416            
        aw_imp               uvm_analysis_imp_aw               -     @3366            
        b_imp                uvm_analysis_imp_b                -     @3386            
        item_rtr_port        uvm_analysis_port                 -     @3446            
        item_wtr_port        uvm_analysis_port                 -     @3436            
        r_imp                uvm_analysis_imp_r                -     @3406            
        w_imp                uvm_analysis_imp_w                -     @3376            
        avg_rate             integral                          32    'h0              
        exp_rate             integral                          32    'h0              
        win_size             integral                          32    'h0              
        bqnum_for_slaseq     integral                          32    'h0              
        rq_from_model_num    integral                          32    'h0              
      vsqr                   axi_virtual_sequencer             -     @3465            
        rsp_export           uvm_analysis_export               -     @3474            
        seq_item_export      uvm_seq_item_pull_imp             -     @3592            
        arbitration_queue    array                             0     -                
        lock_queue           array                             0     -                
        num_last_reqs        integral                          32    'd1              
        num_last_rsps        integral                          32    'd1              
      cfg                    axi_cfg                           -     @399             
        has_checker          integral                          1     'h1              
        has_coverage         integral                          1     'h1              
        id_num               integral                          32    'h1              
        reset_level          reset_level_enum                  32    RESET_LEVEL_LOW  
        drv_type             drv_type_enum                     32    SLAVE            
        write_latency_mode   latency_mode_enum                 32    TRANSACTION_FIRST
        read_latency_mode    latency_mode_enum                 32    TRANSACTION_FIRST
        clatency             axi_latency                       -     @435             
          wr_latency         integral                          32    'h0              
          rd_latency         integral                          32    'h0              
    refm                     top_kernel_reference_model        -     @497             
      trans_num_idx          integral                          32    'h0              
    subsys_mon               top_kernel_subsystem_monitor      -     @510             
      control_rtr_imp        uvm_analysis_imp_axi_rtr_control  -     @569             
      control_wtr_imp        uvm_analysis_imp_axi_wtr_control  -     @559             
      gmem0_rtr_imp          uvm_analysis_imp_axi_rtr_gmem0    -     @529             
      gmem0_wtr_imp          uvm_analysis_imp_axi_wtr_gmem0    -     @519             
      gmem1_rtr_imp          uvm_analysis_imp_axi_rtr_gmem1    -     @549             
      gmem1_wtr_imp          uvm_analysis_imp_axi_wtr_gmem1    -     @539             
      scbd                   top_kernel_scoreboard             -     @4557            
        refm                 top_kernel_reference_model        -     @497             
          trans_num_idx      integral                          32    'h0              
    top_kernel_virtual_sqr   top_kernel_virtual_sequencer      -     @579             
      rsp_export             uvm_analysis_export               -     @588             
      seq_item_export        uvm_seq_item_pull_imp             -     @706             
      arbitration_queue      array                             0     -                
      lock_queue             array                             0     -                
      num_last_reqs          integral                          32    'd1              
      num_last_rsps          integral                          32    'd1              
    refm                     top_kernel_reference_model        -     @497             
    top_kernel_virtual_sqr   top_kernel_virtual_sequencer      -     @579             
    top_kernel_cfg           top_kernel_config                 -     @397             
      gmem0_cfg              axi_cfg                           -     @398             
        has_checker          integral                          1     'h1              
        has_coverage         integral                          1     'h1              
        id_num               integral                          32    'h1              
        reset_level          reset_level_enum                  32    RESET_LEVEL_LOW  
        drv_type             drv_type_enum                     32    SLAVE            
        write_latency_mode   latency_mode_enum                 32    TRANSACTION_FIRST
        read_latency_mode    latency_mode_enum                 32    TRANSACTION_FIRST
        clatency             axi_latency                       -     @401             
          wr_latency         integral                          32    'h0              
          rd_latency         integral                          32    'h0              
      gmem1_cfg              axi_cfg                           -     @399             
        has_checker          integral                          1     'h1              
        has_coverage         integral                          1     'h1              
        id_num               integral                          32    'h1              
        reset_level          reset_level_enum                  32    RESET_LEVEL_LOW  
        drv_type             drv_type_enum                     32    SLAVE            
        write_latency_mode   latency_mode_enum                 32    TRANSACTION_FIRST
        read_latency_mode    latency_mode_enum                 32    TRANSACTION_FIRST
        clatency             axi_latency                       -     @435             
          wr_latency         integral                          32    'h0              
          rd_latency         integral                          32    'h0              
      control_cfg            axi_cfg                           -     @400             
        has_checker          integral                          1     'h1              
        has_coverage         integral                          1     'h1              
        id_num               integral                          32    'h1              
        reset_level          reset_level_enum                  32    RESET_LEVEL_LOW  
        drv_type             drv_type_enum                     32    MASTER           
        write_latency_mode   latency_mode_enum                 32    CHANNEL_FIRST    
        read_latency_mode    latency_mode_enum                 32    CHANNEL_FIRST    
        clatency             axi_latency                       -     @466             
          wr_latency         integral                          32    'h0              
          rd_latency         integral                          32    'h0              
      check_ena              integral                          32    'h0              
      cover_ena              integral                          32    'h0              
--------------------------------------------------------------------------------------

UVM_INFO /tools/software/xilinx//2025.1.1/Vivado/data/system_verilog/uvm_1.2/xlnx_uvm_package.sv(20867) @ 0: reporter [UVM/COMP/NAMECHECK] This implementation of the component name checks requires DPI to be enabled
////////////////////////////////////////////////////////////////////////////////////
// Inter-Transaction Progress: Completed Transaction / Total Transaction
// Intra-Transaction Progress: Measured Latency / Latency Estimation * 100%
//
// RTL Simulation : "Inter-Transaction Progress" ["Intra-Transaction Progress"] @ "Simulation Time"
////////////////////////////////////////////////////////////////////////////////////
// RTL Simulation : 0 / 1 [n/a] @ "125000"
// RTL Simulation : 1 / 1 [n/a] @ "1692105000"
////////////////////////////////////////////////////////////////////////////////////
$finish called at time : 1692175 ns : File "/tools/software/xilinx//2025.1.1/Vivado/data/system_verilog/uvm_1.2/xlnx_uvm_package.sv" Line 18699
run: Time (s): cpu = 00:00:00.01 ; elapsed = 00:00:22 . Memory (MB): peak = 0.000 ; gain = 0.000 ; free physical = 78391 ; free virtual = 92301
## quit
INFO: xsimkernel Simulation Memory Usage: 1639076 KB (Peak: 1696416 KB), Simulation CPU Usage: 23790 ms
INFO: [Common 17-206] Exiting xsim at Mon Mar 30 22:22:53 2026...
INFO: [COSIM 212-316] Starting C post checking ...
Checking error count
TEST PASSED
INFO: [COSIM 212-1000] *** C/RTL co-simulation finished: PASS ***
INFO: [COSIM 212-211] II is measurable only when transaction number is greater than 1 in RTL simulation. Otherwise, they will be marked as all NA. If user wants to calculate them, please make sure there are at least 2 transactions in RTL simulation.
INFO: [HLS 200-2161] Finished Command cosim_design Elapsed time: 00:01:56; Allocated memory: 0.000 MB.
INFO: [HLS 200-1510] Running: export_design -format ip_catalog -flow impl 
INFO: [HLS 200-1915] Writing HLS config ini file /nethome/shanda34/FPGA_ECE8893_SJH/2026_Spring/lab4/project_1/hls_config.cfg
INFO: [IMPL 213-8] Exporting RTL as a Vivado IP.

****** Vivado v2025.1.1 (64-bit)
  **** SW Build 6233196 on Thu Sep 11 21:27:11 MDT 2025
  **** IP Build 6232796 on Fri Sep 12 01:46:16 MDT 2025
  **** SharedData Build 6233195 on Thu Sep 11 17:56:43 MDT 2025
  **** Start of session at: Mon Mar 30 22:23:07 2026
    ** Copyright 1986-2022 Xilinx, Inc. All Rights Reserved.
    ** Copyright 2022-2025 Advanced Micro Devices, Inc. All Rights Reserved.

source run_ippack.tcl -notrace
INFO: calling package_hls_ip ip_types=vitis sysgen json_file=/nethome/shanda34/FPGA_ECE8893_SJH/2026_Spring/lab4/project_1/hls/hls_data.json outdir=/nethome/shanda34/FPGA_ECE8893_SJH/2026_Spring/lab4/project_1/hls/impl/ip srcdir=/nethome/shanda34/FPGA_ECE8893_SJH/2026_Spring/lab4/project_1/hls ippack_options_dict= ippack_options_dict=
INFO: Copied 1 ipmisc file(s) to /nethome/shanda34/FPGA_ECE8893_SJH/2026_Spring/lab4/project_1/hls/impl/ip/misc
INFO: Copied 23 verilog file(s) to /nethome/shanda34/FPGA_ECE8893_SJH/2026_Spring/lab4/project_1/hls/impl/ip/hdl/verilog
INFO: Copied 18 vhdl file(s) to /nethome/shanda34/FPGA_ECE8893_SJH/2026_Spring/lab4/project_1/hls/impl/ip/hdl/vhdl
INFO: Copied 10 swdriver file(s) to /nethome/shanda34/FPGA_ECE8893_SJH/2026_Spring/lab4/project_1/hls/impl/ip/drivers
INFO: Import ports from HDL: /nethome/shanda34/FPGA_ECE8893_SJH/2026_Spring/lab4/project_1/hls/impl/ip/hdl/vhdl/top_kernel.vhd (top_kernel)
INFO: Add axi4lite interface s_axi_control
INFO: Add clock interface ap_clk
INFO: Add reset interface ap_rst_n
INFO: Add interrupt interface interrupt
INFO: [IP_Flow 19-234] Refreshing IP repositories
INFO: [IP_Flow 19-1704] No user IP repositories specified
INFO: [IP_Flow 19-2313] Loaded Vivado IP repository '/tools/software/xilinx/2025.1.1/data/ip'.
INFO: Add axi4full interface m_axi_gmem0
INFO: Add axi4full interface m_axi_gmem1
INFO: Add data interface mvp_matrix_address0
INFO: Add data interface mvp_matrix_q0
INFO: Add data interface mvp_matrix_address1
INFO: Add data interface mvp_matrix_q1
INFO: Calling post_process_vitis to specialize IP
INFO: Calling post_process_sysgen to specialize IP
Generating sysgen info xml from json file
INFO: Created IP /nethome/shanda34/FPGA_ECE8893_SJH/2026_Spring/lab4/project_1/hls/impl/ip/component.xml
INFO: Created IP archive /nethome/shanda34/FPGA_ECE8893_SJH/2026_Spring/lab4/project_1/hls/impl/ip/xilinx_com_hls_top_kernel_1_0.zip
INFO: [Common 17-206] Exiting Vivado at Mon Mar 30 22:23:22 2026...
INFO: [IMPL 213-8] Starting RTL evaluation using Vivado ...

****** Vivado v2025.1.1 (64-bit)
  **** SW Build 6233196 on Thu Sep 11 21:27:11 MDT 2025
  **** IP Build 6232796 on Fri Sep 12 01:46:16 MDT 2025
  **** SharedData Build 6233195 on Thu Sep 11 17:56:43 MDT 2025
  **** Start of session at: Mon Mar 30 22:23:46 2026
    ** Copyright 1986-2022 Xilinx, Inc. All Rights Reserved.
    ** Copyright 2022-2025 Advanced Micro Devices, Inc. All Rights Reserved.

source run_vivado.tcl
# source ./settings.tcl
## set top_module top_kernel
## set language verilog
## set family zynquplus
## set device xczu3eg
## set package -sbva484
## set speed -1-e
## set clock ap_clk
## set fsm_ext "off"
## set add_io_buffers false 
# source -notrace ./extraction.tcl
# set vivado_proj_name project
# set vivado_proj_dir .
# set target_device "${device}${package}${speed}"
# set target_clk_period_ns "10.000"
# set target_clk_freq_hz [expr {floor(1000 / $target_clk_period_ns) * 1000000}]
# set other_clks_freq_hz {}
# set ip_vlnv xilinx.com:hls:top_kernel:1.0
# set ip_repo_path ../ip
# set bd_design_name bd_0
# set bd_inst_name hls_inst
# set bd_props {}
# set has_synth true
# set synth_design_args {-directive sdx_optimization_effort_high}
# set synth_dcp ""
# set synth_props {}
# set has_impl 1
# set impl_props {}
# set has_subcore 0
# set report_options [dict create]
# dict set report_options report_level 2
# dict set report_options report_max_paths 10
# dict set report_options stdout_hls_reports 1
# dict set report_options stdout_vivado_reports 0
# dict set report_options hls_project project_1
# dict set report_options hls_solution hls
# dict set report_options has_synth $has_synth
# dict set report_options has_impl $has_impl
# dict set report_options vivado_reportbasename $top_module
# dict set report_options vivado_reportdir ./report
# dict set report_options hls_impl_dir ..
# dict set report_options hls_reportdir ../report/$language
# dict set report_options target_clk_period $target_clk_period_ns
# dict set report_options target_device $target_device
# dict set report_options language $language
# dict set report_options clock_name $clock
# dict set report_options error_if_impl_timing_fails false
# dict set report_options topmodule "top_kernel"
# dict set report_options funcmodules {top_kernel_k1_vertex_transform top_kernel_k2_perspective_divide top_kernel_k3_bounding_box top_kernel_k4_rasterize top_kernel_k5_deferred_lighting}
# dict set report_options bindmodules {top_kernel_mul_32s_32s_64_1_1 top_kernel_sdiv_34ns_32s_34_38_seq_1 top_kernel_mul_32ns_32s_63_1_1 top_kernel_mul_32s_17s_49_1_1 top_kernel_clip_tris_v0_x_RAM_AUTO_1R1W top_kernel_clip_tris_is_active_RAM_AUTO_1R1W top_kernel_bounds_min_x_RAM_AUTO_1R1W top_kernel_bounds_max_x_RAM_AUTO_1R1W top_kernel_depth_buffer_RAM_AUTO_1R1W top_kernel_gmem0_m_axi top_kernel_gmem1_m_axi top_kernel_control_s_axi}
# dict set report_options max_module_depth 6
# create_project $vivado_proj_name $vivado_proj_dir -part $target_device -force
# set_property target_language $language [current_project]
# if { ![file exists $ip_repo_path] } {
#   error "Cannot find packaged HLS IP"
# }
# set_property ip_repo_paths [file normalize $ip_repo_path] [current_project]
# update_ip_catalog
INFO: [IP_Flow 19-234] Refreshing IP repositories
INFO: [IP_Flow 19-1700] Loaded user IP repository '/nethome/shanda34/FPGA_ECE8893_SJH/2026_Spring/lab4/project_1/hls/impl/ip'.
INFO: [IP_Flow 19-2313] Loaded Vivado IP repository '/tools/software/xilinx/2025.1.1/data/ip'.
# create_bd_design bd_0
Wrote  : </nethome/shanda34/FPGA_ECE8893_SJH/2026_Spring/lab4/project_1/hls/impl/verilog/project.srcs/sources_1/bd/bd_0/bd_0.bd> 
# set cell_inst [create_bd_cell -type ip -vlnv $ip_vlnv $bd_inst_name]
# if { [llength $bd_props] } { 
#   set_property -dict $bd_props $cell_inst 
# }
# make_bd_pins_external $cell_inst
# make_bd_intf_pins_external $cell_inst
# set bd_clk_ports [get_bd_ports -filter {TYPE==clk}]
# if { $target_clk_freq_hz ne "" } { 
#   foreach bd_clk_port $bd_clk_ports {
#     # Remove "_0" suffix from BD ports & interfaces so they match IP ports 
#     set clk_name [regsub {_0$} [get_property name $bd_clk_port] {}]
#     set port_freq_hz $target_clk_freq_hz
#     if { [dict exists $other_clks_freq_hz $clk_name] } {
#         set port_freq_hz [dict get $other_clks_freq_hz $clk_name]
#     }
#     set_property CONFIG.FREQ_HZ $port_freq_hz $bd_clk_port
#   }
# }
# foreach bd_port [get_bd_intf_ports] {
#   set_property name [regsub {_0$} [get_property name $bd_port] {}] $bd_port
# }
# foreach bd_port [get_bd_ports -filter {INTF!=TRUE}] {
#   set_property name [regsub {_0$} [get_property name $bd_port] {}] $bd_port
# }
# set s_axi_addr_width_min 32
# foreach bd_port [get_bd_intf_ports -filter {MODE == "Slave" && VLNV =~ "xilinx.com:interface:aximm_rtl:*"}] {
#   set bd_port_addr_width [get_property CONFIG.ADDR_WIDTH $bd_port]
#   if { $bd_port_addr_width < $s_axi_addr_width_min } {
#     puts "INFO: Updating $bd_port CONFIG.ADDR_WIDTH to $s_axi_addr_width_min"
#     set_property CONFIG.ADDR_WIDTH $s_axi_addr_width_min $bd_port
#   }
# }
INFO: Updating /s_axi_control CONFIG.ADDR_WIDTH to 32
# set_msg_config -id {[BD 41-1265]} -severity {CRITICAL WARNING} -new_severity {INFO}
# assign_bd_address
INFO: [BD 41-3093] Triggering Legacy Auto Assign Algorithm
Slave segment '/hls_inst/s_axi_control/Reg' is being assigned into address space '/s_axi_control' at <0x0000_0000 [ 64K ]>.
Slave segment '/m_axi_gmem0/Reg' is being assigned into address space '/hls_inst/Data_m_axi_gmem0' at <0x44A0_0000 [ 64K ]>.
Slave segment '/m_axi_gmem1/Reg' is being assigned into address space '/hls_inst/Data_m_axi_gmem1' at <0x44A0_0000 [ 64K ]>.
Wrote  : </nethome/shanda34/FPGA_ECE8893_SJH/2026_Spring/lab4/project_1/hls/impl/verilog/project.srcs/sources_1/bd/bd_0/bd_0.bd> 
Verilog Output written to : /nethome/shanda34/FPGA_ECE8893_SJH/2026_Spring/lab4/project_1/hls/impl/verilog/project.gen/sources_1/bd/bd_0/synth/bd_0.v
Verilog Output written to : /nethome/shanda34/FPGA_ECE8893_SJH/2026_Spring/lab4/project_1/hls/impl/verilog/project.gen/sources_1/bd/bd_0/sim/bd_0.v
Verilog Output written to : /nethome/shanda34/FPGA_ECE8893_SJH/2026_Spring/lab4/project_1/hls/impl/verilog/project.gen/sources_1/bd/bd_0/hdl/bd_0_wrapper.v
# set toprtl [make_wrapper -files [get_files ${bd_design_name}.bd] -top]
# add_files -norecurse $toprtl
# set top_inst_name [file root [file tail $toprtl]]
# puts "Using BD top: $top_inst_name"
Using BD top: bd_0_wrapper
# set xdc_files [glob -nocomplain ./*.xdc]
# if { [llength $xdc_files] } {
#     add_files -fileset constrs_1 -norecurse $xdc_files
# }
# launch_runs synth_1 -scripts_only
INFO: [BD 41-1662] The design 'bd_0.bd' is already validated. Therefore parameter propagation will not be re-run.
Verilog Output written to : /nethome/shanda34/FPGA_ECE8893_SJH/2026_Spring/lab4/project_1/hls/impl/verilog/project.gen/sources_1/bd/bd_0/synth/bd_0.v
Verilog Output written to : /nethome/shanda34/FPGA_ECE8893_SJH/2026_Spring/lab4/project_1/hls/impl/verilog/project.gen/sources_1/bd/bd_0/sim/bd_0.v
Verilog Output written to : /nethome/shanda34/FPGA_ECE8893_SJH/2026_Spring/lab4/project_1/hls/impl/verilog/project.gen/sources_1/bd/bd_0/hdl/bd_0_wrapper.v
INFO: [BD 41-1029] Generation completed for the IP Integrator block hls_inst .
Exporting to file /nethome/shanda34/FPGA_ECE8893_SJH/2026_Spring/lab4/project_1/hls/impl/verilog/project.gen/sources_1/bd/bd_0/hw_handoff/bd_0.hwh
Generated Hardware Definition File /nethome/shanda34/FPGA_ECE8893_SJH/2026_Spring/lab4/project_1/hls/impl/verilog/project.gen/sources_1/bd/bd_0/synth/bd_0.hwdef
WARNING: [Vivado 12-7122] Auto Incremental Compile:: No reference checkpoint was found in run synth_1. Auto-incremental flow will not be run, the standard flow will be run instead.
launch_runs: Time (s): cpu = 00:00:09 ; elapsed = 00:00:11 . Memory (MB): peak = 0.000 ; gain = 0.000 ; free physical = 87359 ; free virtual = 100138
# foreach run [get_runs -filter {IS_SYNTHESIS == 1}] {
#   reset_run [get_runs $run]
# }
# set_property XPM_LIBRARIES {XPM_MEMORY XPM_FIFO} [current_project]
# hls_vivado_reports_setup $report_options
TIMESTAMP: HLS-REPORT: initialize report directories: 2026-03-30 22:24:16 EDT
# if { $has_subcore } { report_ip_status }
# if { $has_synth || $has_impl } {
#   # synth properties setting
#   set_property -name {STEPS.SYNTH_DESIGN.ARGS.MORE OPTIONS} -value {-mode out_of_context} -objects [get_runs synth_1]
#   set ip_inst [get_ips -quiet ${bd_design_name}*${bd_inst_name}*]
#   if { ![llength $ip_inst] } {
#       error "Cannot find HLS IP instance: ${bd_design_name}*${bd_inst_name}*"
#   }
#   set synth_run [get_runs -filter {IS_SYNTHESIS == 1} ${ip_inst}*]
#   if { ![llength $synth_run] } {
#       error "Cannot find synth run for HLS IP: ${ip_inst}*"
#   }
# 
#   if { [llength $synth_design_args] } {
#       set_property -name {STEPS.SYNTH_DESIGN.ARGS.MORE OPTIONS} -value $synth_design_args -objects $synth_run
#   }
# 
#   if { [llength $synth_props] } {
#     set_property -dict $synth_props $synth_run
#   }
# 
#   # launch run synth
#   launch_runs synth_1
#   wait_on_run synth_1
#   # synth reports
#   hls_vivado_reports_synth synth_1 $report_options
#   if { $synth_dcp ne "" } {
#     file mkdir [file dirname $synth_dcp]
#     set run_dcp [glob -nocomplain [get_property DIRECTORY $synth_run]/*.dcp]
#     if { [llength $run_dcp] != 1 } { error "Cannot find single dcp file for run $synth_run" }
#     file copy -force $run_dcp $synth_dcp
#   }
# }
WARNING: [Vivado 12-7122] Auto Incremental Compile:: No reference checkpoint was found in run synth_1. Auto-incremental flow will not be run, the standard flow will be run instead.
[Mon Mar 30 22:24:16 2026] Launched bd_0_hls_inst_0_synth_1...
Run output will be captured here: /nethome/shanda34/FPGA_ECE8893_SJH/2026_Spring/lab4/project_1/hls/impl/verilog/project.runs/bd_0_hls_inst_0_synth_1/runme.log
[Mon Mar 30 22:24:16 2026] Launched synth_1...
Run output will be captured here: /nethome/shanda34/FPGA_ECE8893_SJH/2026_Spring/lab4/project_1/hls/impl/verilog/project.runs/synth_1/runme.log
[Mon Mar 30 22:24:16 2026] Waiting for synth_1 to finish...
[Mon Mar 30 22:25:16 2026] synth_1 finished
ERROR: [Vivado 12-13638] Failed runs(s) : 'bd_0_hls_inst_0_synth_1'
 'bd_0_hls_inst_0_synth_1' run failed with below errors.
ERROR: [Synth 8-7136] In the module 'top_kernel' declared at '/nethome/shanda34/FPGA_ECE8893_SJH/2026_Spring/lab4/project_1/hls/impl/verilog/project.gen/sources_1/bd/bd_0/ipshared/8506/hdl/verilog/top_kernel.v:9', parameter 'C_S_AXI_CONTROL_ADDR_WIDTH' used as named parameter override, does not exist [/nethome/shanda34/FPGA_ECE8893_SJH/2026_Spring/lab4/project_1/hls/impl/verilog/project.gen/sources_1/bd/bd_0/ip/bd_0_hls_inst_0/synth/bd_0_hls_inst_0.v:430]

ERROR: [Synth 8-6156] failed synthesizing module 'bd_0_hls_inst_0' [/nethome/shanda34/FPGA_ECE8893_SJH/2026_Spring/lab4/project_1/hls/impl/verilog/project.gen/sources_1/bd/bd_0/ip/bd_0_hls_inst_0/synth/bd_0_hls_inst_0.v:53]

ERROR: [Common 17-69] Command failed: Synthesis failed - please see the console or run log file for details

wait_on_runs: Time (s): cpu = 00:00:50 ; elapsed = 00:01:00 . Memory (MB): peak = 0.000 ; gain = 0.000 ; free physical = 82435 ; free virtual = 94575
ERROR: [Common 17-39] 'wait_on_runs' failed due to earlier errors.

    while executing
"wait_on_run synth_1"
    invoked from within
"if { $has_synth || $has_impl } {
  # synth properties setting
  set_property -name {STEPS.SYNTH_DESIGN.ARGS.MORE OPTIONS} -value {-mode out_of_context..."
    (file "run_vivado.tcl" line 143)
INFO: [Common 17-206] Exiting Vivado at Mon Mar 30 22:25:16 2026...
ERROR: [HLS 200-478] vivado returned an error 
INFO: [HLS 200-2161] Finished Command export_design Elapsed time: 00:02:41; Allocated memory: 0.000 MB.
command 'ap_source' returned error code
    while executing
"source /nethome/shanda34/FPGA_ECE8893_SJH/2026_Spring/lab4/script.tcl"
    ("uplevel" body line 1)
    invoked from within
"uplevel \#0 [list source $tclfile] "

INFO: [HLS 200-112] Total CPU user time: 490.72 seconds. Total CPU system time: 50.8 seconds. Total elapsed time: 344.9 seconds; peak allocated memory: 0.000 MB.
INFO: [vitis-run 60-1662] Stopping dispatch session having empty uuid.
