

================================================================
== Vitis HLS Report for 'Block_entry_screen_tris_v0_x_rd_proc'
================================================================
* Date:           Mon Mar 30 23:31:11 2026

* Version:        2025.1.1 (Build 6214317 on Sep 11 2025)
* Project:        project_1
* Solution:       hls (Vivado IP Flow Target)
* Product family: zynquplus
* Target device:  xczu3eg-sbva484-1-e


================================================================
== Performance Estimates
================================================================
+ Timing: 
    * Summary: 
    +--------+----------+----------+------------+
    |  Clock |  Target  | Estimated| Uncertainty|
    +--------+----------+----------+------------+
    |ap_clk  |  10.00 ns|  7.208 ns|     2.70 ns|
    +--------+----------+----------+------------+

+ Latency: 
    * Summary: 
    +---------+---------+----------+----------+-----+-----+---------+
    |  Latency (cycles) |  Latency (absolute) |  Interval | Pipeline|
    |   min   |   max   |    min   |    max   | min | max |   Type  |
    +---------+---------+----------+----------+-----+-----+---------+
    |        ?|        ?|         ?|         ?|    ?|    ?|       no|
    +---------+---------+----------+----------+-----+-----+---------+

    + Detail: 
        * Instance: 
        +---------------------------+-----------------+---------+---------+----------+----------+-----+-----+------------------------------------------------+
        |                           |                 |  Latency (cycles) |  Latency (absolute) |  Interval |                    Pipeline                    |
        |          Instance         |      Module     |   min   |   max   |    min   |    max   | min | max |                      Type                      |
        +---------------------------+-----------------+---------+---------+----------+----------+-----+-----+------------------------------------------------+
        |grp_k3_bounding_box_fu_58  |k3_bounding_box  |      132|      132|  1.320 us|  1.320 us|  129|  129|  loop auto-rewind stp (delay=0 clock cycles(s))|
        |grp_k4_rasterize_fu_84     |k4_rasterize     |        ?|        ?|         ?|         ?|    ?|    ?|                                              no|
        +---------------------------+-----------------+---------+---------+----------+----------+-----+-----+------------------------------------------------+

        * Loop: 
        N/A



================================================================
== Utilization Estimates
================================================================
* Summary: 
+-----------------+---------+-----+--------+-------+-----+
|       Name      | BRAM_18K| DSP |   FF   |  LUT  | URAM|
+-----------------+---------+-----+--------+-------+-----+
|DSP              |        -|    -|       -|      -|    -|
|Expression       |        -|    -|       0|      2|    -|
|FIFO             |        -|    -|       -|      -|    -|
|Instance         |       32|   84|    4080|   6894|    0|
|Memory           |        4|    -|       0|      0|    0|
|Multiplexer      |        -|    -|       0|    451|    -|
|Register         |        -|    -|       7|      -|    -|
+-----------------+---------+-----+--------+-------+-----+
|Total            |       36|   84|    4087|   7347|    0|
+-----------------+---------+-----+--------+-------+-----+
|Available        |      432|  360|  141120|  70560|    0|
+-----------------+---------+-----+--------+-------+-----+
|Utilization (%)  |        8|   23|       2|     10|    0|
+-----------------+---------+-----+--------+-------+-----+

+ Detail: 
    * Instance: 
    +---------------------------+-----------------+---------+----+------+------+-----+
    |          Instance         |      Module     | BRAM_18K| DSP|  FF  |  LUT | URAM|
    +---------------------------+-----------------+---------+----+------+------+-----+
    |grp_k3_bounding_box_fu_58  |k3_bounding_box  |        0|   0|   121|   927|    0|
    |grp_k4_rasterize_fu_84     |k4_rasterize     |       32|  84|  3959|  5967|    0|
    +---------------------------+-----------------+---------+----+------+------+-----+
    |Total                      |                 |       32|  84|  4080|  6894|    0|
    +---------------------------+-----------------+---------+----+------+------+-----+

    * DSP: 
    N/A

    * Memory: 
    +----------------+-----------------------------------------------------------------+---------+---+----+-----+------+-----+------+-------------+
    |     Memory     |                              Module                             | BRAM_18K| FF| LUT| URAM| Words| Bits| Banks| W*Bits*Banks|
    +----------------+-----------------------------------------------------------------+---------+---+----+-----+------+-----+------+-------------+
    |bounds_max_x_U  |Block_entry_screen_tris_v0_x_rd_proc_bounds_max_x_RAM_AUTO_1R1W  |        1|  0|   0|    0|   128|   16|     1|         2048|
    |bounds_max_y_U  |Block_entry_screen_tris_v0_x_rd_proc_bounds_max_x_RAM_AUTO_1R1W  |        1|  0|   0|    0|   128|   16|     1|         2048|
    |bounds_min_x_U  |Block_entry_screen_tris_v0_x_rd_proc_bounds_min_x_RAM_AUTO_1R1W  |        1|  0|   0|    0|   128|   15|     1|         1920|
    |bounds_min_y_U  |Block_entry_screen_tris_v0_x_rd_proc_bounds_min_x_RAM_AUTO_1R1W  |        1|  0|   0|    0|   128|   15|     1|         1920|
    +----------------+-----------------------------------------------------------------+---------+---+----+-----+------+-----+------+-------------+
    |Total           |                                                                 |        4|  0|   0|    0|   512|   62|     4|         7936|
    +----------------+-----------------------------------------------------------------+---------+---+----+-----+------+-----+------+-------------+

    * FIFO: 
    N/A

    * Expression: 
    +-----------------+----------+----+---+----+------------+------------+
    |  Variable Name  | Operation| DSP| FF| LUT| Bitwidth P0| Bitwidth P1|
    +-----------------+----------+----+---+----+------------+------------+
    |ap_block_state1  |        or|   0|  0|   2|           1|           1|
    +-----------------+----------+----+---+----+------------+------------+
    |Total            |          |   0|  0|   2|           1|           1|
    +-----------------+----------+----+---+----+------------+------------+

    * Multiplexer: 
    +--------------------------------+----+-----------+-----+-----------+
    |              Name              | LUT| Input Size| Bits| Total Bits|
    +--------------------------------+----+-----------+-----+-----------+
    |ap_NS_fsm                       |  26|          5|    1|          5|
    |ap_done                         |   9|          2|    1|          2|
    |bounds_max_x_address0           |  14|          3|    7|         21|
    |bounds_max_x_ce0                |  14|          3|    1|          3|
    |bounds_max_x_ce1                |   9|          2|    1|          2|
    |bounds_max_x_we0                |   9|          2|    1|          2|
    |bounds_max_x_we1                |   9|          2|    1|          2|
    |bounds_max_y_address0           |  14|          3|    7|         21|
    |bounds_max_y_ce0                |  14|          3|    1|          3|
    |bounds_max_y_ce1                |   9|          2|    1|          2|
    |bounds_max_y_we0                |   9|          2|    1|          2|
    |bounds_max_y_we1                |   9|          2|    1|          2|
    |bounds_min_x_address0           |  14|          3|    7|         21|
    |bounds_min_x_ce0                |  14|          3|    1|          3|
    |bounds_min_x_ce1                |   9|          2|    1|          2|
    |bounds_min_x_we0                |   9|          2|    1|          2|
    |bounds_min_x_we1                |   9|          2|    1|          2|
    |bounds_min_y_address0           |  14|          3|    7|         21|
    |bounds_min_y_ce0                |  14|          3|    1|          3|
    |bounds_min_y_ce1                |   9|          2|    1|          2|
    |bounds_min_y_we0                |   9|          2|    1|          2|
    |bounds_min_y_we1                |   9|          2|    1|          2|
    |screen_tris_is_active_address0  |  14|          3|    7|         21|
    |screen_tris_is_active_ce0       |  14|          3|    1|          3|
    |screen_tris_v0_x_address0       |  14|          3|    7|         21|
    |screen_tris_v0_x_ce0            |  14|          3|    1|          3|
    |screen_tris_v0_y_address0       |  14|          3|    7|         21|
    |screen_tris_v0_y_ce0            |  14|          3|    1|          3|
    |screen_tris_v1_x_address0       |  14|          3|    7|         21|
    |screen_tris_v1_x_ce0            |  14|          3|    1|          3|
    |screen_tris_v1_y_address0       |  14|          3|    7|         21|
    |screen_tris_v1_y_ce0            |  14|          3|    1|          3|
    |screen_tris_v2_x_address0       |  14|          3|    7|         21|
    |screen_tris_v2_x_ce0            |  14|          3|    1|          3|
    |screen_tris_v2_y_address0       |  14|          3|    7|         21|
    |screen_tris_v2_y_ce0            |  14|          3|    1|          3|
    +--------------------------------+----+-----------+-----+-----------+
    |Total                           | 451|         97|  102|        295|
    +--------------------------------+----+-----------+-----+-----------+

    * Register: 
    +----------------------------------------+---+----+-----+-----------+
    |                  Name                  | FF| LUT| Bits| Const Bits|
    +----------------------------------------+---+----+-----+-----------+
    |ap_CS_fsm                               |  4|   0|    4|          0|
    |ap_done_reg                             |  1|   0|    1|          0|
    |grp_k3_bounding_box_fu_58_ap_start_reg  |  1|   0|    1|          0|
    |grp_k4_rasterize_fu_84_ap_start_reg     |  1|   0|    1|          0|
    +----------------------------------------+---+----+-----+-----------+
    |Total                                   |  7|   0|    7|          0|
    +----------------------------------------+---+----+-----+-----------+



================================================================
== Interface
================================================================
* Summary: 
+--------------------------------+-----+-----+------------+-----------------------------------------+--------------+
|            RTL Ports           | Dir | Bits|  Protocol  |              Source Object              |    C Type    |
+--------------------------------+-----+-----+------------+-----------------------------------------+--------------+
|ap_clk                          |   in|    1|  ap_ctrl_hs|  Block_entry_screen_tris (.v0.x)_rd_proc|  return value|
|ap_rst                          |   in|    1|  ap_ctrl_hs|  Block_entry_screen_tris (.v0.x)_rd_proc|  return value|
|ap_start                        |   in|    1|  ap_ctrl_hs|  Block_entry_screen_tris (.v0.x)_rd_proc|  return value|
|ap_done                         |  out|    1|  ap_ctrl_hs|  Block_entry_screen_tris (.v0.x)_rd_proc|  return value|
|ap_continue                     |   in|    1|  ap_ctrl_hs|  Block_entry_screen_tris (.v0.x)_rd_proc|  return value|
|ap_idle                         |  out|    1|  ap_ctrl_hs|  Block_entry_screen_tris (.v0.x)_rd_proc|  return value|
|ap_ready                        |  out|    1|  ap_ctrl_hs|  Block_entry_screen_tris (.v0.x)_rd_proc|  return value|
|depth_buffer_address0           |  out|   12|   ap_memory|                             depth_buffer|         array|
|depth_buffer_ce0                |  out|    1|   ap_memory|                             depth_buffer|         array|
|depth_buffer_we0                |  out|    1|   ap_memory|                             depth_buffer|         array|
|depth_buffer_d0                 |  out|   32|   ap_memory|                             depth_buffer|         array|
|normal_buffer_x_address0        |  out|   12|   ap_memory|                          normal_buffer_x|         array|
|normal_buffer_x_ce0             |  out|    1|   ap_memory|                          normal_buffer_x|         array|
|normal_buffer_x_we0             |  out|    1|   ap_memory|                          normal_buffer_x|         array|
|normal_buffer_x_d0              |  out|   32|   ap_memory|                          normal_buffer_x|         array|
|normal_buffer_y_address0        |  out|   12|   ap_memory|                          normal_buffer_y|         array|
|normal_buffer_y_ce0             |  out|    1|   ap_memory|                          normal_buffer_y|         array|
|normal_buffer_y_we0             |  out|    1|   ap_memory|                          normal_buffer_y|         array|
|normal_buffer_y_d0              |  out|   32|   ap_memory|                          normal_buffer_y|         array|
|normal_buffer_z_address0        |  out|   12|   ap_memory|                          normal_buffer_z|         array|
|normal_buffer_z_ce0             |  out|    1|   ap_memory|                          normal_buffer_z|         array|
|normal_buffer_z_we0             |  out|    1|   ap_memory|                          normal_buffer_z|         array|
|normal_buffer_z_d0              |  out|   32|   ap_memory|                          normal_buffer_z|         array|
|screen_tris_is_active_address0  |  out|    7|   ap_memory|                    screen_tris_is_active|         array|
|screen_tris_is_active_ce0       |  out|    1|   ap_memory|                    screen_tris_is_active|         array|
|screen_tris_is_active_q0        |   in|    1|   ap_memory|                    screen_tris_is_active|         array|
|screen_tris_n0_x_address0       |  out|    7|   ap_memory|                         screen_tris_n0_x|         array|
|screen_tris_n0_x_ce0            |  out|    1|   ap_memory|                         screen_tris_n0_x|         array|
|screen_tris_n0_x_q0             |   in|   32|   ap_memory|                         screen_tris_n0_x|         array|
|screen_tris_n0_y_address0       |  out|    7|   ap_memory|                         screen_tris_n0_y|         array|
|screen_tris_n0_y_ce0            |  out|    1|   ap_memory|                         screen_tris_n0_y|         array|
|screen_tris_n0_y_q0             |   in|   32|   ap_memory|                         screen_tris_n0_y|         array|
|screen_tris_n0_z_address0       |  out|    7|   ap_memory|                         screen_tris_n0_z|         array|
|screen_tris_n0_z_ce0            |  out|    1|   ap_memory|                         screen_tris_n0_z|         array|
|screen_tris_n0_z_q0             |   in|   32|   ap_memory|                         screen_tris_n0_z|         array|
|screen_tris_n1_x_address0       |  out|    7|   ap_memory|                         screen_tris_n1_x|         array|
|screen_tris_n1_x_ce0            |  out|    1|   ap_memory|                         screen_tris_n1_x|         array|
|screen_tris_n1_x_q0             |   in|   32|   ap_memory|                         screen_tris_n1_x|         array|
|screen_tris_n1_y_address0       |  out|    7|   ap_memory|                         screen_tris_n1_y|         array|
|screen_tris_n1_y_ce0            |  out|    1|   ap_memory|                         screen_tris_n1_y|         array|
|screen_tris_n1_y_q0             |   in|   32|   ap_memory|                         screen_tris_n1_y|         array|
|screen_tris_n1_z_address0       |  out|    7|   ap_memory|                         screen_tris_n1_z|         array|
|screen_tris_n1_z_ce0            |  out|    1|   ap_memory|                         screen_tris_n1_z|         array|
|screen_tris_n1_z_q0             |   in|   32|   ap_memory|                         screen_tris_n1_z|         array|
|screen_tris_n2_x_address0       |  out|    7|   ap_memory|                         screen_tris_n2_x|         array|
|screen_tris_n2_x_ce0            |  out|    1|   ap_memory|                         screen_tris_n2_x|         array|
|screen_tris_n2_x_q0             |   in|   32|   ap_memory|                         screen_tris_n2_x|         array|
|screen_tris_n2_y_address0       |  out|    7|   ap_memory|                         screen_tris_n2_y|         array|
|screen_tris_n2_y_ce0            |  out|    1|   ap_memory|                         screen_tris_n2_y|         array|
|screen_tris_n2_y_q0             |   in|   32|   ap_memory|                         screen_tris_n2_y|         array|
|screen_tris_n2_z_address0       |  out|    7|   ap_memory|                         screen_tris_n2_z|         array|
|screen_tris_n2_z_ce0            |  out|    1|   ap_memory|                         screen_tris_n2_z|         array|
|screen_tris_n2_z_q0             |   in|   32|   ap_memory|                         screen_tris_n2_z|         array|
|screen_tris_v0_x_address0       |  out|    7|   ap_memory|                         screen_tris_v0_x|         array|
|screen_tris_v0_x_ce0            |  out|    1|   ap_memory|                         screen_tris_v0_x|         array|
|screen_tris_v0_x_q0             |   in|   32|   ap_memory|                         screen_tris_v0_x|         array|
|screen_tris_v0_y_address0       |  out|    7|   ap_memory|                         screen_tris_v0_y|         array|
|screen_tris_v0_y_ce0            |  out|    1|   ap_memory|                         screen_tris_v0_y|         array|
|screen_tris_v0_y_q0             |   in|   32|   ap_memory|                         screen_tris_v0_y|         array|
|screen_tris_v0_z_address0       |  out|    7|   ap_memory|                         screen_tris_v0_z|         array|
|screen_tris_v0_z_ce0            |  out|    1|   ap_memory|                         screen_tris_v0_z|         array|
|screen_tris_v0_z_q0             |   in|   32|   ap_memory|                         screen_tris_v0_z|         array|
|screen_tris_v1_x_address0       |  out|    7|   ap_memory|                         screen_tris_v1_x|         array|
|screen_tris_v1_x_ce0            |  out|    1|   ap_memory|                         screen_tris_v1_x|         array|
|screen_tris_v1_x_q0             |   in|   32|   ap_memory|                         screen_tris_v1_x|         array|
|screen_tris_v1_y_address0       |  out|    7|   ap_memory|                         screen_tris_v1_y|         array|
|screen_tris_v1_y_ce0            |  out|    1|   ap_memory|                         screen_tris_v1_y|         array|
|screen_tris_v1_y_q0             |   in|   32|   ap_memory|                         screen_tris_v1_y|         array|
|screen_tris_v1_z_address0       |  out|    7|   ap_memory|                         screen_tris_v1_z|         array|
|screen_tris_v1_z_ce0            |  out|    1|   ap_memory|                         screen_tris_v1_z|         array|
|screen_tris_v1_z_q0             |   in|   32|   ap_memory|                         screen_tris_v1_z|         array|
|screen_tris_v2_x_address0       |  out|    7|   ap_memory|                         screen_tris_v2_x|         array|
|screen_tris_v2_x_ce0            |  out|    1|   ap_memory|                         screen_tris_v2_x|         array|
|screen_tris_v2_x_q0             |   in|   32|   ap_memory|                         screen_tris_v2_x|         array|
|screen_tris_v2_y_address0       |  out|    7|   ap_memory|                         screen_tris_v2_y|         array|
|screen_tris_v2_y_ce0            |  out|    1|   ap_memory|                         screen_tris_v2_y|         array|
|screen_tris_v2_y_q0             |   in|   32|   ap_memory|                         screen_tris_v2_y|         array|
|screen_tris_v2_z_address0       |  out|    7|   ap_memory|                         screen_tris_v2_z|         array|
|screen_tris_v2_z_ce0            |  out|    1|   ap_memory|                         screen_tris_v2_z|         array|
|screen_tris_v2_z_q0             |   in|   32|   ap_memory|                         screen_tris_v2_z|         array|
+--------------------------------+-----+-----+------------+-----------------------------------------+--------------+

============================================================
+ Verbose Summary: Synthesis Manager
============================================================
InlineROM: 1
ExposeGlobal: 0
============================================================
+ Verbose Summary: CDFG Model
============================================================
IsTopModel: 0
ResetActiveHigh: 1
IsCombinational: 2
IsDatapathOnly: 0
HasWiredReturn: 1
HasMFsm: 0
HasVarLatency: 1
IsPipeline: 0
IsRtlPipelined: 0
IsInstanceOverlapped: 0
IsDontTouch: 0
HasImplIP: 0
IsGatedGlobalClock: 0


============================================================
+ Verbose Summary: Schedule
============================================================
* Number of FSM states : 4
* Pipeline : 0
* Dataflow Pipeline: 0

* FSM state transitions: 
1 --> 2 
2 --> 3 
3 --> 4 
4 --> 

* FSM state operations: 

State 1 <SV = 0> <Delay = 0.00>
ST_1 : Operation 5 [2/2] (0.00ns)   --->   "%call_ln225 = call void @k3_bounding_box, i16 %bounds_max_x, i16 %bounds_max_y, i15 %bounds_min_x, i15 %bounds_min_y, i1 %screen_tris_is_active, i32 %screen_tris_v0_x, i32 %screen_tris_v0_y, i32 %screen_tris_v1_x, i32 %screen_tris_v1_y, i32 %screen_tris_v2_x, i32 %screen_tris_v2_y" [top.cpp:225]   --->   Operation 5 'call' 'call_ln225' <Predicate = true> <Delay = 0.00> <CoreType = "Generic">   --->   Generic Core

State 2 <SV = 1> <Delay = 0.00>
ST_2 : Operation 6 [1/2] (0.00ns)   --->   "%call_ln225 = call void @k3_bounding_box, i16 %bounds_max_x, i16 %bounds_max_y, i15 %bounds_min_x, i15 %bounds_min_y, i1 %screen_tris_is_active, i32 %screen_tris_v0_x, i32 %screen_tris_v0_y, i32 %screen_tris_v1_x, i32 %screen_tris_v1_y, i32 %screen_tris_v2_x, i32 %screen_tris_v2_y" [top.cpp:225]   --->   Operation 6 'call' 'call_ln225' <Predicate = true> <Delay = 0.00> <CoreType = "Generic">   --->   Generic Core

State 3 <SV = 2> <Delay = 0.00>
ST_3 : Operation 7 [2/2] (0.00ns)   --->   "%call_ln226 = call void @k4_rasterize, i32 %depth_buffer, i32 %normal_buffer_x, i32 %normal_buffer_y, i32 %normal_buffer_z, i1 %screen_tris_is_active, i32 %screen_tris_n0_x, i32 %screen_tris_n0_y, i32 %screen_tris_n0_z, i32 %screen_tris_n1_x, i32 %screen_tris_n1_y, i32 %screen_tris_n1_z, i32 %screen_tris_n2_x, i32 %screen_tris_n2_y, i32 %screen_tris_n2_z, i32 %screen_tris_v0_x, i32 %screen_tris_v0_y, i32 %screen_tris_v0_z, i32 %screen_tris_v1_x, i32 %screen_tris_v1_y, i32 %screen_tris_v1_z, i32 %screen_tris_v2_x, i32 %screen_tris_v2_y, i32 %screen_tris_v2_z, i15 %bounds_min_y, i16 %bounds_max_y, i15 %bounds_min_x, i16 %bounds_max_x" [top.cpp:226]   --->   Operation 7 'call' 'call_ln226' <Predicate = true> <Delay = 0.00> <CoreType = "Generic">   --->   Generic Core

State 4 <SV = 3> <Delay = 0.89>
ST_4 : Operation 8 [1/2] (0.89ns)   --->   "%call_ln226 = call void @k4_rasterize, i32 %depth_buffer, i32 %normal_buffer_x, i32 %normal_buffer_y, i32 %normal_buffer_z, i1 %screen_tris_is_active, i32 %screen_tris_n0_x, i32 %screen_tris_n0_y, i32 %screen_tris_n0_z, i32 %screen_tris_n1_x, i32 %screen_tris_n1_y, i32 %screen_tris_n1_z, i32 %screen_tris_n2_x, i32 %screen_tris_n2_y, i32 %screen_tris_n2_z, i32 %screen_tris_v0_x, i32 %screen_tris_v0_y, i32 %screen_tris_v0_z, i32 %screen_tris_v1_x, i32 %screen_tris_v1_y, i32 %screen_tris_v1_z, i32 %screen_tris_v2_x, i32 %screen_tris_v2_y, i32 %screen_tris_v2_z, i15 %bounds_min_y, i16 %bounds_max_y, i15 %bounds_min_x, i16 %bounds_max_x" [top.cpp:226]   --->   Operation 8 'call' 'call_ln226' <Predicate = true> <Delay = 0.89> <CoreType = "Generic">   --->   Generic Core
ST_4 : Operation 9 [1/1] (0.00ns)   --->   "%ret_ln225 = ret" [top.cpp:225]   --->   Operation 9 'ret' 'ret_ln225' <Predicate = true> <Delay = 0.00>


============================================================
+ Verbose Summary: Binding
============================================================
STG Binding: 
---------------- STG Properties BEGIN ----------------
- Is combinational: 0
- Is one-state seq: 0
- Is datapath-only: 0
- Is pipelined: 0
- Is top level: 0
Port [ Return ] is wired: 1; IO mode=ap_ctrl_hs:ce=0
Port [ depth_buffer]:  wired=1; compound=1; hidden=0; nouse=0; global=0; static=0; extern=0; dir=1; type=1; pingpong=1; private_global=0; MemPort=[03]; IO mode=ap_memory:ce=0
Port [ normal_buffer_x]:  wired=1; compound=1; hidden=0; nouse=0; global=0; static=0; extern=0; dir=1; type=1; pingpong=1; private_global=0; MemPort=[03]; IO mode=ap_memory:ce=0
Port [ normal_buffer_y]:  wired=1; compound=1; hidden=0; nouse=0; global=0; static=0; extern=0; dir=1; type=1; pingpong=1; private_global=0; MemPort=[03]; IO mode=ap_memory:ce=0
Port [ normal_buffer_z]:  wired=1; compound=1; hidden=0; nouse=0; global=0; static=0; extern=0; dir=1; type=1; pingpong=1; private_global=0; MemPort=[03]; IO mode=ap_memory:ce=0
Port [ screen_tris_is_active]:  wired=1; compound=1; hidden=0; nouse=0; global=0; static=0; extern=0; dir=0; type=1; pingpong=1; private_global=0; MemPort=[13]; IO mode=ap_memory:ce=0
Port [ screen_tris_n0_x]:  wired=1; compound=1; hidden=0; nouse=0; global=0; static=0; extern=0; dir=0; type=1; pingpong=1; private_global=0; MemPort=[13]; IO mode=ap_memory:ce=0
Port [ screen_tris_n0_y]:  wired=1; compound=1; hidden=0; nouse=0; global=0; static=0; extern=0; dir=0; type=1; pingpong=1; private_global=0; MemPort=[13]; IO mode=ap_memory:ce=0
Port [ screen_tris_n0_z]:  wired=1; compound=1; hidden=0; nouse=0; global=0; static=0; extern=0; dir=0; type=1; pingpong=1; private_global=0; MemPort=[13]; IO mode=ap_memory:ce=0
Port [ screen_tris_n1_x]:  wired=1; compound=1; hidden=0; nouse=0; global=0; static=0; extern=0; dir=0; type=1; pingpong=1; private_global=0; MemPort=[13]; IO mode=ap_memory:ce=0
Port [ screen_tris_n1_y]:  wired=1; compound=1; hidden=0; nouse=0; global=0; static=0; extern=0; dir=0; type=1; pingpong=1; private_global=0; MemPort=[13]; IO mode=ap_memory:ce=0
Port [ screen_tris_n1_z]:  wired=1; compound=1; hidden=0; nouse=0; global=0; static=0; extern=0; dir=0; type=1; pingpong=1; private_global=0; MemPort=[13]; IO mode=ap_memory:ce=0
Port [ screen_tris_n2_x]:  wired=1; compound=1; hidden=0; nouse=0; global=0; static=0; extern=0; dir=0; type=1; pingpong=1; private_global=0; MemPort=[13]; IO mode=ap_memory:ce=0
Port [ screen_tris_n2_y]:  wired=1; compound=1; hidden=0; nouse=0; global=0; static=0; extern=0; dir=0; type=1; pingpong=1; private_global=0; MemPort=[13]; IO mode=ap_memory:ce=0
Port [ screen_tris_n2_z]:  wired=1; compound=1; hidden=0; nouse=0; global=0; static=0; extern=0; dir=0; type=1; pingpong=1; private_global=0; MemPort=[13]; IO mode=ap_memory:ce=0
Port [ screen_tris_v0_x]:  wired=1; compound=1; hidden=0; nouse=0; global=0; static=0; extern=0; dir=0; type=1; pingpong=1; private_global=0; MemPort=[13]; IO mode=ap_memory:ce=0
Port [ screen_tris_v0_y]:  wired=1; compound=1; hidden=0; nouse=0; global=0; static=0; extern=0; dir=0; type=1; pingpong=1; private_global=0; MemPort=[13]; IO mode=ap_memory:ce=0
Port [ screen_tris_v0_z]:  wired=1; compound=1; hidden=0; nouse=0; global=0; static=0; extern=0; dir=0; type=1; pingpong=1; private_global=0; MemPort=[13]; IO mode=ap_memory:ce=0
Port [ screen_tris_v1_x]:  wired=1; compound=1; hidden=0; nouse=0; global=0; static=0; extern=0; dir=0; type=1; pingpong=1; private_global=0; MemPort=[13]; IO mode=ap_memory:ce=0
Port [ screen_tris_v1_y]:  wired=1; compound=1; hidden=0; nouse=0; global=0; static=0; extern=0; dir=0; type=1; pingpong=1; private_global=0; MemPort=[13]; IO mode=ap_memory:ce=0
Port [ screen_tris_v1_z]:  wired=1; compound=1; hidden=0; nouse=0; global=0; static=0; extern=0; dir=0; type=1; pingpong=1; private_global=0; MemPort=[13]; IO mode=ap_memory:ce=0
Port [ screen_tris_v2_x]:  wired=1; compound=1; hidden=0; nouse=0; global=0; static=0; extern=0; dir=0; type=1; pingpong=1; private_global=0; MemPort=[13]; IO mode=ap_memory:ce=0
Port [ screen_tris_v2_y]:  wired=1; compound=1; hidden=0; nouse=0; global=0; static=0; extern=0; dir=0; type=1; pingpong=1; private_global=0; MemPort=[13]; IO mode=ap_memory:ce=0
Port [ screen_tris_v2_z]:  wired=1; compound=1; hidden=0; nouse=0; global=0; static=0; extern=0; dir=0; type=1; pingpong=1; private_global=0; MemPort=[13]; IO mode=ap_memory:ce=0
Port [ bounds_max_x]:  wired=0; compound=1; hidden=1; nouse=0; global=1; static=1; extern=0; dir=2; type=1; pingpong=0; private_global=1; MemPort=[20]; IO mode=ap_memory:ce=0
Port [ bounds_max_y]:  wired=0; compound=1; hidden=1; nouse=0; global=1; static=1; extern=0; dir=2; type=1; pingpong=0; private_global=1; MemPort=[20]; IO mode=ap_memory:ce=0
Port [ bounds_min_x]:  wired=0; compound=1; hidden=1; nouse=0; global=1; static=1; extern=0; dir=2; type=1; pingpong=0; private_global=1; MemPort=[20]; IO mode=ap_memory:ce=0
Port [ bounds_min_y]:  wired=0; compound=1; hidden=1; nouse=0; global=1; static=1; extern=0; dir=2; type=1; pingpong=0; private_global=1; MemPort=[20]; IO mode=ap_memory:ce=0
---------------- STG Properties END ------------------

---------------- Datapath Model BEGIN ----------------

<LifeTime>
<method=bitvector/>
call_ln225 (call) [ 00000]
call_ln226 (call) [ 00000]
ret_ln225  (ret ) [ 00000]
</LifeTime>

<model>

<comp_list>
<comp id="0" class="1000" name="depth_buffer">
<pin_list>
<pin id="1" dir="1" index="0" bw="1" slack="0"/>
</pin_list>
<bind>
<StgValue><ssdm name="depth_buffer"/><MemPortTyVec>0 3 </MemPortTyVec>
</StgValue>
</bind>
</comp>

<comp id="2" class="1000" name="normal_buffer_x">
<pin_list>
<pin id="3" dir="1" index="0" bw="1" slack="0"/>
</pin_list>
<bind>
<StgValue><ssdm name="normal_buffer_x"/><MemPortTyVec>0 3 </MemPortTyVec>
</StgValue>
</bind>
</comp>

<comp id="4" class="1000" name="normal_buffer_y">
<pin_list>
<pin id="5" dir="1" index="0" bw="1" slack="0"/>
</pin_list>
<bind>
<StgValue><ssdm name="normal_buffer_y"/><MemPortTyVec>0 3 </MemPortTyVec>
</StgValue>
</bind>
</comp>

<comp id="6" class="1000" name="normal_buffer_z">
<pin_list>
<pin id="7" dir="1" index="0" bw="1" slack="0"/>
</pin_list>
<bind>
<StgValue><ssdm name="normal_buffer_z"/><MemPortTyVec>0 3 </MemPortTyVec>
</StgValue>
</bind>
</comp>

<comp id="8" class="1000" name="screen_tris_is_active">
<pin_list>
<pin id="9" dir="1" index="0" bw="1" slack="0"/>
</pin_list>
<bind>
<StgValue><ssdm name="screen_tris_is_active"/><MemPortTyVec>1 3 </MemPortTyVec>
</StgValue>
</bind>
</comp>

<comp id="10" class="1000" name="screen_tris_n0_x">
<pin_list>
<pin id="11" dir="1" index="0" bw="1" slack="0"/>
</pin_list>
<bind>
<StgValue><ssdm name="screen_tris_n0_x"/><MemPortTyVec>1 3 </MemPortTyVec>
</StgValue>
</bind>
</comp>

<comp id="12" class="1000" name="screen_tris_n0_y">
<pin_list>
<pin id="13" dir="1" index="0" bw="1" slack="0"/>
</pin_list>
<bind>
<StgValue><ssdm name="screen_tris_n0_y"/><MemPortTyVec>1 3 </MemPortTyVec>
</StgValue>
</bind>
</comp>

<comp id="14" class="1000" name="screen_tris_n0_z">
<pin_list>
<pin id="15" dir="1" index="0" bw="1" slack="0"/>
</pin_list>
<bind>
<StgValue><ssdm name="screen_tris_n0_z"/><MemPortTyVec>1 3 </MemPortTyVec>
</StgValue>
</bind>
</comp>

<comp id="16" class="1000" name="screen_tris_n1_x">
<pin_list>
<pin id="17" dir="1" index="0" bw="1" slack="0"/>
</pin_list>
<bind>
<StgValue><ssdm name="screen_tris_n1_x"/><MemPortTyVec>1 3 </MemPortTyVec>
</StgValue>
</bind>
</comp>

<comp id="18" class="1000" name="screen_tris_n1_y">
<pin_list>
<pin id="19" dir="1" index="0" bw="1" slack="0"/>
</pin_list>
<bind>
<StgValue><ssdm name="screen_tris_n1_y"/><MemPortTyVec>1 3 </MemPortTyVec>
</StgValue>
</bind>
</comp>

<comp id="20" class="1000" name="screen_tris_n1_z">
<pin_list>
<pin id="21" dir="1" index="0" bw="1" slack="0"/>
</pin_list>
<bind>
<StgValue><ssdm name="screen_tris_n1_z"/><MemPortTyVec>1 3 </MemPortTyVec>
</StgValue>
</bind>
</comp>

<comp id="22" class="1000" name="screen_tris_n2_x">
<pin_list>
<pin id="23" dir="1" index="0" bw="1" slack="0"/>
</pin_list>
<bind>
<StgValue><ssdm name="screen_tris_n2_x"/><MemPortTyVec>1 3 </MemPortTyVec>
</StgValue>
</bind>
</comp>

<comp id="24" class="1000" name="screen_tris_n2_y">
<pin_list>
<pin id="25" dir="1" index="0" bw="1" slack="0"/>
</pin_list>
<bind>
<StgValue><ssdm name="screen_tris_n2_y"/><MemPortTyVec>1 3 </MemPortTyVec>
</StgValue>
</bind>
</comp>

<comp id="26" class="1000" name="screen_tris_n2_z">
<pin_list>
<pin id="27" dir="1" index="0" bw="1" slack="0"/>
</pin_list>
<bind>
<StgValue><ssdm name="screen_tris_n2_z"/><MemPortTyVec>1 3 </MemPortTyVec>
</StgValue>
</bind>
</comp>

<comp id="28" class="1000" name="screen_tris_v0_x">
<pin_list>
<pin id="29" dir="1" index="0" bw="1" slack="0"/>
</pin_list>
<bind>
<StgValue><ssdm name="screen_tris_v0_x"/><MemPortTyVec>1 3 </MemPortTyVec>
</StgValue>
</bind>
</comp>

<comp id="30" class="1000" name="screen_tris_v0_y">
<pin_list>
<pin id="31" dir="1" index="0" bw="1" slack="0"/>
</pin_list>
<bind>
<StgValue><ssdm name="screen_tris_v0_y"/><MemPortTyVec>1 3 </MemPortTyVec>
</StgValue>
</bind>
</comp>

<comp id="32" class="1000" name="screen_tris_v0_z">
<pin_list>
<pin id="33" dir="1" index="0" bw="1" slack="0"/>
</pin_list>
<bind>
<StgValue><ssdm name="screen_tris_v0_z"/><MemPortTyVec>1 3 </MemPortTyVec>
</StgValue>
</bind>
</comp>

<comp id="34" class="1000" name="screen_tris_v1_x">
<pin_list>
<pin id="35" dir="1" index="0" bw="1" slack="0"/>
</pin_list>
<bind>
<StgValue><ssdm name="screen_tris_v1_x"/><MemPortTyVec>1 3 </MemPortTyVec>
</StgValue>
</bind>
</comp>

<comp id="36" class="1000" name="screen_tris_v1_y">
<pin_list>
<pin id="37" dir="1" index="0" bw="1" slack="0"/>
</pin_list>
<bind>
<StgValue><ssdm name="screen_tris_v1_y"/><MemPortTyVec>1 3 </MemPortTyVec>
</StgValue>
</bind>
</comp>

<comp id="38" class="1000" name="screen_tris_v1_z">
<pin_list>
<pin id="39" dir="1" index="0" bw="1" slack="0"/>
</pin_list>
<bind>
<StgValue><ssdm name="screen_tris_v1_z"/><MemPortTyVec>1 3 </MemPortTyVec>
</StgValue>
</bind>
</comp>

<comp id="40" class="1000" name="screen_tris_v2_x">
<pin_list>
<pin id="41" dir="1" index="0" bw="1" slack="0"/>
</pin_list>
<bind>
<StgValue><ssdm name="screen_tris_v2_x"/><MemPortTyVec>1 3 </MemPortTyVec>
</StgValue>
</bind>
</comp>

<comp id="42" class="1000" name="screen_tris_v2_y">
<pin_list>
<pin id="43" dir="1" index="0" bw="1" slack="0"/>
</pin_list>
<bind>
<StgValue><ssdm name="screen_tris_v2_y"/><MemPortTyVec>1 3 </MemPortTyVec>
</StgValue>
</bind>
</comp>

<comp id="44" class="1000" name="screen_tris_v2_z">
<pin_list>
<pin id="45" dir="1" index="0" bw="1" slack="0"/>
</pin_list>
<bind>
<StgValue><ssdm name="screen_tris_v2_z"/><MemPortTyVec>1 3 </MemPortTyVec>
</StgValue>
</bind>
</comp>

<comp id="46" class="1000" name="bounds_max_x">
<pin_list>
<pin id="47" dir="1" index="0" bw="1" slack="0"/>
</pin_list>
<bind>
<StgValue><ssdm name="bounds_max_x"/><MemPortTyVec>2 0 </MemPortTyVec>
</StgValue>
</bind>
</comp>

<comp id="48" class="1000" name="bounds_max_y">
<pin_list>
<pin id="49" dir="1" index="0" bw="1" slack="0"/>
</pin_list>
<bind>
<StgValue><ssdm name="bounds_max_y"/><MemPortTyVec>2 0 </MemPortTyVec>
</StgValue>
</bind>
</comp>

<comp id="50" class="1000" name="bounds_min_x">
<pin_list>
<pin id="51" dir="1" index="0" bw="1" slack="0"/>
</pin_list>
<bind>
<StgValue><ssdm name="bounds_min_x"/><MemPortTyVec>2 0 </MemPortTyVec>
</StgValue>
</bind>
</comp>

<comp id="52" class="1000" name="bounds_min_y">
<pin_list>
<pin id="53" dir="1" index="0" bw="1" slack="0"/>
</pin_list>
<bind>
<StgValue><ssdm name="bounds_min_y"/><MemPortTyVec>2 0 </MemPortTyVec>
</StgValue>
</bind>
</comp>

<comp id="54" class="1001" name="const_54">
<pin_list>
<pin id="55" dir="1" index="0" bw="1" slack="0"/>
</pin_list>
<bind>
<StgValue><ssdm name="k3_bounding_box"/></StgValue>
</bind>
</comp>

<comp id="56" class="1001" name="const_56">
<pin_list>
<pin id="57" dir="1" index="0" bw="1" slack="0"/>
</pin_list>
<bind>
<StgValue><ssdm name="k4_rasterize"/></StgValue>
</bind>
</comp>

<comp id="58" class="1004" name="grp_k3_bounding_box_fu_58">
<pin_list>
<pin id="59" dir="0" index="0" bw="0" slack="0"/>
<pin id="60" dir="0" index="1" bw="16" slack="0"/>
<pin id="61" dir="0" index="2" bw="16" slack="0"/>
<pin id="62" dir="0" index="3" bw="15" slack="0"/>
<pin id="63" dir="0" index="4" bw="15" slack="0"/>
<pin id="64" dir="0" index="5" bw="1" slack="0"/>
<pin id="65" dir="0" index="6" bw="32" slack="0"/>
<pin id="66" dir="0" index="7" bw="32" slack="0"/>
<pin id="67" dir="0" index="8" bw="32" slack="0"/>
<pin id="68" dir="0" index="9" bw="32" slack="0"/>
<pin id="69" dir="0" index="10" bw="32" slack="0"/>
<pin id="70" dir="0" index="11" bw="32" slack="0"/>
<pin id="71" dir="1" index="12" bw="0" slack="2147483647"/>
</pin_list>
<bind>
<opcode="call(48) " fcode="call"/>
<opset="call_ln225/1 "/>
</bind>
</comp>

<comp id="84" class="1004" name="grp_k4_rasterize_fu_84">
<pin_list>
<pin id="85" dir="0" index="0" bw="0" slack="0"/>
<pin id="86" dir="0" index="1" bw="32" slack="0"/>
<pin id="87" dir="0" index="2" bw="32" slack="0"/>
<pin id="88" dir="0" index="3" bw="32" slack="0"/>
<pin id="89" dir="0" index="4" bw="32" slack="0"/>
<pin id="90" dir="0" index="5" bw="1" slack="0"/>
<pin id="91" dir="0" index="6" bw="32" slack="0"/>
<pin id="92" dir="0" index="7" bw="32" slack="0"/>
<pin id="93" dir="0" index="8" bw="32" slack="0"/>
<pin id="94" dir="0" index="9" bw="32" slack="0"/>
<pin id="95" dir="0" index="10" bw="32" slack="0"/>
<pin id="96" dir="0" index="11" bw="32" slack="0"/>
<pin id="97" dir="0" index="12" bw="32" slack="0"/>
<pin id="98" dir="0" index="13" bw="32" slack="0"/>
<pin id="99" dir="0" index="14" bw="32" slack="0"/>
<pin id="100" dir="0" index="15" bw="32" slack="0"/>
<pin id="101" dir="0" index="16" bw="32" slack="0"/>
<pin id="102" dir="0" index="17" bw="32" slack="0"/>
<pin id="103" dir="0" index="18" bw="32" slack="0"/>
<pin id="104" dir="0" index="19" bw="32" slack="0"/>
<pin id="105" dir="0" index="20" bw="32" slack="0"/>
<pin id="106" dir="0" index="21" bw="32" slack="0"/>
<pin id="107" dir="0" index="22" bw="32" slack="0"/>
<pin id="108" dir="0" index="23" bw="32" slack="0"/>
<pin id="109" dir="0" index="24" bw="15" slack="0"/>
<pin id="110" dir="0" index="25" bw="16" slack="0"/>
<pin id="111" dir="0" index="26" bw="15" slack="0"/>
<pin id="112" dir="0" index="27" bw="16" slack="0"/>
<pin id="113" dir="1" index="28" bw="0" slack="2147483647"/>
</pin_list>
<bind>
<opcode="call(48) " fcode="call"/>
<opset="call_ln226/3 "/>
</bind>
</comp>

</comp_list>

<net_list>
<net id="72"><net_src comp="54" pin="0"/><net_sink comp="58" pin=0"/></net>

<net id="73"><net_src comp="46" pin="0"/><net_sink comp="58" pin=1"/></net>

<net id="74"><net_src comp="48" pin="0"/><net_sink comp="58" pin=2"/></net>

<net id="75"><net_src comp="50" pin="0"/><net_sink comp="58" pin=3"/></net>

<net id="76"><net_src comp="52" pin="0"/><net_sink comp="58" pin=4"/></net>

<net id="77"><net_src comp="8" pin="0"/><net_sink comp="58" pin=5"/></net>

<net id="78"><net_src comp="28" pin="0"/><net_sink comp="58" pin=6"/></net>

<net id="79"><net_src comp="30" pin="0"/><net_sink comp="58" pin=7"/></net>

<net id="80"><net_src comp="34" pin="0"/><net_sink comp="58" pin=8"/></net>

<net id="81"><net_src comp="36" pin="0"/><net_sink comp="58" pin=9"/></net>

<net id="82"><net_src comp="40" pin="0"/><net_sink comp="58" pin=10"/></net>

<net id="83"><net_src comp="42" pin="0"/><net_sink comp="58" pin=11"/></net>

<net id="114"><net_src comp="56" pin="0"/><net_sink comp="84" pin=0"/></net>

<net id="115"><net_src comp="0" pin="0"/><net_sink comp="84" pin=1"/></net>

<net id="116"><net_src comp="2" pin="0"/><net_sink comp="84" pin=2"/></net>

<net id="117"><net_src comp="4" pin="0"/><net_sink comp="84" pin=3"/></net>

<net id="118"><net_src comp="6" pin="0"/><net_sink comp="84" pin=4"/></net>

<net id="119"><net_src comp="8" pin="0"/><net_sink comp="84" pin=5"/></net>

<net id="120"><net_src comp="10" pin="0"/><net_sink comp="84" pin=6"/></net>

<net id="121"><net_src comp="12" pin="0"/><net_sink comp="84" pin=7"/></net>

<net id="122"><net_src comp="14" pin="0"/><net_sink comp="84" pin=8"/></net>

<net id="123"><net_src comp="16" pin="0"/><net_sink comp="84" pin=9"/></net>

<net id="124"><net_src comp="18" pin="0"/><net_sink comp="84" pin=10"/></net>

<net id="125"><net_src comp="20" pin="0"/><net_sink comp="84" pin=11"/></net>

<net id="126"><net_src comp="22" pin="0"/><net_sink comp="84" pin=12"/></net>

<net id="127"><net_src comp="24" pin="0"/><net_sink comp="84" pin=13"/></net>

<net id="128"><net_src comp="26" pin="0"/><net_sink comp="84" pin=14"/></net>

<net id="129"><net_src comp="28" pin="0"/><net_sink comp="84" pin=15"/></net>

<net id="130"><net_src comp="30" pin="0"/><net_sink comp="84" pin=16"/></net>

<net id="131"><net_src comp="32" pin="0"/><net_sink comp="84" pin=17"/></net>

<net id="132"><net_src comp="34" pin="0"/><net_sink comp="84" pin=18"/></net>

<net id="133"><net_src comp="36" pin="0"/><net_sink comp="84" pin=19"/></net>

<net id="134"><net_src comp="38" pin="0"/><net_sink comp="84" pin=20"/></net>

<net id="135"><net_src comp="40" pin="0"/><net_sink comp="84" pin=21"/></net>

<net id="136"><net_src comp="42" pin="0"/><net_sink comp="84" pin=22"/></net>

<net id="137"><net_src comp="44" pin="0"/><net_sink comp="84" pin=23"/></net>

<net id="138"><net_src comp="52" pin="0"/><net_sink comp="84" pin=24"/></net>

<net id="139"><net_src comp="48" pin="0"/><net_sink comp="84" pin=25"/></net>

<net id="140"><net_src comp="50" pin="0"/><net_sink comp="84" pin=26"/></net>

<net id="141"><net_src comp="46" pin="0"/><net_sink comp="84" pin=27"/></net>

</net_list>

</model> 
---------------- Datapath Model END ------------------

* FSMD analyzer results:
  - Output states:
	Port: depth_buffer | {3 4 }
	Port: normal_buffer_x | {3 4 }
	Port: normal_buffer_y | {3 4 }
	Port: normal_buffer_z | {3 4 }
	Port: screen_tris_is_active | {}
	Port: screen_tris_n0_x | {}
	Port: screen_tris_n0_y | {}
	Port: screen_tris_n0_z | {}
	Port: screen_tris_n1_x | {}
	Port: screen_tris_n1_y | {}
	Port: screen_tris_n1_z | {}
	Port: screen_tris_n2_x | {}
	Port: screen_tris_n2_y | {}
	Port: screen_tris_n2_z | {}
	Port: screen_tris_v0_x | {}
	Port: screen_tris_v0_y | {}
	Port: screen_tris_v0_z | {}
	Port: screen_tris_v1_x | {}
	Port: screen_tris_v1_y | {}
	Port: screen_tris_v1_z | {}
	Port: screen_tris_v2_x | {}
	Port: screen_tris_v2_y | {}
	Port: screen_tris_v2_z | {}
	Port: bounds_max_x | {1 2 }
	Port: bounds_max_y | {1 2 }
	Port: bounds_min_x | {1 2 }
	Port: bounds_min_y | {1 2 }
 - Input state : 
	Port: Block_entry_screen_tris (.v0.x)_rd_proc : depth_buffer | {}
	Port: Block_entry_screen_tris (.v0.x)_rd_proc : normal_buffer_x | {}
	Port: Block_entry_screen_tris (.v0.x)_rd_proc : normal_buffer_y | {}
	Port: Block_entry_screen_tris (.v0.x)_rd_proc : normal_buffer_z | {}
	Port: Block_entry_screen_tris (.v0.x)_rd_proc : screen_tris_is_active | {1 2 3 4 }
	Port: Block_entry_screen_tris (.v0.x)_rd_proc : screen_tris_n0_x | {3 4 }
	Port: Block_entry_screen_tris (.v0.x)_rd_proc : screen_tris_n0_y | {3 4 }
	Port: Block_entry_screen_tris (.v0.x)_rd_proc : screen_tris_n0_z | {3 4 }
	Port: Block_entry_screen_tris (.v0.x)_rd_proc : screen_tris_n1_x | {3 4 }
	Port: Block_entry_screen_tris (.v0.x)_rd_proc : screen_tris_n1_y | {3 4 }
	Port: Block_entry_screen_tris (.v0.x)_rd_proc : screen_tris_n1_z | {3 4 }
	Port: Block_entry_screen_tris (.v0.x)_rd_proc : screen_tris_n2_x | {3 4 }
	Port: Block_entry_screen_tris (.v0.x)_rd_proc : screen_tris_n2_y | {3 4 }
	Port: Block_entry_screen_tris (.v0.x)_rd_proc : screen_tris_n2_z | {3 4 }
	Port: Block_entry_screen_tris (.v0.x)_rd_proc : screen_tris_v0_x | {1 2 3 4 }
	Port: Block_entry_screen_tris (.v0.x)_rd_proc : screen_tris_v0_y | {1 2 3 4 }
	Port: Block_entry_screen_tris (.v0.x)_rd_proc : screen_tris_v0_z | {3 4 }
	Port: Block_entry_screen_tris (.v0.x)_rd_proc : screen_tris_v1_x | {1 2 3 4 }
	Port: Block_entry_screen_tris (.v0.x)_rd_proc : screen_tris_v1_y | {1 2 3 4 }
	Port: Block_entry_screen_tris (.v0.x)_rd_proc : screen_tris_v1_z | {3 4 }
	Port: Block_entry_screen_tris (.v0.x)_rd_proc : screen_tris_v2_x | {1 2 3 4 }
	Port: Block_entry_screen_tris (.v0.x)_rd_proc : screen_tris_v2_y | {1 2 3 4 }
	Port: Block_entry_screen_tris (.v0.x)_rd_proc : screen_tris_v2_z | {3 4 }
	Port: Block_entry_screen_tris (.v0.x)_rd_proc : bounds_max_x | {3 4 }
	Port: Block_entry_screen_tris (.v0.x)_rd_proc : bounds_max_y | {3 4 }
	Port: Block_entry_screen_tris (.v0.x)_rd_proc : bounds_min_x | {3 4 }
	Port: Block_entry_screen_tris (.v0.x)_rd_proc : bounds_min_y | {3 4 }
  - Chain level:
	State 1
	State 2
	State 3
	State 4


============================================================
+ Verbose Summary: Datapath Resource usage 
============================================================

* Functional unit list:
|----------|---------------------------|---------|---------|---------|---------|---------|---------|
| Operation|      Functional Unit      |   BRAM  |   DSP   |  Delay  |    FF   |   LUT   |   URAM  |
|----------|---------------------------|---------|---------|---------|---------|---------|---------|
|   call   | grp_k3_bounding_box_fu_58 |    0    |    0    |  3.423  |   155   |   919   |    0    |
|          |   grp_k4_rasterize_fu_84  |    32   |    84   |  21.002 |   4553  |   5770  |    0    |
|----------|---------------------------|---------|---------|---------|---------|---------|---------|
|   Total  |                           |    32   |    84   |  24.425 |   4708  |   6689  |    0    |
|----------|---------------------------|---------|---------|---------|---------|---------|---------|

Memories:
N/A

* Register list:
N/A

* Multiplexer (MUX) list: 
|--------|------|------|------|--------|
|  Comp  |  Pin | Size |  BW  | S x BW |
|--------|------|------|------|--------|
|  Total |      |      |      |    0   |
|--------|------|------|------|--------|



* Summary:
+-----------+--------+--------+--------+--------+--------+--------+
|           |  BRAM  |   DSP  |  Delay |   FF   |   LUT  |  URAM  |
+-----------+--------+--------+--------+--------+--------+--------+
|  Function |   32   |   84   |   24   |  4708  |  6689  |    0   |
|   Memory  |    -   |    -   |    -   |    -   |    -   |    -   |
|Multiplexer|    -   |    -   |    -   |    -   |    -   |    -   |
|  Register |    -   |    -   |    -   |    -   |    -   |    -   |
+-----------+--------+--------+--------+--------+--------+--------+
|   Total   |   32   |   84   |   24   |  4708  |  6689  |    0   |
+-----------+--------+--------+--------+--------+--------+--------+
