

================================================================
== Vitis HLS Report for 'k3_bounding_box'
================================================================
* Date:           Mon Mar 30 22:37:11 2026

* Version:        2025.1.1 (Build 6214317 on Sep 11 2025)
* Project:        project_1
* Solution:       hls (Vivado IP Flow Target)
* Product family: zynquplus
* Target device:  xczu3eg-sbva484-1-e


================================================================
== Performance Estimates
================================================================
+ Timing: 
    * Summary: 
    +--------+----------+----------+------------+
    |  Clock |  Target  | Estimated| Uncertainty|
    +--------+----------+----------+------------+
    |ap_clk  |  10.00 ns|  6.644 ns|     2.70 ns|
    +--------+----------+----------+------------+

+ Latency: 
    * Summary: 
    +---------+---------+----------+----------+-----+-----+---------+
    |  Latency (cycles) |  Latency (absolute) |  Interval | Pipeline|
    |   min   |   max   |    min   |    max   | min | max |   Type  |
    +---------+---------+----------+----------+-----+-----+---------+
    |      385|      513|  3.850 us|  5.130 us|  385|  513|       no|
    +---------+---------+----------+----------+-----+-----+---------+

    + Detail: 
        * Instance: 
        N/A

        * Loop: 
        +--------------------+---------+---------+----------+-----------+-----------+------+----------+
        |                    |  Latency (cycles) | Iteration|  Initiation Interval  | Trip |          |
        |      Loop Name     |   min   |   max   |  Latency |  achieved |   target  | Count| Pipelined|
        +--------------------+---------+---------+----------+-----------+-----------+------+----------+
        |- VITIS_LOOP_203_1  |      384|      512|     3 ~ 4|          -|          -|   128|        no|
        +--------------------+---------+---------+----------+-----------+-----------+------+----------+

============================================================
+ Verbose Summary: Synthesis Manager
============================================================
InlineROM: 1
ExposeGlobal: 0
============================================================
+ Verbose Summary: CDFG Model
============================================================
IsTopModel: 0
ResetActiveHigh: 1
IsCombinational: 0
IsDatapathOnly: 0
HasWiredReturn: 1
HasMFsm: 0
HasVarLatency: 1
IsPipeline: 0
IsRtlPipelined: 0
IsInstanceOverlapped: 0
IsDontTouch: 0
HasImplIP: 0
IsGatedGlobalClock: 0


============================================================
+ Verbose Summary: Schedule
============================================================
* Number of FSM states : 5
* Pipeline : 0
* Dataflow Pipeline: 0

* FSM state transitions: 
1 --> 2 
2 --> 3 
3 --> 4 5 
4 --> 5 
5 --> 2 

* FSM state operations: 

State 1 <SV = 0> <Delay = 0.48>
ST_1 : Operation 6 [1/1] (0.00ns)   --->   "%i = alloca i32 1" [top.cpp:203]   --->   Operation 6 'alloca' 'i' <Predicate = true> <Delay = 0.00>
ST_1 : Operation 7 [1/1] (0.48ns)   --->   "%store_ln203 = store i8 0, i8 %i" [top.cpp:203]   --->   Operation 7 'store' 'store_ln203' <Predicate = true> <Delay = 0.48>
ST_1 : Operation 8 [1/1] (0.00ns)   --->   "%br_ln203 = br void %for.body" [top.cpp:203]   --->   Operation 8 'br' 'br_ln203' <Predicate = true> <Delay = 0.00>

State 2 <SV = 1> <Delay = 0.90>
ST_2 : Operation 9 [1/1] (0.00ns)   --->   "%i_2 = load i8 %i" [top.cpp:203]   --->   Operation 9 'load' 'i_2' <Predicate = true> <Delay = 0.00>
ST_2 : Operation 10 [1/1] (0.90ns)   --->   "%icmp_ln203 = icmp_eq  i8 %i_2, i8 128" [top.cpp:203]   --->   Operation 10 'icmp' 'icmp_ln203' <Predicate = true> <Delay = 0.90> <CoreInst = "Cmp">   --->   Core 9 'Cmp' <Latency = 0> <II = 1> <Delay = 0.90> <FuncUnit> <Opcode : 'seteq' 'setne' 'setle' 'setge' 'setlt' 'setgt'> <InPorts = 2> <OutPorts = 1>
ST_2 : Operation 11 [1/1] (0.90ns)   --->   "%add_ln203 = add i8 %i_2, i8 1" [top.cpp:203]   --->   Operation 11 'add' 'add_ln203' <Predicate = true> <Delay = 0.90> <CoreInst = "Adder">   --->   Core 1 'Adder' <Latency = 0> <II = 1> <Delay = 0.90> <FuncUnit> <Opcode : 'add' 'sub'> <InPorts = 2> <OutPorts = 1>
ST_2 : Operation 12 [1/1] (0.00ns)   --->   "%br_ln203 = br i1 %icmp_ln203, void %for.body.split, void %for.end" [top.cpp:203]   --->   Operation 12 'br' 'br_ln203' <Predicate = true> <Delay = 0.00>
ST_2 : Operation 13 [1/1] (0.00ns)   --->   "%zext_ln203 = zext i8 %i_2" [top.cpp:203]   --->   Operation 13 'zext' 'zext_ln203' <Predicate = (!icmp_ln203)> <Delay = 0.00>
ST_2 : Operation 14 [1/1] (0.00ns)   --->   "%screen_tris_is_active_addr = getelementptr i1 %screen_tris_is_active, i64 0, i64 %zext_ln203" [top.cpp:204]   --->   Operation 14 'getelementptr' 'screen_tris_is_active_addr' <Predicate = (!icmp_ln203)> <Delay = 0.00>
ST_2 : Operation 15 [2/2] (0.79ns)   --->   "%screen_tris_is_active_load = load i7 %screen_tris_is_active_addr" [top.cpp:204]   --->   Operation 15 'load' 'screen_tris_is_active_load' <Predicate = (!icmp_ln203)> <Delay = 0.79> <CoreInst = "RAM">   --->   Core 82 'RAM' <Latency = 1> <II = 1> <Delay = 0.79> <Storage> <Opcode : 'load' 'store'> <Ports = 2> <Width = 1> <Depth = 128> <RAM>
ST_2 : Operation 16 [1/1] (0.00ns)   --->   "%ret_ln290 = ret" [top.cpp:290]   --->   Operation 16 'ret' 'ret_ln290' <Predicate = (icmp_ln203)> <Delay = 0.00>

State 3 <SV = 2> <Delay = 2.14>
ST_3 : Operation 17 [1/1] (0.00ns)   --->   "%speclooptripcount_ln203 = speclooptripcount void @_ssdm_op_SpecLoopTripCount, i64 128, i64 128, i64 128" [top.cpp:203]   --->   Operation 17 'speclooptripcount' 'speclooptripcount_ln203' <Predicate = true> <Delay = 0.00>
ST_3 : Operation 18 [1/1] (0.00ns)   --->   "%specloopname_ln203 = specloopname void @_ssdm_op_SpecLoopName, void @empty" [top.cpp:203]   --->   Operation 18 'specloopname' 'specloopname_ln203' <Predicate = true> <Delay = 0.00>
ST_3 : Operation 19 [1/2] ( I:0.79ns O:0.79ns )   --->   "%screen_tris_is_active_load = load i7 %screen_tris_is_active_addr" [top.cpp:204]   --->   Operation 19 'load' 'screen_tris_is_active_load' <Predicate = true> <Delay = 0.79> <CoreInst = "RAM">   --->   Core 82 'RAM' <Latency = 1> <II = 1> <Delay = 0.79> <Storage> <Opcode : 'load' 'store'> <Ports = 2> <Width = 1> <Depth = 128> <RAM>
ST_3 : Operation 20 [1/1] (0.00ns)   --->   "%br_ln204 = br i1 %screen_tris_is_active_load, void %if.else132, void %if.then_ifconv" [top.cpp:204]   --->   Operation 20 'br' 'br_ln204' <Predicate = true> <Delay = 0.00>
ST_3 : Operation 21 [1/1] (0.00ns)   --->   "%bounds_min_x_addr = getelementptr i15 %bounds_min_x, i64 0, i64 %zext_ln203" [top.cpp:284]   --->   Operation 21 'getelementptr' 'bounds_min_x_addr' <Predicate = (!screen_tris_is_active_load)> <Delay = 0.00>
ST_3 : Operation 22 [1/1] ( I:1.35ns O:1.35ns )   --->   "%store_ln284 = store i15 0, i7 %bounds_min_x_addr" [top.cpp:284]   --->   Operation 22 'store' 'store_ln284' <Predicate = (!screen_tris_is_active_load)> <Delay = 1.35> <CoreInst = "RAM">   --->   Core 82 'RAM' <Latency = 1> <II = 1> <Delay = 1.35> <Storage> <Opcode : 'load' 'store'> <Ports = 2> <Width = 15> <Depth = 128> <RAM>
ST_3 : Operation 23 [1/1] (0.00ns)   --->   "%bounds_max_x_addr = getelementptr i16 %bounds_max_x, i64 0, i64 %zext_ln203" [top.cpp:285]   --->   Operation 23 'getelementptr' 'bounds_max_x_addr' <Predicate = (!screen_tris_is_active_load)> <Delay = 0.00>
ST_3 : Operation 24 [1/1] ( I:1.35ns O:1.35ns )   --->   "%store_ln285 = store i16 0, i7 %bounds_max_x_addr" [top.cpp:285]   --->   Operation 24 'store' 'store_ln285' <Predicate = (!screen_tris_is_active_load)> <Delay = 1.35> <CoreInst = "RAM">   --->   Core 82 'RAM' <Latency = 1> <II = 1> <Delay = 1.35> <Storage> <Opcode : 'load' 'store'> <Ports = 2> <Width = 16> <Depth = 128> <RAM>
ST_3 : Operation 25 [1/1] (0.00ns)   --->   "%bounds_min_y_addr = getelementptr i15 %bounds_min_y, i64 0, i64 %zext_ln203" [top.cpp:286]   --->   Operation 25 'getelementptr' 'bounds_min_y_addr' <Predicate = (!screen_tris_is_active_load)> <Delay = 0.00>
ST_3 : Operation 26 [1/1] ( I:1.35ns O:1.35ns )   --->   "%store_ln286 = store i15 0, i7 %bounds_min_y_addr" [top.cpp:286]   --->   Operation 26 'store' 'store_ln286' <Predicate = (!screen_tris_is_active_load)> <Delay = 1.35> <CoreInst = "RAM">   --->   Core 82 'RAM' <Latency = 1> <II = 1> <Delay = 1.35> <Storage> <Opcode : 'load' 'store'> <Ports = 2> <Width = 15> <Depth = 128> <RAM>
ST_3 : Operation 27 [1/1] (0.00ns)   --->   "%bounds_max_y_addr = getelementptr i16 %bounds_max_y, i64 0, i64 %zext_ln203" [top.cpp:287]   --->   Operation 27 'getelementptr' 'bounds_max_y_addr' <Predicate = (!screen_tris_is_active_load)> <Delay = 0.00>
ST_3 : Operation 28 [1/1] ( I:1.35ns O:1.35ns )   --->   "%store_ln287 = store i16 0, i7 %bounds_max_y_addr" [top.cpp:287]   --->   Operation 28 'store' 'store_ln287' <Predicate = (!screen_tris_is_active_load)> <Delay = 1.35> <CoreInst = "RAM">   --->   Core 82 'RAM' <Latency = 1> <II = 1> <Delay = 1.35> <Storage> <Opcode : 'load' 'store'> <Ports = 2> <Width = 16> <Depth = 128> <RAM>
ST_3 : Operation 29 [1/1] (0.00ns)   --->   "%br_ln0 = br void %for.inc"   --->   Operation 29 'br' 'br_ln0' <Predicate = (!screen_tris_is_active_load)> <Delay = 0.00>
ST_3 : Operation 30 [1/1] (0.00ns)   --->   "%screen_tris_v0_x_addr = getelementptr i32 %screen_tris_v0_x, i64 0, i64 %zext_ln203" [top.cpp:208]   --->   Operation 30 'getelementptr' 'screen_tris_v0_x_addr' <Predicate = (screen_tris_is_active_load)> <Delay = 0.00>
ST_3 : Operation 31 [2/2] (1.35ns)   --->   "%min_x = load i7 %screen_tris_v0_x_addr" [top.cpp:208]   --->   Operation 31 'load' 'min_x' <Predicate = (screen_tris_is_active_load)> <Delay = 1.35> <CoreInst = "RAM">   --->   Core 82 'RAM' <Latency = 1> <II = 1> <Delay = 1.35> <Storage> <Opcode : 'load' 'store'> <Ports = 2> <Width = 32> <Depth = 128> <RAM>
ST_3 : Operation 32 [1/1] (0.00ns)   --->   "%screen_tris_v1_x_addr = getelementptr i32 %screen_tris_v1_x, i64 0, i64 %zext_ln203" [top.cpp:209]   --->   Operation 32 'getelementptr' 'screen_tris_v1_x_addr' <Predicate = (screen_tris_is_active_load)> <Delay = 0.00>
ST_3 : Operation 33 [2/2] (1.35ns)   --->   "%screen_tris_v1_x_load = load i7 %screen_tris_v1_x_addr" [top.cpp:209]   --->   Operation 33 'load' 'screen_tris_v1_x_load' <Predicate = (screen_tris_is_active_load)> <Delay = 1.35> <CoreInst = "RAM">   --->   Core 82 'RAM' <Latency = 1> <II = 1> <Delay = 1.35> <Storage> <Opcode : 'load' 'store'> <Ports = 2> <Width = 32> <Depth = 128> <RAM>
ST_3 : Operation 34 [1/1] (0.00ns)   --->   "%screen_tris_v2_x_addr = getelementptr i32 %screen_tris_v2_x, i64 0, i64 %zext_ln203" [top.cpp:212]   --->   Operation 34 'getelementptr' 'screen_tris_v2_x_addr' <Predicate = (screen_tris_is_active_load)> <Delay = 0.00>
ST_3 : Operation 35 [2/2] (1.35ns)   --->   "%min_x_4 = load i7 %screen_tris_v2_x_addr" [top.cpp:212]   --->   Operation 35 'load' 'min_x_4' <Predicate = (screen_tris_is_active_load)> <Delay = 1.35> <CoreInst = "RAM">   --->   Core 82 'RAM' <Latency = 1> <II = 1> <Delay = 1.35> <Storage> <Opcode : 'load' 'store'> <Ports = 2> <Width = 32> <Depth = 128> <RAM>
ST_3 : Operation 36 [1/1] (0.00ns)   --->   "%screen_tris_v0_y_addr = getelementptr i32 %screen_tris_v0_y, i64 0, i64 %zext_ln203" [top.cpp:228]   --->   Operation 36 'getelementptr' 'screen_tris_v0_y_addr' <Predicate = (screen_tris_is_active_load)> <Delay = 0.00>
ST_3 : Operation 37 [2/2] (1.35ns)   --->   "%min_y = load i7 %screen_tris_v0_y_addr" [top.cpp:228]   --->   Operation 37 'load' 'min_y' <Predicate = (screen_tris_is_active_load)> <Delay = 1.35> <CoreInst = "RAM">   --->   Core 82 'RAM' <Latency = 1> <II = 1> <Delay = 1.35> <Storage> <Opcode : 'load' 'store'> <Ports = 2> <Width = 32> <Depth = 128> <RAM>
ST_3 : Operation 38 [1/1] (0.00ns)   --->   "%screen_tris_v1_y_addr = getelementptr i32 %screen_tris_v1_y, i64 0, i64 %zext_ln203" [top.cpp:229]   --->   Operation 38 'getelementptr' 'screen_tris_v1_y_addr' <Predicate = (screen_tris_is_active_load)> <Delay = 0.00>
ST_3 : Operation 39 [2/2] (1.35ns)   --->   "%screen_tris_v1_y_load = load i7 %screen_tris_v1_y_addr" [top.cpp:229]   --->   Operation 39 'load' 'screen_tris_v1_y_load' <Predicate = (screen_tris_is_active_load)> <Delay = 1.35> <CoreInst = "RAM">   --->   Core 82 'RAM' <Latency = 1> <II = 1> <Delay = 1.35> <Storage> <Opcode : 'load' 'store'> <Ports = 2> <Width = 32> <Depth = 128> <RAM>
ST_3 : Operation 40 [1/1] (0.00ns)   --->   "%screen_tris_v2_y_addr = getelementptr i32 %screen_tris_v2_y, i64 0, i64 %zext_ln203" [top.cpp:232]   --->   Operation 40 'getelementptr' 'screen_tris_v2_y_addr' <Predicate = (screen_tris_is_active_load)> <Delay = 0.00>
ST_3 : Operation 41 [2/2] (1.35ns)   --->   "%min_y_4 = load i7 %screen_tris_v2_y_addr" [top.cpp:232]   --->   Operation 41 'load' 'min_y_4' <Predicate = (screen_tris_is_active_load)> <Delay = 1.35> <CoreInst = "RAM">   --->   Core 82 'RAM' <Latency = 1> <II = 1> <Delay = 1.35> <Storage> <Opcode : 'load' 'store'> <Ports = 2> <Width = 32> <Depth = 128> <RAM>

State 4 <SV = 3> <Delay = 6.64>
ST_4 : Operation 42 [1/2] ( I:1.35ns O:1.35ns )   --->   "%min_x = load i7 %screen_tris_v0_x_addr" [top.cpp:208]   --->   Operation 42 'load' 'min_x' <Predicate = true> <Delay = 1.35> <CoreInst = "RAM">   --->   Core 82 'RAM' <Latency = 1> <II = 1> <Delay = 1.35> <Storage> <Opcode : 'load' 'store'> <Ports = 2> <Width = 32> <Depth = 128> <RAM>
ST_4 : Operation 43 [1/2] ( I:1.35ns O:1.35ns )   --->   "%screen_tris_v1_x_load = load i7 %screen_tris_v1_x_addr" [top.cpp:209]   --->   Operation 43 'load' 'screen_tris_v1_x_load' <Predicate = true> <Delay = 1.35> <CoreInst = "RAM">   --->   Core 82 'RAM' <Latency = 1> <II = 1> <Delay = 1.35> <Storage> <Opcode : 'load' 'store'> <Ports = 2> <Width = 32> <Depth = 128> <RAM>
ST_4 : Operation 44 [1/1] (1.20ns)   --->   "%icmp_ln209 = icmp_slt  i32 %screen_tris_v1_x_load, i32 %min_x" [top.cpp:209]   --->   Operation 44 'icmp' 'icmp_ln209' <Predicate = true> <Delay = 1.20> <CoreInst = "Cmp">   --->   Core 9 'Cmp' <Latency = 0> <II = 1> <Delay = 1.20> <FuncUnit> <Opcode : 'seteq' 'setne' 'setle' 'setge' 'setlt' 'setgt'> <InPorts = 2> <OutPorts = 1>
ST_4 : Operation 45 [1/1] (0.52ns)   --->   "%min_x_1 = select i1 %icmp_ln209, i32 %screen_tris_v1_x_load, i32 %min_x" [top.cpp:209]   --->   Operation 45 'select' 'min_x_1' <Predicate = true> <Delay = 0.52> <CoreInst = "Sel">   --->   Core 73 'Sel' <Latency = 0> <II = 1> <Delay = 0.52> <FuncUnit> <Opcode : 'select'> <InPorts = 3> <OutPorts = 1>
ST_4 : Operation 46 [1/2] ( I:1.35ns O:1.35ns )   --->   "%min_x_4 = load i7 %screen_tris_v2_x_addr" [top.cpp:212]   --->   Operation 46 'load' 'min_x_4' <Predicate = true> <Delay = 1.35> <CoreInst = "RAM">   --->   Core 82 'RAM' <Latency = 1> <II = 1> <Delay = 1.35> <Storage> <Opcode : 'load' 'store'> <Ports = 2> <Width = 32> <Depth = 128> <RAM>
ST_4 : Operation 47 [1/1] (1.20ns)   --->   "%icmp_ln212 = icmp_slt  i32 %min_x_4, i32 %min_x_1" [top.cpp:212]   --->   Operation 47 'icmp' 'icmp_ln212' <Predicate = true> <Delay = 1.20> <CoreInst = "Cmp">   --->   Core 9 'Cmp' <Latency = 0> <II = 1> <Delay = 1.20> <FuncUnit> <Opcode : 'seteq' 'setne' 'setle' 'setge' 'setlt' 'setgt'> <InPorts = 2> <OutPorts = 1>
ST_4 : Operation 48 [1/1] (0.52ns)   --->   "%min_x_3 = select i1 %icmp_ln212, i32 %min_x_4, i32 %min_x_1" [top.cpp:212]   --->   Operation 48 'select' 'min_x_3' <Predicate = true> <Delay = 0.52> <CoreInst = "Sel">   --->   Core 73 'Sel' <Latency = 0> <II = 1> <Delay = 0.52> <FuncUnit> <Opcode : 'select'> <InPorts = 3> <OutPorts = 1>
ST_4 : Operation 49 [1/1] (1.20ns)   --->   "%icmp_ln219 = icmp_sgt  i32 %screen_tris_v1_x_load, i32 %min_x" [top.cpp:219]   --->   Operation 49 'icmp' 'icmp_ln219' <Predicate = true> <Delay = 1.20> <CoreInst = "Cmp">   --->   Core 9 'Cmp' <Latency = 0> <II = 1> <Delay = 1.20> <FuncUnit> <Opcode : 'seteq' 'setne' 'setle' 'setge' 'setlt' 'setgt'> <InPorts = 2> <OutPorts = 1>
ST_4 : Operation 50 [1/1] (0.52ns)   --->   "%max_x_1 = select i1 %icmp_ln219, i32 %screen_tris_v1_x_load, i32 %min_x" [top.cpp:219]   --->   Operation 50 'select' 'max_x_1' <Predicate = true> <Delay = 0.52> <CoreInst = "Sel">   --->   Core 73 'Sel' <Latency = 0> <II = 1> <Delay = 0.52> <FuncUnit> <Opcode : 'select'> <InPorts = 3> <OutPorts = 1>
ST_4 : Operation 51 [1/1] (1.20ns)   --->   "%icmp_ln222 = icmp_sgt  i32 %min_x_4, i32 %max_x_1" [top.cpp:222]   --->   Operation 51 'icmp' 'icmp_ln222' <Predicate = true> <Delay = 1.20> <CoreInst = "Cmp">   --->   Core 9 'Cmp' <Latency = 0> <II = 1> <Delay = 1.20> <FuncUnit> <Opcode : 'seteq' 'setne' 'setle' 'setge' 'setlt' 'setgt'> <InPorts = 2> <OutPorts = 1>
ST_4 : Operation 52 [1/1] (0.52ns)   --->   "%max_x_3 = select i1 %icmp_ln222, i32 %min_x_4, i32 %max_x_1" [top.cpp:222]   --->   Operation 52 'select' 'max_x_3' <Predicate = true> <Delay = 0.52> <CoreInst = "Sel">   --->   Core 73 'Sel' <Latency = 0> <II = 1> <Delay = 0.52> <FuncUnit> <Opcode : 'select'> <InPorts = 3> <OutPorts = 1>
ST_4 : Operation 53 [1/2] ( I:1.35ns O:1.35ns )   --->   "%min_y = load i7 %screen_tris_v0_y_addr" [top.cpp:228]   --->   Operation 53 'load' 'min_y' <Predicate = true> <Delay = 1.35> <CoreInst = "RAM">   --->   Core 82 'RAM' <Latency = 1> <II = 1> <Delay = 1.35> <Storage> <Opcode : 'load' 'store'> <Ports = 2> <Width = 32> <Depth = 128> <RAM>
ST_4 : Operation 54 [1/2] ( I:1.35ns O:1.35ns )   --->   "%screen_tris_v1_y_load = load i7 %screen_tris_v1_y_addr" [top.cpp:229]   --->   Operation 54 'load' 'screen_tris_v1_y_load' <Predicate = true> <Delay = 1.35> <CoreInst = "RAM">   --->   Core 82 'RAM' <Latency = 1> <II = 1> <Delay = 1.35> <Storage> <Opcode : 'load' 'store'> <Ports = 2> <Width = 32> <Depth = 128> <RAM>
ST_4 : Operation 55 [1/1] (1.20ns)   --->   "%icmp_ln229 = icmp_slt  i32 %screen_tris_v1_y_load, i32 %min_y" [top.cpp:229]   --->   Operation 55 'icmp' 'icmp_ln229' <Predicate = true> <Delay = 1.20> <CoreInst = "Cmp">   --->   Core 9 'Cmp' <Latency = 0> <II = 1> <Delay = 1.20> <FuncUnit> <Opcode : 'seteq' 'setne' 'setle' 'setge' 'setlt' 'setgt'> <InPorts = 2> <OutPorts = 1>
ST_4 : Operation 56 [1/1] (0.52ns)   --->   "%min_y_1 = select i1 %icmp_ln229, i32 %screen_tris_v1_y_load, i32 %min_y" [top.cpp:229]   --->   Operation 56 'select' 'min_y_1' <Predicate = true> <Delay = 0.52> <CoreInst = "Sel">   --->   Core 73 'Sel' <Latency = 0> <II = 1> <Delay = 0.52> <FuncUnit> <Opcode : 'select'> <InPorts = 3> <OutPorts = 1>
ST_4 : Operation 57 [1/2] ( I:1.35ns O:1.35ns )   --->   "%min_y_4 = load i7 %screen_tris_v2_y_addr" [top.cpp:232]   --->   Operation 57 'load' 'min_y_4' <Predicate = true> <Delay = 1.35> <CoreInst = "RAM">   --->   Core 82 'RAM' <Latency = 1> <II = 1> <Delay = 1.35> <Storage> <Opcode : 'load' 'store'> <Ports = 2> <Width = 32> <Depth = 128> <RAM>
ST_4 : Operation 58 [1/1] (1.20ns)   --->   "%icmp_ln232 = icmp_slt  i32 %min_y_4, i32 %min_y_1" [top.cpp:232]   --->   Operation 58 'icmp' 'icmp_ln232' <Predicate = true> <Delay = 1.20> <CoreInst = "Cmp">   --->   Core 9 'Cmp' <Latency = 0> <II = 1> <Delay = 1.20> <FuncUnit> <Opcode : 'seteq' 'setne' 'setle' 'setge' 'setlt' 'setgt'> <InPorts = 2> <OutPorts = 1>
ST_4 : Operation 59 [1/1] (0.52ns)   --->   "%min_y_3 = select i1 %icmp_ln232, i32 %min_y_4, i32 %min_y_1" [top.cpp:232]   --->   Operation 59 'select' 'min_y_3' <Predicate = true> <Delay = 0.52> <CoreInst = "Sel">   --->   Core 73 'Sel' <Latency = 0> <II = 1> <Delay = 0.52> <FuncUnit> <Opcode : 'select'> <InPorts = 3> <OutPorts = 1>
ST_4 : Operation 60 [1/1] (1.20ns)   --->   "%icmp_ln239 = icmp_sgt  i32 %screen_tris_v1_y_load, i32 %min_y" [top.cpp:239]   --->   Operation 60 'icmp' 'icmp_ln239' <Predicate = true> <Delay = 1.20> <CoreInst = "Cmp">   --->   Core 9 'Cmp' <Latency = 0> <II = 1> <Delay = 1.20> <FuncUnit> <Opcode : 'seteq' 'setne' 'setle' 'setge' 'setlt' 'setgt'> <InPorts = 2> <OutPorts = 1>
ST_4 : Operation 61 [1/1] (0.52ns)   --->   "%max_y_1 = select i1 %icmp_ln239, i32 %screen_tris_v1_y_load, i32 %min_y" [top.cpp:239]   --->   Operation 61 'select' 'max_y_1' <Predicate = true> <Delay = 0.52> <CoreInst = "Sel">   --->   Core 73 'Sel' <Latency = 0> <II = 1> <Delay = 0.52> <FuncUnit> <Opcode : 'select'> <InPorts = 3> <OutPorts = 1>
ST_4 : Operation 62 [1/1] (1.20ns)   --->   "%icmp_ln242 = icmp_sgt  i32 %min_y_4, i32 %max_y_1" [top.cpp:242]   --->   Operation 62 'icmp' 'icmp_ln242' <Predicate = true> <Delay = 1.20> <CoreInst = "Cmp">   --->   Core 9 'Cmp' <Latency = 0> <II = 1> <Delay = 1.20> <FuncUnit> <Opcode : 'seteq' 'setne' 'setle' 'setge' 'setlt' 'setgt'> <InPorts = 2> <OutPorts = 1>
ST_4 : Operation 63 [1/1] (0.52ns)   --->   "%max_y_3 = select i1 %icmp_ln242, i32 %min_y_4, i32 %max_y_1" [top.cpp:242]   --->   Operation 63 'select' 'max_y_3' <Predicate = true> <Delay = 0.52> <CoreInst = "Sel">   --->   Core 73 'Sel' <Latency = 0> <II = 1> <Delay = 0.52> <FuncUnit> <Opcode : 'select'> <InPorts = 3> <OutPorts = 1>
ST_4 : Operation 64 [1/1] (0.00ns)   --->   "%tmp = bitselect i1 @_ssdm_op_BitSelect.i1.i32.i32, i32 %min_x_3, i32 31" [top.cpp:248]   --->   Operation 64 'bitselect' 'tmp' <Predicate = true> <Delay = 0.00>
ST_4 : Operation 65 [1/1] (0.00ns)   --->   "%final_min_x_cast = partselect i15 @_ssdm_op_PartSelect.i15.i32.i32.i32, i32 %min_x_3, i32 16, i32 30" [top.cpp:247]   --->   Operation 65 'partselect' 'final_min_x_cast' <Predicate = true> <Delay = 0.00>
ST_4 : Operation 66 [1/1] (0.48ns)   --->   "%final_min_x = select i1 %tmp, i15 0, i15 %final_min_x_cast" [top.cpp:248]   --->   Operation 66 'select' 'final_min_x' <Predicate = true> <Delay = 0.48> <CoreInst = "Sel">   --->   Core 73 'Sel' <Latency = 0> <II = 1> <Delay = 0.48> <FuncUnit> <Opcode : 'select'> <InPorts = 3> <OutPorts = 1>
ST_4 : Operation 67 [1/1] (0.00ns)   --->   "%bounds_min_x_addr_1 = getelementptr i15 %bounds_min_x, i64 0, i64 %zext_ln203" [top.cpp:253]   --->   Operation 67 'getelementptr' 'bounds_min_x_addr_1' <Predicate = true> <Delay = 0.00>
ST_4 : Operation 68 [1/1] ( I:1.35ns O:1.35ns )   --->   "%store_ln253 = store i15 %final_min_x, i7 %bounds_min_x_addr_1" [top.cpp:253]   --->   Operation 68 'store' 'store_ln253' <Predicate = true> <Delay = 1.35> <CoreInst = "RAM">   --->   Core 82 'RAM' <Latency = 1> <II = 1> <Delay = 1.35> <Storage> <Opcode : 'load' 'store'> <Ports = 2> <Width = 15> <Depth = 128> <RAM>
ST_4 : Operation 69 [1/1] (1.20ns)   --->   "%icmp_ln257 = icmp_sgt  i32 %max_x_3, i32 4128768" [top.cpp:257]   --->   Operation 69 'icmp' 'icmp_ln257' <Predicate = true> <Delay = 1.20> <CoreInst = "Cmp">   --->   Core 9 'Cmp' <Latency = 0> <II = 1> <Delay = 1.20> <FuncUnit> <Opcode : 'seteq' 'setne' 'setle' 'setge' 'setlt' 'setgt'> <InPorts = 2> <OutPorts = 1>
ST_4 : Operation 70 [1/1] (0.00ns)   --->   "%tmp_s = partselect i16 @_ssdm_op_PartSelect.i16.i32.i32, i32 %max_x_3, i32 16" [top.cpp:260]   --->   Operation 70 'partselect' 'tmp_s' <Predicate = true> <Delay = 0.00>
ST_4 : Operation 71 [1/1] (0.00ns) (grouped into LUT with out node final_max_x_1)   --->   "%tmp_250 = bitselect i1 @_ssdm_op_BitSelect.i1.i32.i32, i32 %max_x_3, i32 31" [top.cpp:260]   --->   Operation 71 'bitselect' 'tmp_250' <Predicate = true> <Delay = 0.00>
ST_4 : Operation 72 [1/1] (0.00ns)   --->   "%trunc_ln260 = trunc i32 %max_x_3" [top.cpp:260]   --->   Operation 72 'trunc' 'trunc_ln260' <Predicate = true> <Delay = 0.00>
ST_4 : Operation 73 [1/1] (1.01ns)   --->   "%icmp_ln260 = icmp_ne  i16 %trunc_ln260, i16 0" [top.cpp:260]   --->   Operation 73 'icmp' 'icmp_ln260' <Predicate = true> <Delay = 1.01> <CoreInst = "Cmp">   --->   Core 9 'Cmp' <Latency = 0> <II = 1> <Delay = 1.01> <FuncUnit> <Opcode : 'seteq' 'setne' 'setle' 'setge' 'setlt' 'setgt'> <InPorts = 2> <OutPorts = 1>
ST_4 : Operation 74 [1/1] (1.01ns)   --->   "%add_ln260 = add i16 %tmp_s, i16 1" [top.cpp:260]   --->   Operation 74 'add' 'add_ln260' <Predicate = true> <Delay = 1.01> <CoreInst = "Adder">   --->   Core 1 'Adder' <Latency = 0> <II = 1> <Delay = 1.01> <FuncUnit> <Opcode : 'add' 'sub'> <InPorts = 2> <OutPorts = 1>
ST_4 : Operation 75 [1/1] (0.00ns) (grouped into LUT with out node final_max_x_1)   --->   "%select_ln260 = select i1 %icmp_ln260, i16 %add_ln260, i16 %tmp_s" [top.cpp:260]   --->   Operation 75 'select' 'select_ln260' <Predicate = true> <Delay = 0.00> <CoreInst = "Sel">   --->   Core 73 'Sel' <Latency = 0> <II = 1> <Delay = 0.42> <FuncUnit> <Opcode : 'select'> <InPorts = 3> <OutPorts = 1>
ST_4 : Operation 76 [1/1] (0.00ns) (grouped into LUT with out node final_max_x_1)   --->   "%final_max_x = select i1 %tmp_250, i16 %select_ln260, i16 %tmp_s" [top.cpp:260]   --->   Operation 76 'select' 'final_max_x' <Predicate = true> <Delay = 0.00> <CoreInst = "Sel">   --->   Core 73 'Sel' <Latency = 0> <II = 1> <Delay = 0.42> <FuncUnit> <Opcode : 'select'> <InPorts = 3> <OutPorts = 1>
ST_4 : Operation 77 [1/1] (0.42ns) (out node of the LUT)   --->   "%final_max_x_1 = select i1 %icmp_ln257, i16 63, i16 %final_max_x" [top.cpp:257]   --->   Operation 77 'select' 'final_max_x_1' <Predicate = true> <Delay = 0.42> <CoreInst = "Sel">   --->   Core 73 'Sel' <Latency = 0> <II = 1> <Delay = 0.42> <FuncUnit> <Opcode : 'select'> <InPorts = 3> <OutPorts = 1>
ST_4 : Operation 78 [1/1] (0.00ns)   --->   "%tmp_251 = bitselect i1 @_ssdm_op_BitSelect.i1.i32.i32, i32 %min_y_3, i32 31" [top.cpp:266]   --->   Operation 78 'bitselect' 'tmp_251' <Predicate = true> <Delay = 0.00>
ST_4 : Operation 79 [1/1] (0.00ns)   --->   "%final_min_y_cast = partselect i15 @_ssdm_op_PartSelect.i15.i32.i32.i32, i32 %min_y_3, i32 16, i32 30" [top.cpp:265]   --->   Operation 79 'partselect' 'final_min_y_cast' <Predicate = true> <Delay = 0.00>
ST_4 : Operation 80 [1/1] (0.48ns)   --->   "%final_min_y = select i1 %tmp_251, i15 0, i15 %final_min_y_cast" [top.cpp:266]   --->   Operation 80 'select' 'final_min_y' <Predicate = true> <Delay = 0.48> <CoreInst = "Sel">   --->   Core 73 'Sel' <Latency = 0> <II = 1> <Delay = 0.48> <FuncUnit> <Opcode : 'select'> <InPorts = 3> <OutPorts = 1>
ST_4 : Operation 81 [1/1] (0.00ns)   --->   "%bounds_min_y_addr_1 = getelementptr i15 %bounds_min_y, i64 0, i64 %zext_ln203" [top.cpp:271]   --->   Operation 81 'getelementptr' 'bounds_min_y_addr_1' <Predicate = true> <Delay = 0.00>
ST_4 : Operation 82 [1/1] ( I:1.35ns O:1.35ns )   --->   "%store_ln271 = store i15 %final_min_y, i7 %bounds_min_y_addr_1" [top.cpp:271]   --->   Operation 82 'store' 'store_ln271' <Predicate = true> <Delay = 1.35> <CoreInst = "RAM">   --->   Core 82 'RAM' <Latency = 1> <II = 1> <Delay = 1.35> <Storage> <Opcode : 'load' 'store'> <Ports = 2> <Width = 15> <Depth = 128> <RAM>
ST_4 : Operation 83 [1/1] (1.20ns)   --->   "%icmp_ln275 = icmp_sgt  i32 %max_y_3, i32 4128768" [top.cpp:275]   --->   Operation 83 'icmp' 'icmp_ln275' <Predicate = true> <Delay = 1.20> <CoreInst = "Cmp">   --->   Core 9 'Cmp' <Latency = 0> <II = 1> <Delay = 1.20> <FuncUnit> <Opcode : 'seteq' 'setne' 'setle' 'setge' 'setlt' 'setgt'> <InPorts = 2> <OutPorts = 1>
ST_4 : Operation 84 [1/1] (0.00ns)   --->   "%tmp_119 = partselect i16 @_ssdm_op_PartSelect.i16.i32.i32, i32 %max_y_3, i32 16" [top.cpp:278]   --->   Operation 84 'partselect' 'tmp_119' <Predicate = true> <Delay = 0.00>
ST_4 : Operation 85 [1/1] (0.00ns) (grouped into LUT with out node final_max_y_1)   --->   "%tmp_252 = bitselect i1 @_ssdm_op_BitSelect.i1.i32.i32, i32 %max_y_3, i32 31" [top.cpp:278]   --->   Operation 85 'bitselect' 'tmp_252' <Predicate = true> <Delay = 0.00>
ST_4 : Operation 86 [1/1] (0.00ns)   --->   "%trunc_ln278 = trunc i32 %max_y_3" [top.cpp:278]   --->   Operation 86 'trunc' 'trunc_ln278' <Predicate = true> <Delay = 0.00>
ST_4 : Operation 87 [1/1] (1.01ns)   --->   "%icmp_ln278 = icmp_ne  i16 %trunc_ln278, i16 0" [top.cpp:278]   --->   Operation 87 'icmp' 'icmp_ln278' <Predicate = true> <Delay = 1.01> <CoreInst = "Cmp">   --->   Core 9 'Cmp' <Latency = 0> <II = 1> <Delay = 1.01> <FuncUnit> <Opcode : 'seteq' 'setne' 'setle' 'setge' 'setlt' 'setgt'> <InPorts = 2> <OutPorts = 1>
ST_4 : Operation 88 [1/1] (1.01ns)   --->   "%add_ln278 = add i16 %tmp_119, i16 1" [top.cpp:278]   --->   Operation 88 'add' 'add_ln278' <Predicate = true> <Delay = 1.01> <CoreInst = "Adder">   --->   Core 1 'Adder' <Latency = 0> <II = 1> <Delay = 1.01> <FuncUnit> <Opcode : 'add' 'sub'> <InPorts = 2> <OutPorts = 1>
ST_4 : Operation 89 [1/1] (0.00ns) (grouped into LUT with out node final_max_y_1)   --->   "%select_ln278 = select i1 %icmp_ln278, i16 %add_ln278, i16 %tmp_119" [top.cpp:278]   --->   Operation 89 'select' 'select_ln278' <Predicate = true> <Delay = 0.00> <CoreInst = "Sel">   --->   Core 73 'Sel' <Latency = 0> <II = 1> <Delay = 0.42> <FuncUnit> <Opcode : 'select'> <InPorts = 3> <OutPorts = 1>
ST_4 : Operation 90 [1/1] (0.00ns) (grouped into LUT with out node final_max_y_1)   --->   "%final_max_y = select i1 %tmp_252, i16 %select_ln278, i16 %tmp_119" [top.cpp:278]   --->   Operation 90 'select' 'final_max_y' <Predicate = true> <Delay = 0.00> <CoreInst = "Sel">   --->   Core 73 'Sel' <Latency = 0> <II = 1> <Delay = 0.42> <FuncUnit> <Opcode : 'select'> <InPorts = 3> <OutPorts = 1>
ST_4 : Operation 91 [1/1] (0.42ns) (out node of the LUT)   --->   "%final_max_y_1 = select i1 %icmp_ln275, i16 63, i16 %final_max_y" [top.cpp:275]   --->   Operation 91 'select' 'final_max_y_1' <Predicate = true> <Delay = 0.42> <CoreInst = "Sel">   --->   Core 73 'Sel' <Latency = 0> <II = 1> <Delay = 0.42> <FuncUnit> <Opcode : 'select'> <InPorts = 3> <OutPorts = 1>

State 5 <SV = 4> <Delay = 1.35>
ST_5 : Operation 92 [1/1] (0.00ns)   --->   "%bounds_max_x_addr_1 = getelementptr i16 %bounds_max_x, i64 0, i64 %zext_ln203" [top.cpp:262]   --->   Operation 92 'getelementptr' 'bounds_max_x_addr_1' <Predicate = (screen_tris_is_active_load)> <Delay = 0.00>
ST_5 : Operation 93 [1/1] ( I:1.35ns O:1.35ns )   --->   "%store_ln262 = store i16 %final_max_x_1, i7 %bounds_max_x_addr_1" [top.cpp:262]   --->   Operation 93 'store' 'store_ln262' <Predicate = (screen_tris_is_active_load)> <Delay = 1.35> <CoreInst = "RAM">   --->   Core 82 'RAM' <Latency = 1> <II = 1> <Delay = 1.35> <Storage> <Opcode : 'load' 'store'> <Ports = 2> <Width = 16> <Depth = 128> <RAM>
ST_5 : Operation 94 [1/1] (0.00ns)   --->   "%bounds_max_y_addr_1 = getelementptr i16 %bounds_max_y, i64 0, i64 %zext_ln203" [top.cpp:280]   --->   Operation 94 'getelementptr' 'bounds_max_y_addr_1' <Predicate = (screen_tris_is_active_load)> <Delay = 0.00>
ST_5 : Operation 95 [1/1] ( I:1.35ns O:1.35ns )   --->   "%store_ln280 = store i16 %final_max_y_1, i7 %bounds_max_y_addr_1" [top.cpp:280]   --->   Operation 95 'store' 'store_ln280' <Predicate = (screen_tris_is_active_load)> <Delay = 1.35> <CoreInst = "RAM">   --->   Core 82 'RAM' <Latency = 1> <II = 1> <Delay = 1.35> <Storage> <Opcode : 'load' 'store'> <Ports = 2> <Width = 16> <Depth = 128> <RAM>
ST_5 : Operation 96 [1/1] (0.00ns)   --->   "%br_ln282 = br void %for.inc" [top.cpp:282]   --->   Operation 96 'br' 'br_ln282' <Predicate = (screen_tris_is_active_load)> <Delay = 0.00>
ST_5 : Operation 97 [1/1] (0.48ns)   --->   "%store_ln203 = store i8 %add_ln203, i8 %i" [top.cpp:203]   --->   Operation 97 'store' 'store_ln203' <Predicate = true> <Delay = 0.48>
ST_5 : Operation 98 [1/1] (0.00ns)   --->   "%br_ln203 = br void %for.body" [top.cpp:203]   --->   Operation 98 'br' 'br_ln203' <Predicate = true> <Delay = 0.00>


============================================================
+ Verbose Summary: Timing violations
============================================================
Target clock period: 10.000ns, clock uncertainty: 2.700ns.

 <State 1>: 0.489ns
The critical path consists of the following:
	'alloca' operation 8 bit ('i', top.cpp:203) [12]  (0.000 ns)
	'store' operation 0 bit ('store_ln203', top.cpp:203) of constant 0 on local variable 'i', top.cpp:203 [13]  (0.489 ns)

 <State 2>: 0.907ns
The critical path consists of the following:
	'load' operation 8 bit ('i', top.cpp:203) on local variable 'i', top.cpp:203 [16]  (0.000 ns)
	'icmp' operation 1 bit ('icmp_ln203', top.cpp:203) [17]  (0.907 ns)

 <State 3>: 2.142ns
The critical path consists of the following:
	'load' operation 1 bit ('screen_tris_is_active_load', top.cpp:204) on array 'screen_tris_is_active' [25]  (0.790 ns)
	'store' operation 0 bit ('store_ln284', top.cpp:284) of constant 0 on array 'bounds_min_x' [29]  (1.352 ns)

 <State 4>: 6.644ns
The critical path consists of the following:
	'load' operation 32 bit ('min_x', top.cpp:208) on array 'screen_tris_v0_x' [39]  (1.352 ns)
	'icmp' operation 1 bit ('icmp_ln209', top.cpp:209) [42]  (1.203 ns)
	'select' operation 32 bit ('min_x', top.cpp:209) [43]  (0.525 ns)
	'icmp' operation 1 bit ('icmp_ln212', top.cpp:212) [46]  (1.203 ns)
	'select' operation 32 bit ('min_x', top.cpp:212) [47]  (0.525 ns)
	'select' operation 15 bit ('final_min_x', top.cpp:248) [68]  (0.484 ns)
	'store' operation 0 bit ('store_ln253', top.cpp:253) of variable 'final_min_x', top.cpp:248 on array 'bounds_min_x' [70]  (1.352 ns)

 <State 5>: 1.352ns
The critical path consists of the following:
	'getelementptr' operation 7 bit ('bounds_max_x_addr_1', top.cpp:262) [80]  (0.000 ns)
	'store' operation 0 bit ('store_ln262', top.cpp:262) of variable 'final_max_x', top.cpp:257 on array 'bounds_max_x' [81]  (1.352 ns)


============================================================
+ Verbose Summary: Binding
============================================================
N/A
* FSMD analyzer results:
  - Output states:
 - Input state : 
  - Chain level:
	State 1
	State 2
	State 3
	State 4
	State 5


============================================================
+ Verbose Summary: Datapath Resource usage 
============================================================
N/A
