

================================================================
== Vitis HLS Report for 'k5_deferred_lighting'
================================================================
* Date:           Mon Mar 30 22:37:13 2026

* Version:        2025.1.1 (Build 6214317 on Sep 11 2025)
* Project:        project_1
* Solution:       hls (Vivado IP Flow Target)
* Product family: zynquplus
* Target device:  xczu3eg-sbva484-1-e


================================================================
== Performance Estimates
================================================================
+ Timing: 
    * Summary: 
    +--------+----------+----------+------------+
    |  Clock |  Target  | Estimated| Uncertainty|
    +--------+----------+----------+------------+
    |ap_clk  |  10.00 ns|  7.300 ns|     2.70 ns|
    +--------+----------+----------+------------+

+ Latency: 
    * Summary: 
    +---------+---------+----------+----------+-------+-------+---------+
    |  Latency (cycles) |  Latency (absolute) |    Interval   | Pipeline|
    |   min   |   max   |    min   |    max   |  min  |  max  |   Type  |
    +---------+---------+----------+----------+-------+-------+---------+
    |    24710|    24710|  0.247 ms|  0.247 ms|  24710|  24710|       no|
    +---------+---------+----------+----------+-------+-------+---------+

    + Detail: 
        * Instance: 
        N/A

        * Loop: 
        +---------------------+---------+---------+----------+-----------+-----------+------+----------+
        |                     |  Latency (cycles) | Iteration|  Initiation Interval  | Trip |          |
        |      Loop Name      |   min   |   max   |  Latency |  achieved |   target  | Count| Pipelined|
        +---------------------+---------+---------+----------+-----------+-----------+------+----------+
        |- VITIS_LOOP_440_1   |    24704|    24704|       386|          -|          -|    64|        no|
        | + VITIS_LOOP_441_2  |      384|      384|         6|          -|          -|    64|        no|
        +---------------------+---------+---------+----------+-----------+-----------+------+----------+

============================================================
+ Verbose Summary: Synthesis Manager
============================================================
InlineROM: 1
ExposeGlobal: 0
============================================================
+ Verbose Summary: CDFG Model
============================================================
IsTopModel: 0
ResetActiveHigh: 1
IsCombinational: 0
IsDatapathOnly: 0
HasWiredReturn: 1
HasMFsm: 0
HasVarLatency: 1
IsPipeline: 0
IsRtlPipelined: 0
IsInstanceOverlapped: 0
IsDontTouch: 0
HasImplIP: 0
IsGatedGlobalClock: 0


============================================================
+ Verbose Summary: Schedule
============================================================
* Number of FSM states : 13
* Pipeline : 0
* Dataflow Pipeline: 0

* FSM state transitions: 
1 --> 2 
2 --> 9 3 
3 --> 4 2 
4 --> 5 
5 --> 6 
6 --> 7 
7 --> 8 
8 --> 3 
9 --> 10 
10 --> 11 
11 --> 12 
12 --> 13 
13 --> 

* FSM state operations: 

State 1 <SV = 0> <Delay = 7.30>
ST_1 : Operation 14 [1/1] (0.00ns)   --->   "%y = alloca i32 1" [top.cpp:440]   --->   Operation 14 'alloca' 'y' <Predicate = true> <Delay = 0.00>
ST_1 : Operation 15 [1/1] (0.00ns)   --->   "%specinterface_ln0 = specinterface void @_ssdm_op_SpecInterface, i32 %gmem1, void @empty_17, i32 0, i32 0, void @empty_18, i32 0, i32 0, void @empty_4, void @empty_5, void @empty_18, i32 16, i32 16, i32 16, i32 16, void @empty_18, void @empty_18, i32 4294967295, i32 0, i32 0"   --->   Operation 15 'specinterface' 'specinterface_ln0' <Predicate = true> <Delay = 0.00>
ST_1 : Operation 16 [1/1] (0.00ns)   --->   "%framebuffer_read = read i64 @_ssdm_op_Read.ap_auto.i64, i64 %framebuffer" [top.cpp:440]   --->   Operation 16 'read' 'framebuffer_read' <Predicate = true> <Delay = 0.00>
ST_1 : Operation 17 [1/1] (0.00ns)   --->   "%trunc_ln = partselect i62 @_ssdm_op_PartSelect.i62.i64.i32.i32, i64 %framebuffer_read, i32 2, i32 63" [top.cpp:440]   --->   Operation 17 'partselect' 'trunc_ln' <Predicate = true> <Delay = 0.00>
ST_1 : Operation 18 [1/1] (0.00ns)   --->   "%sext_ln440 = sext i62 %trunc_ln" [top.cpp:440]   --->   Operation 18 'sext' 'sext_ln440' <Predicate = true> <Delay = 0.00>
ST_1 : Operation 19 [1/1] (0.00ns)   --->   "%gmem1_addr = getelementptr i32 %gmem1, i64 %sext_ln440" [top.cpp:440]   --->   Operation 19 'getelementptr' 'gmem1_addr' <Predicate = true> <Delay = 0.00>
ST_1 : Operation 20 [1/1] (7.30ns)   --->   "%empty = writereq i1 @_ssdm_op_WriteReq.m_axi.p1i32, i32 %gmem1_addr, i64 4096" [top.cpp:440]   --->   Operation 20 'writereq' 'empty' <Predicate = true> <Delay = 7.30> <CoreInst = "m_axi">   --->   Core 119 'm_axi' <Latency = 9> <II = 1> <Delay = 1.00> <Adapter> <Opcode : 'read' 'write' 'readreq' 'writereq' 'writeresp'>
ST_1 : Operation 21 [1/1] (0.48ns)   --->   "%store_ln440 = store i7 0, i7 %y" [top.cpp:440]   --->   Operation 21 'store' 'store_ln440' <Predicate = true> <Delay = 0.48>
ST_1 : Operation 22 [1/1] (0.00ns)   --->   "%br_ln440 = br void %VITIS_LOOP_441_2" [top.cpp:440]   --->   Operation 22 'br' 'br_ln440' <Predicate = true> <Delay = 0.00>

State 2 <SV = 1> <Delay = 1.38>
ST_2 : Operation 23 [1/1] (0.00ns)   --->   "%y_1 = load i7 %y" [top.cpp:440]   --->   Operation 23 'load' 'y_1' <Predicate = true> <Delay = 0.00>
ST_2 : Operation 24 [1/1] (0.89ns)   --->   "%icmp_ln440 = icmp_eq  i7 %y_1, i7 64" [top.cpp:440]   --->   Operation 24 'icmp' 'icmp_ln440' <Predicate = true> <Delay = 0.89> <CoreInst = "Cmp">   --->   Core 9 'Cmp' <Latency = 0> <II = 1> <Delay = 0.89> <FuncUnit> <Opcode : 'seteq' 'setne' 'setle' 'setge' 'setlt' 'setgt'> <InPorts = 2> <OutPorts = 1>
ST_2 : Operation 25 [1/1] (0.89ns)   --->   "%add_ln440 = add i7 %y_1, i7 1" [top.cpp:440]   --->   Operation 25 'add' 'add_ln440' <Predicate = true> <Delay = 0.89> <CoreInst = "Adder">   --->   Core 1 'Adder' <Latency = 0> <II = 1> <Delay = 0.89> <FuncUnit> <Opcode : 'add' 'sub'> <InPorts = 2> <OutPorts = 1>
ST_2 : Operation 26 [1/1] (0.00ns)   --->   "%br_ln440 = br i1 %icmp_ln440, void %VITIS_LOOP_441_2.split, void %for.end59" [top.cpp:440]   --->   Operation 26 'br' 'br_ln440' <Predicate = true> <Delay = 0.00>
ST_2 : Operation 27 [1/1] (0.00ns)   --->   "%trunc_ln440 = trunc i7 %y_1" [top.cpp:440]   --->   Operation 27 'trunc' 'trunc_ln440' <Predicate = (!icmp_ln440)> <Delay = 0.00>
ST_2 : Operation 28 [1/1] (0.00ns)   --->   "%tmp_4 = bitconcatenate i12 @_ssdm_op_BitConcatenate.i12.i6.i6, i6 %trunc_ln440, i6 0" [top.cpp:444]   --->   Operation 28 'bitconcatenate' 'tmp_4' <Predicate = (!icmp_ln440)> <Delay = 0.00>
ST_2 : Operation 29 [1/1] (0.00ns)   --->   "%speclooptripcount_ln440 = speclooptripcount void @_ssdm_op_SpecLoopTripCount, i64 64, i64 64, i64 64" [top.cpp:440]   --->   Operation 29 'speclooptripcount' 'speclooptripcount_ln440' <Predicate = (!icmp_ln440)> <Delay = 0.00>
ST_2 : Operation 30 [1/1] (0.00ns)   --->   "%specloopname_ln440 = specloopname void @_ssdm_op_SpecLoopName, void @empty_14" [top.cpp:440]   --->   Operation 30 'specloopname' 'specloopname_ln440' <Predicate = (!icmp_ln440)> <Delay = 0.00>
ST_2 : Operation 31 [1/1] (0.48ns)   --->   "%br_ln441 = br void %for.body4" [top.cpp:441]   --->   Operation 31 'br' 'br_ln441' <Predicate = (!icmp_ln440)> <Delay = 0.48>

State 3 <SV = 2> <Delay = 2.31>
ST_3 : Operation 32 [1/1] (0.00ns)   --->   "%x = phi i7 0, void %VITIS_LOOP_441_2.split, i7 %add_ln441, void %for.body4.split_ifconv" [top.cpp:441]   --->   Operation 32 'phi' 'x' <Predicate = true> <Delay = 0.00>
ST_3 : Operation 33 [1/1] (0.89ns)   --->   "%icmp_ln441 = icmp_eq  i7 %x, i7 64" [top.cpp:441]   --->   Operation 33 'icmp' 'icmp_ln441' <Predicate = true> <Delay = 0.89> <CoreInst = "Cmp">   --->   Core 9 'Cmp' <Latency = 0> <II = 1> <Delay = 0.89> <FuncUnit> <Opcode : 'seteq' 'setne' 'setle' 'setge' 'setlt' 'setgt'> <InPorts = 2> <OutPorts = 1>
ST_3 : Operation 34 [1/1] (0.89ns)   --->   "%add_ln441 = add i7 %x, i7 1" [top.cpp:441]   --->   Operation 34 'add' 'add_ln441' <Predicate = true> <Delay = 0.89> <CoreInst = "Adder">   --->   Core 1 'Adder' <Latency = 0> <II = 1> <Delay = 0.89> <FuncUnit> <Opcode : 'add' 'sub'> <InPorts = 2> <OutPorts = 1>
ST_3 : Operation 35 [1/1] (0.00ns)   --->   "%br_ln441 = br i1 %icmp_ln441, void %for.body4.split_ifconv, void %for.inc57" [top.cpp:441]   --->   Operation 35 'br' 'br_ln441' <Predicate = true> <Delay = 0.00>
ST_3 : Operation 36 [1/1] (0.00ns)   --->   "%zext_ln444 = zext i7 %x" [top.cpp:444]   --->   Operation 36 'zext' 'zext_ln444' <Predicate = (!icmp_ln441)> <Delay = 0.00>
ST_3 : Operation 37 [1/1] (0.96ns)   --->   "%add_ln444 = add i12 %tmp_4, i12 %zext_ln444" [top.cpp:444]   --->   Operation 37 'add' 'add_ln444' <Predicate = (!icmp_ln441)> <Delay = 0.96> <CoreInst = "Adder">   --->   Core 1 'Adder' <Latency = 0> <II = 1> <Delay = 0.96> <FuncUnit> <Opcode : 'add' 'sub'> <InPorts = 2> <OutPorts = 1>
ST_3 : Operation 38 [1/1] (0.00ns)   --->   "%zext_ln444_1 = zext i12 %add_ln444" [top.cpp:444]   --->   Operation 38 'zext' 'zext_ln444_1' <Predicate = (!icmp_ln441)> <Delay = 0.00>
ST_3 : Operation 39 [1/1] (0.00ns)   --->   "%depth_buffer_addr = getelementptr i32 %depth_buffer, i64 0, i64 %zext_ln444_1" [top.cpp:444]   --->   Operation 39 'getelementptr' 'depth_buffer_addr' <Predicate = (!icmp_ln441)> <Delay = 0.00>
ST_3 : Operation 40 [2/2] (1.35ns)   --->   "%current_depth = load i12 %depth_buffer_addr" [top.cpp:444]   --->   Operation 40 'load' 'current_depth' <Predicate = (!icmp_ln441)> <Delay = 1.35> <CoreInst = "RAM">   --->   Core 82 'RAM' <Latency = 1> <II = 1> <Delay = 1.35> <Storage> <Opcode : 'load' 'store'> <Ports = 2> <Width = 32> <Depth = 4096> <RAM>
ST_3 : Operation 41 [1/1] (0.48ns)   --->   "%store_ln440 = store i7 %add_ln440, i7 %y" [top.cpp:440]   --->   Operation 41 'store' 'store_ln440' <Predicate = (icmp_ln441)> <Delay = 0.48>
ST_3 : Operation 42 [1/1] (0.00ns)   --->   "%br_ln440 = br void %VITIS_LOOP_441_2" [top.cpp:440]   --->   Operation 42 'br' 'br_ln440' <Predicate = (icmp_ln441)> <Delay = 0.00>

State 4 <SV = 3> <Delay = 2.55>
ST_4 : Operation 43 [1/1] (0.00ns)   --->   "%normal_buffer_x_addr = getelementptr i32 %normal_buffer_x, i64 0, i64 %zext_ln444_1" [top.cpp:451]   --->   Operation 43 'getelementptr' 'normal_buffer_x_addr' <Predicate = true> <Delay = 0.00>
ST_4 : Operation 44 [1/1] (0.00ns)   --->   "%normal_buffer_y_addr = getelementptr i32 %normal_buffer_y, i64 0, i64 %zext_ln444_1" [top.cpp:452]   --->   Operation 44 'getelementptr' 'normal_buffer_y_addr' <Predicate = true> <Delay = 0.00>
ST_4 : Operation 45 [1/1] (0.00ns)   --->   "%normal_buffer_z_addr = getelementptr i32 %normal_buffer_z, i64 0, i64 %zext_ln444_1" [top.cpp:453]   --->   Operation 45 'getelementptr' 'normal_buffer_z_addr' <Predicate = true> <Delay = 0.00>
ST_4 : Operation 46 [1/2] ( I:1.35ns O:1.35ns )   --->   "%current_depth = load i12 %depth_buffer_addr" [top.cpp:444]   --->   Operation 46 'load' 'current_depth' <Predicate = true> <Delay = 1.35> <CoreInst = "RAM">   --->   Core 82 'RAM' <Latency = 1> <II = 1> <Delay = 1.35> <Storage> <Opcode : 'load' 'store'> <Ports = 2> <Width = 32> <Depth = 4096> <RAM>
ST_4 : Operation 47 [1/1] (1.20ns)   --->   "%icmp_ln446 = icmp_eq  i32 %current_depth, i32 655294464" [top.cpp:446]   --->   Operation 47 'icmp' 'icmp_ln446' <Predicate = true> <Delay = 1.20> <CoreInst = "Cmp">   --->   Core 9 'Cmp' <Latency = 0> <II = 1> <Delay = 1.20> <FuncUnit> <Opcode : 'seteq' 'setne' 'setle' 'setge' 'setlt' 'setgt'> <InPorts = 2> <OutPorts = 1>
ST_4 : Operation 48 [2/2] (1.35ns)   --->   "%nx = load i12 %normal_buffer_x_addr" [top.cpp:451]   --->   Operation 48 'load' 'nx' <Predicate = true> <Delay = 1.35> <CoreInst = "RAM">   --->   Core 82 'RAM' <Latency = 1> <II = 1> <Delay = 1.35> <Storage> <Opcode : 'load' 'store'> <Ports = 2> <Width = 32> <Depth = 4096> <RAM>
ST_4 : Operation 49 [2/2] (1.35ns)   --->   "%ny = load i12 %normal_buffer_y_addr" [top.cpp:452]   --->   Operation 49 'load' 'ny' <Predicate = true> <Delay = 1.35> <CoreInst = "RAM">   --->   Core 82 'RAM' <Latency = 1> <II = 1> <Delay = 1.35> <Storage> <Opcode : 'load' 'store'> <Ports = 2> <Width = 32> <Depth = 4096> <RAM>
ST_4 : Operation 50 [2/2] (1.35ns)   --->   "%nz = load i12 %normal_buffer_z_addr" [top.cpp:453]   --->   Operation 50 'load' 'nz' <Predicate = true> <Delay = 1.35> <CoreInst = "RAM">   --->   Core 82 'RAM' <Latency = 1> <II = 1> <Delay = 1.35> <Storage> <Opcode : 'load' 'store'> <Ports = 2> <Width = 32> <Depth = 4096> <RAM>

State 5 <SV = 4> <Delay = 7.09>
ST_5 : Operation 51 [1/2] ( I:1.35ns O:1.35ns )   --->   "%nx = load i12 %normal_buffer_x_addr" [top.cpp:451]   --->   Operation 51 'load' 'nx' <Predicate = true> <Delay = 1.35> <CoreInst = "RAM">   --->   Core 82 'RAM' <Latency = 1> <II = 1> <Delay = 1.35> <Storage> <Opcode : 'load' 'store'> <Ports = 2> <Width = 32> <Depth = 4096> <RAM>
ST_5 : Operation 52 [1/2] ( I:1.35ns O:1.35ns )   --->   "%ny = load i12 %normal_buffer_y_addr" [top.cpp:452]   --->   Operation 52 'load' 'ny' <Predicate = true> <Delay = 1.35> <CoreInst = "RAM">   --->   Core 82 'RAM' <Latency = 1> <II = 1> <Delay = 1.35> <Storage> <Opcode : 'load' 'store'> <Ports = 2> <Width = 32> <Depth = 4096> <RAM>
ST_5 : Operation 53 [1/2] ( I:1.35ns O:1.35ns )   --->   "%nz = load i12 %normal_buffer_z_addr" [top.cpp:453]   --->   Operation 53 'load' 'nz' <Predicate = true> <Delay = 1.35> <CoreInst = "RAM">   --->   Core 82 'RAM' <Latency = 1> <II = 1> <Delay = 1.35> <Storage> <Opcode : 'load' 'store'> <Ports = 2> <Width = 32> <Depth = 4096> <RAM>
ST_5 : Operation 54 [1/1] (0.00ns)   --->   "%tmp = bitconcatenate i47 @_ssdm_op_BitConcatenate.i47.i32.i15, i32 %nx, i15 0" [top.cpp:457]   --->   Operation 54 'bitconcatenate' 'tmp' <Predicate = (!icmp_ln446)> <Delay = 0.00>
ST_5 : Operation 55 [1/1] (0.00ns)   --->   "%sext_ln457 = sext i47 %tmp" [top.cpp:457]   --->   Operation 55 'sext' 'sext_ln457' <Predicate = (!icmp_ln446)> <Delay = 0.00>
ST_5 : Operation 56 [1/1] (0.00ns)   --->   "%tmp_1 = bitconcatenate i44 @_ssdm_op_BitConcatenate.i44.i32.i12, i32 %nx, i12 0" [top.cpp:457]   --->   Operation 56 'bitconcatenate' 'tmp_1' <Predicate = (!icmp_ln446)> <Delay = 0.00>
ST_5 : Operation 57 [1/1] (0.00ns)   --->   "%sext_ln457_1 = sext i44 %tmp_1" [top.cpp:457]   --->   Operation 57 'sext' 'sext_ln457_1' <Predicate = (!icmp_ln446)> <Delay = 0.00>
ST_5 : Operation 58 [1/1] (1.26ns)   --->   "%add_ln457_1 = add i49 %sext_ln457, i49 %sext_ln457_1" [top.cpp:457]   --->   Operation 58 'add' 'add_ln457_1' <Predicate = (!icmp_ln446)> <Delay = 1.26> <CoreInst = "Adder">   --->   Core 1 'Adder' <Latency = 0> <II = 1> <Delay = 1.26> <FuncUnit> <Opcode : 'add' 'sub'> <InPorts = 2> <OutPorts = 1>
ST_5 : Operation 59 [1/1] (0.00ns)   --->   "%tmp_2 = bitconcatenate i42 @_ssdm_op_BitConcatenate.i42.i32.i10, i32 %nx, i10 0" [top.cpp:457]   --->   Operation 59 'bitconcatenate' 'tmp_2' <Predicate = (!icmp_ln446)> <Delay = 0.00>
ST_5 : Operation 60 [1/1] (0.00ns)   --->   "%sext_ln457_2 = sext i42 %tmp_2" [top.cpp:457]   --->   Operation 60 'sext' 'sext_ln457_2' <Predicate = (!icmp_ln446)> <Delay = 0.00>
ST_5 : Operation 61 [1/1] (0.00ns) (grouped into TernaryAdder)   --->   "%add_ln457_2 = add i49 %add_ln457_1, i49 %sext_ln457_2" [top.cpp:457]   --->   Operation 61 'add' 'add_ln457_2' <Predicate = (!icmp_ln446)> <Delay = 0.00> <CoreInst = "TAddSub">   --->   Core 10 'TAddSub' <Latency = 0> <II = 1> <Delay = 0.47> <IPBlock> <Opcode : 'add' 'sub'> <InPorts = 3> <OutPorts = 1> <Sync> <CReg>
ST_5 : Operation 62 [1/1] (0.00ns)   --->   "%tmp_3 = bitconcatenate i38 @_ssdm_op_BitConcatenate.i38.i32.i6, i32 %nx, i6 0" [top.cpp:457]   --->   Operation 62 'bitconcatenate' 'tmp_3' <Predicate = (!icmp_ln446)> <Delay = 0.00>
ST_5 : Operation 63 [1/1] (0.00ns)   --->   "%sext_ln457_3 = sext i38 %tmp_3" [top.cpp:457]   --->   Operation 63 'sext' 'sext_ln457_3' <Predicate = (!icmp_ln446)> <Delay = 0.00>
ST_5 : Operation 64 [1/1] (0.94ns) (root node of TernaryAdder)   --->   "%sub_ln457 = sub i49 %add_ln457_2, i49 %sext_ln457_3" [top.cpp:457]   --->   Operation 64 'sub' 'sub_ln457' <Predicate = (!icmp_ln446)> <Delay = 0.94> <CoreInst = "TAddSub">   --->   Core 10 'TAddSub' <Latency = 0> <II = 1> <Delay = 0.47> <IPBlock> <Opcode : 'add' 'sub'> <InPorts = 3> <OutPorts = 1> <Sync> <CReg>
ST_5 : Operation 65 [1/1] (0.00ns)   --->   "%tmp_5 = bitconcatenate i35 @_ssdm_op_BitConcatenate.i35.i32.i3, i32 %nx, i3 0" [top.cpp:457]   --->   Operation 65 'bitconcatenate' 'tmp_5' <Predicate = (!icmp_ln446)> <Delay = 0.00>
ST_5 : Operation 66 [1/1] (0.00ns)   --->   "%sext_ln457_4 = sext i35 %tmp_5" [top.cpp:457]   --->   Operation 66 'sext' 'sext_ln457_4' <Predicate = (!icmp_ln446)> <Delay = 0.00>
ST_5 : Operation 67 [1/1] (0.00ns) (grouped into TernaryAdder)   --->   "%sub_ln457_1 = sub i49 %sub_ln457, i49 %sext_ln457_4" [top.cpp:457]   --->   Operation 67 'sub' 'sub_ln457_1' <Predicate = (!icmp_ln446)> <Delay = 0.00> <CoreInst = "TAddSub">   --->   Core 10 'TAddSub' <Latency = 0> <II = 1> <Delay = 0.47> <IPBlock> <Opcode : 'add' 'sub'> <InPorts = 3> <OutPorts = 1> <Sync> <CReg>
ST_5 : Operation 68 [1/1] (0.00ns)   --->   "%tmp_6 = bitconcatenate i33 @_ssdm_op_BitConcatenate.i33.i32.i1, i32 %nx, i1 0" [top.cpp:457]   --->   Operation 68 'bitconcatenate' 'tmp_6' <Predicate = (!icmp_ln446)> <Delay = 0.00>
ST_5 : Operation 69 [1/1] (0.00ns)   --->   "%sext_ln457_5 = sext i33 %tmp_6" [top.cpp:457]   --->   Operation 69 'sext' 'sext_ln457_5' <Predicate = (!icmp_ln446)> <Delay = 0.00>
ST_5 : Operation 70 [1/1] (0.94ns) (root node of TernaryAdder)   --->   "%sub_ln457_2 = sub i49 %sub_ln457_1, i49 %sext_ln457_5" [top.cpp:457]   --->   Operation 70 'sub' 'sub_ln457_2' <Predicate = (!icmp_ln446)> <Delay = 0.94> <CoreInst = "TAddSub">   --->   Core 10 'TAddSub' <Latency = 0> <II = 1> <Delay = 0.47> <IPBlock> <Opcode : 'add' 'sub'> <InPorts = 3> <OutPorts = 1> <Sync> <CReg>
ST_5 : Operation 71 [1/1] (0.00ns)   --->   "%tmp_7 = bitselect i1 @_ssdm_op_BitSelect.i1.i49.i32, i49 %sub_ln457_2, i32 48" [top.cpp:457]   --->   Operation 71 'bitselect' 'tmp_7' <Predicate = (!icmp_ln446)> <Delay = 0.00>
ST_5 : Operation 72 [1/1] (0.00ns)   --->   "%trunc_ln1 = partselect i32 @_ssdm_op_PartSelect.i32.i49.i32.i32, i49 %sub_ln457_2, i32 16, i32 47" [top.cpp:457]   --->   Operation 72 'partselect' 'trunc_ln1' <Predicate = (!icmp_ln446)> <Delay = 0.00>
ST_5 : Operation 73 [1/1] (0.00ns)   --->   "%tmp_8 = bitselect i1 @_ssdm_op_BitSelect.i1.i49.i32, i49 %sub_ln457_2, i32 15" [top.cpp:457]   --->   Operation 73 'bitselect' 'tmp_8' <Predicate = (!icmp_ln446)> <Delay = 0.00>
ST_5 : Operation 74 [1/1] (0.00ns)   --->   "%tmp_9 = bitselect i1 @_ssdm_op_BitSelect.i1.i49.i32, i49 %sub_ln457_2, i32 47" [top.cpp:457]   --->   Operation 74 'bitselect' 'tmp_9' <Predicate = (!icmp_ln446)> <Delay = 0.00>
ST_5 : Operation 75 [1/1] (0.00ns)   --->   "%zext_ln457 = zext i1 %tmp_8" [top.cpp:457]   --->   Operation 75 'zext' 'zext_ln457' <Predicate = (!icmp_ln446)> <Delay = 0.00>
ST_5 : Operation 76 [1/1] (1.20ns)   --->   "%add_ln457 = add i32 %trunc_ln1, i32 %zext_ln457" [top.cpp:457]   --->   Operation 76 'add' 'add_ln457' <Predicate = (!icmp_ln446)> <Delay = 1.20> <CoreInst = "Adder">   --->   Core 1 'Adder' <Latency = 0> <II = 1> <Delay = 1.20> <FuncUnit> <Opcode : 'add' 'sub'> <InPorts = 2> <OutPorts = 1>
ST_5 : Operation 77 [1/1] (0.00ns)   --->   "%tmp_10 = bitselect i1 @_ssdm_op_BitSelect.i1.i32.i32, i32 %add_ln457, i32 31" [top.cpp:457]   --->   Operation 77 'bitselect' 'tmp_10' <Predicate = (!icmp_ln446)> <Delay = 0.00>
ST_5 : Operation 78 [1/1] (0.00ns) (grouped into LUT with out node or_ln457_1)   --->   "%xor_ln457 = xor i1 %tmp_10, i1 1" [top.cpp:457]   --->   Operation 78 'xor' 'xor_ln457' <Predicate = (!icmp_ln446)> <Delay = 0.00> <CoreInst = "LogicGate">   --->   Core 74 'LogicGate' <Latency = 0> <II = 1> <Delay = 0.33> <FuncUnit> <Opcode : 'and' 'or' 'xor'> <InPorts = 2> <OutPorts = 1>
ST_5 : Operation 79 [1/1] (0.00ns) (grouped into LUT with out node or_ln457_1)   --->   "%and_ln457 = and i1 %tmp_9, i1 %xor_ln457" [top.cpp:457]   --->   Operation 79 'and' 'and_ln457' <Predicate = (!icmp_ln446)> <Delay = 0.00> <CoreInst = "LogicGate">   --->   Core 74 'LogicGate' <Latency = 0> <II = 1> <Delay = 0.33> <FuncUnit> <Opcode : 'and' 'or' 'xor'> <InPorts = 2> <OutPorts = 1>
ST_5 : Operation 80 [1/1] (0.00ns) (grouped into LUT with out node and_ln457_1)   --->   "%xor_ln457_2 = xor i1 %tmp_9, i1 1" [top.cpp:457]   --->   Operation 80 'xor' 'xor_ln457_2' <Predicate = (!icmp_ln446)> <Delay = 0.00> <CoreInst = "LogicGate">   --->   Core 74 'LogicGate' <Latency = 0> <II = 1> <Delay = 0.33> <FuncUnit> <Opcode : 'and' 'or' 'xor'> <InPorts = 2> <OutPorts = 1>
ST_5 : Operation 81 [1/1] (0.00ns) (grouped into LUT with out node and_ln457_1)   --->   "%or_ln457_2 = or i1 %tmp_10, i1 %xor_ln457_2" [top.cpp:457]   --->   Operation 81 'or' 'or_ln457_2' <Predicate = (!icmp_ln446)> <Delay = 0.00> <CoreInst = "LogicGate">   --->   Core 74 'LogicGate' <Latency = 0> <II = 1> <Delay = 0.33> <FuncUnit> <Opcode : 'and' 'or' 'xor'> <InPorts = 2> <OutPorts = 1>
ST_5 : Operation 82 [1/1] (0.00ns) (grouped into LUT with out node and_ln457_1)   --->   "%xor_ln457_4 = xor i1 %tmp_7, i1 %or_ln457_2" [top.cpp:457]   --->   Operation 82 'xor' 'xor_ln457_4' <Predicate = (!icmp_ln446)> <Delay = 0.00> <CoreInst = "LogicGate">   --->   Core 74 'LogicGate' <Latency = 0> <II = 1> <Delay = 0.33> <FuncUnit> <Opcode : 'and' 'or' 'xor'> <InPorts = 2> <OutPorts = 1>
ST_5 : Operation 83 [1/1] (0.00ns) (grouped into LUT with out node and_ln457_1)   --->   "%xor_ln457_1 = xor i1 %tmp_7, i1 1" [top.cpp:457]   --->   Operation 83 'xor' 'xor_ln457_1' <Predicate = (!icmp_ln446)> <Delay = 0.00> <CoreInst = "LogicGate">   --->   Core 74 'LogicGate' <Latency = 0> <II = 1> <Delay = 0.33> <FuncUnit> <Opcode : 'and' 'or' 'xor'> <InPorts = 2> <OutPorts = 1>
ST_5 : Operation 84 [1/1] (0.00ns) (grouped into LUT with out node and_ln457_1)   --->   "%xor_ln457_3 = xor i1 %xor_ln457_4, i1 1" [top.cpp:457]   --->   Operation 84 'xor' 'xor_ln457_3' <Predicate = (!icmp_ln446)> <Delay = 0.00> <CoreInst = "LogicGate">   --->   Core 74 'LogicGate' <Latency = 0> <II = 1> <Delay = 0.33> <FuncUnit> <Opcode : 'and' 'or' 'xor'> <InPorts = 2> <OutPorts = 1>
ST_5 : Operation 85 [1/1] (0.00ns) (grouped into LUT with out node and_ln457_1)   --->   "%or_ln457 = or i1 %tmp_10, i1 %xor_ln457_3" [top.cpp:457]   --->   Operation 85 'or' 'or_ln457' <Predicate = (!icmp_ln446)> <Delay = 0.00> <CoreInst = "LogicGate">   --->   Core 74 'LogicGate' <Latency = 0> <II = 1> <Delay = 0.33> <FuncUnit> <Opcode : 'and' 'or' 'xor'> <InPorts = 2> <OutPorts = 1>
ST_5 : Operation 86 [1/1] (0.33ns) (out node of the LUT)   --->   "%and_ln457_1 = and i1 %or_ln457, i1 %xor_ln457_1" [top.cpp:457]   --->   Operation 86 'and' 'and_ln457_1' <Predicate = (!icmp_ln446)> <Delay = 0.33> <CoreInst = "LogicGate">   --->   Core 74 'LogicGate' <Latency = 0> <II = 1> <Delay = 0.33> <FuncUnit> <Opcode : 'and' 'or' 'xor'> <InPorts = 2> <OutPorts = 1>
ST_5 : Operation 87 [1/1] (0.00ns) (grouped into LUT with out node or_ln457_1)   --->   "%or_ln457_3 = or i1 %and_ln457, i1 %tmp_10" [top.cpp:457]   --->   Operation 87 'or' 'or_ln457_3' <Predicate = (!icmp_ln446)> <Delay = 0.00> <CoreInst = "LogicGate">   --->   Core 74 'LogicGate' <Latency = 0> <II = 1> <Delay = 0.33> <FuncUnit> <Opcode : 'and' 'or' 'xor'> <InPorts = 2> <OutPorts = 1>
ST_5 : Operation 88 [1/1] (0.00ns) (grouped into LUT with out node or_ln457_1)   --->   "%xor_ln457_5 = xor i1 %or_ln457_3, i1 1" [top.cpp:457]   --->   Operation 88 'xor' 'xor_ln457_5' <Predicate = (!icmp_ln446)> <Delay = 0.00> <CoreInst = "LogicGate">   --->   Core 74 'LogicGate' <Latency = 0> <II = 1> <Delay = 0.33> <FuncUnit> <Opcode : 'and' 'or' 'xor'> <InPorts = 2> <OutPorts = 1>
ST_5 : Operation 89 [1/1] (0.00ns) (grouped into LUT with out node or_ln457_1)   --->   "%and_ln457_2 = and i1 %tmp_7, i1 %xor_ln457_5" [top.cpp:457]   --->   Operation 89 'and' 'and_ln457_2' <Predicate = (!icmp_ln446)> <Delay = 0.00> <CoreInst = "LogicGate">   --->   Core 74 'LogicGate' <Latency = 0> <II = 1> <Delay = 0.33> <FuncUnit> <Opcode : 'and' 'or' 'xor'> <InPorts = 2> <OutPorts = 1>
ST_5 : Operation 90 [1/1] (0.00ns) (grouped into LUT with out node dot_x)   --->   "%select_ln457 = select i1 %and_ln457_1, i32 2147483647, i32 2147483648" [top.cpp:457]   --->   Operation 90 'select' 'select_ln457' <Predicate = (!icmp_ln446)> <Delay = 0.00> <CoreInst = "Sel">   --->   Core 73 'Sel' <Latency = 0> <II = 1> <Delay = 0.52> <FuncUnit> <Opcode : 'select'> <InPorts = 3> <OutPorts = 1>
ST_5 : Operation 91 [1/1] (0.33ns) (out node of the LUT)   --->   "%or_ln457_1 = or i1 %and_ln457_1, i1 %and_ln457_2" [top.cpp:457]   --->   Operation 91 'or' 'or_ln457_1' <Predicate = (!icmp_ln446)> <Delay = 0.33> <CoreInst = "LogicGate">   --->   Core 74 'LogicGate' <Latency = 0> <II = 1> <Delay = 0.33> <FuncUnit> <Opcode : 'and' 'or' 'xor'> <InPorts = 2> <OutPorts = 1>
ST_5 : Operation 92 [1/1] (0.52ns) (out node of the LUT)   --->   "%dot_x = select i1 %or_ln457_1, i32 %select_ln457, i32 %add_ln457" [top.cpp:457]   --->   Operation 92 'select' 'dot_x' <Predicate = (!icmp_ln446)> <Delay = 0.52> <CoreInst = "Sel">   --->   Core 73 'Sel' <Latency = 0> <II = 1> <Delay = 0.52> <FuncUnit> <Opcode : 'select'> <InPorts = 3> <OutPorts = 1>
ST_5 : Operation 93 [1/1] (0.00ns)   --->   "%sext_ln460 = sext i32 %ny" [top.cpp:460]   --->   Operation 93 'sext' 'sext_ln460' <Predicate = (!icmp_ln446)> <Delay = 0.00>
ST_5 : Operation 94 [1/1] (3.88ns)   --->   "%mul_ln460 = mul i49 %sext_ln460, i49 562949953383498" [top.cpp:460]   --->   Operation 94 'mul' 'mul_ln460' <Predicate = (!icmp_ln446)> <Delay = 3.88> <CoreInst = "Multiplier">   --->   Core 3 'Multiplier' <Latency = 0> <II = 1> <Delay = 3.88> <FuncUnit> <Opcode : 'mul'> <InPorts = 2> <OutPorts = 1>
ST_5 : Operation 95 [1/1] (0.00ns)   --->   "%tmp_11 = bitselect i1 @_ssdm_op_BitSelect.i1.i49.i32, i49 %mul_ln460, i32 48" [top.cpp:460]   --->   Operation 95 'bitselect' 'tmp_11' <Predicate = (!icmp_ln446)> <Delay = 0.00>
ST_5 : Operation 96 [1/1] (0.00ns)   --->   "%trunc_ln2 = partselect i32 @_ssdm_op_PartSelect.i32.i49.i32.i32, i49 %mul_ln460, i32 16, i32 47" [top.cpp:460]   --->   Operation 96 'partselect' 'trunc_ln2' <Predicate = (!icmp_ln446)> <Delay = 0.00>
ST_5 : Operation 97 [1/1] (0.00ns)   --->   "%tmp_12 = bitselect i1 @_ssdm_op_BitSelect.i1.i49.i32, i49 %mul_ln460, i32 15" [top.cpp:460]   --->   Operation 97 'bitselect' 'tmp_12' <Predicate = (!icmp_ln446)> <Delay = 0.00>
ST_5 : Operation 98 [1/1] (0.00ns)   --->   "%tmp_13 = bitselect i1 @_ssdm_op_BitSelect.i1.i49.i32, i49 %mul_ln460, i32 47" [top.cpp:460]   --->   Operation 98 'bitselect' 'tmp_13' <Predicate = (!icmp_ln446)> <Delay = 0.00>
ST_5 : Operation 99 [1/1] (0.00ns)   --->   "%zext_ln460 = zext i1 %tmp_12" [top.cpp:460]   --->   Operation 99 'zext' 'zext_ln460' <Predicate = (!icmp_ln446)> <Delay = 0.00>
ST_5 : Operation 100 [1/1] (1.20ns)   --->   "%add_ln460 = add i32 %trunc_ln2, i32 %zext_ln460" [top.cpp:460]   --->   Operation 100 'add' 'add_ln460' <Predicate = (!icmp_ln446)> <Delay = 1.20> <CoreInst = "Adder">   --->   Core 1 'Adder' <Latency = 0> <II = 1> <Delay = 1.20> <FuncUnit> <Opcode : 'add' 'sub'> <InPorts = 2> <OutPorts = 1>
ST_5 : Operation 101 [1/1] (0.00ns)   --->   "%tmp_14 = bitselect i1 @_ssdm_op_BitSelect.i1.i32.i32, i32 %add_ln460, i32 31" [top.cpp:460]   --->   Operation 101 'bitselect' 'tmp_14' <Predicate = (!icmp_ln446)> <Delay = 0.00>
ST_5 : Operation 102 [1/1] (0.00ns) (grouped into LUT with out node or_ln460_1)   --->   "%xor_ln460 = xor i1 %tmp_14, i1 1" [top.cpp:460]   --->   Operation 102 'xor' 'xor_ln460' <Predicate = (!icmp_ln446)> <Delay = 0.00> <CoreInst = "LogicGate">   --->   Core 74 'LogicGate' <Latency = 0> <II = 1> <Delay = 0.33> <FuncUnit> <Opcode : 'and' 'or' 'xor'> <InPorts = 2> <OutPorts = 1>
ST_5 : Operation 103 [1/1] (0.00ns) (grouped into LUT with out node or_ln460_1)   --->   "%and_ln460 = and i1 %tmp_13, i1 %xor_ln460" [top.cpp:460]   --->   Operation 103 'and' 'and_ln460' <Predicate = (!icmp_ln446)> <Delay = 0.00> <CoreInst = "LogicGate">   --->   Core 74 'LogicGate' <Latency = 0> <II = 1> <Delay = 0.33> <FuncUnit> <Opcode : 'and' 'or' 'xor'> <InPorts = 2> <OutPorts = 1>
ST_5 : Operation 104 [1/1] (0.00ns) (grouped into LUT with out node and_ln460_1)   --->   "%xor_ln460_2 = xor i1 %tmp_13, i1 1" [top.cpp:460]   --->   Operation 104 'xor' 'xor_ln460_2' <Predicate = (!icmp_ln446)> <Delay = 0.00> <CoreInst = "LogicGate">   --->   Core 74 'LogicGate' <Latency = 0> <II = 1> <Delay = 0.33> <FuncUnit> <Opcode : 'and' 'or' 'xor'> <InPorts = 2> <OutPorts = 1>
ST_5 : Operation 105 [1/1] (0.00ns) (grouped into LUT with out node and_ln460_1)   --->   "%or_ln460_2 = or i1 %tmp_14, i1 %xor_ln460_2" [top.cpp:460]   --->   Operation 105 'or' 'or_ln460_2' <Predicate = (!icmp_ln446)> <Delay = 0.00> <CoreInst = "LogicGate">   --->   Core 74 'LogicGate' <Latency = 0> <II = 1> <Delay = 0.33> <FuncUnit> <Opcode : 'and' 'or' 'xor'> <InPorts = 2> <OutPorts = 1>
ST_5 : Operation 106 [1/1] (0.00ns) (grouped into LUT with out node and_ln460_1)   --->   "%xor_ln460_4 = xor i1 %tmp_11, i1 %or_ln460_2" [top.cpp:460]   --->   Operation 106 'xor' 'xor_ln460_4' <Predicate = (!icmp_ln446)> <Delay = 0.00> <CoreInst = "LogicGate">   --->   Core 74 'LogicGate' <Latency = 0> <II = 1> <Delay = 0.33> <FuncUnit> <Opcode : 'and' 'or' 'xor'> <InPorts = 2> <OutPorts = 1>
ST_5 : Operation 107 [1/1] (0.00ns) (grouped into LUT with out node and_ln460_1)   --->   "%xor_ln460_1 = xor i1 %tmp_11, i1 1" [top.cpp:460]   --->   Operation 107 'xor' 'xor_ln460_1' <Predicate = (!icmp_ln446)> <Delay = 0.00> <CoreInst = "LogicGate">   --->   Core 74 'LogicGate' <Latency = 0> <II = 1> <Delay = 0.33> <FuncUnit> <Opcode : 'and' 'or' 'xor'> <InPorts = 2> <OutPorts = 1>
ST_5 : Operation 108 [1/1] (0.00ns) (grouped into LUT with out node and_ln460_1)   --->   "%xor_ln460_3 = xor i1 %xor_ln460_4, i1 1" [top.cpp:460]   --->   Operation 108 'xor' 'xor_ln460_3' <Predicate = (!icmp_ln446)> <Delay = 0.00> <CoreInst = "LogicGate">   --->   Core 74 'LogicGate' <Latency = 0> <II = 1> <Delay = 0.33> <FuncUnit> <Opcode : 'and' 'or' 'xor'> <InPorts = 2> <OutPorts = 1>
ST_5 : Operation 109 [1/1] (0.00ns) (grouped into LUT with out node and_ln460_1)   --->   "%or_ln460 = or i1 %tmp_14, i1 %xor_ln460_3" [top.cpp:460]   --->   Operation 109 'or' 'or_ln460' <Predicate = (!icmp_ln446)> <Delay = 0.00> <CoreInst = "LogicGate">   --->   Core 74 'LogicGate' <Latency = 0> <II = 1> <Delay = 0.33> <FuncUnit> <Opcode : 'and' 'or' 'xor'> <InPorts = 2> <OutPorts = 1>
ST_5 : Operation 110 [1/1] (0.33ns) (out node of the LUT)   --->   "%and_ln460_1 = and i1 %or_ln460, i1 %xor_ln460_1" [top.cpp:460]   --->   Operation 110 'and' 'and_ln460_1' <Predicate = (!icmp_ln446)> <Delay = 0.33> <CoreInst = "LogicGate">   --->   Core 74 'LogicGate' <Latency = 0> <II = 1> <Delay = 0.33> <FuncUnit> <Opcode : 'and' 'or' 'xor'> <InPorts = 2> <OutPorts = 1>
ST_5 : Operation 111 [1/1] (0.00ns) (grouped into LUT with out node or_ln460_1)   --->   "%or_ln460_3 = or i1 %and_ln460, i1 %tmp_14" [top.cpp:460]   --->   Operation 111 'or' 'or_ln460_3' <Predicate = (!icmp_ln446)> <Delay = 0.00> <CoreInst = "LogicGate">   --->   Core 74 'LogicGate' <Latency = 0> <II = 1> <Delay = 0.33> <FuncUnit> <Opcode : 'and' 'or' 'xor'> <InPorts = 2> <OutPorts = 1>
ST_5 : Operation 112 [1/1] (0.00ns) (grouped into LUT with out node or_ln460_1)   --->   "%xor_ln460_5 = xor i1 %or_ln460_3, i1 1" [top.cpp:460]   --->   Operation 112 'xor' 'xor_ln460_5' <Predicate = (!icmp_ln446)> <Delay = 0.00> <CoreInst = "LogicGate">   --->   Core 74 'LogicGate' <Latency = 0> <II = 1> <Delay = 0.33> <FuncUnit> <Opcode : 'and' 'or' 'xor'> <InPorts = 2> <OutPorts = 1>
ST_5 : Operation 113 [1/1] (0.00ns) (grouped into LUT with out node or_ln460_1)   --->   "%and_ln460_2 = and i1 %tmp_11, i1 %xor_ln460_5" [top.cpp:460]   --->   Operation 113 'and' 'and_ln460_2' <Predicate = (!icmp_ln446)> <Delay = 0.00> <CoreInst = "LogicGate">   --->   Core 74 'LogicGate' <Latency = 0> <II = 1> <Delay = 0.33> <FuncUnit> <Opcode : 'and' 'or' 'xor'> <InPorts = 2> <OutPorts = 1>
ST_5 : Operation 114 [1/1] (0.33ns) (out node of the LUT)   --->   "%or_ln460_1 = or i1 %and_ln460_1, i1 %and_ln460_2" [top.cpp:460]   --->   Operation 114 'or' 'or_ln460_1' <Predicate = (!icmp_ln446)> <Delay = 0.33> <CoreInst = "LogicGate">   --->   Core 74 'LogicGate' <Latency = 0> <II = 1> <Delay = 0.33> <FuncUnit> <Opcode : 'and' 'or' 'xor'> <InPorts = 2> <OutPorts = 1>
ST_5 : Operation 115 [1/1] (0.00ns)   --->   "%tmp_15 = bitconcatenate i47 @_ssdm_op_BitConcatenate.i47.i32.i15, i32 %nz, i15 0" [top.cpp:463]   --->   Operation 115 'bitconcatenate' 'tmp_15' <Predicate = (!icmp_ln446)> <Delay = 0.00>
ST_5 : Operation 116 [1/1] (0.00ns)   --->   "%sext_ln463 = sext i47 %tmp_15" [top.cpp:463]   --->   Operation 116 'sext' 'sext_ln463' <Predicate = (!icmp_ln446)> <Delay = 0.00>
ST_5 : Operation 117 [1/1] (0.00ns)   --->   "%tmp_16 = bitconcatenate i44 @_ssdm_op_BitConcatenate.i44.i32.i12, i32 %nz, i12 0" [top.cpp:463]   --->   Operation 117 'bitconcatenate' 'tmp_16' <Predicate = (!icmp_ln446)> <Delay = 0.00>
ST_5 : Operation 118 [1/1] (0.00ns)   --->   "%sext_ln463_1 = sext i44 %tmp_16" [top.cpp:463]   --->   Operation 118 'sext' 'sext_ln463_1' <Predicate = (!icmp_ln446)> <Delay = 0.00>
ST_5 : Operation 119 [1/1] (1.26ns)   --->   "%add_ln463_1 = add i49 %sext_ln463, i49 %sext_ln463_1" [top.cpp:463]   --->   Operation 119 'add' 'add_ln463_1' <Predicate = (!icmp_ln446)> <Delay = 1.26> <CoreInst = "Adder">   --->   Core 1 'Adder' <Latency = 0> <II = 1> <Delay = 1.26> <FuncUnit> <Opcode : 'add' 'sub'> <InPorts = 2> <OutPorts = 1>
ST_5 : Operation 120 [1/1] (0.00ns)   --->   "%tmp_17 = bitconcatenate i42 @_ssdm_op_BitConcatenate.i42.i32.i10, i32 %nz, i10 0" [top.cpp:463]   --->   Operation 120 'bitconcatenate' 'tmp_17' <Predicate = (!icmp_ln446)> <Delay = 0.00>
ST_5 : Operation 121 [1/1] (0.00ns)   --->   "%sext_ln463_2 = sext i42 %tmp_17" [top.cpp:463]   --->   Operation 121 'sext' 'sext_ln463_2' <Predicate = (!icmp_ln446)> <Delay = 0.00>
ST_5 : Operation 122 [1/1] (0.00ns) (grouped into TernaryAdder)   --->   "%add_ln463_2 = add i49 %add_ln463_1, i49 %sext_ln463_2" [top.cpp:463]   --->   Operation 122 'add' 'add_ln463_2' <Predicate = (!icmp_ln446)> <Delay = 0.00> <CoreInst = "TAddSub">   --->   Core 10 'TAddSub' <Latency = 0> <II = 1> <Delay = 0.47> <IPBlock> <Opcode : 'add' 'sub'> <InPorts = 3> <OutPorts = 1> <Sync> <CReg>
ST_5 : Operation 123 [1/1] (0.00ns)   --->   "%tmp_18 = bitconcatenate i38 @_ssdm_op_BitConcatenate.i38.i32.i6, i32 %nz, i6 0" [top.cpp:463]   --->   Operation 123 'bitconcatenate' 'tmp_18' <Predicate = (!icmp_ln446)> <Delay = 0.00>
ST_5 : Operation 124 [1/1] (0.00ns)   --->   "%sext_ln463_3 = sext i38 %tmp_18" [top.cpp:463]   --->   Operation 124 'sext' 'sext_ln463_3' <Predicate = (!icmp_ln446)> <Delay = 0.00>
ST_5 : Operation 125 [1/1] (0.94ns) (root node of TernaryAdder)   --->   "%sub_ln463 = sub i49 %add_ln463_2, i49 %sext_ln463_3" [top.cpp:463]   --->   Operation 125 'sub' 'sub_ln463' <Predicate = (!icmp_ln446)> <Delay = 0.94> <CoreInst = "TAddSub">   --->   Core 10 'TAddSub' <Latency = 0> <II = 1> <Delay = 0.47> <IPBlock> <Opcode : 'add' 'sub'> <InPorts = 3> <OutPorts = 1> <Sync> <CReg>
ST_5 : Operation 126 [1/1] (0.00ns)   --->   "%tmp_19 = bitconcatenate i35 @_ssdm_op_BitConcatenate.i35.i32.i3, i32 %nz, i3 0" [top.cpp:463]   --->   Operation 126 'bitconcatenate' 'tmp_19' <Predicate = (!icmp_ln446)> <Delay = 0.00>
ST_5 : Operation 127 [1/1] (0.00ns)   --->   "%sext_ln463_4 = sext i35 %tmp_19" [top.cpp:463]   --->   Operation 127 'sext' 'sext_ln463_4' <Predicate = (!icmp_ln446)> <Delay = 0.00>
ST_5 : Operation 128 [1/1] (0.00ns) (grouped into TernaryAdder)   --->   "%sub_ln463_1 = sub i49 %sub_ln463, i49 %sext_ln463_4" [top.cpp:463]   --->   Operation 128 'sub' 'sub_ln463_1' <Predicate = (!icmp_ln446)> <Delay = 0.00> <CoreInst = "TAddSub">   --->   Core 10 'TAddSub' <Latency = 0> <II = 1> <Delay = 0.47> <IPBlock> <Opcode : 'add' 'sub'> <InPorts = 3> <OutPorts = 1> <Sync> <CReg>
ST_5 : Operation 129 [1/1] (0.00ns)   --->   "%tmp_20 = bitconcatenate i33 @_ssdm_op_BitConcatenate.i33.i32.i1, i32 %nz, i1 0" [top.cpp:463]   --->   Operation 129 'bitconcatenate' 'tmp_20' <Predicate = (!icmp_ln446)> <Delay = 0.00>
ST_5 : Operation 130 [1/1] (0.00ns)   --->   "%sext_ln463_5 = sext i33 %tmp_20" [top.cpp:463]   --->   Operation 130 'sext' 'sext_ln463_5' <Predicate = (!icmp_ln446)> <Delay = 0.00>
ST_5 : Operation 131 [1/1] (0.94ns) (root node of TernaryAdder)   --->   "%sub_ln463_2 = sub i49 %sub_ln463_1, i49 %sext_ln463_5" [top.cpp:463]   --->   Operation 131 'sub' 'sub_ln463_2' <Predicate = (!icmp_ln446)> <Delay = 0.94> <CoreInst = "TAddSub">   --->   Core 10 'TAddSub' <Latency = 0> <II = 1> <Delay = 0.47> <IPBlock> <Opcode : 'add' 'sub'> <InPorts = 3> <OutPorts = 1> <Sync> <CReg>
ST_5 : Operation 132 [1/1] (0.00ns)   --->   "%tmp_21 = bitselect i1 @_ssdm_op_BitSelect.i1.i49.i32, i49 %sub_ln463_2, i32 48" [top.cpp:463]   --->   Operation 132 'bitselect' 'tmp_21' <Predicate = (!icmp_ln446)> <Delay = 0.00>
ST_5 : Operation 133 [1/1] (0.00ns)   --->   "%trunc_ln3 = partselect i32 @_ssdm_op_PartSelect.i32.i49.i32.i32, i49 %sub_ln463_2, i32 16, i32 47" [top.cpp:463]   --->   Operation 133 'partselect' 'trunc_ln3' <Predicate = (!icmp_ln446)> <Delay = 0.00>
ST_5 : Operation 134 [1/1] (0.00ns)   --->   "%tmp_22 = bitselect i1 @_ssdm_op_BitSelect.i1.i49.i32, i49 %sub_ln463_2, i32 15" [top.cpp:463]   --->   Operation 134 'bitselect' 'tmp_22' <Predicate = (!icmp_ln446)> <Delay = 0.00>
ST_5 : Operation 135 [1/1] (0.00ns)   --->   "%tmp_23 = bitselect i1 @_ssdm_op_BitSelect.i1.i49.i32, i49 %sub_ln463_2, i32 47" [top.cpp:463]   --->   Operation 135 'bitselect' 'tmp_23' <Predicate = (!icmp_ln446)> <Delay = 0.00>
ST_5 : Operation 136 [1/1] (0.00ns)   --->   "%zext_ln463 = zext i1 %tmp_22" [top.cpp:463]   --->   Operation 136 'zext' 'zext_ln463' <Predicate = (!icmp_ln446)> <Delay = 0.00>
ST_5 : Operation 137 [1/1] (1.20ns)   --->   "%add_ln463 = add i32 %trunc_ln3, i32 %zext_ln463" [top.cpp:463]   --->   Operation 137 'add' 'add_ln463' <Predicate = (!icmp_ln446)> <Delay = 1.20> <CoreInst = "Adder">   --->   Core 1 'Adder' <Latency = 0> <II = 1> <Delay = 1.20> <FuncUnit> <Opcode : 'add' 'sub'> <InPorts = 2> <OutPorts = 1>
ST_5 : Operation 138 [1/1] (0.00ns)   --->   "%tmp_24 = bitselect i1 @_ssdm_op_BitSelect.i1.i32.i32, i32 %add_ln463, i32 31" [top.cpp:463]   --->   Operation 138 'bitselect' 'tmp_24' <Predicate = (!icmp_ln446)> <Delay = 0.00>
ST_5 : Operation 139 [1/1] (0.00ns) (grouped into LUT with out node or_ln463_1)   --->   "%xor_ln463 = xor i1 %tmp_24, i1 1" [top.cpp:463]   --->   Operation 139 'xor' 'xor_ln463' <Predicate = (!icmp_ln446)> <Delay = 0.00> <CoreInst = "LogicGate">   --->   Core 74 'LogicGate' <Latency = 0> <II = 1> <Delay = 0.33> <FuncUnit> <Opcode : 'and' 'or' 'xor'> <InPorts = 2> <OutPorts = 1>
ST_5 : Operation 140 [1/1] (0.00ns) (grouped into LUT with out node or_ln463_1)   --->   "%and_ln463 = and i1 %tmp_23, i1 %xor_ln463" [top.cpp:463]   --->   Operation 140 'and' 'and_ln463' <Predicate = (!icmp_ln446)> <Delay = 0.00> <CoreInst = "LogicGate">   --->   Core 74 'LogicGate' <Latency = 0> <II = 1> <Delay = 0.33> <FuncUnit> <Opcode : 'and' 'or' 'xor'> <InPorts = 2> <OutPorts = 1>
ST_5 : Operation 141 [1/1] (0.00ns) (grouped into LUT with out node and_ln463_1)   --->   "%xor_ln463_2 = xor i1 %tmp_23, i1 1" [top.cpp:463]   --->   Operation 141 'xor' 'xor_ln463_2' <Predicate = (!icmp_ln446)> <Delay = 0.00> <CoreInst = "LogicGate">   --->   Core 74 'LogicGate' <Latency = 0> <II = 1> <Delay = 0.33> <FuncUnit> <Opcode : 'and' 'or' 'xor'> <InPorts = 2> <OutPorts = 1>
ST_5 : Operation 142 [1/1] (0.00ns) (grouped into LUT with out node and_ln463_1)   --->   "%or_ln463_2 = or i1 %tmp_24, i1 %xor_ln463_2" [top.cpp:463]   --->   Operation 142 'or' 'or_ln463_2' <Predicate = (!icmp_ln446)> <Delay = 0.00> <CoreInst = "LogicGate">   --->   Core 74 'LogicGate' <Latency = 0> <II = 1> <Delay = 0.33> <FuncUnit> <Opcode : 'and' 'or' 'xor'> <InPorts = 2> <OutPorts = 1>
ST_5 : Operation 143 [1/1] (0.00ns) (grouped into LUT with out node and_ln463_1)   --->   "%xor_ln463_4 = xor i1 %tmp_21, i1 %or_ln463_2" [top.cpp:463]   --->   Operation 143 'xor' 'xor_ln463_4' <Predicate = (!icmp_ln446)> <Delay = 0.00> <CoreInst = "LogicGate">   --->   Core 74 'LogicGate' <Latency = 0> <II = 1> <Delay = 0.33> <FuncUnit> <Opcode : 'and' 'or' 'xor'> <InPorts = 2> <OutPorts = 1>
ST_5 : Operation 144 [1/1] (0.00ns) (grouped into LUT with out node and_ln463_1)   --->   "%xor_ln463_1 = xor i1 %tmp_21, i1 1" [top.cpp:463]   --->   Operation 144 'xor' 'xor_ln463_1' <Predicate = (!icmp_ln446)> <Delay = 0.00> <CoreInst = "LogicGate">   --->   Core 74 'LogicGate' <Latency = 0> <II = 1> <Delay = 0.33> <FuncUnit> <Opcode : 'and' 'or' 'xor'> <InPorts = 2> <OutPorts = 1>
ST_5 : Operation 145 [1/1] (0.00ns) (grouped into LUT with out node and_ln463_1)   --->   "%xor_ln463_3 = xor i1 %xor_ln463_4, i1 1" [top.cpp:463]   --->   Operation 145 'xor' 'xor_ln463_3' <Predicate = (!icmp_ln446)> <Delay = 0.00> <CoreInst = "LogicGate">   --->   Core 74 'LogicGate' <Latency = 0> <II = 1> <Delay = 0.33> <FuncUnit> <Opcode : 'and' 'or' 'xor'> <InPorts = 2> <OutPorts = 1>
ST_5 : Operation 146 [1/1] (0.00ns) (grouped into LUT with out node and_ln463_1)   --->   "%or_ln463 = or i1 %tmp_24, i1 %xor_ln463_3" [top.cpp:463]   --->   Operation 146 'or' 'or_ln463' <Predicate = (!icmp_ln446)> <Delay = 0.00> <CoreInst = "LogicGate">   --->   Core 74 'LogicGate' <Latency = 0> <II = 1> <Delay = 0.33> <FuncUnit> <Opcode : 'and' 'or' 'xor'> <InPorts = 2> <OutPorts = 1>
ST_5 : Operation 147 [1/1] (0.33ns) (out node of the LUT)   --->   "%and_ln463_1 = and i1 %or_ln463, i1 %xor_ln463_1" [top.cpp:463]   --->   Operation 147 'and' 'and_ln463_1' <Predicate = (!icmp_ln446)> <Delay = 0.33> <CoreInst = "LogicGate">   --->   Core 74 'LogicGate' <Latency = 0> <II = 1> <Delay = 0.33> <FuncUnit> <Opcode : 'and' 'or' 'xor'> <InPorts = 2> <OutPorts = 1>
ST_5 : Operation 148 [1/1] (0.00ns) (grouped into LUT with out node or_ln463_1)   --->   "%or_ln463_3 = or i1 %and_ln463, i1 %tmp_24" [top.cpp:463]   --->   Operation 148 'or' 'or_ln463_3' <Predicate = (!icmp_ln446)> <Delay = 0.00> <CoreInst = "LogicGate">   --->   Core 74 'LogicGate' <Latency = 0> <II = 1> <Delay = 0.33> <FuncUnit> <Opcode : 'and' 'or' 'xor'> <InPorts = 2> <OutPorts = 1>
ST_5 : Operation 149 [1/1] (0.00ns) (grouped into LUT with out node or_ln463_1)   --->   "%xor_ln463_5 = xor i1 %or_ln463_3, i1 1" [top.cpp:463]   --->   Operation 149 'xor' 'xor_ln463_5' <Predicate = (!icmp_ln446)> <Delay = 0.00> <CoreInst = "LogicGate">   --->   Core 74 'LogicGate' <Latency = 0> <II = 1> <Delay = 0.33> <FuncUnit> <Opcode : 'and' 'or' 'xor'> <InPorts = 2> <OutPorts = 1>
ST_5 : Operation 150 [1/1] (0.00ns) (grouped into LUT with out node or_ln463_1)   --->   "%and_ln463_2 = and i1 %tmp_21, i1 %xor_ln463_5" [top.cpp:463]   --->   Operation 150 'and' 'and_ln463_2' <Predicate = (!icmp_ln446)> <Delay = 0.00> <CoreInst = "LogicGate">   --->   Core 74 'LogicGate' <Latency = 0> <II = 1> <Delay = 0.33> <FuncUnit> <Opcode : 'and' 'or' 'xor'> <InPorts = 2> <OutPorts = 1>
ST_5 : Operation 151 [1/1] (0.00ns) (grouped into LUT with out node dot_z)   --->   "%select_ln463 = select i1 %and_ln463_1, i32 2147483647, i32 2147483648" [top.cpp:463]   --->   Operation 151 'select' 'select_ln463' <Predicate = (!icmp_ln446)> <Delay = 0.00> <CoreInst = "Sel">   --->   Core 73 'Sel' <Latency = 0> <II = 1> <Delay = 0.52> <FuncUnit> <Opcode : 'select'> <InPorts = 3> <OutPorts = 1>
ST_5 : Operation 152 [1/1] (0.33ns) (out node of the LUT)   --->   "%or_ln463_1 = or i1 %and_ln463_1, i1 %and_ln463_2" [top.cpp:463]   --->   Operation 152 'or' 'or_ln463_1' <Predicate = (!icmp_ln446)> <Delay = 0.33> <CoreInst = "LogicGate">   --->   Core 74 'LogicGate' <Latency = 0> <II = 1> <Delay = 0.33> <FuncUnit> <Opcode : 'and' 'or' 'xor'> <InPorts = 2> <OutPorts = 1>
ST_5 : Operation 153 [1/1] (0.52ns) (out node of the LUT)   --->   "%dot_z = select i1 %or_ln463_1, i32 %select_ln463, i32 %add_ln463" [top.cpp:463]   --->   Operation 153 'select' 'dot_z' <Predicate = (!icmp_ln446)> <Delay = 0.52> <CoreInst = "Sel">   --->   Core 73 'Sel' <Latency = 0> <II = 1> <Delay = 0.52> <FuncUnit> <Opcode : 'select'> <InPorts = 3> <OutPorts = 1>

State 6 <SV = 5> <Delay = 7.28>
ST_6 : Operation 154 [1/1] (0.00ns) (grouped into LUT with out node dot_y)   --->   "%select_ln460 = select i1 %and_ln460_1, i32 2147483647, i32 2147483648" [top.cpp:460]   --->   Operation 154 'select' 'select_ln460' <Predicate = (or_ln460_1 & !icmp_ln446)> <Delay = 0.00> <CoreInst = "Sel">   --->   Core 73 'Sel' <Latency = 0> <II = 1> <Delay = 0.52> <FuncUnit> <Opcode : 'select'> <InPorts = 3> <OutPorts = 1>
ST_6 : Operation 155 [1/1] (0.52ns) (out node of the LUT)   --->   "%dot_y = select i1 %or_ln460_1, i32 %select_ln460, i32 %add_ln460" [top.cpp:460]   --->   Operation 155 'select' 'dot_y' <Predicate = (!icmp_ln446)> <Delay = 0.52> <CoreInst = "Sel">   --->   Core 73 'Sel' <Latency = 0> <II = 1> <Delay = 0.52> <FuncUnit> <Opcode : 'select'> <InPorts = 3> <OutPorts = 1>
ST_6 : Operation 156 [1/1] (0.00ns)   --->   "%sext_ln466 = sext i32 %dot_x" [top.cpp:466]   --->   Operation 156 'sext' 'sext_ln466' <Predicate = (!icmp_ln446)> <Delay = 0.00>
ST_6 : Operation 157 [1/1] (0.00ns)   --->   "%sext_ln466_1 = sext i32 %dot_y" [top.cpp:466]   --->   Operation 157 'sext' 'sext_ln466_1' <Predicate = (!icmp_ln446)> <Delay = 0.00>
ST_6 : Operation 158 [1/1] (1.20ns)   --->   "%add_ln466_1 = add i32 %dot_y, i32 %dot_x" [top.cpp:466]   --->   Operation 158 'add' 'add_ln466_1' <Predicate = (!icmp_ln446)> <Delay = 1.20> <CoreInst = "Adder">   --->   Core 1 'Adder' <Latency = 0> <II = 1> <Delay = 1.20> <FuncUnit> <Opcode : 'add' 'sub'> <InPorts = 2> <OutPorts = 1>
ST_6 : Operation 159 [1/1] (1.20ns)   --->   "%add_ln466 = add i33 %sext_ln466_1, i33 %sext_ln466" [top.cpp:466]   --->   Operation 159 'add' 'add_ln466' <Predicate = (!icmp_ln446)> <Delay = 1.20> <CoreInst = "Adder">   --->   Core 1 'Adder' <Latency = 0> <II = 1> <Delay = 1.20> <FuncUnit> <Opcode : 'add' 'sub'> <InPorts = 2> <OutPorts = 1>
ST_6 : Operation 160 [1/1] (0.00ns)   --->   "%tmp_25 = bitselect i1 @_ssdm_op_BitSelect.i1.i33.i32, i33 %add_ln466, i32 32" [top.cpp:466]   --->   Operation 160 'bitselect' 'tmp_25' <Predicate = (!icmp_ln446)> <Delay = 0.00>
ST_6 : Operation 161 [1/1] (0.00ns)   --->   "%tmp_26 = bitselect i1 @_ssdm_op_BitSelect.i1.i32.i32, i32 %add_ln466_1, i32 31" [top.cpp:466]   --->   Operation 161 'bitselect' 'tmp_26' <Predicate = (!icmp_ln446)> <Delay = 0.00>
ST_6 : Operation 162 [1/1] (0.00ns) (grouped into LUT with out node diffuse)   --->   "%xor_ln466 = xor i1 %tmp_25, i1 1" [top.cpp:466]   --->   Operation 162 'xor' 'xor_ln466' <Predicate = (!icmp_ln446)> <Delay = 0.00> <CoreInst = "LogicGate">   --->   Core 74 'LogicGate' <Latency = 0> <II = 1> <Delay = 0.33> <FuncUnit> <Opcode : 'and' 'or' 'xor'> <InPorts = 2> <OutPorts = 1>
ST_6 : Operation 163 [1/1] (0.00ns) (grouped into LUT with out node diffuse)   --->   "%and_ln466 = and i1 %tmp_26, i1 %xor_ln466" [top.cpp:466]   --->   Operation 163 'and' 'and_ln466' <Predicate = (!icmp_ln446)> <Delay = 0.00> <CoreInst = "LogicGate">   --->   Core 74 'LogicGate' <Latency = 0> <II = 1> <Delay = 0.33> <FuncUnit> <Opcode : 'and' 'or' 'xor'> <InPorts = 2> <OutPorts = 1>
ST_6 : Operation 164 [1/1] (0.00ns) (grouped into LUT with out node diffuse)   --->   "%xor_ln466_1 = xor i1 %tmp_25, i1 %tmp_26" [top.cpp:466]   --->   Operation 164 'xor' 'xor_ln466_1' <Predicate = (!icmp_ln446)> <Delay = 0.00> <CoreInst = "LogicGate">   --->   Core 74 'LogicGate' <Latency = 0> <II = 1> <Delay = 0.33> <FuncUnit> <Opcode : 'and' 'or' 'xor'> <InPorts = 2> <OutPorts = 1>
ST_6 : Operation 165 [1/1] (0.00ns) (grouped into LUT with out node diffuse)   --->   "%select_ln466 = select i1 %and_ln466, i32 2147483647, i32 2147483648" [top.cpp:466]   --->   Operation 165 'select' 'select_ln466' <Predicate = (!icmp_ln446)> <Delay = 0.00> <CoreInst = "Sel">   --->   Core 73 'Sel' <Latency = 0> <II = 1> <Delay = 0.52> <FuncUnit> <Opcode : 'select'> <InPorts = 3> <OutPorts = 1>
ST_6 : Operation 166 [1/1] (0.52ns) (out node of the LUT)   --->   "%diffuse = select i1 %xor_ln466_1, i32 %select_ln466, i32 %add_ln466_1" [top.cpp:466]   --->   Operation 166 'select' 'diffuse' <Predicate = (!icmp_ln446)> <Delay = 0.52> <CoreInst = "Sel">   --->   Core 73 'Sel' <Latency = 0> <II = 1> <Delay = 0.52> <FuncUnit> <Opcode : 'select'> <InPorts = 3> <OutPorts = 1>
ST_6 : Operation 167 [1/1] (0.00ns)   --->   "%sext_ln467 = sext i32 %diffuse" [top.cpp:467]   --->   Operation 167 'sext' 'sext_ln467' <Predicate = (!icmp_ln446)> <Delay = 0.00>
ST_6 : Operation 168 [1/1] (0.00ns)   --->   "%sext_ln467_1 = sext i32 %dot_z" [top.cpp:467]   --->   Operation 168 'sext' 'sext_ln467_1' <Predicate = (!icmp_ln446)> <Delay = 0.00>
ST_6 : Operation 169 [1/1] (1.20ns)   --->   "%add_ln467_1 = add i32 %dot_z, i32 %diffuse" [top.cpp:467]   --->   Operation 169 'add' 'add_ln467_1' <Predicate = (!icmp_ln446)> <Delay = 1.20> <CoreInst = "Adder">   --->   Core 1 'Adder' <Latency = 0> <II = 1> <Delay = 1.20> <FuncUnit> <Opcode : 'add' 'sub'> <InPorts = 2> <OutPorts = 1>
ST_6 : Operation 170 [1/1] (1.20ns)   --->   "%add_ln467 = add i33 %sext_ln467_1, i33 %sext_ln467" [top.cpp:467]   --->   Operation 170 'add' 'add_ln467' <Predicate = (!icmp_ln446)> <Delay = 1.20> <CoreInst = "Adder">   --->   Core 1 'Adder' <Latency = 0> <II = 1> <Delay = 1.20> <FuncUnit> <Opcode : 'add' 'sub'> <InPorts = 2> <OutPorts = 1>
ST_6 : Operation 171 [1/1] (0.00ns)   --->   "%tmp_27 = bitselect i1 @_ssdm_op_BitSelect.i1.i33.i32, i33 %add_ln467, i32 32" [top.cpp:467]   --->   Operation 171 'bitselect' 'tmp_27' <Predicate = (!icmp_ln446)> <Delay = 0.00>
ST_6 : Operation 172 [1/1] (0.00ns)   --->   "%tmp_28 = bitselect i1 @_ssdm_op_BitSelect.i1.i32.i32, i32 %add_ln467_1, i32 31" [top.cpp:467]   --->   Operation 172 'bitselect' 'tmp_28' <Predicate = (!icmp_ln446)> <Delay = 0.00>
ST_6 : Operation 173 [1/1] (0.00ns) (grouped into LUT with out node diffuse_1)   --->   "%xor_ln467 = xor i1 %tmp_27, i1 1" [top.cpp:467]   --->   Operation 173 'xor' 'xor_ln467' <Predicate = (!icmp_ln446)> <Delay = 0.00> <CoreInst = "LogicGate">   --->   Core 74 'LogicGate' <Latency = 0> <II = 1> <Delay = 0.33> <FuncUnit> <Opcode : 'and' 'or' 'xor'> <InPorts = 2> <OutPorts = 1>
ST_6 : Operation 174 [1/1] (0.00ns) (grouped into LUT with out node diffuse_1)   --->   "%and_ln467 = and i1 %tmp_28, i1 %xor_ln467" [top.cpp:467]   --->   Operation 174 'and' 'and_ln467' <Predicate = (!icmp_ln446)> <Delay = 0.00> <CoreInst = "LogicGate">   --->   Core 74 'LogicGate' <Latency = 0> <II = 1> <Delay = 0.33> <FuncUnit> <Opcode : 'and' 'or' 'xor'> <InPorts = 2> <OutPorts = 1>
ST_6 : Operation 175 [1/1] (0.00ns) (grouped into LUT with out node diffuse_1)   --->   "%xor_ln467_1 = xor i1 %tmp_27, i1 %tmp_28" [top.cpp:467]   --->   Operation 175 'xor' 'xor_ln467_1' <Predicate = (!icmp_ln446)> <Delay = 0.00> <CoreInst = "LogicGate">   --->   Core 74 'LogicGate' <Latency = 0> <II = 1> <Delay = 0.33> <FuncUnit> <Opcode : 'and' 'or' 'xor'> <InPorts = 2> <OutPorts = 1>
ST_6 : Operation 176 [1/1] (0.00ns) (grouped into LUT with out node diffuse_1)   --->   "%select_ln467 = select i1 %and_ln467, i32 2147483647, i32 2147483648" [top.cpp:467]   --->   Operation 176 'select' 'select_ln467' <Predicate = (!icmp_ln446)> <Delay = 0.00> <CoreInst = "Sel">   --->   Core 73 'Sel' <Latency = 0> <II = 1> <Delay = 0.52> <FuncUnit> <Opcode : 'select'> <InPorts = 3> <OutPorts = 1>
ST_6 : Operation 177 [1/1] (0.52ns) (out node of the LUT)   --->   "%diffuse_1 = select i1 %xor_ln467_1, i32 %select_ln467, i32 %add_ln467_1" [top.cpp:467]   --->   Operation 177 'select' 'diffuse_1' <Predicate = (!icmp_ln446)> <Delay = 0.52> <CoreInst = "Sel">   --->   Core 73 'Sel' <Latency = 0> <II = 1> <Delay = 0.52> <FuncUnit> <Opcode : 'select'> <InPorts = 3> <OutPorts = 1>
ST_6 : Operation 178 [1/1] (0.00ns) (grouped into LUT with out node add_ln479)   --->   "%trunc_ln465 = trunc i32 %diffuse_1" [top.cpp:465]   --->   Operation 178 'trunc' 'trunc_ln465' <Predicate = (!icmp_ln446)> <Delay = 0.00>
ST_6 : Operation 179 [1/1] (0.00ns) (grouped into LUT with out node add_ln479)   --->   "%tmp_29 = bitselect i1 @_ssdm_op_BitSelect.i1.i32.i32, i32 %diffuse_1, i32 31" [top.cpp:471]   --->   Operation 179 'bitselect' 'tmp_29' <Predicate = (!icmp_ln446)> <Delay = 0.00>
ST_6 : Operation 180 [1/1] (0.00ns) (grouped into LUT with out node add_ln479)   --->   "%clamped_diffuse = select i1 %tmp_29, i31 0, i31 %trunc_ln465" [top.cpp:471]   --->   Operation 180 'select' 'clamped_diffuse' <Predicate = (!icmp_ln446)> <Delay = 0.00> <CoreInst = "Sel">   --->   Core 73 'Sel' <Latency = 0> <II = 1> <Delay = 0.49> <FuncUnit> <Opcode : 'select'> <InPorts = 3> <OutPorts = 1>
ST_6 : Operation 181 [1/1] (0.00ns) (grouped into LUT with out node add_ln479)   --->   "%zext_ln479 = zext i31 %clamped_diffuse" [top.cpp:479]   --->   Operation 181 'zext' 'zext_ln479' <Predicate = (!icmp_ln446)> <Delay = 0.00>
ST_6 : Operation 182 [1/1] (1.19ns) (out node of the LUT)   --->   "%add_ln479 = add i32 %zext_ln479, i32 6554" [top.cpp:479]   --->   Operation 182 'add' 'add_ln479' <Predicate = (!icmp_ln446)> <Delay = 1.19> <CoreInst = "Adder">   --->   Core 1 'Adder' <Latency = 0> <II = 1> <Delay = 1.19> <FuncUnit> <Opcode : 'add' 'sub'> <InPorts = 2> <OutPorts = 1>
ST_6 : Operation 183 [1/1] (0.00ns)   --->   "%trunc_ln479 = trunc i32 %add_ln479" [top.cpp:479]   --->   Operation 183 'trunc' 'trunc_ln479' <Predicate = (!icmp_ln446)> <Delay = 0.00>
ST_6 : Operation 184 [1/1] (0.00ns)   --->   "%tmp_30 = bitselect i1 @_ssdm_op_BitSelect.i1.i32.i32, i32 %add_ln479, i32 31" [top.cpp:479]   --->   Operation 184 'bitselect' 'tmp_30' <Predicate = (!icmp_ln446)> <Delay = 0.00>
ST_6 : Operation 185 [1/1] (0.49ns)   --->   "%final_intensity = select i1 %tmp_30, i31 2147483647, i31 %trunc_ln479" [top.cpp:479]   --->   Operation 185 'select' 'final_intensity' <Predicate = (!icmp_ln446)> <Delay = 0.49> <CoreInst = "Sel">   --->   Core 73 'Sel' <Latency = 0> <II = 1> <Delay = 0.49> <FuncUnit> <Opcode : 'select'> <InPorts = 3> <OutPorts = 1>
ST_6 : Operation 186 [1/1] (0.00ns)   --->   "%trunc_ln478 = trunc i31 %final_intensity" [top.cpp:478]   --->   Operation 186 'trunc' 'trunc_ln478' <Predicate = (!icmp_ln446)> <Delay = 0.00>
ST_6 : Operation 187 [1/1] (1.19ns)   --->   "%icmp_ln483 = icmp_ugt  i31 %final_intensity, i31 65536" [top.cpp:483]   --->   Operation 187 'icmp' 'icmp_ln483' <Predicate = (!icmp_ln446)> <Delay = 1.19> <CoreInst = "Cmp">   --->   Core 9 'Cmp' <Latency = 0> <II = 1> <Delay = 1.19> <FuncUnit> <Opcode : 'seteq' 'setne' 'setle' 'setge' 'setlt' 'setgt'> <InPorts = 2> <OutPorts = 1>
ST_6 : Operation 188 [1/1] (0.42ns)   --->   "%clamped_intensity = select i1 %icmp_ln483, i17 65536, i17 %trunc_ln478" [top.cpp:483]   --->   Operation 188 'select' 'clamped_intensity' <Predicate = (!icmp_ln446)> <Delay = 0.42> <CoreInst = "Sel">   --->   Core 73 'Sel' <Latency = 0> <II = 1> <Delay = 0.42> <FuncUnit> <Opcode : 'select'> <InPorts = 3> <OutPorts = 1>

State 7 <SV = 6> <Delay = 2.78>
ST_7 : Operation 189 [1/1] (0.00ns)   --->   "%p_shl = bitconcatenate i41 @_ssdm_op_BitConcatenate.i41.i17.i24, i17 %clamped_intensity, i24 0" [top.cpp:491]   --->   Operation 189 'bitconcatenate' 'p_shl' <Predicate = (!icmp_ln446)> <Delay = 0.00>
ST_7 : Operation 190 [1/1] (0.00ns)   --->   "%tmp_31 = bitconcatenate i33 @_ssdm_op_BitConcatenate.i33.i17.i16, i17 %clamped_intensity, i16 0" [top.cpp:491]   --->   Operation 190 'bitconcatenate' 'tmp_31' <Predicate = (!icmp_ln446)> <Delay = 0.00>
ST_7 : Operation 191 [1/1] (0.00ns)   --->   "%zext_ln491 = zext i33 %tmp_31" [top.cpp:491]   --->   Operation 191 'zext' 'zext_ln491' <Predicate = (!icmp_ln446)> <Delay = 0.00>
ST_7 : Operation 192 [1/1] (1.23ns)   --->   "%sub_ln491 = sub i41 %p_shl, i41 %zext_ln491" [top.cpp:491]   --->   Operation 192 'sub' 'sub_ln491' <Predicate = (!icmp_ln446)> <Delay = 1.23> <CoreInst = "Adder">   --->   Core 1 'Adder' <Latency = 0> <II = 1> <Delay = 1.23> <FuncUnit> <Opcode : 'add' 'sub'> <InPorts = 2> <OutPorts = 1>
ST_7 : Operation 193 [1/1] (0.00ns)   --->   "%zext_ln491_1 = zext i41 %sub_ln491" [top.cpp:491]   --->   Operation 193 'zext' 'zext_ln491_1' <Predicate = (!icmp_ln446)> <Delay = 0.00>
ST_7 : Operation 194 [1/1] (0.00ns)   --->   "%trunc_ln5_cast = partselect i24 @_ssdm_op_PartSelect.i24.i41.i32.i32, i41 %sub_ln491, i32 16, i32 39" [top.cpp:491]   --->   Operation 194 'partselect' 'trunc_ln5_cast' <Predicate = (!icmp_ln446)> <Delay = 0.00>
ST_7 : Operation 195 [1/1] (0.00ns)   --->   "%tmp_32 = bitselect i1 @_ssdm_op_BitSelect.i1.i56.i32, i56 %zext_ln491_1, i32 15" [top.cpp:491]   --->   Operation 195 'bitselect' 'tmp_32' <Predicate = (!icmp_ln446)> <Delay = 0.00>
ST_7 : Operation 196 [1/1] (0.00ns)   --->   "%zext_ln491_2 = zext i1 %tmp_32" [top.cpp:491]   --->   Operation 196 'zext' 'zext_ln491_2' <Predicate = (!icmp_ln446)> <Delay = 0.00>
ST_7 : Operation 197 [1/1] (1.10ns)   --->   "%add_ln491 = add i24 %trunc_ln5_cast, i24 %zext_ln491_2" [top.cpp:491]   --->   Operation 197 'add' 'add_ln491' <Predicate = (!icmp_ln446)> <Delay = 1.10> <CoreInst = "Adder">   --->   Core 1 'Adder' <Latency = 0> <II = 1> <Delay = 1.10> <FuncUnit> <Opcode : 'add' 'sub'> <InPorts = 2> <OutPorts = 1>
ST_7 : Operation 198 [1/1] (0.00ns)   --->   "%zext_ln491_3 = zext i24 %add_ln491" [top.cpp:491]   --->   Operation 198 'zext' 'zext_ln491_3' <Predicate = (!icmp_ln446)> <Delay = 0.00>
ST_7 : Operation 199 [1/1] (0.43ns)   --->   "%storemerge2 = select i1 %icmp_ln446, i32 0, i32 %zext_ln491_3" [top.cpp:446]   --->   Operation 199 'select' 'storemerge2' <Predicate = true> <Delay = 0.43> <CoreInst = "Sel">   --->   Core 73 'Sel' <Latency = 0> <II = 1> <Delay = 0.43> <FuncUnit> <Opcode : 'select'> <InPorts = 3> <OutPorts = 1>

State 8 <SV = 7> <Delay = 7.30>
ST_8 : Operation 200 [1/1] (0.00ns)   --->   "%speclooptripcount_ln441 = speclooptripcount void @_ssdm_op_SpecLoopTripCount, i64 64, i64 64, i64 64" [top.cpp:441]   --->   Operation 200 'speclooptripcount' 'speclooptripcount_ln441' <Predicate = true> <Delay = 0.00>
ST_8 : Operation 201 [1/1] (0.00ns)   --->   "%specloopname_ln441 = specloopname void @_ssdm_op_SpecLoopName, void @empty_13" [top.cpp:441]   --->   Operation 201 'specloopname' 'specloopname_ln441' <Predicate = true> <Delay = 0.00>
ST_8 : Operation 202 [1/1] (7.30ns)   --->   "%write_ln440 = write void @_ssdm_op_Write.m_axi.p1i32, i32 %gmem1_addr, i32 %storemerge2, i4 15" [top.cpp:440]   --->   Operation 202 'write' 'write_ln440' <Predicate = true> <Delay = 7.30> <CoreInst = "m_axi">   --->   Core 119 'm_axi' <Latency = 5> <II = 1> <Delay = 1.00> <Adapter> <Opcode : 'read' 'write' 'readreq' 'writereq' 'writeresp'>
ST_8 : Operation 203 [1/1] (0.00ns)   --->   "%br_ln441 = br void %for.body4" [top.cpp:441]   --->   Operation 203 'br' 'br_ln441' <Predicate = true> <Delay = 0.00>

State 9 <SV = 2> <Delay = 7.30>
ST_9 : Operation 204 [5/5] (7.30ns)   --->   "%empty_40 = writeresp i1 @_ssdm_op_WriteResp.m_axi.p1i32, i32 %gmem1_addr" [top.cpp:497]   --->   Operation 204 'writeresp' 'empty_40' <Predicate = true> <Delay = 7.30> <CoreInst = "m_axi">   --->   Core 119 'm_axi' <Latency = 3> <II = 1> <Delay = 1.00> <Adapter> <Opcode : 'read' 'write' 'readreq' 'writereq' 'writeresp'>

State 10 <SV = 3> <Delay = 7.30>
ST_10 : Operation 205 [4/5] (7.30ns)   --->   "%empty_40 = writeresp i1 @_ssdm_op_WriteResp.m_axi.p1i32, i32 %gmem1_addr" [top.cpp:497]   --->   Operation 205 'writeresp' 'empty_40' <Predicate = true> <Delay = 7.30> <CoreInst = "m_axi">   --->   Core 119 'm_axi' <Latency = 3> <II = 1> <Delay = 1.00> <Adapter> <Opcode : 'read' 'write' 'readreq' 'writereq' 'writeresp'>

State 11 <SV = 4> <Delay = 7.30>
ST_11 : Operation 206 [3/5] (7.30ns)   --->   "%empty_40 = writeresp i1 @_ssdm_op_WriteResp.m_axi.p1i32, i32 %gmem1_addr" [top.cpp:497]   --->   Operation 206 'writeresp' 'empty_40' <Predicate = true> <Delay = 7.30> <CoreInst = "m_axi">   --->   Core 119 'm_axi' <Latency = 3> <II = 1> <Delay = 1.00> <Adapter> <Opcode : 'read' 'write' 'readreq' 'writereq' 'writeresp'>

State 12 <SV = 5> <Delay = 7.30>
ST_12 : Operation 207 [2/5] (7.30ns)   --->   "%empty_40 = writeresp i1 @_ssdm_op_WriteResp.m_axi.p1i32, i32 %gmem1_addr" [top.cpp:497]   --->   Operation 207 'writeresp' 'empty_40' <Predicate = true> <Delay = 7.30> <CoreInst = "m_axi">   --->   Core 119 'm_axi' <Latency = 3> <II = 1> <Delay = 1.00> <Adapter> <Opcode : 'read' 'write' 'readreq' 'writereq' 'writeresp'>

State 13 <SV = 6> <Delay = 7.30>
ST_13 : Operation 208 [1/5] (7.30ns)   --->   "%empty_40 = writeresp i1 @_ssdm_op_WriteResp.m_axi.p1i32, i32 %gmem1_addr" [top.cpp:497]   --->   Operation 208 'writeresp' 'empty_40' <Predicate = true> <Delay = 7.30> <CoreInst = "m_axi">   --->   Core 119 'm_axi' <Latency = 3> <II = 1> <Delay = 1.00> <Adapter> <Opcode : 'read' 'write' 'readreq' 'writereq' 'writeresp'>
ST_13 : Operation 209 [1/1] (0.00ns)   --->   "%ret_ln497 = ret" [top.cpp:497]   --->   Operation 209 'ret' 'ret_ln497' <Predicate = true> <Delay = 0.00>


============================================================
+ Verbose Summary: Timing violations
============================================================
Target clock period: 10.000ns, clock uncertainty: 2.700ns.

 <State 1>: 7.300ns
The critical path consists of the following:
	wire read operation ('framebuffer_read', top.cpp:440) on port 'framebuffer' (top.cpp:440) [9]  (0.000 ns)
	'getelementptr' operation 32 bit ('gmem1_addr', top.cpp:440) [12]  (0.000 ns)
	bus request operation ('empty', top.cpp:440) on port 'gmem1' (top.cpp:440) [13]  (7.300 ns)

 <State 2>: 1.386ns
The critical path consists of the following:
	'load' operation 7 bit ('y', top.cpp:440) on local variable 'y', top.cpp:440 [17]  (0.000 ns)
	'icmp' operation 1 bit ('icmp_ln440', top.cpp:440) [18]  (0.897 ns)
	blocking operation 0.489 ns on control path)

 <State 3>: 2.314ns
The critical path consists of the following:
	'phi' operation 7 bit ('x', top.cpp:441) with incoming values : ('add_ln441', top.cpp:441) [28]  (0.000 ns)
	'add' operation 12 bit ('add_ln444', top.cpp:444) [34]  (0.962 ns)
	'getelementptr' operation 12 bit ('depth_buffer_addr', top.cpp:444) [36]  (0.000 ns)
	'load' operation 32 bit ('current_depth', top.cpp:444) on array 'depth_buffer' [42]  (1.352 ns)

 <State 4>: 2.555ns
The critical path consists of the following:
	'load' operation 32 bit ('current_depth', top.cpp:444) on array 'depth_buffer' [42]  (1.352 ns)
	'icmp' operation 1 bit ('icmp_ln446', top.cpp:446) [43]  (1.203 ns)

 <State 5>: 7.097ns
The critical path consists of the following:
	'load' operation 32 bit ('ny', top.cpp:452) on array 'normal_buffer_y' [45]  (1.352 ns)
	'mul' operation 49 bit ('mul_ln460', top.cpp:460) [87]  (3.880 ns)
	'add' operation 32 bit ('add_ln460', top.cpp:460) [93]  (1.203 ns)
	'or' operation 1 bit ('or_ln460', top.cpp:460) [102]  (0.000 ns)
	'and' operation 1 bit ('and_ln460_1', top.cpp:460) [103]  (0.331 ns)
	'or' operation 1 bit ('or_ln460_1', top.cpp:460) [108]  (0.331 ns)

 <State 6>: 7.283ns
The critical path consists of the following:
	'select' operation 32 bit ('select_ln460', top.cpp:460) [107]  (0.000 ns)
	'select' operation 32 bit ('dot_y', top.cpp:460) [109]  (0.525 ns)
	'add' operation 32 bit ('add_ln466_1', top.cpp:466) [151]  (1.203 ns)
	'select' operation 32 bit ('diffuse', top.cpp:466) [159]  (0.525 ns)
	'add' operation 32 bit ('add_ln467_1', top.cpp:467) [162]  (1.203 ns)
	'select' operation 32 bit ('diffuse', top.cpp:467) [170]  (0.525 ns)
	'select' operation 31 bit ('clamped_diffuse', top.cpp:471) [173]  (0.000 ns)
	'add' operation 32 bit ('add_ln479', top.cpp:479) [175]  (1.191 ns)
	'select' operation 31 bit ('final_intensity', top.cpp:479) [178]  (0.495 ns)
	'icmp' operation 1 bit ('icmp_ln483', top.cpp:483) [180]  (1.191 ns)
	'select' operation 17 bit ('clamped_intensity', top.cpp:483) [181]  (0.425 ns)

 <State 7>: 2.783ns
The critical path consists of the following:
	'sub' operation 41 bit ('sub_ln491', top.cpp:491) [185]  (1.238 ns)
	'add' operation 24 bit ('add_ln491', top.cpp:491) [190]  (1.110 ns)
	'select' operation 32 bit ('storemerge2', top.cpp:446) [192]  (0.435 ns)

 <State 8>: 7.300ns
The critical path consists of the following:
	bus write operation ('write_ln440', top.cpp:440) on port 'gmem1' (top.cpp:440) [193]  (7.300 ns)

 <State 9>: 7.300ns
The critical path consists of the following:
	bus response operation ('empty_40', top.cpp:497) on port 'gmem1' (top.cpp:497) [199]  (7.300 ns)

 <State 10>: 7.300ns
The critical path consists of the following:
	bus response operation ('empty_40', top.cpp:497) on port 'gmem1' (top.cpp:497) [199]  (7.300 ns)

 <State 11>: 7.300ns
The critical path consists of the following:
	bus response operation ('empty_40', top.cpp:497) on port 'gmem1' (top.cpp:497) [199]  (7.300 ns)

 <State 12>: 7.300ns
The critical path consists of the following:
	bus response operation ('empty_40', top.cpp:497) on port 'gmem1' (top.cpp:497) [199]  (7.300 ns)

 <State 13>: 7.300ns
The critical path consists of the following:
	bus response operation ('empty_40', top.cpp:497) on port 'gmem1' (top.cpp:497) [199]  (7.300 ns)


============================================================
+ Verbose Summary: Binding
============================================================
N/A
* FSMD analyzer results:
  - Output states:
 - Input state : 
  - Chain level:
	State 1
	State 2
	State 3
	State 4
	State 5
	State 6
	State 7
	State 8
	State 9
	State 10
	State 11
	State 12
	State 13


============================================================
+ Verbose Summary: Datapath Resource usage 
============================================================
N/A
