

================================================================
== Vitis HLS Report for 'top_kernel'
================================================================
* Date:           Mon Mar 30 23:31:08 2026

* Version:        2025.1.1 (Build 6214317 on Sep 11 2025)
* Project:        project_1
* Solution:       hls (Vivado IP Flow Target)
* Product family: zynquplus
* Target device:  xczu3eg-sbva484-1-e


================================================================
== Performance Estimates
================================================================
+ Timing: 
    * Summary: 
    +--------+----------+----------+------------+
    |  Clock |  Target  | Estimated| Uncertainty|
    +--------+----------+----------+------------+
    |ap_clk  |  10.00 ns|  7.300 ns|     2.70 ns|
    +--------+----------+----------+------------+

+ Latency: 
    * Summary: 
    +---------+---------+----------+----------+-----+-----+----------+
    |  Latency (cycles) |  Latency (absolute) |  Interval | Pipeline |
    |   min   |   max   |    min   |    max   | min | max |   Type   |
    +---------+---------+----------+----------+-----+-----+----------+
    |        ?|        ?|         ?|         ?|    ?|    ?|  dataflow|
    +---------+---------+----------+----------+-----+-----+----------+

    + Detail: 
        * Instance: 
        N/A

        * Loop: 
        N/A

============================================================
+ Verbose Summary: Synthesis Manager
============================================================
InlineROM: 1
ExposeGlobal: 0
============================================================
+ Verbose Summary: CDFG Model
============================================================
IsTopModel: 1
ResetActiveHigh: 1
IsCombinational: 2
IsDatapathOnly: 0
HasWiredReturn: 1
HasMFsm: 0
HasVarLatency: 1
IsPipeline: 0
IsRtlPipelined: 0
IsInstanceOverlapped: 0
IsDontTouch: 0
HasImplIP: 0
IsGatedGlobalClock: 0


============================================================
+ Verbose Summary: Schedule
============================================================
* Number of FSM states : 8
* Pipeline : 0
* Dataflow Pipeline: 1
  DF-Pipeline-0: Size = 8, States = { 1 2 3 4 5 6 7 8 }

* FSM state transitions: 
1 --> 2 
2 --> 3 
3 --> 4 
4 --> 5 
5 --> 6 
6 --> 7 
7 --> 8 
8 --> 

* FSM state operations: 

State 1 <SV = 0> <Delay = 3.64>
ST_1 : Operation 9 [1/1] (1.00ns)   --->   "%out_pixels_read = read i64 @_ssdm_op_Read.s_axilite.i64, i64 %out_pixels" [top.cpp:211]   --->   Operation 9 'read' 'out_pixels_read' <Predicate = true> <Delay = 1.00> <CoreInst = "s_axilite">   --->   Core 120 's_axilite' <Latency = 0> <II = 1> <Delay = 1.00> <Adapter> <Opcode : 'read' 'write'>
ST_1 : Operation 10 [1/1] (1.00ns)   --->   "%in_tris_read = read i64 @_ssdm_op_Read.s_axilite.i64, i64 %in_tris" [top.cpp:211]   --->   Operation 10 'read' 'in_tris_read' <Predicate = true> <Delay = 1.00> <CoreInst = "s_axilite">   --->   Core 120 's_axilite' <Latency = 0> <II = 1> <Delay = 1.00> <Adapter> <Opcode : 'read' 'write'>
ST_1 : Operation 11 [1/1] (0.00ns)   --->   "%out_pixels_c = alloca i64 1" [top.cpp:211]   --->   Operation 11 'alloca' 'out_pixels_c' <Predicate = true> <Delay = 0.00> <CoreInst = "FIFO_SRL">   --->   Core 80 'FIFO_SRL' <Latency = 0> <II = 1> <Delay = 2.15> <Storage> <Opcode : 'read' 'write' 'nbread' 'nbwrite'> <Ports = 0> <Width = 64> <Depth = 5> <FIFO>
ST_1 : Operation 12 [1/1] (2.15ns)   --->   "%call_ln211 = call void @entry_proc, i64 %out_pixels_read, i64 %out_pixels_c" [top.cpp:211]   --->   Operation 12 'call' 'call_ln211' <Predicate = true> <Delay = 2.15> <CoreType = "Generic">   --->   Generic Core
ST_1 : Operation 13 [2/2] (2.64ns)   --->   "%call_ln223 = call void @k1_vertex_transform, i1024 %gmem0, i64 %in_tris_read, i32 %mvp_matrix, i1 %clip_tris_is_active, i32 %clip_tris_n0_x, i32 %clip_tris_n0_y, i32 %clip_tris_n0_z, i32 %clip_tris_n1_x, i32 %clip_tris_n1_y, i32 %clip_tris_n1_z, i32 %clip_tris_n2_x, i32 %clip_tris_n2_y, i32 %clip_tris_n2_z, i32 %clip_tris_v0_w, i32 %clip_tris_v0_x, i32 %clip_tris_v0_y, i32 %clip_tris_v0_z, i32 %clip_tris_v1_w, i32 %clip_tris_v1_x, i32 %clip_tris_v1_y, i32 %clip_tris_v1_z, i32 %clip_tris_v2_w, i32 %clip_tris_v2_x, i32 %clip_tris_v2_y, i32 %clip_tris_v2_z" [top.cpp:223]   --->   Operation 13 'call' 'call_ln223' <Predicate = true> <Delay = 2.64> <CoreType = "Generic">   --->   Generic Core

State 2 <SV = 1> <Delay = 0.00>
ST_2 : Operation 14 [1/2] (0.00ns)   --->   "%call_ln223 = call void @k1_vertex_transform, i1024 %gmem0, i64 %in_tris_read, i32 %mvp_matrix, i1 %clip_tris_is_active, i32 %clip_tris_n0_x, i32 %clip_tris_n0_y, i32 %clip_tris_n0_z, i32 %clip_tris_n1_x, i32 %clip_tris_n1_y, i32 %clip_tris_n1_z, i32 %clip_tris_n2_x, i32 %clip_tris_n2_y, i32 %clip_tris_n2_z, i32 %clip_tris_v0_w, i32 %clip_tris_v0_x, i32 %clip_tris_v0_y, i32 %clip_tris_v0_z, i32 %clip_tris_v1_w, i32 %clip_tris_v1_x, i32 %clip_tris_v1_y, i32 %clip_tris_v1_z, i32 %clip_tris_v2_w, i32 %clip_tris_v2_x, i32 %clip_tris_v2_y, i32 %clip_tris_v2_z" [top.cpp:223]   --->   Operation 14 'call' 'call_ln223' <Predicate = true> <Delay = 0.00> <CoreType = "Generic">   --->   Generic Core

State 3 <SV = 2> <Delay = 0.00>
ST_3 : Operation 15 [2/2] (0.00ns)   --->   "%call_ln224 = call void @k2_perspective_divide, i32 %clip_tris_v0_x, i32 %clip_tris_v0_y, i32 %clip_tris_v0_z, i32 %clip_tris_v0_w, i32 %clip_tris_v1_x, i32 %clip_tris_v1_y, i32 %clip_tris_v1_z, i32 %clip_tris_v1_w, i32 %clip_tris_v2_x, i32 %clip_tris_v2_y, i32 %clip_tris_v2_z, i32 %clip_tris_v2_w, i32 %clip_tris_n0_x, i32 %clip_tris_n0_y, i32 %clip_tris_n0_z, i32 %clip_tris_n1_x, i32 %clip_tris_n1_y, i32 %clip_tris_n1_z, i32 %clip_tris_n2_x, i32 %clip_tris_n2_y, i32 %clip_tris_n2_z, i1 %clip_tris_is_active, i32 %screen_tris_v0_x, i32 %screen_tris_v0_y, i32 %screen_tris_v0_z, i32 %screen_tris_v1_x, i32 %screen_tris_v1_y, i32 %screen_tris_v1_z, i32 %screen_tris_v2_x, i32 %screen_tris_v2_y, i32 %screen_tris_v2_z, i32 %screen_tris_n0_x, i32 %screen_tris_n0_y, i32 %screen_tris_n0_z, i32 %screen_tris_n1_x, i32 %screen_tris_n1_y, i32 %screen_tris_n1_z, i32 %screen_tris_n2_x, i32 %screen_tris_n2_y, i32 %screen_tris_n2_z, i1 %screen_tris_is_active" [top.cpp:224]   --->   Operation 15 'call' 'call_ln224' <Predicate = true> <Delay = 0.00> <CoreType = "Generic">   --->   Generic Core

State 4 <SV = 3> <Delay = 0.90>
ST_4 : Operation 16 [1/2] (0.90ns)   --->   "%call_ln224 = call void @k2_perspective_divide, i32 %clip_tris_v0_x, i32 %clip_tris_v0_y, i32 %clip_tris_v0_z, i32 %clip_tris_v0_w, i32 %clip_tris_v1_x, i32 %clip_tris_v1_y, i32 %clip_tris_v1_z, i32 %clip_tris_v1_w, i32 %clip_tris_v2_x, i32 %clip_tris_v2_y, i32 %clip_tris_v2_z, i32 %clip_tris_v2_w, i32 %clip_tris_n0_x, i32 %clip_tris_n0_y, i32 %clip_tris_n0_z, i32 %clip_tris_n1_x, i32 %clip_tris_n1_y, i32 %clip_tris_n1_z, i32 %clip_tris_n2_x, i32 %clip_tris_n2_y, i32 %clip_tris_n2_z, i1 %clip_tris_is_active, i32 %screen_tris_v0_x, i32 %screen_tris_v0_y, i32 %screen_tris_v0_z, i32 %screen_tris_v1_x, i32 %screen_tris_v1_y, i32 %screen_tris_v1_z, i32 %screen_tris_v2_x, i32 %screen_tris_v2_y, i32 %screen_tris_v2_z, i32 %screen_tris_n0_x, i32 %screen_tris_n0_y, i32 %screen_tris_n0_z, i32 %screen_tris_n1_x, i32 %screen_tris_n1_y, i32 %screen_tris_n1_z, i32 %screen_tris_n2_x, i32 %screen_tris_n2_y, i32 %screen_tris_n2_z, i1 %screen_tris_is_active" [top.cpp:224]   --->   Operation 16 'call' 'call_ln224' <Predicate = true> <Delay = 0.90> <CoreType = "Generic">   --->   Generic Core

State 5 <SV = 4> <Delay = 0.00>
ST_5 : Operation 17 [2/2] (0.00ns)   --->   "%call_ln225 = call void @Block_entry_screen_tris (.v0.x)_rd_proc, i32 %depth_buffer, i32 %normal_buffer_x, i32 %normal_buffer_y, i32 %normal_buffer_z, i1 %screen_tris_is_active, i32 %screen_tris_n0_x, i32 %screen_tris_n0_y, i32 %screen_tris_n0_z, i32 %screen_tris_n1_x, i32 %screen_tris_n1_y, i32 %screen_tris_n1_z, i32 %screen_tris_n2_x, i32 %screen_tris_n2_y, i32 %screen_tris_n2_z, i32 %screen_tris_v0_x, i32 %screen_tris_v0_y, i32 %screen_tris_v0_z, i32 %screen_tris_v1_x, i32 %screen_tris_v1_y, i32 %screen_tris_v1_z, i32 %screen_tris_v2_x, i32 %screen_tris_v2_y, i32 %screen_tris_v2_z, i16 %bounds_max_x, i16 %bounds_max_y, i15 %bounds_min_x, i15 %bounds_min_y" [top.cpp:225]   --->   Operation 17 'call' 'call_ln225' <Predicate = true> <Delay = 0.00> <CoreType = "Generic">   --->   Generic Core

State 6 <SV = 5> <Delay = 0.00>
ST_6 : Operation 18 [1/2] (0.00ns)   --->   "%call_ln225 = call void @Block_entry_screen_tris (.v0.x)_rd_proc, i32 %depth_buffer, i32 %normal_buffer_x, i32 %normal_buffer_y, i32 %normal_buffer_z, i1 %screen_tris_is_active, i32 %screen_tris_n0_x, i32 %screen_tris_n0_y, i32 %screen_tris_n0_z, i32 %screen_tris_n1_x, i32 %screen_tris_n1_y, i32 %screen_tris_n1_z, i32 %screen_tris_n2_x, i32 %screen_tris_n2_y, i32 %screen_tris_n2_z, i32 %screen_tris_v0_x, i32 %screen_tris_v0_y, i32 %screen_tris_v0_z, i32 %screen_tris_v1_x, i32 %screen_tris_v1_y, i32 %screen_tris_v1_z, i32 %screen_tris_v2_x, i32 %screen_tris_v2_y, i32 %screen_tris_v2_z, i16 %bounds_max_x, i16 %bounds_max_y, i15 %bounds_min_x, i15 %bounds_min_y" [top.cpp:225]   --->   Operation 18 'call' 'call_ln225' <Predicate = true> <Delay = 0.00> <CoreType = "Generic">   --->   Generic Core

State 7 <SV = 6> <Delay = 0.00>
ST_7 : Operation 19 [2/2] (0.00ns)   --->   "%call_ln227 = call void @k5_deferred_lighting, i32 %gmem1, i64 %out_pixels_c, i32 %depth_buffer, i32 %normal_buffer_x, i32 %normal_buffer_y, i32 %normal_buffer_z" [top.cpp:227]   --->   Operation 19 'call' 'call_ln227' <Predicate = true> <Delay = 0.00> <CoreType = "Generic">   --->   Generic Core

State 8 <SV = 7> <Delay = 0.00>
ST_8 : Operation 20 [1/1] (0.00ns)   --->   "%empty = specchannel i32 @_ssdm_op_SpecChannel, void @out_pixels_c_str, i32 1, void @p_str, void @p_str, i32 5, i32 0, i64 %out_pixels_c, i64 %out_pixels_c" [top.cpp:211]   --->   Operation 20 'specchannel' 'empty' <Predicate = true> <Delay = 0.00>
ST_8 : Operation 21 [1/1] (0.00ns)   --->   "%specinterface_ln211 = specinterface void @_ssdm_op_SpecInterface, i64 %out_pixels_c, void @ap_fifo_str, i32 0, i32 0, void @p_str, i32 0, i32 0, void @p_str, void @p_str, void @p_str, i32 2, i32 2, i32 16, i32 16, void @p_str, void @p_str, i32 4294967295, i32 0, i32 0" [top.cpp:211]   --->   Operation 21 'specinterface' 'specinterface_ln211' <Predicate = true> <Delay = 0.00>
ST_8 : Operation 22 [1/1] (0.00ns)   --->   "%specdataflowpipeline_ln211 = specdataflowpipeline void @_ssdm_op_SpecDataflowPipeline, i32 4294967295, i32 0, void @empty_11" [top.cpp:211]   --->   Operation 22 'specdataflowpipeline' 'specdataflowpipeline_ln211' <Predicate = true> <Delay = 0.00>
ST_8 : Operation 23 [1/1] (0.00ns)   --->   "%spectopmodule_ln205 = spectopmodule void @_ssdm_op_SpecTopModule, void @empty_15" [top.cpp:205]   --->   Operation 23 'spectopmodule' 'spectopmodule_ln205' <Predicate = true> <Delay = 0.00>
ST_8 : Operation 24 [1/1] (0.00ns)   --->   "%specinterface_ln0 = specinterface void @_ssdm_op_SpecInterface, i1024 %gmem0, void @empty_16, i32 0, i32 0, void @empty_11, i32 0, i32 0, void @empty_19, void @empty_6, void @empty_11, i32 16, i32 16, i32 16, i32 16, void @empty_11, void @empty_11, i32 4294967295, i32 0, i32 0"   --->   Operation 24 'specinterface' 'specinterface_ln0' <Predicate = true> <Delay = 0.00>
ST_8 : Operation 25 [1/1] (0.00ns)   --->   "%specbitsmap_ln0 = specbitsmap void @_ssdm_op_SpecBitsMap, i1024 %gmem0"   --->   Operation 25 'specbitsmap' 'specbitsmap_ln0' <Predicate = true> <Delay = 0.00>
ST_8 : Operation 26 [1/1] (0.00ns)   --->   "%specinterface_ln0 = specinterface void @_ssdm_op_SpecInterface, i32 %gmem1, void @empty_16, i32 0, i32 0, void @empty_11, i32 0, i32 0, void @empty_7, void @empty_6, void @empty_11, i32 16, i32 16, i32 16, i32 16, void @empty_11, void @empty_11, i32 4294967295, i32 0, i32 0"   --->   Operation 26 'specinterface' 'specinterface_ln0' <Predicate = true> <Delay = 0.00>
ST_8 : Operation 27 [1/1] (0.00ns)   --->   "%specbitsmap_ln0 = specbitsmap void @_ssdm_op_SpecBitsMap, i32 %gmem1"   --->   Operation 27 'specbitsmap' 'specbitsmap_ln0' <Predicate = true> <Delay = 0.00>
ST_8 : Operation 28 [1/1] (0.00ns)   --->   "%specinterface_ln0 = specinterface void @_ssdm_op_SpecInterface, i64 %in_tris, void @empty, i32 0, i32 0, void @empty_11, i32 0, i32 0, void @empty_0, void @empty_17, void @empty_11, i32 0, i32 0, i32 0, i32 0, void @empty_11, void @empty_10, i32 4294967295, i32 0, i32 0"   --->   Operation 28 'specinterface' 'specinterface_ln0' <Predicate = true> <Delay = 0.00>
ST_8 : Operation 29 [1/1] (0.00ns)   --->   "%specinterface_ln0 = specinterface void @_ssdm_op_SpecInterface, i64 %in_tris, void @empty_9, i32 0, i32 0, void @empty_11, i32 0, i32 0, void @empty_11, void @empty_11, void @empty_11, i32 0, i32 0, i32 0, i32 0, void @empty_11, void @empty_10, i32 4294967295, i32 0, i32 0"   --->   Operation 29 'specinterface' 'specinterface_ln0' <Predicate = true> <Delay = 0.00>
ST_8 : Operation 30 [1/1] (0.00ns)   --->   "%specinterface_ln0 = specinterface void @_ssdm_op_SpecInterface, i32 %mvp_matrix, void @empty_8, i32 0, i32 0, void @empty_11, i32 4294967295, i32 0, void @empty_11, void @empty_11, void @empty_11, i32 0, i32 0, i32 0, i32 0, void @empty_11, void @empty_11, i32 4294967295, i32 0, i32 0"   --->   Operation 30 'specinterface' 'specinterface_ln0' <Predicate = true> <Delay = 0.00>
ST_8 : Operation 31 [1/1] (0.00ns)   --->   "%specbitsmap_ln0 = specbitsmap void @_ssdm_op_SpecBitsMap, i32 %mvp_matrix"   --->   Operation 31 'specbitsmap' 'specbitsmap_ln0' <Predicate = true> <Delay = 0.00>
ST_8 : Operation 32 [1/1] (0.00ns)   --->   "%specinterface_ln0 = specinterface void @_ssdm_op_SpecInterface, i64 %out_pixels, void @empty, i32 0, i32 0, void @empty_11, i32 0, i32 0, void @empty_0, void @empty_1, void @empty_11, i32 0, i32 0, i32 0, i32 0, void @empty_11, void @empty_10, i32 4294967295, i32 0, i32 0"   --->   Operation 32 'specinterface' 'specinterface_ln0' <Predicate = true> <Delay = 0.00>
ST_8 : Operation 33 [1/1] (0.00ns)   --->   "%specinterface_ln0 = specinterface void @_ssdm_op_SpecInterface, i64 %out_pixels, void @empty_9, i32 0, i32 0, void @empty_11, i32 0, i32 0, void @empty_11, void @empty_11, void @empty_11, i32 0, i32 0, i32 0, i32 0, void @empty_11, void @empty_10, i32 4294967295, i32 0, i32 0"   --->   Operation 33 'specinterface' 'specinterface_ln0' <Predicate = true> <Delay = 0.00>
ST_8 : Operation 34 [1/1] (0.00ns)   --->   "%specinterface_ln0 = specinterface void @_ssdm_op_SpecInterface, i32 0, void @empty, i32 0, i32 0, void @empty_11, i32 0, i32 0, void @empty_0, void @empty_11, void @empty_11, i32 0, i32 0, i32 0, i32 0, void @empty_11, void @empty_11, i32 4294967295, i32 0, i32 0"   --->   Operation 34 'specinterface' 'specinterface_ln0' <Predicate = true> <Delay = 0.00>
ST_8 : Operation 35 [1/2] (0.00ns)   --->   "%call_ln227 = call void @k5_deferred_lighting, i32 %gmem1, i64 %out_pixels_c, i32 %depth_buffer, i32 %normal_buffer_x, i32 %normal_buffer_y, i32 %normal_buffer_z" [top.cpp:227]   --->   Operation 35 'call' 'call_ln227' <Predicate = true> <Delay = 0.00> <CoreType = "Generic">   --->   Generic Core
ST_8 : Operation 36 [1/1] (0.00ns)   --->   "%ret_ln228 = ret" [top.cpp:228]   --->   Operation 36 'ret' 'ret_ln228' <Predicate = true> <Delay = 0.00>


============================================================
+ Verbose Summary: Timing violations
============================================================
Target clock period: 10.000ns, clock uncertainty: 2.700ns.

 <State 1>: 3.642ns
The critical path consists of the following:
	s_axi read operation ('in_tris_read', top.cpp:211) on port 'in_tris' (top.cpp:211) [56]  (1.000 ns)
	'call' operation 0 bit ('call_ln223', top.cpp:223) to 'k1_vertex_transform' [74]  (2.642 ns)

 <State 2>: 0.000ns
The critical path consists of the following:

 <State 3>: 0.000ns
The critical path consists of the following:

 <State 4>: 0.907ns
The critical path consists of the following:
	'call' operation 0 bit ('call_ln224', top.cpp:224) to 'k2_perspective_divide' [75]  (0.907 ns)

 <State 5>: 0.000ns
The critical path consists of the following:

 <State 6>: 0.000ns
The critical path consists of the following:

 <State 7>: 0.000ns
The critical path consists of the following:

 <State 8>: 0.000ns
The critical path consists of the following:


============================================================
+ Verbose Summary: Binding
============================================================
N/A
* FSMD analyzer results:
  - Output states:
 - Input state : 
  - Chain level:
	State 1
	State 2
	State 3
	State 4
	State 5
	State 6
	State 7
	State 8


============================================================
+ Verbose Summary: Datapath Resource usage 
============================================================
N/A
