

================================================================
== Vitis HLS Report for 'top_kernel'
================================================================
* Date:           Mon Mar 30 22:37:13 2026

* Version:        2025.1.1 (Build 6214317 on Sep 11 2025)
* Project:        project_1
* Solution:       hls (Vivado IP Flow Target)
* Product family: zynquplus
* Target device:  xczu3eg-sbva484-1-e


================================================================
== Performance Estimates
================================================================
+ Timing: 
    * Summary: 
    +--------+----------+----------+------------+
    |  Clock |  Target  | Estimated| Uncertainty|
    +--------+----------+----------+------------+
    |ap_clk  |  10.00 ns|  7.300 ns|     2.70 ns|
    +--------+----------+----------+------------+

+ Latency: 
    * Summary: 
    +---------+---------+----------+----------+-----+-----+---------+
    |  Latency (cycles) |  Latency (absolute) |  Interval | Pipeline|
    |   min   |   max   |    min   |    max   | min | max |   Type  |
    +---------+---------+----------+----------+-----+-----+---------+
    |        ?|        ?|         ?|         ?|    ?|    ?|       no|
    +---------+---------+----------+----------+-----+-----+---------+

    + Detail: 
        * Instance: 
        +----------------------------------+-----------------------+---------+---------+-----------+-----------+-------+-------+---------+
        |                                  |                       |  Latency (cycles) |   Latency (absolute)  |    Interval   | Pipeline|
        |             Instance             |         Module        |   min   |   max   |    min    |    max    |  min  |  max  |   Type  |
        +----------------------------------+-----------------------+---------+---------+-----------+-----------+-------+-------+---------+
        |grp_k1_vertex_transform_fu_180    |k1_vertex_transform    |     2817|     6017|  28.170 us|  60.170 us|   2817|   6017|       no|
        |grp_k2_perspective_divide_fu_236  |k2_perspective_divide  |      385|    15233|   3.850 us|   0.152 ms|    385|  15233|       no|
        |grp_k3_bounding_box_fu_322        |k3_bounding_box        |      385|      513|   3.850 us|   5.130 us|    385|    513|       no|
        |grp_k4_rasterize_fu_348           |k4_rasterize           |        ?|        ?|          ?|          ?|      ?|      ?|       no|
        |grp_k5_deferred_lighting_fu_406   |k5_deferred_lighting   |    24710|    24710|   0.247 ms|   0.247 ms|  24710|  24710|       no|
        +----------------------------------+-----------------------+---------+---------+-----------+-----------+-------+-------+---------+

        * Loop: 
        N/A

============================================================
+ Verbose Summary: Synthesis Manager
============================================================
InlineROM: 1
ExposeGlobal: 0
============================================================
+ Verbose Summary: CDFG Model
============================================================
IsTopModel: 1
ResetActiveHigh: 1
IsCombinational: 0
IsDatapathOnly: 0
HasWiredReturn: 1
HasMFsm: 0
HasVarLatency: 1
IsPipeline: 0
IsRtlPipelined: 0
IsInstanceOverlapped: 0
IsDontTouch: 0
HasImplIP: 0
IsGatedGlobalClock: 0


============================================================
+ Verbose Summary: Schedule
============================================================
* Number of FSM states : 10
* Pipeline : 0
* Dataflow Pipeline: 0

* FSM state transitions: 
1 --> 2 
2 --> 3 
3 --> 4 
4 --> 5 
5 --> 6 
6 --> 7 
7 --> 8 
8 --> 9 
9 --> 10 
10 --> 

* FSM state operations: 

State 1 <SV = 0> <Delay = 1.00>
ST_1 : Operation 11 [1/1] (1.00ns)   --->   "%out_pixels_read = read i64 @_ssdm_op_Read.s_axilite.i64, i64 %out_pixels" [top.cpp:499]   --->   Operation 11 'read' 'out_pixels_read' <Predicate = true> <Delay = 1.00> <CoreInst = "s_axilite">   --->   Core 120 's_axilite' <Latency = 0> <II = 1> <Delay = 1.00> <Adapter> <Opcode : 'read' 'write'>
ST_1 : Operation 12 [1/1] (1.00ns)   --->   "%mvp_matrix_read = read i64 @_ssdm_op_Read.s_axilite.i64, i64 %mvp_matrix" [top.cpp:499]   --->   Operation 12 'read' 'mvp_matrix_read' <Predicate = true> <Delay = 1.00> <CoreInst = "s_axilite">   --->   Core 120 's_axilite' <Latency = 0> <II = 1> <Delay = 1.00> <Adapter> <Opcode : 'read' 'write'>
ST_1 : Operation 13 [1/1] (1.00ns)   --->   "%in_tris_read = read i64 @_ssdm_op_Read.s_axilite.i64, i64 %in_tris" [top.cpp:499]   --->   Operation 13 'read' 'in_tris_read' <Predicate = true> <Delay = 1.00> <CoreInst = "s_axilite">   --->   Core 120 's_axilite' <Latency = 0> <II = 1> <Delay = 1.00> <Adapter> <Opcode : 'read' 'write'>
ST_1 : Operation 14 [2/2] (0.00ns)   --->   "%call_ln517 = call void @k1_vertex_transform, i1024 %gmem0, i64 %in_tris_read, i32 %gmem2, i64 %mvp_matrix_read, i32 %clip_tris_v0_x, i32 %clip_tris_v0_y, i32 %clip_tris_v0_z, i32 %clip_tris_v0_w, i32 %clip_tris_v1_x, i32 %clip_tris_v1_y, i32 %clip_tris_v1_z, i32 %clip_tris_v1_w, i32 %clip_tris_v2_x, i32 %clip_tris_v2_y, i32 %clip_tris_v2_z, i32 %clip_tris_v2_w, i32 %clip_tris_n0_x, i32 %clip_tris_n0_y, i32 %clip_tris_n0_z, i32 %clip_tris_n1_x, i32 %clip_tris_n1_y, i32 %clip_tris_n1_z, i32 %clip_tris_n2_x, i32 %clip_tris_n2_y, i32 %clip_tris_n2_z, i1 %clip_tris_is_active" [top.cpp:517]   --->   Operation 14 'call' 'call_ln517' <Predicate = true> <Delay = 0.00> <CoreType = "Generic">   --->   Generic Core

State 2 <SV = 1> <Delay = 0.90>
ST_2 : Operation 15 [1/2] (0.90ns)   --->   "%call_ln517 = call void @k1_vertex_transform, i1024 %gmem0, i64 %in_tris_read, i32 %gmem2, i64 %mvp_matrix_read, i32 %clip_tris_v0_x, i32 %clip_tris_v0_y, i32 %clip_tris_v0_z, i32 %clip_tris_v0_w, i32 %clip_tris_v1_x, i32 %clip_tris_v1_y, i32 %clip_tris_v1_z, i32 %clip_tris_v1_w, i32 %clip_tris_v2_x, i32 %clip_tris_v2_y, i32 %clip_tris_v2_z, i32 %clip_tris_v2_w, i32 %clip_tris_n0_x, i32 %clip_tris_n0_y, i32 %clip_tris_n0_z, i32 %clip_tris_n1_x, i32 %clip_tris_n1_y, i32 %clip_tris_n1_z, i32 %clip_tris_n2_x, i32 %clip_tris_n2_y, i32 %clip_tris_n2_z, i1 %clip_tris_is_active" [top.cpp:517]   --->   Operation 15 'call' 'call_ln517' <Predicate = true> <Delay = 0.90> <CoreType = "Generic">   --->   Generic Core

State 3 <SV = 2> <Delay = 0.00>
ST_3 : Operation 16 [2/2] (0.00ns)   --->   "%call_ln518 = call void @k2_perspective_divide, i32 %clip_tris_v0_x, i32 %clip_tris_v0_y, i32 %clip_tris_v0_z, i32 %clip_tris_v0_w, i32 %clip_tris_v1_x, i32 %clip_tris_v1_y, i32 %clip_tris_v1_z, i32 %clip_tris_v1_w, i32 %clip_tris_v2_x, i32 %clip_tris_v2_y, i32 %clip_tris_v2_z, i32 %clip_tris_v2_w, i32 %clip_tris_n0_x, i32 %clip_tris_n0_y, i32 %clip_tris_n0_z, i32 %clip_tris_n1_x, i32 %clip_tris_n1_y, i32 %clip_tris_n1_z, i32 %clip_tris_n2_x, i32 %clip_tris_n2_y, i32 %clip_tris_n2_z, i1 %clip_tris_is_active, i32 %screen_tris_v0_x, i32 %screen_tris_v0_y, i32 %screen_tris_v0_z, i32 %screen_tris_v1_x, i32 %screen_tris_v1_y, i32 %screen_tris_v1_z, i32 %screen_tris_v2_x, i32 %screen_tris_v2_y, i32 %screen_tris_v2_z, i32 %screen_tris_n0_x, i32 %screen_tris_n0_y, i32 %screen_tris_n0_z, i32 %screen_tris_n1_x, i32 %screen_tris_n1_y, i32 %screen_tris_n1_z, i32 %screen_tris_n2_x, i32 %screen_tris_n2_y, i32 %screen_tris_n2_z, i1 %screen_tris_is_active" [top.cpp:518]   --->   Operation 16 'call' 'call_ln518' <Predicate = true> <Delay = 0.00> <CoreType = "Generic">   --->   Generic Core

State 4 <SV = 3> <Delay = 0.90>
ST_4 : Operation 17 [1/2] (0.90ns)   --->   "%call_ln518 = call void @k2_perspective_divide, i32 %clip_tris_v0_x, i32 %clip_tris_v0_y, i32 %clip_tris_v0_z, i32 %clip_tris_v0_w, i32 %clip_tris_v1_x, i32 %clip_tris_v1_y, i32 %clip_tris_v1_z, i32 %clip_tris_v1_w, i32 %clip_tris_v2_x, i32 %clip_tris_v2_y, i32 %clip_tris_v2_z, i32 %clip_tris_v2_w, i32 %clip_tris_n0_x, i32 %clip_tris_n0_y, i32 %clip_tris_n0_z, i32 %clip_tris_n1_x, i32 %clip_tris_n1_y, i32 %clip_tris_n1_z, i32 %clip_tris_n2_x, i32 %clip_tris_n2_y, i32 %clip_tris_n2_z, i1 %clip_tris_is_active, i32 %screen_tris_v0_x, i32 %screen_tris_v0_y, i32 %screen_tris_v0_z, i32 %screen_tris_v1_x, i32 %screen_tris_v1_y, i32 %screen_tris_v1_z, i32 %screen_tris_v2_x, i32 %screen_tris_v2_y, i32 %screen_tris_v2_z, i32 %screen_tris_n0_x, i32 %screen_tris_n0_y, i32 %screen_tris_n0_z, i32 %screen_tris_n1_x, i32 %screen_tris_n1_y, i32 %screen_tris_n1_z, i32 %screen_tris_n2_x, i32 %screen_tris_n2_y, i32 %screen_tris_n2_z, i1 %screen_tris_is_active" [top.cpp:518]   --->   Operation 17 'call' 'call_ln518' <Predicate = true> <Delay = 0.90> <CoreType = "Generic">   --->   Generic Core

State 5 <SV = 4> <Delay = 0.00>
ST_5 : Operation 18 [2/2] (0.00ns)   --->   "%call_ln519 = call void @k3_bounding_box, i1 %screen_tris_is_active, i32 %screen_tris_v0_x, i32 %screen_tris_v1_x, i32 %screen_tris_v2_x, i32 %screen_tris_v0_y, i32 %screen_tris_v1_y, i32 %screen_tris_v2_y, i15 %bounds_min_x, i16 %bounds_max_x, i15 %bounds_min_y, i16 %bounds_max_y" [top.cpp:519]   --->   Operation 18 'call' 'call_ln519' <Predicate = true> <Delay = 0.00> <CoreType = "Generic">   --->   Generic Core

State 6 <SV = 5> <Delay = 0.90>
ST_6 : Operation 19 [1/2] (0.90ns)   --->   "%call_ln519 = call void @k3_bounding_box, i1 %screen_tris_is_active, i32 %screen_tris_v0_x, i32 %screen_tris_v1_x, i32 %screen_tris_v2_x, i32 %screen_tris_v0_y, i32 %screen_tris_v1_y, i32 %screen_tris_v2_y, i15 %bounds_min_x, i16 %bounds_max_x, i15 %bounds_min_y, i16 %bounds_max_y" [top.cpp:519]   --->   Operation 19 'call' 'call_ln519' <Predicate = true> <Delay = 0.90> <CoreType = "Generic">   --->   Generic Core

State 7 <SV = 6> <Delay = 0.00>
ST_7 : Operation 20 [2/2] (0.00ns)   --->   "%call_ln520 = call void @k4_rasterize, i32 %depth_buffer, i32 %normal_buffer_x, i32 %normal_buffer_y, i32 %normal_buffer_z, i1 %screen_tris_is_active, i32 %screen_tris_v0_x, i32 %screen_tris_v0_y, i32 %screen_tris_v1_x, i32 %screen_tris_v1_y, i32 %screen_tris_v2_x, i32 %screen_tris_v2_y, i15 %bounds_min_y, i16 %bounds_max_y, i15 %bounds_min_x, i16 %bounds_max_x, i32 %screen_tris_v0_z, i32 %screen_tris_v1_z, i32 %screen_tris_v2_z, i32 %screen_tris_n0_x, i32 %screen_tris_n1_x, i32 %screen_tris_n2_x, i32 %screen_tris_n0_y, i32 %screen_tris_n1_y, i32 %screen_tris_n2_y, i32 %screen_tris_n0_z, i32 %screen_tris_n1_z, i32 %screen_tris_n2_z" [top.cpp:520]   --->   Operation 20 'call' 'call_ln520' <Predicate = true> <Delay = 0.00> <CoreType = "Generic">   --->   Generic Core

State 8 <SV = 7> <Delay = 0.90>
ST_8 : Operation 21 [1/2] (0.90ns)   --->   "%call_ln520 = call void @k4_rasterize, i32 %depth_buffer, i32 %normal_buffer_x, i32 %normal_buffer_y, i32 %normal_buffer_z, i1 %screen_tris_is_active, i32 %screen_tris_v0_x, i32 %screen_tris_v0_y, i32 %screen_tris_v1_x, i32 %screen_tris_v1_y, i32 %screen_tris_v2_x, i32 %screen_tris_v2_y, i15 %bounds_min_y, i16 %bounds_max_y, i15 %bounds_min_x, i16 %bounds_max_x, i32 %screen_tris_v0_z, i32 %screen_tris_v1_z, i32 %screen_tris_v2_z, i32 %screen_tris_n0_x, i32 %screen_tris_n1_x, i32 %screen_tris_n2_x, i32 %screen_tris_n0_y, i32 %screen_tris_n1_y, i32 %screen_tris_n2_y, i32 %screen_tris_n0_z, i32 %screen_tris_n1_z, i32 %screen_tris_n2_z" [top.cpp:520]   --->   Operation 21 'call' 'call_ln520' <Predicate = true> <Delay = 0.90> <CoreType = "Generic">   --->   Generic Core

State 9 <SV = 8> <Delay = 7.30>
ST_9 : Operation 22 [2/2] (7.30ns)   --->   "%call_ln521 = call void @k5_deferred_lighting, i32 %gmem1, i64 %out_pixels_read, i32 %depth_buffer, i32 %normal_buffer_x, i32 %normal_buffer_y, i32 %normal_buffer_z" [top.cpp:521]   --->   Operation 22 'call' 'call_ln521' <Predicate = true> <Delay = 7.30> <CoreType = "Generic">   --->   Generic Core

State 10 <SV = 9> <Delay = 0.00>
ST_10 : Operation 23 [1/1] (0.00ns)   --->   "%spectopmodule_ln499 = spectopmodule void @_ssdm_op_SpecTopModule, void @empty_11" [top.cpp:499]   --->   Operation 23 'spectopmodule' 'spectopmodule_ln499' <Predicate = true> <Delay = 0.00>
ST_10 : Operation 24 [1/1] (0.00ns)   --->   "%specinterface_ln0 = specinterface void @_ssdm_op_SpecInterface, i1024 %gmem0, void @empty_17, i32 0, i32 0, void @empty_18, i32 0, i32 0, void @empty_19, void @empty_5, void @empty_18, i32 16, i32 16, i32 16, i32 16, void @empty_18, void @empty_18, i32 4294967295, i32 0, i32 0"   --->   Operation 24 'specinterface' 'specinterface_ln0' <Predicate = true> <Delay = 0.00>
ST_10 : Operation 25 [1/1] (0.00ns)   --->   "%specbitsmap_ln0 = specbitsmap void @_ssdm_op_SpecBitsMap, i1024 %gmem0"   --->   Operation 25 'specbitsmap' 'specbitsmap_ln0' <Predicate = true> <Delay = 0.00>
ST_10 : Operation 26 [1/1] (0.00ns)   --->   "%specinterface_ln0 = specinterface void @_ssdm_op_SpecInterface, i32 %gmem2, void @empty_17, i32 0, i32 0, void @empty_18, i32 0, i32 0, void @empty_3, void @empty_5, void @empty_18, i32 16, i32 16, i32 16, i32 16, void @empty_18, void @empty_18, i32 4294967295, i32 0, i32 0"   --->   Operation 26 'specinterface' 'specinterface_ln0' <Predicate = true> <Delay = 0.00>
ST_10 : Operation 27 [1/1] (0.00ns)   --->   "%specbitsmap_ln0 = specbitsmap void @_ssdm_op_SpecBitsMap, i32 %gmem2"   --->   Operation 27 'specbitsmap' 'specbitsmap_ln0' <Predicate = true> <Delay = 0.00>
ST_10 : Operation 28 [1/1] (0.00ns)   --->   "%specinterface_ln0 = specinterface void @_ssdm_op_SpecInterface, i32 %gmem1, void @empty_17, i32 0, i32 0, void @empty_18, i32 0, i32 0, void @empty_4, void @empty_5, void @empty_18, i32 16, i32 16, i32 16, i32 16, void @empty_18, void @empty_18, i32 4294967295, i32 0, i32 0"   --->   Operation 28 'specinterface' 'specinterface_ln0' <Predicate = true> <Delay = 0.00>
ST_10 : Operation 29 [1/1] (0.00ns)   --->   "%specbitsmap_ln0 = specbitsmap void @_ssdm_op_SpecBitsMap, i32 %gmem1"   --->   Operation 29 'specbitsmap' 'specbitsmap_ln0' <Predicate = true> <Delay = 0.00>
ST_10 : Operation 30 [1/1] (0.00ns)   --->   "%specinterface_ln0 = specinterface void @_ssdm_op_SpecInterface, i64 %in_tris, void @empty_16, i32 0, i32 0, void @empty_18, i32 0, i32 0, void @empty_6, void @empty_0, void @empty_18, i32 0, i32 0, i32 0, i32 0, void @empty_18, void @empty_2, i32 4294967295, i32 0, i32 0"   --->   Operation 30 'specinterface' 'specinterface_ln0' <Predicate = true> <Delay = 0.00>
ST_10 : Operation 31 [1/1] (0.00ns)   --->   "%specinterface_ln0 = specinterface void @_ssdm_op_SpecInterface, i64 %in_tris, void @empty_1, i32 0, i32 0, void @empty_18, i32 0, i32 0, void @empty_18, void @empty_18, void @empty_18, i32 0, i32 0, i32 0, i32 0, void @empty_18, void @empty_2, i32 4294967295, i32 0, i32 0"   --->   Operation 31 'specinterface' 'specinterface_ln0' <Predicate = true> <Delay = 0.00>
ST_10 : Operation 32 [1/1] (0.00ns)   --->   "%specinterface_ln0 = specinterface void @_ssdm_op_SpecInterface, i64 %mvp_matrix, void @empty_16, i32 0, i32 0, void @empty_18, i32 0, i32 0, void @empty_6, void @empty_7, void @empty_18, i32 0, i32 0, i32 0, i32 0, void @empty_18, void @empty_2, i32 4294967295, i32 0, i32 0"   --->   Operation 32 'specinterface' 'specinterface_ln0' <Predicate = true> <Delay = 0.00>
ST_10 : Operation 33 [1/1] (0.00ns)   --->   "%specinterface_ln0 = specinterface void @_ssdm_op_SpecInterface, i64 %mvp_matrix, void @empty_1, i32 0, i32 0, void @empty_18, i32 0, i32 0, void @empty_18, void @empty_18, void @empty_18, i32 0, i32 0, i32 0, i32 0, void @empty_18, void @empty_2, i32 4294967295, i32 0, i32 0"   --->   Operation 33 'specinterface' 'specinterface_ln0' <Predicate = true> <Delay = 0.00>
ST_10 : Operation 34 [1/1] (0.00ns)   --->   "%specinterface_ln0 = specinterface void @_ssdm_op_SpecInterface, i64 %out_pixels, void @empty_16, i32 0, i32 0, void @empty_18, i32 0, i32 0, void @empty_6, void @empty_8, void @empty_18, i32 0, i32 0, i32 0, i32 0, void @empty_18, void @empty_2, i32 4294967295, i32 0, i32 0"   --->   Operation 34 'specinterface' 'specinterface_ln0' <Predicate = true> <Delay = 0.00>
ST_10 : Operation 35 [1/1] (0.00ns)   --->   "%specinterface_ln0 = specinterface void @_ssdm_op_SpecInterface, i64 %out_pixels, void @empty_1, i32 0, i32 0, void @empty_18, i32 0, i32 0, void @empty_18, void @empty_18, void @empty_18, i32 0, i32 0, i32 0, i32 0, void @empty_18, void @empty_2, i32 4294967295, i32 0, i32 0"   --->   Operation 35 'specinterface' 'specinterface_ln0' <Predicate = true> <Delay = 0.00>
ST_10 : Operation 36 [1/1] (0.00ns)   --->   "%specinterface_ln0 = specinterface void @_ssdm_op_SpecInterface, i32 0, void @empty_16, i32 0, i32 0, void @empty_18, i32 0, i32 0, void @empty_6, void @empty_18, void @empty_18, i32 0, i32 0, i32 0, i32 0, void @empty_18, void @empty_18, i32 4294967295, i32 0, i32 0"   --->   Operation 36 'specinterface' 'specinterface_ln0' <Predicate = true> <Delay = 0.00>
ST_10 : Operation 37 [1/2] (0.00ns)   --->   "%call_ln521 = call void @k5_deferred_lighting, i32 %gmem1, i64 %out_pixels_read, i32 %depth_buffer, i32 %normal_buffer_x, i32 %normal_buffer_y, i32 %normal_buffer_z" [top.cpp:521]   --->   Operation 37 'call' 'call_ln521' <Predicate = true> <Delay = 0.00> <CoreType = "Generic">   --->   Generic Core
ST_10 : Operation 38 [1/1] (0.00ns)   --->   "%ret_ln522 = ret" [top.cpp:522]   --->   Operation 38 'ret' 'ret_ln522' <Predicate = true> <Delay = 0.00>


============================================================
+ Verbose Summary: Binding
============================================================
STG Binding: 
---------------- STG Properties BEGIN ----------------
- Is combinational: 0
- Is one-state seq: 0
- Is datapath-only: 0
- Is pipelined: 0
- Is top level: 1
Port [ Return ] is wired: 1; IO mode=ap_ctrl_hs:ce=0
Port [ gmem0]:  wired=1; compound=1; hidden=0; nouse=0; global=0; static=0; extern=0; dir=0; type=4; pingpong=0; private_global=0; IO mode=m_axi:ce=0
Port [ gmem2]:  wired=1; compound=1; hidden=0; nouse=0; global=0; static=0; extern=0; dir=0; type=4; pingpong=0; private_global=0; IO mode=m_axi:ce=0
Port [ gmem1]:  wired=1; compound=1; hidden=0; nouse=0; global=0; static=0; extern=0; dir=1; type=4; pingpong=0; private_global=0; IO mode=m_axi:ce=0
Port [ in_tris]:  wired=1; compound=0; hidden=0; nouse=0; global=0; static=0; extern=0; dir=0; type=0; pingpong=0; private_global=0; IO mode=ap_none:ce=0
Port [ mvp_matrix]:  wired=1; compound=0; hidden=0; nouse=0; global=0; static=0; extern=0; dir=0; type=0; pingpong=0; private_global=0; IO mode=ap_none:ce=0
Port [ out_pixels]:  wired=1; compound=0; hidden=0; nouse=0; global=0; static=0; extern=0; dir=0; type=0; pingpong=0; private_global=0; IO mode=ap_none:ce=0
Port [ clip_tris_v0_x]:  wired=0; compound=1; hidden=1; nouse=0; global=1; static=1; extern=0; dir=2; type=1; pingpong=0; private_global=1; MemPort=[23]; IO mode=ap_memory:ce=0
Port [ clip_tris_v0_y]:  wired=0; compound=1; hidden=1; nouse=0; global=1; static=1; extern=0; dir=2; type=1; pingpong=0; private_global=1; MemPort=[23]; IO mode=ap_memory:ce=0
Port [ clip_tris_v0_z]:  wired=0; compound=1; hidden=1; nouse=0; global=1; static=1; extern=0; dir=2; type=1; pingpong=0; private_global=1; MemPort=[23]; IO mode=ap_memory:ce=0
Port [ clip_tris_v0_w]:  wired=0; compound=1; hidden=1; nouse=0; global=1; static=1; extern=0; dir=2; type=1; pingpong=0; private_global=1; MemPort=[23]; IO mode=ap_memory:ce=0
Port [ clip_tris_v1_x]:  wired=0; compound=1; hidden=1; nouse=0; global=1; static=1; extern=0; dir=2; type=1; pingpong=0; private_global=1; MemPort=[23]; IO mode=ap_memory:ce=0
Port [ clip_tris_v1_y]:  wired=0; compound=1; hidden=1; nouse=0; global=1; static=1; extern=0; dir=2; type=1; pingpong=0; private_global=1; MemPort=[23]; IO mode=ap_memory:ce=0
Port [ clip_tris_v1_z]:  wired=0; compound=1; hidden=1; nouse=0; global=1; static=1; extern=0; dir=2; type=1; pingpong=0; private_global=1; MemPort=[23]; IO mode=ap_memory:ce=0
Port [ clip_tris_v1_w]:  wired=0; compound=1; hidden=1; nouse=0; global=1; static=1; extern=0; dir=2; type=1; pingpong=0; private_global=1; MemPort=[23]; IO mode=ap_memory:ce=0
Port [ clip_tris_v2_x]:  wired=0; compound=1; hidden=1; nouse=0; global=1; static=1; extern=0; dir=2; type=1; pingpong=0; private_global=1; MemPort=[23]; IO mode=ap_memory:ce=0
Port [ clip_tris_v2_y]:  wired=0; compound=1; hidden=1; nouse=0; global=1; static=1; extern=0; dir=2; type=1; pingpong=0; private_global=1; MemPort=[23]; IO mode=ap_memory:ce=0
Port [ clip_tris_v2_z]:  wired=0; compound=1; hidden=1; nouse=0; global=1; static=1; extern=0; dir=2; type=1; pingpong=0; private_global=1; MemPort=[23]; IO mode=ap_memory:ce=0
Port [ clip_tris_v2_w]:  wired=0; compound=1; hidden=1; nouse=0; global=1; static=1; extern=0; dir=2; type=1; pingpong=0; private_global=1; MemPort=[23]; IO mode=ap_memory:ce=0
Port [ clip_tris_n0_x]:  wired=0; compound=1; hidden=1; nouse=0; global=1; static=1; extern=0; dir=2; type=1; pingpong=0; private_global=1; MemPort=[23]; IO mode=ap_memory:ce=0
Port [ clip_tris_n0_y]:  wired=0; compound=1; hidden=1; nouse=0; global=1; static=1; extern=0; dir=2; type=1; pingpong=0; private_global=1; MemPort=[23]; IO mode=ap_memory:ce=0
Port [ clip_tris_n0_z]:  wired=0; compound=1; hidden=1; nouse=0; global=1; static=1; extern=0; dir=2; type=1; pingpong=0; private_global=1; MemPort=[23]; IO mode=ap_memory:ce=0
Port [ clip_tris_n1_x]:  wired=0; compound=1; hidden=1; nouse=0; global=1; static=1; extern=0; dir=2; type=1; pingpong=0; private_global=1; MemPort=[23]; IO mode=ap_memory:ce=0
Port [ clip_tris_n1_y]:  wired=0; compound=1; hidden=1; nouse=0; global=1; static=1; extern=0; dir=2; type=1; pingpong=0; private_global=1; MemPort=[23]; IO mode=ap_memory:ce=0
Port [ clip_tris_n1_z]:  wired=0; compound=1; hidden=1; nouse=0; global=1; static=1; extern=0; dir=2; type=1; pingpong=0; private_global=1; MemPort=[23]; IO mode=ap_memory:ce=0
Port [ clip_tris_n2_x]:  wired=0; compound=1; hidden=1; nouse=0; global=1; static=1; extern=0; dir=2; type=1; pingpong=0; private_global=1; MemPort=[23]; IO mode=ap_memory:ce=0
Port [ clip_tris_n2_y]:  wired=0; compound=1; hidden=1; nouse=0; global=1; static=1; extern=0; dir=2; type=1; pingpong=0; private_global=1; MemPort=[23]; IO mode=ap_memory:ce=0
Port [ clip_tris_n2_z]:  wired=0; compound=1; hidden=1; nouse=0; global=1; static=1; extern=0; dir=2; type=1; pingpong=0; private_global=1; MemPort=[23]; IO mode=ap_memory:ce=0
Port [ clip_tris_is_active]:  wired=0; compound=1; hidden=1; nouse=0; global=1; static=1; extern=0; dir=2; type=1; pingpong=0; private_global=1; MemPort=[23]; IO mode=ap_memory:ce=0
Port [ screen_tris_v0_x]:  wired=0; compound=1; hidden=1; nouse=0; global=1; static=1; extern=0; dir=2; type=1; pingpong=0; private_global=1; MemPort=[23]; IO mode=ap_memory:ce=0
Port [ screen_tris_v0_y]:  wired=0; compound=1; hidden=1; nouse=0; global=1; static=1; extern=0; dir=2; type=1; pingpong=0; private_global=1; MemPort=[23]; IO mode=ap_memory:ce=0
Port [ screen_tris_v0_z]:  wired=0; compound=1; hidden=1; nouse=0; global=1; static=1; extern=0; dir=2; type=1; pingpong=0; private_global=1; MemPort=[23]; IO mode=ap_memory:ce=0
Port [ screen_tris_v1_x]:  wired=0; compound=1; hidden=1; nouse=0; global=1; static=1; extern=0; dir=2; type=1; pingpong=0; private_global=1; MemPort=[23]; IO mode=ap_memory:ce=0
Port [ screen_tris_v1_y]:  wired=0; compound=1; hidden=1; nouse=0; global=1; static=1; extern=0; dir=2; type=1; pingpong=0; private_global=1; MemPort=[23]; IO mode=ap_memory:ce=0
Port [ screen_tris_v1_z]:  wired=0; compound=1; hidden=1; nouse=0; global=1; static=1; extern=0; dir=2; type=1; pingpong=0; private_global=1; MemPort=[23]; IO mode=ap_memory:ce=0
Port [ screen_tris_v2_x]:  wired=0; compound=1; hidden=1; nouse=0; global=1; static=1; extern=0; dir=2; type=1; pingpong=0; private_global=1; MemPort=[23]; IO mode=ap_memory:ce=0
Port [ screen_tris_v2_y]:  wired=0; compound=1; hidden=1; nouse=0; global=1; static=1; extern=0; dir=2; type=1; pingpong=0; private_global=1; MemPort=[23]; IO mode=ap_memory:ce=0
Port [ screen_tris_v2_z]:  wired=0; compound=1; hidden=1; nouse=0; global=1; static=1; extern=0; dir=2; type=1; pingpong=0; private_global=1; MemPort=[23]; IO mode=ap_memory:ce=0
Port [ screen_tris_n0_x]:  wired=0; compound=1; hidden=1; nouse=0; global=1; static=1; extern=0; dir=2; type=1; pingpong=0; private_global=1; MemPort=[23]; IO mode=ap_memory:ce=0
Port [ screen_tris_n0_y]:  wired=0; compound=1; hidden=1; nouse=0; global=1; static=1; extern=0; dir=2; type=1; pingpong=0; private_global=1; MemPort=[23]; IO mode=ap_memory:ce=0
Port [ screen_tris_n0_z]:  wired=0; compound=1; hidden=1; nouse=0; global=1; static=1; extern=0; dir=2; type=1; pingpong=0; private_global=1; MemPort=[23]; IO mode=ap_memory:ce=0
Port [ screen_tris_n1_x]:  wired=0; compound=1; hidden=1; nouse=0; global=1; static=1; extern=0; dir=2; type=1; pingpong=0; private_global=1; MemPort=[23]; IO mode=ap_memory:ce=0
Port [ screen_tris_n1_y]:  wired=0; compound=1; hidden=1; nouse=0; global=1; static=1; extern=0; dir=2; type=1; pingpong=0; private_global=1; MemPort=[23]; IO mode=ap_memory:ce=0
Port [ screen_tris_n1_z]:  wired=0; compound=1; hidden=1; nouse=0; global=1; static=1; extern=0; dir=2; type=1; pingpong=0; private_global=1; MemPort=[23]; IO mode=ap_memory:ce=0
Port [ screen_tris_n2_x]:  wired=0; compound=1; hidden=1; nouse=0; global=1; static=1; extern=0; dir=2; type=1; pingpong=0; private_global=1; MemPort=[23]; IO mode=ap_memory:ce=0
Port [ screen_tris_n2_y]:  wired=0; compound=1; hidden=1; nouse=0; global=1; static=1; extern=0; dir=2; type=1; pingpong=0; private_global=1; MemPort=[23]; IO mode=ap_memory:ce=0
Port [ screen_tris_n2_z]:  wired=0; compound=1; hidden=1; nouse=0; global=1; static=1; extern=0; dir=2; type=1; pingpong=0; private_global=1; MemPort=[23]; IO mode=ap_memory:ce=0
Port [ screen_tris_is_active]:  wired=0; compound=1; hidden=1; nouse=0; global=1; static=1; extern=0; dir=2; type=1; pingpong=0; private_global=1; MemPort=[23]; IO mode=ap_memory:ce=0
Port [ bounds_min_x]:  wired=0; compound=1; hidden=1; nouse=0; global=1; static=1; extern=0; dir=2; type=1; pingpong=0; private_global=1; MemPort=[23]; IO mode=ap_memory:ce=0
Port [ bounds_max_x]:  wired=0; compound=1; hidden=1; nouse=0; global=1; static=1; extern=0; dir=2; type=1; pingpong=0; private_global=1; MemPort=[23]; IO mode=ap_memory:ce=0
Port [ bounds_min_y]:  wired=0; compound=1; hidden=1; nouse=0; global=1; static=1; extern=0; dir=2; type=1; pingpong=0; private_global=1; MemPort=[23]; IO mode=ap_memory:ce=0
Port [ bounds_max_y]:  wired=0; compound=1; hidden=1; nouse=0; global=1; static=1; extern=0; dir=2; type=1; pingpong=0; private_global=1; MemPort=[23]; IO mode=ap_memory:ce=0
Port [ depth_buffer]:  wired=0; compound=1; hidden=1; nouse=0; global=1; static=1; extern=0; dir=2; type=1; pingpong=0; private_global=1; MemPort=[23]; IO mode=ap_memory:ce=0
Port [ normal_buffer_x]:  wired=0; compound=1; hidden=1; nouse=0; global=1; static=1; extern=0; dir=2; type=1; pingpong=0; private_global=1; MemPort=[23]; IO mode=ap_memory:ce=0
Port [ normal_buffer_y]:  wired=0; compound=1; hidden=1; nouse=0; global=1; static=1; extern=0; dir=2; type=1; pingpong=0; private_global=1; MemPort=[23]; IO mode=ap_memory:ce=0
Port [ normal_buffer_z]:  wired=0; compound=1; hidden=1; nouse=0; global=1; static=1; extern=0; dir=2; type=1; pingpong=0; private_global=1; MemPort=[23]; IO mode=ap_memory:ce=0
---------------- STG Properties END ------------------

---------------- Datapath Model BEGIN ----------------

<LifeTime>
<method=bitvector/>
out_pixels_read     (read         ) [ 00111111111]
mvp_matrix_read     (read         ) [ 00100000000]
in_tris_read        (read         ) [ 00100000000]
call_ln517          (call         ) [ 00000000000]
call_ln518          (call         ) [ 00000000000]
call_ln519          (call         ) [ 00000000000]
call_ln520          (call         ) [ 00000000000]
spectopmodule_ln499 (spectopmodule) [ 00000000000]
specinterface_ln0   (specinterface) [ 00000000000]
specbitsmap_ln0     (specbitsmap  ) [ 00000000000]
specinterface_ln0   (specinterface) [ 00000000000]
specbitsmap_ln0     (specbitsmap  ) [ 00000000000]
specinterface_ln0   (specinterface) [ 00000000000]
specbitsmap_ln0     (specbitsmap  ) [ 00000000000]
specinterface_ln0   (specinterface) [ 00000000000]
specinterface_ln0   (specinterface) [ 00000000000]
specinterface_ln0   (specinterface) [ 00000000000]
specinterface_ln0   (specinterface) [ 00000000000]
specinterface_ln0   (specinterface) [ 00000000000]
specinterface_ln0   (specinterface) [ 00000000000]
specinterface_ln0   (specinterface) [ 00000000000]
call_ln521          (call         ) [ 00000000000]
ret_ln522           (ret          ) [ 00000000000]
</LifeTime>

<model>

<comp_list>
<comp id="0" class="1000" name="gmem0">
<pin_list>
<pin id="1" dir="1" index="0" bw="1" slack="0"/>
</pin_list>
<bind>
<StgValue><ssdm name="gmem0"/><MemPortTyVec>0 </MemPortTyVec>
</StgValue>
</bind>
</comp>

<comp id="2" class="1000" name="gmem2">
<pin_list>
<pin id="3" dir="1" index="0" bw="1" slack="0"/>
</pin_list>
<bind>
<StgValue><ssdm name="gmem2"/><MemPortTyVec>0 </MemPortTyVec>
</StgValue>
</bind>
</comp>

<comp id="4" class="1000" name="gmem1">
<pin_list>
<pin id="5" dir="1" index="0" bw="1" slack="0"/>
</pin_list>
<bind>
<StgValue><ssdm name="gmem1"/><MemPortTyVec>1 </MemPortTyVec>
</StgValue>
</bind>
</comp>

<comp id="6" class="1000" name="in_tris">
<pin_list>
<pin id="7" dir="1" index="0" bw="1" slack="0"/>
</pin_list>
<bind>
<StgValue><ssdm name="in_tris"/></StgValue>
</bind>
</comp>

<comp id="8" class="1000" name="mvp_matrix">
<pin_list>
<pin id="9" dir="1" index="0" bw="1" slack="0"/>
</pin_list>
<bind>
<StgValue><ssdm name="mvp_matrix"/></StgValue>
</bind>
</comp>

<comp id="10" class="1000" name="out_pixels">
<pin_list>
<pin id="11" dir="1" index="0" bw="1" slack="0"/>
</pin_list>
<bind>
<StgValue><ssdm name="out_pixels"/></StgValue>
</bind>
</comp>

<comp id="12" class="1000" name="clip_tris_v0_x">
<pin_list>
<pin id="13" dir="1" index="0" bw="1" slack="0"/>
</pin_list>
<bind>
<StgValue><ssdm name="clip_tris_v0_x"/><MemPortTyVec>2 3 </MemPortTyVec>
</StgValue>
</bind>
</comp>

<comp id="14" class="1000" name="clip_tris_v0_y">
<pin_list>
<pin id="15" dir="1" index="0" bw="1" slack="0"/>
</pin_list>
<bind>
<StgValue><ssdm name="clip_tris_v0_y"/><MemPortTyVec>2 3 </MemPortTyVec>
</StgValue>
</bind>
</comp>

<comp id="16" class="1000" name="clip_tris_v0_z">
<pin_list>
<pin id="17" dir="1" index="0" bw="1" slack="0"/>
</pin_list>
<bind>
<StgValue><ssdm name="clip_tris_v0_z"/><MemPortTyVec>2 3 </MemPortTyVec>
</StgValue>
</bind>
</comp>

<comp id="18" class="1000" name="clip_tris_v0_w">
<pin_list>
<pin id="19" dir="1" index="0" bw="1" slack="0"/>
</pin_list>
<bind>
<StgValue><ssdm name="clip_tris_v0_w"/><MemPortTyVec>2 3 </MemPortTyVec>
</StgValue>
</bind>
</comp>

<comp id="20" class="1000" name="clip_tris_v1_x">
<pin_list>
<pin id="21" dir="1" index="0" bw="1" slack="0"/>
</pin_list>
<bind>
<StgValue><ssdm name="clip_tris_v1_x"/><MemPortTyVec>2 3 </MemPortTyVec>
</StgValue>
</bind>
</comp>

<comp id="22" class="1000" name="clip_tris_v1_y">
<pin_list>
<pin id="23" dir="1" index="0" bw="1" slack="0"/>
</pin_list>
<bind>
<StgValue><ssdm name="clip_tris_v1_y"/><MemPortTyVec>2 3 </MemPortTyVec>
</StgValue>
</bind>
</comp>

<comp id="24" class="1000" name="clip_tris_v1_z">
<pin_list>
<pin id="25" dir="1" index="0" bw="1" slack="0"/>
</pin_list>
<bind>
<StgValue><ssdm name="clip_tris_v1_z"/><MemPortTyVec>2 3 </MemPortTyVec>
</StgValue>
</bind>
</comp>

<comp id="26" class="1000" name="clip_tris_v1_w">
<pin_list>
<pin id="27" dir="1" index="0" bw="1" slack="0"/>
</pin_list>
<bind>
<StgValue><ssdm name="clip_tris_v1_w"/><MemPortTyVec>2 3 </MemPortTyVec>
</StgValue>
</bind>
</comp>

<comp id="28" class="1000" name="clip_tris_v2_x">
<pin_list>
<pin id="29" dir="1" index="0" bw="1" slack="0"/>
</pin_list>
<bind>
<StgValue><ssdm name="clip_tris_v2_x"/><MemPortTyVec>2 3 </MemPortTyVec>
</StgValue>
</bind>
</comp>

<comp id="30" class="1000" name="clip_tris_v2_y">
<pin_list>
<pin id="31" dir="1" index="0" bw="1" slack="0"/>
</pin_list>
<bind>
<StgValue><ssdm name="clip_tris_v2_y"/><MemPortTyVec>2 3 </MemPortTyVec>
</StgValue>
</bind>
</comp>

<comp id="32" class="1000" name="clip_tris_v2_z">
<pin_list>
<pin id="33" dir="1" index="0" bw="1" slack="0"/>
</pin_list>
<bind>
<StgValue><ssdm name="clip_tris_v2_z"/><MemPortTyVec>2 3 </MemPortTyVec>
</StgValue>
</bind>
</comp>

<comp id="34" class="1000" name="clip_tris_v2_w">
<pin_list>
<pin id="35" dir="1" index="0" bw="1" slack="0"/>
</pin_list>
<bind>
<StgValue><ssdm name="clip_tris_v2_w"/><MemPortTyVec>2 3 </MemPortTyVec>
</StgValue>
</bind>
</comp>

<comp id="36" class="1000" name="clip_tris_n0_x">
<pin_list>
<pin id="37" dir="1" index="0" bw="1" slack="0"/>
</pin_list>
<bind>
<StgValue><ssdm name="clip_tris_n0_x"/><MemPortTyVec>2 3 </MemPortTyVec>
</StgValue>
</bind>
</comp>

<comp id="38" class="1000" name="clip_tris_n0_y">
<pin_list>
<pin id="39" dir="1" index="0" bw="1" slack="0"/>
</pin_list>
<bind>
<StgValue><ssdm name="clip_tris_n0_y"/><MemPortTyVec>2 3 </MemPortTyVec>
</StgValue>
</bind>
</comp>

<comp id="40" class="1000" name="clip_tris_n0_z">
<pin_list>
<pin id="41" dir="1" index="0" bw="1" slack="0"/>
</pin_list>
<bind>
<StgValue><ssdm name="clip_tris_n0_z"/><MemPortTyVec>2 3 </MemPortTyVec>
</StgValue>
</bind>
</comp>

<comp id="42" class="1000" name="clip_tris_n1_x">
<pin_list>
<pin id="43" dir="1" index="0" bw="1" slack="0"/>
</pin_list>
<bind>
<StgValue><ssdm name="clip_tris_n1_x"/><MemPortTyVec>2 3 </MemPortTyVec>
</StgValue>
</bind>
</comp>

<comp id="44" class="1000" name="clip_tris_n1_y">
<pin_list>
<pin id="45" dir="1" index="0" bw="1" slack="0"/>
</pin_list>
<bind>
<StgValue><ssdm name="clip_tris_n1_y"/><MemPortTyVec>2 3 </MemPortTyVec>
</StgValue>
</bind>
</comp>

<comp id="46" class="1000" name="clip_tris_n1_z">
<pin_list>
<pin id="47" dir="1" index="0" bw="1" slack="0"/>
</pin_list>
<bind>
<StgValue><ssdm name="clip_tris_n1_z"/><MemPortTyVec>2 3 </MemPortTyVec>
</StgValue>
</bind>
</comp>

<comp id="48" class="1000" name="clip_tris_n2_x">
<pin_list>
<pin id="49" dir="1" index="0" bw="1" slack="0"/>
</pin_list>
<bind>
<StgValue><ssdm name="clip_tris_n2_x"/><MemPortTyVec>2 3 </MemPortTyVec>
</StgValue>
</bind>
</comp>

<comp id="50" class="1000" name="clip_tris_n2_y">
<pin_list>
<pin id="51" dir="1" index="0" bw="1" slack="0"/>
</pin_list>
<bind>
<StgValue><ssdm name="clip_tris_n2_y"/><MemPortTyVec>2 3 </MemPortTyVec>
</StgValue>
</bind>
</comp>

<comp id="52" class="1000" name="clip_tris_n2_z">
<pin_list>
<pin id="53" dir="1" index="0" bw="1" slack="0"/>
</pin_list>
<bind>
<StgValue><ssdm name="clip_tris_n2_z"/><MemPortTyVec>2 3 </MemPortTyVec>
</StgValue>
</bind>
</comp>

<comp id="54" class="1000" name="clip_tris_is_active">
<pin_list>
<pin id="55" dir="1" index="0" bw="1" slack="0"/>
</pin_list>
<bind>
<StgValue><ssdm name="clip_tris_is_active"/><MemPortTyVec>2 3 </MemPortTyVec>
</StgValue>
</bind>
</comp>

<comp id="56" class="1000" name="screen_tris_v0_x">
<pin_list>
<pin id="57" dir="1" index="0" bw="1" slack="0"/>
</pin_list>
<bind>
<StgValue><ssdm name="screen_tris_v0_x"/><MemPortTyVec>2 3 </MemPortTyVec>
</StgValue>
</bind>
</comp>

<comp id="58" class="1000" name="screen_tris_v0_y">
<pin_list>
<pin id="59" dir="1" index="0" bw="1" slack="0"/>
</pin_list>
<bind>
<StgValue><ssdm name="screen_tris_v0_y"/><MemPortTyVec>2 3 </MemPortTyVec>
</StgValue>
</bind>
</comp>

<comp id="60" class="1000" name="screen_tris_v0_z">
<pin_list>
<pin id="61" dir="1" index="0" bw="1" slack="0"/>
</pin_list>
<bind>
<StgValue><ssdm name="screen_tris_v0_z"/><MemPortTyVec>2 3 </MemPortTyVec>
</StgValue>
</bind>
</comp>

<comp id="62" class="1000" name="screen_tris_v1_x">
<pin_list>
<pin id="63" dir="1" index="0" bw="1" slack="0"/>
</pin_list>
<bind>
<StgValue><ssdm name="screen_tris_v1_x"/><MemPortTyVec>2 3 </MemPortTyVec>
</StgValue>
</bind>
</comp>

<comp id="64" class="1000" name="screen_tris_v1_y">
<pin_list>
<pin id="65" dir="1" index="0" bw="1" slack="0"/>
</pin_list>
<bind>
<StgValue><ssdm name="screen_tris_v1_y"/><MemPortTyVec>2 3 </MemPortTyVec>
</StgValue>
</bind>
</comp>

<comp id="66" class="1000" name="screen_tris_v1_z">
<pin_list>
<pin id="67" dir="1" index="0" bw="1" slack="0"/>
</pin_list>
<bind>
<StgValue><ssdm name="screen_tris_v1_z"/><MemPortTyVec>2 3 </MemPortTyVec>
</StgValue>
</bind>
</comp>

<comp id="68" class="1000" name="screen_tris_v2_x">
<pin_list>
<pin id="69" dir="1" index="0" bw="1" slack="0"/>
</pin_list>
<bind>
<StgValue><ssdm name="screen_tris_v2_x"/><MemPortTyVec>2 3 </MemPortTyVec>
</StgValue>
</bind>
</comp>

<comp id="70" class="1000" name="screen_tris_v2_y">
<pin_list>
<pin id="71" dir="1" index="0" bw="1" slack="0"/>
</pin_list>
<bind>
<StgValue><ssdm name="screen_tris_v2_y"/><MemPortTyVec>2 3 </MemPortTyVec>
</StgValue>
</bind>
</comp>

<comp id="72" class="1000" name="screen_tris_v2_z">
<pin_list>
<pin id="73" dir="1" index="0" bw="1" slack="0"/>
</pin_list>
<bind>
<StgValue><ssdm name="screen_tris_v2_z"/><MemPortTyVec>2 3 </MemPortTyVec>
</StgValue>
</bind>
</comp>

<comp id="74" class="1000" name="screen_tris_n0_x">
<pin_list>
<pin id="75" dir="1" index="0" bw="1" slack="0"/>
</pin_list>
<bind>
<StgValue><ssdm name="screen_tris_n0_x"/><MemPortTyVec>2 3 </MemPortTyVec>
</StgValue>
</bind>
</comp>

<comp id="76" class="1000" name="screen_tris_n0_y">
<pin_list>
<pin id="77" dir="1" index="0" bw="1" slack="0"/>
</pin_list>
<bind>
<StgValue><ssdm name="screen_tris_n0_y"/><MemPortTyVec>2 3 </MemPortTyVec>
</StgValue>
</bind>
</comp>

<comp id="78" class="1000" name="screen_tris_n0_z">
<pin_list>
<pin id="79" dir="1" index="0" bw="1" slack="0"/>
</pin_list>
<bind>
<StgValue><ssdm name="screen_tris_n0_z"/><MemPortTyVec>2 3 </MemPortTyVec>
</StgValue>
</bind>
</comp>

<comp id="80" class="1000" name="screen_tris_n1_x">
<pin_list>
<pin id="81" dir="1" index="0" bw="1" slack="0"/>
</pin_list>
<bind>
<StgValue><ssdm name="screen_tris_n1_x"/><MemPortTyVec>2 3 </MemPortTyVec>
</StgValue>
</bind>
</comp>

<comp id="82" class="1000" name="screen_tris_n1_y">
<pin_list>
<pin id="83" dir="1" index="0" bw="1" slack="0"/>
</pin_list>
<bind>
<StgValue><ssdm name="screen_tris_n1_y"/><MemPortTyVec>2 3 </MemPortTyVec>
</StgValue>
</bind>
</comp>

<comp id="84" class="1000" name="screen_tris_n1_z">
<pin_list>
<pin id="85" dir="1" index="0" bw="1" slack="0"/>
</pin_list>
<bind>
<StgValue><ssdm name="screen_tris_n1_z"/><MemPortTyVec>2 3 </MemPortTyVec>
</StgValue>
</bind>
</comp>

<comp id="86" class="1000" name="screen_tris_n2_x">
<pin_list>
<pin id="87" dir="1" index="0" bw="1" slack="0"/>
</pin_list>
<bind>
<StgValue><ssdm name="screen_tris_n2_x"/><MemPortTyVec>2 3 </MemPortTyVec>
</StgValue>
</bind>
</comp>

<comp id="88" class="1000" name="screen_tris_n2_y">
<pin_list>
<pin id="89" dir="1" index="0" bw="1" slack="0"/>
</pin_list>
<bind>
<StgValue><ssdm name="screen_tris_n2_y"/><MemPortTyVec>2 3 </MemPortTyVec>
</StgValue>
</bind>
</comp>

<comp id="90" class="1000" name="screen_tris_n2_z">
<pin_list>
<pin id="91" dir="1" index="0" bw="1" slack="0"/>
</pin_list>
<bind>
<StgValue><ssdm name="screen_tris_n2_z"/><MemPortTyVec>2 3 </MemPortTyVec>
</StgValue>
</bind>
</comp>

<comp id="92" class="1000" name="screen_tris_is_active">
<pin_list>
<pin id="93" dir="1" index="0" bw="1" slack="0"/>
</pin_list>
<bind>
<StgValue><ssdm name="screen_tris_is_active"/><MemPortTyVec>2 3 </MemPortTyVec>
</StgValue>
</bind>
</comp>

<comp id="94" class="1000" name="bounds_min_x">
<pin_list>
<pin id="95" dir="1" index="0" bw="1" slack="0"/>
</pin_list>
<bind>
<StgValue><ssdm name="bounds_min_x"/><MemPortTyVec>2 3 </MemPortTyVec>
</StgValue>
</bind>
</comp>

<comp id="96" class="1000" name="bounds_max_x">
<pin_list>
<pin id="97" dir="1" index="0" bw="1" slack="0"/>
</pin_list>
<bind>
<StgValue><ssdm name="bounds_max_x"/><MemPortTyVec>2 3 </MemPortTyVec>
</StgValue>
</bind>
</comp>

<comp id="98" class="1000" name="bounds_min_y">
<pin_list>
<pin id="99" dir="1" index="0" bw="1" slack="0"/>
</pin_list>
<bind>
<StgValue><ssdm name="bounds_min_y"/><MemPortTyVec>2 3 </MemPortTyVec>
</StgValue>
</bind>
</comp>

<comp id="100" class="1000" name="bounds_max_y">
<pin_list>
<pin id="101" dir="1" index="0" bw="1" slack="0"/>
</pin_list>
<bind>
<StgValue><ssdm name="bounds_max_y"/><MemPortTyVec>2 3 </MemPortTyVec>
</StgValue>
</bind>
</comp>

<comp id="102" class="1000" name="depth_buffer">
<pin_list>
<pin id="103" dir="1" index="0" bw="1" slack="0"/>
</pin_list>
<bind>
<StgValue><ssdm name="depth_buffer"/><MemPortTyVec>2 3 </MemPortTyVec>
</StgValue>
</bind>
</comp>

<comp id="104" class="1000" name="normal_buffer_x">
<pin_list>
<pin id="105" dir="1" index="0" bw="1" slack="0"/>
</pin_list>
<bind>
<StgValue><ssdm name="normal_buffer_x"/><MemPortTyVec>2 3 </MemPortTyVec>
</StgValue>
</bind>
</comp>

<comp id="106" class="1000" name="normal_buffer_y">
<pin_list>
<pin id="107" dir="1" index="0" bw="1" slack="0"/>
</pin_list>
<bind>
<StgValue><ssdm name="normal_buffer_y"/><MemPortTyVec>2 3 </MemPortTyVec>
</StgValue>
</bind>
</comp>

<comp id="108" class="1000" name="normal_buffer_z">
<pin_list>
<pin id="109" dir="1" index="0" bw="1" slack="0"/>
</pin_list>
<bind>
<StgValue><ssdm name="normal_buffer_z"/><MemPortTyVec>2 3 </MemPortTyVec>
</StgValue>
</bind>
</comp>

<comp id="110" class="1001" name="const_110">
<pin_list>
<pin id="111" dir="1" index="0" bw="1" slack="0"/>
</pin_list>
<bind>
<StgValue><ssdm name="_ssdm_op_Read.s_axilite.i64"/></StgValue>
</bind>
</comp>

<comp id="112" class="1001" name="const_112">
<pin_list>
<pin id="113" dir="1" index="0" bw="1" slack="0"/>
</pin_list>
<bind>
<StgValue><ssdm name="k1_vertex_transform"/></StgValue>
</bind>
</comp>

<comp id="114" class="1001" name="const_114">
<pin_list>
<pin id="115" dir="1" index="0" bw="1" slack="0"/>
</pin_list>
<bind>
<StgValue><ssdm name="k2_perspective_divide"/></StgValue>
</bind>
</comp>

<comp id="116" class="1001" name="const_116">
<pin_list>
<pin id="117" dir="1" index="0" bw="1" slack="0"/>
</pin_list>
<bind>
<StgValue><ssdm name="k3_bounding_box"/></StgValue>
</bind>
</comp>

<comp id="118" class="1001" name="const_118">
<pin_list>
<pin id="119" dir="1" index="0" bw="1" slack="0"/>
</pin_list>
<bind>
<StgValue><ssdm name="k4_rasterize"/></StgValue>
</bind>
</comp>

<comp id="120" class="1001" name="const_120">
<pin_list>
<pin id="121" dir="1" index="0" bw="1" slack="0"/>
</pin_list>
<bind>
<StgValue><ssdm name="k5_deferred_lighting"/></StgValue>
</bind>
</comp>

<comp id="122" class="1001" name="const_122">
<pin_list>
<pin id="123" dir="1" index="0" bw="1" slack="2147483647"/>
</pin_list>
<bind>
<StgValue><ssdm name="_ssdm_op_SpecTopModule"/></StgValue>
</bind>
</comp>

<comp id="124" class="1001" name="const_124">
<pin_list>
<pin id="125" dir="1" index="0" bw="1" slack="2147483647"/>
</pin_list>
<bind>
<StgValue><ssdm name="empty_11"/></StgValue>
</bind>
</comp>

<comp id="126" class="1001" name="const_126">
<pin_list>
<pin id="127" dir="1" index="0" bw="1" slack="2147483647"/>
</pin_list>
<bind>
<StgValue><ssdm name="_ssdm_op_SpecInterface"/></StgValue>
</bind>
</comp>

<comp id="128" class="1001" name="const_128">
<pin_list>
<pin id="129" dir="1" index="0" bw="1" slack="2147483647"/>
</pin_list>
<bind>
<StgValue><ssdm name="empty_17"/></StgValue>
</bind>
</comp>

<comp id="130" class="1001" name="const_130">
<pin_list>
<pin id="131" dir="1" index="0" bw="1" slack="2147483647"/>
</pin_list>
<bind>
<StgValue><ssdm name=""/></StgValue>
</bind>
</comp>

<comp id="132" class="1001" name="const_132">
<pin_list>
<pin id="133" dir="1" index="0" bw="1" slack="2147483647"/>
</pin_list>
<bind>
<StgValue><ssdm name="empty_18"/></StgValue>
</bind>
</comp>

<comp id="134" class="1001" name="const_134">
<pin_list>
<pin id="135" dir="1" index="0" bw="1" slack="2147483647"/>
</pin_list>
<bind>
<StgValue><ssdm name="empty_19"/></StgValue>
</bind>
</comp>

<comp id="136" class="1001" name="const_136">
<pin_list>
<pin id="137" dir="1" index="0" bw="1" slack="2147483647"/>
</pin_list>
<bind>
<StgValue><ssdm name="empty_5"/></StgValue>
</bind>
</comp>

<comp id="138" class="1001" name="const_138">
<pin_list>
<pin id="139" dir="1" index="0" bw="1" slack="2147483647"/>
</pin_list>
<bind>
<StgValue><ssdm name=""/></StgValue>
</bind>
</comp>

<comp id="140" class="1001" name="const_140">
<pin_list>
<pin id="141" dir="1" index="0" bw="1" slack="2147483647"/>
</pin_list>
<bind>
<StgValue><ssdm name=""/></StgValue>
</bind>
</comp>

<comp id="142" class="1001" name="const_142">
<pin_list>
<pin id="143" dir="1" index="0" bw="1" slack="2147483647"/>
</pin_list>
<bind>
<StgValue><ssdm name="_ssdm_op_SpecBitsMap"/></StgValue>
</bind>
</comp>

<comp id="144" class="1001" name="const_144">
<pin_list>
<pin id="145" dir="1" index="0" bw="1" slack="2147483647"/>
</pin_list>
<bind>
<StgValue><ssdm name="empty_3"/></StgValue>
</bind>
</comp>

<comp id="146" class="1001" name="const_146">
<pin_list>
<pin id="147" dir="1" index="0" bw="1" slack="2147483647"/>
</pin_list>
<bind>
<StgValue><ssdm name="empty_4"/></StgValue>
</bind>
</comp>

<comp id="148" class="1001" name="const_148">
<pin_list>
<pin id="149" dir="1" index="0" bw="1" slack="2147483647"/>
</pin_list>
<bind>
<StgValue><ssdm name="empty_16"/></StgValue>
</bind>
</comp>

<comp id="150" class="1001" name="const_150">
<pin_list>
<pin id="151" dir="1" index="0" bw="1" slack="2147483647"/>
</pin_list>
<bind>
<StgValue><ssdm name="empty_6"/></StgValue>
</bind>
</comp>

<comp id="152" class="1001" name="const_152">
<pin_list>
<pin id="153" dir="1" index="0" bw="1" slack="2147483647"/>
</pin_list>
<bind>
<StgValue><ssdm name="empty_0"/></StgValue>
</bind>
</comp>

<comp id="154" class="1001" name="const_154">
<pin_list>
<pin id="155" dir="1" index="0" bw="1" slack="2147483647"/>
</pin_list>
<bind>
<StgValue><ssdm name="empty_2"/></StgValue>
</bind>
</comp>

<comp id="156" class="1001" name="const_156">
<pin_list>
<pin id="157" dir="1" index="0" bw="1" slack="2147483647"/>
</pin_list>
<bind>
<StgValue><ssdm name="empty_1"/></StgValue>
</bind>
</comp>

<comp id="158" class="1001" name="const_158">
<pin_list>
<pin id="159" dir="1" index="0" bw="1" slack="2147483647"/>
</pin_list>
<bind>
<StgValue><ssdm name="empty_7"/></StgValue>
</bind>
</comp>

<comp id="160" class="1001" name="const_160">
<pin_list>
<pin id="161" dir="1" index="0" bw="1" slack="2147483647"/>
</pin_list>
<bind>
<StgValue><ssdm name="empty_8"/></StgValue>
</bind>
</comp>

<comp id="162" class="1004" name="out_pixels_read_read_fu_162">
<pin_list>
<pin id="163" dir="0" index="0" bw="64" slack="0"/>
<pin id="164" dir="0" index="1" bw="64" slack="0"/>
<pin id="165" dir="1" index="2" bw="64" slack="8"/>
</pin_list>
<bind>
<opcode="read(1150) " fcode="read"/>
<opset="out_pixels_read/1 "/>
</bind>
</comp>

<comp id="168" class="1004" name="mvp_matrix_read_read_fu_168">
<pin_list>
<pin id="169" dir="0" index="0" bw="64" slack="0"/>
<pin id="170" dir="0" index="1" bw="64" slack="0"/>
<pin id="171" dir="1" index="2" bw="64" slack="0"/>
</pin_list>
<bind>
<opcode="read(1150) " fcode="read"/>
<opset="mvp_matrix_read/1 "/>
</bind>
</comp>

<comp id="174" class="1004" name="in_tris_read_read_fu_174">
<pin_list>
<pin id="175" dir="0" index="0" bw="64" slack="0"/>
<pin id="176" dir="0" index="1" bw="64" slack="0"/>
<pin id="177" dir="1" index="2" bw="64" slack="0"/>
</pin_list>
<bind>
<opcode="read(1150) " fcode="read"/>
<opset="in_tris_read/1 "/>
</bind>
</comp>

<comp id="180" class="1004" name="grp_k1_vertex_transform_fu_180">
<pin_list>
<pin id="181" dir="0" index="0" bw="0" slack="0"/>
<pin id="182" dir="0" index="1" bw="1024" slack="0"/>
<pin id="183" dir="0" index="2" bw="64" slack="0"/>
<pin id="184" dir="0" index="3" bw="32" slack="0"/>
<pin id="185" dir="0" index="4" bw="64" slack="0"/>
<pin id="186" dir="0" index="5" bw="32" slack="0"/>
<pin id="187" dir="0" index="6" bw="32" slack="0"/>
<pin id="188" dir="0" index="7" bw="32" slack="0"/>
<pin id="189" dir="0" index="8" bw="32" slack="0"/>
<pin id="190" dir="0" index="9" bw="32" slack="0"/>
<pin id="191" dir="0" index="10" bw="32" slack="0"/>
<pin id="192" dir="0" index="11" bw="32" slack="0"/>
<pin id="193" dir="0" index="12" bw="32" slack="0"/>
<pin id="194" dir="0" index="13" bw="32" slack="0"/>
<pin id="195" dir="0" index="14" bw="32" slack="0"/>
<pin id="196" dir="0" index="15" bw="32" slack="0"/>
<pin id="197" dir="0" index="16" bw="32" slack="0"/>
<pin id="198" dir="0" index="17" bw="32" slack="0"/>
<pin id="199" dir="0" index="18" bw="32" slack="0"/>
<pin id="200" dir="0" index="19" bw="32" slack="0"/>
<pin id="201" dir="0" index="20" bw="32" slack="0"/>
<pin id="202" dir="0" index="21" bw="32" slack="0"/>
<pin id="203" dir="0" index="22" bw="32" slack="0"/>
<pin id="204" dir="0" index="23" bw="32" slack="0"/>
<pin id="205" dir="0" index="24" bw="32" slack="0"/>
<pin id="206" dir="0" index="25" bw="32" slack="0"/>
<pin id="207" dir="0" index="26" bw="1" slack="0"/>
<pin id="208" dir="1" index="27" bw="0" slack="2147483647"/>
</pin_list>
<bind>
<opcode="call(48) " fcode="call"/>
<opset="call_ln517/1 "/>
</bind>
</comp>

<comp id="236" class="1004" name="grp_k2_perspective_divide_fu_236">
<pin_list>
<pin id="237" dir="0" index="0" bw="0" slack="0"/>
<pin id="238" dir="0" index="1" bw="32" slack="0"/>
<pin id="239" dir="0" index="2" bw="32" slack="0"/>
<pin id="240" dir="0" index="3" bw="32" slack="0"/>
<pin id="241" dir="0" index="4" bw="32" slack="0"/>
<pin id="242" dir="0" index="5" bw="32" slack="0"/>
<pin id="243" dir="0" index="6" bw="32" slack="0"/>
<pin id="244" dir="0" index="7" bw="32" slack="0"/>
<pin id="245" dir="0" index="8" bw="32" slack="0"/>
<pin id="246" dir="0" index="9" bw="32" slack="0"/>
<pin id="247" dir="0" index="10" bw="32" slack="0"/>
<pin id="248" dir="0" index="11" bw="32" slack="0"/>
<pin id="249" dir="0" index="12" bw="32" slack="0"/>
<pin id="250" dir="0" index="13" bw="32" slack="0"/>
<pin id="251" dir="0" index="14" bw="32" slack="0"/>
<pin id="252" dir="0" index="15" bw="32" slack="0"/>
<pin id="253" dir="0" index="16" bw="32" slack="0"/>
<pin id="254" dir="0" index="17" bw="32" slack="0"/>
<pin id="255" dir="0" index="18" bw="32" slack="0"/>
<pin id="256" dir="0" index="19" bw="32" slack="0"/>
<pin id="257" dir="0" index="20" bw="32" slack="0"/>
<pin id="258" dir="0" index="21" bw="32" slack="0"/>
<pin id="259" dir="0" index="22" bw="1" slack="0"/>
<pin id="260" dir="0" index="23" bw="32" slack="0"/>
<pin id="261" dir="0" index="24" bw="32" slack="0"/>
<pin id="262" dir="0" index="25" bw="32" slack="0"/>
<pin id="263" dir="0" index="26" bw="32" slack="0"/>
<pin id="264" dir="0" index="27" bw="32" slack="0"/>
<pin id="265" dir="0" index="28" bw="32" slack="0"/>
<pin id="266" dir="0" index="29" bw="32" slack="0"/>
<pin id="267" dir="0" index="30" bw="32" slack="0"/>
<pin id="268" dir="0" index="31" bw="32" slack="0"/>
<pin id="269" dir="0" index="32" bw="32" slack="0"/>
<pin id="270" dir="0" index="33" bw="32" slack="0"/>
<pin id="271" dir="0" index="34" bw="32" slack="0"/>
<pin id="272" dir="0" index="35" bw="32" slack="0"/>
<pin id="273" dir="0" index="36" bw="32" slack="0"/>
<pin id="274" dir="0" index="37" bw="32" slack="0"/>
<pin id="275" dir="0" index="38" bw="32" slack="0"/>
<pin id="276" dir="0" index="39" bw="32" slack="0"/>
<pin id="277" dir="0" index="40" bw="32" slack="0"/>
<pin id="278" dir="0" index="41" bw="1" slack="0"/>
<pin id="279" dir="1" index="42" bw="0" slack="2147483647"/>
</pin_list>
<bind>
<opcode="call(48) " fcode="call"/>
<opset="call_ln518/3 "/>
</bind>
</comp>

<comp id="322" class="1004" name="grp_k3_bounding_box_fu_322">
<pin_list>
<pin id="323" dir="0" index="0" bw="0" slack="0"/>
<pin id="324" dir="0" index="1" bw="1" slack="0"/>
<pin id="325" dir="0" index="2" bw="32" slack="0"/>
<pin id="326" dir="0" index="3" bw="32" slack="0"/>
<pin id="327" dir="0" index="4" bw="32" slack="0"/>
<pin id="328" dir="0" index="5" bw="32" slack="0"/>
<pin id="329" dir="0" index="6" bw="32" slack="0"/>
<pin id="330" dir="0" index="7" bw="32" slack="0"/>
<pin id="331" dir="0" index="8" bw="15" slack="0"/>
<pin id="332" dir="0" index="9" bw="16" slack="0"/>
<pin id="333" dir="0" index="10" bw="15" slack="0"/>
<pin id="334" dir="0" index="11" bw="16" slack="0"/>
<pin id="335" dir="1" index="12" bw="0" slack="2147483647"/>
</pin_list>
<bind>
<opcode="call(48) " fcode="call"/>
<opset="call_ln519/5 "/>
</bind>
</comp>

<comp id="348" class="1004" name="grp_k4_rasterize_fu_348">
<pin_list>
<pin id="349" dir="0" index="0" bw="0" slack="0"/>
<pin id="350" dir="0" index="1" bw="32" slack="0"/>
<pin id="351" dir="0" index="2" bw="32" slack="0"/>
<pin id="352" dir="0" index="3" bw="32" slack="0"/>
<pin id="353" dir="0" index="4" bw="32" slack="0"/>
<pin id="354" dir="0" index="5" bw="1" slack="0"/>
<pin id="355" dir="0" index="6" bw="32" slack="0"/>
<pin id="356" dir="0" index="7" bw="32" slack="0"/>
<pin id="357" dir="0" index="8" bw="32" slack="0"/>
<pin id="358" dir="0" index="9" bw="32" slack="0"/>
<pin id="359" dir="0" index="10" bw="32" slack="0"/>
<pin id="360" dir="0" index="11" bw="32" slack="0"/>
<pin id="361" dir="0" index="12" bw="15" slack="0"/>
<pin id="362" dir="0" index="13" bw="16" slack="0"/>
<pin id="363" dir="0" index="14" bw="15" slack="0"/>
<pin id="364" dir="0" index="15" bw="16" slack="0"/>
<pin id="365" dir="0" index="16" bw="32" slack="0"/>
<pin id="366" dir="0" index="17" bw="32" slack="0"/>
<pin id="367" dir="0" index="18" bw="32" slack="0"/>
<pin id="368" dir="0" index="19" bw="32" slack="0"/>
<pin id="369" dir="0" index="20" bw="32" slack="0"/>
<pin id="370" dir="0" index="21" bw="32" slack="0"/>
<pin id="371" dir="0" index="22" bw="32" slack="0"/>
<pin id="372" dir="0" index="23" bw="32" slack="0"/>
<pin id="373" dir="0" index="24" bw="32" slack="0"/>
<pin id="374" dir="0" index="25" bw="32" slack="0"/>
<pin id="375" dir="0" index="26" bw="32" slack="0"/>
<pin id="376" dir="0" index="27" bw="32" slack="0"/>
<pin id="377" dir="1" index="28" bw="0" slack="2147483647"/>
</pin_list>
<bind>
<opcode="call(48) " fcode="call"/>
<opset="call_ln520/7 "/>
</bind>
</comp>

<comp id="406" class="1004" name="grp_k5_deferred_lighting_fu_406">
<pin_list>
<pin id="407" dir="0" index="0" bw="0" slack="0"/>
<pin id="408" dir="0" index="1" bw="32" slack="0"/>
<pin id="409" dir="0" index="2" bw="64" slack="8"/>
<pin id="410" dir="0" index="3" bw="32" slack="0"/>
<pin id="411" dir="0" index="4" bw="32" slack="0"/>
<pin id="412" dir="0" index="5" bw="32" slack="0"/>
<pin id="413" dir="0" index="6" bw="32" slack="0"/>
<pin id="414" dir="1" index="7" bw="0" slack="2147483647"/>
</pin_list>
<bind>
<opcode="call(48) " fcode="call"/>
<opset="call_ln521/9 "/>
</bind>
</comp>

<comp id="421" class="1005" name="out_pixels_read_reg_421">
<pin_list>
<pin id="422" dir="0" index="0" bw="64" slack="8"/>
<pin id="423" dir="1" index="1" bw="64" slack="8"/>
</pin_list>
<bind>
<opset="out_pixels_read "/>
</bind>
</comp>

<comp id="426" class="1005" name="mvp_matrix_read_reg_426">
<pin_list>
<pin id="427" dir="0" index="0" bw="64" slack="1"/>
<pin id="428" dir="1" index="1" bw="64" slack="1"/>
</pin_list>
<bind>
<opset="mvp_matrix_read "/>
</bind>
</comp>

<comp id="431" class="1005" name="in_tris_read_reg_431">
<pin_list>
<pin id="432" dir="0" index="0" bw="64" slack="1"/>
<pin id="433" dir="1" index="1" bw="64" slack="1"/>
</pin_list>
<bind>
<opset="in_tris_read "/>
</bind>
</comp>

</comp_list>

<net_list>
<net id="166"><net_src comp="110" pin="0"/><net_sink comp="162" pin=0"/></net>

<net id="167"><net_src comp="10" pin="0"/><net_sink comp="162" pin=1"/></net>

<net id="172"><net_src comp="110" pin="0"/><net_sink comp="168" pin=0"/></net>

<net id="173"><net_src comp="8" pin="0"/><net_sink comp="168" pin=1"/></net>

<net id="178"><net_src comp="110" pin="0"/><net_sink comp="174" pin=0"/></net>

<net id="179"><net_src comp="6" pin="0"/><net_sink comp="174" pin=1"/></net>

<net id="209"><net_src comp="112" pin="0"/><net_sink comp="180" pin=0"/></net>

<net id="210"><net_src comp="0" pin="0"/><net_sink comp="180" pin=1"/></net>

<net id="211"><net_src comp="174" pin="2"/><net_sink comp="180" pin=2"/></net>

<net id="212"><net_src comp="2" pin="0"/><net_sink comp="180" pin=3"/></net>

<net id="213"><net_src comp="168" pin="2"/><net_sink comp="180" pin=4"/></net>

<net id="214"><net_src comp="12" pin="0"/><net_sink comp="180" pin=5"/></net>

<net id="215"><net_src comp="14" pin="0"/><net_sink comp="180" pin=6"/></net>

<net id="216"><net_src comp="16" pin="0"/><net_sink comp="180" pin=7"/></net>

<net id="217"><net_src comp="18" pin="0"/><net_sink comp="180" pin=8"/></net>

<net id="218"><net_src comp="20" pin="0"/><net_sink comp="180" pin=9"/></net>

<net id="219"><net_src comp="22" pin="0"/><net_sink comp="180" pin=10"/></net>

<net id="220"><net_src comp="24" pin="0"/><net_sink comp="180" pin=11"/></net>

<net id="221"><net_src comp="26" pin="0"/><net_sink comp="180" pin=12"/></net>

<net id="222"><net_src comp="28" pin="0"/><net_sink comp="180" pin=13"/></net>

<net id="223"><net_src comp="30" pin="0"/><net_sink comp="180" pin=14"/></net>

<net id="224"><net_src comp="32" pin="0"/><net_sink comp="180" pin=15"/></net>

<net id="225"><net_src comp="34" pin="0"/><net_sink comp="180" pin=16"/></net>

<net id="226"><net_src comp="36" pin="0"/><net_sink comp="180" pin=17"/></net>

<net id="227"><net_src comp="38" pin="0"/><net_sink comp="180" pin=18"/></net>

<net id="228"><net_src comp="40" pin="0"/><net_sink comp="180" pin=19"/></net>

<net id="229"><net_src comp="42" pin="0"/><net_sink comp="180" pin=20"/></net>

<net id="230"><net_src comp="44" pin="0"/><net_sink comp="180" pin=21"/></net>

<net id="231"><net_src comp="46" pin="0"/><net_sink comp="180" pin=22"/></net>

<net id="232"><net_src comp="48" pin="0"/><net_sink comp="180" pin=23"/></net>

<net id="233"><net_src comp="50" pin="0"/><net_sink comp="180" pin=24"/></net>

<net id="234"><net_src comp="52" pin="0"/><net_sink comp="180" pin=25"/></net>

<net id="235"><net_src comp="54" pin="0"/><net_sink comp="180" pin=26"/></net>

<net id="280"><net_src comp="114" pin="0"/><net_sink comp="236" pin=0"/></net>

<net id="281"><net_src comp="12" pin="0"/><net_sink comp="236" pin=1"/></net>

<net id="282"><net_src comp="14" pin="0"/><net_sink comp="236" pin=2"/></net>

<net id="283"><net_src comp="16" pin="0"/><net_sink comp="236" pin=3"/></net>

<net id="284"><net_src comp="18" pin="0"/><net_sink comp="236" pin=4"/></net>

<net id="285"><net_src comp="20" pin="0"/><net_sink comp="236" pin=5"/></net>

<net id="286"><net_src comp="22" pin="0"/><net_sink comp="236" pin=6"/></net>

<net id="287"><net_src comp="24" pin="0"/><net_sink comp="236" pin=7"/></net>

<net id="288"><net_src comp="26" pin="0"/><net_sink comp="236" pin=8"/></net>

<net id="289"><net_src comp="28" pin="0"/><net_sink comp="236" pin=9"/></net>

<net id="290"><net_src comp="30" pin="0"/><net_sink comp="236" pin=10"/></net>

<net id="291"><net_src comp="32" pin="0"/><net_sink comp="236" pin=11"/></net>

<net id="292"><net_src comp="34" pin="0"/><net_sink comp="236" pin=12"/></net>

<net id="293"><net_src comp="36" pin="0"/><net_sink comp="236" pin=13"/></net>

<net id="294"><net_src comp="38" pin="0"/><net_sink comp="236" pin=14"/></net>

<net id="295"><net_src comp="40" pin="0"/><net_sink comp="236" pin=15"/></net>

<net id="296"><net_src comp="42" pin="0"/><net_sink comp="236" pin=16"/></net>

<net id="297"><net_src comp="44" pin="0"/><net_sink comp="236" pin=17"/></net>

<net id="298"><net_src comp="46" pin="0"/><net_sink comp="236" pin=18"/></net>

<net id="299"><net_src comp="48" pin="0"/><net_sink comp="236" pin=19"/></net>

<net id="300"><net_src comp="50" pin="0"/><net_sink comp="236" pin=20"/></net>

<net id="301"><net_src comp="52" pin="0"/><net_sink comp="236" pin=21"/></net>

<net id="302"><net_src comp="54" pin="0"/><net_sink comp="236" pin=22"/></net>

<net id="303"><net_src comp="56" pin="0"/><net_sink comp="236" pin=23"/></net>

<net id="304"><net_src comp="58" pin="0"/><net_sink comp="236" pin=24"/></net>

<net id="305"><net_src comp="60" pin="0"/><net_sink comp="236" pin=25"/></net>

<net id="306"><net_src comp="62" pin="0"/><net_sink comp="236" pin=26"/></net>

<net id="307"><net_src comp="64" pin="0"/><net_sink comp="236" pin=27"/></net>

<net id="308"><net_src comp="66" pin="0"/><net_sink comp="236" pin=28"/></net>

<net id="309"><net_src comp="68" pin="0"/><net_sink comp="236" pin=29"/></net>

<net id="310"><net_src comp="70" pin="0"/><net_sink comp="236" pin=30"/></net>

<net id="311"><net_src comp="72" pin="0"/><net_sink comp="236" pin=31"/></net>

<net id="312"><net_src comp="74" pin="0"/><net_sink comp="236" pin=32"/></net>

<net id="313"><net_src comp="76" pin="0"/><net_sink comp="236" pin=33"/></net>

<net id="314"><net_src comp="78" pin="0"/><net_sink comp="236" pin=34"/></net>

<net id="315"><net_src comp="80" pin="0"/><net_sink comp="236" pin=35"/></net>

<net id="316"><net_src comp="82" pin="0"/><net_sink comp="236" pin=36"/></net>

<net id="317"><net_src comp="84" pin="0"/><net_sink comp="236" pin=37"/></net>

<net id="318"><net_src comp="86" pin="0"/><net_sink comp="236" pin=38"/></net>

<net id="319"><net_src comp="88" pin="0"/><net_sink comp="236" pin=39"/></net>

<net id="320"><net_src comp="90" pin="0"/><net_sink comp="236" pin=40"/></net>

<net id="321"><net_src comp="92" pin="0"/><net_sink comp="236" pin=41"/></net>

<net id="336"><net_src comp="116" pin="0"/><net_sink comp="322" pin=0"/></net>

<net id="337"><net_src comp="92" pin="0"/><net_sink comp="322" pin=1"/></net>

<net id="338"><net_src comp="56" pin="0"/><net_sink comp="322" pin=2"/></net>

<net id="339"><net_src comp="62" pin="0"/><net_sink comp="322" pin=3"/></net>

<net id="340"><net_src comp="68" pin="0"/><net_sink comp="322" pin=4"/></net>

<net id="341"><net_src comp="58" pin="0"/><net_sink comp="322" pin=5"/></net>

<net id="342"><net_src comp="64" pin="0"/><net_sink comp="322" pin=6"/></net>

<net id="343"><net_src comp="70" pin="0"/><net_sink comp="322" pin=7"/></net>

<net id="344"><net_src comp="94" pin="0"/><net_sink comp="322" pin=8"/></net>

<net id="345"><net_src comp="96" pin="0"/><net_sink comp="322" pin=9"/></net>

<net id="346"><net_src comp="98" pin="0"/><net_sink comp="322" pin=10"/></net>

<net id="347"><net_src comp="100" pin="0"/><net_sink comp="322" pin=11"/></net>

<net id="378"><net_src comp="118" pin="0"/><net_sink comp="348" pin=0"/></net>

<net id="379"><net_src comp="102" pin="0"/><net_sink comp="348" pin=1"/></net>

<net id="380"><net_src comp="104" pin="0"/><net_sink comp="348" pin=2"/></net>

<net id="381"><net_src comp="106" pin="0"/><net_sink comp="348" pin=3"/></net>

<net id="382"><net_src comp="108" pin="0"/><net_sink comp="348" pin=4"/></net>

<net id="383"><net_src comp="92" pin="0"/><net_sink comp="348" pin=5"/></net>

<net id="384"><net_src comp="56" pin="0"/><net_sink comp="348" pin=6"/></net>

<net id="385"><net_src comp="58" pin="0"/><net_sink comp="348" pin=7"/></net>

<net id="386"><net_src comp="62" pin="0"/><net_sink comp="348" pin=8"/></net>

<net id="387"><net_src comp="64" pin="0"/><net_sink comp="348" pin=9"/></net>

<net id="388"><net_src comp="68" pin="0"/><net_sink comp="348" pin=10"/></net>

<net id="389"><net_src comp="70" pin="0"/><net_sink comp="348" pin=11"/></net>

<net id="390"><net_src comp="98" pin="0"/><net_sink comp="348" pin=12"/></net>

<net id="391"><net_src comp="100" pin="0"/><net_sink comp="348" pin=13"/></net>

<net id="392"><net_src comp="94" pin="0"/><net_sink comp="348" pin=14"/></net>

<net id="393"><net_src comp="96" pin="0"/><net_sink comp="348" pin=15"/></net>

<net id="394"><net_src comp="60" pin="0"/><net_sink comp="348" pin=16"/></net>

<net id="395"><net_src comp="66" pin="0"/><net_sink comp="348" pin=17"/></net>

<net id="396"><net_src comp="72" pin="0"/><net_sink comp="348" pin=18"/></net>

<net id="397"><net_src comp="74" pin="0"/><net_sink comp="348" pin=19"/></net>

<net id="398"><net_src comp="80" pin="0"/><net_sink comp="348" pin=20"/></net>

<net id="399"><net_src comp="86" pin="0"/><net_sink comp="348" pin=21"/></net>

<net id="400"><net_src comp="76" pin="0"/><net_sink comp="348" pin=22"/></net>

<net id="401"><net_src comp="82" pin="0"/><net_sink comp="348" pin=23"/></net>

<net id="402"><net_src comp="88" pin="0"/><net_sink comp="348" pin=24"/></net>

<net id="403"><net_src comp="78" pin="0"/><net_sink comp="348" pin=25"/></net>

<net id="404"><net_src comp="84" pin="0"/><net_sink comp="348" pin=26"/></net>

<net id="405"><net_src comp="90" pin="0"/><net_sink comp="348" pin=27"/></net>

<net id="415"><net_src comp="120" pin="0"/><net_sink comp="406" pin=0"/></net>

<net id="416"><net_src comp="4" pin="0"/><net_sink comp="406" pin=1"/></net>

<net id="417"><net_src comp="102" pin="0"/><net_sink comp="406" pin=3"/></net>

<net id="418"><net_src comp="104" pin="0"/><net_sink comp="406" pin=4"/></net>

<net id="419"><net_src comp="106" pin="0"/><net_sink comp="406" pin=5"/></net>

<net id="420"><net_src comp="108" pin="0"/><net_sink comp="406" pin=6"/></net>

<net id="424"><net_src comp="162" pin="2"/><net_sink comp="421" pin=0"/></net>

<net id="425"><net_src comp="421" pin="1"/><net_sink comp="406" pin=2"/></net>

<net id="429"><net_src comp="168" pin="2"/><net_sink comp="426" pin=0"/></net>

<net id="430"><net_src comp="426" pin="1"/><net_sink comp="180" pin=4"/></net>

<net id="434"><net_src comp="174" pin="2"/><net_sink comp="431" pin=0"/></net>

<net id="435"><net_src comp="431" pin="1"/><net_sink comp="180" pin=2"/></net>

</net_list>

</model> 
---------------- Datapath Model END ------------------

* FSMD analyzer results:
  - Output states:
	Port: gmem1 | {9 10 }
	Port: clip_tris_v0_x | {1 2 }
	Port: clip_tris_v0_y | {1 2 }
	Port: clip_tris_v0_z | {1 2 }
	Port: clip_tris_v0_w | {1 2 }
	Port: clip_tris_v1_x | {1 2 }
	Port: clip_tris_v1_y | {1 2 }
	Port: clip_tris_v1_z | {1 2 }
	Port: clip_tris_v1_w | {1 2 }
	Port: clip_tris_v2_x | {1 2 }
	Port: clip_tris_v2_y | {1 2 }
	Port: clip_tris_v2_z | {1 2 }
	Port: clip_tris_v2_w | {1 2 }
	Port: clip_tris_n0_x | {1 2 }
	Port: clip_tris_n0_y | {1 2 }
	Port: clip_tris_n0_z | {1 2 }
	Port: clip_tris_n1_x | {1 2 }
	Port: clip_tris_n1_y | {1 2 }
	Port: clip_tris_n1_z | {1 2 }
	Port: clip_tris_n2_x | {1 2 }
	Port: clip_tris_n2_y | {1 2 }
	Port: clip_tris_n2_z | {1 2 }
	Port: clip_tris_is_active | {1 2 }
	Port: screen_tris_v0_x | {3 4 }
	Port: screen_tris_v0_y | {3 4 }
	Port: screen_tris_v0_z | {3 4 }
	Port: screen_tris_v1_x | {3 4 }
	Port: screen_tris_v1_y | {3 4 }
	Port: screen_tris_v1_z | {3 4 }
	Port: screen_tris_v2_x | {3 4 }
	Port: screen_tris_v2_y | {3 4 }
	Port: screen_tris_v2_z | {3 4 }
	Port: screen_tris_n0_x | {3 4 }
	Port: screen_tris_n0_y | {3 4 }
	Port: screen_tris_n0_z | {3 4 }
	Port: screen_tris_n1_x | {3 4 }
	Port: screen_tris_n1_y | {3 4 }
	Port: screen_tris_n1_z | {3 4 }
	Port: screen_tris_n2_x | {3 4 }
	Port: screen_tris_n2_y | {3 4 }
	Port: screen_tris_n2_z | {3 4 }
	Port: screen_tris_is_active | {3 4 }
	Port: bounds_min_x | {5 6 }
	Port: bounds_max_x | {5 6 }
	Port: bounds_min_y | {5 6 }
	Port: bounds_max_y | {5 6 }
	Port: depth_buffer | {7 8 }
	Port: normal_buffer_x | {7 8 }
	Port: normal_buffer_y | {7 8 }
	Port: normal_buffer_z | {7 8 }
 - Input state : 
	Port: top_kernel : gmem0 | {1 2 }
	Port: top_kernel : gmem2 | {1 2 }
	Port: top_kernel : in_tris | {1 }
	Port: top_kernel : mvp_matrix | {1 }
	Port: top_kernel : out_pixels | {1 }
	Port: top_kernel : clip_tris_v0_x | {3 4 }
	Port: top_kernel : clip_tris_v0_y | {3 4 }
	Port: top_kernel : clip_tris_v0_z | {3 4 }
	Port: top_kernel : clip_tris_v0_w | {3 4 }
	Port: top_kernel : clip_tris_v1_x | {3 4 }
	Port: top_kernel : clip_tris_v1_y | {3 4 }
	Port: top_kernel : clip_tris_v1_z | {3 4 }
	Port: top_kernel : clip_tris_v1_w | {3 4 }
	Port: top_kernel : clip_tris_v2_x | {3 4 }
	Port: top_kernel : clip_tris_v2_y | {3 4 }
	Port: top_kernel : clip_tris_v2_z | {3 4 }
	Port: top_kernel : clip_tris_v2_w | {3 4 }
	Port: top_kernel : clip_tris_n0_x | {3 4 }
	Port: top_kernel : clip_tris_n0_y | {3 4 }
	Port: top_kernel : clip_tris_n0_z | {3 4 }
	Port: top_kernel : clip_tris_n1_x | {3 4 }
	Port: top_kernel : clip_tris_n1_y | {3 4 }
	Port: top_kernel : clip_tris_n1_z | {3 4 }
	Port: top_kernel : clip_tris_n2_x | {3 4 }
	Port: top_kernel : clip_tris_n2_y | {3 4 }
	Port: top_kernel : clip_tris_n2_z | {3 4 }
	Port: top_kernel : clip_tris_is_active | {3 4 }
	Port: top_kernel : screen_tris_v0_x | {5 6 7 8 }
	Port: top_kernel : screen_tris_v0_y | {5 6 7 8 }
	Port: top_kernel : screen_tris_v0_z | {7 8 }
	Port: top_kernel : screen_tris_v1_x | {5 6 7 8 }
	Port: top_kernel : screen_tris_v1_y | {5 6 7 8 }
	Port: top_kernel : screen_tris_v1_z | {7 8 }
	Port: top_kernel : screen_tris_v2_x | {5 6 7 8 }
	Port: top_kernel : screen_tris_v2_y | {5 6 7 8 }
	Port: top_kernel : screen_tris_v2_z | {7 8 }
	Port: top_kernel : screen_tris_n0_x | {7 8 }
	Port: top_kernel : screen_tris_n0_y | {7 8 }
	Port: top_kernel : screen_tris_n0_z | {7 8 }
	Port: top_kernel : screen_tris_n1_x | {7 8 }
	Port: top_kernel : screen_tris_n1_y | {7 8 }
	Port: top_kernel : screen_tris_n1_z | {7 8 }
	Port: top_kernel : screen_tris_n2_x | {7 8 }
	Port: top_kernel : screen_tris_n2_y | {7 8 }
	Port: top_kernel : screen_tris_n2_z | {7 8 }
	Port: top_kernel : screen_tris_is_active | {5 6 7 8 }
	Port: top_kernel : bounds_min_x | {7 8 }
	Port: top_kernel : bounds_max_x | {7 8 }
	Port: top_kernel : bounds_min_y | {7 8 }
	Port: top_kernel : bounds_max_y | {7 8 }
	Port: top_kernel : depth_buffer | {7 8 9 10 }
	Port: top_kernel : normal_buffer_x | {9 10 }
	Port: top_kernel : normal_buffer_y | {9 10 }
	Port: top_kernel : normal_buffer_z | {9 10 }
  - Chain level:
	State 1
	State 2
	State 3
	State 4
	State 5
	State 6
	State 7
	State 8
	State 9
	State 10


============================================================
+ Verbose Summary: Datapath Resource usage 
============================================================

* Functional unit list:
|----------|----------------------------------|---------|---------|---------|---------|
| Operation|          Functional Unit         |   DSP   |  Delay  |    FF   |   LUT   |
|----------|----------------------------------|---------|---------|---------|---------|
|          |  grp_k1_vertex_transform_fu_180  |    48   | 20.9901 |  21225  |  44560  |
|          | grp_k2_perspective_divide_fu_236 |    12   |  24.309 |   2594  |   4311  |
|   call   |    grp_k3_bounding_box_fu_322    |    0    |  7.335  |   162   |   1029  |
|          |      grp_k4_rasterize_fu_348     |    36   |  23.306 |   3791  |   8422  |
|          |  grp_k5_deferred_lighting_fu_406 |    2    |  1.956  |   332   |   1607  |
|----------|----------------------------------|---------|---------|---------|---------|
|          |    out_pixels_read_read_fu_162   |    0    |    0    |    0    |    0    |
|   read   |    mvp_matrix_read_read_fu_168   |    0    |    0    |    0    |    0    |
|          |     in_tris_read_read_fu_174     |    0    |    0    |    0    |    0    |
|----------|----------------------------------|---------|---------|---------|---------|
|   Total  |                                  |    98   | 77.8961 |  28104  |  59929  |
|----------|----------------------------------|---------|---------|---------|---------|

Memories:
+---------------------+--------+--------+--------+--------+
|                     |  BRAM  |   FF   |   LUT  |  URAM  |
+---------------------+--------+--------+--------+--------+
|     bounds_max_x    |    1   |    0   |    0   |    0   |
|     bounds_max_y    |    1   |    0   |    0   |    0   |
|     bounds_min_x    |    1   |    0   |    0   |    0   |
|     bounds_min_y    |    1   |    0   |    0   |    0   |
| clip_tris_is_active |    0   |    1   |    2   |    0   |
|    clip_tris_n0_x   |    1   |    0   |    0   |    0   |
|    clip_tris_n0_y   |    1   |    0   |    0   |    0   |
|    clip_tris_n0_z   |    1   |    0   |    0   |    0   |
|    clip_tris_n1_x   |    1   |    0   |    0   |    0   |
|    clip_tris_n1_y   |    1   |    0   |    0   |    0   |
|    clip_tris_n1_z   |    1   |    0   |    0   |    0   |
|    clip_tris_n2_x   |    1   |    0   |    0   |    0   |
|    clip_tris_n2_y   |    1   |    0   |    0   |    0   |
|    clip_tris_n2_z   |    1   |    0   |    0   |    0   |
|    clip_tris_v0_w   |    1   |    0   |    0   |    0   |
|    clip_tris_v0_x   |    1   |    0   |    0   |    0   |
|    clip_tris_v0_y   |    1   |    0   |    0   |    0   |
|    clip_tris_v0_z   |    1   |    0   |    0   |    0   |
|    clip_tris_v1_w   |    1   |    0   |    0   |    0   |
|    clip_tris_v1_x   |    1   |    0   |    0   |    0   |
|    clip_tris_v1_y   |    1   |    0   |    0   |    0   |
|    clip_tris_v1_z   |    1   |    0   |    0   |    0   |
|    clip_tris_v2_w   |    1   |    0   |    0   |    0   |
|    clip_tris_v2_x   |    1   |    0   |    0   |    0   |
|    clip_tris_v2_y   |    1   |    0   |    0   |    0   |
|    clip_tris_v2_z   |    1   |    0   |    0   |    0   |
|     depth_buffer    |    8   |    0   |    0   |    0   |
|   normal_buffer_x   |    8   |    0   |    0   |    0   |
|   normal_buffer_y   |    8   |    0   |    0   |    0   |
|   normal_buffer_z   |    8   |    0   |    0   |    0   |
|screen_tris_is_active|    0   |    1   |    2   |    0   |
|   screen_tris_n0_x  |    1   |    0   |    0   |    0   |
|   screen_tris_n0_y  |    1   |    0   |    0   |    0   |
|   screen_tris_n0_z  |    1   |    0   |    0   |    0   |
|   screen_tris_n1_x  |    1   |    0   |    0   |    0   |
|   screen_tris_n1_y  |    1   |    0   |    0   |    0   |
|   screen_tris_n1_z  |    1   |    0   |    0   |    0   |
|   screen_tris_n2_x  |    1   |    0   |    0   |    0   |
|   screen_tris_n2_y  |    1   |    0   |    0   |    0   |
|   screen_tris_n2_z  |    1   |    0   |    0   |    0   |
|   screen_tris_v0_x  |    1   |    0   |    0   |    0   |
|   screen_tris_v0_y  |    1   |    0   |    0   |    0   |
|   screen_tris_v0_z  |    1   |    0   |    0   |    0   |
|   screen_tris_v1_x  |    1   |    0   |    0   |    0   |
|   screen_tris_v1_y  |    1   |    0   |    0   |    0   |
|   screen_tris_v1_z  |    1   |    0   |    0   |    0   |
|   screen_tris_v2_x  |    1   |    0   |    0   |    0   |
|   screen_tris_v2_y  |    1   |    0   |    0   |    0   |
|   screen_tris_v2_z  |    1   |    0   |    0   |    0   |
+---------------------+--------+--------+--------+--------+
|        Total        |   75   |    2   |    4   |    0   |
+---------------------+--------+--------+--------+--------+

* Register list:
+-----------------------+--------+
|                       |   FF   |
+-----------------------+--------+
|  in_tris_read_reg_431 |   64   |
|mvp_matrix_read_reg_426|   64   |
|out_pixels_read_reg_421|   64   |
+-----------------------+--------+
|         Total         |   192  |
+-----------------------+--------+

* Multiplexer (MUX) list: 
|--------------------------------|------|------|------|--------||---------||---------||---------|
|              Comp              |  Pin | Size |  BW  | S x BW ||  Delay  ||    FF   ||   LUT   |
|--------------------------------|------|------|------|--------||---------||---------||---------|
| grp_k1_vertex_transform_fu_180 |  p2  |   2  |  64  |   128  ||    0    ||    9    |
| grp_k1_vertex_transform_fu_180 |  p4  |   2  |  64  |   128  ||    0    ||    9    |
|--------------------------------|------|------|------|--------||---------||---------||---------|
|              Total             |      |      |      |   256  ||  0.978  ||    0    ||    18   |
|--------------------------------|------|------|------|--------||---------||---------||---------|



* Summary:
+-----------+--------+--------+--------+--------+--------+--------+
|           |  BRAM  |   DSP  |  Delay |   FF   |   LUT  |  URAM  |
+-----------+--------+--------+--------+--------+--------+--------+
|  Function |    -   |   98   |   77   |  28104 |  59929 |    -   |
|   Memory  |   75   |    -   |    -   |    2   |    4   |    0   |
|Multiplexer|    -   |    -   |    0   |    0   |   18   |    -   |
|  Register |    -   |    -   |    -   |   192  |    -   |    -   |
+-----------+--------+--------+--------+--------+--------+--------+
|   Total   |   75   |   98   |   78   |  28298 |  59951 |    0   |
+-----------+--------+--------+--------+--------+--------+--------+
