

================================================================
== Vitis HLS Report for 'compute'
================================================================
* Date:           Fri Feb 20 10:14:38 2026

* Version:        2025.1.1 (Build 6214317 on Sep 11 2025)
* Project:        project_1
* Solution:       hls (Vivado IP Flow Target)
* Product family: zynquplus
* Target device:  xczu3eg-sbva484-1-e


================================================================
== Performance Estimates
================================================================
+ Timing: 
    * Summary: 
    +--------+----------+----------+------------+
    |  Clock |  Target  | Estimated| Uncertainty|
    +--------+----------+----------+------------+
    |ap_clk  |  10.00 ns|  6.855 ns|     2.70 ns|
    +--------+----------+----------+------------+

+ Latency: 
    * Summary: 
    +---------+---------+-----------+-----------+---------+---------+---------+
    |  Latency (cycles) |   Latency (absolute)  |      Interval     | Pipeline|
    |   min   |   max   |    min    |    max    |   min   |   max   |   Type  |
    +---------+---------+-----------+-----------+---------+---------+---------+
    |  6142255|  6142255|  61.423 ms|  61.423 ms|  6142255|  6142255|       no|
    +---------+---------+-----------+-----------+---------+---------+---------+

    + Detail: 
        * Instance: 
        +-------------------------------------------------------------+--------------------------------------------------+---------+---------+----------+----------+-------+-------+------------------------------------------------+
        |                                                             |                                                  |  Latency (cycles) |  Latency (absolute) |    Interval   |                    Pipeline                    |
        |                           Instance                          |                      Module                      |   min   |   max   |    min   |    max   |  min  |  max  |                      Type                      |
        +-------------------------------------------------------------+--------------------------------------------------+---------+---------+----------+----------+-------+-------+------------------------------------------------+
        |grp_compute_Pipeline_VITIS_LOOP_57_6_VITIS_LOOP_58_7_fu_330  |compute_Pipeline_VITIS_LOOP_57_6_VITIS_LOOP_58_7  |    65540|    65540|  0.655 ms|  0.655 ms|  65537|  65537|  loop auto-rewind stp (delay=0 clock cycles(s))|
        +-------------------------------------------------------------+--------------------------------------------------+---------+---------+----------+----------+-------+-------+------------------------------------------------+

        * Loop: 
        +------------------------+---------+---------+----------+-----------+-----------+------+----------+
        |                        |  Latency (cycles) | Iteration|  Initiation Interval  | Trip |          |
        |        Loop Name       |   min   |   max   |  Latency |  achieved |   target  | Count| Pipelined|
        +------------------------+---------+---------+----------+-----------+-----------+------+----------+
        |- VITIS_LOOP_34_1       |    66048|    66048|       258|          -|          -|   256|        no|
        | + VITIS_LOOP_35_2      |      256|      256|         1|          -|          -|   256|        no|
        |- VITIS_LOOP_42_3       |  5944620|  5944620|    198154|          -|          -|    30|        no|
        | + VITIS_LOOP_45_4      |      512|      512|         2|          -|          -|   256|        no|
        | + VITIS_LOOP_50_5      |      512|      512|         2|          -|          -|   256|        no|
        | + VITIS_LOOP_105_9     |   131584|   131584|       514|          -|          -|   256|        no|
        |  ++ VITIS_LOOP_106_10  |      512|      512|         2|          -|          -|   256|        no|
        |- VITIS_LOOP_114_11     |   131584|   131584|       514|          -|          -|   256|        no|
        | + VITIS_LOOP_115_12    |      512|      512|         2|          -|          -|   256|        no|
        +------------------------+---------+---------+----------+-----------+-----------+------+----------+



================================================================
== Utilization Estimates
================================================================
* Summary: 
+-----------------+---------+-----+--------+-------+-----+
|       Name      | BRAM_18K| DSP |   FF   |  LUT  | URAM|
+-----------------+---------+-----+--------+-------+-----+
|DSP              |        -|    -|       -|      -|    -|
|Expression       |        -|    -|       0|    363|    -|
|FIFO             |        -|    -|       -|      -|    -|
|Instance         |        2|    6|     532|   1036|    0|
|Memory           |      176|    -|       0|      0|    0|
|Multiplexer      |        -|    -|       0|    351|    -|
|Register         |        -|    -|     380|      -|    -|
+-----------------+---------+-----+--------+-------+-----+
|Total            |      178|    6|     912|   1750|    0|
+-----------------+---------+-----+--------+-------+-----+
|Available        |      432|  360|  141120|  70560|    0|
+-----------------+---------+-----+--------+-------+-----+
|Utilization (%)  |       41|    1|      ~0|      2|    0|
+-----------------+---------+-----+--------+-------+-----+

+ Detail: 
    * Instance: 
    +-------------------------------------------------------------+--------------------------------------------------+---------+----+-----+------+-----+
    |                           Instance                          |                      Module                      | BRAM_18K| DSP|  FF |  LUT | URAM|
    +-------------------------------------------------------------+--------------------------------------------------+---------+----+-----+------+-----+
    |grp_compute_Pipeline_VITIS_LOOP_57_6_VITIS_LOOP_58_7_fu_330  |compute_Pipeline_VITIS_LOOP_57_6_VITIS_LOOP_58_7  |        2|   6|  532|  1036|    0|
    +-------------------------------------------------------------+--------------------------------------------------+---------+----+-----+------+-----+
    |Total                                                        |                                                  |        2|   6|  532|  1036|    0|
    +-------------------------------------------------------------+--------------------------------------------------+---------+----+-----+------+-----+

    * DSP: 
    N/A

    * Memory: 
    +-------+---------------------------+---------+---+----+-----+-------+-----+------+-------------+
    | Memory|           Module          | BRAM_18K| FF| LUT| URAM| Words | Bits| Banks| W*Bits*Banks|
    +-------+---------------------------+---------+---+----+-----+-------+-----+------+-------------+
    |cur_U  |compute_cur_RAM_AUTO_1R1W  |       88|  0|   0|    0|  65536|   24|     1|      1572864|
    |nxt_U  |compute_nxt_RAM_AUTO_1R1W  |       88|  0|   0|    0|  65536|   24|     1|      1572864|
    +-------+---------------------------+---------+---+----+-----+-------+-----+------+-------------+
    |Total  |                           |      176|  0|   0|    0| 131072|   48|     2|      3145728|
    +-------+---------------------------+---------+---+----+-----+-------+-----+------+-------------+

    * FIFO: 
    N/A

    * Expression: 
    +----------------------+----------+----+---+----+------------+------------+
    |     Variable Name    | Operation| DSP| FF| LUT| Bitwidth P0| Bitwidth P1|
    +----------------------+----------+----+---+----+------------+------------+
    |add_ln105_fu_563_p2   |         +|   0|  0|  16|           9|           1|
    |add_ln106_fu_615_p2   |         +|   0|  0|  16|           9|           1|
    |add_ln108_fu_625_p2   |         +|   0|  0|  23|          16|          16|
    |add_ln114_fu_644_p2   |         +|   0|  0|  16|           9|           1|
    |add_ln115_fu_668_p2   |         +|   0|  0|  16|           9|           1|
    |add_ln117_fu_678_p2   |         +|   0|  0|  23|          16|          16|
    |add_ln34_fu_362_p2    |         +|   0|  0|  16|           9|           1|
    |add_ln35_fu_391_p2    |         +|   0|  0|  16|           9|           1|
    |add_ln37_fu_401_p2    |         +|   0|  0|  23|          16|          16|
    |add_ln45_fu_441_p2    |         +|   0|  0|  16|           9|           1|
    |add_ln50_fu_479_p2    |         +|   0|  0|  16|           9|           1|
    |t_2_fu_424_p2         |         +|   0|  0|  12|           5|           1|
    |ap_block_state3       |       and|   0|  0|   2|           1|           1|
    |icmp_ln105_fu_557_p2  |      icmp|   0|  0|  17|           9|          10|
    |icmp_ln106_fu_609_p2  |      icmp|   0|  0|  17|           9|          10|
    |icmp_ln114_fu_638_p2  |      icmp|   0|  0|  17|           9|          10|
    |icmp_ln115_fu_662_p2  |      icmp|   0|  0|  17|           9|          10|
    |icmp_ln34_fu_356_p2   |      icmp|   0|  0|  17|           9|          10|
    |icmp_ln35_fu_385_p2   |      icmp|   0|  0|  17|           9|          10|
    |icmp_ln42_fu_418_p2   |      icmp|   0|  0|  12|           5|           3|
    |icmp_ln45_fu_435_p2   |      icmp|   0|  0|  17|           9|          10|
    |icmp_ln50_fu_473_p2   |      icmp|   0|  0|  17|           9|          10|
    |ap_block_state1       |        or|   0|  0|   2|           1|           1|
    |nxt_we0               |        or|   0|  0|   2|           1|           1|
    +----------------------+----------+----+---+----+------------+------------+
    |Total                 |          |   0|  0| 363|         205|         143|
    +----------------------+----------+----+---+----+------------+------------+

    * Multiplexer: 
    +--------------------+----+-----------+-----+-----------+
    |        Name        | LUT| Input Size| Bits| Total Bits|
    +--------------------+----+-----------+-----+-----------+
    |ap_NS_fsm           |  81|         17|    1|         17|
    |ap_done             |   9|          2|    1|          2|
    |cur_address0        |   9|          2|   16|         32|
    |cur_address0_local  |  26|          5|   16|         80|
    |cur_address1_local  |  20|          4|   16|         64|
    |cur_ce0             |   9|          2|    1|          2|
    |grid_final_blk_n    |   9|          2|    1|          2|
    |grid_initial_blk_n  |   9|          2|    1|          2|
    |i_1_fu_138          |   9|          2|    9|         18|
    |i_2_reg_286         |   9|          2|    9|         18|
    |i_4_reg_297         |   9|          2|    9|         18|
    |i_fu_74             |   9|          2|    9|         18|
    |j_1_reg_275         |   9|          2|    9|         18|
    |j_2_reg_319         |   9|          2|    9|         18|
    |j_3_reg_308         |   9|          2|    9|         18|
    |j_reg_264           |   9|          2|    9|         18|
    |nxt_address0        |   9|          2|   16|         32|
    |nxt_address0_local  |  20|          4|   16|         64|
    |nxt_address1_local  |  14|          3|   16|         48|
    |nxt_ce0             |   9|          2|    1|          2|
    |nxt_d0              |   9|          2|   24|         48|
    |nxt_d0_local        |  14|          3|   24|         72|
    |nxt_d1_local        |  14|          3|   24|         72|
    |nxt_we0             |   9|          2|    1|          2|
    |t_fu_110            |   9|          2|    5|         10|
    +--------------------+----+-----------+-----+-----------+
    |Total               | 351|         75|  252|        695|
    +--------------------+----+-----------+-----+-----------+

    * Register: 
    +--------------------------------------------------------------------------+----+----+-----+-----------+
    |                                   Name                                   | FF | LUT| Bits| Const Bits|
    +--------------------------------------------------------------------------+----+----+-----+-----------+
    |add_ln105_reg_909                                                         |   9|   0|    9|          0|
    |add_ln106_reg_922                                                         |   9|   0|    9|          0|
    |add_ln114_reg_940                                                         |   9|   0|    9|          0|
    |add_ln115_reg_953                                                         |   9|   0|    9|          0|
    |add_ln34_reg_738                                                          |   9|   0|    9|          0|
    |add_ln45_reg_817                                                          |   9|   0|    9|          0|
    |add_ln50_reg_845                                                          |   9|   0|    9|          0|
    |ap_CS_fsm                                                                 |  16|   0|   16|          0|
    |ap_done_reg                                                               |   1|   0|    1|          0|
    |grp_compute_Pipeline_VITIS_LOOP_57_6_VITIS_LOOP_58_7_fu_330_ap_start_reg  |   1|   0|    1|          0|
    |i_1_fu_138                                                                |   9|   0|    9|          0|
    |i_2_reg_286                                                               |   9|   0|    9|          0|
    |i_4_reg_297                                                               |   9|   0|    9|          0|
    |i_fu_74                                                                   |   9|   0|    9|          0|
    |j_1_reg_275                                                               |   9|   0|    9|          0|
    |j_2_reg_319                                                               |   9|   0|    9|          0|
    |j_3_reg_308                                                               |   9|   0|    9|          0|
    |j_reg_264                                                                 |   9|   0|    9|          0|
    |p_0_0_01162_lcssa_lcssa72_fu_134                                          |  24|   0|   24|          0|
    |p_0_0_01163_lcssa_lcssa70_fu_126                                          |  24|   0|   24|          0|
    |p_0_0_01164_lcssa_lcssa68_fu_118                                          |  24|   0|   24|          0|
    |p_0_0_01169_1_lcssa_lcssa69_fu_122                                        |  24|   0|   24|          0|
    |p_0_0_01169_2_lcssa_lcssa71_fu_130                                        |  24|   0|   24|          0|
    |p_0_0_01169_lcssa_lcssa67_fu_114                                          |  24|   0|   24|          0|
    |t_2_reg_802                                                               |   5|   0|    5|          0|
    |t_fu_110                                                                  |   5|   0|    5|          0|
    |tmp_16_reg_914                                                            |   8|   0|   16|          8|
    |tmp_reg_743                                                               |   8|   0|   16|          8|
    |tmp_s_reg_945                                                             |   8|   0|   16|          8|
    |zext_ln108_1_reg_927                                                      |  16|   0|   64|         48|
    |zext_ln45_reg_822                                                         |   9|   0|   64|         55|
    |zext_ln48_reg_832                                                         |   8|   0|   64|         56|
    |zext_ln52_reg_850                                                         |   8|   0|   64|         56|
    |zext_ln53_reg_860                                                         |   8|   0|   64|         56|
    +--------------------------------------------------------------------------+----+----+-----+-----------+
    |Total                                                                     | 380|   0|  675|        295|
    +--------------------------------------------------------------------------+----+----+-----+-----------+



================================================================
== Interface
================================================================
* Summary: 
+-----------------------------+-----+-----+------------+--------------+--------------+
|          RTL Ports          | Dir | Bits|  Protocol  | Source Object|    C Type    |
+-----------------------------+-----+-----+------------+--------------+--------------+
|ap_clk                       |   in|    1|  ap_ctrl_hs|       compute|  return value|
|ap_rst                       |   in|    1|  ap_ctrl_hs|       compute|  return value|
|ap_start                     |   in|    1|  ap_ctrl_hs|       compute|  return value|
|ap_done                      |  out|    1|  ap_ctrl_hs|       compute|  return value|
|ap_continue                  |   in|    1|  ap_ctrl_hs|       compute|  return value|
|ap_idle                      |  out|    1|  ap_ctrl_hs|       compute|  return value|
|ap_ready                     |  out|    1|  ap_ctrl_hs|       compute|  return value|
|grid_initial_dout            |   in|   24|     ap_fifo|  grid_initial|       pointer|
|grid_initial_empty_n         |   in|    1|     ap_fifo|  grid_initial|       pointer|
|grid_initial_read            |  out|    1|     ap_fifo|  grid_initial|       pointer|
|grid_initial_num_data_valid  |   in|    3|     ap_fifo|  grid_initial|       pointer|
|grid_initial_fifo_cap        |   in|    3|     ap_fifo|  grid_initial|       pointer|
|grid_final_din               |  out|   24|     ap_fifo|    grid_final|       pointer|
|grid_final_full_n            |   in|    1|     ap_fifo|    grid_final|       pointer|
|grid_final_write             |  out|    1|     ap_fifo|    grid_final|       pointer|
|grid_final_num_data_valid    |   in|    3|     ap_fifo|    grid_final|       pointer|
|grid_final_fifo_cap          |   in|    3|     ap_fifo|    grid_final|       pointer|
+-----------------------------+-----+-----+------------+--------------+--------------+

