

================================================================
== Vitis HLS Report for 'compute_Pipeline_VITIS_LOOP_58_6_VITIS_LOOP_59_7'
================================================================
* Date:           Fri Feb 20 11:31:00 2026

* Version:        2025.1.1 (Build 6214317 on Sep 11 2025)
* Project:        project_1
* Solution:       hls (Vivado IP Flow Target)
* Product family: zynquplus
* Target device:  xczu3eg-sbva484-1-e


================================================================
== Performance Estimates
================================================================
+ Timing: 
    * Summary: 
    +--------+----------+----------+------------+
    |  Clock |  Target  | Estimated| Uncertainty|
    +--------+----------+----------+------------+
    |ap_clk  |  10.00 ns|  6.855 ns|     2.70 ns|
    +--------+----------+----------+------------+

+ Latency: 
    * Summary: 
    +---------+---------+----------+----------+-------+-------+------------------------------------------------+
    |  Latency (cycles) |  Latency (absolute) |    Interval   |                    Pipeline                    |
    |   min   |   max   |    min   |    max   |  min  |  max  |                      Type                      |
    +---------+---------+----------+----------+-------+-------+------------------------------------------------+
    |    65540|    65540|  0.655 ms|  0.655 ms|  65537|  65537|  loop auto-rewind stp (delay=0 clock cycles(s))|
    +---------+---------+----------+----------+-------+-------+------------------------------------------------+

    + Detail: 
        * Instance: 
        N/A

        * Loop: 
        +-----------------------------------+---------+---------+----------+-----------+-----------+-------+----------+
        |                                   |  Latency (cycles) | Iteration|  Initiation Interval  |  Trip |          |
        |             Loop Name             |   min   |   max   |  Latency |  achieved |   target  | Count | Pipelined|
        +-----------------------------------+---------+---------+----------+-----------+-----------+-------+----------+
        |- VITIS_LOOP_58_6_VITIS_LOOP_59_7  |    65538|    65538|         4|          1|          1|  65536|       yes|
        +-----------------------------------+---------+---------+----------+-----------+-----------+-------+----------+



================================================================
== Utilization Estimates
================================================================
* Summary: 
+-----------------+---------+-----+--------+-------+-----+
|       Name      | BRAM_18K| DSP |   FF   |  LUT  | URAM|
+-----------------+---------+-----+--------+-------+-----+
|DSP              |        -|    -|       -|      -|    -|
|Expression       |        -|    -|       0|    810|    -|
|FIFO             |        -|    -|       -|      -|    -|
|Instance         |        -|    6|       0|     54|    -|
|Memory           |        2|    -|       0|      0|    0|
|Multiplexer      |        -|    -|       0|    108|    -|
|Register         |        -|    -|     460|     64|    -|
+-----------------+---------+-----+--------+-------+-----+
|Total            |        2|    6|     460|   1036|    0|
+-----------------+---------+-----+--------+-------+-----+
|Available        |      432|  360|  141120|  70560|    0|
+-----------------+---------+-----+--------+-------+-----+
|Utilization (%)  |       ~0|    1|      ~0|      1|    0|
+-----------------+---------+-----+--------+-------+-----+

+ Detail: 
    * Instance: 
    +-------------------------+---------------------+---------+----+---+----+-----+
    |         Instance        |        Module       | BRAM_18K| DSP| FF| LUT| URAM|
    +-------------------------+---------------------+---------+----+---+----+-----+
    |mul_39s_24ns_63_1_1_U12  |mul_39s_24ns_63_1_1  |        0|   3|  0|  27|    0|
    |mul_39s_26ns_65_1_1_U13  |mul_39s_26ns_65_1_1  |        0|   3|  0|  27|    0|
    +-------------------------+---------------------+---------+----+---+----+-----+
    |Total                    |                     |        0|   6|  0|  54|    0|
    +-------------------------+---------------------+---------+----+---+----+-----+

    * DSP: 
    N/A

    * Memory: 
    +--------------+---------------------------------------------------------------------------+---------+---+----+-----+------+-----+------+-------------+
    |    Memory    |                                   Module                                  | BRAM_18K| FF| LUT| URAM| Words| Bits| Banks| W*Bits*Banks|
    +--------------+---------------------------------------------------------------------------+---------+---+----+-----+------+-----+------+-------------+
    |line_buf_1_U  |compute_Pipeline_VITIS_LOOP_58_6_VITIS_LOOP_59_7_line_buf_1_RAM_AUTO_1R1W  |        1|  0|   0|    0|   256|   24|     1|         6144|
    |line_buf_U    |compute_Pipeline_VITIS_LOOP_58_6_VITIS_LOOP_59_7_line_buf_1_RAM_AUTO_1R1W  |        1|  0|   0|    0|   256|   24|     1|         6144|
    +--------------+---------------------------------------------------------------------------+---------+---+----+-----+------+-----+------+-------------+
    |Total         |                                                                           |        2|  0|   0|    0|   512|   48|     2|        12288|
    +--------------+---------------------------------------------------------------------------+---------+---+----+-----+------+-----+------+-------------+

    * FIFO: 
    N/A

    * Expression: 
    +--------------------------+----------+----+---+----+------------+------------+
    |       Variable Name      | Operation| DSP| FF| LUT| Bitwidth P0| Bitwidth P1|
    +--------------------------+----------+----+---+----+------------+------------+
    |add_ln100_fu_792_p2       |         +|   0|  0|  31|          24|          24|
    |add_ln58_1_fu_291_p2      |         +|   0|  0|  24|          17|           1|
    |add_ln58_fu_303_p2        |         +|   0|  0|  16|           9|           1|
    |add_ln59_fu_406_p2        |         +|   0|  0|  16|           9|           1|
    |add_ln70_fu_369_p2        |         +|   0|  0|  23|          16|          16|
    |add_ln87_fu_671_p2        |         +|   0|  0|  15|           8|           2|
    |add_ln89_fu_475_p2        |         +|   0|  0|  33|          26|          26|
    |add_ln92_fu_533_p2        |         +|   0|  0|  33|          26|          26|
    |add_ln97_1_fu_639_p2      |         +|   0|  0|  73|          66|          66|
    |add_ln97_fu_629_p2        |         +|   0|  0|  71|          64|          64|
    |empty_33_fu_465_p2        |         +|   0|  0|  32|          25|          25|
    |empty_34_fu_523_p2        |         +|   0|  0|  32|          25|          25|
    |empty_fu_436_p2           |         +|   0|  0|  15|           8|           2|
    |out_1_fu_694_p2           |         +|   0|  0|  46|          39|          39|
    |sum_axis_fu_505_p2        |         +|   0|  0|  46|          39|          39|
    |sum_diag_fu_563_p2        |         +|   0|  0|  46|          39|          39|
    |and_ln100_1_fu_874_p2     |       and|   0|  0|   2|           1|           1|
    |and_ln100_2_fu_888_p2     |       and|   0|  0|   2|           1|           1|
    |and_ln100_3_fu_912_p2     |       and|   0|  0|   2|           1|           1|
    |and_ln100_4_fu_918_p2     |       and|   0|  0|   2|           1|           1|
    |and_ln100_5_fu_936_p2     |       and|   0|  0|   2|           1|           1|
    |and_ln100_fu_812_p2       |       and|   0|  0|   2|           1|           1|
    |and_ln84_fu_400_p2        |       and|   0|  0|   2|           1|           1|
    |and_ln97_fu_740_p2        |       and|   0|  0|   2|           1|           1|
    |icmp_fu_353_p2            |      icmp|   0|  0|  15|           8|           1|
    |icmp_ln100_1_fu_848_p2    |      icmp|   0|  0|  12|           4|           2|
    |icmp_ln100_2_fu_854_p2    |      icmp|   0|  0|  12|           4|           1|
    |icmp_ln100_fu_834_p2      |      icmp|   0|  0|  10|           3|           2|
    |icmp_ln58_fu_285_p2       |      icmp|   0|  0|  25|          17|          18|
    |icmp_ln59_fu_309_p2       |      icmp|   0|  0|  17|           9|          10|
    |icmp_ln84_fu_394_p2       |      icmp|   0|  0|  15|           8|           1|
    |or_ln100_1_fu_950_p2      |        or|   0|  0|   2|           1|           1|
    |or_ln100_2_fu_924_p2      |        or|   0|  0|   2|           1|           1|
    |or_ln100_fu_900_p2        |        or|   0|  0|   2|           1|           1|
    |or_ln97_1_fu_717_p2       |        or|   0|  0|   2|           1|           1|
    |or_ln97_fu_734_p2         |        or|   0|  0|   2|           1|           1|
    |out_2_fu_746_p3           |    select|   0|  0|  40|           1|          39|
    |select_ln100_1_fu_880_p3  |    select|   0|  0|   2|           1|           1|
    |select_ln100_2_fu_942_p3  |    select|   0|  0|  24|           1|          23|
    |select_ln100_3_fu_956_p3  |    select|   0|  0|  24|           1|          24|
    |select_ln100_fu_860_p3    |    select|   0|  0|   2|           1|           1|
    |select_ln58_1_fu_323_p3   |    select|   0|  0|   8|           1|           9|
    |select_ln58_fu_315_p3     |    select|   0|  0|   8|           1|           1|
    |ap_enable_pp0             |       xor|   0|  0|   2|           1|           2|
    |xor_ln100_1_fu_868_p2     |       xor|   0|  0|   2|           1|           2|
    |xor_ln100_2_fu_894_p2     |       xor|   0|  0|   2|           1|           2|
    |xor_ln100_3_fu_906_p2     |       xor|   0|  0|   2|           1|           2|
    |xor_ln100_4_fu_930_p2     |       xor|   0|  0|   2|           1|           2|
    |xor_ln100_fu_806_p2       |       xor|   0|  0|   2|           1|           2|
    |xor_ln97_1_fu_723_p2      |       xor|   0|  0|   2|           1|           1|
    |xor_ln97_2_fu_728_p2      |       xor|   0|  0|   2|           1|           2|
    |xor_ln97_fu_712_p2        |       xor|   0|  0|   2|           1|           2|
    +--------------------------+----------+----+---+----+------------+------------+
    |Total                     |          |   0|  0| 810|         522|         559|
    +--------------------------+----------+----+---+----+------------+------------+

    * Multiplexer: 
    +-------------------------+----+-----------+-----+-----------+
    |           Name          | LUT| Input Size| Bits| Total Bits|
    +-------------------------+----+-----------+-----+-----------+
    |ap_done_int              |   9|          2|    1|          2|
    |ap_enable_reg_pp0_iter1  |   9|          2|    1|          2|
    |ap_enable_reg_pp0_iter3  |   9|          2|    1|          2|
    |i_fu_136                 |   9|          2|    9|         18|
    |indvar_flatten6_fu_140   |   9|          2|   17|         34|
    |j_fu_132                 |   9|          2|    9|         18|
    |p_0_0_0116949_out_o      |   9|          2|   24|         48|
    |p_0_0_0116950_fu_144     |   9|          2|   24|         48|
    |p_0_0_01169_151_out_o    |   9|          2|   24|         48|
    |p_0_0_01169_152_fu_148   |   9|          2|   24|         48|
    |p_0_0_01169_253_out_o    |   9|          2|   24|         48|
    |p_0_0_01169_254_fu_152   |   9|          2|   24|         48|
    +-------------------------+----+-----------+-----+-----------+
    |Total                    | 108|         24|  182|        364|
    +-------------------------+----+-----------+-----+-----------+

    * Register: 
    +----------------------------------+----+----+-----+-----------+
    |               Name               | FF | LUT| Bits| Const Bits|
    +----------------------------------+----+----+-----+-----------+
    |and_ln84_reg_1053                 |   1|   0|    1|          0|
    |ap_CS_fsm                         |   1|   0|    1|          0|
    |ap_done_reg                       |   1|   0|    1|          0|
    |ap_enable_reg_pp0_iter1           |   1|   0|    1|          0|
    |ap_enable_reg_pp0_iter2           |   1|   0|    1|          0|
    |ap_enable_reg_pp0_iter3           |   1|   0|    1|          0|
    |ap_enable_reg_pp0_iter4           |   1|   0|    1|          0|
    |ap_loop_exit_ready_pp0_iter2_reg  |   1|   0|    1|          0|
    |ap_loop_exit_ready_pp0_iter3_reg  |   1|   0|    1|          0|
    |empty_reg_1073                    |   8|   0|    8|          0|
    |empty_reg_1073_pp0_iter3_reg      |   8|   0|    8|          0|
    |i_fu_136                          |   9|   0|    9|          0|
    |icmp_ln58_reg_1022                |   1|   0|    1|          0|
    |icmp_ln58_reg_1022_pp0_iter2_reg  |   1|   0|    1|          0|
    |indvar_flatten6_fu_140            |  17|   0|   17|          0|
    |j_fu_132                          |   9|   0|    9|          0|
    |line_buf_1_addr_reg_1047          |   8|   0|    8|          0|
    |line_buf_addr_reg_1041            |   8|   0|    8|          0|
    |out_reg_1094                      |  38|   0|   38|          0|
    |p_0_0_0116950_fu_144              |  24|   0|   24|          0|
    |p_0_0_0116950_load_reg_1057       |  24|   0|   24|          0|
    |p_0_0_01169_152_fu_148            |  24|   0|   24|          0|
    |p_0_0_01169_152_load_reg_1062     |  24|   0|   24|          0|
    |p_0_0_01169_254_fu_152            |  24|   0|   24|          0|
    |p_0_0_01169_254_load_reg_1068     |  24|   0|   24|          0|
    |sum_axis_reg_1078                 |  27|   0|   39|         12|
    |sum_diag_reg_1083                 |  27|   0|   39|         12|
    |tmp_5_reg_1088                    |   1|   0|    1|          0|
    |tmp_6_reg_1099                    |   1|   0|    1|          0|
    |trunc_ln59_reg_1036               |   8|   0|    8|          0|
    |trunc_ln70_reg_1026               |   8|   0|    8|          0|
    |and_ln84_reg_1053                 |  64|  32|    1|          0|
    |trunc_ln59_reg_1036               |  64|  32|    8|          0|
    +----------------------------------+----+----+-----+-----------+
    |Total                             | 460|  64|  365|         24|
    +----------------------------------+----+----+-----+-----------+



================================================================
== Interface
================================================================
* Summary: 
+------------------------------+-----+-----+------------+--------------------------------------------------+--------------+
|           RTL Ports          | Dir | Bits|  Protocol  |                   Source Object                  |    C Type    |
+------------------------------+-----+-----+------------+--------------------------------------------------+--------------+
|ap_clk                        |   in|    1|  ap_ctrl_hs|  compute_Pipeline_VITIS_LOOP_58_6_VITIS_LOOP_59_7|  return value|
|ap_rst                        |   in|    1|  ap_ctrl_hs|  compute_Pipeline_VITIS_LOOP_58_6_VITIS_LOOP_59_7|  return value|
|ap_start                      |   in|    1|  ap_ctrl_hs|  compute_Pipeline_VITIS_LOOP_58_6_VITIS_LOOP_59_7|  return value|
|ap_done                       |  out|    1|  ap_ctrl_hs|  compute_Pipeline_VITIS_LOOP_58_6_VITIS_LOOP_59_7|  return value|
|ap_idle                       |  out|    1|  ap_ctrl_hs|  compute_Pipeline_VITIS_LOOP_58_6_VITIS_LOOP_59_7|  return value|
|ap_ready                      |  out|    1|  ap_ctrl_hs|  compute_Pipeline_VITIS_LOOP_58_6_VITIS_LOOP_59_7|  return value|
|p_0_0_01162_lcssa_lcssa72     |   in|   24|     ap_none|                         p_0_0_01162_lcssa_lcssa72|        scalar|
|p_0_0_01163_lcssa_lcssa70     |   in|   24|     ap_none|                         p_0_0_01163_lcssa_lcssa70|        scalar|
|p_0_0_01164_lcssa_lcssa68     |   in|   24|     ap_none|                         p_0_0_01164_lcssa_lcssa68|        scalar|
|cur_address0                  |  out|   16|   ap_memory|                                               cur|         array|
|cur_ce0                       |  out|    1|   ap_memory|                                               cur|         array|
|cur_q0                        |   in|   24|   ap_memory|                                               cur|         array|
|nxt_address0                  |  out|   16|   ap_memory|                                               nxt|         array|
|nxt_ce0                       |  out|    1|   ap_memory|                                               nxt|         array|
|nxt_we0                       |  out|    1|   ap_memory|                                               nxt|         array|
|nxt_d0                        |  out|   24|   ap_memory|                                               nxt|         array|
|p_0_0_01169_254_out           |  out|   24|      ap_vld|                               p_0_0_01169_254_out|       pointer|
|p_0_0_01169_254_out_ap_vld    |  out|    1|      ap_vld|                               p_0_0_01169_254_out|       pointer|
|p_0_0_01169_253_out_i         |   in|   24|     ap_ovld|                               p_0_0_01169_253_out|       pointer|
|p_0_0_01169_253_out_o         |  out|   24|     ap_ovld|                               p_0_0_01169_253_out|       pointer|
|p_0_0_01169_253_out_o_ap_vld  |  out|    1|     ap_ovld|                               p_0_0_01169_253_out|       pointer|
|p_0_0_01169_152_out           |  out|   24|      ap_vld|                               p_0_0_01169_152_out|       pointer|
|p_0_0_01169_152_out_ap_vld    |  out|    1|      ap_vld|                               p_0_0_01169_152_out|       pointer|
|p_0_0_01169_151_out_i         |   in|   24|     ap_ovld|                               p_0_0_01169_151_out|       pointer|
|p_0_0_01169_151_out_o         |  out|   24|     ap_ovld|                               p_0_0_01169_151_out|       pointer|
|p_0_0_01169_151_out_o_ap_vld  |  out|    1|     ap_ovld|                               p_0_0_01169_151_out|       pointer|
|p_0_0_0116950_out             |  out|   24|      ap_vld|                                 p_0_0_0116950_out|       pointer|
|p_0_0_0116950_out_ap_vld      |  out|    1|      ap_vld|                                 p_0_0_0116950_out|       pointer|
|p_0_0_0116949_out_i           |   in|   24|     ap_ovld|                                 p_0_0_0116949_out|       pointer|
|p_0_0_0116949_out_o           |  out|   24|     ap_ovld|                                 p_0_0_0116949_out|       pointer|
|p_0_0_0116949_out_o_ap_vld    |  out|    1|     ap_ovld|                                 p_0_0_0116949_out|       pointer|
+------------------------------+-----+-----+------------+--------------------------------------------------+--------------+

