

================================================================
== Vitis HLS Report for 'compute_Pipeline_VITIS_LOOP_27_1_VITIS_LOOP_28_2'
================================================================
* Date:           Thu Feb 19 22:36:34 2026

* Version:        2025.1.1 (Build 6214317 on Sep 11 2025)
* Project:        project_1
* Solution:       hls (Vivado IP Flow Target)
* Product family: zynquplus
* Target device:  xczu3eg-sbva484-1-e


================================================================
== Performance Estimates
================================================================
+ Timing: 
    * Summary: 
    +--------+----------+----------+------------+
    |  Clock |  Target  | Estimated| Uncertainty|
    +--------+----------+----------+------------+
    |ap_clk  |  10.00 ns|  3.998 ns|     2.70 ns|
    +--------+----------+----------+------------+

+ Latency: 
    * Summary: 
    +---------+---------+----------+----------+-------+-------+------------------------------------------------+
    |  Latency (cycles) |  Latency (absolute) |    Interval   |                    Pipeline                    |
    |   min   |   max   |    min   |    max   |  min  |  max  |                      Type                      |
    +---------+---------+----------+----------+-------+-------+------------------------------------------------+
    |    65549|    65549|  0.655 ms|  0.655 ms|  65537|  65537|  loop auto-rewind stp (delay=0 clock cycles(s))|
    +---------+---------+----------+----------+-------+-------+------------------------------------------------+

    + Detail: 
        * Instance: 
        N/A

        * Loop: 
        +-----------------------------------+---------+---------+----------+-----------+-----------+-------+----------+
        |                                   |  Latency (cycles) | Iteration|  Initiation Interval  |  Trip |          |
        |             Loop Name             |   min   |   max   |  Latency |  achieved |   target  | Count | Pipelined|
        +-----------------------------------+---------+---------+----------+-----------+-----------+-------+----------+
        |- VITIS_LOOP_27_1_VITIS_LOOP_28_2  |    65547|    65547|        13|          1|          1|  65536|       yes|
        +-----------------------------------+---------+---------+----------+-----------+-----------+-------+----------+



================================================================
== Utilization Estimates
================================================================
* Summary: 
+-----------------+---------+-----+--------+-------+-----+
|       Name      | BRAM_18K| DSP |   FF   |  LUT  | URAM|
+-----------------+---------+-----+--------+-------+-----+
|DSP              |        -|    1|       -|      -|    -|
|Expression       |        -|    -|       0|    139|    -|
|FIFO             |        -|    -|       -|      -|    -|
|Instance         |        -|    2|     470|    310|    -|
|Memory           |        -|    -|       -|      -|    -|
|Multiplexer      |        -|    -|       0|     54|    -|
|Register         |        -|    -|     278|     96|    -|
+-----------------+---------+-----+--------+-------+-----+
|Total            |        0|    3|     748|    599|    0|
+-----------------+---------+-----+--------+-------+-----+
|Available        |      432|  360|  141120|  70560|    0|
+-----------------+---------+-----+--------+-------+-----+
|Utilization (%)  |        0|   ~0|      ~0|     ~0|    0|
+-----------------+---------+-----+--------+-------+-----+

+ Detail: 
    * Instance: 
    +------------------------+---------------------+---------+----+-----+-----+-----+
    |        Instance        |        Module       | BRAM_18K| DSP|  FF | LUT | URAM|
    +------------------------+---------------------+---------+----+-----+-----+-----+
    |mul_9ns_11ns_19_1_1_U6  |mul_9ns_11ns_19_1_1  |        0|   1|    0|    5|    0|
    |mul_9ns_11ns_19_1_1_U9  |mul_9ns_11ns_19_1_1  |        0|   1|    0|    5|    0|
    |urem_9ns_3ns_2_13_1_U7  |urem_9ns_3ns_2_13_1  |        0|   0|  235|  150|    0|
    |urem_9ns_3ns_2_13_1_U8  |urem_9ns_3ns_2_13_1  |        0|   0|  235|  150|    0|
    +------------------------+---------------------+---------+----+-----+-----+-----+
    |Total                   |                     |        0|   2|  470|  310|    0|
    +------------------------+---------------------+---------+----+-----+-----+-----+

    * DSP: 
    +-----------------------------------+-------------------------------+--------------+
    |              Instance             |             Module            |  Expression  |
    +-----------------------------------+-------------------------------+--------------+
    |mac_muladd_8ns_7ns_8ns_13_4_1_U10  |mac_muladd_8ns_7ns_8ns_13_4_1  |  i0 * i1 + i2|
    +-----------------------------------+-------------------------------+--------------+

    * Memory: 
    N/A

    * FIFO: 
    N/A

    * Expression: 
    +-------------------------+----------+----+---+----+------------+------------+
    |      Variable Name      | Operation| DSP| FF| LUT| Bitwidth P0| Bitwidth P1|
    +-------------------------+----------+----+---+----+------------+------------+
    |add_ln27_1_fu_252_p2     |         +|   0|  0|  24|          17|           1|
    |add_ln27_fu_264_p2       |         +|   0|  0|  16|           9|           1|
    |add_ln28_fu_328_p2       |         +|   0|  0|  16|           9|           1|
    |add_ln30_fu_362_p2       |         +|   0|  0|  23|          16|          16|
    |icmp_ln27_fu_246_p2      |      icmp|   0|  0|  25|          17|          18|
    |icmp_ln28_fu_270_p2      |      icmp|   0|  0|  17|           9|          10|
    |select_ln27_1_fu_284_p3  |    select|   0|  0|   8|           1|           9|
    |select_ln27_fu_276_p3    |    select|   0|  0|   8|           1|           1|
    |ap_enable_pp0            |       xor|   0|  0|   2|           1|           2|
    +-------------------------+----------+----+---+----+------------+------------+
    |Total                    |          |   0|  0| 139|          80|          59|
    +-------------------------+----------+----+---+----+------------+------------+

    * Multiplexer: 
    +-------------------------+----+-----------+-----+-----------+
    |           Name          | LUT| Input Size| Bits| Total Bits|
    +-------------------------+----+-----------+-----+-----------+
    |ap_done_int              |   9|          2|    1|          2|
    |ap_enable_reg_pp0_iter1  |   9|          2|    1|          2|
    |ap_enable_reg_pp0_iter2  |   9|          2|    1|          2|
    |i_fu_74                  |   9|          2|    9|         18|
    |indvar_flatten_fu_78     |   9|          2|   17|         34|
    |j_fu_70                  |   9|          2|    9|         18|
    +-------------------------+----+-----------+-----+-----------+
    |Total                    |  54|         12|   38|         76|
    +-------------------------+----+-----------+-----+-----------+

    * Register: 
    +-----------------------------------+----+----+-----+-----------+
    |                Name               | FF | LUT| Bits| Const Bits|
    +-----------------------------------+----+----+-----+-----------+
    |ap_CS_fsm                          |   1|   0|    1|          0|
    |ap_done_reg                        |   1|   0|    1|          0|
    |ap_enable_reg_pp0_iter1            |   1|   0|    1|          0|
    |ap_enable_reg_pp0_iter10           |   1|   0|    1|          0|
    |ap_enable_reg_pp0_iter11           |   1|   0|    1|          0|
    |ap_enable_reg_pp0_iter12           |   1|   0|    1|          0|
    |ap_enable_reg_pp0_iter13           |   1|   0|    1|          0|
    |ap_enable_reg_pp0_iter2            |   1|   0|    1|          0|
    |ap_enable_reg_pp0_iter3            |   1|   0|    1|          0|
    |ap_enable_reg_pp0_iter4            |   1|   0|    1|          0|
    |ap_enable_reg_pp0_iter5            |   1|   0|    1|          0|
    |ap_enable_reg_pp0_iter6            |   1|   0|    1|          0|
    |ap_enable_reg_pp0_iter7            |   1|   0|    1|          0|
    |ap_enable_reg_pp0_iter8            |   1|   0|    1|          0|
    |ap_enable_reg_pp0_iter9            |   1|   0|    1|          0|
    |ap_loop_exit_ready_pp0_iter10_reg  |   1|   0|    1|          0|
    |ap_loop_exit_ready_pp0_iter11_reg  |   1|   0|    1|          0|
    |ap_loop_exit_ready_pp0_iter12_reg  |   1|   0|    1|          0|
    |ap_loop_exit_ready_pp0_iter2_reg   |   1|   0|    1|          0|
    |ap_loop_exit_ready_pp0_iter3_reg   |   1|   0|    1|          0|
    |ap_loop_exit_ready_pp0_iter4_reg   |   1|   0|    1|          0|
    |ap_loop_exit_ready_pp0_iter5_reg   |   1|   0|    1|          0|
    |ap_loop_exit_ready_pp0_iter6_reg   |   1|   0|    1|          0|
    |ap_loop_exit_ready_pp0_iter7_reg   |   1|   0|    1|          0|
    |ap_loop_exit_ready_pp0_iter8_reg   |   1|   0|    1|          0|
    |ap_loop_exit_ready_pp0_iter9_reg   |   1|   0|    1|          0|
    |i_fu_74                            |   9|   0|    9|          0|
    |indvar_flatten_fu_78               |  17|   0|   17|          0|
    |j_fu_70                            |   9|   0|    9|          0|
    |select_ln27_reg_459                |   9|   0|    9|          0|
    |tmp_52_reg_476                     |   8|   0|    8|          0|
    |trunc_ln30_reg_471                 |   8|   0|    8|          0|
    |select_ln27_reg_459                |  64|  32|    9|          0|
    |tmp_52_reg_476                     |  64|  32|    8|          0|
    |trunc_ln30_reg_471                 |  64|  32|    8|          0|
    +-----------------------------------+----+----+-----+-----------+
    |Total                              | 278|  96|  111|          0|
    +-----------------------------------+----+----+-----+-----------+



================================================================
== Interface
================================================================
* Summary: 
+--------------------+-----+-----+------------+--------------------------------------------------+--------------+
|      RTL Ports     | Dir | Bits|  Protocol  |                   Source Object                  |    C Type    |
+--------------------+-----+-----+------------+--------------------------------------------------+--------------+
|ap_clk              |   in|    1|  ap_ctrl_hs|  compute_Pipeline_VITIS_LOOP_27_1_VITIS_LOOP_28_2|  return value|
|ap_rst              |   in|    1|  ap_ctrl_hs|  compute_Pipeline_VITIS_LOOP_27_1_VITIS_LOOP_28_2|  return value|
|ap_start            |   in|    1|  ap_ctrl_hs|  compute_Pipeline_VITIS_LOOP_27_1_VITIS_LOOP_28_2|  return value|
|ap_done             |  out|    1|  ap_ctrl_hs|  compute_Pipeline_VITIS_LOOP_27_1_VITIS_LOOP_28_2|  return value|
|ap_idle             |  out|    1|  ap_ctrl_hs|  compute_Pipeline_VITIS_LOOP_27_1_VITIS_LOOP_28_2|  return value|
|ap_ready            |  out|    1|  ap_ctrl_hs|  compute_Pipeline_VITIS_LOOP_27_1_VITIS_LOOP_28_2|  return value|
|stream_in_address0  |  out|   16|   ap_memory|                                         stream_in|         array|
|stream_in_ce0       |  out|    1|   ap_memory|                                         stream_in|         array|
|stream_in_q0        |   in|   24|   ap_memory|                                         stream_in|         array|
|cur_address0        |  out|   13|   ap_memory|                                               cur|         array|
|cur_ce0             |  out|    1|   ap_memory|                                               cur|         array|
|cur_we0             |  out|    1|   ap_memory|                                               cur|         array|
|cur_d0              |  out|   24|   ap_memory|                                               cur|         array|
|cur_1_address0      |  out|   13|   ap_memory|                                             cur_1|         array|
|cur_1_ce0           |  out|    1|   ap_memory|                                             cur_1|         array|
|cur_1_we0           |  out|    1|   ap_memory|                                             cur_1|         array|
|cur_1_d0            |  out|   24|   ap_memory|                                             cur_1|         array|
|cur_2_address0      |  out|   13|   ap_memory|                                             cur_2|         array|
|cur_2_ce0           |  out|    1|   ap_memory|                                             cur_2|         array|
|cur_2_we0           |  out|    1|   ap_memory|                                             cur_2|         array|
|cur_2_d0            |  out|   24|   ap_memory|                                             cur_2|         array|
|cur_3_address0      |  out|   13|   ap_memory|                                             cur_3|         array|
|cur_3_ce0           |  out|    1|   ap_memory|                                             cur_3|         array|
|cur_3_we0           |  out|    1|   ap_memory|                                             cur_3|         array|
|cur_3_d0            |  out|   24|   ap_memory|                                             cur_3|         array|
|cur_4_address0      |  out|   13|   ap_memory|                                             cur_4|         array|
|cur_4_ce0           |  out|    1|   ap_memory|                                             cur_4|         array|
|cur_4_we0           |  out|    1|   ap_memory|                                             cur_4|         array|
|cur_4_d0            |  out|   24|   ap_memory|                                             cur_4|         array|
|cur_5_address0      |  out|   13|   ap_memory|                                             cur_5|         array|
|cur_5_ce0           |  out|    1|   ap_memory|                                             cur_5|         array|
|cur_5_we0           |  out|    1|   ap_memory|                                             cur_5|         array|
|cur_5_d0            |  out|   24|   ap_memory|                                             cur_5|         array|
|cur_6_address0      |  out|   13|   ap_memory|                                             cur_6|         array|
|cur_6_ce0           |  out|    1|   ap_memory|                                             cur_6|         array|
|cur_6_we0           |  out|    1|   ap_memory|                                             cur_6|         array|
|cur_6_d0            |  out|   24|   ap_memory|                                             cur_6|         array|
|cur_7_address0      |  out|   13|   ap_memory|                                             cur_7|         array|
|cur_7_ce0           |  out|    1|   ap_memory|                                             cur_7|         array|
|cur_7_we0           |  out|    1|   ap_memory|                                             cur_7|         array|
|cur_7_d0            |  out|   24|   ap_memory|                                             cur_7|         array|
|cur_8_address0      |  out|   13|   ap_memory|                                             cur_8|         array|
|cur_8_ce0           |  out|    1|   ap_memory|                                             cur_8|         array|
|cur_8_we0           |  out|    1|   ap_memory|                                             cur_8|         array|
|cur_8_d0            |  out|   24|   ap_memory|                                             cur_8|         array|
+--------------------+-----+-----+------------+--------------------------------------------------+--------------+

