

================================================================
== Vitis HLS Report for 'compute_Pipeline_VITIS_LOOP_50_4'
================================================================
* Date:           Fri Feb 20 12:56:41 2026

* Version:        2025.1.1 (Build 6214317 on Sep 11 2025)
* Project:        project_1
* Solution:       hls (Vivado IP Flow Target)
* Product family: zynquplus
* Target device:  xczu3eg-sbva484-1-e


================================================================
== Performance Estimates
================================================================
+ Timing: 
    * Summary: 
    +--------+----------+----------+------------+
    |  Clock |  Target  | Estimated| Uncertainty|
    +--------+----------+----------+------------+
    |ap_clk  |  10.00 ns|  3.139 ns|     2.70 ns|
    +--------+----------+----------+------------+

+ Latency: 
    * Summary: 
    +---------+---------+----------+----------+-----+-----+------------------------------------------------+
    |  Latency (cycles) |  Latency (absolute) |  Interval |                    Pipeline                    |
    |   min   |   max   |    min   |    max   | min | max |                      Type                      |
    +---------+---------+----------+----------+-----+-----+------------------------------------------------+
    |      258|      258|  2.580 us|  2.580 us|  257|  257|  loop auto-rewind stp (delay=0 clock cycles(s))|
    +---------+---------+----------+----------+-----+-----+------------------------------------------------+

    + Detail: 
        * Instance: 
        N/A

        * Loop: 
        +-------------------+---------+---------+----------+-----------+-----------+------+----------+
        |                   |  Latency (cycles) | Iteration|  Initiation Interval  | Trip |          |
        |     Loop Name     |   min   |   max   |  Latency |  achieved |   target  | Count| Pipelined|
        +-------------------+---------+---------+----------+-----------+-----------+------+----------+
        |- VITIS_LOOP_50_4  |      256|      256|         2|          1|          1|   256|       yes|
        +-------------------+---------+---------+----------+-----------+-----------+------+----------+



================================================================
== Utilization Estimates
================================================================
* Summary: 
+-----------------+---------+-----+--------+-------+-----+
|       Name      | BRAM_18K| DSP |   FF   |  LUT  | URAM|
+-----------------+---------+-----+--------+-------+-----+
|DSP              |        -|    -|       -|      -|    -|
|Expression       |        -|    -|       0|     83|    -|
|FIFO             |        -|    -|       -|      -|    -|
|Instance         |        -|    -|       -|      -|    -|
|Memory           |        -|    -|       -|      -|    -|
|Multiplexer      |        -|    -|       0|     36|    -|
|Register         |        -|    -|      27|      -|    -|
+-----------------+---------+-----+--------+-------+-----+
|Total            |        0|    0|      27|    119|    0|
+-----------------+---------+-----+--------+-------+-----+
|Available        |      432|  360|  141120|  70560|    0|
+-----------------+---------+-----+--------+-------+-----+
|Utilization (%)  |        0|    0|      ~0|     ~0|    0|
+-----------------+---------+-----+--------+-------+-----+

+ Detail: 
    * Instance: 
    N/A

    * DSP: 
    N/A

    * Memory: 
    N/A

    * FIFO: 
    N/A

    * Expression: 
    +-----------------------+----------+----+---+----+------------+------------+
    |     Variable Name     | Operation| DSP| FF| LUT| Bitwidth P0| Bitwidth P1|
    +-----------------------+----------+----+---+----+------------+------------+
    |add_ln50_fu_180_p2     |         +|   0|  0|  16|           9|           1|
    |icmp_ln50_fu_174_p2    |      icmp|   0|  0|  17|           9|          10|
    |select_ln52_fu_269_p3  |    select|   0|  0|  24|           1|          24|
    |select_ln53_fu_278_p3  |    select|   0|  0|  24|           1|          24|
    |ap_enable_pp0          |       xor|   0|  0|   2|           1|           2|
    +-----------------------+----------+----+---+----+------------+------------+
    |Total                  |          |   0|  0|  83|          21|          61|
    +-----------------------+----------+----+---+----+------------+------------+

    * Multiplexer: 
    +-------------------------+----+-----------+-----+-----------+
    |           Name          | LUT| Input Size| Bits| Total Bits|
    +-------------------------+----+-----------+-----+-----------+
    |ap_done_int              |   9|          2|    1|          2|
    |ap_enable_reg_pp0_iter1  |   9|          2|    1|          2|
    |ap_sig_allocacmp_j_1     |   9|          2|    9|         18|
    |j_fu_50                  |   9|          2|    9|         18|
    +-------------------------+----+-----------+-----+-----------+
    |Total                    |  36|          8|   20|         40|
    +-------------------------+----+-----------+-----+-----------+

    * Register: 
    +-------------------------+---+----+-----+-----------+
    |           Name          | FF| LUT| Bits| Const Bits|
    +-------------------------+---+----+-----+-----------+
    |ap_CS_fsm                |  1|   0|    1|          0|
    |ap_done_reg              |  1|   0|    1|          0|
    |ap_enable_reg_pp0_iter1  |  1|   0|    1|          0|
    |j_fu_50                  |  9|   0|    9|          0|
    |lshr_ln2_reg_309         |  7|   0|    7|          0|
    |trunc_ln50_reg_303       |  1|   0|    1|          0|
    |zext_ln50_reg_314        |  7|   0|    8|          1|
    +-------------------------+---+----+-----+-----------+
    |Total                    | 27|   0|   28|          1|
    +-------------------------+---+----+-----+-----------+



================================================================
== Interface
================================================================
* Summary: 
+-------------------+-----+-----+------------+----------------------------------+--------------+
|     RTL Ports     | Dir | Bits|  Protocol  |           Source Object          |    C Type    |
+-------------------+-----+-----+------------+----------------------------------+--------------+
|ap_clk             |   in|    1|  ap_ctrl_hs|  compute_Pipeline_VITIS_LOOP_50_4|  return value|
|ap_rst             |   in|    1|  ap_ctrl_hs|  compute_Pipeline_VITIS_LOOP_50_4|  return value|
|ap_start           |   in|    1|  ap_ctrl_hs|  compute_Pipeline_VITIS_LOOP_50_4|  return value|
|ap_done            |  out|    1|  ap_ctrl_hs|  compute_Pipeline_VITIS_LOOP_50_4|  return value|
|ap_idle            |  out|    1|  ap_ctrl_hs|  compute_Pipeline_VITIS_LOOP_50_4|  return value|
|ap_ready           |  out|    1|  ap_ctrl_hs|  compute_Pipeline_VITIS_LOOP_50_4|  return value|
|empty_38           |   in|    1|     ap_none|                          empty_38|        scalar|
|buffer_r_address0  |  out|   15|   ap_memory|                          buffer_r|         array|
|buffer_r_ce0       |  out|    1|   ap_memory|                          buffer_r|         array|
|buffer_r_we0       |  out|    1|   ap_memory|                          buffer_r|         array|
|buffer_r_d0        |  out|   24|   ap_memory|                          buffer_r|         array|
|buffer_r_address1  |  out|   15|   ap_memory|                          buffer_r|         array|
|buffer_r_ce1       |  out|    1|   ap_memory|                          buffer_r|         array|
|buffer_r_q1        |   in|   24|   ap_memory|                          buffer_r|         array|
|empty              |   in|    1|     ap_none|                             empty|        scalar|
|buffer_1_address0  |  out|   15|   ap_memory|                          buffer_1|         array|
|buffer_1_ce0       |  out|    1|   ap_memory|                          buffer_1|         array|
|buffer_1_we0       |  out|    1|   ap_memory|                          buffer_1|         array|
|buffer_1_d0        |  out|   24|   ap_memory|                          buffer_1|         array|
|buffer_1_address1  |  out|   15|   ap_memory|                          buffer_1|         array|
|buffer_1_ce1       |  out|    1|   ap_memory|                          buffer_1|         array|
|buffer_1_q1        |   in|   24|   ap_memory|                          buffer_1|         array|
|buffer_2_address0  |  out|   15|   ap_memory|                          buffer_2|         array|
|buffer_2_ce0       |  out|    1|   ap_memory|                          buffer_2|         array|
|buffer_2_we0       |  out|    1|   ap_memory|                          buffer_2|         array|
|buffer_2_d0        |  out|   24|   ap_memory|                          buffer_2|         array|
|buffer_2_address1  |  out|   15|   ap_memory|                          buffer_2|         array|
|buffer_2_ce1       |  out|    1|   ap_memory|                          buffer_2|         array|
|buffer_2_q1        |   in|   24|   ap_memory|                          buffer_2|         array|
|buffer_3_address0  |  out|   15|   ap_memory|                          buffer_3|         array|
|buffer_3_ce0       |  out|    1|   ap_memory|                          buffer_3|         array|
|buffer_3_we0       |  out|    1|   ap_memory|                          buffer_3|         array|
|buffer_3_d0        |  out|   24|   ap_memory|                          buffer_3|         array|
|buffer_3_address1  |  out|   15|   ap_memory|                          buffer_3|         array|
|buffer_3_ce1       |  out|    1|   ap_memory|                          buffer_3|         array|
|buffer_3_q1        |   in|   24|   ap_memory|                          buffer_3|         array|
+-------------------+-----+-----+------------+----------------------------------+--------------+

