

================================================================
== Vitis HLS Report for 'compute_Pipeline_VITIS_LOOP_42_5'
================================================================
* Date:           Thu Feb 19 22:36:35 2026

* Version:        2025.1.1 (Build 6214317 on Sep 11 2025)
* Project:        project_1
* Solution:       hls (Vivado IP Flow Target)
* Product family: zynquplus
* Target device:  xczu3eg-sbva484-1-e


================================================================
== Performance Estimates
================================================================
+ Timing: 
    * Summary: 
    +--------+----------+----------+------------+
    |  Clock |  Target  | Estimated| Uncertainty|
    +--------+----------+----------+------------+
    |ap_clk  |  10.00 ns|  6.501 ns|     2.70 ns|
    +--------+----------+----------+------------+

+ Latency: 
    * Summary: 
    +---------+---------+----------+----------+-----+-----+------------------------------------------------+
    |  Latency (cycles) |  Latency (absolute) |  Interval |                    Pipeline                    |
    |   min   |   max   |    min   |    max   | min | max |                      Type                      |
    +---------+---------+----------+----------+-----+-----+------------------------------------------------+
    |      259|      259|  2.590 us|  2.590 us|  257|  257|  loop auto-rewind stp (delay=0 clock cycles(s))|
    +---------+---------+----------+----------+-----+-----+------------------------------------------------+

    + Detail: 
        * Instance: 
        N/A

        * Loop: 
        +-------------------+---------+---------+----------+-----------+-----------+------+----------+
        |                   |  Latency (cycles) | Iteration|  Initiation Interval  | Trip |          |
        |     Loop Name     |   min   |   max   |  Latency |  achieved |   target  | Count| Pipelined|
        +-------------------+---------+---------+----------+-----------+-----------+------+----------+
        |- VITIS_LOOP_42_5  |      257|      257|         3|          1|          1|   256|       yes|
        +-------------------+---------+---------+----------+-----------+-----------+------+----------+



================================================================
== Utilization Estimates
================================================================
* Summary: 
+-----------------+---------+-----+--------+-------+-----+
|       Name      | BRAM_18K| DSP |   FF   |  LUT  | URAM|
+-----------------+---------+-----+--------+-------+-----+
|DSP              |        -|    -|       -|      -|    -|
|Expression       |        -|    -|       0|     95|    -|
|FIFO             |        -|    -|       -|      -|    -|
|Instance         |        -|    0|       0|    120|    -|
|Memory           |        -|    -|       -|      -|    -|
|Multiplexer      |        -|    -|       0|     45|    -|
|Register         |        -|    -|      54|      -|    -|
+-----------------+---------+-----+--------+-------+-----+
|Total            |        0|    0|      54|    260|    0|
+-----------------+---------+-----+--------+-------+-----+
|Available        |      432|  360|  141120|  70560|    0|
+-----------------+---------+-----+--------+-------+-----+
|Utilization (%)  |        0|    0|      ~0|     ~0|    0|
+-----------------+---------+-----+--------+-------+-----+

+ Detail: 
    * Instance: 
    +--------------------------+----------------------+---------+----+---+----+-----+
    |         Instance         |        Module        | BRAM_18K| DSP| FF| LUT| URAM|
    +--------------------------+----------------------+---------+----+---+----+-----+
    |mul_7ns_8ns_14_1_1_U34    |mul_7ns_8ns_14_1_1    |        0|   0|  0|  40|    0|
    |mul_8ns_10ns_17_1_1_U33   |mul_8ns_10ns_17_1_1   |        0|   0|  0|  62|    0|
    |sparsemux_7_2_24_1_1_U35  |sparsemux_7_2_24_1_1  |        0|   0|  0|   9|    0|
    |sparsemux_7_2_24_1_1_U36  |sparsemux_7_2_24_1_1  |        0|   0|  0|   9|    0|
    +--------------------------+----------------------+---------+----+---+----+-----+
    |Total                     |                      |        0|   0|  0| 120|    0|
    +--------------------------+----------------------+---------+----+---+----+-----+

    * DSP: 
    N/A

    * Memory: 
    N/A

    * FIFO: 
    N/A

    * Expression: 
    +-----------------------+----------+----+---+----+------------+------------+
    |     Variable Name     | Operation| DSP| FF| LUT| Bitwidth P0| Bitwidth P1|
    +-----------------------+----------+----+---+----+------------+------------+
    |add_ln42_fu_189_p2     |         +|   0|  0|  16|           9|           1|
    |add_ln44_fu_248_p2     |         +|   0|  0|  16|           9|           1|
    |add_ln45_fu_280_p2     |         +|   0|  0|  20|          13|           7|
    |icmp_ln42_fu_183_p2    |      icmp|   0|  0|  17|           9|          10|
    |icmp_ln44_fu_254_p2    |      icmp|   0|  0|  16|           9|           2|
    |select_ln44_fu_260_p3  |    select|   0|  0|   8|           1|           1|
    |ap_enable_pp0          |       xor|   0|  0|   2|           1|           2|
    +-----------------------+----------+----+---+----+------------+------------+
    |Total                  |          |   0|  0|  95|          51|          24|
    +-----------------------+----------+----+---+----+------------+------------+

    * Multiplexer: 
    +-------------------------+----+-----------+-----+-----------+
    |           Name          | LUT| Input Size| Bits| Total Bits|
    +-------------------------+----+-----------+-----+-----------+
    |ap_done_int              |   9|          2|    1|          2|
    |ap_enable_reg_pp0_iter1  |   9|          2|    1|          2|
    |ap_sig_allocacmp_i_2     |   9|          2|    9|         18|
    |i_fu_66                  |   9|          2|    9|         18|
    |phi_urem37_fu_62         |   9|          2|    9|         18|
    +-------------------------+----+-----------+-----+-----------+
    |Total                    |  45|         10|   29|         58|
    +-------------------------+----+-----------+-----+-----------+

    * Register: 
    +----------------------------------+----+----+-----+-----------+
    |               Name               | FF | LUT| Bits| Const Bits|
    +----------------------------------+----+----+-----+-----------+
    |ap_CS_fsm                         |   1|   0|    1|          0|
    |ap_done_reg                       |   1|   0|    1|          0|
    |ap_enable_reg_pp0_iter1           |   1|   0|    1|          0|
    |ap_enable_reg_pp0_iter2           |   1|   0|    1|          0|
    |ap_loop_exit_ready_pp0_iter1_reg  |   1|   0|    1|          0|
    |i_fu_66                           |   9|   0|    9|          0|
    |phi_urem37_fu_62                  |   9|   0|    9|          0|
    |trunc_ln42_1_reg_413              |   2|   0|    2|          0|
    |trunc_ln42_reg_372                |   8|   0|    8|          0|
    |trunc_ln42_reg_372_pp0_iter1_reg  |   8|   0|    8|          0|
    |trunc_ln44_reg_378                |  13|   0|   13|          0|
    +----------------------------------+----+----+-----+-----------+
    |Total                             |  54|   0|   54|          0|
    +----------------------------------+----+----+-----+-----------+



================================================================
== Interface
================================================================
* Summary: 
+----------------+-----+-----+------------+----------------------------------+--------------+
|    RTL Ports   | Dir | Bits|  Protocol  |           Source Object          |    C Type    |
+----------------+-----+-----+------------+----------------------------------+--------------+
|ap_clk          |   in|    1|  ap_ctrl_hs|  compute_Pipeline_VITIS_LOOP_42_5|  return value|
|ap_rst          |   in|    1|  ap_ctrl_hs|  compute_Pipeline_VITIS_LOOP_42_5|  return value|
|ap_start        |   in|    1|  ap_ctrl_hs|  compute_Pipeline_VITIS_LOOP_42_5|  return value|
|ap_done         |  out|    1|  ap_ctrl_hs|  compute_Pipeline_VITIS_LOOP_42_5|  return value|
|ap_idle         |  out|    1|  ap_ctrl_hs|  compute_Pipeline_VITIS_LOOP_42_5|  return value|
|ap_ready        |  out|    1|  ap_ctrl_hs|  compute_Pipeline_VITIS_LOOP_42_5|  return value|
|nxt_address0    |  out|   16|   ap_memory|                               nxt|         array|
|nxt_ce0         |  out|    1|   ap_memory|                               nxt|         array|
|nxt_we0         |  out|    1|   ap_memory|                               nxt|         array|
|nxt_d0          |  out|   24|   ap_memory|                               nxt|         array|
|nxt_address1    |  out|   16|   ap_memory|                               nxt|         array|
|nxt_ce1         |  out|    1|   ap_memory|                               nxt|         array|
|nxt_we1         |  out|    1|   ap_memory|                               nxt|         array|
|nxt_d1          |  out|   24|   ap_memory|                               nxt|         array|
|cur_address0    |  out|   13|   ap_memory|                               cur|         array|
|cur_ce0         |  out|    1|   ap_memory|                               cur|         array|
|cur_q0          |   in|   24|   ap_memory|                               cur|         array|
|cur_address1    |  out|   13|   ap_memory|                               cur|         array|
|cur_ce1         |  out|    1|   ap_memory|                               cur|         array|
|cur_q1          |   in|   24|   ap_memory|                               cur|         array|
|cur_3_address0  |  out|   13|   ap_memory|                             cur_3|         array|
|cur_3_ce0       |  out|    1|   ap_memory|                             cur_3|         array|
|cur_3_q0        |   in|   24|   ap_memory|                             cur_3|         array|
|cur_3_address1  |  out|   13|   ap_memory|                             cur_3|         array|
|cur_3_ce1       |  out|    1|   ap_memory|                             cur_3|         array|
|cur_3_q1        |   in|   24|   ap_memory|                             cur_3|         array|
|cur_6_address0  |  out|   13|   ap_memory|                             cur_6|         array|
|cur_6_ce0       |  out|    1|   ap_memory|                             cur_6|         array|
|cur_6_q0        |   in|   24|   ap_memory|                             cur_6|         array|
|cur_6_address1  |  out|   13|   ap_memory|                             cur_6|         array|
|cur_6_ce1       |  out|    1|   ap_memory|                             cur_6|         array|
|cur_6_q1        |   in|   24|   ap_memory|                             cur_6|         array|
+----------------+-----+-----+------------+----------------------------------+--------------+

