

================================================================
== Vitis HLS Report for 'compute_Pipeline_VITIS_LOOP_46_4'
================================================================
* Date:           Fri Feb 20 11:31:00 2026

* Version:        2025.1.1 (Build 6214317 on Sep 11 2025)
* Project:        project_1
* Solution:       hls (Vivado IP Flow Target)
* Product family: zynquplus
* Target device:  xczu3eg-sbva484-1-e


================================================================
== Performance Estimates
================================================================
+ Timing: 
    * Summary: 
    +--------+----------+----------+------------+
    |  Clock |  Target  | Estimated| Uncertainty|
    +--------+----------+----------+------------+
    |ap_clk  |  10.00 ns|  2.704 ns|     2.70 ns|
    +--------+----------+----------+------------+

+ Latency: 
    * Summary: 
    +---------+---------+----------+----------+-----+-----+------------------------------------------------+
    |  Latency (cycles) |  Latency (absolute) |  Interval |                    Pipeline                    |
    |   min   |   max   |    min   |    max   | min | max |                      Type                      |
    +---------+---------+----------+----------+-----+-----+------------------------------------------------+
    |      258|      258|  2.580 us|  2.580 us|  257|  257|  loop auto-rewind stp (delay=0 clock cycles(s))|
    +---------+---------+----------+----------+-----+-----+------------------------------------------------+

    + Detail: 
        * Instance: 
        N/A

        * Loop: 
        +-------------------+---------+---------+----------+-----------+-----------+------+----------+
        |                   |  Latency (cycles) | Iteration|  Initiation Interval  | Trip |          |
        |     Loop Name     |   min   |   max   |  Latency |  achieved |   target  | Count| Pipelined|
        +-------------------+---------+---------+----------+-----------+-----------+------+----------+
        |- VITIS_LOOP_46_4  |      256|      256|         2|          1|          1|   256|       yes|
        +-------------------+---------+---------+----------+-----------+-----------+------+----------+



================================================================
== Utilization Estimates
================================================================
* Summary: 
+-----------------+---------+-----+--------+-------+-----+
|       Name      | BRAM_18K| DSP |   FF   |  LUT  | URAM|
+-----------------+---------+-----+--------+-------+-----+
|DSP              |        -|    -|       -|      -|    -|
|Expression       |        -|    -|       0|     35|    -|
|FIFO             |        -|    -|       -|      -|    -|
|Instance         |        -|    -|       -|      -|    -|
|Memory           |        -|    -|       -|      -|    -|
|Multiplexer      |        -|    -|       0|     36|    -|
|Register         |        -|    -|      29|      -|    -|
+-----------------+---------+-----+--------+-------+-----+
|Total            |        0|    0|      29|     71|    0|
+-----------------+---------+-----+--------+-------+-----+
|Available        |      432|  360|  141120|  70560|    0|
+-----------------+---------+-----+--------+-------+-----+
|Utilization (%)  |        0|    0|      ~0|     ~0|    0|
+-----------------+---------+-----+--------+-------+-----+

+ Detail: 
    * Instance: 
    N/A

    * DSP: 
    N/A

    * Memory: 
    N/A

    * FIFO: 
    N/A

    * Expression: 
    +--------------------+----------+----+---+----+------------+------------+
    |    Variable Name   | Operation| DSP| FF| LUT| Bitwidth P0| Bitwidth P1|
    +--------------------+----------+----+---+----+------------+------------+
    |add_ln46_fu_102_p2  |         +|   0|  0|  16|           9|           1|
    |icmp_ln46_fu_96_p2  |      icmp|   0|  0|  17|           9|          10|
    |ap_enable_pp0       |       xor|   0|  0|   2|           1|           2|
    +--------------------+----------+----+---+----+------------+------------+
    |Total               |          |   0|  0|  35|          19|          13|
    +--------------------+----------+----+---+----+------------+------------+

    * Multiplexer: 
    +-------------------------+----+-----------+-----+-----------+
    |           Name          | LUT| Input Size| Bits| Total Bits|
    +-------------------------+----+-----------+-----+-----------+
    |ap_done_int              |   9|          2|    1|          2|
    |ap_enable_reg_pp0_iter1  |   9|          2|    1|          2|
    |ap_sig_allocacmp_j_1     |   9|          2|    9|         18|
    |j_fu_32                  |   9|          2|    9|         18|
    +-------------------------+----+-----------+-----+-----------+
    |Total                    |  36|          8|   20|         40|
    +-------------------------+----+-----------+-----+-----------+

    * Register: 
    +-------------------------+---+----+-----+-----------+
    |           Name          | FF| LUT| Bits| Const Bits|
    +-------------------------+---+----+-----+-----------+
    |ap_CS_fsm                |  1|   0|    1|          0|
    |ap_done_reg              |  1|   0|    1|          0|
    |ap_enable_reg_pp0_iter1  |  1|   0|    1|          0|
    |j_fu_32                  |  9|   0|    9|          0|
    |zext_ln46_reg_149        |  9|   0|   64|         55|
    |zext_ln49_reg_159        |  8|   0|   64|         56|
    +-------------------------+---+----+-----+-----------+
    |Total                    | 29|   0|  140|        111|
    +-------------------------+---+----+-----+-----------+



================================================================
== Interface
================================================================
* Summary: 
+--------------+-----+-----+------------+----------------------------------+--------------+
|   RTL Ports  | Dir | Bits|  Protocol  |           Source Object          |    C Type    |
+--------------+-----+-----+------------+----------------------------------+--------------+
|ap_clk        |   in|    1|  ap_ctrl_hs|  compute_Pipeline_VITIS_LOOP_46_4|  return value|
|ap_rst        |   in|    1|  ap_ctrl_hs|  compute_Pipeline_VITIS_LOOP_46_4|  return value|
|ap_start      |   in|    1|  ap_ctrl_hs|  compute_Pipeline_VITIS_LOOP_46_4|  return value|
|ap_done       |  out|    1|  ap_ctrl_hs|  compute_Pipeline_VITIS_LOOP_46_4|  return value|
|ap_idle       |  out|    1|  ap_ctrl_hs|  compute_Pipeline_VITIS_LOOP_46_4|  return value|
|ap_ready      |  out|    1|  ap_ctrl_hs|  compute_Pipeline_VITIS_LOOP_46_4|  return value|
|cur_address0  |  out|   16|   ap_memory|                               cur|         array|
|cur_ce0       |  out|    1|   ap_memory|                               cur|         array|
|cur_q0        |   in|   24|   ap_memory|                               cur|         array|
|cur_address1  |  out|   16|   ap_memory|                               cur|         array|
|cur_ce1       |  out|    1|   ap_memory|                               cur|         array|
|cur_q1        |   in|   24|   ap_memory|                               cur|         array|
|nxt_address0  |  out|   16|   ap_memory|                               nxt|         array|
|nxt_ce0       |  out|    1|   ap_memory|                               nxt|         array|
|nxt_we0       |  out|    1|   ap_memory|                               nxt|         array|
|nxt_d0        |  out|   24|   ap_memory|                               nxt|         array|
|nxt_address1  |  out|   16|   ap_memory|                               nxt|         array|
|nxt_ce1       |  out|    1|   ap_memory|                               nxt|         array|
|nxt_we1       |  out|    1|   ap_memory|                               nxt|         array|
|nxt_d1        |  out|   24|   ap_memory|                               nxt|         array|
+--------------+-----+-----+------------+----------------------------------+--------------+

