

================================================================
== Vitis HLS Report for 'compute_Pipeline_VITIS_LOOP_115_11_VITIS_LOOP_116_12'
================================================================
* Date:           Fri Feb 20 11:31:01 2026

* Version:        2025.1.1 (Build 6214317 on Sep 11 2025)
* Project:        project_1
* Solution:       hls (Vivado IP Flow Target)
* Product family: zynquplus
* Target device:  xczu3eg-sbva484-1-e


================================================================
== Performance Estimates
================================================================
+ Timing: 
    * Summary: 
    +--------+----------+----------+------------+
    |  Clock |  Target  | Estimated| Uncertainty|
    +--------+----------+----------+------------+
    |ap_clk  |  10.00 ns|  3.746 ns|     2.70 ns|
    +--------+----------+----------+------------+

+ Latency: 
    * Summary: 
    +---------+---------+----------+----------+-------+-------+------------------------------------------------+
    |  Latency (cycles) |  Latency (absolute) |    Interval   |                    Pipeline                    |
    |   min   |   max   |    min   |    max   |  min  |  max  |                      Type                      |
    +---------+---------+----------+----------+-------+-------+------------------------------------------------+
    |    65538|    65538|  0.655 ms|  0.655 ms|  65537|  65537|  loop auto-rewind stp (delay=0 clock cycles(s))|
    +---------+---------+----------+----------+-------+-------+------------------------------------------------+

    + Detail: 
        * Instance: 
        N/A

        * Loop: 
        +---------------------------------------+---------+---------+----------+-----------+-----------+-------+----------+
        |                                       |  Latency (cycles) | Iteration|  Initiation Interval  |  Trip |          |
        |               Loop Name               |   min   |   max   |  Latency |  achieved |   target  | Count | Pipelined|
        +---------------------------------------+---------+---------+----------+-----------+-----------+-------+----------+
        |- VITIS_LOOP_115_11_VITIS_LOOP_116_12  |    65536|    65536|         2|          1|          1|  65536|       yes|
        +---------------------------------------+---------+---------+----------+-----------+-----------+-------+----------+



================================================================
== Utilization Estimates
================================================================
* Summary: 
+-----------------+---------+-----+--------+-------+-----+
|       Name      | BRAM_18K| DSP |   FF   |  LUT  | URAM|
+-----------------+---------+-----+--------+-------+-----+
|DSP              |        -|    -|       -|      -|    -|
|Expression       |        -|    -|       0|    141|    -|
|FIFO             |        -|    -|       -|      -|    -|
|Instance         |        -|    -|       -|      -|    -|
|Memory           |        -|    -|       -|      -|    -|
|Multiplexer      |        -|    -|       0|     63|    -|
|Register         |        -|    -|      39|      -|    -|
+-----------------+---------+-----+--------+-------+-----+
|Total            |        0|    0|      39|    204|    0|
+-----------------+---------+-----+--------+-------+-----+
|Available        |      432|  360|  141120|  70560|    0|
+-----------------+---------+-----+--------+-------+-----+
|Utilization (%)  |        0|    0|      ~0|     ~0|    0|
+-----------------+---------+-----+--------+-------+-----+

+ Detail: 
    * Instance: 
    N/A

    * DSP: 
    N/A

    * Memory: 
    N/A

    * FIFO: 
    N/A

    * Expression: 
    +---------------------------+----------+----+---+----+------------+------------+
    |       Variable Name       | Operation| DSP| FF| LUT| Bitwidth P0| Bitwidth P1|
    +---------------------------+----------+----+---+----+------------+------------+
    |add_ln115_1_fu_103_p2      |         +|   0|  0|  24|          17|           1|
    |add_ln115_fu_115_p2        |         +|   0|  0|  16|           9|           1|
    |add_ln116_fu_170_p2        |         +|   0|  0|  16|           9|           1|
    |add_ln118_fu_159_p2        |         +|   0|  0|  23|          16|          16|
    |ap_block_pp0_stage0_01001  |       and|   0|  0|   2|           1|           1|
    |icmp_ln115_fu_97_p2        |      icmp|   0|  0|  25|          17|          18|
    |icmp_ln116_fu_121_p2       |      icmp|   0|  0|  17|           9|          10|
    |select_ln115_1_fu_135_p3   |    select|   0|  0|   8|           1|           9|
    |select_ln115_fu_127_p3     |    select|   0|  0|   8|           1|           1|
    |ap_enable_pp0              |       xor|   0|  0|   2|           1|           2|
    +---------------------------+----------+----+---+----+------------+------------+
    |Total                      |          |   0|  0| 141|          81|          60|
    +---------------------------+----------+----+---+----+------------+------------+

    * Multiplexer: 
    +-------------------------+----+-----------+-----+-----------+
    |           Name          | LUT| Input Size| Bits| Total Bits|
    +-------------------------+----+-----------+-----+-----------+
    |ap_done_int              |   9|          2|    1|          2|
    |ap_enable_reg_pp0_iter1  |   9|          2|    1|          2|
    |ap_enable_reg_pp0_iter2  |   9|          2|    1|          2|
    |grid_final_blk_n         |   9|          2|    1|          2|
    |i_1_fu_50                |   9|          2|    9|         18|
    |indvar_flatten20_fu_54   |   9|          2|   17|         34|
    |j_fu_46                  |   9|          2|    9|         18|
    +-------------------------+----+-----------+-----+-----------+
    |Total                    |  63|         14|   39|         78|
    +-------------------------+----+-----------+-----+-----------+

    * Register: 
    +-------------------------+----+----+-----+-----------+
    |           Name          | FF | LUT| Bits| Const Bits|
    +-------------------------+----+----+-----+-----------+
    |ap_CS_fsm                |   1|   0|    1|          0|
    |ap_done_reg              |   1|   0|    1|          0|
    |ap_enable_reg_pp0_iter1  |   1|   0|    1|          0|
    |ap_enable_reg_pp0_iter2  |   1|   0|    1|          0|
    |i_1_fu_50                |   9|   0|    9|          0|
    |indvar_flatten20_fu_54   |  17|   0|   17|          0|
    |j_fu_46                  |   9|   0|    9|          0|
    +-------------------------+----+----+-----+-----------+
    |Total                    |  39|   0|   39|          0|
    +-------------------------+----+----+-----+-----------+



================================================================
== Interface
================================================================
* Summary: 
+---------------------------+-----+-----+------------+------------------------------------------------------+--------------+
|         RTL Ports         | Dir | Bits|  Protocol  |                     Source Object                    |    C Type    |
+---------------------------+-----+-----+------------+------------------------------------------------------+--------------+
|ap_clk                     |   in|    1|  ap_ctrl_hs|  compute_Pipeline_VITIS_LOOP_115_11_VITIS_LOOP_116_12|  return value|
|ap_rst                     |   in|    1|  ap_ctrl_hs|  compute_Pipeline_VITIS_LOOP_115_11_VITIS_LOOP_116_12|  return value|
|ap_start                   |   in|    1|  ap_ctrl_hs|  compute_Pipeline_VITIS_LOOP_115_11_VITIS_LOOP_116_12|  return value|
|ap_done                    |  out|    1|  ap_ctrl_hs|  compute_Pipeline_VITIS_LOOP_115_11_VITIS_LOOP_116_12|  return value|
|ap_idle                    |  out|    1|  ap_ctrl_hs|  compute_Pipeline_VITIS_LOOP_115_11_VITIS_LOOP_116_12|  return value|
|ap_ready                   |  out|    1|  ap_ctrl_hs|  compute_Pipeline_VITIS_LOOP_115_11_VITIS_LOOP_116_12|  return value|
|grid_final_din             |  out|   24|     ap_fifo|                                            grid_final|       pointer|
|grid_final_full_n          |   in|    1|     ap_fifo|                                            grid_final|       pointer|
|grid_final_write           |  out|    1|     ap_fifo|                                            grid_final|       pointer|
|grid_final_num_data_valid  |   in|   32|     ap_fifo|                                            grid_final|       pointer|
|grid_final_fifo_cap        |   in|   32|     ap_fifo|                                            grid_final|       pointer|
|cur_address0               |  out|   16|   ap_memory|                                                   cur|         array|
|cur_ce0                    |  out|    1|   ap_memory|                                                   cur|         array|
|cur_q0                     |   in|   24|   ap_memory|                                                   cur|         array|
+---------------------------+-----+-----+------------+------------------------------------------------------+--------------+

