================================================================
== Design Size Report
================================================================

* Total Instructions per Compilation Phase
+---------------+-----------------------------+--------------+----------------------------------------------------------------------------------------+
| Phase         | Step                        | Instructions | Description                                                                            |
+---------------+-----------------------------+--------------+----------------------------------------------------------------------------------------+
| Compile/Link  |                             | 6,437        | After all functions are compiled and linked into a single design                       |
|               |                             |              |                                                                                        |
| Unroll/Inline |                             |              | After user unroll and inline pragmas are applied                                       |
|               | (1) unroll                  |   677        | user unroll pragmas are applied                                                        |
|               | (2) simplification          |   335        | simplification of applied user unroll pragmas                                          |
|               | (3) inline                  |   313        | user inline pragmas are applied                                                        |
|               | (4) simplification          |   307        | simplification of applied user inline pragmas                                          |
|               |                             |              |                                                                                        |
| Array/Struct  |                             |              | After user array partition and struct aggregate/disaggregate pragmas are applied       |
|               | (1) array partition         |   307        | user array partition pragmas are applied                                               |
|               | (2) simplification          |   307        | simplification of applied user array partition & struct aggregate/disaggregate pragmas |
|               | (3) aggregate/disaggregate  |   310        | user struct aggregate/disaggregate pragmas are applied                                 |
|               | (4) array reshape           |   313        | apply array reshape pragmas                                                            |
|               | (5) access patterns         |   321        | array access pattern optmizations                                                      |
|               |                             |              |                                                                                        |
| Performance   |                             |              | After transformations are applied to meet performance pragma targets                   |
|               | (1) loop simplification     |   319        | loop and instruction simplification                                                    |
|               | (2) parallelization         |   319        | loops are unrolled or pipelined to meet performance targets                            |
|               | (3) array partition         |   855        | arrays are partitioned to meet performance targets                                     |
|               | (4) simplification          |   723        | simplification of design after performance transformations                             |
|               |                             |              |                                                                                        |
| HW Transforms |                             |              | After hardware transfomations                                                          |
|               | (1) lowering                |   727        | initial conversion to HW specific instructions                                         |
|               | (2) optimizations           |   775        | high level synthesis optimizations                                                     |
+---------------+-----------------------------+--------------+----------------------------------------------------------------------------------------+

* Instructions per Function for each Compilation Phase
+-----------------+-------------+--------------+---------------+--------------+-------------+---------------+
| Function        | Location    | Compile/Link | Unroll/Inline | Array/Struct | Performance | HW Transforms |
+-----------------+-------------+--------------+---------------+--------------+-------------+---------------+
| + top_kernel    | top.cpp:100 | 6,437        | 307           | 321          | 723         | 775           |
|    read_input   | top.cpp:6   |   29         |  15           |  22          |  22         |  24           |
|    compute      | top.cpp:17  | 6,358        | 264           | 264          | 668         | 707           |
|    write_output | top.cpp:88  |   29         |  15           |  22          |  20         |  26           |
+-----------------+-------------+--------------+---------------+--------------+-------------+---------------+

* Design Size Message Settings
+---------------------------------------------+--------+------------------------------------------------------------------+
| Message Setting                             | Value  | Description                                                      |
+---------------------------------------------+--------+------------------------------------------------------------------+
| config_compile -design_size_maximum_warning | 100000 | Show a warning when total design instructions exceeds this value |
+---------------------------------------------+--------+------------------------------------------------------------------+


