

================================================================
== Vitis HLS Report for 'write_output'
================================================================
* Date:           Fri Feb 20 11:31:01 2026

* Version:        2025.1.1 (Build 6214317 on Sep 11 2025)
* Project:        project_1
* Solution:       hls (Vivado IP Flow Target)
* Product family: zynquplus
* Target device:  xczu3eg-sbva484-1-e


================================================================
== Performance Estimates
================================================================
+ Timing: 
    * Summary: 
    +--------+----------+----------+------------+
    |  Clock |  Target  | Estimated| Uncertainty|
    +--------+----------+----------+------------+
    |ap_clk  |  10.00 ns|  7.300 ns|     2.70 ns|
    +--------+----------+----------+------------+

+ Latency: 
    * Summary: 
    +---------+---------+----------+----------+--------+--------+---------+
    |  Latency (cycles) |  Latency (absolute) |     Interval    | Pipeline|
    |   min   |   max   |    min   |    max   |   min  |   max  |   Type  |
    +---------+---------+----------+----------+--------+--------+---------+
    |   131591|   131591|  1.316 ms|  1.316 ms|  131591|  131591|       no|
    +---------+---------+----------+----------+--------+--------+---------+

    + Detail: 
        * Instance: 
        N/A

        * Loop: 
        +---------------------+---------+---------+----------+-----------+-----------+------+----------+
        |                     |  Latency (cycles) | Iteration|  Initiation Interval  | Trip |          |
        |      Loop Name      |   min   |   max   |  Latency |  achieved |   target  | Count| Pipelined|
        +---------------------+---------+---------+----------+-----------+-----------+------+----------+
        |- VITIS_LOOP_127_1   |   131584|   131584|       514|          -|          -|   256|        no|
        | + VITIS_LOOP_128_2  |      512|      512|         2|          -|          -|   256|        no|
        +---------------------+---------+---------+----------+-----------+-----------+------+----------+



================================================================
== Utilization Estimates
================================================================
* Summary: 
+-----------------+---------+-----+--------+-------+-----+
|       Name      | BRAM_18K| DSP |   FF   |  LUT  | URAM|
+-----------------+---------+-----+--------+-------+-----+
|DSP              |        -|    -|       -|      -|    -|
|Expression       |        -|    -|       0|     70|    -|
|FIFO             |        -|    -|       -|      -|    -|
|Instance         |        -|    -|       -|      -|    -|
|Memory           |        -|    -|       -|      -|    -|
|Multiplexer      |        -|    -|       0|    131|    -|
|Register         |        -|    -|     135|      -|    -|
+-----------------+---------+-----+--------+-------+-----+
|Total            |        0|    0|     135|    201|    0|
+-----------------+---------+-----+--------+-------+-----+
|Available        |      432|  360|  141120|  70560|    0|
+-----------------+---------+-----+--------+-------+-----+
|Utilization (%)  |        0|    0|      ~0|     ~0|    0|
+-----------------+---------+-----+--------+-------+-----+

+ Detail: 
    * Instance: 
    N/A

    * DSP: 
    N/A

    * Memory: 
    N/A

    * FIFO: 
    N/A

    * Expression: 
    +----------------------+----------+----+---+----+------------+------------+
    |     Variable Name    | Operation| DSP| FF| LUT| Bitwidth P0| Bitwidth P1|
    +----------------------+----------+----+---+----+------------+------------+
    |add_ln127_fu_149_p2   |         +|   0|  0|  16|           9|           1|
    |add_ln128_fu_161_p2   |         +|   0|  0|  16|           9|           1|
    |ap_block_state4       |       and|   0|  0|   2|           1|           1|
    |icmp_ln127_fu_143_p2  |      icmp|   0|  0|  17|           9|          10|
    |icmp_ln128_fu_155_p2  |      icmp|   0|  0|  17|           9|          10|
    |ap_block_state1       |        or|   0|  0|   2|           1|           1|
    +----------------------+----------+----+---+----+------------+------------+
    |Total                 |          |   0|  0|  70|          38|          24|
    +----------------------+----------+----+---+----+------------+------------+

    * Multiplexer: 
    +------------------+----+-----------+-----+-----------+
    |       Name       | LUT| Input Size| Bits| Total Bits|
    +------------------+----+-----------+-----+-----------+
    |A_out1_blk_n      |   9|          2|    1|          2|
    |A_out_blk_n_AW    |   9|          2|    1|          2|
    |A_out_blk_n_B     |   9|          2|    1|          2|
    |A_out_blk_n_W     |   9|          2|    1|          2|
    |ap_NS_fsm         |  59|         11|    1|         11|
    |ap_done           |   9|          2|    1|          2|
    |grid_final_blk_n  |   9|          2|    1|          2|
    |i_fu_68           |   9|          2|    9|         18|
    |j_reg_104         |   9|          2|    9|         18|
    +------------------+----+-----------+-----+-----------+
    |Total             | 131|         27|   25|         59|
    +------------------+----+-----------+-----+-----------+

    * Register: 
    +-------------------------+----+----+-----+-----------+
    |           Name          | FF | LUT| Bits| Const Bits|
    +-------------------------+----+----+-----+-----------+
    |A_out_addr_reg_182       |  64|   0|   64|          0|
    |add_ln127_reg_192        |   9|   0|    9|          0|
    |add_ln128_reg_200        |   9|   0|    9|          0|
    |ap_CS_fsm                |  10|   0|   10|          0|
    |ap_done_reg              |   1|   0|    1|          0|
    |grid_final_read_reg_205  |  24|   0|   24|          0|
    |i_fu_68                  |   9|   0|    9|          0|
    |j_reg_104                |   9|   0|    9|          0|
    +-------------------------+----+----+-----+-----------+
    |Total                    | 135|   0|  135|          0|
    +-------------------------+----+----+-----+-----------+



================================================================
== Interface
================================================================
* Summary: 
+---------------------------+-----+-----+------------+--------------+--------------+
|         RTL Ports         | Dir | Bits|  Protocol  | Source Object|    C Type    |
+---------------------------+-----+-----+------------+--------------+--------------+
|ap_clk                     |   in|    1|  ap_ctrl_hs|  write_output|  return value|
|ap_rst                     |   in|    1|  ap_ctrl_hs|  write_output|  return value|
|ap_start                   |   in|    1|  ap_ctrl_hs|  write_output|  return value|
|ap_done                    |  out|    1|  ap_ctrl_hs|  write_output|  return value|
|ap_continue                |   in|    1|  ap_ctrl_hs|  write_output|  return value|
|ap_idle                    |  out|    1|  ap_ctrl_hs|  write_output|  return value|
|ap_ready                   |  out|    1|  ap_ctrl_hs|  write_output|  return value|
|grid_final_dout            |   in|   24|     ap_fifo|    grid_final|       pointer|
|grid_final_empty_n         |   in|    1|     ap_fifo|    grid_final|       pointer|
|grid_final_read            |  out|    1|     ap_fifo|    grid_final|       pointer|
|grid_final_num_data_valid  |   in|    3|     ap_fifo|    grid_final|       pointer|
|grid_final_fifo_cap        |   in|    3|     ap_fifo|    grid_final|       pointer|
|m_axi_A_out_0_AWVALID      |  out|    1|       m_axi|         A_out|       pointer|
|m_axi_A_out_0_AWREADY      |   in|    1|       m_axi|         A_out|       pointer|
|m_axi_A_out_0_AWADDR       |  out|   64|       m_axi|         A_out|       pointer|
|m_axi_A_out_0_AWID         |  out|    1|       m_axi|         A_out|       pointer|
|m_axi_A_out_0_AWLEN        |  out|   32|       m_axi|         A_out|       pointer|
|m_axi_A_out_0_AWSIZE       |  out|    3|       m_axi|         A_out|       pointer|
|m_axi_A_out_0_AWBURST      |  out|    2|       m_axi|         A_out|       pointer|
|m_axi_A_out_0_AWLOCK       |  out|    2|       m_axi|         A_out|       pointer|
|m_axi_A_out_0_AWCACHE      |  out|    4|       m_axi|         A_out|       pointer|
|m_axi_A_out_0_AWPROT       |  out|    3|       m_axi|         A_out|       pointer|
|m_axi_A_out_0_AWQOS        |  out|    4|       m_axi|         A_out|       pointer|
|m_axi_A_out_0_AWREGION     |  out|    4|       m_axi|         A_out|       pointer|
|m_axi_A_out_0_AWUSER       |  out|    1|       m_axi|         A_out|       pointer|
|m_axi_A_out_0_WVALID       |  out|    1|       m_axi|         A_out|       pointer|
|m_axi_A_out_0_WREADY       |   in|    1|       m_axi|         A_out|       pointer|
|m_axi_A_out_0_WDATA        |  out|   32|       m_axi|         A_out|       pointer|
|m_axi_A_out_0_WSTRB        |  out|    4|       m_axi|         A_out|       pointer|
|m_axi_A_out_0_WLAST        |  out|    1|       m_axi|         A_out|       pointer|
|m_axi_A_out_0_WID          |  out|    1|       m_axi|         A_out|       pointer|
|m_axi_A_out_0_WUSER        |  out|    1|       m_axi|         A_out|       pointer|
|m_axi_A_out_0_ARVALID      |  out|    1|       m_axi|         A_out|       pointer|
|m_axi_A_out_0_ARREADY      |   in|    1|       m_axi|         A_out|       pointer|
|m_axi_A_out_0_ARADDR       |  out|   64|       m_axi|         A_out|       pointer|
|m_axi_A_out_0_ARID         |  out|    1|       m_axi|         A_out|       pointer|
|m_axi_A_out_0_ARLEN        |  out|   32|       m_axi|         A_out|       pointer|
|m_axi_A_out_0_ARSIZE       |  out|    3|       m_axi|         A_out|       pointer|
|m_axi_A_out_0_ARBURST      |  out|    2|       m_axi|         A_out|       pointer|
|m_axi_A_out_0_ARLOCK       |  out|    2|       m_axi|         A_out|       pointer|
|m_axi_A_out_0_ARCACHE      |  out|    4|       m_axi|         A_out|       pointer|
|m_axi_A_out_0_ARPROT       |  out|    3|       m_axi|         A_out|       pointer|
|m_axi_A_out_0_ARQOS        |  out|    4|       m_axi|         A_out|       pointer|
|m_axi_A_out_0_ARREGION     |  out|    4|       m_axi|         A_out|       pointer|
|m_axi_A_out_0_ARUSER       |  out|    1|       m_axi|         A_out|       pointer|
|m_axi_A_out_0_RVALID       |   in|    1|       m_axi|         A_out|       pointer|
|m_axi_A_out_0_RREADY       |  out|    1|       m_axi|         A_out|       pointer|
|m_axi_A_out_0_RDATA        |   in|   32|       m_axi|         A_out|       pointer|
|m_axi_A_out_0_RLAST        |   in|    1|       m_axi|         A_out|       pointer|
|m_axi_A_out_0_RID          |   in|    1|       m_axi|         A_out|       pointer|
|m_axi_A_out_0_RFIFONUM     |   in|    9|       m_axi|         A_out|       pointer|
|m_axi_A_out_0_RUSER        |   in|    1|       m_axi|         A_out|       pointer|
|m_axi_A_out_0_RRESP        |   in|    2|       m_axi|         A_out|       pointer|
|m_axi_A_out_0_BVALID       |   in|    1|       m_axi|         A_out|       pointer|
|m_axi_A_out_0_BREADY       |  out|    1|       m_axi|         A_out|       pointer|
|m_axi_A_out_0_BRESP        |   in|    2|       m_axi|         A_out|       pointer|
|m_axi_A_out_0_BID          |   in|    1|       m_axi|         A_out|       pointer|
|m_axi_A_out_0_BUSER        |   in|    1|       m_axi|         A_out|       pointer|
|A_out1_dout                |   in|   64|     ap_fifo|        A_out1|       pointer|
|A_out1_empty_n             |   in|    1|     ap_fifo|        A_out1|       pointer|
|A_out1_read                |  out|    1|     ap_fifo|        A_out1|       pointer|
|A_out1_num_data_valid      |   in|    3|     ap_fifo|        A_out1|       pointer|
|A_out1_fifo_cap            |   in|    3|     ap_fifo|        A_out1|       pointer|
+---------------------------+-----+-----+------------+--------------+--------------+

