Tue Mar 10 16:07:05 2026: Running xcd server. This server was built by gradle.
Tue Mar 10 16:07:05 2026: Server was asked to start on port: '41193'
Tue Mar 10 16:07:05 2026: Server is using token UUID: '8723344a-9224-4c08-9fac-7009fc674f59'
Tue Mar 10 16:07:05 2026: SESSION_MGR: creating session with session uuid: '6d04a3e9-ade5-4ab9-8d63-1f78fcd2ec76' and name 'default'
Tue Mar 10 16:07:05 2026: Attempting to start server on port '41193'
Tue Mar 10 16:07:05 2026: XCD main fifo: created main fifo '/tmp/xcdmain8723344a-9224-4c08-9fac-7009fc674f59', fd read = 15
Tue Mar 10 16:07:05 2026: Running Dispatch Server
Tue Mar 10 16:07:05 2026: Version 2.2.0
Tue Mar 10 16:07:06 2026: Dispatch Server: Accepted socket connection from client
Tue Mar 10 16:07:06 2026: Starting Socket connection
Tue Mar 10 16:07:06 2026: EXCHANGE_TOKEN received, server token: 8723344a-9224-4c08-9fac-7009fc674f59, passed token: 8723344a-9224-4c08-9fac-7009fc674f59
Tue Mar 10 16:07:06 2026: SESSION_MGR: creating session with session uuid: '3a9cba9e-e0f8-4820-9011-37f03d8bceda' and name 'vitis_hls'
Tue Mar 10 16:07:06 2026: KERNEL_SVC: creating session with uuid: '3a9cba9e-e0f8-4820-9011-37f03d8bceda' and name 'vitis_hls'
Tue Mar 10 16:07:06 2026: GUIDANCE_SMGR: creating guidance session with uuid: '3a9cba9e-e0f8-4820-9011-37f03d8bceda' and name 'vitis_hls'
Tue Mar 10 16:07:38 2026: Running xcd server. This server was built by gradle.
Tue Mar 10 16:07:38 2026: Server was asked to start on port: '45213'
Tue Mar 10 16:07:38 2026: Server is using token UUID: 'b0695536-eece-4a5c-b53f-431df187703a'
Tue Mar 10 16:07:38 2026: SESSION_MGR: creating session with session uuid: '6d04a3e9-ade5-4ab9-8d63-1f78fcd2ec76' and name 'default'
Tue Mar 10 16:07:38 2026: Attempting to start server on port '45213'
Tue Mar 10 16:07:38 2026: XCD main fifo: created main fifo '/tmp/xcdmainb0695536-eece-4a5c-b53f-431df187703a', fd read = 15
Tue Mar 10 16:07:38 2026: Running Dispatch Server
Tue Mar 10 16:07:38 2026: Version 2.2.0
Tue Mar 10 16:07:42 2026: Dispatch Server: Accepted socket connection from client
Tue Mar 10 16:07:42 2026: Starting Socket connection
Tue Mar 10 16:07:42 2026: EXCHANGE_TOKEN received, server token: b0695536-eece-4a5c-b53f-431df187703a, passed token: b0695536-eece-4a5c-b53f-431df187703a
Tue Mar 10 16:07:42 2026: SESSION_MGR: creating session with session uuid: 'b4256b4e-6ab5-4863-ad9c-920865b1274a' and name 'vitis_hls'
Tue Mar 10 16:07:42 2026: KERNEL_SVC: creating session with uuid: 'b4256b4e-6ab5-4863-ad9c-920865b1274a' and name 'vitis_hls'
Tue Mar 10 16:07:42 2026: GUIDANCE_SMGR: creating guidance session with uuid: 'b4256b4e-6ab5-4863-ad9c-920865b1274a' and name 'vitis_hls'
Tue Mar 10 16:07:42 2026: STOP_SERVER received, server token: 8723344a-9224-4c08-9fac-7009fc674f59, passed token: 8723344a-9224-4c08-9fac-7009fc674f59
Tue Mar 10 16:07:42 2026: Socket received request to stop server.
Tue Mar 10 16:07:42 2026: Dispatch Server: do_await_stop
Tue Mar 10 16:07:42 2026: Dispatch Server: stopping mainFifo_
Tue Mar 10 16:07:42 2026: XCD main fifo: Stopping
Tue Mar 10 16:07:42 2026: XCD main fifo: do_read error code: Operation canceled
Tue Mar 10 16:07:42 2026: XCD main fifo: bytes_transferred: 0
Tue Mar 10 16:07:42 2026: SERVER: destructor for server bound to port 41193
Tue Mar 10 16:07:42 2026: XCD main fifo: Good unlink of /tmp/xcdmain8723344a-9224-4c08-9fac-7009fc674f59
Tue Mar 10 16:07:42 2026: Server exiting with status 0.
Tue Mar 10 16:07:42 2026: Closing log file.
Tue Mar 10 16:10:05 2026: Running xcd server. This server was built by gradle.
Tue Mar 10 16:10:05 2026: Server was asked to start on port: '38373'
Tue Mar 10 16:10:05 2026: Server is using token UUID: '450cb634-07bd-4f3a-a9b8-df1f54d5ed5a'
Tue Mar 10 16:10:05 2026: SESSION_MGR: creating session with session uuid: '6d04a3e9-ade5-4ab9-8d63-1f78fcd2ec76' and name 'default'
Tue Mar 10 16:10:05 2026: Attempting to start server on port '38373'
Tue Mar 10 16:10:05 2026: XCD main fifo: created main fifo '/tmp/xcdmain450cb634-07bd-4f3a-a9b8-df1f54d5ed5a', fd read = 15
Tue Mar 10 16:10:05 2026: Running Dispatch Server
Tue Mar 10 16:10:05 2026: Version 2.2.0
Tue Mar 10 16:10:07 2026: Dispatch Server: Accepted socket connection from client
Tue Mar 10 16:10:07 2026: Starting Socket connection
Tue Mar 10 16:10:07 2026: EXCHANGE_TOKEN received, server token: 450cb634-07bd-4f3a-a9b8-df1f54d5ed5a, passed token: 450cb634-07bd-4f3a-a9b8-df1f54d5ed5a
Tue Mar 10 16:10:07 2026: SESSION_MGR: creating session with session uuid: 'a185a5ae-953e-4c7e-b037-cc4d1117d6ea' and name 'vitis_hls'
Tue Mar 10 16:10:07 2026: KERNEL_SVC: creating session with uuid: 'a185a5ae-953e-4c7e-b037-cc4d1117d6ea' and name 'vitis_hls'
Tue Mar 10 16:10:07 2026: GUIDANCE_SMGR: creating guidance session with uuid: 'a185a5ae-953e-4c7e-b037-cc4d1117d6ea' and name 'vitis_hls'
Tue Mar 10 16:10:07 2026: STOP_SERVER received, server token: b0695536-eece-4a5c-b53f-431df187703a, passed token: b0695536-eece-4a5c-b53f-431df187703a
Tue Mar 10 16:10:07 2026: Socket received request to stop server.
Tue Mar 10 16:10:07 2026: Dispatch Server: do_await_stop
Tue Mar 10 16:10:07 2026: Dispatch Server: stopping mainFifo_
Tue Mar 10 16:10:07 2026: XCD main fifo: Stopping
Tue Mar 10 16:10:07 2026: XCD main fifo: do_read error code: Operation canceled
Tue Mar 10 16:10:07 2026: XCD main fifo: bytes_transferred: 0
Tue Mar 10 16:10:07 2026: SERVER: destructor for server bound to port 45213
Tue Mar 10 16:10:07 2026: XCD main fifo: Good unlink of /tmp/xcdmainb0695536-eece-4a5c-b53f-431df187703a
Tue Mar 10 16:10:07 2026: Server exiting with status 0.
Tue Mar 10 16:10:07 2026: Closing log file.
Tue Mar 10 16:11:28 2026: Dispatch Server: Accepted socket connection from client
Tue Mar 10 16:11:28 2026: Starting Socket connection
Tue Mar 10 16:14:47 2026: Dispatch Server: Accepted socket connection from client
Tue Mar 10 16:14:47 2026: Starting Socket connection
Tue Mar 10 16:17:54 2026: Dispatch Server: Accepted socket connection from client
Tue Mar 10 16:17:54 2026: Starting Socket connection
Tue Mar 10 16:22:29 2026: STOP_SERVER received, server token: 450cb634-07bd-4f3a-a9b8-df1f54d5ed5a, passed token: 450cb634-07bd-4f3a-a9b8-df1f54d5ed5a
Tue Mar 10 16:22:29 2026: Socket received request to stop server.
Tue Mar 10 16:22:29 2026: Dispatch Server: do_await_stop
Tue Mar 10 16:22:29 2026: Dispatch Server: stopping mainFifo_
Tue Mar 10 16:22:29 2026: XCD main fifo: Stopping
Tue Mar 10 16:22:29 2026: XCD main fifo: do_read error code: Operation canceled
Tue Mar 10 16:22:29 2026: XCD main fifo: bytes_transferred: 0
Tue Mar 10 16:22:29 2026: SERVER: destructor for server bound to port 38373
Tue Mar 10 16:22:29 2026: XCD main fifo: Good unlink of /tmp/xcdmain450cb634-07bd-4f3a-a9b8-df1f54d5ed5a
Tue Mar 10 16:22:29 2026: Server exiting with status 0.
Tue Mar 10 16:22:29 2026: Closing log file.
