

Implementation tool: Xilinx Vivado v.2025.1.1
Project:             project_1
Solution:            hls
Device target:       xczu3eg-sbva484-1-e
Report date:         Thu Apr 09 16:42:18 EDT 2026

#=== Post-Implementation Resource usage ===
SLICE:            0
LUT:          22449
FF:           36956
DSP:            168
BRAM:           122
URAM:             0
LATCH:            0
SRL:           1476
CLB:           5185

#=== Final timing ===
CP required:                     10.000
CP achieved post-synthesis:      6.516
CP achieved post-implementation: 8.546
Timing met
