

================================================================
== Vitis HLS Report for 'K0'
================================================================
* Date:           Tue Mar 10 16:07:31 2026

* Version:        2025.1.1 (Build 6214317 on Sep 11 2025)
* Project:        project_1
* Solution:       hls (Vivado IP Flow Target)
* Product family: zynquplus
* Target device:  xczu3eg-sbva484-1-e


================================================================
== Performance Estimates
================================================================
+ Timing: 
    * Summary: 
    +--------+----------+----------+------------+
    |  Clock |  Target  | Estimated| Uncertainty|
    +--------+----------+----------+------------+
    |ap_clk  |  10.00 ns|  7.300 ns|     2.70 ns|
    +--------+----------+----------+------------+

+ Latency: 
    * Summary: 
    +---------+---------+----------+----------+-------+-------+------------------------------------------------+
    |  Latency (cycles) |  Latency (absolute) |    Interval   |                    Pipeline                    |
    |   min   |   max   |    min   |    max   |  min  |  max  |                      Type                      |
    +---------+---------+----------+----------+-------+-------+------------------------------------------------+
    |    65547|    65547|  0.655 ms|  0.655 ms|  65536|  65536|  loop auto-rewind stp (delay=0 clock cycles(s))|
    +---------+---------+----------+----------+-------+-------+------------------------------------------------+

    + Detail: 
        * Instance: 
        N/A

        * Loop: 
        +-------------------+---------+---------+----------+-----------+-----------+-------+----------+
        |                   |  Latency (cycles) | Iteration|  Initiation Interval  |  Trip |          |
        |     Loop Name     |   min   |   max   |  Latency |  achieved |   target  | Count | Pipelined|
        +-------------------+---------+---------+----------+-----------+-----------+-------+----------+
        |- VITIS_LOOP_29_1  |    65545|    65545|        11|          1|          1|  65536|       yes|
        +-------------------+---------+---------+----------+-----------+-----------+-------+----------+



================================================================
== Utilization Estimates
================================================================
* Summary: 
+-----------------+---------+-----+--------+-------+-----+
|       Name      | BRAM_18K| DSP |   FF   |  LUT  | URAM|
+-----------------+---------+-----+--------+-------+-----+
|DSP              |        -|    -|       -|      -|    -|
|Expression       |        -|    -|       0|    289|    -|
|FIFO             |        -|    -|       -|      -|    -|
|Instance         |        -|    -|       -|      -|    -|
|Memory           |        -|    -|       -|      -|    -|
|Multiplexer      |        -|    -|       0|     81|    -|
|Register         |        -|    -|     136|      -|    -|
+-----------------+---------+-----+--------+-------+-----+
|Total            |        0|    0|     136|    370|    0|
+-----------------+---------+-----+--------+-------+-----+
|Available        |      432|  360|  141120|  70560|    0|
+-----------------+---------+-----+--------+-------+-----+
|Utilization (%)  |        0|    0|      ~0|     ~0|    0|
+-----------------+---------+-----+--------+-------+-----+

+ Detail: 
    * Instance: 
    N/A

    * DSP: 
    N/A

    * Memory: 
    N/A

    * FIFO: 
    N/A

    * Expression: 
    +-----------------------------------------+----------+----+---+----+------------+------------+
    |              Variable Name              | Operation| DSP| FF| LUT| Bitwidth P0| Bitwidth P1|
    +-----------------------------------------+----------+----+---+----+------------+------------+
    |add_ln32_1_fu_243_p2                     |         +|   0|  0|  54|          54|          46|
    |add_ln32_fu_207_p2                       |         +|   0|  0|  38|          31|          31|
    |k_fu_146_p2                              |         +|   0|  0|  23|          16|           1|
    |res_1_fu_279_p2                          |         +|   0|  0|  39|          32|          32|
    |sub_ln32_fu_237_p2                       |         -|   0|  0|  54|          54|          54|
    |and_ln32_fu_323_p2                       |       and|   0|  0|   2|           1|           1|
    |ap_block_state2_io_grp1                  |       and|   0|  0|   2|           1|           1|
    |ap_condition_261                         |       and|   0|  0|   2|           1|           1|
    |ap_condition_445                         |       and|   0|  0|   2|           1|           1|
    |icmp_ln29_fu_152_p2                      |      icmp|   0|  0|  23|          16|           2|
    |ap_block_pp0_stage0_01001_grp1           |        or|   0|  0|   2|           1|           1|
    |ap_block_pp0_stage0_11001                |        or|   0|  0|   2|           1|           1|
    |ap_block_state11_pp0_stage0_iter10_grp1  |        or|   0|  0|   2|           1|           1|
    |or_ln32_1_fu_299_p2                      |        or|   0|  0|   2|           1|           1|
    |or_ln32_fu_317_p2                        |        or|   0|  0|   2|           1|           1|
    |res_2_fu_329_p3                          |    select|   0|  0|  32|           1|          31|
    |ap_enable_pp0                            |       xor|   0|  0|   2|           1|           2|
    |xor_ln32_1_fu_305_p2                     |       xor|   0|  0|   2|           1|           1|
    |xor_ln32_2_fu_311_p2                     |       xor|   0|  0|   2|           1|           2|
    |xor_ln32_fu_293_p2                       |       xor|   0|  0|   2|           1|           2|
    +-----------------------------------------+----------+----+---+----+------------+------------+
    |Total                                    |          |   0|  0| 289|         217|         213|
    +-----------------------------------------+----------+----+---+----+------------+------------+

    * Multiplexer: 
    +-----------------------------------+----+-----------+-----+-----------+
    |                Name               | LUT| Input Size| Bits| Total Bits|
    +-----------------------------------+----+-----------+-----+-----------+
    |ap_done_int                        |   9|          2|    1|          2|
    |ap_loop_exit_ready_pp0_iter10_reg  |   9|          2|    1|          2|
    |ap_sig_allocacmp_k1_load           |   9|          2|   16|         32|
    |in_r_blk_n_AR                      |   9|          2|    1|          2|
    |in_r_blk_n_R                       |   9|          2|    1|          2|
    |k1_fu_90                           |   9|          2|   16|         32|
    |real_start                         |   9|          2|    1|          2|
    |s0_to_k1_blk_n                     |   9|          2|    1|          2|
    |s0_to_k2_blk_n                     |   9|          2|    1|          2|
    +-----------------------------------+----+-----------+-----+-----------+
    |Total                              |  81|         18|   39|         78|
    +-----------------------------------+----+-----------+-----+-----------+

    * Register: 
    +-----------------------------------+----+----+-----+-----------+
    |                Name               | FF | LUT| Bits| Const Bits|
    +-----------------------------------+----+----+-----+-----------+
    |ap_CS_fsm                          |   1|   0|    1|          0|
    |ap_done_reg                        |   1|   0|    1|          0|
    |ap_enable_reg_pp0_iter1            |   1|   0|    1|          0|
    |ap_enable_reg_pp0_iter10           |   1|   0|    1|          0|
    |ap_enable_reg_pp0_iter2            |   1|   0|    1|          0|
    |ap_enable_reg_pp0_iter3            |   1|   0|    1|          0|
    |ap_enable_reg_pp0_iter4            |   1|   0|    1|          0|
    |ap_enable_reg_pp0_iter5            |   1|   0|    1|          0|
    |ap_enable_reg_pp0_iter6            |   1|   0|    1|          0|
    |ap_enable_reg_pp0_iter7            |   1|   0|    1|          0|
    |ap_enable_reg_pp0_iter8            |   1|   0|    1|          0|
    |ap_enable_reg_pp0_iter9            |   1|   0|    1|          0|
    |ap_loop_exit_ready_pp0_iter10_reg  |   1|   0|    1|          0|
    |ap_loop_exit_ready_pp0_iter1_reg   |   1|   0|    1|          0|
    |ap_loop_exit_ready_pp0_iter2_reg   |   1|   0|    1|          0|
    |ap_loop_exit_ready_pp0_iter3_reg   |   1|   0|    1|          0|
    |ap_loop_exit_ready_pp0_iter4_reg   |   1|   0|    1|          0|
    |ap_loop_exit_ready_pp0_iter5_reg   |   1|   0|    1|          0|
    |ap_loop_exit_ready_pp0_iter6_reg   |   1|   0|    1|          0|
    |ap_loop_exit_ready_pp0_iter7_reg   |   1|   0|    1|          0|
    |ap_loop_exit_ready_pp0_iter8_reg   |   1|   0|    1|          0|
    |ap_loop_exit_ready_pp0_iter9_reg   |   1|   0|    1|          0|
    |first_iter_0_reg_126               |   1|   0|    1|          0|
    |icmp_ln29_reg_351                  |   1|   0|    1|          0|
    |in_read_reg_346                    |  64|   0|   64|          0|
    |k1_fu_90                           |  16|   0|   16|          0|
    |start_once_reg                     |   1|   0|    1|          0|
    |tmp_reg_366                        |   1|   0|    1|          0|
    |trunc_ln7_reg_361                  |  30|   0|   30|          0|
    +-----------------------------------+----+----+-----+-----------+
    |Total                              | 136|   0|  136|          0|
    +-----------------------------------+----+----+-----+-----------+



================================================================
== Interface
================================================================
* Summary: 
+-------------------------+-----+-----+------------+--------------+--------------+
|        RTL Ports        | Dir | Bits|  Protocol  | Source Object|    C Type    |
+-------------------------+-----+-----+------------+--------------+--------------+
|ap_clk                   |   in|    1|  ap_ctrl_hs|            K0|  return value|
|ap_rst                   |   in|    1|  ap_ctrl_hs|            K0|  return value|
|ap_start                 |   in|    1|  ap_ctrl_hs|            K0|  return value|
|start_full_n             |   in|    1|  ap_ctrl_hs|            K0|  return value|
|ap_done                  |  out|    1|  ap_ctrl_hs|            K0|  return value|
|ap_continue              |   in|    1|  ap_ctrl_hs|            K0|  return value|
|ap_idle                  |  out|    1|  ap_ctrl_hs|            K0|  return value|
|ap_ready                 |  out|    1|  ap_ctrl_hs|            K0|  return value|
|start_out                |  out|    1|  ap_ctrl_hs|            K0|  return value|
|start_write              |  out|    1|  ap_ctrl_hs|            K0|  return value|
|m_axi_in_r_0_AWVALID     |  out|    1|       m_axi|          in_r|       pointer|
|m_axi_in_r_0_AWREADY     |   in|    1|       m_axi|          in_r|       pointer|
|m_axi_in_r_0_AWADDR      |  out|   64|       m_axi|          in_r|       pointer|
|m_axi_in_r_0_AWID        |  out|    1|       m_axi|          in_r|       pointer|
|m_axi_in_r_0_AWLEN       |  out|   32|       m_axi|          in_r|       pointer|
|m_axi_in_r_0_AWSIZE      |  out|    3|       m_axi|          in_r|       pointer|
|m_axi_in_r_0_AWBURST     |  out|    2|       m_axi|          in_r|       pointer|
|m_axi_in_r_0_AWLOCK      |  out|    2|       m_axi|          in_r|       pointer|
|m_axi_in_r_0_AWCACHE     |  out|    4|       m_axi|          in_r|       pointer|
|m_axi_in_r_0_AWPROT      |  out|    3|       m_axi|          in_r|       pointer|
|m_axi_in_r_0_AWQOS       |  out|    4|       m_axi|          in_r|       pointer|
|m_axi_in_r_0_AWREGION    |  out|    4|       m_axi|          in_r|       pointer|
|m_axi_in_r_0_AWUSER      |  out|    1|       m_axi|          in_r|       pointer|
|m_axi_in_r_0_WVALID      |  out|    1|       m_axi|          in_r|       pointer|
|m_axi_in_r_0_WREADY      |   in|    1|       m_axi|          in_r|       pointer|
|m_axi_in_r_0_WDATA       |  out|   32|       m_axi|          in_r|       pointer|
|m_axi_in_r_0_WSTRB       |  out|    4|       m_axi|          in_r|       pointer|
|m_axi_in_r_0_WLAST       |  out|    1|       m_axi|          in_r|       pointer|
|m_axi_in_r_0_WID         |  out|    1|       m_axi|          in_r|       pointer|
|m_axi_in_r_0_WUSER       |  out|    1|       m_axi|          in_r|       pointer|
|m_axi_in_r_0_ARVALID     |  out|    1|       m_axi|          in_r|       pointer|
|m_axi_in_r_0_ARREADY     |   in|    1|       m_axi|          in_r|       pointer|
|m_axi_in_r_0_ARADDR      |  out|   64|       m_axi|          in_r|       pointer|
|m_axi_in_r_0_ARID        |  out|    1|       m_axi|          in_r|       pointer|
|m_axi_in_r_0_ARLEN       |  out|   32|       m_axi|          in_r|       pointer|
|m_axi_in_r_0_ARSIZE      |  out|    3|       m_axi|          in_r|       pointer|
|m_axi_in_r_0_ARBURST     |  out|    2|       m_axi|          in_r|       pointer|
|m_axi_in_r_0_ARLOCK      |  out|    2|       m_axi|          in_r|       pointer|
|m_axi_in_r_0_ARCACHE     |  out|    4|       m_axi|          in_r|       pointer|
|m_axi_in_r_0_ARPROT      |  out|    3|       m_axi|          in_r|       pointer|
|m_axi_in_r_0_ARQOS       |  out|    4|       m_axi|          in_r|       pointer|
|m_axi_in_r_0_ARREGION    |  out|    4|       m_axi|          in_r|       pointer|
|m_axi_in_r_0_ARUSER      |  out|    1|       m_axi|          in_r|       pointer|
|m_axi_in_r_0_RVALID      |   in|    1|       m_axi|          in_r|       pointer|
|m_axi_in_r_0_RREADY      |  out|    1|       m_axi|          in_r|       pointer|
|m_axi_in_r_0_RDATA       |   in|   32|       m_axi|          in_r|       pointer|
|m_axi_in_r_0_RLAST       |   in|    1|       m_axi|          in_r|       pointer|
|m_axi_in_r_0_RID         |   in|    1|       m_axi|          in_r|       pointer|
|m_axi_in_r_0_RFIFONUM    |   in|    9|       m_axi|          in_r|       pointer|
|m_axi_in_r_0_RUSER       |   in|    1|       m_axi|          in_r|       pointer|
|m_axi_in_r_0_RRESP       |   in|    2|       m_axi|          in_r|       pointer|
|m_axi_in_r_0_BVALID      |   in|    1|       m_axi|          in_r|       pointer|
|m_axi_in_r_0_BREADY      |  out|    1|       m_axi|          in_r|       pointer|
|m_axi_in_r_0_BRESP       |   in|    2|       m_axi|          in_r|       pointer|
|m_axi_in_r_0_BID         |   in|    1|       m_axi|          in_r|       pointer|
|m_axi_in_r_0_BUSER       |   in|    1|       m_axi|          in_r|       pointer|
|s0_to_k1_din             |  out|   32|     ap_fifo|      s0_to_k1|       pointer|
|s0_to_k1_full_n          |   in|    1|     ap_fifo|      s0_to_k1|       pointer|
|s0_to_k1_write           |  out|    1|     ap_fifo|      s0_to_k1|       pointer|
|s0_to_k1_num_data_valid  |   in|    3|     ap_fifo|      s0_to_k1|       pointer|
|s0_to_k1_fifo_cap        |   in|    3|     ap_fifo|      s0_to_k1|       pointer|
|s0_to_k2_din             |  out|   32|     ap_fifo|      s0_to_k2|       pointer|
|s0_to_k2_full_n          |   in|    1|     ap_fifo|      s0_to_k2|       pointer|
|s0_to_k2_write           |  out|    1|     ap_fifo|      s0_to_k2|       pointer|
|s0_to_k2_num_data_valid  |   in|    3|     ap_fifo|      s0_to_k2|       pointer|
|s0_to_k2_fifo_cap        |   in|    3|     ap_fifo|      s0_to_k2|       pointer|
|in_r_r                   |   in|   64|     ap_none|        in_r_r|        scalar|
+-------------------------+-----+-----+------------+--------------+--------------+

