

================================================================
== Vitis HLS Report for 'K1'
================================================================
* Date:           Tue Mar 10 16:07:31 2026

* Version:        2025.1.1 (Build 6214317 on Sep 11 2025)
* Project:        project_1
* Solution:       hls (Vivado IP Flow Target)
* Product family: zynquplus
* Target device:  xczu3eg-sbva484-1-e


================================================================
== Performance Estimates
================================================================
+ Timing: 
    * Summary: 
    +--------+----------+----------+------------+
    |  Clock |  Target  | Estimated| Uncertainty|
    +--------+----------+----------+------------+
    |ap_clk  |  10.00 ns|  7.204 ns|     2.70 ns|
    +--------+----------+----------+------------+

+ Latency: 
    * Summary: 
    +---------+---------+----------+----------+-------+-------+------------------------------------------------+
    |  Latency (cycles) |  Latency (absolute) |    Interval   |                    Pipeline                    |
    |   min   |   max   |    min   |    max   |  min  |  max  |                      Type                      |
    +---------+---------+----------+----------+-------+-------+------------------------------------------------+
    |    65538|    65538|  0.655 ms|  0.655 ms|  65536|  65536|  loop auto-rewind stp (delay=0 clock cycles(s))|
    +---------+---------+----------+----------+-------+-------+------------------------------------------------+

    + Detail: 
        * Instance: 
        N/A

        * Loop: 
        +-------------------+---------+---------+----------+-----------+-----------+-------+----------+
        |                   |  Latency (cycles) | Iteration|  Initiation Interval  |  Trip |          |
        |     Loop Name     |   min   |   max   |  Latency |  achieved |   target  | Count | Pipelined|
        +-------------------+---------+---------+----------+-----------+-----------+-------+----------+
        |- VITIS_LOOP_51_1  |    65536|    65536|         2|          1|          1|  65536|       yes|
        +-------------------+---------+---------+----------+-----------+-----------+-------+----------+



================================================================
== Utilization Estimates
================================================================
* Summary: 
+-----------------+---------+-----+--------+-------+-----+
|       Name      | BRAM_18K| DSP |   FF   |  LUT  | URAM|
+-----------------+---------+-----+--------+-------+-----+
|DSP              |        -|    -|       -|      -|    -|
|Expression       |        -|    -|       0|    664|    -|
|FIFO             |        -|    -|       -|      -|    -|
|Instance         |        -|    -|       0|      9|    -|
|Memory           |        -|    -|       -|      -|    -|
|Multiplexer      |        -|    -|       0|     99|    -|
|Register         |        -|    -|     125|      -|    -|
+-----------------+---------+-----+--------+-------+-----+
|Total            |        0|    0|     125|    772|    0|
+-----------------+---------+-----+--------+-------+-----+
|Available        |      432|  360|  141120|  70560|    0|
+-----------------+---------+-----+--------+-------+-----+
|Utilization (%)  |        0|    0|      ~0|      1|    0|
+-----------------+---------+-----+--------+-------+-----+

+ Detail: 
    * Instance: 
    +-------------------------+----------------------+---------+----+---+----+-----+
    |         Instance        |        Module        | BRAM_18K| DSP| FF| LUT| URAM|
    +-------------------------+----------------------+---------+----+---+----+-----+
    |sparsemux_7_2_32_1_1_U7  |sparsemux_7_2_32_1_1  |        0|   0|  0|   9|    0|
    +-------------------------+----------------------+---------+----+---+----+-----+
    |Total                    |                      |        0|   0|  0|   9|    0|
    +-------------------------+----------------------+---------+----+---+----+-----+

    * DSP: 
    N/A

    * Memory: 
    N/A

    * FIFO: 
    N/A

    * Expression: 
    +---------------------------------------+----------+----+---+----+------------+------------+
    |             Variable Name             | Operation| DSP| FF| LUT| Bitwidth P0| Bitwidth P1|
    +---------------------------------------+----------+----+---+----+------------+------------+
    |acc_1_fu_341_p2                        |         +|   0|  0|  39|          32|          32|
    |add_ln55_1_fu_229_p2                   |         +|   0|  0|  38|          31|          31|
    |add_ln55_2_fu_273_p2                   |         +|   0|  0|  38|          31|          31|
    |add_ln55_3_fu_301_p2                   |         +|   0|  0|  62|          55|          55|
    |add_ln55_fu_189_p2                     |         +|   0|  0|  38|          31|          31|
    |k_fu_439_p2                            |         +|   0|  0|  23|          16|           1|
    |sub_ln13_fu_541_p2                     |         -|   0|  0|  40|           1|          33|
    |sub_ln55_fu_291_p2                     |         -|   0|  0|  60|          53|          53|
    |and_ln13_2_fu_593_p2                   |       and|   0|  0|   2|           1|           1|
    |and_ln13_fu_573_p2                     |       and|   0|  0|   2|           1|           1|
    |and_ln55_fu_389_p2                     |       and|   0|  0|   2|           1|           1|
    |and_ln56_1_fu_502_p2                   |       and|   0|  0|   2|           1|           1|
    |and_ln56_fu_486_p2                     |       and|   0|  0|   2|           1|           1|
    |ap_condition_123                       |       and|   0|  0|   2|           1|           1|
    |ap_condition_134                       |       and|   0|  0|   2|           1|           1|
    |icmp_ln18_fu_645_p2                    |      icmp|   0|  0|  39|          32|          29|
    |icmp_ln51_fu_445_p2                    |      icmp|   0|  0|  23|          16|           2|
    |icmp_ln56_1_fu_433_p2                  |      icmp|   0|  0|  13|           6|           1|
    |icmp_ln56_fu_427_p2                    |      icmp|   0|  0|  13|           6|           2|
    |ap_block_pp0_stage0_01001_grp1         |        or|   0|  0|   2|           1|           1|
    |ap_block_pp0_stage0_11001              |        or|   0|  0|   2|           1|           1|
    |ap_block_state1_pp0_stage0_iter0_grp1  |        or|   0|  0|   2|           1|           1|
    |or_ln17_fu_659_p2                      |        or|   0|  0|   2|           1|           1|
    |or_ln55_1_fu_365_p2                    |        or|   0|  0|   2|           1|           1|
    |or_ln55_fu_383_p2                      |        or|   0|  0|   2|           1|           1|
    |or_ln56_1_fu_497_p2                    |        or|   0|  0|   2|           1|           1|
    |or_ln56_2_fu_515_p2                    |        or|   0|  0|   2|           1|           1|
    |or_ln56_fu_477_p2                      |        or|   0|  0|   2|           1|           1|
    |acc_2_fu_395_p3                        |    select|   0|  0|  36|           1|          35|
    |select_ln17_2_fu_651_p3                |    select|   0|  0|  26|           1|           1|
    |select_ln17_fu_665_p3                  |    select|   0|  0|  28|           1|          29|
    |select_ln56_fu_507_p3                  |    select|   0|  0|  33|           1|          31|
    |x_fu_521_p3                            |    select|   0|  0|  32|           1|          32|
    |y_2_fu_613_p2                          |    select|   0|  0|  33|           1|          31|
    |ap_enable_pp0                          |       xor|   0|  0|   2|           1|           2|
    |xor_ln13_2_fu_579_p2                   |       xor|   0|  0|   2|           1|           1|
    |xor_ln13_3_fu_599_p2                   |       xor|   0|  0|   2|           1|           2|
    |xor_ln13_fu_567_p2                     |       xor|   0|  0|   2|           1|           2|
    |xor_ln55_1_fu_371_p2                   |       xor|   0|  0|   2|           1|           1|
    |xor_ln55_2_fu_377_p2                   |       xor|   0|  0|   2|           1|           2|
    |xor_ln55_fu_359_p2                     |       xor|   0|  0|   2|           1|           2|
    |xor_ln56_1_fu_492_p2                   |       xor|   0|  0|   2|           1|           2|
    |xor_ln56_fu_481_p2                     |       xor|   0|  0|   2|           1|           2|
    +---------------------------------------+----------+----+---+----+------------+------------+
    |Total                                  |          |   0|  0| 664|         341|         492|
    +---------------------------------------+----------+----+---+----+------------+------------+

    * Multiplexer: 
    +----------------------------------+----+-----------+-----+-----------+
    |               Name               | LUT| Input Size| Bits| Total Bits|
    +----------------------------------+----+-----------+-----+-----------+
    |ap_done_int                       |   9|          2|    1|          2|
    |ap_loop_exit_ready_pp0_iter1_reg  |   9|          2|    1|          2|
    |ap_sig_allocacmp_k1_load          |   9|          2|   16|         32|
    |ap_sig_allocacmp_x22_load         |   9|          2|   32|         64|
    |ap_sig_allocacmp_x2_1             |   9|          2|   32|         64|
    |k1_fu_114                         |   9|          2|   16|         32|
    |real_start                        |   9|          2|    1|          2|
    |s0_to_k1_blk_n                    |   9|          2|    1|          2|
    |s1_to_k3_blk_n                    |   9|          2|    1|          2|
    |x22_fu_118                        |   9|          2|   32|         64|
    |x2_fu_122                         |   9|          2|   32|         64|
    +----------------------------------+----+-----------+-----+-----------+
    |Total                             |  99|         22|  165|        330|
    +----------------------------------+----+-----------+-----+-----------+

    * Register: 
    +----------------------------------+----+----+-----+-----------+
    |               Name               | FF | LUT| Bits| Const Bits|
    +----------------------------------+----+----+-----+-----------+
    |acc_2_reg_699                     |  36|   0|   36|          0|
    |ap_CS_fsm                         |   1|   0|    1|          0|
    |ap_done_reg                       |   1|   0|    1|          0|
    |ap_enable_reg_pp0_iter1           |   1|   0|    1|          0|
    |ap_loop_exit_ready_pp0_iter1_reg  |   1|   0|    1|          0|
    |icmp_ln56_1_reg_721               |   1|   0|    1|          0|
    |icmp_ln56_reg_716                 |   1|   0|    1|          0|
    |k1_fu_114                         |  16|   0|   16|          0|
    |start_once_reg                    |   1|   0|    1|          0|
    |tmp_34_reg_704                    |   1|   0|    1|          0|
    |tmp_35_reg_710                    |   1|   0|    1|          0|
    |x22_fu_118                        |  32|   0|   32|          0|
    |x2_fu_122                         |  32|   0|   32|          0|
    +----------------------------------+----+----+-----+-----------+
    |Total                             | 125|   0|  125|          0|
    +----------------------------------+----+----+-----+-----------+



================================================================
== Interface
================================================================
* Summary: 
+-------------------------+-----+-----+------------+--------------+--------------+
|        RTL Ports        | Dir | Bits|  Protocol  | Source Object|    C Type    |
+-------------------------+-----+-----+------------+--------------+--------------+
|ap_clk                   |   in|    1|  ap_ctrl_hs|            K1|  return value|
|ap_rst                   |   in|    1|  ap_ctrl_hs|            K1|  return value|
|ap_start                 |   in|    1|  ap_ctrl_hs|            K1|  return value|
|start_full_n             |   in|    1|  ap_ctrl_hs|            K1|  return value|
|ap_done                  |  out|    1|  ap_ctrl_hs|            K1|  return value|
|ap_continue              |   in|    1|  ap_ctrl_hs|            K1|  return value|
|ap_idle                  |  out|    1|  ap_ctrl_hs|            K1|  return value|
|ap_ready                 |  out|    1|  ap_ctrl_hs|            K1|  return value|
|start_out                |  out|    1|  ap_ctrl_hs|            K1|  return value|
|start_write              |  out|    1|  ap_ctrl_hs|            K1|  return value|
|s0_to_k1_dout            |   in|   32|     ap_fifo|      s0_to_k1|       pointer|
|s0_to_k1_empty_n         |   in|    1|     ap_fifo|      s0_to_k1|       pointer|
|s0_to_k1_read            |  out|    1|     ap_fifo|      s0_to_k1|       pointer|
|s0_to_k1_num_data_valid  |   in|    3|     ap_fifo|      s0_to_k1|       pointer|
|s0_to_k1_fifo_cap        |   in|    3|     ap_fifo|      s0_to_k1|       pointer|
|s1_to_k3_din             |  out|   32|     ap_fifo|      s1_to_k3|       pointer|
|s1_to_k3_full_n          |   in|    1|     ap_fifo|      s1_to_k3|       pointer|
|s1_to_k3_write           |  out|    1|     ap_fifo|      s1_to_k3|       pointer|
|s1_to_k3_num_data_valid  |   in|   32|     ap_fifo|      s1_to_k3|       pointer|
|s1_to_k3_fifo_cap        |   in|   32|     ap_fifo|      s1_to_k3|       pointer|
+-------------------------+-----+-----+------------+--------------+--------------+

