

================================================================
== Vitis HLS Report for 'K2'
================================================================
* Date:           Tue Mar 10 15:12:58 2026

* Version:        2025.1.1 (Build 6214317 on Sep 11 2025)
* Project:        project_1
* Solution:       hls (Vivado IP Flow Target)
* Product family: zynquplus
* Target device:  xczu3eg-sbva484-1-e


================================================================
== Performance Estimates
================================================================
+ Timing: 
    * Summary: 
    +--------+----------+----------+------------+
    |  Clock |  Target  | Estimated| Uncertainty|
    +--------+----------+----------+------------+
    |ap_clk  |  10.00 ns|  6.478 ns|     2.70 ns|
    +--------+----------+----------+------------+

+ Latency: 
    * Summary: 
    +---------+---------+----------+----------+--------+--------+---------+
    |  Latency (cycles) |  Latency (absolute) |     Interval    | Pipeline|
    |   min   |   max   |    min   |    max   |   min  |   max  |   Type  |
    +---------+---------+----------+----------+--------+--------+---------+
    |   131841|   131841|  1.318 ms|  1.318 ms|  131841|  131841|       no|
    +---------+---------+----------+----------+--------+--------+---------+

    + Detail: 
        * Instance: 
        N/A

        * Loop: 
        +--------------------+---------+---------+----------+-----------+-----------+------+----------+
        |                    |  Latency (cycles) | Iteration|  Initiation Interval  | Trip |          |
        |      Loop Name     |   min   |   max   |  Latency |  achieved |   target  | Count| Pipelined|
        +--------------------+---------+---------+----------+-----------+-----------+------+----------+
        |- VITIS_LOOP_62_1   |   131840|   131840|       515|          -|          -|   256|        no|
        | + VITIS_LOOP_65_2  |      512|      512|         2|          -|          -|   256|        no|
        +--------------------+---------+---------+----------+-----------+-----------+------+----------+



================================================================
== Utilization Estimates
================================================================
* Summary: 
+-----------------+---------+-----+--------+-------+-----+
|       Name      | BRAM_18K| DSP |   FF   |  LUT  | URAM|
+-----------------+---------+-----+--------+-------+-----+
|DSP              |        -|    -|       -|      -|    -|
|Expression       |        -|    -|       0|    746|    -|
|FIFO             |        -|    -|       -|      -|    -|
|Instance         |        -|    -|       0|      9|    -|
|Memory           |        -|    -|       -|      -|    -|
|Multiplexer      |        -|    -|       0|     58|    -|
|Register         |        -|    -|     122|      -|    -|
+-----------------+---------+-----+--------+-------+-----+
|Total            |        0|    0|     122|    813|    0|
+-----------------+---------+-----+--------+-------+-----+
|Available        |      432|  360|  141120|  70560|    0|
+-----------------+---------+-----+--------+-------+-----+
|Utilization (%)  |        0|    0|      ~0|      1|    0|
+-----------------+---------+-----+--------+-------+-----+

+ Detail: 
    * Instance: 
    +-------------------------+----------------------+---------+----+---+----+-----+
    |         Instance        |        Module        | BRAM_18K| DSP| FF| LUT| URAM|
    +-------------------------+----------------------+---------+----+---+----+-----+
    |sparsemux_7_2_32_1_1_U8  |sparsemux_7_2_32_1_1  |        0|   0|  0|   9|    0|
    +-------------------------+----------------------+---------+----+---+----+-----+
    |Total                    |                      |        0|   0|  0|   9|    0|
    +-------------------------+----------------------+---------+----+---+----+-----+

    * DSP: 
    N/A

    * Memory: 
    N/A

    * FIFO: 
    N/A

    * Expression: 
    +-------------------------+----------+----+---+----+------------+------------+
    |      Variable Name      | Operation| DSP| FF| LUT| Bitwidth P0| Bitwidth P1|
    +-------------------------+----------+----+---+----+------------+------------+
    |add_ln62_fu_165_p2       |         +|   0|  0|  16|           9|           1|
    |add_ln65_fu_193_p2       |         +|   0|  0|  16|           9|           1|
    |add_ln66_1_fu_371_p2     |         +|   0|  0|  38|          31|          31|
    |add_ln66_2_fu_395_p2     |         +|   0|  0|  44|          37|          37|
    |add_ln66_3_fu_389_p2     |         +|   0|  0|  43|          36|          36|
    |add_ln66_fu_203_p2       |         +|   0|  0|  23|          16|          16|
    |add_ln69_fu_650_p2       |         +|   0|  0|  40|          33|          22|
    |avg_abs_1_fu_528_p2      |         +|   0|  0|  35|          28|          28|
    |sub_ln12_fu_253_p2       |         -|   0|  0|  40|           1|          33|
    |sub_ln68_1_fu_466_p2     |         -|   0|  0|  36|           1|          29|
    |sub_ln68_fu_221_p2       |         -|   0|  0|  67|           1|          60|
    |and_ln12_1_fu_305_p2     |       and|   0|  0|   2|           1|           1|
    |and_ln12_fu_285_p2       |       and|   0|  0|   2|           1|           1|
    |and_ln66_fu_427_p2       |       and|   0|  0|   2|           1|           1|
    |and_ln68_1_fu_594_p2     |       and|   0|  0|   2|           1|           1|
    |and_ln68_2_fu_600_p2     |       and|   0|  0|   2|           1|           1|
    |and_ln68_3_fu_618_p2     |       and|   0|  0|   2|           1|           1|
    |and_ln68_fu_552_p2       |       and|   0|  0|   2|           1|           1|
    |and_ln69_fu_682_p2       |       and|   0|  0|   2|           1|           1|
    |icmp_ln62_fu_159_p2      |      icmp|   0|  0|  17|           9|          10|
    |icmp_ln65_fu_187_p2      |      icmp|   0|  0|  17|           9|          10|
    |or_ln68_1_fu_632_p2      |        or|   0|  0|   2|           1|           1|
    |or_ln68_2_fu_564_p2      |        or|   0|  0|   2|           1|           1|
    |or_ln68_3_fu_606_p2      |        or|   0|  0|   2|           1|           1|
    |or_ln68_fu_588_p2        |        or|   0|  0|   2|           1|           1|
    |avg_abs_2_fu_638_p3      |    select|   0|  0|  32|           1|          32|
    |ref_tmp5_2_fu_325_p2     |    select|   0|  0|  33|           1|          31|
    |select_ln66_fu_439_p3    |    select|   0|  0|  37|           1|          35|
    |select_ln68_1_fu_624_p3  |    select|   0|  0|  33|           1|          31|
    |select_ln68_fu_486_p3    |    select|   0|  0|  28|           1|          29|
    |select_ln69_1_fu_702_p3  |    select|   0|  0|  32|           1|          32|
    |select_ln69_fu_694_p3    |    select|   0|  0|  33|           1|          31|
    |sum_abs_2_fu_447_p3      |    select|   0|  0|  36|           1|          36|
    |xor_ln12_1_fu_291_p2     |       xor|   0|  0|   2|           1|           1|
    |xor_ln12_2_fu_311_p2     |       xor|   0|  0|   2|           1|           2|
    |xor_ln12_fu_279_p2       |       xor|   0|  0|   2|           1|           2|
    |xor_ln66_1_fu_433_p2     |       xor|   0|  0|   2|           1|           1|
    |xor_ln66_fu_421_p2       |       xor|   0|  0|   2|           1|           2|
    |xor_ln68_1_fu_558_p2     |       xor|   0|  0|   2|           1|           2|
    |xor_ln68_2_fu_570_p2     |       xor|   0|  0|   2|           1|           1|
    |xor_ln68_3_fu_582_p2     |       xor|   0|  0|   2|           1|           2|
    |xor_ln68_4_fu_576_p2     |       xor|   0|  0|   2|           1|           1|
    |xor_ln68_5_fu_612_p2     |       xor|   0|  0|   2|           1|           2|
    |xor_ln68_fu_546_p2       |       xor|   0|  0|   2|           1|           2|
    |xor_ln69_1_fu_688_p2     |       xor|   0|  0|   2|           1|           1|
    |xor_ln69_fu_676_p2       |       xor|   0|  0|   2|           1|           2|
    +-------------------------+----------+----+---+----+------------+------------+
    |Total                    |          |   0|  0| 746|         253|         604|
    +-------------------------+----------+----+---+----+------------+------------+

    * Multiplexer: 
    +-----------------+----+-----------+-----+-----------+
    |       Name      | LUT| Input Size| Bits| Total Bits|
    +-----------------+----+-----------+-----+-----------+
    |ap_NS_fsm        |  31|          6|    1|          6|
    |b_fu_98          |   9|          2|    9|         18|
    |i_reg_128        |   9|          2|    9|         18|
    |sum_abs_reg_139  |   9|          2|   36|         72|
    +-----------------+----+-----------+-----+-----------+
    |Total            |  58|         12|   55|        114|
    +-----------------+----+-----------+-----+-----------+

    * Register: 
    +-------------------+----+----+-----+-----------+
    |        Name       | FF | LUT| Bits| Const Bits|
    +-------------------+----+----+-----+-----------+
    |add_ln62_reg_721   |   9|   0|    9|          0|
    |add_ln65_reg_739   |   9|   0|    9|          0|
    |ap_CS_fsm          |   5|   0|    5|          0|
    |b_fu_98            |   9|   0|    9|          0|
    |i_reg_128          |   9|   0|    9|          0|
    |shl_ln_reg_731     |   8|   0|   16|          8|
    |sum_abs_reg_139    |  36|   0|   36|          0|
    |tmp_13_reg_749     |  28|   0|   28|          0|
    |zext_ln62_reg_726  |   9|   0|   64|         55|
    +-------------------+----+----+-----+-----------+
    |Total              | 122|   0|  185|         63|
    +-------------------+----+----+-----+-----------+



================================================================
== Interface
================================================================
* Summary: 
+----------------+-----+-----+------------+--------------+--------------+
|    RTL Ports   | Dir | Bits|  Protocol  | Source Object|    C Type    |
+----------------+-----+-----+------------+--------------+--------------+
|ap_clk          |   in|    1|  ap_ctrl_hs|            K2|  return value|
|ap_rst          |   in|    1|  ap_ctrl_hs|            K2|  return value|
|ap_start        |   in|    1|  ap_ctrl_hs|            K2|  return value|
|ap_done         |  out|    1|  ap_ctrl_hs|            K2|  return value|
|ap_idle         |  out|    1|  ap_ctrl_hs|            K2|  return value|
|ap_ready        |  out|    1|  ap_ctrl_hs|            K2|  return value|
|s0_address0     |  out|   16|   ap_memory|            s0|         array|
|s0_ce0          |  out|    1|   ap_memory|            s0|         array|
|s0_q0           |   in|   32|   ap_memory|            s0|         array|
|stats_address0  |  out|    8|   ap_memory|         stats|         array|
|stats_ce0       |  out|    1|   ap_memory|         stats|         array|
|stats_we0       |  out|    1|   ap_memory|         stats|         array|
|stats_d0        |  out|   32|   ap_memory|         stats|         array|
+----------------+-----+-----+------------+--------------+--------------+

