

================================================================
== Vitis HLS Report for 'K3'
================================================================
* Date:           Tue Mar 10 16:07:31 2026

* Version:        2025.1.1 (Build 6214317 on Sep 11 2025)
* Project:        project_1
* Solution:       hls (Vivado IP Flow Target)
* Product family: zynquplus
* Target device:  xczu3eg-sbva484-1-e


================================================================
== Performance Estimates
================================================================
+ Timing: 
    * Summary: 
    +--------+----------+----------+------------+
    |  Clock |  Target  | Estimated| Uncertainty|
    +--------+----------+----------+------------+
    |ap_clk  |  10.00 ns|  6.651 ns|     2.70 ns|
    +--------+----------+----------+------------+

+ Latency: 
    * Summary: 
    +---------+---------+----------+----------+-------+-------+------------------------------------------------+
    |  Latency (cycles) |  Latency (absolute) |    Interval   |                    Pipeline                    |
    |   min   |   max   |    min   |    max   |  min  |  max  |                      Type                      |
    +---------+---------+----------+----------+-------+-------+------------------------------------------------+
    |    65594|    65594|  0.656 ms|  0.656 ms|  65536|  65536|  loop auto-rewind stp (delay=0 clock cycles(s))|
    +---------+---------+----------+----------+-------+-------+------------------------------------------------+

    + Detail: 
        * Instance: 
        N/A

        * Loop: 
        +-----------------------------------+---------+---------+----------+-----------+-----------+-------+----------+
        |                                   |  Latency (cycles) | Iteration|  Initiation Interval  |  Trip |          |
        |             Loop Name             |   min   |   max   |  Latency |  achieved |   target  | Count | Pipelined|
        +-----------------------------------+---------+---------+----------+-----------+-----------+-------+----------+
        |- VITIS_LOOP_91_1_VITIS_LOOP_96_2  |    65592|    65592|        58|          1|          1|  65536|       yes|
        +-----------------------------------+---------+---------+----------+-----------+-----------+-------+----------+



================================================================
== Utilization Estimates
================================================================
* Summary: 
+-----------------+---------+-----+--------+-------+-----+
|       Name      | BRAM_18K| DSP |   FF   |  LUT  | URAM|
+-----------------+---------+-----+--------+-------+-----+
|DSP              |        -|    -|       -|      -|    -|
|Expression       |        -|    -|       0|    529|    -|
|FIFO             |        -|    -|       -|      -|    -|
|Instance         |        -|    4|    5361|   4120|    -|
|Memory           |        -|    -|       -|      -|    -|
|Multiplexer      |        -|    -|       0|     90|    -|
|Register         |        -|    -|     271|      -|    -|
+-----------------+---------+-----+--------+-------+-----+
|Total            |        0|    4|    5632|   4739|    0|
+-----------------+---------+-----+--------+-------+-----+
|Available        |      432|  360|  141120|  70560|    0|
+-----------------+---------+-----+--------+-------+-----+
|Utilization (%)  |        0|    1|       3|      6|    0|
+-----------------+---------+-----+--------+-------+-----+

+ Detail: 
    * Instance: 
    +---------------------------+-----------------------+---------+----+------+------+-----+
    |          Instance         |         Module        | BRAM_18K| DSP|  FF  |  LUT | URAM|
    +---------------------------+-----------------------+---------+----+------+------+-----+
    |mul_34s_31s_64_1_1_U14     |mul_34s_31s_64_1_1     |        0|   4|     0|    22|    0|
    |sdiv_50ns_34s_50_54_1_U15  |sdiv_50ns_34s_50_54_1  |        0|   0|  5361|  4098|    0|
    +---------------------------+-----------------------+---------+----+------+------+-----+
    |Total                      |                       |        0|   4|  5361|  4120|    0|
    +---------------------------+-----------------------+---------+----+------+------+-----+

    * DSP: 
    N/A

    * Memory: 
    N/A

    * FIFO: 
    N/A

    * Expression: 
    +----------------------------------+----------+----+---+----+------------+------------+
    |           Variable Name          | Operation| DSP| FF| LUT| Bitwidth P0| Bitwidth P1|
    +----------------------------------+----------+----+---+----+------------+------------+
    |add_ln100_1_fu_556_p2             |         +|   0|  0|  39|          32|          32|
    |add_ln100_fu_496_p2               |         +|   0|  0|  38|          31|          31|
    |add_ln91_fu_188_p2                |         +|   0|  0|  23|          16|           1|
    |add_ln96_fu_194_p2                |         +|   0|  0|  16|           9|           1|
    |inv_st_1_fu_294_p2                |         +|   0|  0|  39|          32|          32|
    |and_ln100_1_fu_642_p2             |       and|   0|  0|   2|           1|           1|
    |and_ln100_2_fu_656_p2             |       and|   0|  0|   2|           1|           1|
    |and_ln100_3_fu_680_p2             |       and|   0|  0|   2|           1|           1|
    |and_ln100_4_fu_686_p2             |       and|   0|  0|   2|           1|           1|
    |and_ln100_5_fu_704_p2             |       and|   0|  0|   2|           1|           1|
    |and_ln100_fu_576_p2               |       and|   0|  0|   2|           1|           1|
    |and_ln94_1_fu_380_p2              |       and|   0|  0|   2|           1|           1|
    |and_ln94_2_fu_394_p2              |       and|   0|  0|   2|           1|           1|
    |and_ln94_3_fu_418_p2              |       and|   0|  0|   2|           1|           1|
    |and_ln94_4_fu_424_p2              |       and|   0|  0|   2|           1|           1|
    |and_ln94_5_fu_442_p2              |       and|   0|  0|   2|           1|           1|
    |and_ln94_fu_314_p2                |       and|   0|  0|   2|           1|           1|
    |ap_block_state2_pp0_stage0_iter1  |       and|   0|  0|   2|           1|           1|
    |ap_condition_296                  |       and|   0|  0|   2|           1|           1|
    |ap_condition_952                  |       and|   0|  0|   2|           1|           1|
    |icmp_ln100_1_fu_616_p2            |      icmp|   0|  0|  17|          10|           2|
    |icmp_ln100_2_fu_622_p2            |      icmp|   0|  0|  17|          10|           1|
    |icmp_ln100_fu_600_p2              |      icmp|   0|  0|  16|           9|           2|
    |icmp_ln91_fu_214_p2               |      icmp|   0|  0|  23|          16|           2|
    |icmp_ln94_1_fu_354_p2             |      icmp|   0|  0|  23|          16|           2|
    |icmp_ln94_2_fu_360_p2             |      icmp|   0|  0|  23|          16|           1|
    |icmp_ln94_fu_338_p2               |      icmp|   0|  0|  22|          15|           2|
    |icmp_ln96_fu_208_p2               |      icmp|   0|  0|  17|           9|          10|
    |ap_block_pp0_stage0_01001         |        or|   0|  0|   2|           1|           1|
    |ap_block_pp0_stage0_11001_grp0    |        or|   0|  0|   2|           1|           1|
    |or_ln100_1_fu_718_p2              |        or|   0|  0|   2|           1|           1|
    |or_ln100_2_fu_692_p2              |        or|   0|  0|   2|           1|           1|
    |or_ln100_fu_668_p2                |        or|   0|  0|   2|           1|           1|
    |or_ln91_fu_182_p2                 |        or|   0|  0|   2|           1|           1|
    |or_ln94_1_fu_448_p2               |        or|   0|  0|   2|           1|           1|
    |or_ln94_2_fu_430_p2               |        or|   0|  0|   2|           1|           1|
    |or_ln94_fu_406_p2                 |        or|   0|  0|   2|           1|           1|
    |i_fu_200_p3                       |    select|   0|  0|   8|           1|           1|
    |select_ln100_1_fu_648_p3          |    select|   0|  0|   2|           1|           1|
    |select_ln100_2_fu_710_p3          |    select|   0|  0|  33|           1|          31|
    |select_ln100_3_fu_724_p3          |    select|   0|  0|  32|           1|          32|
    |select_ln100_fu_628_p3            |    select|   0|  0|   2|           1|           1|
    |select_ln94_1_fu_386_p3           |    select|   0|  0|   2|           1|           1|
    |select_ln94_2_fu_454_p3           |    select|   0|  0|  33|           1|          31|
    |select_ln94_3_fu_462_p3           |    select|   0|  0|  32|           1|          32|
    |select_ln94_fu_366_p3             |    select|   0|  0|   2|           1|           1|
    |ap_enable_pp0                     |       xor|   0|  0|   2|           1|           2|
    |xor_ln100_1_fu_636_p2             |       xor|   0|  0|   2|           1|           2|
    |xor_ln100_2_fu_662_p2             |       xor|   0|  0|   2|           1|           2|
    |xor_ln100_3_fu_674_p2             |       xor|   0|  0|   2|           1|           2|
    |xor_ln100_4_fu_698_p2             |       xor|   0|  0|   2|           1|           2|
    |xor_ln100_fu_570_p2               |       xor|   0|  0|   2|           1|           2|
    |xor_ln94_1_fu_374_p2              |       xor|   0|  0|   2|           1|           2|
    |xor_ln94_2_fu_400_p2              |       xor|   0|  0|   2|           1|           2|
    |xor_ln94_3_fu_412_p2              |       xor|   0|  0|   2|           1|           2|
    |xor_ln94_4_fu_436_p2              |       xor|   0|  0|   2|           1|           2|
    |xor_ln94_fu_308_p2                |       xor|   0|  0|   2|           1|           2|
    +----------------------------------+----------+----+---+----+------------+------------+
    |Total                             |          |   0|  0| 529|         265|         296|
    +----------------------------------+----------+----+---+----+------------+------------+

    * Multiplexer: 
    +---------------------------------------+----+-----------+-----+-----------+
    |                  Name                 | LUT| Input Size| Bits| Total Bits|
    +---------------------------------------+----+-----------+-----+-----------+
    |ap_done_int                            |   9|          2|    1|          2|
    |ap_loop_exit_ready_pp0_iter57_reg      |   9|          2|    1|          2|
    |ap_phi_mux_icmp_ln968_phi_fu_144_p4    |   9|          2|    1|          2|
    |ap_sig_allocacmp_i7_load               |   9|          2|    9|         18|
    |ap_sig_allocacmp_indvar_flatten4_load  |   9|          2|   16|         32|
    |i7_fu_114                              |   9|          2|    9|         18|
    |indvar_flatten4_fu_110                 |   9|          2|   16|         32|
    |k2_to_k3_blk_n                         |   9|          2|    1|          2|
    |s1_to_k3_blk_n                         |   9|          2|    1|          2|
    |s3_to_k4_blk_n                         |   9|          2|    1|          2|
    +---------------------------------------+----+-----------+-----+-----------+
    |Total                                  |  90|         20|   56|        112|
    +---------------------------------------+----+-----------+-----+-----------+

    * Register: 
    +-----------------------------------+----+----+-----+-----------+
    |                Name               | FF | LUT| Bits| Const Bits|
    +-----------------------------------+----+----+-----+-----------+
    |add_ln100_reg_775                  |  31|   0|   31|          0|
    |ap_CS_fsm                          |   1|   0|    1|          0|
    |ap_done_reg                        |   1|   0|    1|          0|
    |ap_enable_reg_pp0_iter1            |   1|   0|    1|          0|
    |ap_enable_reg_pp0_iter10           |   1|   0|    1|          0|
    |ap_enable_reg_pp0_iter11           |   1|   0|    1|          0|
    |ap_enable_reg_pp0_iter12           |   1|   0|    1|          0|
    |ap_enable_reg_pp0_iter13           |   1|   0|    1|          0|
    |ap_enable_reg_pp0_iter14           |   1|   0|    1|          0|
    |ap_enable_reg_pp0_iter15           |   1|   0|    1|          0|
    |ap_enable_reg_pp0_iter16           |   1|   0|    1|          0|
    |ap_enable_reg_pp0_iter17           |   1|   0|    1|          0|
    |ap_enable_reg_pp0_iter18           |   1|   0|    1|          0|
    |ap_enable_reg_pp0_iter19           |   1|   0|    1|          0|
    |ap_enable_reg_pp0_iter2            |   1|   0|    1|          0|
    |ap_enable_reg_pp0_iter20           |   1|   0|    1|          0|
    |ap_enable_reg_pp0_iter21           |   1|   0|    1|          0|
    |ap_enable_reg_pp0_iter22           |   1|   0|    1|          0|
    |ap_enable_reg_pp0_iter23           |   1|   0|    1|          0|
    |ap_enable_reg_pp0_iter24           |   1|   0|    1|          0|
    |ap_enable_reg_pp0_iter25           |   1|   0|    1|          0|
    |ap_enable_reg_pp0_iter26           |   1|   0|    1|          0|
    |ap_enable_reg_pp0_iter27           |   1|   0|    1|          0|
    |ap_enable_reg_pp0_iter28           |   1|   0|    1|          0|
    |ap_enable_reg_pp0_iter29           |   1|   0|    1|          0|
    |ap_enable_reg_pp0_iter3            |   1|   0|    1|          0|
    |ap_enable_reg_pp0_iter30           |   1|   0|    1|          0|
    |ap_enable_reg_pp0_iter31           |   1|   0|    1|          0|
    |ap_enable_reg_pp0_iter32           |   1|   0|    1|          0|
    |ap_enable_reg_pp0_iter33           |   1|   0|    1|          0|
    |ap_enable_reg_pp0_iter34           |   1|   0|    1|          0|
    |ap_enable_reg_pp0_iter35           |   1|   0|    1|          0|
    |ap_enable_reg_pp0_iter36           |   1|   0|    1|          0|
    |ap_enable_reg_pp0_iter37           |   1|   0|    1|          0|
    |ap_enable_reg_pp0_iter38           |   1|   0|    1|          0|
    |ap_enable_reg_pp0_iter39           |   1|   0|    1|          0|
    |ap_enable_reg_pp0_iter4            |   1|   0|    1|          0|
    |ap_enable_reg_pp0_iter40           |   1|   0|    1|          0|
    |ap_enable_reg_pp0_iter41           |   1|   0|    1|          0|
    |ap_enable_reg_pp0_iter42           |   1|   0|    1|          0|
    |ap_enable_reg_pp0_iter43           |   1|   0|    1|          0|
    |ap_enable_reg_pp0_iter44           |   1|   0|    1|          0|
    |ap_enable_reg_pp0_iter45           |   1|   0|    1|          0|
    |ap_enable_reg_pp0_iter46           |   1|   0|    1|          0|
    |ap_enable_reg_pp0_iter47           |   1|   0|    1|          0|
    |ap_enable_reg_pp0_iter48           |   1|   0|    1|          0|
    |ap_enable_reg_pp0_iter49           |   1|   0|    1|          0|
    |ap_enable_reg_pp0_iter5            |   1|   0|    1|          0|
    |ap_enable_reg_pp0_iter50           |   1|   0|    1|          0|
    |ap_enable_reg_pp0_iter51           |   1|   0|    1|          0|
    |ap_enable_reg_pp0_iter52           |   1|   0|    1|          0|
    |ap_enable_reg_pp0_iter53           |   1|   0|    1|          0|
    |ap_enable_reg_pp0_iter54           |   1|   0|    1|          0|
    |ap_enable_reg_pp0_iter55           |   1|   0|    1|          0|
    |ap_enable_reg_pp0_iter56           |   1|   0|    1|          0|
    |ap_enable_reg_pp0_iter57           |   1|   0|    1|          0|
    |ap_enable_reg_pp0_iter6            |   1|   0|    1|          0|
    |ap_enable_reg_pp0_iter7            |   1|   0|    1|          0|
    |ap_enable_reg_pp0_iter8            |   1|   0|    1|          0|
    |ap_enable_reg_pp0_iter9            |   1|   0|    1|          0|
    |ap_loop_exit_ready_pp0_iter10_reg  |   1|   0|    1|          0|
    |ap_loop_exit_ready_pp0_iter11_reg  |   1|   0|    1|          0|
    |ap_loop_exit_ready_pp0_iter12_reg  |   1|   0|    1|          0|
    |ap_loop_exit_ready_pp0_iter13_reg  |   1|   0|    1|          0|
    |ap_loop_exit_ready_pp0_iter14_reg  |   1|   0|    1|          0|
    |ap_loop_exit_ready_pp0_iter15_reg  |   1|   0|    1|          0|
    |ap_loop_exit_ready_pp0_iter16_reg  |   1|   0|    1|          0|
    |ap_loop_exit_ready_pp0_iter17_reg  |   1|   0|    1|          0|
    |ap_loop_exit_ready_pp0_iter18_reg  |   1|   0|    1|          0|
    |ap_loop_exit_ready_pp0_iter19_reg  |   1|   0|    1|          0|
    |ap_loop_exit_ready_pp0_iter1_reg   |   1|   0|    1|          0|
    |ap_loop_exit_ready_pp0_iter20_reg  |   1|   0|    1|          0|
    |ap_loop_exit_ready_pp0_iter21_reg  |   1|   0|    1|          0|
    |ap_loop_exit_ready_pp0_iter22_reg  |   1|   0|    1|          0|
    |ap_loop_exit_ready_pp0_iter23_reg  |   1|   0|    1|          0|
    |ap_loop_exit_ready_pp0_iter24_reg  |   1|   0|    1|          0|
    |ap_loop_exit_ready_pp0_iter25_reg  |   1|   0|    1|          0|
    |ap_loop_exit_ready_pp0_iter26_reg  |   1|   0|    1|          0|
    |ap_loop_exit_ready_pp0_iter27_reg  |   1|   0|    1|          0|
    |ap_loop_exit_ready_pp0_iter28_reg  |   1|   0|    1|          0|
    |ap_loop_exit_ready_pp0_iter29_reg  |   1|   0|    1|          0|
    |ap_loop_exit_ready_pp0_iter2_reg   |   1|   0|    1|          0|
    |ap_loop_exit_ready_pp0_iter30_reg  |   1|   0|    1|          0|
    |ap_loop_exit_ready_pp0_iter31_reg  |   1|   0|    1|          0|
    |ap_loop_exit_ready_pp0_iter32_reg  |   1|   0|    1|          0|
    |ap_loop_exit_ready_pp0_iter33_reg  |   1|   0|    1|          0|
    |ap_loop_exit_ready_pp0_iter34_reg  |   1|   0|    1|          0|
    |ap_loop_exit_ready_pp0_iter35_reg  |   1|   0|    1|          0|
    |ap_loop_exit_ready_pp0_iter36_reg  |   1|   0|    1|          0|
    |ap_loop_exit_ready_pp0_iter37_reg  |   1|   0|    1|          0|
    |ap_loop_exit_ready_pp0_iter38_reg  |   1|   0|    1|          0|
    |ap_loop_exit_ready_pp0_iter39_reg  |   1|   0|    1|          0|
    |ap_loop_exit_ready_pp0_iter3_reg   |   1|   0|    1|          0|
    |ap_loop_exit_ready_pp0_iter40_reg  |   1|   0|    1|          0|
    |ap_loop_exit_ready_pp0_iter41_reg  |   1|   0|    1|          0|
    |ap_loop_exit_ready_pp0_iter42_reg  |   1|   0|    1|          0|
    |ap_loop_exit_ready_pp0_iter43_reg  |   1|   0|    1|          0|
    |ap_loop_exit_ready_pp0_iter44_reg  |   1|   0|    1|          0|
    |ap_loop_exit_ready_pp0_iter45_reg  |   1|   0|    1|          0|
    |ap_loop_exit_ready_pp0_iter46_reg  |   1|   0|    1|          0|
    |ap_loop_exit_ready_pp0_iter47_reg  |   1|   0|    1|          0|
    |ap_loop_exit_ready_pp0_iter48_reg  |   1|   0|    1|          0|
    |ap_loop_exit_ready_pp0_iter49_reg  |   1|   0|    1|          0|
    |ap_loop_exit_ready_pp0_iter4_reg   |   1|   0|    1|          0|
    |ap_loop_exit_ready_pp0_iter50_reg  |   1|   0|    1|          0|
    |ap_loop_exit_ready_pp0_iter51_reg  |   1|   0|    1|          0|
    |ap_loop_exit_ready_pp0_iter52_reg  |   1|   0|    1|          0|
    |ap_loop_exit_ready_pp0_iter53_reg  |   1|   0|    1|          0|
    |ap_loop_exit_ready_pp0_iter54_reg  |   1|   0|    1|          0|
    |ap_loop_exit_ready_pp0_iter55_reg  |   1|   0|    1|          0|
    |ap_loop_exit_ready_pp0_iter56_reg  |   1|   0|    1|          0|
    |ap_loop_exit_ready_pp0_iter57_reg  |   1|   0|    1|          0|
    |ap_loop_exit_ready_pp0_iter5_reg   |   1|   0|    1|          0|
    |ap_loop_exit_ready_pp0_iter6_reg   |   1|   0|    1|          0|
    |ap_loop_exit_ready_pp0_iter7_reg   |   1|   0|    1|          0|
    |ap_loop_exit_ready_pp0_iter8_reg   |   1|   0|    1|          0|
    |ap_loop_exit_ready_pp0_iter9_reg   |   1|   0|    1|          0|
    |i7_fu_114                          |   9|   0|    9|          0|
    |icmp_ln91_reg_761                  |   1|   0|    1|          0|
    |icmp_ln96_reg_756                  |   1|   0|    1|          0|
    |indvar_flatten4_fu_110             |  16|   0|   16|          0|
    |or_ln91_reg_752                    |   1|   0|    1|          0|
    |select_ln100_3_reg_780             |  32|   0|   32|          0|
    |select_ln94_3_reg_770              |  32|   0|   32|          0|
    |st15_fu_118                        |  32|   0|   32|          0|
    +-----------------------------------+----+----+-----+-----------+
    |Total                              | 271|   0|  271|          0|
    +-----------------------------------+----+----+-----+-----------+



================================================================
== Interface
================================================================
* Summary: 
+-------------------------+-----+-----+------------+--------------+--------------+
|        RTL Ports        | Dir | Bits|  Protocol  | Source Object|    C Type    |
+-------------------------+-----+-----+------------+--------------+--------------+
|ap_clk                   |   in|    1|  ap_ctrl_hs|            K3|  return value|
|ap_rst                   |   in|    1|  ap_ctrl_hs|            K3|  return value|
|ap_start                 |   in|    1|  ap_ctrl_hs|            K3|  return value|
|ap_done                  |  out|    1|  ap_ctrl_hs|            K3|  return value|
|ap_continue              |   in|    1|  ap_ctrl_hs|            K3|  return value|
|ap_idle                  |  out|    1|  ap_ctrl_hs|            K3|  return value|
|ap_ready                 |  out|    1|  ap_ctrl_hs|            K3|  return value|
|k2_to_k3_dout            |   in|   32|     ap_fifo|      k2_to_k3|       pointer|
|k2_to_k3_empty_n         |   in|    1|     ap_fifo|      k2_to_k3|       pointer|
|k2_to_k3_read            |  out|    1|     ap_fifo|      k2_to_k3|       pointer|
|k2_to_k3_num_data_valid  |   in|    3|     ap_fifo|      k2_to_k3|       pointer|
|k2_to_k3_fifo_cap        |   in|    3|     ap_fifo|      k2_to_k3|       pointer|
|s1_to_k3_dout            |   in|   32|     ap_fifo|      s1_to_k3|       pointer|
|s1_to_k3_empty_n         |   in|    1|     ap_fifo|      s1_to_k3|       pointer|
|s1_to_k3_read            |  out|    1|     ap_fifo|      s1_to_k3|       pointer|
|s1_to_k3_num_data_valid  |   in|   10|     ap_fifo|      s1_to_k3|       pointer|
|s1_to_k3_fifo_cap        |   in|   10|     ap_fifo|      s1_to_k3|       pointer|
|s3_to_k4_din             |  out|   32|     ap_fifo|      s3_to_k4|       pointer|
|s3_to_k4_full_n          |   in|    1|     ap_fifo|      s3_to_k4|       pointer|
|s3_to_k4_write           |  out|    1|     ap_fifo|      s3_to_k4|       pointer|
|s3_to_k4_num_data_valid  |   in|   32|     ap_fifo|      s3_to_k4|       pointer|
|s3_to_k4_fifo_cap        |   in|   32|     ap_fifo|      s3_to_k4|       pointer|
+-------------------------+-----+-----+------------+--------------+--------------+

