================================================================
== Vivado Place & Route Results
================================================================
+ General Information:
    * Date:            Fri Feb 20 12:16:08 EST 2026
    * Version:         2025.1 (Build 6214317 on Sep 11 2025)
    * Project:         project_1
    * Solution:        hls (Vivado IP Flow Target)
    * Product family:  zynquplus
    * Target device:   xczu3eg-sbva484-1-e


================================================================
== Run Constraints & Options
================================================================
+ Design Constraints & Options:
    * Place & Route target clock:  10 ns
    * C-Synthesis target clock:    10 ns
    * C-Synthesis uncertainty:     27%

+ RTL Synthesis Options:
    * config_export -vivado_synth_strategy:     default
    * config_export -vivado_synth_design_args:  -directive sdx_optimization_effort_high

+ Place & Route Options:
    * config_export -vivado_impl_strategy:  default
    * config_export -vivado_phys_opt:       auto

+ Reporting Options:
    * config_export -vivado_report_level:      2
    * config_export -vivado_max_timing_paths:  10


================================================================
== Place & Route Resource Summary
================================================================
LUT:              2620
FF:               2862
DSP:              4
BRAM:             179
URAM:             0
SRL:              183


================================================================
== Place & Route Timing Summary
================================================================
* Timing was met
+----------------+-------------+
| Timing         | Period (ns) |
+----------------+-------------+
| Target         | 10.000      |
| Post-Synthesis | 4.832       |
| Post-Route     | 7.653       |
+----------------+-------------+


================================================================
== Place & Route Resources
================================================================
+------------------------------------------------------------------------+------+------+-----+------+------+-----+--------+------+---------+----------+--------+
| Name                                                                   | LUT  | FF   | DSP | BRAM | URAM | SRL | Pragma | Impl | Latency | Variable | Source |
+------------------------------------------------------------------------+------+------+-----+------+------+-----+--------+------+---------+----------+--------+
| inst                                                                   | 2620 | 2862 | 4   | 179  |      |     |        |      |         |          |        |
|   A_in_m_axi_U                                                         | 464  | 741  |     | 1    |      |     |        |      |         |          |        |
|   A_out_m_axi_U                                                        | 635  | 998  |     |      |      |     |        |      |         |          |        |
|   A_out_r_c_U                                                          |      |      |     |      |      |     |        |      |         |          |        |
|   compute_U0                                                           | 1171 | 625  | 4   | 178  |      |     |        |      |         |          |        |
|     (compute_U0)                                                       | 7    | 239  |     |      |      |     |        |      |         |          |        |
|     buffer_1_U                                                         |      |      |     |      |      |     |        |      |         |          |        |
|     buffer_2_U                                                         |      |      |     |      |      |     |        |      |         |          |        |
|     buffer_3_U                                                         | 62   |      |     | 44   |      |     |        |      |         |          |        |
|     buffer_U                                                           | 62   | 2    |     | 44   |      |     |        |      |         |          |        |
|     grp_compute_Pipeline_VITIS_LOOP_114_9_VITIS_LOOP_115_10_fu_118     | 201  | 40   |     |      |      |     |        |      |         |          |        |
|       (grp_compute_Pipeline_VITIS_LOOP_114_9_VITIS_LOOP_115_10_fu_118) | 192  | 38   |     |      |      |     |        |      |         |          |        |
|     grp_compute_Pipeline_VITIS_LOOP_33_1_VITIS_LOOP_34_2_fu_94         | 75   | 37   |     |      |      |     |        |      |         |          |        |
|     grp_compute_Pipeline_VITIS_LOOP_50_4_fu_108                        | 67   | 20   |     |      |      |     |        |      |         |          |        |
|     grp_compute_Pipeline_VITIS_LOOP_55_5_fu_128                        | 67   | 20   |     |      |      |     |        |      |         |          |        |
|     grp_compute_Pipeline_VITIS_LOOP_62_6_VITIS_LOOP_63_7_fu_138        | 618  | 267  | 4   | 2    |      |     |        |      |         |          |        |
|       (grp_compute_Pipeline_VITIS_LOOP_62_6_VITIS_LOOP_63_7_fu_138)    | 316  | 265  |     |      |      |     |        |      |         |          |        |
|       line_buf_1_U                                                     |      |      |     |      |      |     |        |      |         |          |        |
|       line_buf_U                                                       |      |      |     |      |      |     |        |      |         |          |        |
|       mul_39s_24ns_63_1_1_U23                                          | 103  |      | 2   |      |      |     |        |      |         |          |        |
|       mul_39s_26ns_65_1_1_U24                                          | 66   |      | 2   |      |      |     |        |      |         |          |        |
|   control_s_axi_U                                                      | 160  | 181  |     |      |      |     |        |      |         |          |        |
|   entry_proc_U0                                                        |      |      |     |      |      |     |        |      |         |          |        |
|   grid_final_U                                                         | 19   | 54   |     |      |      |     |        |      |         |          |        |
|   grid_initial_U                                                       | 55   | 54   |     |      |      |     |        |      |         |          |        |
|   read_input_U0                                                        | 31   | 73   |     |      |      |     |        |      |         |          |        |
|   start_for_compute_U0_U                                               |      |      |     |      |      |     |        |      |         |          |        |
|   start_for_write_output_U0_U                                          |      |      |     |      |      |     |        |      |         |          |        |
|   write_output_U0                                                      | 43   | 117  |     |      |      |     |        |      |         |          |        |
|     (write_output_U0)                                                  | 22   | 116  |     |      |      |     |        |      |         |          |        |
+------------------------------------------------------------------------+------+------+-----+------+------+-----+--------+------+---------+----------+--------+


================================================================
== Place & Route Fail Fast
================================================================
+-----------------------------------------------------------+-----------+--------+--------+
| Criteria                                                  | Guideline | Actual | Status |
+-----------------------------------------------------------+-----------+--------+--------+
| LUT                                                       | 70%       | 3.71%  | OK     |
| FD                                                        | 50%       | 2.03%  | OK     |
| LUTRAM+SRL                                                | 25%       | 0.64%  | OK     |
| CARRY8                                                    | 25%       | 1.38%  | OK     |
| MUXF7                                                     | 15%       | 0.10%  | OK     |
| DSP                                                       | 80%       | 1.11%  | OK     |
| RAMB/FIFO                                                 | 80%       | 41.44% | OK     |
| DSP+RAMB+URAM (Avg)                                       | 70%       | 21.27% | OK     |
| BUFGCE* + BUFGCTRL                                        | 24        | 0      | OK     |
| DONT_TOUCH (cells/nets)                                   | 0         | 0      | OK     |
| MARK_DEBUG (nets)                                         | 0         | 0      | OK     |
| Control Sets                                              | 1323      | 120    | OK     |
| Average Fanout for modules > 100k cells                   | 4         | 2.14   | OK     |
| Max Average Fanout for modules > 100k cells               | 4         | 0      | OK     |
| Non-FD high fanout nets > 10k loads                       | 0         | 0      | OK     |
+-----------------------------------------------------------+-----------+--------+--------+
| TIMING-6 (No common primary clock between related clocks) | 0         | 0      | OK     |
| TIMING-7 (No common node between related clocks)          | 0         | 0      | OK     |
| TIMING-8 (No common period between related clocks)        | 0         | 0      | OK     |
| TIMING-14 (LUT on the clock tree)                         | 0         | 0      | OK     |
| TIMING-35 (No common node in paths with the same clock)   | 0         | 0      | OK     |
+-----------------------------------------------------------+-----------+--------+--------+
| Number of paths above max LUT budgeting (0.350ns)         | 0         | 0      | OK     |
| Number of paths above max Net budgeting (0.239ns)         | 0         | 0      | OK     |
+-----------------------------------------------------------+-----------+--------+--------+


================================================================
== Place & Route Timing Paths
================================================================
* Timing was met
+-------+-------+------------------------------------------------+--------------------------------------------------+--------------+------------+----------------+----------------+--------------+
| Path  | SLACK | STARTPOINT PIN                                 | ENDPOINT PIN                                     | LOGIC LEVELS | MAX FANOUT | DATAPATH DELAY | DATAPATH LOGIC | DATAPATH NET |
|       |       |                                                |                                                  |              |            |                |          DELAY |        DELAY |
+-------+-------+------------------------------------------------+--------------------------------------------------+--------------+------------+----------------+----------------+--------------+
| Path1 | 2.347 | compute_U0/buffer_1_U/ram_reg_bram_8/CLKBWRCLK | compute_U0/buffer_3_U/ram_reg_bram_1/DINADIN[12] |           10 |         16 |          7.310 |          3.030 |        4.280 |
| Path2 | 2.472 | compute_U0/buffer_1_U/ram_reg_bram_8/CLKBWRCLK | compute_U0/buffer_3_U/ram_reg_bram_0/DINADIN[12] |           10 |         16 |          7.185 |          3.030 |        4.155 |
| Path3 | 2.578 | compute_U0/buffer_1_U/ram_reg_bram_8/CLKBWRCLK | compute_U0/buffer_3_U/ram_reg_bram_2/DINADIN[12] |           10 |         16 |          7.078 |          3.030 |        4.048 |
| Path4 | 2.713 | compute_U0/buffer_1_U/ram_reg_bram_8/CLKBWRCLK | compute_U0/buffer_3_U/ram_reg_bram_3/DINADIN[12] |           10 |         16 |          6.943 |          3.030 |        3.913 |
| Path5 | 2.787 | compute_U0/buffer_1_U/ram_reg_bram_8/CLKBWRCLK | compute_U0/buffer_1_U/ram_reg_bram_0/DINADIN[0]  |           10 |         16 |          6.808 |          3.008 |        3.800 |
+-------+-------+------------------------------------------------+--------------------------------------------------+--------------+------------+----------------+----------------+--------------+

    +-----------------------------------------------------------------------------------------------+------------------------+
    | Path1 Cells                                                                                   | Primitive Type         |
    +-----------------------------------------------------------------------------------------------+------------------------+
    | compute_U0/buffer_1_U/ram_reg_bram_8                                                          | BLOCKRAM.BRAM.RAMB36E2 |
    | compute_U0/buffer_1_U/ram_reg_bram_9                                                          | BLOCKRAM.BRAM.RAMB36E2 |
    | compute_U0/buffer_1_U/ram_reg_bram_10                                                         | BLOCKRAM.BRAM.RAMB36E2 |
    | compute_U0/buffer_1_U/ram_reg_bram_11                                                         | BLOCKRAM.BRAM.RAMB36E2 |
    | compute_U0/buffer_1_U/ram_reg_bram_12                                                         | BLOCKRAM.BRAM.RAMB36E2 |
    | compute_U0/buffer_1_U/ram_reg_bram_13                                                         | BLOCKRAM.BRAM.RAMB36E2 |
    | compute_U0/buffer_1_U/ram_reg_bram_14                                                         | BLOCKRAM.BRAM.RAMB36E2 |
    | compute_U0/buffer_1_U/ram_reg_bram_15                                                         | BLOCKRAM.BRAM.RAMB36E2 |
    | compute_U0/buffer_3_U/ram_reg_bram_0_i_62                                                     | CLB.LUT.LUT6           |
    | compute_U0/grp_compute_Pipeline_VITIS_LOOP_62_6_VITIS_LOOP_63_7_fu_138/ram_reg_bram_0_i_45    | CLB.LUT.LUT6           |
    | compute_U0/grp_compute_Pipeline_VITIS_LOOP_62_6_VITIS_LOOP_63_7_fu_138/ram_reg_bram_0_i_26__2 | CLB.LUT.LUT2           |
    | compute_U0/buffer_3_U/ram_reg_bram_1                                                          | BLOCKRAM.BRAM.RAMB36E2 |
    | compute_U0/buffer_1_U/ram_reg_bram_8                                                          | BLOCKRAM.BRAM.RAMB36E2 |
    | compute_U0/buffer_1_U/ram_reg_bram_9                                                          | BLOCKRAM.BRAM.RAMB36E2 |
    | compute_U0/buffer_1_U/ram_reg_bram_10                                                         | BLOCKRAM.BRAM.RAMB36E2 |
    | compute_U0/buffer_1_U/ram_reg_bram_11                                                         | BLOCKRAM.BRAM.RAMB36E2 |
    | compute_U0/buffer_1_U/ram_reg_bram_12                                                         | BLOCKRAM.BRAM.RAMB36E2 |
    | compute_U0/buffer_1_U/ram_reg_bram_13                                                         | BLOCKRAM.BRAM.RAMB36E2 |
    | compute_U0/buffer_1_U/ram_reg_bram_14                                                         | BLOCKRAM.BRAM.RAMB36E2 |
    | compute_U0/buffer_1_U/ram_reg_bram_15                                                         | BLOCKRAM.BRAM.RAMB36E2 |
    | compute_U0/buffer_3_U/ram_reg_bram_0_i_62                                                     | CLB.LUT.LUT6           |
    | compute_U0/grp_compute_Pipeline_VITIS_LOOP_62_6_VITIS_LOOP_63_7_fu_138/ram_reg_bram_0_i_45    | CLB.LUT.LUT6           |
    | compute_U0/grp_compute_Pipeline_VITIS_LOOP_62_6_VITIS_LOOP_63_7_fu_138/ram_reg_bram_0_i_26__2 | CLB.LUT.LUT2           |
    | compute_U0/buffer_3_U/ram_reg_bram_0                                                          | BLOCKRAM.BRAM.RAMB36E2 |
    | compute_U0/buffer_1_U/ram_reg_bram_8                                                          | BLOCKRAM.BRAM.RAMB36E2 |
    | compute_U0/buffer_1_U/ram_reg_bram_9                                                          | BLOCKRAM.BRAM.RAMB36E2 |
    | compute_U0/buffer_1_U/ram_reg_bram_10                                                         | BLOCKRAM.BRAM.RAMB36E2 |
    | compute_U0/buffer_1_U/ram_reg_bram_11                                                         | BLOCKRAM.BRAM.RAMB36E2 |
    | compute_U0/buffer_1_U/ram_reg_bram_12                                                         | BLOCKRAM.BRAM.RAMB36E2 |
    | compute_U0/buffer_1_U/ram_reg_bram_13                                                         | BLOCKRAM.BRAM.RAMB36E2 |
    | compute_U0/buffer_1_U/ram_reg_bram_14                                                         | BLOCKRAM.BRAM.RAMB36E2 |
    | compute_U0/buffer_1_U/ram_reg_bram_15                                                         | BLOCKRAM.BRAM.RAMB36E2 |
    | compute_U0/buffer_3_U/ram_reg_bram_0_i_62                                                     | CLB.LUT.LUT6           |
    | compute_U0/grp_compute_Pipeline_VITIS_LOOP_62_6_VITIS_LOOP_63_7_fu_138/ram_reg_bram_0_i_45    | CLB.LUT.LUT6           |
    | compute_U0/grp_compute_Pipeline_VITIS_LOOP_62_6_VITIS_LOOP_63_7_fu_138/ram_reg_bram_0_i_26__2 | CLB.LUT.LUT2           |
    | compute_U0/buffer_3_U/ram_reg_bram_2                                                          | BLOCKRAM.BRAM.RAMB36E2 |
    | compute_U0/buffer_1_U/ram_reg_bram_8                                                          | BLOCKRAM.BRAM.RAMB36E2 |
    | compute_U0/buffer_1_U/ram_reg_bram_9                                                          | BLOCKRAM.BRAM.RAMB36E2 |
    | compute_U0/buffer_1_U/ram_reg_bram_10                                                         | BLOCKRAM.BRAM.RAMB36E2 |
    | compute_U0/buffer_1_U/ram_reg_bram_11                                                         | BLOCKRAM.BRAM.RAMB36E2 |
    | compute_U0/buffer_1_U/ram_reg_bram_12                                                         | BLOCKRAM.BRAM.RAMB36E2 |
    | compute_U0/buffer_1_U/ram_reg_bram_13                                                         | BLOCKRAM.BRAM.RAMB36E2 |
    | compute_U0/buffer_1_U/ram_reg_bram_14                                                         | BLOCKRAM.BRAM.RAMB36E2 |
    | compute_U0/buffer_1_U/ram_reg_bram_15                                                         | BLOCKRAM.BRAM.RAMB36E2 |
    | compute_U0/buffer_3_U/ram_reg_bram_0_i_62                                                     | CLB.LUT.LUT6           |
    | compute_U0/grp_compute_Pipeline_VITIS_LOOP_62_6_VITIS_LOOP_63_7_fu_138/ram_reg_bram_0_i_45    | CLB.LUT.LUT6           |
    | compute_U0/grp_compute_Pipeline_VITIS_LOOP_62_6_VITIS_LOOP_63_7_fu_138/ram_reg_bram_0_i_26__2 | CLB.LUT.LUT2           |
    | compute_U0/buffer_3_U/ram_reg_bram_3                                                          | BLOCKRAM.BRAM.RAMB36E2 |
    | compute_U0/buffer_1_U/ram_reg_bram_8                                                          | BLOCKRAM.BRAM.RAMB36E2 |
    | compute_U0/buffer_1_U/ram_reg_bram_9                                                          | BLOCKRAM.BRAM.RAMB36E2 |
    | compute_U0/buffer_1_U/ram_reg_bram_10                                                         | BLOCKRAM.BRAM.RAMB36E2 |
    | compute_U0/buffer_1_U/ram_reg_bram_11                                                         | BLOCKRAM.BRAM.RAMB36E2 |
    | compute_U0/buffer_1_U/ram_reg_bram_12                                                         | BLOCKRAM.BRAM.RAMB36E2 |
    | compute_U0/buffer_1_U/ram_reg_bram_13                                                         | BLOCKRAM.BRAM.RAMB36E2 |
    | compute_U0/buffer_1_U/ram_reg_bram_14                                                         | BLOCKRAM.BRAM.RAMB36E2 |
    | compute_U0/buffer_1_U/ram_reg_bram_15                                                         | BLOCKRAM.BRAM.RAMB36E2 |
    | compute_U0/buffer_U/ram_reg_bram_0_i_137                                                      | CLB.LUT.LUT6           |
    | grid_initial_U/U_top_kernel_fifo_w24_d2_S_ShiftReg/ram_reg_bram_0_i_94                        | CLB.LUT.LUT6           |
    | compute_U0/grp_compute_Pipeline_VITIS_LOOP_62_6_VITIS_LOOP_63_7_fu_138/ram_reg_bram_0_i_38    | CLB.LUT.LUT6           |
    | compute_U0/buffer_1_U/ram_reg_bram_0                                                          | BLOCKRAM.BRAM.RAMB36E2 |
    +-----------------------------------------------------------------------------------------------+------------------------+

    +-----------------------------------------------------------------------------------------------+------------------------+
    | Path2 Cells                                                                                   | Primitive Type         |
    +-----------------------------------------------------------------------------------------------+------------------------+
    | compute_U0/buffer_1_U/ram_reg_bram_8                                                          | BLOCKRAM.BRAM.RAMB36E2 |
    | compute_U0/buffer_1_U/ram_reg_bram_9                                                          | BLOCKRAM.BRAM.RAMB36E2 |
    | compute_U0/buffer_1_U/ram_reg_bram_10                                                         | BLOCKRAM.BRAM.RAMB36E2 |
    | compute_U0/buffer_1_U/ram_reg_bram_11                                                         | BLOCKRAM.BRAM.RAMB36E2 |
    | compute_U0/buffer_1_U/ram_reg_bram_12                                                         | BLOCKRAM.BRAM.RAMB36E2 |
    | compute_U0/buffer_1_U/ram_reg_bram_13                                                         | BLOCKRAM.BRAM.RAMB36E2 |
    | compute_U0/buffer_1_U/ram_reg_bram_14                                                         | BLOCKRAM.BRAM.RAMB36E2 |
    | compute_U0/buffer_1_U/ram_reg_bram_15                                                         | BLOCKRAM.BRAM.RAMB36E2 |
    | compute_U0/buffer_3_U/ram_reg_bram_0_i_62                                                     | CLB.LUT.LUT6           |
    | compute_U0/grp_compute_Pipeline_VITIS_LOOP_62_6_VITIS_LOOP_63_7_fu_138/ram_reg_bram_0_i_45    | CLB.LUT.LUT6           |
    | compute_U0/grp_compute_Pipeline_VITIS_LOOP_62_6_VITIS_LOOP_63_7_fu_138/ram_reg_bram_0_i_26__2 | CLB.LUT.LUT2           |
    | compute_U0/buffer_3_U/ram_reg_bram_1                                                          | BLOCKRAM.BRAM.RAMB36E2 |
    | compute_U0/buffer_1_U/ram_reg_bram_8                                                          | BLOCKRAM.BRAM.RAMB36E2 |
    | compute_U0/buffer_1_U/ram_reg_bram_9                                                          | BLOCKRAM.BRAM.RAMB36E2 |
    | compute_U0/buffer_1_U/ram_reg_bram_10                                                         | BLOCKRAM.BRAM.RAMB36E2 |
    | compute_U0/buffer_1_U/ram_reg_bram_11                                                         | BLOCKRAM.BRAM.RAMB36E2 |
    | compute_U0/buffer_1_U/ram_reg_bram_12                                                         | BLOCKRAM.BRAM.RAMB36E2 |
    | compute_U0/buffer_1_U/ram_reg_bram_13                                                         | BLOCKRAM.BRAM.RAMB36E2 |
    | compute_U0/buffer_1_U/ram_reg_bram_14                                                         | BLOCKRAM.BRAM.RAMB36E2 |
    | compute_U0/buffer_1_U/ram_reg_bram_15                                                         | BLOCKRAM.BRAM.RAMB36E2 |
    | compute_U0/buffer_3_U/ram_reg_bram_0_i_62                                                     | CLB.LUT.LUT6           |
    | compute_U0/grp_compute_Pipeline_VITIS_LOOP_62_6_VITIS_LOOP_63_7_fu_138/ram_reg_bram_0_i_45    | CLB.LUT.LUT6           |
    | compute_U0/grp_compute_Pipeline_VITIS_LOOP_62_6_VITIS_LOOP_63_7_fu_138/ram_reg_bram_0_i_26__2 | CLB.LUT.LUT2           |
    | compute_U0/buffer_3_U/ram_reg_bram_0                                                          | BLOCKRAM.BRAM.RAMB36E2 |
    | compute_U0/buffer_1_U/ram_reg_bram_8                                                          | BLOCKRAM.BRAM.RAMB36E2 |
    | compute_U0/buffer_1_U/ram_reg_bram_9                                                          | BLOCKRAM.BRAM.RAMB36E2 |
    | compute_U0/buffer_1_U/ram_reg_bram_10                                                         | BLOCKRAM.BRAM.RAMB36E2 |
    | compute_U0/buffer_1_U/ram_reg_bram_11                                                         | BLOCKRAM.BRAM.RAMB36E2 |
    | compute_U0/buffer_1_U/ram_reg_bram_12                                                         | BLOCKRAM.BRAM.RAMB36E2 |
    | compute_U0/buffer_1_U/ram_reg_bram_13                                                         | BLOCKRAM.BRAM.RAMB36E2 |
    | compute_U0/buffer_1_U/ram_reg_bram_14                                                         | BLOCKRAM.BRAM.RAMB36E2 |
    | compute_U0/buffer_1_U/ram_reg_bram_15                                                         | BLOCKRAM.BRAM.RAMB36E2 |
    | compute_U0/buffer_3_U/ram_reg_bram_0_i_62                                                     | CLB.LUT.LUT6           |
    | compute_U0/grp_compute_Pipeline_VITIS_LOOP_62_6_VITIS_LOOP_63_7_fu_138/ram_reg_bram_0_i_45    | CLB.LUT.LUT6           |
    | compute_U0/grp_compute_Pipeline_VITIS_LOOP_62_6_VITIS_LOOP_63_7_fu_138/ram_reg_bram_0_i_26__2 | CLB.LUT.LUT2           |
    | compute_U0/buffer_3_U/ram_reg_bram_2                                                          | BLOCKRAM.BRAM.RAMB36E2 |
    | compute_U0/buffer_1_U/ram_reg_bram_8                                                          | BLOCKRAM.BRAM.RAMB36E2 |
    | compute_U0/buffer_1_U/ram_reg_bram_9                                                          | BLOCKRAM.BRAM.RAMB36E2 |
    | compute_U0/buffer_1_U/ram_reg_bram_10                                                         | BLOCKRAM.BRAM.RAMB36E2 |
    | compute_U0/buffer_1_U/ram_reg_bram_11                                                         | BLOCKRAM.BRAM.RAMB36E2 |
    | compute_U0/buffer_1_U/ram_reg_bram_12                                                         | BLOCKRAM.BRAM.RAMB36E2 |
    | compute_U0/buffer_1_U/ram_reg_bram_13                                                         | BLOCKRAM.BRAM.RAMB36E2 |
    | compute_U0/buffer_1_U/ram_reg_bram_14                                                         | BLOCKRAM.BRAM.RAMB36E2 |
    | compute_U0/buffer_1_U/ram_reg_bram_15                                                         | BLOCKRAM.BRAM.RAMB36E2 |
    | compute_U0/buffer_3_U/ram_reg_bram_0_i_62                                                     | CLB.LUT.LUT6           |
    | compute_U0/grp_compute_Pipeline_VITIS_LOOP_62_6_VITIS_LOOP_63_7_fu_138/ram_reg_bram_0_i_45    | CLB.LUT.LUT6           |
    | compute_U0/grp_compute_Pipeline_VITIS_LOOP_62_6_VITIS_LOOP_63_7_fu_138/ram_reg_bram_0_i_26__2 | CLB.LUT.LUT2           |
    | compute_U0/buffer_3_U/ram_reg_bram_3                                                          | BLOCKRAM.BRAM.RAMB36E2 |
    | compute_U0/buffer_1_U/ram_reg_bram_8                                                          | BLOCKRAM.BRAM.RAMB36E2 |
    | compute_U0/buffer_1_U/ram_reg_bram_9                                                          | BLOCKRAM.BRAM.RAMB36E2 |
    | compute_U0/buffer_1_U/ram_reg_bram_10                                                         | BLOCKRAM.BRAM.RAMB36E2 |
    | compute_U0/buffer_1_U/ram_reg_bram_11                                                         | BLOCKRAM.BRAM.RAMB36E2 |
    | compute_U0/buffer_1_U/ram_reg_bram_12                                                         | BLOCKRAM.BRAM.RAMB36E2 |
    | compute_U0/buffer_1_U/ram_reg_bram_13                                                         | BLOCKRAM.BRAM.RAMB36E2 |
    | compute_U0/buffer_1_U/ram_reg_bram_14                                                         | BLOCKRAM.BRAM.RAMB36E2 |
    | compute_U0/buffer_1_U/ram_reg_bram_15                                                         | BLOCKRAM.BRAM.RAMB36E2 |
    | compute_U0/buffer_U/ram_reg_bram_0_i_137                                                      | CLB.LUT.LUT6           |
    | grid_initial_U/U_top_kernel_fifo_w24_d2_S_ShiftReg/ram_reg_bram_0_i_94                        | CLB.LUT.LUT6           |
    | compute_U0/grp_compute_Pipeline_VITIS_LOOP_62_6_VITIS_LOOP_63_7_fu_138/ram_reg_bram_0_i_38    | CLB.LUT.LUT6           |
    | compute_U0/buffer_1_U/ram_reg_bram_0                                                          | BLOCKRAM.BRAM.RAMB36E2 |
    +-----------------------------------------------------------------------------------------------+------------------------+

    +-----------------------------------------------------------------------------------------------+------------------------+
    | Path3 Cells                                                                                   | Primitive Type         |
    +-----------------------------------------------------------------------------------------------+------------------------+
    | compute_U0/buffer_1_U/ram_reg_bram_8                                                          | BLOCKRAM.BRAM.RAMB36E2 |
    | compute_U0/buffer_1_U/ram_reg_bram_9                                                          | BLOCKRAM.BRAM.RAMB36E2 |
    | compute_U0/buffer_1_U/ram_reg_bram_10                                                         | BLOCKRAM.BRAM.RAMB36E2 |
    | compute_U0/buffer_1_U/ram_reg_bram_11                                                         | BLOCKRAM.BRAM.RAMB36E2 |
    | compute_U0/buffer_1_U/ram_reg_bram_12                                                         | BLOCKRAM.BRAM.RAMB36E2 |
    | compute_U0/buffer_1_U/ram_reg_bram_13                                                         | BLOCKRAM.BRAM.RAMB36E2 |
    | compute_U0/buffer_1_U/ram_reg_bram_14                                                         | BLOCKRAM.BRAM.RAMB36E2 |
    | compute_U0/buffer_1_U/ram_reg_bram_15                                                         | BLOCKRAM.BRAM.RAMB36E2 |
    | compute_U0/buffer_3_U/ram_reg_bram_0_i_62                                                     | CLB.LUT.LUT6           |
    | compute_U0/grp_compute_Pipeline_VITIS_LOOP_62_6_VITIS_LOOP_63_7_fu_138/ram_reg_bram_0_i_45    | CLB.LUT.LUT6           |
    | compute_U0/grp_compute_Pipeline_VITIS_LOOP_62_6_VITIS_LOOP_63_7_fu_138/ram_reg_bram_0_i_26__2 | CLB.LUT.LUT2           |
    | compute_U0/buffer_3_U/ram_reg_bram_1                                                          | BLOCKRAM.BRAM.RAMB36E2 |
    | compute_U0/buffer_1_U/ram_reg_bram_8                                                          | BLOCKRAM.BRAM.RAMB36E2 |
    | compute_U0/buffer_1_U/ram_reg_bram_9                                                          | BLOCKRAM.BRAM.RAMB36E2 |
    | compute_U0/buffer_1_U/ram_reg_bram_10                                                         | BLOCKRAM.BRAM.RAMB36E2 |
    | compute_U0/buffer_1_U/ram_reg_bram_11                                                         | BLOCKRAM.BRAM.RAMB36E2 |
    | compute_U0/buffer_1_U/ram_reg_bram_12                                                         | BLOCKRAM.BRAM.RAMB36E2 |
    | compute_U0/buffer_1_U/ram_reg_bram_13                                                         | BLOCKRAM.BRAM.RAMB36E2 |
    | compute_U0/buffer_1_U/ram_reg_bram_14                                                         | BLOCKRAM.BRAM.RAMB36E2 |
    | compute_U0/buffer_1_U/ram_reg_bram_15                                                         | BLOCKRAM.BRAM.RAMB36E2 |
    | compute_U0/buffer_3_U/ram_reg_bram_0_i_62                                                     | CLB.LUT.LUT6           |
    | compute_U0/grp_compute_Pipeline_VITIS_LOOP_62_6_VITIS_LOOP_63_7_fu_138/ram_reg_bram_0_i_45    | CLB.LUT.LUT6           |
    | compute_U0/grp_compute_Pipeline_VITIS_LOOP_62_6_VITIS_LOOP_63_7_fu_138/ram_reg_bram_0_i_26__2 | CLB.LUT.LUT2           |
    | compute_U0/buffer_3_U/ram_reg_bram_0                                                          | BLOCKRAM.BRAM.RAMB36E2 |
    | compute_U0/buffer_1_U/ram_reg_bram_8                                                          | BLOCKRAM.BRAM.RAMB36E2 |
    | compute_U0/buffer_1_U/ram_reg_bram_9                                                          | BLOCKRAM.BRAM.RAMB36E2 |
    | compute_U0/buffer_1_U/ram_reg_bram_10                                                         | BLOCKRAM.BRAM.RAMB36E2 |
    | compute_U0/buffer_1_U/ram_reg_bram_11                                                         | BLOCKRAM.BRAM.RAMB36E2 |
    | compute_U0/buffer_1_U/ram_reg_bram_12                                                         | BLOCKRAM.BRAM.RAMB36E2 |
    | compute_U0/buffer_1_U/ram_reg_bram_13                                                         | BLOCKRAM.BRAM.RAMB36E2 |
    | compute_U0/buffer_1_U/ram_reg_bram_14                                                         | BLOCKRAM.BRAM.RAMB36E2 |
    | compute_U0/buffer_1_U/ram_reg_bram_15                                                         | BLOCKRAM.BRAM.RAMB36E2 |
    | compute_U0/buffer_3_U/ram_reg_bram_0_i_62                                                     | CLB.LUT.LUT6           |
    | compute_U0/grp_compute_Pipeline_VITIS_LOOP_62_6_VITIS_LOOP_63_7_fu_138/ram_reg_bram_0_i_45    | CLB.LUT.LUT6           |
    | compute_U0/grp_compute_Pipeline_VITIS_LOOP_62_6_VITIS_LOOP_63_7_fu_138/ram_reg_bram_0_i_26__2 | CLB.LUT.LUT2           |
    | compute_U0/buffer_3_U/ram_reg_bram_2                                                          | BLOCKRAM.BRAM.RAMB36E2 |
    | compute_U0/buffer_1_U/ram_reg_bram_8                                                          | BLOCKRAM.BRAM.RAMB36E2 |
    | compute_U0/buffer_1_U/ram_reg_bram_9                                                          | BLOCKRAM.BRAM.RAMB36E2 |
    | compute_U0/buffer_1_U/ram_reg_bram_10                                                         | BLOCKRAM.BRAM.RAMB36E2 |
    | compute_U0/buffer_1_U/ram_reg_bram_11                                                         | BLOCKRAM.BRAM.RAMB36E2 |
    | compute_U0/buffer_1_U/ram_reg_bram_12                                                         | BLOCKRAM.BRAM.RAMB36E2 |
    | compute_U0/buffer_1_U/ram_reg_bram_13                                                         | BLOCKRAM.BRAM.RAMB36E2 |
    | compute_U0/buffer_1_U/ram_reg_bram_14                                                         | BLOCKRAM.BRAM.RAMB36E2 |
    | compute_U0/buffer_1_U/ram_reg_bram_15                                                         | BLOCKRAM.BRAM.RAMB36E2 |
    | compute_U0/buffer_3_U/ram_reg_bram_0_i_62                                                     | CLB.LUT.LUT6           |
    | compute_U0/grp_compute_Pipeline_VITIS_LOOP_62_6_VITIS_LOOP_63_7_fu_138/ram_reg_bram_0_i_45    | CLB.LUT.LUT6           |
    | compute_U0/grp_compute_Pipeline_VITIS_LOOP_62_6_VITIS_LOOP_63_7_fu_138/ram_reg_bram_0_i_26__2 | CLB.LUT.LUT2           |
    | compute_U0/buffer_3_U/ram_reg_bram_3                                                          | BLOCKRAM.BRAM.RAMB36E2 |
    | compute_U0/buffer_1_U/ram_reg_bram_8                                                          | BLOCKRAM.BRAM.RAMB36E2 |
    | compute_U0/buffer_1_U/ram_reg_bram_9                                                          | BLOCKRAM.BRAM.RAMB36E2 |
    | compute_U0/buffer_1_U/ram_reg_bram_10                                                         | BLOCKRAM.BRAM.RAMB36E2 |
    | compute_U0/buffer_1_U/ram_reg_bram_11                                                         | BLOCKRAM.BRAM.RAMB36E2 |
    | compute_U0/buffer_1_U/ram_reg_bram_12                                                         | BLOCKRAM.BRAM.RAMB36E2 |
    | compute_U0/buffer_1_U/ram_reg_bram_13                                                         | BLOCKRAM.BRAM.RAMB36E2 |
    | compute_U0/buffer_1_U/ram_reg_bram_14                                                         | BLOCKRAM.BRAM.RAMB36E2 |
    | compute_U0/buffer_1_U/ram_reg_bram_15                                                         | BLOCKRAM.BRAM.RAMB36E2 |
    | compute_U0/buffer_U/ram_reg_bram_0_i_137                                                      | CLB.LUT.LUT6           |
    | grid_initial_U/U_top_kernel_fifo_w24_d2_S_ShiftReg/ram_reg_bram_0_i_94                        | CLB.LUT.LUT6           |
    | compute_U0/grp_compute_Pipeline_VITIS_LOOP_62_6_VITIS_LOOP_63_7_fu_138/ram_reg_bram_0_i_38    | CLB.LUT.LUT6           |
    | compute_U0/buffer_1_U/ram_reg_bram_0                                                          | BLOCKRAM.BRAM.RAMB36E2 |
    +-----------------------------------------------------------------------------------------------+------------------------+

    +-----------------------------------------------------------------------------------------------+------------------------+
    | Path4 Cells                                                                                   | Primitive Type         |
    +-----------------------------------------------------------------------------------------------+------------------------+
    | compute_U0/buffer_1_U/ram_reg_bram_8                                                          | BLOCKRAM.BRAM.RAMB36E2 |
    | compute_U0/buffer_1_U/ram_reg_bram_9                                                          | BLOCKRAM.BRAM.RAMB36E2 |
    | compute_U0/buffer_1_U/ram_reg_bram_10                                                         | BLOCKRAM.BRAM.RAMB36E2 |
    | compute_U0/buffer_1_U/ram_reg_bram_11                                                         | BLOCKRAM.BRAM.RAMB36E2 |
    | compute_U0/buffer_1_U/ram_reg_bram_12                                                         | BLOCKRAM.BRAM.RAMB36E2 |
    | compute_U0/buffer_1_U/ram_reg_bram_13                                                         | BLOCKRAM.BRAM.RAMB36E2 |
    | compute_U0/buffer_1_U/ram_reg_bram_14                                                         | BLOCKRAM.BRAM.RAMB36E2 |
    | compute_U0/buffer_1_U/ram_reg_bram_15                                                         | BLOCKRAM.BRAM.RAMB36E2 |
    | compute_U0/buffer_3_U/ram_reg_bram_0_i_62                                                     | CLB.LUT.LUT6           |
    | compute_U0/grp_compute_Pipeline_VITIS_LOOP_62_6_VITIS_LOOP_63_7_fu_138/ram_reg_bram_0_i_45    | CLB.LUT.LUT6           |
    | compute_U0/grp_compute_Pipeline_VITIS_LOOP_62_6_VITIS_LOOP_63_7_fu_138/ram_reg_bram_0_i_26__2 | CLB.LUT.LUT2           |
    | compute_U0/buffer_3_U/ram_reg_bram_1                                                          | BLOCKRAM.BRAM.RAMB36E2 |
    | compute_U0/buffer_1_U/ram_reg_bram_8                                                          | BLOCKRAM.BRAM.RAMB36E2 |
    | compute_U0/buffer_1_U/ram_reg_bram_9                                                          | BLOCKRAM.BRAM.RAMB36E2 |
    | compute_U0/buffer_1_U/ram_reg_bram_10                                                         | BLOCKRAM.BRAM.RAMB36E2 |
    | compute_U0/buffer_1_U/ram_reg_bram_11                                                         | BLOCKRAM.BRAM.RAMB36E2 |
    | compute_U0/buffer_1_U/ram_reg_bram_12                                                         | BLOCKRAM.BRAM.RAMB36E2 |
    | compute_U0/buffer_1_U/ram_reg_bram_13                                                         | BLOCKRAM.BRAM.RAMB36E2 |
    | compute_U0/buffer_1_U/ram_reg_bram_14                                                         | BLOCKRAM.BRAM.RAMB36E2 |
    | compute_U0/buffer_1_U/ram_reg_bram_15                                                         | BLOCKRAM.BRAM.RAMB36E2 |
    | compute_U0/buffer_3_U/ram_reg_bram_0_i_62                                                     | CLB.LUT.LUT6           |
    | compute_U0/grp_compute_Pipeline_VITIS_LOOP_62_6_VITIS_LOOP_63_7_fu_138/ram_reg_bram_0_i_45    | CLB.LUT.LUT6           |
    | compute_U0/grp_compute_Pipeline_VITIS_LOOP_62_6_VITIS_LOOP_63_7_fu_138/ram_reg_bram_0_i_26__2 | CLB.LUT.LUT2           |
    | compute_U0/buffer_3_U/ram_reg_bram_0                                                          | BLOCKRAM.BRAM.RAMB36E2 |
    | compute_U0/buffer_1_U/ram_reg_bram_8                                                          | BLOCKRAM.BRAM.RAMB36E2 |
    | compute_U0/buffer_1_U/ram_reg_bram_9                                                          | BLOCKRAM.BRAM.RAMB36E2 |
    | compute_U0/buffer_1_U/ram_reg_bram_10                                                         | BLOCKRAM.BRAM.RAMB36E2 |
    | compute_U0/buffer_1_U/ram_reg_bram_11                                                         | BLOCKRAM.BRAM.RAMB36E2 |
    | compute_U0/buffer_1_U/ram_reg_bram_12                                                         | BLOCKRAM.BRAM.RAMB36E2 |
    | compute_U0/buffer_1_U/ram_reg_bram_13                                                         | BLOCKRAM.BRAM.RAMB36E2 |
    | compute_U0/buffer_1_U/ram_reg_bram_14                                                         | BLOCKRAM.BRAM.RAMB36E2 |
    | compute_U0/buffer_1_U/ram_reg_bram_15                                                         | BLOCKRAM.BRAM.RAMB36E2 |
    | compute_U0/buffer_3_U/ram_reg_bram_0_i_62                                                     | CLB.LUT.LUT6           |
    | compute_U0/grp_compute_Pipeline_VITIS_LOOP_62_6_VITIS_LOOP_63_7_fu_138/ram_reg_bram_0_i_45    | CLB.LUT.LUT6           |
    | compute_U0/grp_compute_Pipeline_VITIS_LOOP_62_6_VITIS_LOOP_63_7_fu_138/ram_reg_bram_0_i_26__2 | CLB.LUT.LUT2           |
    | compute_U0/buffer_3_U/ram_reg_bram_2                                                          | BLOCKRAM.BRAM.RAMB36E2 |
    | compute_U0/buffer_1_U/ram_reg_bram_8                                                          | BLOCKRAM.BRAM.RAMB36E2 |
    | compute_U0/buffer_1_U/ram_reg_bram_9                                                          | BLOCKRAM.BRAM.RAMB36E2 |
    | compute_U0/buffer_1_U/ram_reg_bram_10                                                         | BLOCKRAM.BRAM.RAMB36E2 |
    | compute_U0/buffer_1_U/ram_reg_bram_11                                                         | BLOCKRAM.BRAM.RAMB36E2 |
    | compute_U0/buffer_1_U/ram_reg_bram_12                                                         | BLOCKRAM.BRAM.RAMB36E2 |
    | compute_U0/buffer_1_U/ram_reg_bram_13                                                         | BLOCKRAM.BRAM.RAMB36E2 |
    | compute_U0/buffer_1_U/ram_reg_bram_14                                                         | BLOCKRAM.BRAM.RAMB36E2 |
    | compute_U0/buffer_1_U/ram_reg_bram_15                                                         | BLOCKRAM.BRAM.RAMB36E2 |
    | compute_U0/buffer_3_U/ram_reg_bram_0_i_62                                                     | CLB.LUT.LUT6           |
    | compute_U0/grp_compute_Pipeline_VITIS_LOOP_62_6_VITIS_LOOP_63_7_fu_138/ram_reg_bram_0_i_45    | CLB.LUT.LUT6           |
    | compute_U0/grp_compute_Pipeline_VITIS_LOOP_62_6_VITIS_LOOP_63_7_fu_138/ram_reg_bram_0_i_26__2 | CLB.LUT.LUT2           |
    | compute_U0/buffer_3_U/ram_reg_bram_3                                                          | BLOCKRAM.BRAM.RAMB36E2 |
    | compute_U0/buffer_1_U/ram_reg_bram_8                                                          | BLOCKRAM.BRAM.RAMB36E2 |
    | compute_U0/buffer_1_U/ram_reg_bram_9                                                          | BLOCKRAM.BRAM.RAMB36E2 |
    | compute_U0/buffer_1_U/ram_reg_bram_10                                                         | BLOCKRAM.BRAM.RAMB36E2 |
    | compute_U0/buffer_1_U/ram_reg_bram_11                                                         | BLOCKRAM.BRAM.RAMB36E2 |
    | compute_U0/buffer_1_U/ram_reg_bram_12                                                         | BLOCKRAM.BRAM.RAMB36E2 |
    | compute_U0/buffer_1_U/ram_reg_bram_13                                                         | BLOCKRAM.BRAM.RAMB36E2 |
    | compute_U0/buffer_1_U/ram_reg_bram_14                                                         | BLOCKRAM.BRAM.RAMB36E2 |
    | compute_U0/buffer_1_U/ram_reg_bram_15                                                         | BLOCKRAM.BRAM.RAMB36E2 |
    | compute_U0/buffer_U/ram_reg_bram_0_i_137                                                      | CLB.LUT.LUT6           |
    | grid_initial_U/U_top_kernel_fifo_w24_d2_S_ShiftReg/ram_reg_bram_0_i_94                        | CLB.LUT.LUT6           |
    | compute_U0/grp_compute_Pipeline_VITIS_LOOP_62_6_VITIS_LOOP_63_7_fu_138/ram_reg_bram_0_i_38    | CLB.LUT.LUT6           |
    | compute_U0/buffer_1_U/ram_reg_bram_0                                                          | BLOCKRAM.BRAM.RAMB36E2 |
    +-----------------------------------------------------------------------------------------------+------------------------+

    +-----------------------------------------------------------------------------------------------+------------------------+
    | Path5 Cells                                                                                   | Primitive Type         |
    +-----------------------------------------------------------------------------------------------+------------------------+
    | compute_U0/buffer_1_U/ram_reg_bram_8                                                          | BLOCKRAM.BRAM.RAMB36E2 |
    | compute_U0/buffer_1_U/ram_reg_bram_9                                                          | BLOCKRAM.BRAM.RAMB36E2 |
    | compute_U0/buffer_1_U/ram_reg_bram_10                                                         | BLOCKRAM.BRAM.RAMB36E2 |
    | compute_U0/buffer_1_U/ram_reg_bram_11                                                         | BLOCKRAM.BRAM.RAMB36E2 |
    | compute_U0/buffer_1_U/ram_reg_bram_12                                                         | BLOCKRAM.BRAM.RAMB36E2 |
    | compute_U0/buffer_1_U/ram_reg_bram_13                                                         | BLOCKRAM.BRAM.RAMB36E2 |
    | compute_U0/buffer_1_U/ram_reg_bram_14                                                         | BLOCKRAM.BRAM.RAMB36E2 |
    | compute_U0/buffer_1_U/ram_reg_bram_15                                                         | BLOCKRAM.BRAM.RAMB36E2 |
    | compute_U0/buffer_3_U/ram_reg_bram_0_i_62                                                     | CLB.LUT.LUT6           |
    | compute_U0/grp_compute_Pipeline_VITIS_LOOP_62_6_VITIS_LOOP_63_7_fu_138/ram_reg_bram_0_i_45    | CLB.LUT.LUT6           |
    | compute_U0/grp_compute_Pipeline_VITIS_LOOP_62_6_VITIS_LOOP_63_7_fu_138/ram_reg_bram_0_i_26__2 | CLB.LUT.LUT2           |
    | compute_U0/buffer_3_U/ram_reg_bram_1                                                          | BLOCKRAM.BRAM.RAMB36E2 |
    | compute_U0/buffer_1_U/ram_reg_bram_8                                                          | BLOCKRAM.BRAM.RAMB36E2 |
    | compute_U0/buffer_1_U/ram_reg_bram_9                                                          | BLOCKRAM.BRAM.RAMB36E2 |
    | compute_U0/buffer_1_U/ram_reg_bram_10                                                         | BLOCKRAM.BRAM.RAMB36E2 |
    | compute_U0/buffer_1_U/ram_reg_bram_11                                                         | BLOCKRAM.BRAM.RAMB36E2 |
    | compute_U0/buffer_1_U/ram_reg_bram_12                                                         | BLOCKRAM.BRAM.RAMB36E2 |
    | compute_U0/buffer_1_U/ram_reg_bram_13                                                         | BLOCKRAM.BRAM.RAMB36E2 |
    | compute_U0/buffer_1_U/ram_reg_bram_14                                                         | BLOCKRAM.BRAM.RAMB36E2 |
    | compute_U0/buffer_1_U/ram_reg_bram_15                                                         | BLOCKRAM.BRAM.RAMB36E2 |
    | compute_U0/buffer_3_U/ram_reg_bram_0_i_62                                                     | CLB.LUT.LUT6           |
    | compute_U0/grp_compute_Pipeline_VITIS_LOOP_62_6_VITIS_LOOP_63_7_fu_138/ram_reg_bram_0_i_45    | CLB.LUT.LUT6           |
    | compute_U0/grp_compute_Pipeline_VITIS_LOOP_62_6_VITIS_LOOP_63_7_fu_138/ram_reg_bram_0_i_26__2 | CLB.LUT.LUT2           |
    | compute_U0/buffer_3_U/ram_reg_bram_0                                                          | BLOCKRAM.BRAM.RAMB36E2 |
    | compute_U0/buffer_1_U/ram_reg_bram_8                                                          | BLOCKRAM.BRAM.RAMB36E2 |
    | compute_U0/buffer_1_U/ram_reg_bram_9                                                          | BLOCKRAM.BRAM.RAMB36E2 |
    | compute_U0/buffer_1_U/ram_reg_bram_10                                                         | BLOCKRAM.BRAM.RAMB36E2 |
    | compute_U0/buffer_1_U/ram_reg_bram_11                                                         | BLOCKRAM.BRAM.RAMB36E2 |
    | compute_U0/buffer_1_U/ram_reg_bram_12                                                         | BLOCKRAM.BRAM.RAMB36E2 |
    | compute_U0/buffer_1_U/ram_reg_bram_13                                                         | BLOCKRAM.BRAM.RAMB36E2 |
    | compute_U0/buffer_1_U/ram_reg_bram_14                                                         | BLOCKRAM.BRAM.RAMB36E2 |
    | compute_U0/buffer_1_U/ram_reg_bram_15                                                         | BLOCKRAM.BRAM.RAMB36E2 |
    | compute_U0/buffer_3_U/ram_reg_bram_0_i_62                                                     | CLB.LUT.LUT6           |
    | compute_U0/grp_compute_Pipeline_VITIS_LOOP_62_6_VITIS_LOOP_63_7_fu_138/ram_reg_bram_0_i_45    | CLB.LUT.LUT6           |
    | compute_U0/grp_compute_Pipeline_VITIS_LOOP_62_6_VITIS_LOOP_63_7_fu_138/ram_reg_bram_0_i_26__2 | CLB.LUT.LUT2           |
    | compute_U0/buffer_3_U/ram_reg_bram_2                                                          | BLOCKRAM.BRAM.RAMB36E2 |
    | compute_U0/buffer_1_U/ram_reg_bram_8                                                          | BLOCKRAM.BRAM.RAMB36E2 |
    | compute_U0/buffer_1_U/ram_reg_bram_9                                                          | BLOCKRAM.BRAM.RAMB36E2 |
    | compute_U0/buffer_1_U/ram_reg_bram_10                                                         | BLOCKRAM.BRAM.RAMB36E2 |
    | compute_U0/buffer_1_U/ram_reg_bram_11                                                         | BLOCKRAM.BRAM.RAMB36E2 |
    | compute_U0/buffer_1_U/ram_reg_bram_12                                                         | BLOCKRAM.BRAM.RAMB36E2 |
    | compute_U0/buffer_1_U/ram_reg_bram_13                                                         | BLOCKRAM.BRAM.RAMB36E2 |
    | compute_U0/buffer_1_U/ram_reg_bram_14                                                         | BLOCKRAM.BRAM.RAMB36E2 |
    | compute_U0/buffer_1_U/ram_reg_bram_15                                                         | BLOCKRAM.BRAM.RAMB36E2 |
    | compute_U0/buffer_3_U/ram_reg_bram_0_i_62                                                     | CLB.LUT.LUT6           |
    | compute_U0/grp_compute_Pipeline_VITIS_LOOP_62_6_VITIS_LOOP_63_7_fu_138/ram_reg_bram_0_i_45    | CLB.LUT.LUT6           |
    | compute_U0/grp_compute_Pipeline_VITIS_LOOP_62_6_VITIS_LOOP_63_7_fu_138/ram_reg_bram_0_i_26__2 | CLB.LUT.LUT2           |
    | compute_U0/buffer_3_U/ram_reg_bram_3                                                          | BLOCKRAM.BRAM.RAMB36E2 |
    | compute_U0/buffer_1_U/ram_reg_bram_8                                                          | BLOCKRAM.BRAM.RAMB36E2 |
    | compute_U0/buffer_1_U/ram_reg_bram_9                                                          | BLOCKRAM.BRAM.RAMB36E2 |
    | compute_U0/buffer_1_U/ram_reg_bram_10                                                         | BLOCKRAM.BRAM.RAMB36E2 |
    | compute_U0/buffer_1_U/ram_reg_bram_11                                                         | BLOCKRAM.BRAM.RAMB36E2 |
    | compute_U0/buffer_1_U/ram_reg_bram_12                                                         | BLOCKRAM.BRAM.RAMB36E2 |
    | compute_U0/buffer_1_U/ram_reg_bram_13                                                         | BLOCKRAM.BRAM.RAMB36E2 |
    | compute_U0/buffer_1_U/ram_reg_bram_14                                                         | BLOCKRAM.BRAM.RAMB36E2 |
    | compute_U0/buffer_1_U/ram_reg_bram_15                                                         | BLOCKRAM.BRAM.RAMB36E2 |
    | compute_U0/buffer_U/ram_reg_bram_0_i_137                                                      | CLB.LUT.LUT6           |
    | grid_initial_U/U_top_kernel_fifo_w24_d2_S_ShiftReg/ram_reg_bram_0_i_94                        | CLB.LUT.LUT6           |
    | compute_U0/grp_compute_Pipeline_VITIS_LOOP_62_6_VITIS_LOOP_63_7_fu_138/ram_reg_bram_0_i_38    | CLB.LUT.LUT6           |
    | compute_U0/buffer_1_U/ram_reg_bram_0                                                          | BLOCKRAM.BRAM.RAMB36E2 |
    +-----------------------------------------------------------------------------------------------+------------------------+


================================================================
== Place & Route Vivado Reports
================================================================
+--------------------------+--------------------------------------------------------------------+
| Report Type              | Report Location                                                    |
+--------------------------+--------------------------------------------------------------------+
| design_analysis          | impl/verilog/report/top_kernel_design_analysis_routed.rpt          |
| failfast                 | impl/verilog/report/top_kernel_failfast_routed.rpt                 |
| power                    | impl/verilog/report/top_kernel_power_routed.rpt                    |
| status                   | impl/verilog/report/top_kernel_status_routed.rpt                   |
| timing                   | impl/verilog/report/top_kernel_timing_routed.rpt                   |
| timing_paths             | impl/verilog/report/top_kernel_timing_paths_routed.rpt             |
| utilization              | impl/verilog/report/top_kernel_utilization_routed.rpt              |
| utilization_hierarchical | impl/verilog/report/top_kernel_utilization_hierarchical_routed.rpt |
+--------------------------+--------------------------------------------------------------------+


