================================================================
== Vivado Place & Route Results
================================================================
+ General Information:
    * Date:            Tue Feb 17 22:42:48 EST 2026
    * Version:         2025.1 (Build 6214317 on Sep 11 2025)
    * Project:         project_1
    * Solution:        hls (Vivado IP Flow Target)
    * Product family:  zynquplus
    * Target device:   xczu3eg-sbva484-1-e


================================================================
== Run Constraints & Options
================================================================
+ Design Constraints & Options:
    * Place & Route target clock:  10 ns
    * C-Synthesis target clock:    10 ns
    * C-Synthesis uncertainty:     27%

+ RTL Synthesis Options:
    * config_export -vivado_synth_strategy:     default
    * config_export -vivado_synth_design_args:  -directive sdx_optimization_effort_high

+ Place & Route Options:
    * config_export -vivado_impl_strategy:  default
    * config_export -vivado_phys_opt:       auto

+ Reporting Options:
    * config_export -vivado_report_level:      2
    * config_export -vivado_max_timing_paths:  10


================================================================
== Place & Route Resource Summary
================================================================
LUT:              2298
FF:               2555
DSP:              4
BRAM:             177
URAM:             0
SRL:              133


================================================================
== Place & Route Timing Summary
================================================================
* Timing was met
+----------------+-------------+
| Timing         | Period (ns) |
+----------------+-------------+
| Target         | 10.000      |
| Post-Synthesis | 5.784       |
| Post-Route     | 7.153       |
+----------------+-------------+


================================================================
== Place & Route Resources
================================================================
+------------------------------------------------------+------+------+-----+------+------+-----+--------+------+---------+----------+--------+
| Name                                                 | LUT  | FF   | DSP | BRAM | URAM | SRL | Pragma | Impl | Latency | Variable | Source |
+------------------------------------------------------+------+------+-----+------+------+-----+--------+------+---------+----------+--------+
| inst                                                 | 2298 | 2555 | 4   | 177  |      |     |        |      |         |          |        |
|   (inst)                                             | 94   | 608  |     |      |      |     |        |      |         |          |        |
|   A_in_m_axi_U                                       | 471  | 741  |     | 1    |      |     |        |      |         |          |        |
|   A_out_m_axi_U                                      | 659  | 998  |     |      |      |     |        |      |         |          |        |
|   control_s_axi_U                                    | 167  | 181  |     |      |      |     |        |      |         |          |        |
|   cur_U                                              | 425  | 4    |     | 88   |      |     |        |      |         |          |        |
|   grp_top_kernel_Pipeline_VITIS_LOOP_35_4_fu_488     | 237  | 21   |     |      |      |     |        |      |         |          |        |
|     (grp_top_kernel_Pipeline_VITIS_LOOP_35_4_fu_488) | 150  | 19   |     |      |      |     |        |      |         |          |        |
|   mul_39s_24ns_63_1_1_U3                             | 104  |      | 2   |      |      |     |        |      |         |          |        |
|   mul_39s_26ns_65_1_1_U4                             |      |      |     |      |      |     |        |      |         |          |        |
|   nxt_U                                              | 100  | 2    |     | 88   |      |     |        |      |         |          |        |
+------------------------------------------------------+------+------+-----+------+------+-----+--------+------+---------+----------+--------+


================================================================
== Place & Route Fail Fast
================================================================
+-----------------------------------------------------------+-----------+--------+--------+
| Criteria                                                  | Guideline | Actual | Status |
+-----------------------------------------------------------+-----------+--------+--------+
| LUT                                                       | 70%       | 3.26%  | OK     |
| FD                                                        | 50%       | 1.81%  | OK     |
| LUTRAM+SRL                                                | 25%       | 0.46%  | OK     |
| CARRY8                                                    | 25%       | 1.12%  | OK     |
| MUXF7                                                     | 15%       | 0.00%  | OK     |
| DSP                                                       | 80%       | 1.11%  | OK     |
| RAMB/FIFO                                                 | 80%       | 40.97% | OK     |
| DSP+RAMB+URAM (Avg)                                       | 70%       | 21.04% | OK     |
| BUFGCE* + BUFGCTRL                                        | 24        | 0      | OK     |
| DONT_TOUCH (cells/nets)                                   | 0         | 0      | OK     |
| MARK_DEBUG (nets)                                         | 0         | 0      | OK     |
| Control Sets                                              | 1323      | 117    | OK     |
| Average Fanout for modules > 100k cells                   | 4         | 2.25   | OK     |
| Max Average Fanout for modules > 100k cells               | 4         | 0      | OK     |
| Non-FD high fanout nets > 10k loads                       | 0         | 0      | OK     |
+-----------------------------------------------------------+-----------+--------+--------+
| TIMING-6 (No common primary clock between related clocks) | 0         | 0      | OK     |
| TIMING-7 (No common node between related clocks)          | 0         | 0      | OK     |
| TIMING-8 (No common period between related clocks)        | 0         | 0      | OK     |
| TIMING-14 (LUT on the clock tree)                         | 0         | 0      | OK     |
| TIMING-35 (No common node in paths with the same clock)   | 0         | 0      | OK     |
+-----------------------------------------------------------+-----------+--------+--------+
| Number of paths above max LUT budgeting (0.350ns)         | 0         | 0      | OK     |
| Number of paths above max Net budgeting (0.239ns)         | 0         | 0      | OK     |
+-----------------------------------------------------------+-----------+--------+--------+


================================================================
== Place & Route Timing Paths
================================================================
* Timing was met
+-------+-------+---------------------------------+---------------------------------------------------------------+--------------+------------+----------------+----------------+--------------+
| Path  | SLACK | STARTPOINT PIN                  | ENDPOINT PIN                                                  | LOGIC LEVELS | MAX FANOUT | DATAPATH DELAY | DATAPATH LOGIC | DATAPATH NET |
|       |       |                                 |                                                               |              |            |                |          DELAY |        DELAY |
+-------+-------+---------------------------------+---------------------------------------------------------------+--------------+------------+----------------+----------------+--------------+
| Path1 | 2.847 | cur_U/ram_reg_bram_0/CLKARDCLK  | mul_39s_24ns_63_1_1_U3/tmp_product__0/DSP_A_B_DATA_INST/B[14] |           16 |          3 |          6.783 |          4.128 |        2.655 |
| Path2 | 2.914 | cur_U/ram_reg_bram_0/CLKARDCLK  | mul_39s_24ns_63_1_1_U3/tmp_product__0/DSP_A_B_DATA_INST/B[15] |           16 |          3 |          6.728 |          4.164 |        2.564 |
| Path3 | 2.918 | nxt_U/ram_reg_bram_24/CLKARDCLK | cur_U/ram_reg_bram_16/DINADIN[9]                              |            9 |         32 |          6.716 |          2.807 |        3.909 |
| Path4 | 2.924 | nxt_U/ram_reg_bram_0/CLKARDCLK  | cur_U/ram_reg_bram_16/DINPADINP[1]                            |            9 |         32 |          6.745 |          2.922 |        3.823 |
| Path5 | 2.935 | cur_U/ram_reg_bram_0/CLKARDCLK  | mul_39s_26ns_65_1_1_U4/tmp_product__0/DSP_A_B_DATA_INST/B[15] |           16 |          3 |          6.707 |          4.164 |        2.543 |
+-------+-------+---------------------------------+---------------------------------------------------------------+--------------+------------+----------------+----------------+--------------+

    +---------------------------------------------------------+------------------------+
    | Path1 Cells                                             | Primitive Type         |
    +---------------------------------------------------------+------------------------+
    | cur_U/ram_reg_bram_0                                    | BLOCKRAM.BRAM.RAMB36E2 |
    | cur_U/ram_reg_bram_1                                    | BLOCKRAM.BRAM.RAMB36E2 |
    | cur_U/ram_reg_bram_2                                    | BLOCKRAM.BRAM.RAMB36E2 |
    | cur_U/ram_reg_bram_3                                    | BLOCKRAM.BRAM.RAMB36E2 |
    | cur_U/ram_reg_bram_4                                    | BLOCKRAM.BRAM.RAMB36E2 |
    | cur_U/ram_reg_bram_5                                    | BLOCKRAM.BRAM.RAMB36E2 |
    | cur_U/ram_reg_bram_6                                    | BLOCKRAM.BRAM.RAMB36E2 |
    | cur_U/ram_reg_bram_7                                    | BLOCKRAM.BRAM.RAMB36E2 |
    | cur_U/ram_reg_bram_0_i_86                               | CLB.LUT.LUT6           |
    | cur_U/tmp_product_i_26                                  | CLB.LUT.LUT2           |
    | cur_U/tmp_product_i_10                                  | CLB.CARRY.CARRY8       |
    | cur_U/sum_axis_reg_1627_reg[38]_i_20                    | CLB.CARRY.CARRY8       |
    | cur_U/sum_axis_reg_1627[38]_i_28                        | CLB.LUT.LUT2           |
    | cur_U/sum_axis_reg_1627_reg[38]_i_10                    | CLB.CARRY.CARRY8       |
    | cur_U/tmp_product__0_i_3                                | CLB.LUT.LUT2           |
    | cur_U/tmp_product__0_i_1                                | CLB.CARRY.CARRY8       |
    | cur_U/sum_axis_reg_1627_reg[34]_i_1                     | CLB.CARRY.CARRY8       |
    | mul_39s_24ns_63_1_1_U3/tmp_product__0/DSP_A_B_DATA_INST | ARITHMETIC.DSP.DSP48E2 |
    | cur_U/ram_reg_bram_0                                    | BLOCKRAM.BRAM.RAMB36E2 |
    | cur_U/ram_reg_bram_1                                    | BLOCKRAM.BRAM.RAMB36E2 |
    | cur_U/ram_reg_bram_2                                    | BLOCKRAM.BRAM.RAMB36E2 |
    | cur_U/ram_reg_bram_3                                    | BLOCKRAM.BRAM.RAMB36E2 |
    | cur_U/ram_reg_bram_4                                    | BLOCKRAM.BRAM.RAMB36E2 |
    | cur_U/ram_reg_bram_5                                    | BLOCKRAM.BRAM.RAMB36E2 |
    | cur_U/ram_reg_bram_6                                    | BLOCKRAM.BRAM.RAMB36E2 |
    | cur_U/ram_reg_bram_7                                    | BLOCKRAM.BRAM.RAMB36E2 |
    | cur_U/ram_reg_bram_0_i_86                               | CLB.LUT.LUT6           |
    | cur_U/tmp_product_i_26                                  | CLB.LUT.LUT2           |
    | cur_U/tmp_product_i_10                                  | CLB.CARRY.CARRY8       |
    | cur_U/sum_axis_reg_1627_reg[38]_i_20                    | CLB.CARRY.CARRY8       |
    | cur_U/sum_axis_reg_1627[38]_i_28                        | CLB.LUT.LUT2           |
    | cur_U/sum_axis_reg_1627_reg[38]_i_10                    | CLB.CARRY.CARRY8       |
    | cur_U/tmp_product__0_i_3                                | CLB.LUT.LUT2           |
    | cur_U/tmp_product__0_i_1                                | CLB.CARRY.CARRY8       |
    | cur_U/sum_axis_reg_1627_reg[34]_i_1                     | CLB.CARRY.CARRY8       |
    | mul_39s_24ns_63_1_1_U3/tmp_product__0/DSP_A_B_DATA_INST | ARITHMETIC.DSP.DSP48E2 |
    | nxt_U/ram_reg_bram_24                                   | BLOCKRAM.BRAM.RAMB36E2 |
    | nxt_U/ram_reg_bram_25                                   | BLOCKRAM.BRAM.RAMB36E2 |
    | nxt_U/ram_reg_bram_26                                   | BLOCKRAM.BRAM.RAMB36E2 |
    | nxt_U/ram_reg_bram_27                                   | BLOCKRAM.BRAM.RAMB36E2 |
    | nxt_U/ram_reg_bram_28                                   | BLOCKRAM.BRAM.RAMB36E2 |
    | nxt_U/ram_reg_bram_29                                   | BLOCKRAM.BRAM.RAMB36E2 |
    | nxt_U/ram_reg_bram_30                                   | BLOCKRAM.BRAM.RAMB36E2 |
    | nxt_U/ram_reg_bram_31                                   | BLOCKRAM.BRAM.RAMB36E2 |
    | nxt_U/ram_reg_bram_0_i_86__0                            | CLB.LUT.LUT6           |
    | nxt_U/ram_reg_bram_0_i_31__0                            | CLB.LUT.LUT3           |
    | cur_U/ram_reg_bram_16                                   | BLOCKRAM.BRAM.RAMB36E2 |
    | nxt_U/ram_reg_bram_0                                    | BLOCKRAM.BRAM.RAMB36E2 |
    | nxt_U/ram_reg_bram_1                                    | BLOCKRAM.BRAM.RAMB36E2 |
    | nxt_U/ram_reg_bram_2                                    | BLOCKRAM.BRAM.RAMB36E2 |
    | nxt_U/ram_reg_bram_3                                    | BLOCKRAM.BRAM.RAMB36E2 |
    | nxt_U/ram_reg_bram_4                                    | BLOCKRAM.BRAM.RAMB36E2 |
    | nxt_U/ram_reg_bram_5                                    | BLOCKRAM.BRAM.RAMB36E2 |
    | nxt_U/ram_reg_bram_6                                    | BLOCKRAM.BRAM.RAMB36E2 |
    | nxt_U/ram_reg_bram_7                                    | BLOCKRAM.BRAM.RAMB36E2 |
    | nxt_U/ram_reg_bram_0_i_96                               | CLB.LUT.LUT6           |
    | nxt_U/ram_reg_bram_0_i_41__0                            | CLB.LUT.LUT3           |
    | cur_U/ram_reg_bram_16                                   | BLOCKRAM.BRAM.RAMB36E2 |
    | cur_U/ram_reg_bram_0                                    | BLOCKRAM.BRAM.RAMB36E2 |
    | cur_U/ram_reg_bram_1                                    | BLOCKRAM.BRAM.RAMB36E2 |
    | cur_U/ram_reg_bram_2                                    | BLOCKRAM.BRAM.RAMB36E2 |
    | cur_U/ram_reg_bram_3                                    | BLOCKRAM.BRAM.RAMB36E2 |
    | cur_U/ram_reg_bram_4                                    | BLOCKRAM.BRAM.RAMB36E2 |
    | cur_U/ram_reg_bram_5                                    | BLOCKRAM.BRAM.RAMB36E2 |
    | cur_U/ram_reg_bram_6                                    | BLOCKRAM.BRAM.RAMB36E2 |
    | cur_U/ram_reg_bram_7                                    | BLOCKRAM.BRAM.RAMB36E2 |
    | cur_U/ram_reg_bram_0_i_86                               | CLB.LUT.LUT6           |
    | cur_U/tmp_product_i_26                                  | CLB.LUT.LUT2           |
    | cur_U/tmp_product_i_10                                  | CLB.CARRY.CARRY8       |
    | cur_U/sum_axis_reg_1627_reg[38]_i_20                    | CLB.CARRY.CARRY8       |
    | cur_U/sum_axis_reg_1627[38]_i_28                        | CLB.LUT.LUT2           |
    | cur_U/sum_axis_reg_1627_reg[38]_i_10                    | CLB.CARRY.CARRY8       |
    | cur_U/tmp_product__0_i_3                                | CLB.LUT.LUT2           |
    | cur_U/tmp_product__0_i_1                                | CLB.CARRY.CARRY8       |
    | cur_U/sum_axis_reg_1627_reg[34]_i_1                     | CLB.CARRY.CARRY8       |
    | mul_39s_26ns_65_1_1_U4/tmp_product__0/DSP_A_B_DATA_INST | ARITHMETIC.DSP.DSP48E2 |
    +---------------------------------------------------------+------------------------+

    +---------------------------------------------------------+------------------------+
    | Path2 Cells                                             | Primitive Type         |
    +---------------------------------------------------------+------------------------+
    | cur_U/ram_reg_bram_0                                    | BLOCKRAM.BRAM.RAMB36E2 |
    | cur_U/ram_reg_bram_1                                    | BLOCKRAM.BRAM.RAMB36E2 |
    | cur_U/ram_reg_bram_2                                    | BLOCKRAM.BRAM.RAMB36E2 |
    | cur_U/ram_reg_bram_3                                    | BLOCKRAM.BRAM.RAMB36E2 |
    | cur_U/ram_reg_bram_4                                    | BLOCKRAM.BRAM.RAMB36E2 |
    | cur_U/ram_reg_bram_5                                    | BLOCKRAM.BRAM.RAMB36E2 |
    | cur_U/ram_reg_bram_6                                    | BLOCKRAM.BRAM.RAMB36E2 |
    | cur_U/ram_reg_bram_7                                    | BLOCKRAM.BRAM.RAMB36E2 |
    | cur_U/ram_reg_bram_0_i_86                               | CLB.LUT.LUT6           |
    | cur_U/tmp_product_i_26                                  | CLB.LUT.LUT2           |
    | cur_U/tmp_product_i_10                                  | CLB.CARRY.CARRY8       |
    | cur_U/sum_axis_reg_1627_reg[38]_i_20                    | CLB.CARRY.CARRY8       |
    | cur_U/sum_axis_reg_1627[38]_i_28                        | CLB.LUT.LUT2           |
    | cur_U/sum_axis_reg_1627_reg[38]_i_10                    | CLB.CARRY.CARRY8       |
    | cur_U/tmp_product__0_i_3                                | CLB.LUT.LUT2           |
    | cur_U/tmp_product__0_i_1                                | CLB.CARRY.CARRY8       |
    | cur_U/sum_axis_reg_1627_reg[34]_i_1                     | CLB.CARRY.CARRY8       |
    | mul_39s_24ns_63_1_1_U3/tmp_product__0/DSP_A_B_DATA_INST | ARITHMETIC.DSP.DSP48E2 |
    | cur_U/ram_reg_bram_0                                    | BLOCKRAM.BRAM.RAMB36E2 |
    | cur_U/ram_reg_bram_1                                    | BLOCKRAM.BRAM.RAMB36E2 |
    | cur_U/ram_reg_bram_2                                    | BLOCKRAM.BRAM.RAMB36E2 |
    | cur_U/ram_reg_bram_3                                    | BLOCKRAM.BRAM.RAMB36E2 |
    | cur_U/ram_reg_bram_4                                    | BLOCKRAM.BRAM.RAMB36E2 |
    | cur_U/ram_reg_bram_5                                    | BLOCKRAM.BRAM.RAMB36E2 |
    | cur_U/ram_reg_bram_6                                    | BLOCKRAM.BRAM.RAMB36E2 |
    | cur_U/ram_reg_bram_7                                    | BLOCKRAM.BRAM.RAMB36E2 |
    | cur_U/ram_reg_bram_0_i_86                               | CLB.LUT.LUT6           |
    | cur_U/tmp_product_i_26                                  | CLB.LUT.LUT2           |
    | cur_U/tmp_product_i_10                                  | CLB.CARRY.CARRY8       |
    | cur_U/sum_axis_reg_1627_reg[38]_i_20                    | CLB.CARRY.CARRY8       |
    | cur_U/sum_axis_reg_1627[38]_i_28                        | CLB.LUT.LUT2           |
    | cur_U/sum_axis_reg_1627_reg[38]_i_10                    | CLB.CARRY.CARRY8       |
    | cur_U/tmp_product__0_i_3                                | CLB.LUT.LUT2           |
    | cur_U/tmp_product__0_i_1                                | CLB.CARRY.CARRY8       |
    | cur_U/sum_axis_reg_1627_reg[34]_i_1                     | CLB.CARRY.CARRY8       |
    | mul_39s_24ns_63_1_1_U3/tmp_product__0/DSP_A_B_DATA_INST | ARITHMETIC.DSP.DSP48E2 |
    | nxt_U/ram_reg_bram_24                                   | BLOCKRAM.BRAM.RAMB36E2 |
    | nxt_U/ram_reg_bram_25                                   | BLOCKRAM.BRAM.RAMB36E2 |
    | nxt_U/ram_reg_bram_26                                   | BLOCKRAM.BRAM.RAMB36E2 |
    | nxt_U/ram_reg_bram_27                                   | BLOCKRAM.BRAM.RAMB36E2 |
    | nxt_U/ram_reg_bram_28                                   | BLOCKRAM.BRAM.RAMB36E2 |
    | nxt_U/ram_reg_bram_29                                   | BLOCKRAM.BRAM.RAMB36E2 |
    | nxt_U/ram_reg_bram_30                                   | BLOCKRAM.BRAM.RAMB36E2 |
    | nxt_U/ram_reg_bram_31                                   | BLOCKRAM.BRAM.RAMB36E2 |
    | nxt_U/ram_reg_bram_0_i_86__0                            | CLB.LUT.LUT6           |
    | nxt_U/ram_reg_bram_0_i_31__0                            | CLB.LUT.LUT3           |
    | cur_U/ram_reg_bram_16                                   | BLOCKRAM.BRAM.RAMB36E2 |
    | nxt_U/ram_reg_bram_0                                    | BLOCKRAM.BRAM.RAMB36E2 |
    | nxt_U/ram_reg_bram_1                                    | BLOCKRAM.BRAM.RAMB36E2 |
    | nxt_U/ram_reg_bram_2                                    | BLOCKRAM.BRAM.RAMB36E2 |
    | nxt_U/ram_reg_bram_3                                    | BLOCKRAM.BRAM.RAMB36E2 |
    | nxt_U/ram_reg_bram_4                                    | BLOCKRAM.BRAM.RAMB36E2 |
    | nxt_U/ram_reg_bram_5                                    | BLOCKRAM.BRAM.RAMB36E2 |
    | nxt_U/ram_reg_bram_6                                    | BLOCKRAM.BRAM.RAMB36E2 |
    | nxt_U/ram_reg_bram_7                                    | BLOCKRAM.BRAM.RAMB36E2 |
    | nxt_U/ram_reg_bram_0_i_96                               | CLB.LUT.LUT6           |
    | nxt_U/ram_reg_bram_0_i_41__0                            | CLB.LUT.LUT3           |
    | cur_U/ram_reg_bram_16                                   | BLOCKRAM.BRAM.RAMB36E2 |
    | cur_U/ram_reg_bram_0                                    | BLOCKRAM.BRAM.RAMB36E2 |
    | cur_U/ram_reg_bram_1                                    | BLOCKRAM.BRAM.RAMB36E2 |
    | cur_U/ram_reg_bram_2                                    | BLOCKRAM.BRAM.RAMB36E2 |
    | cur_U/ram_reg_bram_3                                    | BLOCKRAM.BRAM.RAMB36E2 |
    | cur_U/ram_reg_bram_4                                    | BLOCKRAM.BRAM.RAMB36E2 |
    | cur_U/ram_reg_bram_5                                    | BLOCKRAM.BRAM.RAMB36E2 |
    | cur_U/ram_reg_bram_6                                    | BLOCKRAM.BRAM.RAMB36E2 |
    | cur_U/ram_reg_bram_7                                    | BLOCKRAM.BRAM.RAMB36E2 |
    | cur_U/ram_reg_bram_0_i_86                               | CLB.LUT.LUT6           |
    | cur_U/tmp_product_i_26                                  | CLB.LUT.LUT2           |
    | cur_U/tmp_product_i_10                                  | CLB.CARRY.CARRY8       |
    | cur_U/sum_axis_reg_1627_reg[38]_i_20                    | CLB.CARRY.CARRY8       |
    | cur_U/sum_axis_reg_1627[38]_i_28                        | CLB.LUT.LUT2           |
    | cur_U/sum_axis_reg_1627_reg[38]_i_10                    | CLB.CARRY.CARRY8       |
    | cur_U/tmp_product__0_i_3                                | CLB.LUT.LUT2           |
    | cur_U/tmp_product__0_i_1                                | CLB.CARRY.CARRY8       |
    | cur_U/sum_axis_reg_1627_reg[34]_i_1                     | CLB.CARRY.CARRY8       |
    | mul_39s_26ns_65_1_1_U4/tmp_product__0/DSP_A_B_DATA_INST | ARITHMETIC.DSP.DSP48E2 |
    +---------------------------------------------------------+------------------------+

    +---------------------------------------------------------+------------------------+
    | Path3 Cells                                             | Primitive Type         |
    +---------------------------------------------------------+------------------------+
    | cur_U/ram_reg_bram_0                                    | BLOCKRAM.BRAM.RAMB36E2 |
    | cur_U/ram_reg_bram_1                                    | BLOCKRAM.BRAM.RAMB36E2 |
    | cur_U/ram_reg_bram_2                                    | BLOCKRAM.BRAM.RAMB36E2 |
    | cur_U/ram_reg_bram_3                                    | BLOCKRAM.BRAM.RAMB36E2 |
    | cur_U/ram_reg_bram_4                                    | BLOCKRAM.BRAM.RAMB36E2 |
    | cur_U/ram_reg_bram_5                                    | BLOCKRAM.BRAM.RAMB36E2 |
    | cur_U/ram_reg_bram_6                                    | BLOCKRAM.BRAM.RAMB36E2 |
    | cur_U/ram_reg_bram_7                                    | BLOCKRAM.BRAM.RAMB36E2 |
    | cur_U/ram_reg_bram_0_i_86                               | CLB.LUT.LUT6           |
    | cur_U/tmp_product_i_26                                  | CLB.LUT.LUT2           |
    | cur_U/tmp_product_i_10                                  | CLB.CARRY.CARRY8       |
    | cur_U/sum_axis_reg_1627_reg[38]_i_20                    | CLB.CARRY.CARRY8       |
    | cur_U/sum_axis_reg_1627[38]_i_28                        | CLB.LUT.LUT2           |
    | cur_U/sum_axis_reg_1627_reg[38]_i_10                    | CLB.CARRY.CARRY8       |
    | cur_U/tmp_product__0_i_3                                | CLB.LUT.LUT2           |
    | cur_U/tmp_product__0_i_1                                | CLB.CARRY.CARRY8       |
    | cur_U/sum_axis_reg_1627_reg[34]_i_1                     | CLB.CARRY.CARRY8       |
    | mul_39s_24ns_63_1_1_U3/tmp_product__0/DSP_A_B_DATA_INST | ARITHMETIC.DSP.DSP48E2 |
    | cur_U/ram_reg_bram_0                                    | BLOCKRAM.BRAM.RAMB36E2 |
    | cur_U/ram_reg_bram_1                                    | BLOCKRAM.BRAM.RAMB36E2 |
    | cur_U/ram_reg_bram_2                                    | BLOCKRAM.BRAM.RAMB36E2 |
    | cur_U/ram_reg_bram_3                                    | BLOCKRAM.BRAM.RAMB36E2 |
    | cur_U/ram_reg_bram_4                                    | BLOCKRAM.BRAM.RAMB36E2 |
    | cur_U/ram_reg_bram_5                                    | BLOCKRAM.BRAM.RAMB36E2 |
    | cur_U/ram_reg_bram_6                                    | BLOCKRAM.BRAM.RAMB36E2 |
    | cur_U/ram_reg_bram_7                                    | BLOCKRAM.BRAM.RAMB36E2 |
    | cur_U/ram_reg_bram_0_i_86                               | CLB.LUT.LUT6           |
    | cur_U/tmp_product_i_26                                  | CLB.LUT.LUT2           |
    | cur_U/tmp_product_i_10                                  | CLB.CARRY.CARRY8       |
    | cur_U/sum_axis_reg_1627_reg[38]_i_20                    | CLB.CARRY.CARRY8       |
    | cur_U/sum_axis_reg_1627[38]_i_28                        | CLB.LUT.LUT2           |
    | cur_U/sum_axis_reg_1627_reg[38]_i_10                    | CLB.CARRY.CARRY8       |
    | cur_U/tmp_product__0_i_3                                | CLB.LUT.LUT2           |
    | cur_U/tmp_product__0_i_1                                | CLB.CARRY.CARRY8       |
    | cur_U/sum_axis_reg_1627_reg[34]_i_1                     | CLB.CARRY.CARRY8       |
    | mul_39s_24ns_63_1_1_U3/tmp_product__0/DSP_A_B_DATA_INST | ARITHMETIC.DSP.DSP48E2 |
    | nxt_U/ram_reg_bram_24                                   | BLOCKRAM.BRAM.RAMB36E2 |
    | nxt_U/ram_reg_bram_25                                   | BLOCKRAM.BRAM.RAMB36E2 |
    | nxt_U/ram_reg_bram_26                                   | BLOCKRAM.BRAM.RAMB36E2 |
    | nxt_U/ram_reg_bram_27                                   | BLOCKRAM.BRAM.RAMB36E2 |
    | nxt_U/ram_reg_bram_28                                   | BLOCKRAM.BRAM.RAMB36E2 |
    | nxt_U/ram_reg_bram_29                                   | BLOCKRAM.BRAM.RAMB36E2 |
    | nxt_U/ram_reg_bram_30                                   | BLOCKRAM.BRAM.RAMB36E2 |
    | nxt_U/ram_reg_bram_31                                   | BLOCKRAM.BRAM.RAMB36E2 |
    | nxt_U/ram_reg_bram_0_i_86__0                            | CLB.LUT.LUT6           |
    | nxt_U/ram_reg_bram_0_i_31__0                            | CLB.LUT.LUT3           |
    | cur_U/ram_reg_bram_16                                   | BLOCKRAM.BRAM.RAMB36E2 |
    | nxt_U/ram_reg_bram_0                                    | BLOCKRAM.BRAM.RAMB36E2 |
    | nxt_U/ram_reg_bram_1                                    | BLOCKRAM.BRAM.RAMB36E2 |
    | nxt_U/ram_reg_bram_2                                    | BLOCKRAM.BRAM.RAMB36E2 |
    | nxt_U/ram_reg_bram_3                                    | BLOCKRAM.BRAM.RAMB36E2 |
    | nxt_U/ram_reg_bram_4                                    | BLOCKRAM.BRAM.RAMB36E2 |
    | nxt_U/ram_reg_bram_5                                    | BLOCKRAM.BRAM.RAMB36E2 |
    | nxt_U/ram_reg_bram_6                                    | BLOCKRAM.BRAM.RAMB36E2 |
    | nxt_U/ram_reg_bram_7                                    | BLOCKRAM.BRAM.RAMB36E2 |
    | nxt_U/ram_reg_bram_0_i_96                               | CLB.LUT.LUT6           |
    | nxt_U/ram_reg_bram_0_i_41__0                            | CLB.LUT.LUT3           |
    | cur_U/ram_reg_bram_16                                   | BLOCKRAM.BRAM.RAMB36E2 |
    | cur_U/ram_reg_bram_0                                    | BLOCKRAM.BRAM.RAMB36E2 |
    | cur_U/ram_reg_bram_1                                    | BLOCKRAM.BRAM.RAMB36E2 |
    | cur_U/ram_reg_bram_2                                    | BLOCKRAM.BRAM.RAMB36E2 |
    | cur_U/ram_reg_bram_3                                    | BLOCKRAM.BRAM.RAMB36E2 |
    | cur_U/ram_reg_bram_4                                    | BLOCKRAM.BRAM.RAMB36E2 |
    | cur_U/ram_reg_bram_5                                    | BLOCKRAM.BRAM.RAMB36E2 |
    | cur_U/ram_reg_bram_6                                    | BLOCKRAM.BRAM.RAMB36E2 |
    | cur_U/ram_reg_bram_7                                    | BLOCKRAM.BRAM.RAMB36E2 |
    | cur_U/ram_reg_bram_0_i_86                               | CLB.LUT.LUT6           |
    | cur_U/tmp_product_i_26                                  | CLB.LUT.LUT2           |
    | cur_U/tmp_product_i_10                                  | CLB.CARRY.CARRY8       |
    | cur_U/sum_axis_reg_1627_reg[38]_i_20                    | CLB.CARRY.CARRY8       |
    | cur_U/sum_axis_reg_1627[38]_i_28                        | CLB.LUT.LUT2           |
    | cur_U/sum_axis_reg_1627_reg[38]_i_10                    | CLB.CARRY.CARRY8       |
    | cur_U/tmp_product__0_i_3                                | CLB.LUT.LUT2           |
    | cur_U/tmp_product__0_i_1                                | CLB.CARRY.CARRY8       |
    | cur_U/sum_axis_reg_1627_reg[34]_i_1                     | CLB.CARRY.CARRY8       |
    | mul_39s_26ns_65_1_1_U4/tmp_product__0/DSP_A_B_DATA_INST | ARITHMETIC.DSP.DSP48E2 |
    +---------------------------------------------------------+------------------------+

    +---------------------------------------------------------+------------------------+
    | Path4 Cells                                             | Primitive Type         |
    +---------------------------------------------------------+------------------------+
    | cur_U/ram_reg_bram_0                                    | BLOCKRAM.BRAM.RAMB36E2 |
    | cur_U/ram_reg_bram_1                                    | BLOCKRAM.BRAM.RAMB36E2 |
    | cur_U/ram_reg_bram_2                                    | BLOCKRAM.BRAM.RAMB36E2 |
    | cur_U/ram_reg_bram_3                                    | BLOCKRAM.BRAM.RAMB36E2 |
    | cur_U/ram_reg_bram_4                                    | BLOCKRAM.BRAM.RAMB36E2 |
    | cur_U/ram_reg_bram_5                                    | BLOCKRAM.BRAM.RAMB36E2 |
    | cur_U/ram_reg_bram_6                                    | BLOCKRAM.BRAM.RAMB36E2 |
    | cur_U/ram_reg_bram_7                                    | BLOCKRAM.BRAM.RAMB36E2 |
    | cur_U/ram_reg_bram_0_i_86                               | CLB.LUT.LUT6           |
    | cur_U/tmp_product_i_26                                  | CLB.LUT.LUT2           |
    | cur_U/tmp_product_i_10                                  | CLB.CARRY.CARRY8       |
    | cur_U/sum_axis_reg_1627_reg[38]_i_20                    | CLB.CARRY.CARRY8       |
    | cur_U/sum_axis_reg_1627[38]_i_28                        | CLB.LUT.LUT2           |
    | cur_U/sum_axis_reg_1627_reg[38]_i_10                    | CLB.CARRY.CARRY8       |
    | cur_U/tmp_product__0_i_3                                | CLB.LUT.LUT2           |
    | cur_U/tmp_product__0_i_1                                | CLB.CARRY.CARRY8       |
    | cur_U/sum_axis_reg_1627_reg[34]_i_1                     | CLB.CARRY.CARRY8       |
    | mul_39s_24ns_63_1_1_U3/tmp_product__0/DSP_A_B_DATA_INST | ARITHMETIC.DSP.DSP48E2 |
    | cur_U/ram_reg_bram_0                                    | BLOCKRAM.BRAM.RAMB36E2 |
    | cur_U/ram_reg_bram_1                                    | BLOCKRAM.BRAM.RAMB36E2 |
    | cur_U/ram_reg_bram_2                                    | BLOCKRAM.BRAM.RAMB36E2 |
    | cur_U/ram_reg_bram_3                                    | BLOCKRAM.BRAM.RAMB36E2 |
    | cur_U/ram_reg_bram_4                                    | BLOCKRAM.BRAM.RAMB36E2 |
    | cur_U/ram_reg_bram_5                                    | BLOCKRAM.BRAM.RAMB36E2 |
    | cur_U/ram_reg_bram_6                                    | BLOCKRAM.BRAM.RAMB36E2 |
    | cur_U/ram_reg_bram_7                                    | BLOCKRAM.BRAM.RAMB36E2 |
    | cur_U/ram_reg_bram_0_i_86                               | CLB.LUT.LUT6           |
    | cur_U/tmp_product_i_26                                  | CLB.LUT.LUT2           |
    | cur_U/tmp_product_i_10                                  | CLB.CARRY.CARRY8       |
    | cur_U/sum_axis_reg_1627_reg[38]_i_20                    | CLB.CARRY.CARRY8       |
    | cur_U/sum_axis_reg_1627[38]_i_28                        | CLB.LUT.LUT2           |
    | cur_U/sum_axis_reg_1627_reg[38]_i_10                    | CLB.CARRY.CARRY8       |
    | cur_U/tmp_product__0_i_3                                | CLB.LUT.LUT2           |
    | cur_U/tmp_product__0_i_1                                | CLB.CARRY.CARRY8       |
    | cur_U/sum_axis_reg_1627_reg[34]_i_1                     | CLB.CARRY.CARRY8       |
    | mul_39s_24ns_63_1_1_U3/tmp_product__0/DSP_A_B_DATA_INST | ARITHMETIC.DSP.DSP48E2 |
    | nxt_U/ram_reg_bram_24                                   | BLOCKRAM.BRAM.RAMB36E2 |
    | nxt_U/ram_reg_bram_25                                   | BLOCKRAM.BRAM.RAMB36E2 |
    | nxt_U/ram_reg_bram_26                                   | BLOCKRAM.BRAM.RAMB36E2 |
    | nxt_U/ram_reg_bram_27                                   | BLOCKRAM.BRAM.RAMB36E2 |
    | nxt_U/ram_reg_bram_28                                   | BLOCKRAM.BRAM.RAMB36E2 |
    | nxt_U/ram_reg_bram_29                                   | BLOCKRAM.BRAM.RAMB36E2 |
    | nxt_U/ram_reg_bram_30                                   | BLOCKRAM.BRAM.RAMB36E2 |
    | nxt_U/ram_reg_bram_31                                   | BLOCKRAM.BRAM.RAMB36E2 |
    | nxt_U/ram_reg_bram_0_i_86__0                            | CLB.LUT.LUT6           |
    | nxt_U/ram_reg_bram_0_i_31__0                            | CLB.LUT.LUT3           |
    | cur_U/ram_reg_bram_16                                   | BLOCKRAM.BRAM.RAMB36E2 |
    | nxt_U/ram_reg_bram_0                                    | BLOCKRAM.BRAM.RAMB36E2 |
    | nxt_U/ram_reg_bram_1                                    | BLOCKRAM.BRAM.RAMB36E2 |
    | nxt_U/ram_reg_bram_2                                    | BLOCKRAM.BRAM.RAMB36E2 |
    | nxt_U/ram_reg_bram_3                                    | BLOCKRAM.BRAM.RAMB36E2 |
    | nxt_U/ram_reg_bram_4                                    | BLOCKRAM.BRAM.RAMB36E2 |
    | nxt_U/ram_reg_bram_5                                    | BLOCKRAM.BRAM.RAMB36E2 |
    | nxt_U/ram_reg_bram_6                                    | BLOCKRAM.BRAM.RAMB36E2 |
    | nxt_U/ram_reg_bram_7                                    | BLOCKRAM.BRAM.RAMB36E2 |
    | nxt_U/ram_reg_bram_0_i_96                               | CLB.LUT.LUT6           |
    | nxt_U/ram_reg_bram_0_i_41__0                            | CLB.LUT.LUT3           |
    | cur_U/ram_reg_bram_16                                   | BLOCKRAM.BRAM.RAMB36E2 |
    | cur_U/ram_reg_bram_0                                    | BLOCKRAM.BRAM.RAMB36E2 |
    | cur_U/ram_reg_bram_1                                    | BLOCKRAM.BRAM.RAMB36E2 |
    | cur_U/ram_reg_bram_2                                    | BLOCKRAM.BRAM.RAMB36E2 |
    | cur_U/ram_reg_bram_3                                    | BLOCKRAM.BRAM.RAMB36E2 |
    | cur_U/ram_reg_bram_4                                    | BLOCKRAM.BRAM.RAMB36E2 |
    | cur_U/ram_reg_bram_5                                    | BLOCKRAM.BRAM.RAMB36E2 |
    | cur_U/ram_reg_bram_6                                    | BLOCKRAM.BRAM.RAMB36E2 |
    | cur_U/ram_reg_bram_7                                    | BLOCKRAM.BRAM.RAMB36E2 |
    | cur_U/ram_reg_bram_0_i_86                               | CLB.LUT.LUT6           |
    | cur_U/tmp_product_i_26                                  | CLB.LUT.LUT2           |
    | cur_U/tmp_product_i_10                                  | CLB.CARRY.CARRY8       |
    | cur_U/sum_axis_reg_1627_reg[38]_i_20                    | CLB.CARRY.CARRY8       |
    | cur_U/sum_axis_reg_1627[38]_i_28                        | CLB.LUT.LUT2           |
    | cur_U/sum_axis_reg_1627_reg[38]_i_10                    | CLB.CARRY.CARRY8       |
    | cur_U/tmp_product__0_i_3                                | CLB.LUT.LUT2           |
    | cur_U/tmp_product__0_i_1                                | CLB.CARRY.CARRY8       |
    | cur_U/sum_axis_reg_1627_reg[34]_i_1                     | CLB.CARRY.CARRY8       |
    | mul_39s_26ns_65_1_1_U4/tmp_product__0/DSP_A_B_DATA_INST | ARITHMETIC.DSP.DSP48E2 |
    +---------------------------------------------------------+------------------------+

    +---------------------------------------------------------+------------------------+
    | Path5 Cells                                             | Primitive Type         |
    +---------------------------------------------------------+------------------------+
    | cur_U/ram_reg_bram_0                                    | BLOCKRAM.BRAM.RAMB36E2 |
    | cur_U/ram_reg_bram_1                                    | BLOCKRAM.BRAM.RAMB36E2 |
    | cur_U/ram_reg_bram_2                                    | BLOCKRAM.BRAM.RAMB36E2 |
    | cur_U/ram_reg_bram_3                                    | BLOCKRAM.BRAM.RAMB36E2 |
    | cur_U/ram_reg_bram_4                                    | BLOCKRAM.BRAM.RAMB36E2 |
    | cur_U/ram_reg_bram_5                                    | BLOCKRAM.BRAM.RAMB36E2 |
    | cur_U/ram_reg_bram_6                                    | BLOCKRAM.BRAM.RAMB36E2 |
    | cur_U/ram_reg_bram_7                                    | BLOCKRAM.BRAM.RAMB36E2 |
    | cur_U/ram_reg_bram_0_i_86                               | CLB.LUT.LUT6           |
    | cur_U/tmp_product_i_26                                  | CLB.LUT.LUT2           |
    | cur_U/tmp_product_i_10                                  | CLB.CARRY.CARRY8       |
    | cur_U/sum_axis_reg_1627_reg[38]_i_20                    | CLB.CARRY.CARRY8       |
    | cur_U/sum_axis_reg_1627[38]_i_28                        | CLB.LUT.LUT2           |
    | cur_U/sum_axis_reg_1627_reg[38]_i_10                    | CLB.CARRY.CARRY8       |
    | cur_U/tmp_product__0_i_3                                | CLB.LUT.LUT2           |
    | cur_U/tmp_product__0_i_1                                | CLB.CARRY.CARRY8       |
    | cur_U/sum_axis_reg_1627_reg[34]_i_1                     | CLB.CARRY.CARRY8       |
    | mul_39s_24ns_63_1_1_U3/tmp_product__0/DSP_A_B_DATA_INST | ARITHMETIC.DSP.DSP48E2 |
    | cur_U/ram_reg_bram_0                                    | BLOCKRAM.BRAM.RAMB36E2 |
    | cur_U/ram_reg_bram_1                                    | BLOCKRAM.BRAM.RAMB36E2 |
    | cur_U/ram_reg_bram_2                                    | BLOCKRAM.BRAM.RAMB36E2 |
    | cur_U/ram_reg_bram_3                                    | BLOCKRAM.BRAM.RAMB36E2 |
    | cur_U/ram_reg_bram_4                                    | BLOCKRAM.BRAM.RAMB36E2 |
    | cur_U/ram_reg_bram_5                                    | BLOCKRAM.BRAM.RAMB36E2 |
    | cur_U/ram_reg_bram_6                                    | BLOCKRAM.BRAM.RAMB36E2 |
    | cur_U/ram_reg_bram_7                                    | BLOCKRAM.BRAM.RAMB36E2 |
    | cur_U/ram_reg_bram_0_i_86                               | CLB.LUT.LUT6           |
    | cur_U/tmp_product_i_26                                  | CLB.LUT.LUT2           |
    | cur_U/tmp_product_i_10                                  | CLB.CARRY.CARRY8       |
    | cur_U/sum_axis_reg_1627_reg[38]_i_20                    | CLB.CARRY.CARRY8       |
    | cur_U/sum_axis_reg_1627[38]_i_28                        | CLB.LUT.LUT2           |
    | cur_U/sum_axis_reg_1627_reg[38]_i_10                    | CLB.CARRY.CARRY8       |
    | cur_U/tmp_product__0_i_3                                | CLB.LUT.LUT2           |
    | cur_U/tmp_product__0_i_1                                | CLB.CARRY.CARRY8       |
    | cur_U/sum_axis_reg_1627_reg[34]_i_1                     | CLB.CARRY.CARRY8       |
    | mul_39s_24ns_63_1_1_U3/tmp_product__0/DSP_A_B_DATA_INST | ARITHMETIC.DSP.DSP48E2 |
    | nxt_U/ram_reg_bram_24                                   | BLOCKRAM.BRAM.RAMB36E2 |
    | nxt_U/ram_reg_bram_25                                   | BLOCKRAM.BRAM.RAMB36E2 |
    | nxt_U/ram_reg_bram_26                                   | BLOCKRAM.BRAM.RAMB36E2 |
    | nxt_U/ram_reg_bram_27                                   | BLOCKRAM.BRAM.RAMB36E2 |
    | nxt_U/ram_reg_bram_28                                   | BLOCKRAM.BRAM.RAMB36E2 |
    | nxt_U/ram_reg_bram_29                                   | BLOCKRAM.BRAM.RAMB36E2 |
    | nxt_U/ram_reg_bram_30                                   | BLOCKRAM.BRAM.RAMB36E2 |
    | nxt_U/ram_reg_bram_31                                   | BLOCKRAM.BRAM.RAMB36E2 |
    | nxt_U/ram_reg_bram_0_i_86__0                            | CLB.LUT.LUT6           |
    | nxt_U/ram_reg_bram_0_i_31__0                            | CLB.LUT.LUT3           |
    | cur_U/ram_reg_bram_16                                   | BLOCKRAM.BRAM.RAMB36E2 |
    | nxt_U/ram_reg_bram_0                                    | BLOCKRAM.BRAM.RAMB36E2 |
    | nxt_U/ram_reg_bram_1                                    | BLOCKRAM.BRAM.RAMB36E2 |
    | nxt_U/ram_reg_bram_2                                    | BLOCKRAM.BRAM.RAMB36E2 |
    | nxt_U/ram_reg_bram_3                                    | BLOCKRAM.BRAM.RAMB36E2 |
    | nxt_U/ram_reg_bram_4                                    | BLOCKRAM.BRAM.RAMB36E2 |
    | nxt_U/ram_reg_bram_5                                    | BLOCKRAM.BRAM.RAMB36E2 |
    | nxt_U/ram_reg_bram_6                                    | BLOCKRAM.BRAM.RAMB36E2 |
    | nxt_U/ram_reg_bram_7                                    | BLOCKRAM.BRAM.RAMB36E2 |
    | nxt_U/ram_reg_bram_0_i_96                               | CLB.LUT.LUT6           |
    | nxt_U/ram_reg_bram_0_i_41__0                            | CLB.LUT.LUT3           |
    | cur_U/ram_reg_bram_16                                   | BLOCKRAM.BRAM.RAMB36E2 |
    | cur_U/ram_reg_bram_0                                    | BLOCKRAM.BRAM.RAMB36E2 |
    | cur_U/ram_reg_bram_1                                    | BLOCKRAM.BRAM.RAMB36E2 |
    | cur_U/ram_reg_bram_2                                    | BLOCKRAM.BRAM.RAMB36E2 |
    | cur_U/ram_reg_bram_3                                    | BLOCKRAM.BRAM.RAMB36E2 |
    | cur_U/ram_reg_bram_4                                    | BLOCKRAM.BRAM.RAMB36E2 |
    | cur_U/ram_reg_bram_5                                    | BLOCKRAM.BRAM.RAMB36E2 |
    | cur_U/ram_reg_bram_6                                    | BLOCKRAM.BRAM.RAMB36E2 |
    | cur_U/ram_reg_bram_7                                    | BLOCKRAM.BRAM.RAMB36E2 |
    | cur_U/ram_reg_bram_0_i_86                               | CLB.LUT.LUT6           |
    | cur_U/tmp_product_i_26                                  | CLB.LUT.LUT2           |
    | cur_U/tmp_product_i_10                                  | CLB.CARRY.CARRY8       |
    | cur_U/sum_axis_reg_1627_reg[38]_i_20                    | CLB.CARRY.CARRY8       |
    | cur_U/sum_axis_reg_1627[38]_i_28                        | CLB.LUT.LUT2           |
    | cur_U/sum_axis_reg_1627_reg[38]_i_10                    | CLB.CARRY.CARRY8       |
    | cur_U/tmp_product__0_i_3                                | CLB.LUT.LUT2           |
    | cur_U/tmp_product__0_i_1                                | CLB.CARRY.CARRY8       |
    | cur_U/sum_axis_reg_1627_reg[34]_i_1                     | CLB.CARRY.CARRY8       |
    | mul_39s_26ns_65_1_1_U4/tmp_product__0/DSP_A_B_DATA_INST | ARITHMETIC.DSP.DSP48E2 |
    +---------------------------------------------------------+------------------------+


================================================================
== Place & Route Vivado Reports
================================================================
+--------------------------+--------------------------------------------------------------------+
| Report Type              | Report Location                                                    |
+--------------------------+--------------------------------------------------------------------+
| design_analysis          | impl/verilog/report/top_kernel_design_analysis_routed.rpt          |
| failfast                 | impl/verilog/report/top_kernel_failfast_routed.rpt                 |
| power                    | impl/verilog/report/top_kernel_power_routed.rpt                    |
| status                   | impl/verilog/report/top_kernel_status_routed.rpt                   |
| timing                   | impl/verilog/report/top_kernel_timing_routed.rpt                   |
| timing_paths             | impl/verilog/report/top_kernel_timing_paths_routed.rpt             |
| utilization              | impl/verilog/report/top_kernel_utilization_routed.rpt              |
| utilization_hierarchical | impl/verilog/report/top_kernel_utilization_hierarchical_routed.rpt |
+--------------------------+--------------------------------------------------------------------+


