

Implementation tool: Xilinx Vivado v.2025.1.1
Project:             project_1
Solution:            hls
Device target:       xczu3eg-sbva484-1-e
Report date:         Fri Feb 20 10:31:04 EST 2026

#=== Post-Implementation Resource usage ===
SLICE:            0
LUT:           2656
FF:            2979
DSP:              4
BRAM:           179
URAM:             0
LATCH:            0
SRL:            166
CLB:            636

#=== Final timing ===
CP required:                     10.000
CP achieved post-synthesis:      5.049
CP achieved post-implementation: 7.174
Timing met
