Copyright 1986-2022 Xilinx, Inc. All Rights Reserved. Copyright 2022-2025 Advanced Micro Devices, Inc. All Rights Reserved.
--------------------------------------------------------------------------------------------------------------------------------------------------
| Tool Version      : Vivado v.2025.1.1 (lin64) Build 6233196 Thu Sep 11 21:27:11 MDT 2025
| Date              : Tue Mar 10 16:17:27 2026
| Host              : ece-linlabsrv01 running 64-bit Red Hat Enterprise Linux release 8.10 (Ootpa)
| Command           : report_timing_summary -file ./report/top_kernel_timing_synth.rpt
| Design            : bd_0_wrapper
| Device            : xczu3eg-sbva484
| Speed File        : -1  PRODUCTION 1.30 05-15-2022
| Design State      : Synthesized
| Temperature Grade : E
--------------------------------------------------------------------------------------------------------------------------------------------------

Timing Summary Report

------------------------------------------------------------------------------------------------
| Timer Settings
| --------------
------------------------------------------------------------------------------------------------

  Enable Multi Corner Analysis               :  Yes
  Enable Pessimism Removal                   :  Yes
  Pessimism Removal Resolution               :  Nearest Common Node
  Enable Input Delay Default Clock           :  No
  Enable Preset / Clear Arcs                 :  No
  Disable Flight Delays                      :  No
  Ignore I/O Paths                           :  No
  Timing Early Launch at Borrowing Latches   :  No
  Borrow Time for Max Delay Exceptions       :  Yes
  Merge Timing Exceptions                    :  Yes
  Inter-SLR Compensation                     :  Conservative

  Corner  Analyze    Analyze    
  Name    Max Paths  Min Paths  
  ------  ---------  ---------  
  Slow    Yes        Yes        
  Fast    Yes        Yes        


------------------------------------------------------------------------------------------------
| Report Methodology
| ------------------
------------------------------------------------------------------------------------------------

No report available as report_methodology has not been run prior. Run report_methodology on the current design for the summary of methodology violations.



check_timing report

Table of Contents
-----------------
1. checking no_clock (0)
2. checking constant_clock (0)
3. checking pulse_width_clock (0)
4. checking unconstrained_internal_endpoints (0)
5. checking no_input_delay (90)
6. checking no_output_delay (209)
7. checking multiple_clock (0)
8. checking generated_clocks (0)
9. checking loops (0)
10. checking partial_input_delay (0)
11. checking partial_output_delay (0)
12. checking latch_loops (0)

1. checking no_clock (0)
------------------------
 There are 0 register/latch pins with no clock.


2. checking constant_clock (0)
------------------------------
 There are 0 register/latch pins with constant_clock.


3. checking pulse_width_clock (0)
---------------------------------
 There are 0 register/latch pins which need pulse_width check


4. checking unconstrained_internal_endpoints (0)
------------------------------------------------
 There are 0 pins that are not constrained for maximum delay.

 There are 0 pins that are not constrained for maximum delay due to constant clock.


5. checking no_input_delay (90)
-------------------------------
 There are 90 input ports with no input delay specified. (HIGH)

 There are 0 input ports with no input delay but user has a false path constraint.


6. checking no_output_delay (209)
---------------------------------
 There are 209 ports with no output delay specified. (HIGH)

 There are 0 ports with no output delay but user has a false path constraint

 There are 0 ports with no output delay but with a timing clock defined on it or propagating through it


7. checking multiple_clock (0)
------------------------------
 There are 0 register/latch pins with multiple clocks.


8. checking generated_clocks (0)
--------------------------------
 There are 0 generated clocks that are not connected to a clock source.


9. checking loops (0)
---------------------
 There are 0 combinational loops in the design.


10. checking partial_input_delay (0)
------------------------------------
 There are 0 input ports with partial input delay specified.


11. checking partial_output_delay (0)
-------------------------------------
 There are 0 ports with partial output delay specified.


12. checking latch_loops (0)
----------------------------
 There are 0 combinational latch loops in the design through latch input



------------------------------------------------------------------------------------------------
| Design Timing Summary
| ---------------------
------------------------------------------------------------------------------------------------

    WNS(ns)      TNS(ns)  TNS Failing Endpoints  TNS Total Endpoints      WHS(ns)      THS(ns)  THS Failing Endpoints  THS Total Endpoints     WPWS(ns)     TPWS(ns)  TPWS Failing Endpoints  TPWS Total Endpoints  
    -------      -------  ---------------------  -------------------      -------      -------  ---------------------  -------------------     --------     --------  ----------------------  --------------------  
      4.452        0.000                      0                14718        0.040        0.000                      0                14718        4.427        0.000                       0                  7213  


All user specified timing constraints are met.


------------------------------------------------------------------------------------------------
| Clock Summary
| -------------
------------------------------------------------------------------------------------------------

Clock   Waveform(ns)       Period(ns)      Frequency(MHz)
-----   ------------       ----------      --------------
ap_clk  {0.000 5.000}      10.000          100.000         


------------------------------------------------------------------------------------------------
| Intra Clock Table
| -----------------
------------------------------------------------------------------------------------------------

Clock             WNS(ns)      TNS(ns)  TNS Failing Endpoints  TNS Total Endpoints      WHS(ns)      THS(ns)  THS Failing Endpoints  THS Total Endpoints     WPWS(ns)     TPWS(ns)  TPWS Failing Endpoints  TPWS Total Endpoints  
-----             -------      -------  ---------------------  -------------------      -------      -------  ---------------------  -------------------     --------     --------  ----------------------  --------------------  
ap_clk              4.452        0.000                      0                14718        0.040        0.000                      0                14718        4.427        0.000                       0                  7213  


------------------------------------------------------------------------------------------------
| Inter Clock Table
| -----------------
------------------------------------------------------------------------------------------------

From Clock    To Clock          WNS(ns)      TNS(ns)  TNS Failing Endpoints  TNS Total Endpoints      WHS(ns)      THS(ns)  THS Failing Endpoints  THS Total Endpoints  
----------    --------          -------      -------  ---------------------  -------------------      -------      -------  ---------------------  -------------------  


------------------------------------------------------------------------------------------------
| Other Path Groups Table
| -----------------------
------------------------------------------------------------------------------------------------

Path Group    From Clock    To Clock          WNS(ns)      TNS(ns)  TNS Failing Endpoints  TNS Total Endpoints      WHS(ns)      THS(ns)  THS Failing Endpoints  THS Total Endpoints  
----------    ----------    --------          -------      -------  ---------------------  -------------------      -------      -------  ---------------------  -------------------  


------------------------------------------------------------------------------------------------
| Timing Details
| --------------
------------------------------------------------------------------------------------------------


---------------------------------------------------------------------------------------------------
From Clock:  ap_clk
  To Clock:  ap_clk

Setup :            0  Failing Endpoints,  Worst Slack        4.452ns,  Total Violation        0.000ns
Hold  :            0  Failing Endpoints,  Worst Slack        0.040ns,  Total Violation        0.000ns
PW    :            0  Failing Endpoints,  Worst Slack        4.427ns,  Total Violation        0.000ns
---------------------------------------------------------------------------------------------------


Max Delay Paths
--------------------------------------------------------------------------------------
Slack (MET) :             4.452ns  (required time - arrival time)
  Source:                 bd_0_i/hls_inst/inst/K3_U0/select_ln94_3_reg_770_reg[5]/C
                            (rising edge-triggered cell FDSE clocked by ap_clk  {rise@0.000ns fall@5.000ns period=10.000ns})
  Destination:            bd_0_i/hls_inst/inst/K3_U0/select_ln100_3_reg_780_reg[10]/S
                            (rising edge-triggered cell FDSE clocked by ap_clk  {rise@0.000ns fall@5.000ns period=10.000ns})
  Path Group:             ap_clk
  Path Type:              Setup (Max at Slow Process Corner)
  Requirement:            10.000ns  (ap_clk rise@10.000ns - ap_clk rise@0.000ns)
  Data Path Delay:        5.430ns  (logic 3.803ns (70.037%)  route 1.627ns (29.963%))
  Logic Levels:           18  (CARRY8=6 DSP_A_B_DATA=1 DSP_ALU=2 DSP_M_DATA=1 DSP_MULTIPLIER=1 DSP_OUTPUT=2 DSP_PREADD_DATA=1 LUT2=1 LUT3=1 LUT4=1 LUT5=1)
  Clock Path Skew:        -0.011ns (DCD - SCD + CPR)
    Destination Clock Delay (DCD):    0.026ns = ( 10.026 - 10.000 ) 
    Source Clock Delay      (SCD):    0.037ns
    Clock Pessimism Removal (CPR):    0.000ns
  Clock Uncertainty:      0.035ns  ((TSJ^2 + TIJ^2)^1/2 + DJ) / 2 + PE
    Total System Jitter     (TSJ):    0.071ns
    Total Input Jitter      (TIJ):    0.000ns
    Discrete Jitter          (DJ):    0.000ns
    Phase Error              (PE):    0.000ns

    Location             Delay type                Incr(ns)  Path(ns)    Netlist Resource(s)
  -------------------------------------------------------------------    -------------------
                         (clock ap_clk rise edge)     0.000     0.000 r  
                                                      0.000     0.000 r  ap_clk (IN)
                         net (fo=7236, unset)         0.037     0.037    bd_0_i/hls_inst/inst/K3_U0/ap_clk
                         FDSE                                         r  bd_0_i/hls_inst/inst/K3_U0/select_ln94_3_reg_770_reg[5]/C
  -------------------------------------------------------------------    -------------------
                         FDSE (Prop_FDSE_C_Q)         0.093     0.130 f  bd_0_i/hls_inst/inst/K3_U0/select_ln94_3_reg_770_reg[5]/Q
                         net (fo=1, unplaced)         0.235     0.365    bd_0_i/hls_inst/inst/K3_U0/mul_34s_31s_64_1_1_U14/tmp_product__1/A[7]
                         DSP_A_B_DATA (Prop_DSP_A_B_DATA_A[7]_A2_DATA[7])
                                                      0.241     0.606 r  bd_0_i/hls_inst/inst/K3_U0/mul_34s_31s_64_1_1_U14/tmp_product__1/DSP_A_B_DATA_INST/A2_DATA[7]
                         net (fo=1, unplaced)         0.000     0.606    bd_0_i/hls_inst/inst/K3_U0/mul_34s_31s_64_1_1_U14/tmp_product__1/DSP_A_B_DATA.A2_DATA<7>
                         DSP_PREADD_DATA (Prop_DSP_PREADD_DATA_A2_DATA[7]_A2A1[7])
                                                      0.098     0.704 r  bd_0_i/hls_inst/inst/K3_U0/mul_34s_31s_64_1_1_U14/tmp_product__1/DSP_PREADD_DATA_INST/A2A1[7]
                         net (fo=1, unplaced)         0.000     0.704    bd_0_i/hls_inst/inst/K3_U0/mul_34s_31s_64_1_1_U14/tmp_product__1/DSP_PREADD_DATA.A2A1<7>
                         DSP_MULTIPLIER (Prop_DSP_MULTIPLIER_A2A1[7]_U[28])
                                                      0.647     1.351 f  bd_0_i/hls_inst/inst/K3_U0/mul_34s_31s_64_1_1_U14/tmp_product__1/DSP_MULTIPLIER_INST/U[28]
                         net (fo=1, unplaced)         0.000     1.351    bd_0_i/hls_inst/inst/K3_U0/mul_34s_31s_64_1_1_U14/tmp_product__1/DSP_MULTIPLIER.U<28>
                         DSP_M_DATA (Prop_DSP_M_DATA_U[28]_U_DATA[28])
                                                      0.059     1.410 r  bd_0_i/hls_inst/inst/K3_U0/mul_34s_31s_64_1_1_U14/tmp_product__1/DSP_M_DATA_INST/U_DATA[28]
                         net (fo=1, unplaced)         0.000     1.410    bd_0_i/hls_inst/inst/K3_U0/mul_34s_31s_64_1_1_U14/tmp_product__1/DSP_M_DATA.U_DATA<28>
                         DSP_ALU (Prop_DSP_ALU_U_DATA[28]_ALU_OUT[47])
                                                      0.699     2.109 f  bd_0_i/hls_inst/inst/K3_U0/mul_34s_31s_64_1_1_U14/tmp_product__1/DSP_ALU_INST/ALU_OUT[47]
                         net (fo=1, unplaced)         0.000     2.109    bd_0_i/hls_inst/inst/K3_U0/mul_34s_31s_64_1_1_U14/tmp_product__1/DSP_ALU.ALU_OUT<47>
                         DSP_OUTPUT (Prop_DSP_OUTPUT_ALU_OUT[47]_PCOUT[47])
                                                      0.159     2.268 r  bd_0_i/hls_inst/inst/K3_U0/mul_34s_31s_64_1_1_U14/tmp_product__1/DSP_OUTPUT_INST/PCOUT[47]
                         net (fo=1, unplaced)         0.016     2.284    bd_0_i/hls_inst/inst/K3_U0/mul_34s_31s_64_1_1_U14/tmp_product__2/PCIN[47]
                         DSP_ALU (Prop_DSP_ALU_PCIN[47]_ALU_OUT[0])
                                                      0.698     2.982 f  bd_0_i/hls_inst/inst/K3_U0/mul_34s_31s_64_1_1_U14/tmp_product__2/DSP_ALU_INST/ALU_OUT[0]
                         net (fo=1, unplaced)         0.000     2.982    bd_0_i/hls_inst/inst/K3_U0/mul_34s_31s_64_1_1_U14/tmp_product__2/DSP_ALU.ALU_OUT<0>
                         DSP_OUTPUT (Prop_DSP_OUTPUT_ALU_OUT[0]_P[0])
                                                      0.141     3.123 r  bd_0_i/hls_inst/inst/K3_U0/mul_34s_31s_64_1_1_U14/tmp_product__2/DSP_OUTPUT_INST/P[0]
                         net (fo=2, unplaced)         0.241     3.364    bd_0_i/hls_inst/inst/K3_U0/mul_34s_31s_64_1_1_U14/tmp_product__2_n_105
                         LUT2 (Prop_LUT2_I0_O)        0.063     3.427 r  bd_0_i/hls_inst/inst/K3_U0/mul_34s_31s_64_1_1_U14/tmp_product_carry_i_7/O
                         net (fo=1, unplaced)         0.025     3.452    bd_0_i/hls_inst/inst/K3_U0/mul_34s_31s_64_1_1_U14/tmp_product_carry_i_7_n_0
                         CARRY8 (Prop_CARRY8_S[1]_CO[7])
                                                      0.245     3.697 r  bd_0_i/hls_inst/inst/K3_U0/mul_34s_31s_64_1_1_U14/tmp_product_carry/CO[7]
                         net (fo=1, unplaced)         0.007     3.704    bd_0_i/hls_inst/inst/K3_U0/mul_34s_31s_64_1_1_U14/tmp_product_carry_n_0
                         CARRY8 (Prop_CARRY8_CI_CO[7])
                                                      0.030     3.734 r  bd_0_i/hls_inst/inst/K3_U0/mul_34s_31s_64_1_1_U14/tmp_product_carry__0/CO[7]
                         net (fo=1, unplaced)         0.007     3.741    bd_0_i/hls_inst/inst/K3_U0/mul_34s_31s_64_1_1_U14/tmp_product_carry__0_n_0
                         CARRY8 (Prop_CARRY8_CI_CO[7])
                                                      0.030     3.771 r  bd_0_i/hls_inst/inst/K3_U0/mul_34s_31s_64_1_1_U14/tmp_product_carry__1/CO[7]
                         net (fo=1, unplaced)         0.007     3.778    bd_0_i/hls_inst/inst/K3_U0/mul_34s_31s_64_1_1_U14/tmp_product_carry__1_n_0
                         CARRY8 (Prop_CARRY8_CI_O[1])
                                                      0.097     3.875 r  bd_0_i/hls_inst/inst/K3_U0/mul_34s_31s_64_1_1_U14/tmp_product_carry__2/O[1]
                         net (fo=1, unplaced)         0.215     4.090    bd_0_i/hls_inst/inst/K3_U0/mul_34s_31s_64_1_1_U14/trunc_ln_fu_526_p4[19]
                         CARRY8 (Prop_CARRY8_S[3]_CO[7])
                                                      0.213     4.303 r  bd_0_i/hls_inst/inst/K3_U0/mul_34s_31s_64_1_1_U14/select_ln100_3_reg_780_reg[23]_i_2/CO[7]
                         net (fo=1, unplaced)         0.007     4.310    bd_0_i/hls_inst/inst/K3_U0/mul_34s_31s_64_1_1_U14/select_ln100_3_reg_780_reg[23]_i_2_n_0
                         CARRY8 (Prop_CARRY8_CI_O[7])
                                                      0.146     4.456 r  bd_0_i/hls_inst/inst/K3_U0/mul_34s_31s_64_1_1_U14/select_ln100_3_reg_780_reg[31]_i_4/O[7]
                         net (fo=3, unplaced)         0.163     4.619    bd_0_i/hls_inst/inst/K3_U0/mul_34s_31s_64_1_1_U14/tmp_17_fu_562_p3
                         LUT4 (Prop_LUT4_I3_O)        0.040     4.659 r  bd_0_i/hls_inst/inst/K3_U0/mul_34s_31s_64_1_1_U14/select_ln100_3_reg_780[31]_i_7/O
                         net (fo=1, unplaced)         0.156     4.815    bd_0_i/hls_inst/inst/K3_U0/mul_34s_31s_64_1_1_U14/select_ln100_3_reg_780[31]_i_7_n_0
                         LUT5 (Prop_LUT5_I3_O)        0.064     4.879 r  bd_0_i/hls_inst/inst/K3_U0/mul_34s_31s_64_1_1_U14/select_ln100_3_reg_780[31]_i_3/O
                         net (fo=32, unplaced)        0.274     5.153    bd_0_i/hls_inst/inst/K3_U0/mul_34s_31s_64_1_1_U14/select_ln100_3_reg_780[31]_i_3_n_0
                         LUT3 (Prop_LUT3_I2_O)        0.040     5.193 r  bd_0_i/hls_inst/inst/K3_U0/mul_34s_31s_64_1_1_U14/select_ln100_3_reg_780[31]_i_1/O
                         net (fo=31, unplaced)        0.274     5.467    bd_0_i/hls_inst/inst/K3_U0/select_ln100_3_reg_780
                         FDSE                                         r  bd_0_i/hls_inst/inst/K3_U0/select_ln100_3_reg_780_reg[10]/S
  -------------------------------------------------------------------    -------------------

                         (clock ap_clk rise edge)    10.000    10.000 r  
                                                      0.000    10.000 r  ap_clk (IN)
                         net (fo=7236, unset)         0.026    10.026    bd_0_i/hls_inst/inst/K3_U0/ap_clk
                         FDSE                                         r  bd_0_i/hls_inst/inst/K3_U0/select_ln100_3_reg_780_reg[10]/C
                         clock pessimism              0.000    10.026    
                         clock uncertainty           -0.035     9.991    
                         FDSE (Setup_FDSE_C_S)       -0.072     9.919    bd_0_i/hls_inst/inst/K3_U0/select_ln100_3_reg_780_reg[10]
  -------------------------------------------------------------------
                         required time                          9.919    
                         arrival time                          -5.467    
  -------------------------------------------------------------------
                         slack                                  4.452    





Min Delay Paths
--------------------------------------------------------------------------------------
Slack (MET) :             0.040ns  (arrival time - required time)
  Source:                 bd_0_i/hls_inst/inst/K4_U0/select_ln17_reg_492_reg[0]/C
                            (rising edge-triggered cell FDRE clocked by ap_clk  {rise@0.000ns fall@5.000ns period=10.000ns})
  Destination:            bd_0_i/hls_inst/inst/out_r_m_axi_U/store_unit_0/buff_wdata/U_fifo_srl/mem_reg[30][0]_srl31/D
                            (rising edge-triggered cell SRLC32E clocked by ap_clk  {rise@0.000ns fall@5.000ns period=10.000ns})
  Path Group:             ap_clk
  Path Type:              Hold (Min at Fast Process Corner)
  Requirement:            0.000ns  (ap_clk rise@0.000ns - ap_clk rise@0.000ns)
  Data Path Delay:        0.112ns  (logic 0.038ns (33.929%)  route 0.074ns (66.071%))
  Logic Levels:           0  
  Clock Path Skew:        0.026ns (DCD - SCD - CPR)
    Destination Clock Delay (DCD):    0.039ns
    Source Clock Delay      (SCD):    0.013ns
    Clock Pessimism Removal (CPR):    -0.000ns

    Location             Delay type                Incr(ns)  Path(ns)    Netlist Resource(s)
  -------------------------------------------------------------------    -------------------
                         (clock ap_clk rise edge)     0.000     0.000 r  
                                                      0.000     0.000 r  ap_clk (IN)
                         net (fo=7236, unset)         0.013     0.013    bd_0_i/hls_inst/inst/K4_U0/ap_clk
                         FDRE                                         r  bd_0_i/hls_inst/inst/K4_U0/select_ln17_reg_492_reg[0]/C
  -------------------------------------------------------------------    -------------------
                         FDRE (Prop_FDRE_C_Q)         0.038     0.051 r  bd_0_i/hls_inst/inst/K4_U0/select_ln17_reg_492_reg[0]/Q
                         net (fo=1, unplaced)         0.074     0.125    bd_0_i/hls_inst/inst/out_r_m_axi_U/store_unit_0/buff_wdata/U_fifo_srl/dout_reg[28]_0[0]
                         SRLC32E                                      r  bd_0_i/hls_inst/inst/out_r_m_axi_U/store_unit_0/buff_wdata/U_fifo_srl/mem_reg[30][0]_srl31/D
  -------------------------------------------------------------------    -------------------

                         (clock ap_clk rise edge)     0.000     0.000 r  
                                                      0.000     0.000 r  ap_clk (IN)
                         net (fo=7236, unset)         0.039     0.039    bd_0_i/hls_inst/inst/out_r_m_axi_U/store_unit_0/buff_wdata/U_fifo_srl/ap_clk
                         SRLC32E                                      r  bd_0_i/hls_inst/inst/out_r_m_axi_U/store_unit_0/buff_wdata/U_fifo_srl/mem_reg[30][0]_srl31/CLK
                         clock pessimism              0.000     0.039    
                         SRLC32E (Hold_SRLC32E_CLK_D)
                                                      0.046     0.085    bd_0_i/hls_inst/inst/out_r_m_axi_U/store_unit_0/buff_wdata/U_fifo_srl/mem_reg[30][0]_srl31
  -------------------------------------------------------------------
                         required time                         -0.085    
                         arrival time                           0.125    
  -------------------------------------------------------------------
                         slack                                  0.040    





Pulse Width Checks
--------------------------------------------------------------------------------------
Clock Name:         ap_clk
Waveform(ns):       { 0.000 5.000 }
Period(ns):         10.000
Sources:            { ap_clk }

Check Type        Corner  Lib Pin             Reference Pin  Required(ns)  Actual(ns)  Slack(ns)  Location  Pin
Min Period        n/a     RAMB18E2/CLKARDCLK  n/a            1.739         10.000      8.261                bd_0_i/hls_inst/inst/in_r_m_axi_U/load_unit_0/buff_rdata/U_fifo_mem/mem_reg/CLKARDCLK
Low Pulse Width   Slow    SRL16E/CLK          n/a            0.573         5.000       4.427                bd_0_i/hls_inst/inst/bus_read/ost_ctrl_gen[0].fifo_burst/U_fifo_srl/mem_reg[14][0]_srl15/CLK
High Pulse Width  Slow    SRL16E/CLK          n/a            0.573         5.000       4.427                bd_0_i/hls_inst/inst/bus_read/ost_ctrl_gen[0].fifo_burst/U_fifo_srl/mem_reg[14][0]_srl15/CLK



