Copyright 1986-2022 Xilinx, Inc. All Rights Reserved. Copyright 2022-2025 Advanced Micro Devices, Inc. All Rights Reserved.
---------------------------------------------------------------------------------------------------------------------------------------------
| Tool Version : Vivado v.2025.1.1 (lin64) Build 6233196 Thu Sep 11 21:27:11 MDT 2025
| Date         : Tue Mar 10 16:21:59 2026
| Host         : ece-linlabsrv01 running 64-bit Red Hat Enterprise Linux release 8.10 (Ootpa)
| Command      : report_design_analysis -file ./report/top_kernel_design_analysis_routed.rpt
| Design       : bd_0_wrapper
| Device       : xczu3eg
| Design State : Routed
---------------------------------------------------------------------------------------------------------------------------------------------

Report Design Analysis

Table of Contents
-----------------
1. Setup Path Characteristics 1-1
2. Logic Level Distribution
3. Placer Final Level Congestion Reporting
4. Router Initial Congestion
5. SLR Net Crossing Reporting

1. Setup Path Characteristics 1-1
---------------------------------

+---------------------------+------------------------------------------------------------------------------------------------------------------------------------------------------------------------------------------+
|      Characteristics      |                                                                                          Path #1                                                                                         |
+---------------------------+------------------------------------------------------------------------------------------------------------------------------------------------------------------------------------------+
| Requirement               | 10.000                                                                                                                                                                                   |
| Path Delay                | 6.259                                                                                                                                                                                    |
| Logic Delay               | 3.938(63%)                                                                                                                                                                               |
| Net Delay                 | 2.321(37%)                                                                                                                                                                               |
| Clock Skew                | -0.011                                                                                                                                                                                   |
| Slack                     | 3.623                                                                                                                                                                                    |
| Clock Uncertainty         | 0.035                                                                                                                                                                                    |
| Clock Pair Classification | Timed                                                                                                                                                                                    |
| Clock Delay Group         | Same Clock                                                                                                                                                                               |
| Logic Levels              | 16                                                                                                                                                                                       |
| Routes                    | 7                                                                                                                                                                                        |
| Logical Path              | FDSE/C-(1)-DSP_A_B_DATA-(1)-DSP_PREADD_DATA-DSP_MULTIPLIER-DSP_M_DATA-DSP_ALU-DSP_OUTPUT-DSP_ALU-DSP_OUTPUT-LUT2-(1)-CARRY8-CARRY8-CARRY8-(1)-CARRY8-LUT4-(1)-LUT5-(32)-LUT3-(31)-FDRE/R |
| Start Point Clock         | ap_clk                                                                                                                                                                                   |
| End Point Clock           | ap_clk                                                                                                                                                                                   |
| DSP Block                 | Comb                                                                                                                                                                                     |
| RAM Registers             | None-None                                                                                                                                                                                |
| IO Crossings              | 0                                                                                                                                                                                        |
| SLR Crossings             | 0                                                                                                                                                                                        |
| PBlocks                   | 0                                                                                                                                                                                        |
| High Fanout               | 32                                                                                                                                                                                       |
| ASYNC REG                 | 0                                                                                                                                                                                        |
| Dont Touch                | 0                                                                                                                                                                                        |
| Mark Debug                | 0                                                                                                                                                                                        |
| Start Point Pin Primitive | FDSE/C                                                                                                                                                                                   |
| End Point Pin Primitive   | FDRE/R                                                                                                                                                                                   |
| Start Point Pin           | select_ln94_3_reg_770_reg[1]/C                                                                                                                                                           |
| End Point Pin             | select_ln100_3_reg_780_reg[31]/R                                                                                                                                                         |
+---------------------------+------------------------------------------------------------------------------------------------------------------------------------------------------------------------------------------+
* Bounding box calculated as % of dimensions for the target device (2447, 372)


2. Logic Level Distribution
---------------------------

+-----------------+-------------+-----+----+----+----+----+----+
| End Point Clock | Requirement |  3  | 10 | 11 | 13 | 15 | 16 |
+-----------------+-------------+-----+----+----+----+----+----+
| ap_clk          | 10.000ns    | 797 | 16 | 60 | 19 | 26 | 82 |
+-----------------+-------------+-----+----+----+----+----+----+
* Columns represent the logic levels per end point clock
** Distribution is for top worst 1000 paths


3. Placer Final Level Congestion Reporting
------------------------------------------

+-----------+------+-------+--------+---------------+----------------+-----+--------+------+------+------+------+-----+-------+-----+------------+
| Direction | Type | Level | Window | Combined LUTs | Avg LUT Inputs | LUT | LUTRAM | Flop | MUXF | RAMB | URAM | DSP | CARRY | SRL | Cell Names |
+-----------+------+-------+--------+---------------+----------------+-----+--------+------+------+------+------+-----+-------+-----+------------+
* No congestion windows are found above level 5


4. Router Initial Congestion
----------------------------

+-----------+------+-------+--------+---------------+----------------+-----+--------+------+------+------+------+-----+-------+-----+------------+-------------+
| Direction | Type | Level | Window | Combined LUTs | Avg LUT Inputs | LUT | LUTRAM | Flop | MUXF | RAMB | URAM | DSP | CARRY | SRL | Cell Names | Sub Windows |
+-----------+------+-------+--------+---------------+----------------+-----+--------+------+------+------+------+-----+-------+-----+------------+-------------+
* No effective congestion windows are found above level 5


5. SLR Net Crossing Reporting
-----------------------------

+------------+-----------------------------+
| Cell Names | Number of Nets crossing SLR |
+------------+-----------------------------+
* The current part is not an SSI device


