Copyright 1986-2022 Xilinx, Inc. All Rights Reserved. Copyright 2022-2025 Advanced Micro Devices, Inc. All Rights Reserved.
--------------------------------------------------------------------------------------------------------------------------------------------------
| Tool Version      : Vivado v.2025.1.1 (lin64) Build 6233196 Thu Sep 11 21:27:11 MDT 2025
| Date              : Tue Mar 10 16:21:58 2026
| Host              : ece-linlabsrv01 running 64-bit Red Hat Enterprise Linux release 8.10 (Ootpa)
| Command           : report_timing -max_paths 10 -file ./report/top_kernel_timing_paths_routed.rpt
| Design            : bd_0_wrapper
| Device            : xczu3eg-sbva484
| Speed File        : -1  PRODUCTION 1.30 05-15-2022
| Design State      : Routed
| Temperature Grade : E
--------------------------------------------------------------------------------------------------------------------------------------------------

Timing Report

Slack (MET) :             3.623ns  (required time - arrival time)
  Source:                 bd_0_i/hls_inst/inst/K3_U0/select_ln94_3_reg_770_reg[1]/C
                            (rising edge-triggered cell FDSE clocked by ap_clk  {rise@0.000ns fall@5.000ns period=10.000ns})
  Destination:            bd_0_i/hls_inst/inst/K3_U0/select_ln100_3_reg_780_reg[31]/R
                            (rising edge-triggered cell FDRE clocked by ap_clk  {rise@0.000ns fall@5.000ns period=10.000ns})
  Path Group:             ap_clk
  Path Type:              Setup (Max at Slow Process Corner)
  Requirement:            10.000ns  (ap_clk rise@10.000ns - ap_clk rise@0.000ns)
  Data Path Delay:        6.259ns  (logic 3.938ns (62.917%)  route 2.321ns (37.083%))
  Logic Levels:           16  (CARRY8=4 DSP_A_B_DATA=1 DSP_ALU=2 DSP_M_DATA=1 DSP_MULTIPLIER=1 DSP_OUTPUT=2 DSP_PREADD_DATA=1 LUT2=1 LUT3=1 LUT4=1 LUT5=1)
  Clock Path Skew:        -0.011ns (DCD - SCD + CPR)
    Destination Clock Delay (DCD):    0.026ns = ( 10.026 - 10.000 ) 
    Source Clock Delay      (SCD):    0.037ns
    Clock Pessimism Removal (CPR):    0.000ns
  Clock Uncertainty:      0.035ns  ((TSJ^2 + TIJ^2)^1/2 + DJ) / 2 + PE
    Total System Jitter     (TSJ):    0.071ns
    Total Input Jitter      (TIJ):    0.000ns
    Discrete Jitter          (DJ):    0.000ns
    Phase Error              (PE):    0.000ns

    Location             Delay type                Incr(ns)  Path(ns)    Netlist Resource(s)
  -------------------------------------------------------------------    -------------------
                         (clock ap_clk rise edge)     0.000     0.000 r  
                                                      0.000     0.000 r  ap_clk (IN)
                         net (fo=7236, unset)         0.037     0.037    bd_0_i/hls_inst/inst/K3_U0/ap_clk
    SLICE_X29Y35         FDSE                                         r  bd_0_i/hls_inst/inst/K3_U0/select_ln94_3_reg_770_reg[1]/C
  -------------------------------------------------------------------    -------------------
    SLICE_X29Y35         FDSE (Prop_CFF_SLICEM_C_Q)
                                                      0.095     0.132 f  bd_0_i/hls_inst/inst/K3_U0/select_ln94_3_reg_770_reg[1]/Q
                         net (fo=1, routed)           0.442     0.574    bd_0_i/hls_inst/inst/K3_U0/mul_34s_31s_64_1_1_U14/tmp_product__1/A[3]
    DSP48E2_X2Y16        DSP_A_B_DATA (Prop_DSP_A_B_DATA_DSP48E2_A[3]_A2_DATA[3])
                                                      0.241     0.815 r  bd_0_i/hls_inst/inst/K3_U0/mul_34s_31s_64_1_1_U14/tmp_product__1/DSP_A_B_DATA_INST/A2_DATA[3]
                         net (fo=1, routed)           0.000     0.815    bd_0_i/hls_inst/inst/K3_U0/mul_34s_31s_64_1_1_U14/tmp_product__1/DSP_A_B_DATA.A2_DATA<3>
    DSP48E2_X2Y16        DSP_PREADD_DATA (Prop_DSP_PREADD_DATA_DSP48E2_A2_DATA[3]_A2A1[3])
                                                      0.098     0.913 r  bd_0_i/hls_inst/inst/K3_U0/mul_34s_31s_64_1_1_U14/tmp_product__1/DSP_PREADD_DATA_INST/A2A1[3]
                         net (fo=1, routed)           0.000     0.913    bd_0_i/hls_inst/inst/K3_U0/mul_34s_31s_64_1_1_U14/tmp_product__1/DSP_PREADD_DATA.A2A1<3>
    DSP48E2_X2Y16        DSP_MULTIPLIER (Prop_DSP_MULTIPLIER_DSP48E2_A2A1[3]_U[24])
                                                      0.647     1.560 f  bd_0_i/hls_inst/inst/K3_U0/mul_34s_31s_64_1_1_U14/tmp_product__1/DSP_MULTIPLIER_INST/U[24]
                         net (fo=1, routed)           0.000     1.560    bd_0_i/hls_inst/inst/K3_U0/mul_34s_31s_64_1_1_U14/tmp_product__1/DSP_MULTIPLIER.U<24>
    DSP48E2_X2Y16        DSP_M_DATA (Prop_DSP_M_DATA_DSP48E2_U[24]_U_DATA[24])
                                                      0.059     1.619 r  bd_0_i/hls_inst/inst/K3_U0/mul_34s_31s_64_1_1_U14/tmp_product__1/DSP_M_DATA_INST/U_DATA[24]
                         net (fo=1, routed)           0.000     1.619    bd_0_i/hls_inst/inst/K3_U0/mul_34s_31s_64_1_1_U14/tmp_product__1/DSP_M_DATA.U_DATA<24>
    DSP48E2_X2Y16        DSP_ALU (Prop_DSP_ALU_DSP48E2_U_DATA[24]_ALU_OUT[47])
                                                      0.699     2.318 f  bd_0_i/hls_inst/inst/K3_U0/mul_34s_31s_64_1_1_U14/tmp_product__1/DSP_ALU_INST/ALU_OUT[47]
                         net (fo=1, routed)           0.000     2.318    bd_0_i/hls_inst/inst/K3_U0/mul_34s_31s_64_1_1_U14/tmp_product__1/DSP_ALU.ALU_OUT<47>
    DSP48E2_X2Y16        DSP_OUTPUT (Prop_DSP_OUTPUT_DSP48E2_ALU_OUT[47]_PCOUT[47])
                                                      0.159     2.477 r  bd_0_i/hls_inst/inst/K3_U0/mul_34s_31s_64_1_1_U14/tmp_product__1/DSP_OUTPUT_INST/PCOUT[47]
                         net (fo=1, routed)           0.016     2.493    bd_0_i/hls_inst/inst/K3_U0/mul_34s_31s_64_1_1_U14/tmp_product__2/PCIN[47]
    DSP48E2_X2Y17        DSP_ALU (Prop_DSP_ALU_DSP48E2_PCIN[47]_ALU_OUT[7])
                                                      0.698     3.191 f  bd_0_i/hls_inst/inst/K3_U0/mul_34s_31s_64_1_1_U14/tmp_product__2/DSP_ALU_INST/ALU_OUT[7]
                         net (fo=1, routed)           0.000     3.191    bd_0_i/hls_inst/inst/K3_U0/mul_34s_31s_64_1_1_U14/tmp_product__2/DSP_ALU.ALU_OUT<7>
    DSP48E2_X2Y17        DSP_OUTPUT (Prop_DSP_OUTPUT_DSP48E2_ALU_OUT[7]_P[7])
                                                      0.141     3.332 r  bd_0_i/hls_inst/inst/K3_U0/mul_34s_31s_64_1_1_U14/tmp_product__2/DSP_OUTPUT_INST/P[7]
                         net (fo=2, routed)           0.387     3.719    bd_0_i/hls_inst/inst/K3_U0/mul_34s_31s_64_1_1_U14/tmp_product__2_n_98
    SLICE_X28Y41         LUT2 (Prop_A6LUT_SLICEM_I0_O)
                                                      0.040     3.759 r  bd_0_i/hls_inst/inst/K3_U0/mul_34s_31s_64_1_1_U14/tmp_product_carry__0_i_8/O
                         net (fo=1, routed)           0.014     3.773    bd_0_i/hls_inst/inst/K3_U0/mul_34s_31s_64_1_1_U14/tmp_product_carry__0_i_8_n_0
    SLICE_X28Y41         CARRY8 (Prop_CARRY8_SLICEM_S[0]_CO[7])
                                                      0.241     4.014 r  bd_0_i/hls_inst/inst/K3_U0/mul_34s_31s_64_1_1_U14/tmp_product_carry__0/CO[7]
                         net (fo=1, routed)           0.028     4.042    bd_0_i/hls_inst/inst/K3_U0/mul_34s_31s_64_1_1_U14/tmp_product_carry__0_n_0
    SLICE_X28Y42         CARRY8 (Prop_CARRY8_SLICEM_CI_O[6])
                                                      0.129     4.171 r  bd_0_i/hls_inst/inst/K3_U0/mul_34s_31s_64_1_1_U14/tmp_product_carry__1/O[6]
                         net (fo=1, routed)           0.416     4.587    bd_0_i/hls_inst/inst/K3_U0/mul_34s_31s_64_1_1_U14/trunc_ln_fu_526_p4[16]
    SLICE_X29Y43         CARRY8 (Prop_CARRY8_SLICEM_S[0]_CO[7])
                                                      0.241     4.828 r  bd_0_i/hls_inst/inst/K3_U0/mul_34s_31s_64_1_1_U14/select_ln100_3_reg_780_reg[23]_i_2/CO[7]
                         net (fo=1, routed)           0.028     4.856    bd_0_i/hls_inst/inst/K3_U0/mul_34s_31s_64_1_1_U14/select_ln100_3_reg_780_reg[23]_i_2_n_0
    SLICE_X29Y44         CARRY8 (Prop_CARRY8_SLICEM_CI_O[7])
                                                      0.146     5.002 r  bd_0_i/hls_inst/inst/K3_U0/mul_34s_31s_64_1_1_U14/select_ln100_3_reg_780_reg[31]_i_4/O[7]
                         net (fo=3, routed)           0.149     5.151    bd_0_i/hls_inst/inst/K3_U0/mul_34s_31s_64_1_1_U14/tmp_17_fu_562_p3
    SLICE_X29Y45         LUT4 (Prop_D6LUT_SLICEM_I3_O)
                                                      0.098     5.249 r  bd_0_i/hls_inst/inst/K3_U0/mul_34s_31s_64_1_1_U14/select_ln100_3_reg_780[31]_i_7/O
                         net (fo=1, routed)           0.047     5.296    bd_0_i/hls_inst/inst/K3_U0/mul_34s_31s_64_1_1_U14/select_ln100_3_reg_780[31]_i_7_n_0
    SLICE_X29Y45         LUT5 (Prop_E6LUT_SLICEM_I3_O)
                                                      0.039     5.335 r  bd_0_i/hls_inst/inst/K3_U0/mul_34s_31s_64_1_1_U14/select_ln100_3_reg_780[31]_i_3/O
                         net (fo=32, routed)          0.204     5.539    bd_0_i/hls_inst/inst/K3_U0/mul_34s_31s_64_1_1_U14/select_ln100_3_reg_780[31]_i_3_n_0
    SLICE_X31Y44         LUT3 (Prop_D5LUT_SLICEM_I2_O)
                                                      0.167     5.706 r  bd_0_i/hls_inst/inst/K3_U0/mul_34s_31s_64_1_1_U14/select_ln100_3_reg_780[31]_i_1/O
                         net (fo=31, routed)          0.590     6.296    bd_0_i/hls_inst/inst/K3_U0/select_ln100_3_reg_780
    SLICE_X29Y45         FDRE                                         r  bd_0_i/hls_inst/inst/K3_U0/select_ln100_3_reg_780_reg[31]/R
  -------------------------------------------------------------------    -------------------

                         (clock ap_clk rise edge)    10.000    10.000 r  
                                                      0.000    10.000 r  ap_clk (IN)
                         net (fo=7236, unset)         0.026    10.026    bd_0_i/hls_inst/inst/K3_U0/ap_clk
    SLICE_X29Y45         FDRE                                         r  bd_0_i/hls_inst/inst/K3_U0/select_ln100_3_reg_780_reg[31]/C
                         clock pessimism              0.000    10.026    
                         clock uncertainty           -0.035     9.991    
    SLICE_X29Y45         FDRE (Setup_CFF2_SLICEM_C_R)
                                                     -0.072     9.919    bd_0_i/hls_inst/inst/K3_U0/select_ln100_3_reg_780_reg[31]
  -------------------------------------------------------------------
                         required time                          9.919    
                         arrival time                          -6.296    
  -------------------------------------------------------------------
                         slack                                  3.623    

Slack (MET) :             3.625ns  (required time - arrival time)
  Source:                 bd_0_i/hls_inst/inst/K3_U0/select_ln94_3_reg_770_reg[1]/C
                            (rising edge-triggered cell FDSE clocked by ap_clk  {rise@0.000ns fall@5.000ns period=10.000ns})
  Destination:            bd_0_i/hls_inst/inst/K3_U0/select_ln100_3_reg_780_reg[18]/S
                            (rising edge-triggered cell FDSE clocked by ap_clk  {rise@0.000ns fall@5.000ns period=10.000ns})
  Path Group:             ap_clk
  Path Type:              Setup (Max at Slow Process Corner)
  Requirement:            10.000ns  (ap_clk rise@10.000ns - ap_clk rise@0.000ns)
  Data Path Delay:        6.257ns  (logic 3.938ns (62.937%)  route 2.319ns (37.063%))
  Logic Levels:           16  (CARRY8=4 DSP_A_B_DATA=1 DSP_ALU=2 DSP_M_DATA=1 DSP_MULTIPLIER=1 DSP_OUTPUT=2 DSP_PREADD_DATA=1 LUT2=1 LUT3=1 LUT4=1 LUT5=1)
  Clock Path Skew:        -0.011ns (DCD - SCD + CPR)
    Destination Clock Delay (DCD):    0.026ns = ( 10.026 - 10.000 ) 
    Source Clock Delay      (SCD):    0.037ns
    Clock Pessimism Removal (CPR):    0.000ns
  Clock Uncertainty:      0.035ns  ((TSJ^2 + TIJ^2)^1/2 + DJ) / 2 + PE
    Total System Jitter     (TSJ):    0.071ns
    Total Input Jitter      (TIJ):    0.000ns
    Discrete Jitter          (DJ):    0.000ns
    Phase Error              (PE):    0.000ns

    Location             Delay type                Incr(ns)  Path(ns)    Netlist Resource(s)
  -------------------------------------------------------------------    -------------------
                         (clock ap_clk rise edge)     0.000     0.000 r  
                                                      0.000     0.000 r  ap_clk (IN)
                         net (fo=7236, unset)         0.037     0.037    bd_0_i/hls_inst/inst/K3_U0/ap_clk
    SLICE_X29Y35         FDSE                                         r  bd_0_i/hls_inst/inst/K3_U0/select_ln94_3_reg_770_reg[1]/C
  -------------------------------------------------------------------    -------------------
    SLICE_X29Y35         FDSE (Prop_CFF_SLICEM_C_Q)
                                                      0.095     0.132 f  bd_0_i/hls_inst/inst/K3_U0/select_ln94_3_reg_770_reg[1]/Q
                         net (fo=1, routed)           0.442     0.574    bd_0_i/hls_inst/inst/K3_U0/mul_34s_31s_64_1_1_U14/tmp_product__1/A[3]
    DSP48E2_X2Y16        DSP_A_B_DATA (Prop_DSP_A_B_DATA_DSP48E2_A[3]_A2_DATA[3])
                                                      0.241     0.815 r  bd_0_i/hls_inst/inst/K3_U0/mul_34s_31s_64_1_1_U14/tmp_product__1/DSP_A_B_DATA_INST/A2_DATA[3]
                         net (fo=1, routed)           0.000     0.815    bd_0_i/hls_inst/inst/K3_U0/mul_34s_31s_64_1_1_U14/tmp_product__1/DSP_A_B_DATA.A2_DATA<3>
    DSP48E2_X2Y16        DSP_PREADD_DATA (Prop_DSP_PREADD_DATA_DSP48E2_A2_DATA[3]_A2A1[3])
                                                      0.098     0.913 r  bd_0_i/hls_inst/inst/K3_U0/mul_34s_31s_64_1_1_U14/tmp_product__1/DSP_PREADD_DATA_INST/A2A1[3]
                         net (fo=1, routed)           0.000     0.913    bd_0_i/hls_inst/inst/K3_U0/mul_34s_31s_64_1_1_U14/tmp_product__1/DSP_PREADD_DATA.A2A1<3>
    DSP48E2_X2Y16        DSP_MULTIPLIER (Prop_DSP_MULTIPLIER_DSP48E2_A2A1[3]_U[24])
                                                      0.647     1.560 f  bd_0_i/hls_inst/inst/K3_U0/mul_34s_31s_64_1_1_U14/tmp_product__1/DSP_MULTIPLIER_INST/U[24]
                         net (fo=1, routed)           0.000     1.560    bd_0_i/hls_inst/inst/K3_U0/mul_34s_31s_64_1_1_U14/tmp_product__1/DSP_MULTIPLIER.U<24>
    DSP48E2_X2Y16        DSP_M_DATA (Prop_DSP_M_DATA_DSP48E2_U[24]_U_DATA[24])
                                                      0.059     1.619 r  bd_0_i/hls_inst/inst/K3_U0/mul_34s_31s_64_1_1_U14/tmp_product__1/DSP_M_DATA_INST/U_DATA[24]
                         net (fo=1, routed)           0.000     1.619    bd_0_i/hls_inst/inst/K3_U0/mul_34s_31s_64_1_1_U14/tmp_product__1/DSP_M_DATA.U_DATA<24>
    DSP48E2_X2Y16        DSP_ALU (Prop_DSP_ALU_DSP48E2_U_DATA[24]_ALU_OUT[47])
                                                      0.699     2.318 f  bd_0_i/hls_inst/inst/K3_U0/mul_34s_31s_64_1_1_U14/tmp_product__1/DSP_ALU_INST/ALU_OUT[47]
                         net (fo=1, routed)           0.000     2.318    bd_0_i/hls_inst/inst/K3_U0/mul_34s_31s_64_1_1_U14/tmp_product__1/DSP_ALU.ALU_OUT<47>
    DSP48E2_X2Y16        DSP_OUTPUT (Prop_DSP_OUTPUT_DSP48E2_ALU_OUT[47]_PCOUT[47])
                                                      0.159     2.477 r  bd_0_i/hls_inst/inst/K3_U0/mul_34s_31s_64_1_1_U14/tmp_product__1/DSP_OUTPUT_INST/PCOUT[47]
                         net (fo=1, routed)           0.016     2.493    bd_0_i/hls_inst/inst/K3_U0/mul_34s_31s_64_1_1_U14/tmp_product__2/PCIN[47]
    DSP48E2_X2Y17        DSP_ALU (Prop_DSP_ALU_DSP48E2_PCIN[47]_ALU_OUT[7])
                                                      0.698     3.191 f  bd_0_i/hls_inst/inst/K3_U0/mul_34s_31s_64_1_1_U14/tmp_product__2/DSP_ALU_INST/ALU_OUT[7]
                         net (fo=1, routed)           0.000     3.191    bd_0_i/hls_inst/inst/K3_U0/mul_34s_31s_64_1_1_U14/tmp_product__2/DSP_ALU.ALU_OUT<7>
    DSP48E2_X2Y17        DSP_OUTPUT (Prop_DSP_OUTPUT_DSP48E2_ALU_OUT[7]_P[7])
                                                      0.141     3.332 r  bd_0_i/hls_inst/inst/K3_U0/mul_34s_31s_64_1_1_U14/tmp_product__2/DSP_OUTPUT_INST/P[7]
                         net (fo=2, routed)           0.387     3.719    bd_0_i/hls_inst/inst/K3_U0/mul_34s_31s_64_1_1_U14/tmp_product__2_n_98
    SLICE_X28Y41         LUT2 (Prop_A6LUT_SLICEM_I0_O)
                                                      0.040     3.759 r  bd_0_i/hls_inst/inst/K3_U0/mul_34s_31s_64_1_1_U14/tmp_product_carry__0_i_8/O
                         net (fo=1, routed)           0.014     3.773    bd_0_i/hls_inst/inst/K3_U0/mul_34s_31s_64_1_1_U14/tmp_product_carry__0_i_8_n_0
    SLICE_X28Y41         CARRY8 (Prop_CARRY8_SLICEM_S[0]_CO[7])
                                                      0.241     4.014 r  bd_0_i/hls_inst/inst/K3_U0/mul_34s_31s_64_1_1_U14/tmp_product_carry__0/CO[7]
                         net (fo=1, routed)           0.028     4.042    bd_0_i/hls_inst/inst/K3_U0/mul_34s_31s_64_1_1_U14/tmp_product_carry__0_n_0
    SLICE_X28Y42         CARRY8 (Prop_CARRY8_SLICEM_CI_O[6])
                                                      0.129     4.171 r  bd_0_i/hls_inst/inst/K3_U0/mul_34s_31s_64_1_1_U14/tmp_product_carry__1/O[6]
                         net (fo=1, routed)           0.416     4.587    bd_0_i/hls_inst/inst/K3_U0/mul_34s_31s_64_1_1_U14/trunc_ln_fu_526_p4[16]
    SLICE_X29Y43         CARRY8 (Prop_CARRY8_SLICEM_S[0]_CO[7])
                                                      0.241     4.828 r  bd_0_i/hls_inst/inst/K3_U0/mul_34s_31s_64_1_1_U14/select_ln100_3_reg_780_reg[23]_i_2/CO[7]
                         net (fo=1, routed)           0.028     4.856    bd_0_i/hls_inst/inst/K3_U0/mul_34s_31s_64_1_1_U14/select_ln100_3_reg_780_reg[23]_i_2_n_0
    SLICE_X29Y44         CARRY8 (Prop_CARRY8_SLICEM_CI_O[7])
                                                      0.146     5.002 r  bd_0_i/hls_inst/inst/K3_U0/mul_34s_31s_64_1_1_U14/select_ln100_3_reg_780_reg[31]_i_4/O[7]
                         net (fo=3, routed)           0.149     5.151    bd_0_i/hls_inst/inst/K3_U0/mul_34s_31s_64_1_1_U14/tmp_17_fu_562_p3
    SLICE_X29Y45         LUT4 (Prop_D6LUT_SLICEM_I3_O)
                                                      0.098     5.249 r  bd_0_i/hls_inst/inst/K3_U0/mul_34s_31s_64_1_1_U14/select_ln100_3_reg_780[31]_i_7/O
                         net (fo=1, routed)           0.047     5.296    bd_0_i/hls_inst/inst/K3_U0/mul_34s_31s_64_1_1_U14/select_ln100_3_reg_780[31]_i_7_n_0
    SLICE_X29Y45         LUT5 (Prop_E6LUT_SLICEM_I3_O)
                                                      0.039     5.335 r  bd_0_i/hls_inst/inst/K3_U0/mul_34s_31s_64_1_1_U14/select_ln100_3_reg_780[31]_i_3/O
                         net (fo=32, routed)          0.204     5.539    bd_0_i/hls_inst/inst/K3_U0/mul_34s_31s_64_1_1_U14/select_ln100_3_reg_780[31]_i_3_n_0
    SLICE_X31Y44         LUT3 (Prop_D5LUT_SLICEM_I2_O)
                                                      0.167     5.706 r  bd_0_i/hls_inst/inst/K3_U0/mul_34s_31s_64_1_1_U14/select_ln100_3_reg_780[31]_i_1/O
                         net (fo=31, routed)          0.588     6.294    bd_0_i/hls_inst/inst/K3_U0/select_ln100_3_reg_780
    SLICE_X29Y45         FDSE                                         r  bd_0_i/hls_inst/inst/K3_U0/select_ln100_3_reg_780_reg[18]/S
  -------------------------------------------------------------------    -------------------

                         (clock ap_clk rise edge)    10.000    10.000 r  
                                                      0.000    10.000 r  ap_clk (IN)
                         net (fo=7236, unset)         0.026    10.026    bd_0_i/hls_inst/inst/K3_U0/ap_clk
    SLICE_X29Y45         FDSE                                         r  bd_0_i/hls_inst/inst/K3_U0/select_ln100_3_reg_780_reg[18]/C
                         clock pessimism              0.000    10.026    
                         clock uncertainty           -0.035     9.991    
    SLICE_X29Y45         FDSE (Setup_HFF_SLICEM_C_S)
                                                     -0.072     9.919    bd_0_i/hls_inst/inst/K3_U0/select_ln100_3_reg_780_reg[18]
  -------------------------------------------------------------------
                         required time                          9.919    
                         arrival time                          -6.294    
  -------------------------------------------------------------------
                         slack                                  3.625    

Slack (MET) :             3.625ns  (required time - arrival time)
  Source:                 bd_0_i/hls_inst/inst/K3_U0/select_ln94_3_reg_770_reg[1]/C
                            (rising edge-triggered cell FDSE clocked by ap_clk  {rise@0.000ns fall@5.000ns period=10.000ns})
  Destination:            bd_0_i/hls_inst/inst/K3_U0/select_ln100_3_reg_780_reg[27]/S
                            (rising edge-triggered cell FDSE clocked by ap_clk  {rise@0.000ns fall@5.000ns period=10.000ns})
  Path Group:             ap_clk
  Path Type:              Setup (Max at Slow Process Corner)
  Requirement:            10.000ns  (ap_clk rise@10.000ns - ap_clk rise@0.000ns)
  Data Path Delay:        6.257ns  (logic 3.938ns (62.937%)  route 2.319ns (37.063%))
  Logic Levels:           16  (CARRY8=4 DSP_A_B_DATA=1 DSP_ALU=2 DSP_M_DATA=1 DSP_MULTIPLIER=1 DSP_OUTPUT=2 DSP_PREADD_DATA=1 LUT2=1 LUT3=1 LUT4=1 LUT5=1)
  Clock Path Skew:        -0.011ns (DCD - SCD + CPR)
    Destination Clock Delay (DCD):    0.026ns = ( 10.026 - 10.000 ) 
    Source Clock Delay      (SCD):    0.037ns
    Clock Pessimism Removal (CPR):    0.000ns
  Clock Uncertainty:      0.035ns  ((TSJ^2 + TIJ^2)^1/2 + DJ) / 2 + PE
    Total System Jitter     (TSJ):    0.071ns
    Total Input Jitter      (TIJ):    0.000ns
    Discrete Jitter          (DJ):    0.000ns
    Phase Error              (PE):    0.000ns

    Location             Delay type                Incr(ns)  Path(ns)    Netlist Resource(s)
  -------------------------------------------------------------------    -------------------
                         (clock ap_clk rise edge)     0.000     0.000 r  
                                                      0.000     0.000 r  ap_clk (IN)
                         net (fo=7236, unset)         0.037     0.037    bd_0_i/hls_inst/inst/K3_U0/ap_clk
    SLICE_X29Y35         FDSE                                         r  bd_0_i/hls_inst/inst/K3_U0/select_ln94_3_reg_770_reg[1]/C
  -------------------------------------------------------------------    -------------------
    SLICE_X29Y35         FDSE (Prop_CFF_SLICEM_C_Q)
                                                      0.095     0.132 f  bd_0_i/hls_inst/inst/K3_U0/select_ln94_3_reg_770_reg[1]/Q
                         net (fo=1, routed)           0.442     0.574    bd_0_i/hls_inst/inst/K3_U0/mul_34s_31s_64_1_1_U14/tmp_product__1/A[3]
    DSP48E2_X2Y16        DSP_A_B_DATA (Prop_DSP_A_B_DATA_DSP48E2_A[3]_A2_DATA[3])
                                                      0.241     0.815 r  bd_0_i/hls_inst/inst/K3_U0/mul_34s_31s_64_1_1_U14/tmp_product__1/DSP_A_B_DATA_INST/A2_DATA[3]
                         net (fo=1, routed)           0.000     0.815    bd_0_i/hls_inst/inst/K3_U0/mul_34s_31s_64_1_1_U14/tmp_product__1/DSP_A_B_DATA.A2_DATA<3>
    DSP48E2_X2Y16        DSP_PREADD_DATA (Prop_DSP_PREADD_DATA_DSP48E2_A2_DATA[3]_A2A1[3])
                                                      0.098     0.913 r  bd_0_i/hls_inst/inst/K3_U0/mul_34s_31s_64_1_1_U14/tmp_product__1/DSP_PREADD_DATA_INST/A2A1[3]
                         net (fo=1, routed)           0.000     0.913    bd_0_i/hls_inst/inst/K3_U0/mul_34s_31s_64_1_1_U14/tmp_product__1/DSP_PREADD_DATA.A2A1<3>
    DSP48E2_X2Y16        DSP_MULTIPLIER (Prop_DSP_MULTIPLIER_DSP48E2_A2A1[3]_U[24])
                                                      0.647     1.560 f  bd_0_i/hls_inst/inst/K3_U0/mul_34s_31s_64_1_1_U14/tmp_product__1/DSP_MULTIPLIER_INST/U[24]
                         net (fo=1, routed)           0.000     1.560    bd_0_i/hls_inst/inst/K3_U0/mul_34s_31s_64_1_1_U14/tmp_product__1/DSP_MULTIPLIER.U<24>
    DSP48E2_X2Y16        DSP_M_DATA (Prop_DSP_M_DATA_DSP48E2_U[24]_U_DATA[24])
                                                      0.059     1.619 r  bd_0_i/hls_inst/inst/K3_U0/mul_34s_31s_64_1_1_U14/tmp_product__1/DSP_M_DATA_INST/U_DATA[24]
                         net (fo=1, routed)           0.000     1.619    bd_0_i/hls_inst/inst/K3_U0/mul_34s_31s_64_1_1_U14/tmp_product__1/DSP_M_DATA.U_DATA<24>
    DSP48E2_X2Y16        DSP_ALU (Prop_DSP_ALU_DSP48E2_U_DATA[24]_ALU_OUT[47])
                                                      0.699     2.318 f  bd_0_i/hls_inst/inst/K3_U0/mul_34s_31s_64_1_1_U14/tmp_product__1/DSP_ALU_INST/ALU_OUT[47]
                         net (fo=1, routed)           0.000     2.318    bd_0_i/hls_inst/inst/K3_U0/mul_34s_31s_64_1_1_U14/tmp_product__1/DSP_ALU.ALU_OUT<47>
    DSP48E2_X2Y16        DSP_OUTPUT (Prop_DSP_OUTPUT_DSP48E2_ALU_OUT[47]_PCOUT[47])
                                                      0.159     2.477 r  bd_0_i/hls_inst/inst/K3_U0/mul_34s_31s_64_1_1_U14/tmp_product__1/DSP_OUTPUT_INST/PCOUT[47]
                         net (fo=1, routed)           0.016     2.493    bd_0_i/hls_inst/inst/K3_U0/mul_34s_31s_64_1_1_U14/tmp_product__2/PCIN[47]
    DSP48E2_X2Y17        DSP_ALU (Prop_DSP_ALU_DSP48E2_PCIN[47]_ALU_OUT[7])
                                                      0.698     3.191 f  bd_0_i/hls_inst/inst/K3_U0/mul_34s_31s_64_1_1_U14/tmp_product__2/DSP_ALU_INST/ALU_OUT[7]
                         net (fo=1, routed)           0.000     3.191    bd_0_i/hls_inst/inst/K3_U0/mul_34s_31s_64_1_1_U14/tmp_product__2/DSP_ALU.ALU_OUT<7>
    DSP48E2_X2Y17        DSP_OUTPUT (Prop_DSP_OUTPUT_DSP48E2_ALU_OUT[7]_P[7])
                                                      0.141     3.332 r  bd_0_i/hls_inst/inst/K3_U0/mul_34s_31s_64_1_1_U14/tmp_product__2/DSP_OUTPUT_INST/P[7]
                         net (fo=2, routed)           0.387     3.719    bd_0_i/hls_inst/inst/K3_U0/mul_34s_31s_64_1_1_U14/tmp_product__2_n_98
    SLICE_X28Y41         LUT2 (Prop_A6LUT_SLICEM_I0_O)
                                                      0.040     3.759 r  bd_0_i/hls_inst/inst/K3_U0/mul_34s_31s_64_1_1_U14/tmp_product_carry__0_i_8/O
                         net (fo=1, routed)           0.014     3.773    bd_0_i/hls_inst/inst/K3_U0/mul_34s_31s_64_1_1_U14/tmp_product_carry__0_i_8_n_0
    SLICE_X28Y41         CARRY8 (Prop_CARRY8_SLICEM_S[0]_CO[7])
                                                      0.241     4.014 r  bd_0_i/hls_inst/inst/K3_U0/mul_34s_31s_64_1_1_U14/tmp_product_carry__0/CO[7]
                         net (fo=1, routed)           0.028     4.042    bd_0_i/hls_inst/inst/K3_U0/mul_34s_31s_64_1_1_U14/tmp_product_carry__0_n_0
    SLICE_X28Y42         CARRY8 (Prop_CARRY8_SLICEM_CI_O[6])
                                                      0.129     4.171 r  bd_0_i/hls_inst/inst/K3_U0/mul_34s_31s_64_1_1_U14/tmp_product_carry__1/O[6]
                         net (fo=1, routed)           0.416     4.587    bd_0_i/hls_inst/inst/K3_U0/mul_34s_31s_64_1_1_U14/trunc_ln_fu_526_p4[16]
    SLICE_X29Y43         CARRY8 (Prop_CARRY8_SLICEM_S[0]_CO[7])
                                                      0.241     4.828 r  bd_0_i/hls_inst/inst/K3_U0/mul_34s_31s_64_1_1_U14/select_ln100_3_reg_780_reg[23]_i_2/CO[7]
                         net (fo=1, routed)           0.028     4.856    bd_0_i/hls_inst/inst/K3_U0/mul_34s_31s_64_1_1_U14/select_ln100_3_reg_780_reg[23]_i_2_n_0
    SLICE_X29Y44         CARRY8 (Prop_CARRY8_SLICEM_CI_O[7])
                                                      0.146     5.002 r  bd_0_i/hls_inst/inst/K3_U0/mul_34s_31s_64_1_1_U14/select_ln100_3_reg_780_reg[31]_i_4/O[7]
                         net (fo=3, routed)           0.149     5.151    bd_0_i/hls_inst/inst/K3_U0/mul_34s_31s_64_1_1_U14/tmp_17_fu_562_p3
    SLICE_X29Y45         LUT4 (Prop_D6LUT_SLICEM_I3_O)
                                                      0.098     5.249 r  bd_0_i/hls_inst/inst/K3_U0/mul_34s_31s_64_1_1_U14/select_ln100_3_reg_780[31]_i_7/O
                         net (fo=1, routed)           0.047     5.296    bd_0_i/hls_inst/inst/K3_U0/mul_34s_31s_64_1_1_U14/select_ln100_3_reg_780[31]_i_7_n_0
    SLICE_X29Y45         LUT5 (Prop_E6LUT_SLICEM_I3_O)
                                                      0.039     5.335 r  bd_0_i/hls_inst/inst/K3_U0/mul_34s_31s_64_1_1_U14/select_ln100_3_reg_780[31]_i_3/O
                         net (fo=32, routed)          0.204     5.539    bd_0_i/hls_inst/inst/K3_U0/mul_34s_31s_64_1_1_U14/select_ln100_3_reg_780[31]_i_3_n_0
    SLICE_X31Y44         LUT3 (Prop_D5LUT_SLICEM_I2_O)
                                                      0.167     5.706 r  bd_0_i/hls_inst/inst/K3_U0/mul_34s_31s_64_1_1_U14/select_ln100_3_reg_780[31]_i_1/O
                         net (fo=31, routed)          0.588     6.294    bd_0_i/hls_inst/inst/K3_U0/select_ln100_3_reg_780
    SLICE_X29Y45         FDSE                                         r  bd_0_i/hls_inst/inst/K3_U0/select_ln100_3_reg_780_reg[27]/S
  -------------------------------------------------------------------    -------------------

                         (clock ap_clk rise edge)    10.000    10.000 r  
                                                      0.000    10.000 r  ap_clk (IN)
                         net (fo=7236, unset)         0.026    10.026    bd_0_i/hls_inst/inst/K3_U0/ap_clk
    SLICE_X29Y45         FDSE                                         r  bd_0_i/hls_inst/inst/K3_U0/select_ln100_3_reg_780_reg[27]/C
                         clock pessimism              0.000    10.026    
                         clock uncertainty           -0.035     9.991    
    SLICE_X29Y45         FDSE (Setup_GFF_SLICEM_C_S)
                                                     -0.072     9.919    bd_0_i/hls_inst/inst/K3_U0/select_ln100_3_reg_780_reg[27]
  -------------------------------------------------------------------
                         required time                          9.919    
                         arrival time                          -6.294    
  -------------------------------------------------------------------
                         slack                                  3.625    

Slack (MET) :             3.638ns  (required time - arrival time)
  Source:                 bd_0_i/hls_inst/inst/K3_U0/select_ln94_3_reg_770_reg[1]/C
                            (rising edge-triggered cell FDSE clocked by ap_clk  {rise@0.000ns fall@5.000ns period=10.000ns})
  Destination:            bd_0_i/hls_inst/inst/K3_U0/select_ln100_3_reg_780_reg[16]/S
                            (rising edge-triggered cell FDSE clocked by ap_clk  {rise@0.000ns fall@5.000ns period=10.000ns})
  Path Group:             ap_clk
  Path Type:              Setup (Max at Slow Process Corner)
  Requirement:            10.000ns  (ap_clk rise@10.000ns - ap_clk rise@0.000ns)
  Data Path Delay:        6.242ns  (logic 3.938ns (63.088%)  route 2.304ns (36.912%))
  Logic Levels:           16  (CARRY8=4 DSP_A_B_DATA=1 DSP_ALU=2 DSP_M_DATA=1 DSP_MULTIPLIER=1 DSP_OUTPUT=2 DSP_PREADD_DATA=1 LUT2=1 LUT3=1 LUT4=1 LUT5=1)
  Clock Path Skew:        -0.013ns (DCD - SCD + CPR)
    Destination Clock Delay (DCD):    0.024ns = ( 10.024 - 10.000 ) 
    Source Clock Delay      (SCD):    0.037ns
    Clock Pessimism Removal (CPR):    0.000ns
  Clock Uncertainty:      0.035ns  ((TSJ^2 + TIJ^2)^1/2 + DJ) / 2 + PE
    Total System Jitter     (TSJ):    0.071ns
    Total Input Jitter      (TIJ):    0.000ns
    Discrete Jitter          (DJ):    0.000ns
    Phase Error              (PE):    0.000ns

    Location             Delay type                Incr(ns)  Path(ns)    Netlist Resource(s)
  -------------------------------------------------------------------    -------------------
                         (clock ap_clk rise edge)     0.000     0.000 r  
                                                      0.000     0.000 r  ap_clk (IN)
                         net (fo=7236, unset)         0.037     0.037    bd_0_i/hls_inst/inst/K3_U0/ap_clk
    SLICE_X29Y35         FDSE                                         r  bd_0_i/hls_inst/inst/K3_U0/select_ln94_3_reg_770_reg[1]/C
  -------------------------------------------------------------------    -------------------
    SLICE_X29Y35         FDSE (Prop_CFF_SLICEM_C_Q)
                                                      0.095     0.132 f  bd_0_i/hls_inst/inst/K3_U0/select_ln94_3_reg_770_reg[1]/Q
                         net (fo=1, routed)           0.442     0.574    bd_0_i/hls_inst/inst/K3_U0/mul_34s_31s_64_1_1_U14/tmp_product__1/A[3]
    DSP48E2_X2Y16        DSP_A_B_DATA (Prop_DSP_A_B_DATA_DSP48E2_A[3]_A2_DATA[3])
                                                      0.241     0.815 r  bd_0_i/hls_inst/inst/K3_U0/mul_34s_31s_64_1_1_U14/tmp_product__1/DSP_A_B_DATA_INST/A2_DATA[3]
                         net (fo=1, routed)           0.000     0.815    bd_0_i/hls_inst/inst/K3_U0/mul_34s_31s_64_1_1_U14/tmp_product__1/DSP_A_B_DATA.A2_DATA<3>
    DSP48E2_X2Y16        DSP_PREADD_DATA (Prop_DSP_PREADD_DATA_DSP48E2_A2_DATA[3]_A2A1[3])
                                                      0.098     0.913 r  bd_0_i/hls_inst/inst/K3_U0/mul_34s_31s_64_1_1_U14/tmp_product__1/DSP_PREADD_DATA_INST/A2A1[3]
                         net (fo=1, routed)           0.000     0.913    bd_0_i/hls_inst/inst/K3_U0/mul_34s_31s_64_1_1_U14/tmp_product__1/DSP_PREADD_DATA.A2A1<3>
    DSP48E2_X2Y16        DSP_MULTIPLIER (Prop_DSP_MULTIPLIER_DSP48E2_A2A1[3]_U[24])
                                                      0.647     1.560 f  bd_0_i/hls_inst/inst/K3_U0/mul_34s_31s_64_1_1_U14/tmp_product__1/DSP_MULTIPLIER_INST/U[24]
                         net (fo=1, routed)           0.000     1.560    bd_0_i/hls_inst/inst/K3_U0/mul_34s_31s_64_1_1_U14/tmp_product__1/DSP_MULTIPLIER.U<24>
    DSP48E2_X2Y16        DSP_M_DATA (Prop_DSP_M_DATA_DSP48E2_U[24]_U_DATA[24])
                                                      0.059     1.619 r  bd_0_i/hls_inst/inst/K3_U0/mul_34s_31s_64_1_1_U14/tmp_product__1/DSP_M_DATA_INST/U_DATA[24]
                         net (fo=1, routed)           0.000     1.619    bd_0_i/hls_inst/inst/K3_U0/mul_34s_31s_64_1_1_U14/tmp_product__1/DSP_M_DATA.U_DATA<24>
    DSP48E2_X2Y16        DSP_ALU (Prop_DSP_ALU_DSP48E2_U_DATA[24]_ALU_OUT[47])
                                                      0.699     2.318 f  bd_0_i/hls_inst/inst/K3_U0/mul_34s_31s_64_1_1_U14/tmp_product__1/DSP_ALU_INST/ALU_OUT[47]
                         net (fo=1, routed)           0.000     2.318    bd_0_i/hls_inst/inst/K3_U0/mul_34s_31s_64_1_1_U14/tmp_product__1/DSP_ALU.ALU_OUT<47>
    DSP48E2_X2Y16        DSP_OUTPUT (Prop_DSP_OUTPUT_DSP48E2_ALU_OUT[47]_PCOUT[47])
                                                      0.159     2.477 r  bd_0_i/hls_inst/inst/K3_U0/mul_34s_31s_64_1_1_U14/tmp_product__1/DSP_OUTPUT_INST/PCOUT[47]
                         net (fo=1, routed)           0.016     2.493    bd_0_i/hls_inst/inst/K3_U0/mul_34s_31s_64_1_1_U14/tmp_product__2/PCIN[47]
    DSP48E2_X2Y17        DSP_ALU (Prop_DSP_ALU_DSP48E2_PCIN[47]_ALU_OUT[7])
                                                      0.698     3.191 f  bd_0_i/hls_inst/inst/K3_U0/mul_34s_31s_64_1_1_U14/tmp_product__2/DSP_ALU_INST/ALU_OUT[7]
                         net (fo=1, routed)           0.000     3.191    bd_0_i/hls_inst/inst/K3_U0/mul_34s_31s_64_1_1_U14/tmp_product__2/DSP_ALU.ALU_OUT<7>
    DSP48E2_X2Y17        DSP_OUTPUT (Prop_DSP_OUTPUT_DSP48E2_ALU_OUT[7]_P[7])
                                                      0.141     3.332 r  bd_0_i/hls_inst/inst/K3_U0/mul_34s_31s_64_1_1_U14/tmp_product__2/DSP_OUTPUT_INST/P[7]
                         net (fo=2, routed)           0.387     3.719    bd_0_i/hls_inst/inst/K3_U0/mul_34s_31s_64_1_1_U14/tmp_product__2_n_98
    SLICE_X28Y41         LUT2 (Prop_A6LUT_SLICEM_I0_O)
                                                      0.040     3.759 r  bd_0_i/hls_inst/inst/K3_U0/mul_34s_31s_64_1_1_U14/tmp_product_carry__0_i_8/O
                         net (fo=1, routed)           0.014     3.773    bd_0_i/hls_inst/inst/K3_U0/mul_34s_31s_64_1_1_U14/tmp_product_carry__0_i_8_n_0
    SLICE_X28Y41         CARRY8 (Prop_CARRY8_SLICEM_S[0]_CO[7])
                                                      0.241     4.014 r  bd_0_i/hls_inst/inst/K3_U0/mul_34s_31s_64_1_1_U14/tmp_product_carry__0/CO[7]
                         net (fo=1, routed)           0.028     4.042    bd_0_i/hls_inst/inst/K3_U0/mul_34s_31s_64_1_1_U14/tmp_product_carry__0_n_0
    SLICE_X28Y42         CARRY8 (Prop_CARRY8_SLICEM_CI_O[6])
                                                      0.129     4.171 r  bd_0_i/hls_inst/inst/K3_U0/mul_34s_31s_64_1_1_U14/tmp_product_carry__1/O[6]
                         net (fo=1, routed)           0.416     4.587    bd_0_i/hls_inst/inst/K3_U0/mul_34s_31s_64_1_1_U14/trunc_ln_fu_526_p4[16]
    SLICE_X29Y43         CARRY8 (Prop_CARRY8_SLICEM_S[0]_CO[7])
                                                      0.241     4.828 r  bd_0_i/hls_inst/inst/K3_U0/mul_34s_31s_64_1_1_U14/select_ln100_3_reg_780_reg[23]_i_2/CO[7]
                         net (fo=1, routed)           0.028     4.856    bd_0_i/hls_inst/inst/K3_U0/mul_34s_31s_64_1_1_U14/select_ln100_3_reg_780_reg[23]_i_2_n_0
    SLICE_X29Y44         CARRY8 (Prop_CARRY8_SLICEM_CI_O[7])
                                                      0.146     5.002 r  bd_0_i/hls_inst/inst/K3_U0/mul_34s_31s_64_1_1_U14/select_ln100_3_reg_780_reg[31]_i_4/O[7]
                         net (fo=3, routed)           0.149     5.151    bd_0_i/hls_inst/inst/K3_U0/mul_34s_31s_64_1_1_U14/tmp_17_fu_562_p3
    SLICE_X29Y45         LUT4 (Prop_D6LUT_SLICEM_I3_O)
                                                      0.098     5.249 r  bd_0_i/hls_inst/inst/K3_U0/mul_34s_31s_64_1_1_U14/select_ln100_3_reg_780[31]_i_7/O
                         net (fo=1, routed)           0.047     5.296    bd_0_i/hls_inst/inst/K3_U0/mul_34s_31s_64_1_1_U14/select_ln100_3_reg_780[31]_i_7_n_0
    SLICE_X29Y45         LUT5 (Prop_E6LUT_SLICEM_I3_O)
                                                      0.039     5.335 r  bd_0_i/hls_inst/inst/K3_U0/mul_34s_31s_64_1_1_U14/select_ln100_3_reg_780[31]_i_3/O
                         net (fo=32, routed)          0.204     5.539    bd_0_i/hls_inst/inst/K3_U0/mul_34s_31s_64_1_1_U14/select_ln100_3_reg_780[31]_i_3_n_0
    SLICE_X31Y44         LUT3 (Prop_D5LUT_SLICEM_I2_O)
                                                      0.167     5.706 r  bd_0_i/hls_inst/inst/K3_U0/mul_34s_31s_64_1_1_U14/select_ln100_3_reg_780[31]_i_1/O
                         net (fo=31, routed)          0.573     6.279    bd_0_i/hls_inst/inst/K3_U0/select_ln100_3_reg_780
    SLICE_X30Y45         FDSE                                         r  bd_0_i/hls_inst/inst/K3_U0/select_ln100_3_reg_780_reg[16]/S
  -------------------------------------------------------------------    -------------------

                         (clock ap_clk rise edge)    10.000    10.000 r  
                                                      0.000    10.000 r  ap_clk (IN)
                         net (fo=7236, unset)         0.024    10.024    bd_0_i/hls_inst/inst/K3_U0/ap_clk
    SLICE_X30Y45         FDSE                                         r  bd_0_i/hls_inst/inst/K3_U0/select_ln100_3_reg_780_reg[16]/C
                         clock pessimism              0.000    10.024    
                         clock uncertainty           -0.035     9.989    
    SLICE_X30Y45         FDSE (Setup_DFF_SLICEL_C_S)
                                                     -0.072     9.917    bd_0_i/hls_inst/inst/K3_U0/select_ln100_3_reg_780_reg[16]
  -------------------------------------------------------------------
                         required time                          9.917    
                         arrival time                          -6.279    
  -------------------------------------------------------------------
                         slack                                  3.638    

Slack (MET) :             3.638ns  (required time - arrival time)
  Source:                 bd_0_i/hls_inst/inst/K3_U0/select_ln94_3_reg_770_reg[1]/C
                            (rising edge-triggered cell FDSE clocked by ap_clk  {rise@0.000ns fall@5.000ns period=10.000ns})
  Destination:            bd_0_i/hls_inst/inst/K3_U0/select_ln100_3_reg_780_reg[22]/S
                            (rising edge-triggered cell FDSE clocked by ap_clk  {rise@0.000ns fall@5.000ns period=10.000ns})
  Path Group:             ap_clk
  Path Type:              Setup (Max at Slow Process Corner)
  Requirement:            10.000ns  (ap_clk rise@10.000ns - ap_clk rise@0.000ns)
  Data Path Delay:        6.242ns  (logic 3.938ns (63.088%)  route 2.304ns (36.912%))
  Logic Levels:           16  (CARRY8=4 DSP_A_B_DATA=1 DSP_ALU=2 DSP_M_DATA=1 DSP_MULTIPLIER=1 DSP_OUTPUT=2 DSP_PREADD_DATA=1 LUT2=1 LUT3=1 LUT4=1 LUT5=1)
  Clock Path Skew:        -0.013ns (DCD - SCD + CPR)
    Destination Clock Delay (DCD):    0.024ns = ( 10.024 - 10.000 ) 
    Source Clock Delay      (SCD):    0.037ns
    Clock Pessimism Removal (CPR):    0.000ns
  Clock Uncertainty:      0.035ns  ((TSJ^2 + TIJ^2)^1/2 + DJ) / 2 + PE
    Total System Jitter     (TSJ):    0.071ns
    Total Input Jitter      (TIJ):    0.000ns
    Discrete Jitter          (DJ):    0.000ns
    Phase Error              (PE):    0.000ns

    Location             Delay type                Incr(ns)  Path(ns)    Netlist Resource(s)
  -------------------------------------------------------------------    -------------------
                         (clock ap_clk rise edge)     0.000     0.000 r  
                                                      0.000     0.000 r  ap_clk (IN)
                         net (fo=7236, unset)         0.037     0.037    bd_0_i/hls_inst/inst/K3_U0/ap_clk
    SLICE_X29Y35         FDSE                                         r  bd_0_i/hls_inst/inst/K3_U0/select_ln94_3_reg_770_reg[1]/C
  -------------------------------------------------------------------    -------------------
    SLICE_X29Y35         FDSE (Prop_CFF_SLICEM_C_Q)
                                                      0.095     0.132 f  bd_0_i/hls_inst/inst/K3_U0/select_ln94_3_reg_770_reg[1]/Q
                         net (fo=1, routed)           0.442     0.574    bd_0_i/hls_inst/inst/K3_U0/mul_34s_31s_64_1_1_U14/tmp_product__1/A[3]
    DSP48E2_X2Y16        DSP_A_B_DATA (Prop_DSP_A_B_DATA_DSP48E2_A[3]_A2_DATA[3])
                                                      0.241     0.815 r  bd_0_i/hls_inst/inst/K3_U0/mul_34s_31s_64_1_1_U14/tmp_product__1/DSP_A_B_DATA_INST/A2_DATA[3]
                         net (fo=1, routed)           0.000     0.815    bd_0_i/hls_inst/inst/K3_U0/mul_34s_31s_64_1_1_U14/tmp_product__1/DSP_A_B_DATA.A2_DATA<3>
    DSP48E2_X2Y16        DSP_PREADD_DATA (Prop_DSP_PREADD_DATA_DSP48E2_A2_DATA[3]_A2A1[3])
                                                      0.098     0.913 r  bd_0_i/hls_inst/inst/K3_U0/mul_34s_31s_64_1_1_U14/tmp_product__1/DSP_PREADD_DATA_INST/A2A1[3]
                         net (fo=1, routed)           0.000     0.913    bd_0_i/hls_inst/inst/K3_U0/mul_34s_31s_64_1_1_U14/tmp_product__1/DSP_PREADD_DATA.A2A1<3>
    DSP48E2_X2Y16        DSP_MULTIPLIER (Prop_DSP_MULTIPLIER_DSP48E2_A2A1[3]_U[24])
                                                      0.647     1.560 f  bd_0_i/hls_inst/inst/K3_U0/mul_34s_31s_64_1_1_U14/tmp_product__1/DSP_MULTIPLIER_INST/U[24]
                         net (fo=1, routed)           0.000     1.560    bd_0_i/hls_inst/inst/K3_U0/mul_34s_31s_64_1_1_U14/tmp_product__1/DSP_MULTIPLIER.U<24>
    DSP48E2_X2Y16        DSP_M_DATA (Prop_DSP_M_DATA_DSP48E2_U[24]_U_DATA[24])
                                                      0.059     1.619 r  bd_0_i/hls_inst/inst/K3_U0/mul_34s_31s_64_1_1_U14/tmp_product__1/DSP_M_DATA_INST/U_DATA[24]
                         net (fo=1, routed)           0.000     1.619    bd_0_i/hls_inst/inst/K3_U0/mul_34s_31s_64_1_1_U14/tmp_product__1/DSP_M_DATA.U_DATA<24>
    DSP48E2_X2Y16        DSP_ALU (Prop_DSP_ALU_DSP48E2_U_DATA[24]_ALU_OUT[47])
                                                      0.699     2.318 f  bd_0_i/hls_inst/inst/K3_U0/mul_34s_31s_64_1_1_U14/tmp_product__1/DSP_ALU_INST/ALU_OUT[47]
                         net (fo=1, routed)           0.000     2.318    bd_0_i/hls_inst/inst/K3_U0/mul_34s_31s_64_1_1_U14/tmp_product__1/DSP_ALU.ALU_OUT<47>
    DSP48E2_X2Y16        DSP_OUTPUT (Prop_DSP_OUTPUT_DSP48E2_ALU_OUT[47]_PCOUT[47])
                                                      0.159     2.477 r  bd_0_i/hls_inst/inst/K3_U0/mul_34s_31s_64_1_1_U14/tmp_product__1/DSP_OUTPUT_INST/PCOUT[47]
                         net (fo=1, routed)           0.016     2.493    bd_0_i/hls_inst/inst/K3_U0/mul_34s_31s_64_1_1_U14/tmp_product__2/PCIN[47]
    DSP48E2_X2Y17        DSP_ALU (Prop_DSP_ALU_DSP48E2_PCIN[47]_ALU_OUT[7])
                                                      0.698     3.191 f  bd_0_i/hls_inst/inst/K3_U0/mul_34s_31s_64_1_1_U14/tmp_product__2/DSP_ALU_INST/ALU_OUT[7]
                         net (fo=1, routed)           0.000     3.191    bd_0_i/hls_inst/inst/K3_U0/mul_34s_31s_64_1_1_U14/tmp_product__2/DSP_ALU.ALU_OUT<7>
    DSP48E2_X2Y17        DSP_OUTPUT (Prop_DSP_OUTPUT_DSP48E2_ALU_OUT[7]_P[7])
                                                      0.141     3.332 r  bd_0_i/hls_inst/inst/K3_U0/mul_34s_31s_64_1_1_U14/tmp_product__2/DSP_OUTPUT_INST/P[7]
                         net (fo=2, routed)           0.387     3.719    bd_0_i/hls_inst/inst/K3_U0/mul_34s_31s_64_1_1_U14/tmp_product__2_n_98
    SLICE_X28Y41         LUT2 (Prop_A6LUT_SLICEM_I0_O)
                                                      0.040     3.759 r  bd_0_i/hls_inst/inst/K3_U0/mul_34s_31s_64_1_1_U14/tmp_product_carry__0_i_8/O
                         net (fo=1, routed)           0.014     3.773    bd_0_i/hls_inst/inst/K3_U0/mul_34s_31s_64_1_1_U14/tmp_product_carry__0_i_8_n_0
    SLICE_X28Y41         CARRY8 (Prop_CARRY8_SLICEM_S[0]_CO[7])
                                                      0.241     4.014 r  bd_0_i/hls_inst/inst/K3_U0/mul_34s_31s_64_1_1_U14/tmp_product_carry__0/CO[7]
                         net (fo=1, routed)           0.028     4.042    bd_0_i/hls_inst/inst/K3_U0/mul_34s_31s_64_1_1_U14/tmp_product_carry__0_n_0
    SLICE_X28Y42         CARRY8 (Prop_CARRY8_SLICEM_CI_O[6])
                                                      0.129     4.171 r  bd_0_i/hls_inst/inst/K3_U0/mul_34s_31s_64_1_1_U14/tmp_product_carry__1/O[6]
                         net (fo=1, routed)           0.416     4.587    bd_0_i/hls_inst/inst/K3_U0/mul_34s_31s_64_1_1_U14/trunc_ln_fu_526_p4[16]
    SLICE_X29Y43         CARRY8 (Prop_CARRY8_SLICEM_S[0]_CO[7])
                                                      0.241     4.828 r  bd_0_i/hls_inst/inst/K3_U0/mul_34s_31s_64_1_1_U14/select_ln100_3_reg_780_reg[23]_i_2/CO[7]
                         net (fo=1, routed)           0.028     4.856    bd_0_i/hls_inst/inst/K3_U0/mul_34s_31s_64_1_1_U14/select_ln100_3_reg_780_reg[23]_i_2_n_0
    SLICE_X29Y44         CARRY8 (Prop_CARRY8_SLICEM_CI_O[7])
                                                      0.146     5.002 r  bd_0_i/hls_inst/inst/K3_U0/mul_34s_31s_64_1_1_U14/select_ln100_3_reg_780_reg[31]_i_4/O[7]
                         net (fo=3, routed)           0.149     5.151    bd_0_i/hls_inst/inst/K3_U0/mul_34s_31s_64_1_1_U14/tmp_17_fu_562_p3
    SLICE_X29Y45         LUT4 (Prop_D6LUT_SLICEM_I3_O)
                                                      0.098     5.249 r  bd_0_i/hls_inst/inst/K3_U0/mul_34s_31s_64_1_1_U14/select_ln100_3_reg_780[31]_i_7/O
                         net (fo=1, routed)           0.047     5.296    bd_0_i/hls_inst/inst/K3_U0/mul_34s_31s_64_1_1_U14/select_ln100_3_reg_780[31]_i_7_n_0
    SLICE_X29Y45         LUT5 (Prop_E6LUT_SLICEM_I3_O)
                                                      0.039     5.335 r  bd_0_i/hls_inst/inst/K3_U0/mul_34s_31s_64_1_1_U14/select_ln100_3_reg_780[31]_i_3/O
                         net (fo=32, routed)          0.204     5.539    bd_0_i/hls_inst/inst/K3_U0/mul_34s_31s_64_1_1_U14/select_ln100_3_reg_780[31]_i_3_n_0
    SLICE_X31Y44         LUT3 (Prop_D5LUT_SLICEM_I2_O)
                                                      0.167     5.706 r  bd_0_i/hls_inst/inst/K3_U0/mul_34s_31s_64_1_1_U14/select_ln100_3_reg_780[31]_i_1/O
                         net (fo=31, routed)          0.573     6.279    bd_0_i/hls_inst/inst/K3_U0/select_ln100_3_reg_780
    SLICE_X30Y45         FDSE                                         r  bd_0_i/hls_inst/inst/K3_U0/select_ln100_3_reg_780_reg[22]/S
  -------------------------------------------------------------------    -------------------

                         (clock ap_clk rise edge)    10.000    10.000 r  
                                                      0.000    10.000 r  ap_clk (IN)
                         net (fo=7236, unset)         0.024    10.024    bd_0_i/hls_inst/inst/K3_U0/ap_clk
    SLICE_X30Y45         FDSE                                         r  bd_0_i/hls_inst/inst/K3_U0/select_ln100_3_reg_780_reg[22]/C
                         clock pessimism              0.000    10.024    
                         clock uncertainty           -0.035     9.989    
    SLICE_X30Y45         FDSE (Setup_CFF_SLICEL_C_S)
                                                     -0.072     9.917    bd_0_i/hls_inst/inst/K3_U0/select_ln100_3_reg_780_reg[22]
  -------------------------------------------------------------------
                         required time                          9.917    
                         arrival time                          -6.279    
  -------------------------------------------------------------------
                         slack                                  3.638    

Slack (MET) :             3.638ns  (required time - arrival time)
  Source:                 bd_0_i/hls_inst/inst/K3_U0/select_ln94_3_reg_770_reg[1]/C
                            (rising edge-triggered cell FDSE clocked by ap_clk  {rise@0.000ns fall@5.000ns period=10.000ns})
  Destination:            bd_0_i/hls_inst/inst/K3_U0/select_ln100_3_reg_780_reg[23]/S
                            (rising edge-triggered cell FDSE clocked by ap_clk  {rise@0.000ns fall@5.000ns period=10.000ns})
  Path Group:             ap_clk
  Path Type:              Setup (Max at Slow Process Corner)
  Requirement:            10.000ns  (ap_clk rise@10.000ns - ap_clk rise@0.000ns)
  Data Path Delay:        6.242ns  (logic 3.938ns (63.088%)  route 2.304ns (36.912%))
  Logic Levels:           16  (CARRY8=4 DSP_A_B_DATA=1 DSP_ALU=2 DSP_M_DATA=1 DSP_MULTIPLIER=1 DSP_OUTPUT=2 DSP_PREADD_DATA=1 LUT2=1 LUT3=1 LUT4=1 LUT5=1)
  Clock Path Skew:        -0.013ns (DCD - SCD + CPR)
    Destination Clock Delay (DCD):    0.024ns = ( 10.024 - 10.000 ) 
    Source Clock Delay      (SCD):    0.037ns
    Clock Pessimism Removal (CPR):    0.000ns
  Clock Uncertainty:      0.035ns  ((TSJ^2 + TIJ^2)^1/2 + DJ) / 2 + PE
    Total System Jitter     (TSJ):    0.071ns
    Total Input Jitter      (TIJ):    0.000ns
    Discrete Jitter          (DJ):    0.000ns
    Phase Error              (PE):    0.000ns

    Location             Delay type                Incr(ns)  Path(ns)    Netlist Resource(s)
  -------------------------------------------------------------------    -------------------
                         (clock ap_clk rise edge)     0.000     0.000 r  
                                                      0.000     0.000 r  ap_clk (IN)
                         net (fo=7236, unset)         0.037     0.037    bd_0_i/hls_inst/inst/K3_U0/ap_clk
    SLICE_X29Y35         FDSE                                         r  bd_0_i/hls_inst/inst/K3_U0/select_ln94_3_reg_770_reg[1]/C
  -------------------------------------------------------------------    -------------------
    SLICE_X29Y35         FDSE (Prop_CFF_SLICEM_C_Q)
                                                      0.095     0.132 f  bd_0_i/hls_inst/inst/K3_U0/select_ln94_3_reg_770_reg[1]/Q
                         net (fo=1, routed)           0.442     0.574    bd_0_i/hls_inst/inst/K3_U0/mul_34s_31s_64_1_1_U14/tmp_product__1/A[3]
    DSP48E2_X2Y16        DSP_A_B_DATA (Prop_DSP_A_B_DATA_DSP48E2_A[3]_A2_DATA[3])
                                                      0.241     0.815 r  bd_0_i/hls_inst/inst/K3_U0/mul_34s_31s_64_1_1_U14/tmp_product__1/DSP_A_B_DATA_INST/A2_DATA[3]
                         net (fo=1, routed)           0.000     0.815    bd_0_i/hls_inst/inst/K3_U0/mul_34s_31s_64_1_1_U14/tmp_product__1/DSP_A_B_DATA.A2_DATA<3>
    DSP48E2_X2Y16        DSP_PREADD_DATA (Prop_DSP_PREADD_DATA_DSP48E2_A2_DATA[3]_A2A1[3])
                                                      0.098     0.913 r  bd_0_i/hls_inst/inst/K3_U0/mul_34s_31s_64_1_1_U14/tmp_product__1/DSP_PREADD_DATA_INST/A2A1[3]
                         net (fo=1, routed)           0.000     0.913    bd_0_i/hls_inst/inst/K3_U0/mul_34s_31s_64_1_1_U14/tmp_product__1/DSP_PREADD_DATA.A2A1<3>
    DSP48E2_X2Y16        DSP_MULTIPLIER (Prop_DSP_MULTIPLIER_DSP48E2_A2A1[3]_U[24])
                                                      0.647     1.560 f  bd_0_i/hls_inst/inst/K3_U0/mul_34s_31s_64_1_1_U14/tmp_product__1/DSP_MULTIPLIER_INST/U[24]
                         net (fo=1, routed)           0.000     1.560    bd_0_i/hls_inst/inst/K3_U0/mul_34s_31s_64_1_1_U14/tmp_product__1/DSP_MULTIPLIER.U<24>
    DSP48E2_X2Y16        DSP_M_DATA (Prop_DSP_M_DATA_DSP48E2_U[24]_U_DATA[24])
                                                      0.059     1.619 r  bd_0_i/hls_inst/inst/K3_U0/mul_34s_31s_64_1_1_U14/tmp_product__1/DSP_M_DATA_INST/U_DATA[24]
                         net (fo=1, routed)           0.000     1.619    bd_0_i/hls_inst/inst/K3_U0/mul_34s_31s_64_1_1_U14/tmp_product__1/DSP_M_DATA.U_DATA<24>
    DSP48E2_X2Y16        DSP_ALU (Prop_DSP_ALU_DSP48E2_U_DATA[24]_ALU_OUT[47])
                                                      0.699     2.318 f  bd_0_i/hls_inst/inst/K3_U0/mul_34s_31s_64_1_1_U14/tmp_product__1/DSP_ALU_INST/ALU_OUT[47]
                         net (fo=1, routed)           0.000     2.318    bd_0_i/hls_inst/inst/K3_U0/mul_34s_31s_64_1_1_U14/tmp_product__1/DSP_ALU.ALU_OUT<47>
    DSP48E2_X2Y16        DSP_OUTPUT (Prop_DSP_OUTPUT_DSP48E2_ALU_OUT[47]_PCOUT[47])
                                                      0.159     2.477 r  bd_0_i/hls_inst/inst/K3_U0/mul_34s_31s_64_1_1_U14/tmp_product__1/DSP_OUTPUT_INST/PCOUT[47]
                         net (fo=1, routed)           0.016     2.493    bd_0_i/hls_inst/inst/K3_U0/mul_34s_31s_64_1_1_U14/tmp_product__2/PCIN[47]
    DSP48E2_X2Y17        DSP_ALU (Prop_DSP_ALU_DSP48E2_PCIN[47]_ALU_OUT[7])
                                                      0.698     3.191 f  bd_0_i/hls_inst/inst/K3_U0/mul_34s_31s_64_1_1_U14/tmp_product__2/DSP_ALU_INST/ALU_OUT[7]
                         net (fo=1, routed)           0.000     3.191    bd_0_i/hls_inst/inst/K3_U0/mul_34s_31s_64_1_1_U14/tmp_product__2/DSP_ALU.ALU_OUT<7>
    DSP48E2_X2Y17        DSP_OUTPUT (Prop_DSP_OUTPUT_DSP48E2_ALU_OUT[7]_P[7])
                                                      0.141     3.332 r  bd_0_i/hls_inst/inst/K3_U0/mul_34s_31s_64_1_1_U14/tmp_product__2/DSP_OUTPUT_INST/P[7]
                         net (fo=2, routed)           0.387     3.719    bd_0_i/hls_inst/inst/K3_U0/mul_34s_31s_64_1_1_U14/tmp_product__2_n_98
    SLICE_X28Y41         LUT2 (Prop_A6LUT_SLICEM_I0_O)
                                                      0.040     3.759 r  bd_0_i/hls_inst/inst/K3_U0/mul_34s_31s_64_1_1_U14/tmp_product_carry__0_i_8/O
                         net (fo=1, routed)           0.014     3.773    bd_0_i/hls_inst/inst/K3_U0/mul_34s_31s_64_1_1_U14/tmp_product_carry__0_i_8_n_0
    SLICE_X28Y41         CARRY8 (Prop_CARRY8_SLICEM_S[0]_CO[7])
                                                      0.241     4.014 r  bd_0_i/hls_inst/inst/K3_U0/mul_34s_31s_64_1_1_U14/tmp_product_carry__0/CO[7]
                         net (fo=1, routed)           0.028     4.042    bd_0_i/hls_inst/inst/K3_U0/mul_34s_31s_64_1_1_U14/tmp_product_carry__0_n_0
    SLICE_X28Y42         CARRY8 (Prop_CARRY8_SLICEM_CI_O[6])
                                                      0.129     4.171 r  bd_0_i/hls_inst/inst/K3_U0/mul_34s_31s_64_1_1_U14/tmp_product_carry__1/O[6]
                         net (fo=1, routed)           0.416     4.587    bd_0_i/hls_inst/inst/K3_U0/mul_34s_31s_64_1_1_U14/trunc_ln_fu_526_p4[16]
    SLICE_X29Y43         CARRY8 (Prop_CARRY8_SLICEM_S[0]_CO[7])
                                                      0.241     4.828 r  bd_0_i/hls_inst/inst/K3_U0/mul_34s_31s_64_1_1_U14/select_ln100_3_reg_780_reg[23]_i_2/CO[7]
                         net (fo=1, routed)           0.028     4.856    bd_0_i/hls_inst/inst/K3_U0/mul_34s_31s_64_1_1_U14/select_ln100_3_reg_780_reg[23]_i_2_n_0
    SLICE_X29Y44         CARRY8 (Prop_CARRY8_SLICEM_CI_O[7])
                                                      0.146     5.002 r  bd_0_i/hls_inst/inst/K3_U0/mul_34s_31s_64_1_1_U14/select_ln100_3_reg_780_reg[31]_i_4/O[7]
                         net (fo=3, routed)           0.149     5.151    bd_0_i/hls_inst/inst/K3_U0/mul_34s_31s_64_1_1_U14/tmp_17_fu_562_p3
    SLICE_X29Y45         LUT4 (Prop_D6LUT_SLICEM_I3_O)
                                                      0.098     5.249 r  bd_0_i/hls_inst/inst/K3_U0/mul_34s_31s_64_1_1_U14/select_ln100_3_reg_780[31]_i_7/O
                         net (fo=1, routed)           0.047     5.296    bd_0_i/hls_inst/inst/K3_U0/mul_34s_31s_64_1_1_U14/select_ln100_3_reg_780[31]_i_7_n_0
    SLICE_X29Y45         LUT5 (Prop_E6LUT_SLICEM_I3_O)
                                                      0.039     5.335 r  bd_0_i/hls_inst/inst/K3_U0/mul_34s_31s_64_1_1_U14/select_ln100_3_reg_780[31]_i_3/O
                         net (fo=32, routed)          0.204     5.539    bd_0_i/hls_inst/inst/K3_U0/mul_34s_31s_64_1_1_U14/select_ln100_3_reg_780[31]_i_3_n_0
    SLICE_X31Y44         LUT3 (Prop_D5LUT_SLICEM_I2_O)
                                                      0.167     5.706 r  bd_0_i/hls_inst/inst/K3_U0/mul_34s_31s_64_1_1_U14/select_ln100_3_reg_780[31]_i_1/O
                         net (fo=31, routed)          0.573     6.279    bd_0_i/hls_inst/inst/K3_U0/select_ln100_3_reg_780
    SLICE_X30Y45         FDSE                                         r  bd_0_i/hls_inst/inst/K3_U0/select_ln100_3_reg_780_reg[23]/S
  -------------------------------------------------------------------    -------------------

                         (clock ap_clk rise edge)    10.000    10.000 r  
                                                      0.000    10.000 r  ap_clk (IN)
                         net (fo=7236, unset)         0.024    10.024    bd_0_i/hls_inst/inst/K3_U0/ap_clk
    SLICE_X30Y45         FDSE                                         r  bd_0_i/hls_inst/inst/K3_U0/select_ln100_3_reg_780_reg[23]/C
                         clock pessimism              0.000    10.024    
                         clock uncertainty           -0.035     9.989    
    SLICE_X30Y45         FDSE (Setup_BFF_SLICEL_C_S)
                                                     -0.072     9.917    bd_0_i/hls_inst/inst/K3_U0/select_ln100_3_reg_780_reg[23]
  -------------------------------------------------------------------
                         required time                          9.917    
                         arrival time                          -6.279    
  -------------------------------------------------------------------
                         slack                                  3.638    

Slack (MET) :             3.689ns  (required time - arrival time)
  Source:                 bd_0_i/hls_inst/inst/K3_U0/select_ln94_3_reg_770_reg[1]/C
                            (rising edge-triggered cell FDSE clocked by ap_clk  {rise@0.000ns fall@5.000ns period=10.000ns})
  Destination:            bd_0_i/hls_inst/inst/K3_U0/select_ln100_3_reg_780_reg[10]/S
                            (rising edge-triggered cell FDSE clocked by ap_clk  {rise@0.000ns fall@5.000ns period=10.000ns})
  Path Group:             ap_clk
  Path Type:              Setup (Max at Slow Process Corner)
  Requirement:            10.000ns  (ap_clk rise@10.000ns - ap_clk rise@0.000ns)
  Data Path Delay:        6.193ns  (logic 3.938ns (63.588%)  route 2.255ns (36.412%))
  Logic Levels:           16  (CARRY8=4 DSP_A_B_DATA=1 DSP_ALU=2 DSP_M_DATA=1 DSP_MULTIPLIER=1 DSP_OUTPUT=2 DSP_PREADD_DATA=1 LUT2=1 LUT3=1 LUT4=1 LUT5=1)
  Clock Path Skew:        -0.011ns (DCD - SCD + CPR)
    Destination Clock Delay (DCD):    0.026ns = ( 10.026 - 10.000 ) 
    Source Clock Delay      (SCD):    0.037ns
    Clock Pessimism Removal (CPR):    0.000ns
  Clock Uncertainty:      0.035ns  ((TSJ^2 + TIJ^2)^1/2 + DJ) / 2 + PE
    Total System Jitter     (TSJ):    0.071ns
    Total Input Jitter      (TIJ):    0.000ns
    Discrete Jitter          (DJ):    0.000ns
    Phase Error              (PE):    0.000ns

    Location             Delay type                Incr(ns)  Path(ns)    Netlist Resource(s)
  -------------------------------------------------------------------    -------------------
                         (clock ap_clk rise edge)     0.000     0.000 r  
                                                      0.000     0.000 r  ap_clk (IN)
                         net (fo=7236, unset)         0.037     0.037    bd_0_i/hls_inst/inst/K3_U0/ap_clk
    SLICE_X29Y35         FDSE                                         r  bd_0_i/hls_inst/inst/K3_U0/select_ln94_3_reg_770_reg[1]/C
  -------------------------------------------------------------------    -------------------
    SLICE_X29Y35         FDSE (Prop_CFF_SLICEM_C_Q)
                                                      0.095     0.132 f  bd_0_i/hls_inst/inst/K3_U0/select_ln94_3_reg_770_reg[1]/Q
                         net (fo=1, routed)           0.442     0.574    bd_0_i/hls_inst/inst/K3_U0/mul_34s_31s_64_1_1_U14/tmp_product__1/A[3]
    DSP48E2_X2Y16        DSP_A_B_DATA (Prop_DSP_A_B_DATA_DSP48E2_A[3]_A2_DATA[3])
                                                      0.241     0.815 r  bd_0_i/hls_inst/inst/K3_U0/mul_34s_31s_64_1_1_U14/tmp_product__1/DSP_A_B_DATA_INST/A2_DATA[3]
                         net (fo=1, routed)           0.000     0.815    bd_0_i/hls_inst/inst/K3_U0/mul_34s_31s_64_1_1_U14/tmp_product__1/DSP_A_B_DATA.A2_DATA<3>
    DSP48E2_X2Y16        DSP_PREADD_DATA (Prop_DSP_PREADD_DATA_DSP48E2_A2_DATA[3]_A2A1[3])
                                                      0.098     0.913 r  bd_0_i/hls_inst/inst/K3_U0/mul_34s_31s_64_1_1_U14/tmp_product__1/DSP_PREADD_DATA_INST/A2A1[3]
                         net (fo=1, routed)           0.000     0.913    bd_0_i/hls_inst/inst/K3_U0/mul_34s_31s_64_1_1_U14/tmp_product__1/DSP_PREADD_DATA.A2A1<3>
    DSP48E2_X2Y16        DSP_MULTIPLIER (Prop_DSP_MULTIPLIER_DSP48E2_A2A1[3]_U[24])
                                                      0.647     1.560 f  bd_0_i/hls_inst/inst/K3_U0/mul_34s_31s_64_1_1_U14/tmp_product__1/DSP_MULTIPLIER_INST/U[24]
                         net (fo=1, routed)           0.000     1.560    bd_0_i/hls_inst/inst/K3_U0/mul_34s_31s_64_1_1_U14/tmp_product__1/DSP_MULTIPLIER.U<24>
    DSP48E2_X2Y16        DSP_M_DATA (Prop_DSP_M_DATA_DSP48E2_U[24]_U_DATA[24])
                                                      0.059     1.619 r  bd_0_i/hls_inst/inst/K3_U0/mul_34s_31s_64_1_1_U14/tmp_product__1/DSP_M_DATA_INST/U_DATA[24]
                         net (fo=1, routed)           0.000     1.619    bd_0_i/hls_inst/inst/K3_U0/mul_34s_31s_64_1_1_U14/tmp_product__1/DSP_M_DATA.U_DATA<24>
    DSP48E2_X2Y16        DSP_ALU (Prop_DSP_ALU_DSP48E2_U_DATA[24]_ALU_OUT[47])
                                                      0.699     2.318 f  bd_0_i/hls_inst/inst/K3_U0/mul_34s_31s_64_1_1_U14/tmp_product__1/DSP_ALU_INST/ALU_OUT[47]
                         net (fo=1, routed)           0.000     2.318    bd_0_i/hls_inst/inst/K3_U0/mul_34s_31s_64_1_1_U14/tmp_product__1/DSP_ALU.ALU_OUT<47>
    DSP48E2_X2Y16        DSP_OUTPUT (Prop_DSP_OUTPUT_DSP48E2_ALU_OUT[47]_PCOUT[47])
                                                      0.159     2.477 r  bd_0_i/hls_inst/inst/K3_U0/mul_34s_31s_64_1_1_U14/tmp_product__1/DSP_OUTPUT_INST/PCOUT[47]
                         net (fo=1, routed)           0.016     2.493    bd_0_i/hls_inst/inst/K3_U0/mul_34s_31s_64_1_1_U14/tmp_product__2/PCIN[47]
    DSP48E2_X2Y17        DSP_ALU (Prop_DSP_ALU_DSP48E2_PCIN[47]_ALU_OUT[7])
                                                      0.698     3.191 f  bd_0_i/hls_inst/inst/K3_U0/mul_34s_31s_64_1_1_U14/tmp_product__2/DSP_ALU_INST/ALU_OUT[7]
                         net (fo=1, routed)           0.000     3.191    bd_0_i/hls_inst/inst/K3_U0/mul_34s_31s_64_1_1_U14/tmp_product__2/DSP_ALU.ALU_OUT<7>
    DSP48E2_X2Y17        DSP_OUTPUT (Prop_DSP_OUTPUT_DSP48E2_ALU_OUT[7]_P[7])
                                                      0.141     3.332 r  bd_0_i/hls_inst/inst/K3_U0/mul_34s_31s_64_1_1_U14/tmp_product__2/DSP_OUTPUT_INST/P[7]
                         net (fo=2, routed)           0.387     3.719    bd_0_i/hls_inst/inst/K3_U0/mul_34s_31s_64_1_1_U14/tmp_product__2_n_98
    SLICE_X28Y41         LUT2 (Prop_A6LUT_SLICEM_I0_O)
                                                      0.040     3.759 r  bd_0_i/hls_inst/inst/K3_U0/mul_34s_31s_64_1_1_U14/tmp_product_carry__0_i_8/O
                         net (fo=1, routed)           0.014     3.773    bd_0_i/hls_inst/inst/K3_U0/mul_34s_31s_64_1_1_U14/tmp_product_carry__0_i_8_n_0
    SLICE_X28Y41         CARRY8 (Prop_CARRY8_SLICEM_S[0]_CO[7])
                                                      0.241     4.014 r  bd_0_i/hls_inst/inst/K3_U0/mul_34s_31s_64_1_1_U14/tmp_product_carry__0/CO[7]
                         net (fo=1, routed)           0.028     4.042    bd_0_i/hls_inst/inst/K3_U0/mul_34s_31s_64_1_1_U14/tmp_product_carry__0_n_0
    SLICE_X28Y42         CARRY8 (Prop_CARRY8_SLICEM_CI_O[6])
                                                      0.129     4.171 r  bd_0_i/hls_inst/inst/K3_U0/mul_34s_31s_64_1_1_U14/tmp_product_carry__1/O[6]
                         net (fo=1, routed)           0.416     4.587    bd_0_i/hls_inst/inst/K3_U0/mul_34s_31s_64_1_1_U14/trunc_ln_fu_526_p4[16]
    SLICE_X29Y43         CARRY8 (Prop_CARRY8_SLICEM_S[0]_CO[7])
                                                      0.241     4.828 r  bd_0_i/hls_inst/inst/K3_U0/mul_34s_31s_64_1_1_U14/select_ln100_3_reg_780_reg[23]_i_2/CO[7]
                         net (fo=1, routed)           0.028     4.856    bd_0_i/hls_inst/inst/K3_U0/mul_34s_31s_64_1_1_U14/select_ln100_3_reg_780_reg[23]_i_2_n_0
    SLICE_X29Y44         CARRY8 (Prop_CARRY8_SLICEM_CI_O[7])
                                                      0.146     5.002 r  bd_0_i/hls_inst/inst/K3_U0/mul_34s_31s_64_1_1_U14/select_ln100_3_reg_780_reg[31]_i_4/O[7]
                         net (fo=3, routed)           0.149     5.151    bd_0_i/hls_inst/inst/K3_U0/mul_34s_31s_64_1_1_U14/tmp_17_fu_562_p3
    SLICE_X29Y45         LUT4 (Prop_D6LUT_SLICEM_I3_O)
                                                      0.098     5.249 r  bd_0_i/hls_inst/inst/K3_U0/mul_34s_31s_64_1_1_U14/select_ln100_3_reg_780[31]_i_7/O
                         net (fo=1, routed)           0.047     5.296    bd_0_i/hls_inst/inst/K3_U0/mul_34s_31s_64_1_1_U14/select_ln100_3_reg_780[31]_i_7_n_0
    SLICE_X29Y45         LUT5 (Prop_E6LUT_SLICEM_I3_O)
                                                      0.039     5.335 r  bd_0_i/hls_inst/inst/K3_U0/mul_34s_31s_64_1_1_U14/select_ln100_3_reg_780[31]_i_3/O
                         net (fo=32, routed)          0.204     5.539    bd_0_i/hls_inst/inst/K3_U0/mul_34s_31s_64_1_1_U14/select_ln100_3_reg_780[31]_i_3_n_0
    SLICE_X31Y44         LUT3 (Prop_D5LUT_SLICEM_I2_O)
                                                      0.167     5.706 r  bd_0_i/hls_inst/inst/K3_U0/mul_34s_31s_64_1_1_U14/select_ln100_3_reg_780[31]_i_1/O
                         net (fo=31, routed)          0.524     6.230    bd_0_i/hls_inst/inst/K3_U0/select_ln100_3_reg_780
    SLICE_X29Y47         FDSE                                         r  bd_0_i/hls_inst/inst/K3_U0/select_ln100_3_reg_780_reg[10]/S
  -------------------------------------------------------------------    -------------------

                         (clock ap_clk rise edge)    10.000    10.000 r  
                                                      0.000    10.000 r  ap_clk (IN)
                         net (fo=7236, unset)         0.026    10.026    bd_0_i/hls_inst/inst/K3_U0/ap_clk
    SLICE_X29Y47         FDSE                                         r  bd_0_i/hls_inst/inst/K3_U0/select_ln100_3_reg_780_reg[10]/C
                         clock pessimism              0.000    10.026    
                         clock uncertainty           -0.035     9.991    
    SLICE_X29Y47         FDSE (Setup_CFF2_SLICEM_C_S)
                                                     -0.072     9.919    bd_0_i/hls_inst/inst/K3_U0/select_ln100_3_reg_780_reg[10]
  -------------------------------------------------------------------
                         required time                          9.919    
                         arrival time                          -6.230    
  -------------------------------------------------------------------
                         slack                                  3.689    

Slack (MET) :             3.689ns  (required time - arrival time)
  Source:                 bd_0_i/hls_inst/inst/K3_U0/select_ln94_3_reg_770_reg[1]/C
                            (rising edge-triggered cell FDSE clocked by ap_clk  {rise@0.000ns fall@5.000ns period=10.000ns})
  Destination:            bd_0_i/hls_inst/inst/K3_U0/select_ln100_3_reg_780_reg[17]/S
                            (rising edge-triggered cell FDSE clocked by ap_clk  {rise@0.000ns fall@5.000ns period=10.000ns})
  Path Group:             ap_clk
  Path Type:              Setup (Max at Slow Process Corner)
  Requirement:            10.000ns  (ap_clk rise@10.000ns - ap_clk rise@0.000ns)
  Data Path Delay:        6.193ns  (logic 3.938ns (63.588%)  route 2.255ns (36.412%))
  Logic Levels:           16  (CARRY8=4 DSP_A_B_DATA=1 DSP_ALU=2 DSP_M_DATA=1 DSP_MULTIPLIER=1 DSP_OUTPUT=2 DSP_PREADD_DATA=1 LUT2=1 LUT3=1 LUT4=1 LUT5=1)
  Clock Path Skew:        -0.011ns (DCD - SCD + CPR)
    Destination Clock Delay (DCD):    0.026ns = ( 10.026 - 10.000 ) 
    Source Clock Delay      (SCD):    0.037ns
    Clock Pessimism Removal (CPR):    0.000ns
  Clock Uncertainty:      0.035ns  ((TSJ^2 + TIJ^2)^1/2 + DJ) / 2 + PE
    Total System Jitter     (TSJ):    0.071ns
    Total Input Jitter      (TIJ):    0.000ns
    Discrete Jitter          (DJ):    0.000ns
    Phase Error              (PE):    0.000ns

    Location             Delay type                Incr(ns)  Path(ns)    Netlist Resource(s)
  -------------------------------------------------------------------    -------------------
                         (clock ap_clk rise edge)     0.000     0.000 r  
                                                      0.000     0.000 r  ap_clk (IN)
                         net (fo=7236, unset)         0.037     0.037    bd_0_i/hls_inst/inst/K3_U0/ap_clk
    SLICE_X29Y35         FDSE                                         r  bd_0_i/hls_inst/inst/K3_U0/select_ln94_3_reg_770_reg[1]/C
  -------------------------------------------------------------------    -------------------
    SLICE_X29Y35         FDSE (Prop_CFF_SLICEM_C_Q)
                                                      0.095     0.132 f  bd_0_i/hls_inst/inst/K3_U0/select_ln94_3_reg_770_reg[1]/Q
                         net (fo=1, routed)           0.442     0.574    bd_0_i/hls_inst/inst/K3_U0/mul_34s_31s_64_1_1_U14/tmp_product__1/A[3]
    DSP48E2_X2Y16        DSP_A_B_DATA (Prop_DSP_A_B_DATA_DSP48E2_A[3]_A2_DATA[3])
                                                      0.241     0.815 r  bd_0_i/hls_inst/inst/K3_U0/mul_34s_31s_64_1_1_U14/tmp_product__1/DSP_A_B_DATA_INST/A2_DATA[3]
                         net (fo=1, routed)           0.000     0.815    bd_0_i/hls_inst/inst/K3_U0/mul_34s_31s_64_1_1_U14/tmp_product__1/DSP_A_B_DATA.A2_DATA<3>
    DSP48E2_X2Y16        DSP_PREADD_DATA (Prop_DSP_PREADD_DATA_DSP48E2_A2_DATA[3]_A2A1[3])
                                                      0.098     0.913 r  bd_0_i/hls_inst/inst/K3_U0/mul_34s_31s_64_1_1_U14/tmp_product__1/DSP_PREADD_DATA_INST/A2A1[3]
                         net (fo=1, routed)           0.000     0.913    bd_0_i/hls_inst/inst/K3_U0/mul_34s_31s_64_1_1_U14/tmp_product__1/DSP_PREADD_DATA.A2A1<3>
    DSP48E2_X2Y16        DSP_MULTIPLIER (Prop_DSP_MULTIPLIER_DSP48E2_A2A1[3]_U[24])
                                                      0.647     1.560 f  bd_0_i/hls_inst/inst/K3_U0/mul_34s_31s_64_1_1_U14/tmp_product__1/DSP_MULTIPLIER_INST/U[24]
                         net (fo=1, routed)           0.000     1.560    bd_0_i/hls_inst/inst/K3_U0/mul_34s_31s_64_1_1_U14/tmp_product__1/DSP_MULTIPLIER.U<24>
    DSP48E2_X2Y16        DSP_M_DATA (Prop_DSP_M_DATA_DSP48E2_U[24]_U_DATA[24])
                                                      0.059     1.619 r  bd_0_i/hls_inst/inst/K3_U0/mul_34s_31s_64_1_1_U14/tmp_product__1/DSP_M_DATA_INST/U_DATA[24]
                         net (fo=1, routed)           0.000     1.619    bd_0_i/hls_inst/inst/K3_U0/mul_34s_31s_64_1_1_U14/tmp_product__1/DSP_M_DATA.U_DATA<24>
    DSP48E2_X2Y16        DSP_ALU (Prop_DSP_ALU_DSP48E2_U_DATA[24]_ALU_OUT[47])
                                                      0.699     2.318 f  bd_0_i/hls_inst/inst/K3_U0/mul_34s_31s_64_1_1_U14/tmp_product__1/DSP_ALU_INST/ALU_OUT[47]
                         net (fo=1, routed)           0.000     2.318    bd_0_i/hls_inst/inst/K3_U0/mul_34s_31s_64_1_1_U14/tmp_product__1/DSP_ALU.ALU_OUT<47>
    DSP48E2_X2Y16        DSP_OUTPUT (Prop_DSP_OUTPUT_DSP48E2_ALU_OUT[47]_PCOUT[47])
                                                      0.159     2.477 r  bd_0_i/hls_inst/inst/K3_U0/mul_34s_31s_64_1_1_U14/tmp_product__1/DSP_OUTPUT_INST/PCOUT[47]
                         net (fo=1, routed)           0.016     2.493    bd_0_i/hls_inst/inst/K3_U0/mul_34s_31s_64_1_1_U14/tmp_product__2/PCIN[47]
    DSP48E2_X2Y17        DSP_ALU (Prop_DSP_ALU_DSP48E2_PCIN[47]_ALU_OUT[7])
                                                      0.698     3.191 f  bd_0_i/hls_inst/inst/K3_U0/mul_34s_31s_64_1_1_U14/tmp_product__2/DSP_ALU_INST/ALU_OUT[7]
                         net (fo=1, routed)           0.000     3.191    bd_0_i/hls_inst/inst/K3_U0/mul_34s_31s_64_1_1_U14/tmp_product__2/DSP_ALU.ALU_OUT<7>
    DSP48E2_X2Y17        DSP_OUTPUT (Prop_DSP_OUTPUT_DSP48E2_ALU_OUT[7]_P[7])
                                                      0.141     3.332 r  bd_0_i/hls_inst/inst/K3_U0/mul_34s_31s_64_1_1_U14/tmp_product__2/DSP_OUTPUT_INST/P[7]
                         net (fo=2, routed)           0.387     3.719    bd_0_i/hls_inst/inst/K3_U0/mul_34s_31s_64_1_1_U14/tmp_product__2_n_98
    SLICE_X28Y41         LUT2 (Prop_A6LUT_SLICEM_I0_O)
                                                      0.040     3.759 r  bd_0_i/hls_inst/inst/K3_U0/mul_34s_31s_64_1_1_U14/tmp_product_carry__0_i_8/O
                         net (fo=1, routed)           0.014     3.773    bd_0_i/hls_inst/inst/K3_U0/mul_34s_31s_64_1_1_U14/tmp_product_carry__0_i_8_n_0
    SLICE_X28Y41         CARRY8 (Prop_CARRY8_SLICEM_S[0]_CO[7])
                                                      0.241     4.014 r  bd_0_i/hls_inst/inst/K3_U0/mul_34s_31s_64_1_1_U14/tmp_product_carry__0/CO[7]
                         net (fo=1, routed)           0.028     4.042    bd_0_i/hls_inst/inst/K3_U0/mul_34s_31s_64_1_1_U14/tmp_product_carry__0_n_0
    SLICE_X28Y42         CARRY8 (Prop_CARRY8_SLICEM_CI_O[6])
                                                      0.129     4.171 r  bd_0_i/hls_inst/inst/K3_U0/mul_34s_31s_64_1_1_U14/tmp_product_carry__1/O[6]
                         net (fo=1, routed)           0.416     4.587    bd_0_i/hls_inst/inst/K3_U0/mul_34s_31s_64_1_1_U14/trunc_ln_fu_526_p4[16]
    SLICE_X29Y43         CARRY8 (Prop_CARRY8_SLICEM_S[0]_CO[7])
                                                      0.241     4.828 r  bd_0_i/hls_inst/inst/K3_U0/mul_34s_31s_64_1_1_U14/select_ln100_3_reg_780_reg[23]_i_2/CO[7]
                         net (fo=1, routed)           0.028     4.856    bd_0_i/hls_inst/inst/K3_U0/mul_34s_31s_64_1_1_U14/select_ln100_3_reg_780_reg[23]_i_2_n_0
    SLICE_X29Y44         CARRY8 (Prop_CARRY8_SLICEM_CI_O[7])
                                                      0.146     5.002 r  bd_0_i/hls_inst/inst/K3_U0/mul_34s_31s_64_1_1_U14/select_ln100_3_reg_780_reg[31]_i_4/O[7]
                         net (fo=3, routed)           0.149     5.151    bd_0_i/hls_inst/inst/K3_U0/mul_34s_31s_64_1_1_U14/tmp_17_fu_562_p3
    SLICE_X29Y45         LUT4 (Prop_D6LUT_SLICEM_I3_O)
                                                      0.098     5.249 r  bd_0_i/hls_inst/inst/K3_U0/mul_34s_31s_64_1_1_U14/select_ln100_3_reg_780[31]_i_7/O
                         net (fo=1, routed)           0.047     5.296    bd_0_i/hls_inst/inst/K3_U0/mul_34s_31s_64_1_1_U14/select_ln100_3_reg_780[31]_i_7_n_0
    SLICE_X29Y45         LUT5 (Prop_E6LUT_SLICEM_I3_O)
                                                      0.039     5.335 r  bd_0_i/hls_inst/inst/K3_U0/mul_34s_31s_64_1_1_U14/select_ln100_3_reg_780[31]_i_3/O
                         net (fo=32, routed)          0.204     5.539    bd_0_i/hls_inst/inst/K3_U0/mul_34s_31s_64_1_1_U14/select_ln100_3_reg_780[31]_i_3_n_0
    SLICE_X31Y44         LUT3 (Prop_D5LUT_SLICEM_I2_O)
                                                      0.167     5.706 r  bd_0_i/hls_inst/inst/K3_U0/mul_34s_31s_64_1_1_U14/select_ln100_3_reg_780[31]_i_1/O
                         net (fo=31, routed)          0.524     6.230    bd_0_i/hls_inst/inst/K3_U0/select_ln100_3_reg_780
    SLICE_X29Y47         FDSE                                         r  bd_0_i/hls_inst/inst/K3_U0/select_ln100_3_reg_780_reg[17]/S
  -------------------------------------------------------------------    -------------------

                         (clock ap_clk rise edge)    10.000    10.000 r  
                                                      0.000    10.000 r  ap_clk (IN)
                         net (fo=7236, unset)         0.026    10.026    bd_0_i/hls_inst/inst/K3_U0/ap_clk
    SLICE_X29Y47         FDSE                                         r  bd_0_i/hls_inst/inst/K3_U0/select_ln100_3_reg_780_reg[17]/C
                         clock pessimism              0.000    10.026    
                         clock uncertainty           -0.035     9.991    
    SLICE_X29Y47         FDSE (Setup_DFF_SLICEM_C_S)
                                                     -0.072     9.919    bd_0_i/hls_inst/inst/K3_U0/select_ln100_3_reg_780_reg[17]
  -------------------------------------------------------------------
                         required time                          9.919    
                         arrival time                          -6.230    
  -------------------------------------------------------------------
                         slack                                  3.689    

Slack (MET) :             3.704ns  (required time - arrival time)
  Source:                 bd_0_i/hls_inst/inst/K3_U0/select_ln94_3_reg_770_reg[1]/C
                            (rising edge-triggered cell FDSE clocked by ap_clk  {rise@0.000ns fall@5.000ns period=10.000ns})
  Destination:            bd_0_i/hls_inst/inst/K3_U0/select_ln100_3_reg_780_reg[14]/S
                            (rising edge-triggered cell FDSE clocked by ap_clk  {rise@0.000ns fall@5.000ns period=10.000ns})
  Path Group:             ap_clk
  Path Type:              Setup (Max at Slow Process Corner)
  Requirement:            10.000ns  (ap_clk rise@10.000ns - ap_clk rise@0.000ns)
  Data Path Delay:        6.176ns  (logic 3.938ns (63.763%)  route 2.238ns (36.237%))
  Logic Levels:           16  (CARRY8=4 DSP_A_B_DATA=1 DSP_ALU=2 DSP_M_DATA=1 DSP_MULTIPLIER=1 DSP_OUTPUT=2 DSP_PREADD_DATA=1 LUT2=1 LUT3=1 LUT4=1 LUT5=1)
  Clock Path Skew:        -0.013ns (DCD - SCD + CPR)
    Destination Clock Delay (DCD):    0.024ns = ( 10.024 - 10.000 ) 
    Source Clock Delay      (SCD):    0.037ns
    Clock Pessimism Removal (CPR):    0.000ns
  Clock Uncertainty:      0.035ns  ((TSJ^2 + TIJ^2)^1/2 + DJ) / 2 + PE
    Total System Jitter     (TSJ):    0.071ns
    Total Input Jitter      (TIJ):    0.000ns
    Discrete Jitter          (DJ):    0.000ns
    Phase Error              (PE):    0.000ns

    Location             Delay type                Incr(ns)  Path(ns)    Netlist Resource(s)
  -------------------------------------------------------------------    -------------------
                         (clock ap_clk rise edge)     0.000     0.000 r  
                                                      0.000     0.000 r  ap_clk (IN)
                         net (fo=7236, unset)         0.037     0.037    bd_0_i/hls_inst/inst/K3_U0/ap_clk
    SLICE_X29Y35         FDSE                                         r  bd_0_i/hls_inst/inst/K3_U0/select_ln94_3_reg_770_reg[1]/C
  -------------------------------------------------------------------    -------------------
    SLICE_X29Y35         FDSE (Prop_CFF_SLICEM_C_Q)
                                                      0.095     0.132 f  bd_0_i/hls_inst/inst/K3_U0/select_ln94_3_reg_770_reg[1]/Q
                         net (fo=1, routed)           0.442     0.574    bd_0_i/hls_inst/inst/K3_U0/mul_34s_31s_64_1_1_U14/tmp_product__1/A[3]
    DSP48E2_X2Y16        DSP_A_B_DATA (Prop_DSP_A_B_DATA_DSP48E2_A[3]_A2_DATA[3])
                                                      0.241     0.815 r  bd_0_i/hls_inst/inst/K3_U0/mul_34s_31s_64_1_1_U14/tmp_product__1/DSP_A_B_DATA_INST/A2_DATA[3]
                         net (fo=1, routed)           0.000     0.815    bd_0_i/hls_inst/inst/K3_U0/mul_34s_31s_64_1_1_U14/tmp_product__1/DSP_A_B_DATA.A2_DATA<3>
    DSP48E2_X2Y16        DSP_PREADD_DATA (Prop_DSP_PREADD_DATA_DSP48E2_A2_DATA[3]_A2A1[3])
                                                      0.098     0.913 r  bd_0_i/hls_inst/inst/K3_U0/mul_34s_31s_64_1_1_U14/tmp_product__1/DSP_PREADD_DATA_INST/A2A1[3]
                         net (fo=1, routed)           0.000     0.913    bd_0_i/hls_inst/inst/K3_U0/mul_34s_31s_64_1_1_U14/tmp_product__1/DSP_PREADD_DATA.A2A1<3>
    DSP48E2_X2Y16        DSP_MULTIPLIER (Prop_DSP_MULTIPLIER_DSP48E2_A2A1[3]_U[24])
                                                      0.647     1.560 f  bd_0_i/hls_inst/inst/K3_U0/mul_34s_31s_64_1_1_U14/tmp_product__1/DSP_MULTIPLIER_INST/U[24]
                         net (fo=1, routed)           0.000     1.560    bd_0_i/hls_inst/inst/K3_U0/mul_34s_31s_64_1_1_U14/tmp_product__1/DSP_MULTIPLIER.U<24>
    DSP48E2_X2Y16        DSP_M_DATA (Prop_DSP_M_DATA_DSP48E2_U[24]_U_DATA[24])
                                                      0.059     1.619 r  bd_0_i/hls_inst/inst/K3_U0/mul_34s_31s_64_1_1_U14/tmp_product__1/DSP_M_DATA_INST/U_DATA[24]
                         net (fo=1, routed)           0.000     1.619    bd_0_i/hls_inst/inst/K3_U0/mul_34s_31s_64_1_1_U14/tmp_product__1/DSP_M_DATA.U_DATA<24>
    DSP48E2_X2Y16        DSP_ALU (Prop_DSP_ALU_DSP48E2_U_DATA[24]_ALU_OUT[47])
                                                      0.699     2.318 f  bd_0_i/hls_inst/inst/K3_U0/mul_34s_31s_64_1_1_U14/tmp_product__1/DSP_ALU_INST/ALU_OUT[47]
                         net (fo=1, routed)           0.000     2.318    bd_0_i/hls_inst/inst/K3_U0/mul_34s_31s_64_1_1_U14/tmp_product__1/DSP_ALU.ALU_OUT<47>
    DSP48E2_X2Y16        DSP_OUTPUT (Prop_DSP_OUTPUT_DSP48E2_ALU_OUT[47]_PCOUT[47])
                                                      0.159     2.477 r  bd_0_i/hls_inst/inst/K3_U0/mul_34s_31s_64_1_1_U14/tmp_product__1/DSP_OUTPUT_INST/PCOUT[47]
                         net (fo=1, routed)           0.016     2.493    bd_0_i/hls_inst/inst/K3_U0/mul_34s_31s_64_1_1_U14/tmp_product__2/PCIN[47]
    DSP48E2_X2Y17        DSP_ALU (Prop_DSP_ALU_DSP48E2_PCIN[47]_ALU_OUT[7])
                                                      0.698     3.191 f  bd_0_i/hls_inst/inst/K3_U0/mul_34s_31s_64_1_1_U14/tmp_product__2/DSP_ALU_INST/ALU_OUT[7]
                         net (fo=1, routed)           0.000     3.191    bd_0_i/hls_inst/inst/K3_U0/mul_34s_31s_64_1_1_U14/tmp_product__2/DSP_ALU.ALU_OUT<7>
    DSP48E2_X2Y17        DSP_OUTPUT (Prop_DSP_OUTPUT_DSP48E2_ALU_OUT[7]_P[7])
                                                      0.141     3.332 r  bd_0_i/hls_inst/inst/K3_U0/mul_34s_31s_64_1_1_U14/tmp_product__2/DSP_OUTPUT_INST/P[7]
                         net (fo=2, routed)           0.387     3.719    bd_0_i/hls_inst/inst/K3_U0/mul_34s_31s_64_1_1_U14/tmp_product__2_n_98
    SLICE_X28Y41         LUT2 (Prop_A6LUT_SLICEM_I0_O)
                                                      0.040     3.759 r  bd_0_i/hls_inst/inst/K3_U0/mul_34s_31s_64_1_1_U14/tmp_product_carry__0_i_8/O
                         net (fo=1, routed)           0.014     3.773    bd_0_i/hls_inst/inst/K3_U0/mul_34s_31s_64_1_1_U14/tmp_product_carry__0_i_8_n_0
    SLICE_X28Y41         CARRY8 (Prop_CARRY8_SLICEM_S[0]_CO[7])
                                                      0.241     4.014 r  bd_0_i/hls_inst/inst/K3_U0/mul_34s_31s_64_1_1_U14/tmp_product_carry__0/CO[7]
                         net (fo=1, routed)           0.028     4.042    bd_0_i/hls_inst/inst/K3_U0/mul_34s_31s_64_1_1_U14/tmp_product_carry__0_n_0
    SLICE_X28Y42         CARRY8 (Prop_CARRY8_SLICEM_CI_O[6])
                                                      0.129     4.171 r  bd_0_i/hls_inst/inst/K3_U0/mul_34s_31s_64_1_1_U14/tmp_product_carry__1/O[6]
                         net (fo=1, routed)           0.416     4.587    bd_0_i/hls_inst/inst/K3_U0/mul_34s_31s_64_1_1_U14/trunc_ln_fu_526_p4[16]
    SLICE_X29Y43         CARRY8 (Prop_CARRY8_SLICEM_S[0]_CO[7])
                                                      0.241     4.828 r  bd_0_i/hls_inst/inst/K3_U0/mul_34s_31s_64_1_1_U14/select_ln100_3_reg_780_reg[23]_i_2/CO[7]
                         net (fo=1, routed)           0.028     4.856    bd_0_i/hls_inst/inst/K3_U0/mul_34s_31s_64_1_1_U14/select_ln100_3_reg_780_reg[23]_i_2_n_0
    SLICE_X29Y44         CARRY8 (Prop_CARRY8_SLICEM_CI_O[7])
                                                      0.146     5.002 r  bd_0_i/hls_inst/inst/K3_U0/mul_34s_31s_64_1_1_U14/select_ln100_3_reg_780_reg[31]_i_4/O[7]
                         net (fo=3, routed)           0.149     5.151    bd_0_i/hls_inst/inst/K3_U0/mul_34s_31s_64_1_1_U14/tmp_17_fu_562_p3
    SLICE_X29Y45         LUT4 (Prop_D6LUT_SLICEM_I3_O)
                                                      0.098     5.249 r  bd_0_i/hls_inst/inst/K3_U0/mul_34s_31s_64_1_1_U14/select_ln100_3_reg_780[31]_i_7/O
                         net (fo=1, routed)           0.047     5.296    bd_0_i/hls_inst/inst/K3_U0/mul_34s_31s_64_1_1_U14/select_ln100_3_reg_780[31]_i_7_n_0
    SLICE_X29Y45         LUT5 (Prop_E6LUT_SLICEM_I3_O)
                                                      0.039     5.335 r  bd_0_i/hls_inst/inst/K3_U0/mul_34s_31s_64_1_1_U14/select_ln100_3_reg_780[31]_i_3/O
                         net (fo=32, routed)          0.204     5.539    bd_0_i/hls_inst/inst/K3_U0/mul_34s_31s_64_1_1_U14/select_ln100_3_reg_780[31]_i_3_n_0
    SLICE_X31Y44         LUT3 (Prop_D5LUT_SLICEM_I2_O)
                                                      0.167     5.706 r  bd_0_i/hls_inst/inst/K3_U0/mul_34s_31s_64_1_1_U14/select_ln100_3_reg_780[31]_i_1/O
                         net (fo=31, routed)          0.507     6.213    bd_0_i/hls_inst/inst/K3_U0/select_ln100_3_reg_780
    SLICE_X30Y47         FDSE                                         r  bd_0_i/hls_inst/inst/K3_U0/select_ln100_3_reg_780_reg[14]/S
  -------------------------------------------------------------------    -------------------

                         (clock ap_clk rise edge)    10.000    10.000 r  
                                                      0.000    10.000 r  ap_clk (IN)
                         net (fo=7236, unset)         0.024    10.024    bd_0_i/hls_inst/inst/K3_U0/ap_clk
    SLICE_X30Y47         FDSE                                         r  bd_0_i/hls_inst/inst/K3_U0/select_ln100_3_reg_780_reg[14]/C
                         clock pessimism              0.000    10.024    
                         clock uncertainty           -0.035     9.989    
    SLICE_X30Y47         FDSE (Setup_DFF_SLICEL_C_S)
                                                     -0.072     9.917    bd_0_i/hls_inst/inst/K3_U0/select_ln100_3_reg_780_reg[14]
  -------------------------------------------------------------------
                         required time                          9.917    
                         arrival time                          -6.213    
  -------------------------------------------------------------------
                         slack                                  3.704    

Slack (MET) :             3.704ns  (required time - arrival time)
  Source:                 bd_0_i/hls_inst/inst/K3_U0/select_ln94_3_reg_770_reg[1]/C
                            (rising edge-triggered cell FDSE clocked by ap_clk  {rise@0.000ns fall@5.000ns period=10.000ns})
  Destination:            bd_0_i/hls_inst/inst/K3_U0/select_ln100_3_reg_780_reg[19]/S
                            (rising edge-triggered cell FDSE clocked by ap_clk  {rise@0.000ns fall@5.000ns period=10.000ns})
  Path Group:             ap_clk
  Path Type:              Setup (Max at Slow Process Corner)
  Requirement:            10.000ns  (ap_clk rise@10.000ns - ap_clk rise@0.000ns)
  Data Path Delay:        6.176ns  (logic 3.938ns (63.763%)  route 2.238ns (36.237%))
  Logic Levels:           16  (CARRY8=4 DSP_A_B_DATA=1 DSP_ALU=2 DSP_M_DATA=1 DSP_MULTIPLIER=1 DSP_OUTPUT=2 DSP_PREADD_DATA=1 LUT2=1 LUT3=1 LUT4=1 LUT5=1)
  Clock Path Skew:        -0.013ns (DCD - SCD + CPR)
    Destination Clock Delay (DCD):    0.024ns = ( 10.024 - 10.000 ) 
    Source Clock Delay      (SCD):    0.037ns
    Clock Pessimism Removal (CPR):    0.000ns
  Clock Uncertainty:      0.035ns  ((TSJ^2 + TIJ^2)^1/2 + DJ) / 2 + PE
    Total System Jitter     (TSJ):    0.071ns
    Total Input Jitter      (TIJ):    0.000ns
    Discrete Jitter          (DJ):    0.000ns
    Phase Error              (PE):    0.000ns

    Location             Delay type                Incr(ns)  Path(ns)    Netlist Resource(s)
  -------------------------------------------------------------------    -------------------
                         (clock ap_clk rise edge)     0.000     0.000 r  
                                                      0.000     0.000 r  ap_clk (IN)
                         net (fo=7236, unset)         0.037     0.037    bd_0_i/hls_inst/inst/K3_U0/ap_clk
    SLICE_X29Y35         FDSE                                         r  bd_0_i/hls_inst/inst/K3_U0/select_ln94_3_reg_770_reg[1]/C
  -------------------------------------------------------------------    -------------------
    SLICE_X29Y35         FDSE (Prop_CFF_SLICEM_C_Q)
                                                      0.095     0.132 f  bd_0_i/hls_inst/inst/K3_U0/select_ln94_3_reg_770_reg[1]/Q
                         net (fo=1, routed)           0.442     0.574    bd_0_i/hls_inst/inst/K3_U0/mul_34s_31s_64_1_1_U14/tmp_product__1/A[3]
    DSP48E2_X2Y16        DSP_A_B_DATA (Prop_DSP_A_B_DATA_DSP48E2_A[3]_A2_DATA[3])
                                                      0.241     0.815 r  bd_0_i/hls_inst/inst/K3_U0/mul_34s_31s_64_1_1_U14/tmp_product__1/DSP_A_B_DATA_INST/A2_DATA[3]
                         net (fo=1, routed)           0.000     0.815    bd_0_i/hls_inst/inst/K3_U0/mul_34s_31s_64_1_1_U14/tmp_product__1/DSP_A_B_DATA.A2_DATA<3>
    DSP48E2_X2Y16        DSP_PREADD_DATA (Prop_DSP_PREADD_DATA_DSP48E2_A2_DATA[3]_A2A1[3])
                                                      0.098     0.913 r  bd_0_i/hls_inst/inst/K3_U0/mul_34s_31s_64_1_1_U14/tmp_product__1/DSP_PREADD_DATA_INST/A2A1[3]
                         net (fo=1, routed)           0.000     0.913    bd_0_i/hls_inst/inst/K3_U0/mul_34s_31s_64_1_1_U14/tmp_product__1/DSP_PREADD_DATA.A2A1<3>
    DSP48E2_X2Y16        DSP_MULTIPLIER (Prop_DSP_MULTIPLIER_DSP48E2_A2A1[3]_U[24])
                                                      0.647     1.560 f  bd_0_i/hls_inst/inst/K3_U0/mul_34s_31s_64_1_1_U14/tmp_product__1/DSP_MULTIPLIER_INST/U[24]
                         net (fo=1, routed)           0.000     1.560    bd_0_i/hls_inst/inst/K3_U0/mul_34s_31s_64_1_1_U14/tmp_product__1/DSP_MULTIPLIER.U<24>
    DSP48E2_X2Y16        DSP_M_DATA (Prop_DSP_M_DATA_DSP48E2_U[24]_U_DATA[24])
                                                      0.059     1.619 r  bd_0_i/hls_inst/inst/K3_U0/mul_34s_31s_64_1_1_U14/tmp_product__1/DSP_M_DATA_INST/U_DATA[24]
                         net (fo=1, routed)           0.000     1.619    bd_0_i/hls_inst/inst/K3_U0/mul_34s_31s_64_1_1_U14/tmp_product__1/DSP_M_DATA.U_DATA<24>
    DSP48E2_X2Y16        DSP_ALU (Prop_DSP_ALU_DSP48E2_U_DATA[24]_ALU_OUT[47])
                                                      0.699     2.318 f  bd_0_i/hls_inst/inst/K3_U0/mul_34s_31s_64_1_1_U14/tmp_product__1/DSP_ALU_INST/ALU_OUT[47]
                         net (fo=1, routed)           0.000     2.318    bd_0_i/hls_inst/inst/K3_U0/mul_34s_31s_64_1_1_U14/tmp_product__1/DSP_ALU.ALU_OUT<47>
    DSP48E2_X2Y16        DSP_OUTPUT (Prop_DSP_OUTPUT_DSP48E2_ALU_OUT[47]_PCOUT[47])
                                                      0.159     2.477 r  bd_0_i/hls_inst/inst/K3_U0/mul_34s_31s_64_1_1_U14/tmp_product__1/DSP_OUTPUT_INST/PCOUT[47]
                         net (fo=1, routed)           0.016     2.493    bd_0_i/hls_inst/inst/K3_U0/mul_34s_31s_64_1_1_U14/tmp_product__2/PCIN[47]
    DSP48E2_X2Y17        DSP_ALU (Prop_DSP_ALU_DSP48E2_PCIN[47]_ALU_OUT[7])
                                                      0.698     3.191 f  bd_0_i/hls_inst/inst/K3_U0/mul_34s_31s_64_1_1_U14/tmp_product__2/DSP_ALU_INST/ALU_OUT[7]
                         net (fo=1, routed)           0.000     3.191    bd_0_i/hls_inst/inst/K3_U0/mul_34s_31s_64_1_1_U14/tmp_product__2/DSP_ALU.ALU_OUT<7>
    DSP48E2_X2Y17        DSP_OUTPUT (Prop_DSP_OUTPUT_DSP48E2_ALU_OUT[7]_P[7])
                                                      0.141     3.332 r  bd_0_i/hls_inst/inst/K3_U0/mul_34s_31s_64_1_1_U14/tmp_product__2/DSP_OUTPUT_INST/P[7]
                         net (fo=2, routed)           0.387     3.719    bd_0_i/hls_inst/inst/K3_U0/mul_34s_31s_64_1_1_U14/tmp_product__2_n_98
    SLICE_X28Y41         LUT2 (Prop_A6LUT_SLICEM_I0_O)
                                                      0.040     3.759 r  bd_0_i/hls_inst/inst/K3_U0/mul_34s_31s_64_1_1_U14/tmp_product_carry__0_i_8/O
                         net (fo=1, routed)           0.014     3.773    bd_0_i/hls_inst/inst/K3_U0/mul_34s_31s_64_1_1_U14/tmp_product_carry__0_i_8_n_0
    SLICE_X28Y41         CARRY8 (Prop_CARRY8_SLICEM_S[0]_CO[7])
                                                      0.241     4.014 r  bd_0_i/hls_inst/inst/K3_U0/mul_34s_31s_64_1_1_U14/tmp_product_carry__0/CO[7]
                         net (fo=1, routed)           0.028     4.042    bd_0_i/hls_inst/inst/K3_U0/mul_34s_31s_64_1_1_U14/tmp_product_carry__0_n_0
    SLICE_X28Y42         CARRY8 (Prop_CARRY8_SLICEM_CI_O[6])
                                                      0.129     4.171 r  bd_0_i/hls_inst/inst/K3_U0/mul_34s_31s_64_1_1_U14/tmp_product_carry__1/O[6]
                         net (fo=1, routed)           0.416     4.587    bd_0_i/hls_inst/inst/K3_U0/mul_34s_31s_64_1_1_U14/trunc_ln_fu_526_p4[16]
    SLICE_X29Y43         CARRY8 (Prop_CARRY8_SLICEM_S[0]_CO[7])
                                                      0.241     4.828 r  bd_0_i/hls_inst/inst/K3_U0/mul_34s_31s_64_1_1_U14/select_ln100_3_reg_780_reg[23]_i_2/CO[7]
                         net (fo=1, routed)           0.028     4.856    bd_0_i/hls_inst/inst/K3_U0/mul_34s_31s_64_1_1_U14/select_ln100_3_reg_780_reg[23]_i_2_n_0
    SLICE_X29Y44         CARRY8 (Prop_CARRY8_SLICEM_CI_O[7])
                                                      0.146     5.002 r  bd_0_i/hls_inst/inst/K3_U0/mul_34s_31s_64_1_1_U14/select_ln100_3_reg_780_reg[31]_i_4/O[7]
                         net (fo=3, routed)           0.149     5.151    bd_0_i/hls_inst/inst/K3_U0/mul_34s_31s_64_1_1_U14/tmp_17_fu_562_p3
    SLICE_X29Y45         LUT4 (Prop_D6LUT_SLICEM_I3_O)
                                                      0.098     5.249 r  bd_0_i/hls_inst/inst/K3_U0/mul_34s_31s_64_1_1_U14/select_ln100_3_reg_780[31]_i_7/O
                         net (fo=1, routed)           0.047     5.296    bd_0_i/hls_inst/inst/K3_U0/mul_34s_31s_64_1_1_U14/select_ln100_3_reg_780[31]_i_7_n_0
    SLICE_X29Y45         LUT5 (Prop_E6LUT_SLICEM_I3_O)
                                                      0.039     5.335 r  bd_0_i/hls_inst/inst/K3_U0/mul_34s_31s_64_1_1_U14/select_ln100_3_reg_780[31]_i_3/O
                         net (fo=32, routed)          0.204     5.539    bd_0_i/hls_inst/inst/K3_U0/mul_34s_31s_64_1_1_U14/select_ln100_3_reg_780[31]_i_3_n_0
    SLICE_X31Y44         LUT3 (Prop_D5LUT_SLICEM_I2_O)
                                                      0.167     5.706 r  bd_0_i/hls_inst/inst/K3_U0/mul_34s_31s_64_1_1_U14/select_ln100_3_reg_780[31]_i_1/O
                         net (fo=31, routed)          0.507     6.213    bd_0_i/hls_inst/inst/K3_U0/select_ln100_3_reg_780
    SLICE_X30Y47         FDSE                                         r  bd_0_i/hls_inst/inst/K3_U0/select_ln100_3_reg_780_reg[19]/S
  -------------------------------------------------------------------    -------------------

                         (clock ap_clk rise edge)    10.000    10.000 r  
                                                      0.000    10.000 r  ap_clk (IN)
                         net (fo=7236, unset)         0.024    10.024    bd_0_i/hls_inst/inst/K3_U0/ap_clk
    SLICE_X30Y47         FDSE                                         r  bd_0_i/hls_inst/inst/K3_U0/select_ln100_3_reg_780_reg[19]/C
                         clock pessimism              0.000    10.024    
                         clock uncertainty           -0.035     9.989    
    SLICE_X30Y47         FDSE (Setup_CFF_SLICEL_C_S)
                                                     -0.072     9.917    bd_0_i/hls_inst/inst/K3_U0/select_ln100_3_reg_780_reg[19]
  -------------------------------------------------------------------
                         required time                          9.917    
                         arrival time                          -6.213    
  -------------------------------------------------------------------
                         slack                                  3.704    




