Copyright 1986-2022 Xilinx, Inc. All Rights Reserved. Copyright 2022-2025 Advanced Micro Devices, Inc. All Rights Reserved.
---------------------------------------------------------------------------------------------------------------------------------------------
| Tool Version : Vivado v.2025.1.1 (lin64) Build 6233196 Thu Sep 11 21:27:11 MDT 2025
| Date         : Tue Feb 17 22:41:08 2026
| Host         : ece-linlabsrv01 running 64-bit Red Hat Enterprise Linux release 8.10 (Ootpa)
| Command      : report_control_sets -verbose -file bd_0_wrapper_control_sets_placed.rpt
| Design       : bd_0_wrapper
| Device       : xczu3eg
---------------------------------------------------------------------------------------------------------------------------------------------

Control Set Information

Table of Contents
-----------------
1. Summary
2. Histogram
3. Flip-Flop Distribution
4. Detailed Control Set Information

1. Summary
----------

+----------------------------------------------------------+-------+
|                          Status                          | Count |
+----------------------------------------------------------+-------+
| Total control sets                                       |   117 |
|    Minimum number of control sets                        |   117 |
|    Addition due to synthesis replication                 |     0 |
|    Addition due to physical synthesis replication        |     0 |
| Unused register locations in slices containing registers |   169 |
+----------------------------------------------------------+-------+
* Control sets can be merged at opt_design using control_set_merge or merge_equivalent_drivers
** Run report_qor_suggestions for automated merging and remapping suggestions


2. Histogram
------------

+--------------------+-------+
|       Fanout       | Count |
+--------------------+-------+
| Total control sets |   117 |
| >= 0 to < 4        |    16 |
| >= 4 to < 6        |    29 |
| >= 6 to < 8        |     2 |
| >= 8 to < 10       |    20 |
| >= 10 to < 12      |     2 |
| >= 12 to < 14      |     0 |
| >= 14 to < 16      |     2 |
| >= 16              |    46 |
+--------------------+-------+
* Control sets can be remapped at either synth_design or opt_design


3. Flip-Flop Distribution
-------------------------

+--------------+-----------------------+------------------------+-----------------+--------------+
| Clock Enable | Synchronous Set/Reset | Asynchronous Set/Reset | Total Registers | Total Slices |
+--------------+-----------------------+------------------------+-----------------+--------------+
| No           | No                    | No                     |               4 |            4 |
| No           | No                    | Yes                    |               0 |            0 |
| No           | Yes                   | No                     |             141 |           64 |
| Yes          | No                    | No                     |             998 |          158 |
| Yes          | No                    | Yes                    |               0 |            0 |
| Yes          | Yes                   | No                     |            1412 |          245 |
+--------------+-----------------------+------------------------+-----------------+--------------+


4. Detailed Control Set Information
-----------------------------------

+--------------+-----------------------------------------------------------------------------------------------------------------------+--------------------------------------------------------------------------------------------------------------------------------------------------------------------------------+------------------+----------------+--------------+
| Clock Signal |                                                     Enable Signal                                                     |                                                                                Set/Reset Signal                                                                                | Slice Load Count | Bel Load Count | Bels / Slice |
+--------------+-----------------------------------------------------------------------------------------------------------------------+--------------------------------------------------------------------------------------------------------------------------------------------------------------------------------+------------------+----------------+--------------+
|  ap_clk      | bd_0_i/hls_inst/inst/A_in_m_axi_U/bus_read/rs_rdata/pop                                                               | ap_rst_n                                                                                                                                                                       |                1 |              1 |         1.00 |
|  ap_clk      | bd_0_i/hls_inst/inst/A_in_m_axi_U/bus_read/rreq_burst_conv/burst_sequential/push                                      |                                                                                                                                                                                |                1 |              1 |         1.00 |
|  ap_clk      | bd_0_i/hls_inst/inst/A_out_m_axi_U/bus_write/fifo_resp_gen[0].fifo_resp/U_fifo_srl/pop                                | ap_rst_n                                                                                                                                                                       |                1 |              1 |         1.00 |
|  ap_clk      | bd_0_i/hls_inst/inst/A_out_m_axi_U/store_unit_0/fifo_wrsp/U_fifo_srl/pop                                              | ap_rst_n                                                                                                                                                                       |                1 |              1 |         1.00 |
|  ap_clk      | bd_0_i/hls_inst/inst/A_out_m_axi_U/bus_write/wreq_burst_conv/burst_sequential/push                                    |                                                                                                                                                                                |                1 |              1 |         1.00 |
|  ap_clk      | bd_0_i/hls_inst/inst/A_out_m_axi_U/store_unit_0/fifo_wrsp/push                                                        |                                                                                                                                                                                |                1 |              1 |         1.00 |
|  ap_clk      | bd_0_i/hls_inst/inst/A_out_m_axi_U/store_unit_0/fifo_wreq/raddr[1]_i_1__2_n_5                                         | ap_rst_n                                                                                                                                                                       |                1 |              2 |         2.00 |
|  ap_clk      | bd_0_i/hls_inst/inst/A_in_m_axi_U/load_unit_0/fifo_rreq/raddr[1]_i_1_n_5                                              | ap_rst_n                                                                                                                                                                       |                1 |              2 |         2.00 |
|  ap_clk      | bd_0_i/hls_inst/inst/grp_top_kernel_Pipeline_VITIS_LOOP_35_4_fu_488/nxt_ce1                                           |                                                                                                                                                                                |                1 |              2 |         2.00 |
|  ap_clk      | bd_0_i/hls_inst/inst/cur_U/cur_ce0                                                                                    |                                                                                                                                                                                |                1 |              2 |         2.00 |
|  ap_clk      | bd_0_i/hls_inst/inst/cur_U/cur_ce1                                                                                    |                                                                                                                                                                                |                1 |              2 |         2.00 |
|  ap_clk      | bd_0_i/hls_inst/inst/control_s_axi_U/int_ier10_out                                                                    | ap_rst_n                                                                                                                                                                       |                1 |              2 |         2.00 |
|  ap_clk      | bd_0_i/hls_inst/inst/A_out_m_axi_U/store_unit_0/fifo_wreq/mOutPtr[2]_i_1__3_n_5                                       | ap_rst_n                                                                                                                                                                       |                1 |              3 |         3.00 |
|  ap_clk      | bd_0_i/hls_inst/inst/A_out_m_axi_U/store_unit_0/fifo_wreq/num_data_cnt[2]_i_1__3_n_5                                  | ap_rst_n                                                                                                                                                                       |                1 |              3 |         3.00 |
|  ap_clk      | bd_0_i/hls_inst/inst/A_out_m_axi_U/store_unit_0/user_resp/mOutPtr[2]_i_1__7_n_5                                       | ap_rst_n                                                                                                                                                                       |                1 |              3 |         3.00 |
|  ap_clk      | bd_0_i/hls_inst/inst/A_out_m_axi_U/store_unit_0/fifo_wrsp/U_fifo_srl/dout_vld_reg_0[0]                                | ap_rst_n                                                                                                                                                                       |                1 |              3 |         3.00 |
|  ap_clk      | bd_0_i/hls_inst/inst/A_in_m_axi_U/bus_read/ost_ctrl_gen[0].fifo_burst/raddr[3]_i_1_n_5                                | ap_rst_n                                                                                                                                                                       |                1 |              4 |         4.00 |
|  ap_clk      | bd_0_i/hls_inst/inst/A_in_m_axi_U/load_unit_0/fifo_rreq/num_data_cnt[3]_i_1_n_5                                       | ap_rst_n                                                                                                                                                                       |                2 |              4 |         2.00 |
|  ap_clk      | bd_0_i/hls_inst/inst/A_in_m_axi_U/load_unit_0/fifo_rreq/mOutPtr[3]_i_1_n_5                                            | ap_rst_n                                                                                                                                                                       |                1 |              4 |         4.00 |
|  ap_clk      | bd_0_i/hls_inst/inst/A_out_m_axi_U/store_unit_0/fifo_wrsp/U_fifo_srl/raddr_reg[0][0]                                  | ap_rst_n                                                                                                                                                                       |                1 |              4 |         4.00 |
|  ap_clk      |                                                                                                                       |                                                                                                                                                                                |                4 |              4 |         1.00 |
|  ap_clk      | bd_0_i/hls_inst/inst/control_s_axi_U/waddr                                                                            |                                                                                                                                                                                |                1 |              4 |         4.00 |
|  ap_clk      | bd_0_i/hls_inst/inst/A_out_m_axi_U/store_unit_0/conservative_gen.local_BURST_WVALID_reg_0[0]                          |                                                                                                                                                                                |                1 |              4 |         4.00 |
|  ap_clk      | bd_0_i/hls_inst/inst/A_out_m_axi_U/bus_write/wreq_throttle/fifo_burst_gen[0].fifo_req/raddr[3]_i_1__4_n_5             | ap_rst_n                                                                                                                                                                       |                1 |              4 |         4.00 |
|  ap_clk      | bd_0_i/hls_inst/inst/A_out_m_axi_U/bus_write/wreq_throttle/rs_burst/load_p1                                           |                                                                                                                                                                                |                1 |              4 |         4.00 |
|  ap_clk      | bd_0_i/hls_inst/inst/A_out_m_axi_U/store_unit_0/conservative_gen.fifo_burst/U_fifo_srl/empty_n_reg[0]                 | ap_rst_n                                                                                                                                                                       |                1 |              4 |         4.00 |
|  ap_clk      | bd_0_i/hls_inst/inst/A_out_m_axi_U/store_unit_0/conservative_gen.fifo_burst/U_fifo_srl/push_0                         |                                                                                                                                                                                |                1 |              4 |         4.00 |
|  ap_clk      | bd_0_i/hls_inst/inst/A_out_m_axi_U/store_unit_0/conservative_gen.fifo_burst/U_fifo_srl/pop                            | ap_rst_n                                                                                                                                                                       |                1 |              4 |         4.00 |
|  ap_clk      | bd_0_i/hls_inst/inst/A_out_m_axi_U/bus_write/fifo_resp_gen[0].fifo_resp/raddr[3]_i_1__5_n_5                           | ap_rst_n                                                                                                                                                                       |                1 |              4 |         4.00 |
|  ap_clk      | bd_0_i/hls_inst/inst/A_out_m_axi_U/store_unit_0/conservative_gen.fifo_burst/U_fifo_srl/dout_vld_reg                   | ap_rst_n                                                                                                                                                                       |                2 |              4 |         2.00 |
|  ap_clk      | bd_0_i/hls_inst/inst/A_in_m_axi_U/bus_read/ost_ctrl_gen[0].fifo_burst/mOutPtr[4]_i_1_n_5                              | ap_rst_n                                                                                                                                                                       |                1 |              5 |         5.00 |
|  ap_clk      | bd_0_i/hls_inst/inst/A_out_m_axi_U/store_unit_0/fifo_wrsp/U_fifo_srl/s_ready_t_reg[0]                                 | ap_rst_n                                                                                                                                                                       |                1 |              5 |         5.00 |
|  ap_clk      | bd_0_i/hls_inst/inst/A_out_m_axi_U/store_unit_0/conservative_gen.fifo_burst/U_fifo_srl/full_n_reg[0]                  | ap_rst_n                                                                                                                                                                       |                2 |              5 |         2.50 |
|  ap_clk      | bd_0_i/hls_inst/inst/A_out_m_axi_U/store_unit_0/conservative_gen.fifo_burst/U_fifo_srl/E[0]                           | ap_rst_n                                                                                                                                                                       |                1 |              5 |         5.00 |
|  ap_clk      | bd_0_i/hls_inst/inst/A_out_m_axi_U/store_unit_0/buff_wdata/raddr[4]_i_1__0_n_5                                        | ap_rst_n                                                                                                                                                                       |                2 |              5 |         2.50 |
|  ap_clk      | bd_0_i/hls_inst/inst/A_in_m_axi_U/bus_read/ost_ctrl_gen[0].fifo_burst/num_data_cnt[4]_i_1_n_5                         | ap_rst_n                                                                                                                                                                       |                1 |              5 |         5.00 |
|  ap_clk      | bd_0_i/hls_inst/inst/A_out_m_axi_U/bus_write/fifo_resp_gen[0].fifo_resp/num_data_cnt[4]_i_1__5_n_5                    | ap_rst_n                                                                                                                                                                       |                1 |              5 |         5.00 |
|  ap_clk      | bd_0_i/hls_inst/inst/A_in_m_axi_U/bus_read/ost_ctrl_gen[0].fifo_rctl/mOutPtr                                          | ap_rst_n                                                                                                                                                                       |                2 |              5 |         2.50 |
|  ap_clk      | bd_0_i/hls_inst/inst/A_out_m_axi_U/bus_write/fifo_resp_gen[0].fifo_resp/mOutPtr[4]_i_1__5_n_5                         | ap_rst_n                                                                                                                                                                       |                1 |              5 |         5.00 |
|  ap_clk      | bd_0_i/hls_inst/inst/A_in_m_axi_U/bus_read/ost_ctrl_gen[0].fifo_rctl/num_data_cnt                                     | ap_rst_n                                                                                                                                                                       |                2 |              5 |         2.50 |
|  ap_clk      | bd_0_i/hls_inst/inst/A_out_m_axi_U/bus_write/wreq_throttle/fifo_burst_gen[0].fifo_req/num_data_cnt[4]_i_1__4_n_5      | ap_rst_n                                                                                                                                                                       |                2 |              5 |         2.50 |
|  ap_clk      | bd_0_i/hls_inst/inst/A_out_m_axi_U/bus_write/wreq_throttle/fifo_burst_gen[0].fifo_req/mOutPtr[4]_i_1__4_n_5           | ap_rst_n                                                                                                                                                                       |                1 |              5 |         5.00 |
|  ap_clk      | bd_0_i/hls_inst/inst/A_out_m_axi_U/store_unit_0/fifo_wrsp/U_fifo_srl/E[0]                                             | ap_rst_n                                                                                                                                                                       |                1 |              5 |         5.00 |
|  ap_clk      | bd_0_i/hls_inst/inst/ap_NS_fsm15_out                                                                                  | bd_0_i/hls_inst/inst/t_fu_192[4]_i_1_n_5                                                                                                                                       |                1 |              5 |         5.00 |
|  ap_clk      | bd_0_i/hls_inst/inst/ap_CS_fsm_state21                                                                                |                                                                                                                                                                                |                2 |              5 |         2.50 |
|  ap_clk      | bd_0_i/hls_inst/inst/A_out_m_axi_U/store_unit_0/buff_wdata/num_data_cnt[5]_i_1_n_5                                    | ap_rst_n                                                                                                                                                                       |                1 |              6 |         6.00 |
|  ap_clk      | bd_0_i/hls_inst/inst/A_out_m_axi_U/store_unit_0/buff_wdata/mOutPtr[5]_i_1_n_5                                         | ap_rst_n                                                                                                                                                                       |                2 |              6 |         3.00 |
|  ap_clk      |                                                                                                                       | bd_0_i/hls_inst/inst/grp_top_kernel_Pipeline_VITIS_LOOP_35_4_fu_488/flow_control_loop_pipe_sequential_init_U/grp_top_kernel_Pipeline_VITIS_LOOP_35_4_fu_488_ap_start_reg_reg_0 |                6 |              8 |         1.33 |
|  ap_clk      | bd_0_i/hls_inst/inst/A_in_m_axi_U/bus_read/rreq_burst_conv/burst_sequential/could_multi_bursts.last_loop              | ap_rst_n                                                                                                                                                                       |                2 |              8 |         4.00 |
|  ap_clk      | bd_0_i/hls_inst/inst/i_3_reg_431[7]_i_2_n_5                                                                           | bd_0_i/hls_inst/inst/ap_NS_fsm18_out                                                                                                                                           |                5 |              8 |         1.60 |
|  ap_clk      | bd_0_i/hls_inst/inst/A_out_m_axi_U/bus_write/wreq_burst_conv/burst_sequential/could_multi_bursts.last_loop            | ap_rst_n                                                                                                                                                                       |                4 |              8 |         2.00 |
|  ap_clk      | bd_0_i/hls_inst/inst/ap_CS_fsm_state25                                                                                | bd_0_i/hls_inst/inst/j_3_reg_443                                                                                                                                               |                4 |              8 |         2.00 |
|  ap_clk      | bd_0_i/hls_inst/inst/A_out_m_axi_U/store_unit_0/buff_wdata/E[0]                                                       | ap_rst_n                                                                                                                                                                       |                1 |              8 |         8.00 |
|  ap_clk      | bd_0_i/hls_inst/inst/A_in_m_axi_U/load_unit_0/buff_rdata/U_fifo_mem/WEBWE[0]                                          | ap_rst_n                                                                                                                                                                       |                2 |              8 |         4.00 |
|  ap_clk      | bd_0_i/hls_inst/inst/A_in_m_axi_U/load_unit_0/buff_rdata/pop                                                          | ap_rst_n                                                                                                                                                                       |                2 |              8 |         4.00 |
|  ap_clk      | bd_0_i/hls_inst/inst/A_out_m_axi_U/bus_write/wreq_throttle/rs_req/dout_vld_reg                                        | bd_0_i/hls_inst/inst/A_out_m_axi_U/bus_write/wreq_throttle/rs_burst/ap_rst_n_0[0]                                                                                              |                2 |              8 |         4.00 |
|  ap_clk      | bd_0_i/hls_inst/inst/A_in_m_axi_U/load_unit_0/buff_rdata/j_reg_409_reg[7][0]                                          | bd_0_i/hls_inst/inst/control_s_axi_U/SR[0]                                                                                                                                     |                2 |              9 |         4.50 |
|  ap_clk      | bd_0_i/hls_inst/inst/ap_CS_fsm_state31                                                                                |                                                                                                                                                                                |                3 |              9 |         3.00 |
|  ap_clk      | bd_0_i/hls_inst/inst/ap_CS_fsm_state28                                                                                | bd_0_i/hls_inst/inst/j_4_reg_466                                                                                                                                               |                2 |              9 |         4.50 |
|  ap_clk      | bd_0_i/hls_inst/inst/ap_NS_fsm14_out                                                                                  | bd_0_i/hls_inst/inst/ap_NS_fsm17_out                                                                                                                                           |                2 |              9 |         4.50 |
|  ap_clk      | bd_0_i/hls_inst/inst/ap_CS_fsm_state13                                                                                | bd_0_i/hls_inst/inst/j_reg_409                                                                                                                                                 |                3 |              9 |         3.00 |
|  ap_clk      | bd_0_i/hls_inst/inst/A_in_m_axi_U/load_unit_0/buff_rdata/mOutPtr[8]_i_1_n_5                                           | ap_rst_n                                                                                                                                                                       |                2 |              9 |         4.50 |
|  ap_clk      | bd_0_i/hls_inst/inst/nxt_we1_local                                                                                    | bd_0_i/hls_inst/inst/grp_top_kernel_Pipeline_VITIS_LOOP_35_4_fu_488/flow_control_loop_pipe_sequential_init_U/SR[0]                                                             |                2 |              9 |         4.50 |
|  ap_clk      | bd_0_i/hls_inst/inst/A_in_m_axi_U/load_unit_0/buff_rdata/num_data_cnt[8]_i_1_n_5                                      | ap_rst_n                                                                                                                                                                       |                2 |              9 |         4.50 |
|  ap_clk      | bd_0_i/hls_inst/inst/grp_top_kernel_Pipeline_VITIS_LOOP_35_4_fu_488/flow_control_loop_pipe_sequential_init_U/j_fu_320 |                                                                                                                                                                                |                3 |              9 |         3.00 |
|  ap_clk      | bd_0_i/hls_inst/inst/A_out_m_axi_U/store_unit_0/buff_wdata/ap_CS_fsm_reg[32]_0[0]                                     | bd_0_i/hls_inst/inst/A_out_m_axi_U/store_unit_0/buff_wdata/ap_CS_fsm_reg[32][0]                                                                                                |                2 |              9 |         4.50 |
|  ap_clk      | bd_0_i/hls_inst/inst/A_out_m_axi_U/store_unit_0/fifo_wreq/E[0]                                                        | bd_0_i/hls_inst/inst/ap_NS_fsm114_out                                                                                                                                          |                2 |              9 |         4.50 |
|  ap_clk      | bd_0_i/hls_inst/inst/A_out_m_axi_U/bus_write/wreq_burst_conv/burst_sequential/rs_req/p_15_in                          | bd_0_i/hls_inst/inst/A_out_m_axi_U/bus_write/wreq_burst_conv/burst_sequential/sect_addr_buf[11]_i_1__0_n_5                                                                     |                2 |             10 |         5.00 |
|  ap_clk      | bd_0_i/hls_inst/inst/A_in_m_axi_U/bus_read/rreq_burst_conv/burst_sequential/rs_req/p_15_in                            | bd_0_i/hls_inst/inst/A_in_m_axi_U/bus_read/rreq_burst_conv/burst_sequential/sect_addr_buf[11]_i_1_n_5                                                                          |                2 |             10 |         5.00 |
|  ap_clk      | bd_0_i/hls_inst/inst/ap_CS_fsm_state18                                                                                |                                                                                                                                                                                |                5 |             15 |         3.00 |
|  ap_clk      | bd_0_i/hls_inst/inst/ap_CS_fsm_state20                                                                                |                                                                                                                                                                                |                9 |             15 |         1.67 |
|  ap_clk      | bd_0_i/hls_inst/inst/ap_CS_fsm_state16                                                                                |                                                                                                                                                                                |                8 |             17 |         2.12 |
|  ap_clk      | bd_0_i/hls_inst/inst/ap_CS_fsm_state26                                                                                |                                                                                                                                                                                |                3 |             17 |         5.67 |
|  ap_clk      | bd_0_i/hls_inst/inst/ap_CS_fsm_state10                                                                                |                                                                                                                                                                                |                3 |             17 |         5.67 |
|  ap_clk      | bd_0_i/hls_inst/inst/ap_CS_fsm_state30                                                                                |                                                                                                                                                                                |                3 |             17 |         5.67 |
|  ap_clk      | bd_0_i/hls_inst/inst/ap_CS_fsm_state23                                                                                |                                                                                                                                                                                |               11 |             21 |         1.91 |
|  ap_clk      | bd_0_i/hls_inst/inst/cur_U/E[0]                                                                                       |                                                                                                                                                                                |                5 |             24 |         4.80 |
|  ap_clk      | bd_0_i/hls_inst/inst/reg_506[23]_i_1_n_5                                                                              |                                                                                                                                                                                |                5 |             24 |         4.80 |
|  ap_clk      | bd_0_i/hls_inst/inst/ap_CS_fsm_state12                                                                                |                                                                                                                                                                                |                3 |             24 |         8.00 |
|  ap_clk      | bd_0_i/hls_inst/inst/ap_CS_fsm_state27                                                                                |                                                                                                                                                                                |               10 |             25 |         2.50 |
|  ap_clk      | bd_0_i/hls_inst/inst/ap_CS_fsm_state11                                                                                |                                                                                                                                                                                |                6 |             25 |         4.17 |
|  ap_clk      | bd_0_i/hls_inst/inst/A_out_m_axi_U/store_unit_0/buff_wdata/U_fifo_srl/sel                                             |                                                                                                                                                                                |                6 |             28 |         4.67 |
|  ap_clk      | bd_0_i/hls_inst/inst/A_out_m_axi_U/bus_write/wreq_throttle/rs_burst/pop                                               | ap_rst_n                                                                                                                                                                       |                7 |             28 |         4.00 |
|  ap_clk      | bd_0_i/hls_inst/inst/A_out_m_axi_U/bus_write/wreq_throttle/rs_req/ap_rst_n_1                                          | bd_0_i/hls_inst/inst/A_out_m_axi_U/bus_write/wreq_throttle/rs_req/ap_rst_n_0                                                                                                   |                7 |             28 |         4.00 |
|  ap_clk      | bd_0_i/hls_inst/inst/control_s_axi_U/ar_hs                                                                            |                                                                                                                                                                                |               20 |             32 |         1.60 |
|  ap_clk      | bd_0_i/hls_inst/inst/control_s_axi_U/int_A_out_r[31]_i_1_n_5                                                          | ap_rst_n                                                                                                                                                                       |               18 |             32 |         1.78 |
|  ap_clk      | bd_0_i/hls_inst/inst/control_s_axi_U/int_A_out_r[63]_i_1_n_5                                                          | ap_rst_n                                                                                                                                                                       |               18 |             32 |         1.78 |
|  ap_clk      | bd_0_i/hls_inst/inst/control_s_axi_U/int_A_in_r[63]_i_1_n_5                                                           | ap_rst_n                                                                                                                                                                       |               15 |             32 |         2.13 |
|  ap_clk      | bd_0_i/hls_inst/inst/control_s_axi_U/int_A_in_r[31]_i_1_n_5                                                           | ap_rst_n                                                                                                                                                                       |               15 |             32 |         2.13 |
|  ap_clk      | bd_0_i/hls_inst/inst/A_in_m_axi_U/bus_read/rs_rdata/load_p1                                                           |                                                                                                                                                                                |                5 |             33 |         6.60 |
|  ap_clk      | bd_0_i/hls_inst/inst/A_in_m_axi_U/bus_read/rs_rdata/load_p2                                                           |                                                                                                                                                                                |                5 |             33 |         6.60 |
|  ap_clk      | bd_0_i/hls_inst/inst/ap_CS_fsm_state24                                                                                |                                                                                                                                                                                |                6 |             39 |         6.50 |
|  ap_clk      | bd_0_i/hls_inst/inst/A_out_m_axi_U/bus_write/wreq_burst_conv/burst_sequential/rs_req/E[0]                             | ap_rst_n                                                                                                                                                                       |                8 |             53 |         6.62 |
|  ap_clk      | bd_0_i/hls_inst/inst/A_in_m_axi_U/bus_read/rreq_burst_conv/burst_sequential/rs_req/E[0]                               | ap_rst_n                                                                                                                                                                       |               13 |             53 |         4.08 |
|  ap_clk      | bd_0_i/hls_inst/inst/A_out_m_axi_U/bus_write/wreq_throttle/fifo_burst_gen[0].fifo_req/U_fifo_srl/push                 |                                                                                                                                                                                |                4 |             62 |        15.50 |
|  ap_clk      | bd_0_i/hls_inst/inst/A_out_m_axi_U/bus_write/wreq_throttle/rs_burst/pop_0                                             | ap_rst_n                                                                                                                                                                       |               16 |             62 |         3.88 |
|  ap_clk      | bd_0_i/hls_inst/inst/A_in_m_axi_U/load_unit_0/fifo_rreq/U_fifo_srl/push                                               |                                                                                                                                                                                |                5 |             63 |        12.60 |
|  ap_clk      | bd_0_i/hls_inst/inst/A_out_m_axi_U/store_unit_0/fifo_wreq/U_fifo_srl/push_0                                           |                                                                                                                                                                                |                5 |             63 |        12.60 |
|  ap_clk      | bd_0_i/hls_inst/inst/A_out_m_axi_U/store_unit_0/fifo_wreq/U_fifo_srl/pop                                              | ap_rst_n                                                                                                                                                                       |               17 |             63 |         3.71 |
|  ap_clk      | bd_0_i/hls_inst/inst/A_in_m_axi_U/load_unit_0/fifo_rreq/U_fifo_srl/pop                                                | ap_rst_n                                                                                                                                                                       |               17 |             63 |         3.71 |
|  ap_clk      | bd_0_i/hls_inst/inst/A_out_m_axi_U/store_unit_0/fifo_wreq/next_wreq                                                   | ap_rst_n                                                                                                                                                                       |               23 |             64 |         2.78 |
|  ap_clk      | bd_0_i/hls_inst/inst/A_in_m_axi_U/bus_read/rreq_burst_conv/burst_sequential/rs_req/load_p1                            |                                                                                                                                                                                |               14 |             64 |         4.57 |
|  ap_clk      | bd_0_i/hls_inst/inst/A_out_m_axi_U/store_unit_0/tmp_valid_reg_0[0]                                                    |                                                                                                                                                                                |               16 |             64 |         4.00 |
|  ap_clk      | bd_0_i/hls_inst/inst/A_in_m_axi_U/load_unit_0/tmp_valid_reg_0[0]                                                      |                                                                                                                                                                                |               14 |             64 |         4.57 |
|  ap_clk      | bd_0_i/hls_inst/inst/A_out_m_axi_U/bus_write/wreq_burst_conv/burst_sequential/rs_req/load_p1                          |                                                                                                                                                                                |               16 |             64 |         4.00 |
|  ap_clk      | bd_0_i/hls_inst/inst/A_in_m_axi_U/load_unit_0/fifo_rreq/E[0]                                                          | ap_rst_n                                                                                                                                                                       |               16 |             64 |         4.00 |
|  ap_clk      | bd_0_i/hls_inst/inst/A_out_m_axi_U/bus_write/wreq_throttle/rs_req/load_p1                                             |                                                                                                                                                                                |               14 |             66 |         4.71 |
|  ap_clk      | bd_0_i/hls_inst/inst/A_out_m_axi_U/bus_write/wreq_throttle/rs_burst/E[0]                                              |                                                                                                                                                                                |               14 |             66 |         4.71 |
|  ap_clk      | bd_0_i/hls_inst/inst/ap_CS_fsm_state14                                                                                |                                                                                                                                                                                |               19 |             67 |         3.53 |
|  ap_clk      | bd_0_i/hls_inst/inst/A_in_m_axi_U/bus_read/rreq_burst_conv/burst_sequential/E[0]                                      | ap_rst_n                                                                                                                                                                       |               10 |             71 |         7.10 |
|  ap_clk      | bd_0_i/hls_inst/inst/A_out_m_axi_U/bus_write/wreq_burst_conv/burst_sequential/E[0]                                    | ap_rst_n                                                                                                                                                                       |               12 |             71 |         5.92 |
|  ap_clk      | bd_0_i/hls_inst/inst/A_out_m_axi_U/bus_write/wreq_burst_conv/burst_sequential/rs_req/p_15_in                          | ap_rst_n                                                                                                                                                                       |               15 |             77 |         5.13 |
|  ap_clk      | bd_0_i/hls_inst/inst/A_in_m_axi_U/bus_read/rreq_burst_conv/burst_sequential/rs_req/p_15_in                            | ap_rst_n                                                                                                                                                                       |               15 |             77 |         5.13 |
|  ap_clk      | bd_0_i/hls_inst/inst/A_in_m_axi_U/bus_read/rreq_burst_conv/burst_sequential/rs_req/next_req                           | ap_rst_n                                                                                                                                                                       |               24 |            103 |         4.29 |
|  ap_clk      | bd_0_i/hls_inst/inst/A_out_m_axi_U/bus_write/wreq_burst_conv/burst_sequential/rs_req/next_req                         | ap_rst_n                                                                                                                                                                       |               26 |            103 |         3.96 |
|  ap_clk      | bd_0_i/hls_inst/inst/ap_CS_fsm_state1                                                                                 |                                                                                                                                                                                |               37 |            124 |         3.35 |
|  ap_clk      |                                                                                                                       | ap_rst_n                                                                                                                                                                       |               58 |            133 |         2.29 |
+--------------+-----------------------------------------------------------------------------------------------------------------------+--------------------------------------------------------------------------------------------------------------------------------------------------------------------------------+------------------+----------------+--------------+


