  **** HLS Build v2025.1.1 6214317
Sourcing Tcl script '/nethome/shanda34/FPGA_ECE8893_SJH/2026_Spring/lab2/script.tcl'
INFO: [HLS 200-1510] Running: open_component project_1 
INFO: [HLS 200-10] Creating and opening component '/nethome/shanda34/FPGA_ECE8893_SJH/2026_Spring/lab2/project_1'.
INFO: [HLS 200-1505] Using default flow_target 'vivado'
Resolution: For help on HLS 200-1505 see docs.xilinx.com/access/sources/dita/topic?Doc_Version=2025.1%20English&url=ug1448-hls-guidance&resourceid=200-1505.html
INFO: [HLS 200-2176] Writing Vitis IDE component file /nethome/shanda34/FPGA_ECE8893_SJH/2026_Spring/lab2/project_1/vitis-comp.json
INFO: [HLS 200-1915] Writing HLS config ini file /nethome/shanda34/FPGA_ECE8893_SJH/2026_Spring/lab2/project_1/hls_config.cfg
INFO: [HLS 200-1510] Running: set_top top_kernel 
INFO: [HLS 200-1510] Running: add_files top.cpp 
INFO: [HLS 200-10] Adding design file 'top.cpp' to the project
INFO: [HLS 200-1510] Running: add_files -tb host.cpp 
INFO: [HLS 200-10] Adding test bench file 'host.cpp' to the project
INFO: [HLS 200-1510] Running: config_unroll -tripcount_threshold 0 
INFO: [XFORM 203-502] Automatic unrolling disabled.
INFO: [HLS 200-1510] Running: config_compile -pipeline_loops 0 
INFO: [HLS 200-1510] Running: set_part xczu3eg-sbva484-1-e 
INFO: [HLS 200-1611] Setting target device to 'xczu3eg-sbva484-1-e'
INFO: [HLS 200-1510] Running: csynth_design 
INFO: [HLS 200-1915] Writing HLS config ini file /nethome/shanda34/FPGA_ECE8893_SJH/2026_Spring/lab2/project_1/hls_config.cfg
INFO: [HLS 200-111] Finished File checks and directory preparation: CPU user time: 0.38 seconds. CPU system time: 0.15 seconds. Elapsed time: 8.08 seconds; current allocated memory: 0.000 MB.
INFO: [HLS 200-10] Analyzing design file 'top.cpp' ... 
WARNING: [HLS 214-111] Static scalars and arrays declared inside a dataflow region will be treated like local variables (top.cpp:18:16)
Resolution: For help on HLS 214-111 see docs.xilinx.com/access/sources/dita/topic?Doc_Version=2025.1%20English&url=ug1448-hls-guidance&resourceid=214-111.html
WARNING: [HLS 214-111] Static scalars and arrays declared inside a dataflow region will be treated like local variables (top.cpp:19:19)
Resolution: For help on HLS 214-111 see docs.xilinx.com/access/sources/dita/topic?Doc_Version=2025.1%20English&url=ug1448-hls-guidance&resourceid=214-111.html
WARNING: [HLS 214-114] Since the only kind of statements allowed in a canonical dataflow region are variable declarations and function calls, the compiler may not be able to correctly handle the region (top.cpp:16:9)
Resolution: For help on HLS 214-114 see docs.xilinx.com/access/sources/dita/topic?Doc_Version=2025.1%20English&url=ug1448-hls-guidance&resourceid=214-114.html
WARNING: [HLS 200-471] Dataflow form checks found 3 issue(s) in file top.cpp
Resolution: For help on HLS 200-471 see docs.xilinx.com/access/sources/dita/topic?Doc_Version=2025.1%20English&url=ug1448-hls-guidance&resourceid=200-471.html
INFO: [HLS 200-111] Finished Source Code Analysis and Preprocessing: CPU user time: 5.74 seconds. CPU system time: 1.01 seconds. Elapsed time: 6.97 seconds; current allocated memory: 0.000 MB.
INFO: [HLS 200-777] Using interface defaults for 'Vivado' flow target.
INFO: [HLS 200-1995] There were 6,347 instructions in the design after the 'Compile/Link' phase of compilation. See the Design Size Report for more details (/nethome/shanda34/FPGA_ECE8893_SJH/2026_Spring/lab2/project_1/hls/syn/report/csynth_design_size.rpt:2)
INFO: [HLS 200-1995] There were 623 instructions in the design after the 'Unroll/Inline (step 1)' phase of compilation. See the Design Size Report for more details (/nethome/shanda34/FPGA_ECE8893_SJH/2026_Spring/lab2/project_1/hls/syn/report/csynth_design_size.rpt:2)
INFO: [HLS 200-1995] There were 291 instructions in the design after the 'Unroll/Inline (step 2)' phase of compilation. See the Design Size Report for more details (/nethome/shanda34/FPGA_ECE8893_SJH/2026_Spring/lab2/project_1/hls/syn/report/csynth_design_size.rpt:2)
INFO: [HLS 200-1995] There were 273 instructions in the design after the 'Unroll/Inline (step 3)' phase of compilation. See the Design Size Report for more details (/nethome/shanda34/FPGA_ECE8893_SJH/2026_Spring/lab2/project_1/hls/syn/report/csynth_design_size.rpt:2)
INFO: [HLS 200-1995] There were 267 instructions in the design after the 'Unroll/Inline (step 4)' phase of compilation. See the Design Size Report for more details (/nethome/shanda34/FPGA_ECE8893_SJH/2026_Spring/lab2/project_1/hls/syn/report/csynth_design_size.rpt:2)
INFO: [HLS 200-1995] There were 269 instructions in the design after the 'Array/Struct (step 1)' phase of compilation. See the Design Size Report for more details (/nethome/shanda34/FPGA_ECE8893_SJH/2026_Spring/lab2/project_1/hls/syn/report/csynth_design_size.rpt:2)
INFO: [HLS 200-1995] There were 269 instructions in the design after the 'Array/Struct (step 2)' phase of compilation. See the Design Size Report for more details (/nethome/shanda34/FPGA_ECE8893_SJH/2026_Spring/lab2/project_1/hls/syn/report/csynth_design_size.rpt:2)
INFO: [HLS 200-1995] There were 272 instructions in the design after the 'Array/Struct (step 3)' phase of compilation. See the Design Size Report for more details (/nethome/shanda34/FPGA_ECE8893_SJH/2026_Spring/lab2/project_1/hls/syn/report/csynth_design_size.rpt:2)
INFO: [HLS 200-1995] There were 275 instructions in the design after the 'Array/Struct (step 4)' phase of compilation. See the Design Size Report for more details (/nethome/shanda34/FPGA_ECE8893_SJH/2026_Spring/lab2/project_1/hls/syn/report/csynth_design_size.rpt:2)
INFO: [HLS 200-1995] There were 283 instructions in the design after the 'Array/Struct (step 5)' phase of compilation. See the Design Size Report for more details (/nethome/shanda34/FPGA_ECE8893_SJH/2026_Spring/lab2/project_1/hls/syn/report/csynth_design_size.rpt:2)
INFO: [HLS 200-1995] There were 281 instructions in the design after the 'Performance (step 1)' phase of compilation. See the Design Size Report for more details (/nethome/shanda34/FPGA_ECE8893_SJH/2026_Spring/lab2/project_1/hls/syn/report/csynth_design_size.rpt:2)
INFO: [HLS 200-1995] There were 281 instructions in the design after the 'Performance (step 2)' phase of compilation. See the Design Size Report for more details (/nethome/shanda34/FPGA_ECE8893_SJH/2026_Spring/lab2/project_1/hls/syn/report/csynth_design_size.rpt:2)
INFO: [HLS 200-1995] There were 281 instructions in the design after the 'Performance (step 3)' phase of compilation. See the Design Size Report for more details (/nethome/shanda34/FPGA_ECE8893_SJH/2026_Spring/lab2/project_1/hls/syn/report/csynth_design_size.rpt:2)
INFO: [HLS 200-1995] There were 281 instructions in the design after the 'Performance (step 4)' phase of compilation. See the Design Size Report for more details (/nethome/shanda34/FPGA_ECE8893_SJH/2026_Spring/lab2/project_1/hls/syn/report/csynth_design_size.rpt:2)
INFO: [HLS 200-1995] There were 285 instructions in the design after the 'HW Transforms (step 1)' phase of compilation. See the Design Size Report for more details (/nethome/shanda34/FPGA_ECE8893_SJH/2026_Spring/lab2/project_1/hls/syn/report/csynth_design_size.rpt:2)
INFO: [HLS 200-1995] There were 321 instructions in the design after the 'HW Transforms (step 2)' phase of compilation. See the Design Size Report for more details (/nethome/shanda34/FPGA_ECE8893_SJH/2026_Spring/lab2/project_1/hls/syn/report/csynth_design_size.rpt:2)
INFO: [HLS 214-241] Aggregating maxi variable 'A_out' with compact=none mode in 32-bits
INFO: [HLS 214-241] Aggregating maxi variable 'A_in' with compact=none mode in 32-bits
INFO: [HLS 214-115] Multiple burst reads of length 65536 and bit width 32 in loop 'read_input'(top.cpp:28:5) has been inferred on bundle 'A_in'. These burst requests might be further partitioned into multiple requests during RTL generation, based on max_read_burst_length or max_write_burst_length settings. (top.cpp:28:5)
INFO: [HLS 214-115] Multiple burst writes of length 65536 and bit width 32 in loop 'write_output'(top.cpp:76:5) has been inferred on bundle 'A_out'. These burst requests might be further partitioned into multiple requests during RTL generation, based on max_read_burst_length or max_write_burst_length settings. (top.cpp:76:5)
INFO: [HLS 214-455] Changing loop 'Loop_read_input_proc' (top.cpp:28:5) to a process function for dataflow in function 'top_kernel' (top.cpp:28:5)
INFO: [HLS 214-455] Changing loop 'Loop_compute_proc' (top.cpp:36:5) to a process function for dataflow in function 'top_kernel' (top.cpp:36:5)
INFO: [HLS 214-455] Changing loop 'Loop_write_output_proc' (top.cpp:76:5) to a process function for dataflow in function 'top_kernel' (top.cpp:76:5)
WARNING: [HLS 214-475] Merging processes 'Loop_compute_proc' and 'Loop_read_input_proc' in function 'top_kernel' due to writes on 'top_kernel(ap_fixed<24, 8, (ap_q_mode)0, (ap_o_mode)0, 0> const (*) [256], ap_fixed<24, 8, (ap_q_mode)0, (ap_o_mode)0, 0> (*) [256])::cur' (top.cpp:11:0)
INFO: [HLS 200-111] Finished Compiling Optimization and Transform: CPU user time: 4.42 seconds. CPU system time: 0.91 seconds. Elapsed time: 9.46 seconds; current allocated memory: 0.000 MB.
INFO: [HLS 200-111] Finished Checking Pragmas: CPU user time: 0 seconds. CPU system time: 0 seconds. Elapsed time: 0 seconds; current allocated memory: 0.000 MB.
INFO: [HLS 200-10] Starting code transformations ...
INFO: [HLS 200-111] Finished Standard Transforms: CPU user time: 0.03 seconds. CPU system time: 0 seconds. Elapsed time: 0.05 seconds; current allocated memory: 0.000 MB.
INFO: [HLS 200-10] Checking synthesizability ...
INFO: [HLS 200-111] Finished Checking Synthesizability: CPU user time: 0.03 seconds. CPU system time: 0.01 seconds. Elapsed time: 0.04 seconds; current allocated memory: 0.000 MB.
ERROR: [HLS 200-968] Internal global variable 'cur' failed dataflow checking: it can only be read in one process function.
INFO: [HLS 200-992] Internal global variable 'cur' has read and write operations in process function 'Block_entry_proc' (top.cpp:28:30) (around top.cpp:28).
Resolution: For help on HLS 200-992 see docs.xilinx.com/access/sources/dita/topic?Doc_Version=2025.1%20English&url=ug1448-hls-guidance&resourceid=200-992.html
INFO: [HLS 200-992] Internal global variable 'cur' has read operations in process function 'Loop_write_output_proc' (top.cpp:76:26) (around top.cpp:76).
Resolution: For help on HLS 200-992 see docs.xilinx.com/access/sources/dita/topic?Doc_Version=2025.1%20English&url=ug1448-hls-guidance&resourceid=200-992.html
ERROR: [HLS 200-1715] Encountered problem during source synthesis
ERROR: [HLS 200-70] Pre-synthesis failed.
INFO: [HLS 200-2161] Finished Command csynth_design Elapsed time: 00:00:24; Allocated memory: 0.000 MB.
command 'ap_source' returned error code
    while executing
"source /nethome/shanda34/FPGA_ECE8893_SJH/2026_Spring/lab2/script.tcl"
    ("uplevel" body line 1)
    invoked from within
"uplevel \#0 [list source $tclfile] "

INFO: [HLS 200-112] Total CPU user time: 15.2 seconds. Total CPU system time: 3.79 seconds. Total elapsed time: 34.79 seconds; peak allocated memory: 0.000 MB.
INFO: [vitis-run 60-1662] Stopping dispatch session having empty uuid.
