

================================================================
== Vitis HLS Report for 'compute_Pipeline_VITIS_LOOP_35_1_VITIS_LOOP_36_2'
================================================================
* Date:           Fri Feb 20 11:31:00 2026

* Version:        2025.1.1 (Build 6214317 on Sep 11 2025)
* Project:        project_1
* Solution:       hls (Vivado IP Flow Target)
* Product family: zynquplus
* Target device:  xczu3eg-sbva484-1-e


================================================================
== Performance Estimates
================================================================
+ Timing: 
    * Summary: 
    +--------+----------+----------+------------+
    |  Clock |  Target  | Estimated| Uncertainty|
    +--------+----------+----------+------------+
    |ap_clk  |  10.00 ns|  3.746 ns|     2.70 ns|
    +--------+----------+----------+------------+

+ Latency: 
    * Summary: 
    +---------+---------+----------+----------+-------+-------+------------------------------------------------+
    |  Latency (cycles) |  Latency (absolute) |    Interval   |                    Pipeline                    |
    |   min   |   max   |    min   |    max   |  min  |  max  |                      Type                      |
    +---------+---------+----------+----------+-------+-------+------------------------------------------------+
    |    65538|    65538|  0.655 ms|  0.655 ms|  65537|  65537|  loop auto-rewind stp (delay=0 clock cycles(s))|
    +---------+---------+----------+----------+-------+-------+------------------------------------------------+

    + Detail: 
        * Instance: 
        N/A

        * Loop: 
        +-----------------------------------+---------+---------+----------+-----------+-----------+-------+----------+
        |                                   |  Latency (cycles) | Iteration|  Initiation Interval  |  Trip |          |
        |             Loop Name             |   min   |   max   |  Latency |  achieved |   target  | Count | Pipelined|
        +-----------------------------------+---------+---------+----------+-----------+-----------+-------+----------+
        |- VITIS_LOOP_35_1_VITIS_LOOP_36_2  |    65536|    65536|         2|          1|          1|  65536|       yes|
        +-----------------------------------+---------+---------+----------+-----------+-----------+-------+----------+



================================================================
== Utilization Estimates
================================================================
* Summary: 
+-----------------+---------+-----+--------+-------+-----+
|       Name      | BRAM_18K| DSP |   FF   |  LUT  | URAM|
+-----------------+---------+-----+--------+-------+-----+
|DSP              |        -|    -|       -|      -|    -|
|Expression       |        -|    -|       0|    141|    -|
|FIFO             |        -|    -|       -|      -|    -|
|Instance         |        -|    -|       -|      -|    -|
|Memory           |        -|    -|       -|      -|    -|
|Multiplexer      |        -|    -|       0|     63|    -|
|Register         |        -|    -|      38|      -|    -|
+-----------------+---------+-----+--------+-------+-----+
|Total            |        0|    0|      38|    204|    0|
+-----------------+---------+-----+--------+-------+-----+
|Available        |      432|  360|  141120|  70560|    0|
+-----------------+---------+-----+--------+-------+-----+
|Utilization (%)  |        0|    0|      ~0|     ~0|    0|
+-----------------+---------+-----+--------+-------+-----+

+ Detail: 
    * Instance: 
    N/A

    * DSP: 
    N/A

    * Memory: 
    N/A

    * FIFO: 
    N/A

    * Expression: 
    +---------------------------+----------+----+---+----+------------+------------+
    |       Variable Name       | Operation| DSP| FF| LUT| Bitwidth P0| Bitwidth P1|
    +---------------------------+----------+----+---+----+------------+------------+
    |add_ln35_1_fu_102_p2       |         +|   0|  0|  24|          17|           1|
    |add_ln35_fu_119_p2         |         +|   0|  0|  16|           9|           1|
    |add_ln36_fu_174_p2         |         +|   0|  0|  16|           9|           1|
    |add_ln38_fu_163_p2         |         +|   0|  0|  23|          16|          16|
    |ap_block_pp0_stage0_11001  |       and|   0|  0|   2|           1|           1|
    |icmp_ln35_fu_96_p2         |      icmp|   0|  0|  25|          17|          18|
    |icmp_ln36_fu_125_p2        |      icmp|   0|  0|  17|           9|          10|
    |select_ln35_1_fu_139_p3    |    select|   0|  0|   8|           1|           9|
    |select_ln35_fu_131_p3      |    select|   0|  0|   8|           1|           1|
    |ap_enable_pp0              |       xor|   0|  0|   2|           1|           2|
    +---------------------------+----------+----+---+----+------------+------------+
    |Total                      |          |   0|  0| 141|          81|          60|
    +---------------------------+----------+----+---+----+------------+------------+

    * Multiplexer: 
    +--------------------------------------+----+-----------+-----+-----------+
    |                 Name                 | LUT| Input Size| Bits| Total Bits|
    +--------------------------------------+----+-----------+-----+-----------+
    |ap_done_int                           |   9|          2|    1|          2|
    |ap_enable_reg_pp0_iter1               |   9|          2|    1|          2|
    |ap_sig_allocacmp_indvar_flatten_load  |   9|          2|   17|         34|
    |grid_initial_blk_n                    |   9|          2|    1|          2|
    |i_fu_50                               |   9|          2|    9|         18|
    |indvar_flatten_fu_54                  |   9|          2|   17|         34|
    |j_fu_46                               |   9|          2|    9|         18|
    +--------------------------------------+----+-----------+-----+-----------+
    |Total                                 |  63|         14|   55|        110|
    +--------------------------------------+----+-----------+-----+-----------+

    * Register: 
    +-------------------------+----+----+-----+-----------+
    |           Name          | FF | LUT| Bits| Const Bits|
    +-------------------------+----+----+-----+-----------+
    |ap_CS_fsm                |   1|   0|    1|          0|
    |ap_done_reg              |   1|   0|    1|          0|
    |ap_enable_reg_pp0_iter1  |   1|   0|    1|          0|
    |i_fu_50                  |   9|   0|    9|          0|
    |indvar_flatten_fu_54     |  17|   0|   17|          0|
    |j_fu_46                  |   9|   0|    9|          0|
    +-------------------------+----+----+-----+-----------+
    |Total                    |  38|   0|   38|          0|
    +-------------------------+----+----+-----+-----------+



================================================================
== Interface
================================================================
* Summary: 
+-----------------------------+-----+-----+------------+--------------------------------------------------+--------------+
|          RTL Ports          | Dir | Bits|  Protocol  |                   Source Object                  |    C Type    |
+-----------------------------+-----+-----+------------+--------------------------------------------------+--------------+
|ap_clk                       |   in|    1|  ap_ctrl_hs|  compute_Pipeline_VITIS_LOOP_35_1_VITIS_LOOP_36_2|  return value|
|ap_rst                       |   in|    1|  ap_ctrl_hs|  compute_Pipeline_VITIS_LOOP_35_1_VITIS_LOOP_36_2|  return value|
|ap_start                     |   in|    1|  ap_ctrl_hs|  compute_Pipeline_VITIS_LOOP_35_1_VITIS_LOOP_36_2|  return value|
|ap_done                      |  out|    1|  ap_ctrl_hs|  compute_Pipeline_VITIS_LOOP_35_1_VITIS_LOOP_36_2|  return value|
|ap_idle                      |  out|    1|  ap_ctrl_hs|  compute_Pipeline_VITIS_LOOP_35_1_VITIS_LOOP_36_2|  return value|
|ap_ready                     |  out|    1|  ap_ctrl_hs|  compute_Pipeline_VITIS_LOOP_35_1_VITIS_LOOP_36_2|  return value|
|grid_initial_dout            |   in|   24|     ap_fifo|                                      grid_initial|       pointer|
|grid_initial_empty_n         |   in|    1|     ap_fifo|                                      grid_initial|       pointer|
|grid_initial_read            |  out|    1|     ap_fifo|                                      grid_initial|       pointer|
|grid_initial_num_data_valid  |   in|    3|     ap_fifo|                                      grid_initial|       pointer|
|grid_initial_fifo_cap        |   in|    3|     ap_fifo|                                      grid_initial|       pointer|
|cur_address0                 |  out|   16|   ap_memory|                                               cur|         array|
|cur_ce0                      |  out|    1|   ap_memory|                                               cur|         array|
|cur_we0                      |  out|    1|   ap_memory|                                               cur|         array|
|cur_d0                       |  out|   24|   ap_memory|                                               cur|         array|
+-----------------------------+-----+-----+------------+--------------------------------------------------+--------------+

============================================================
+ Verbose Summary: Synthesis Manager
============================================================
InlineROM: 1
ExposeGlobal: 0
============================================================
+ Verbose Summary: CDFG Model
============================================================
IsTopModel: 0
ResetActiveHigh: 1
IsCombinational: 2
IsDatapathOnly: 2
HasWiredReturn: 1
HasMFsm: 2
HasVarLatency: 1
IsPipeline: 0
IsRtlPipelined: 0
IsInstanceOverlapped: 0
IsDontTouch: 0
HasImplIP: 0
IsGatedGlobalClock: 0

+ Individual pipeline summary: 
  * Pipeline-0: initiation interval (II) = 1, depth = 2


============================================================
+ Verbose Summary: Schedule
============================================================
* Number of FSM states : 2
* Pipeline : 1
  Pipeline-0 : II = 1, D = 2, States = { 1 2 }
* Dataflow Pipeline: 0

* FSM state transitions: 
1 --> 2 
2 --> 

* FSM state operations: 

State 1 <SV = 0> <Delay = 2.00>
ST_1 : Operation 5 [1/1] (0.00ns)   --->   "%j = alloca i32 1" [top.cpp:36]   --->   Operation 5 'alloca' 'j' <Predicate = true> <Delay = 0.00>
ST_1 : Operation 6 [1/1] (0.00ns)   --->   "%i = alloca i32 1" [top.cpp:35]   --->   Operation 6 'alloca' 'i' <Predicate = true> <Delay = 0.00>
ST_1 : Operation 7 [1/1] (0.00ns)   --->   "%indvar_flatten = alloca i32 1"   --->   Operation 7 'alloca' 'indvar_flatten' <Predicate = true> <Delay = 0.00>
ST_1 : Operation 8 [1/1] (0.00ns)   --->   "%specinterface_ln0 = specinterface void @_ssdm_op_SpecInterface, i24 %grid_initial, void @empty_0, i32 0, i32 0, void @empty_15, i32 0, i32 0, void @empty_15, void @empty_15, void @empty_15, i32 0, i32 0, i32 0, i32 0, void @empty_15, void @empty_15, i32 4294967295, i32 0, i32 0"   --->   Operation 8 'specinterface' 'specinterface_ln0' <Predicate = true> <Delay = 0.00>
ST_1 : Operation 9 [1/1] (0.48ns)   --->   "%store_ln0 = store i17 0, i17 %indvar_flatten"   --->   Operation 9 'store' 'store_ln0' <Predicate = true> <Delay = 0.48>
ST_1 : Operation 10 [1/1] (0.48ns)   --->   "%store_ln35 = store i9 0, i9 %i" [top.cpp:35]   --->   Operation 10 'store' 'store_ln35' <Predicate = true> <Delay = 0.48>
ST_1 : Operation 11 [1/1] (0.48ns)   --->   "%store_ln36 = store i9 0, i9 %j" [top.cpp:36]   --->   Operation 11 'store' 'store_ln36' <Predicate = true> <Delay = 0.48>
ST_1 : Operation 12 [1/1] (0.00ns)   --->   "%br_ln35 = br void %for.inc" [top.cpp:35]   --->   Operation 12 'br' 'br_ln35' <Predicate = true> <Delay = 0.00>
ST_1 : Operation 13 [1/1] (0.00ns)   --->   "%indvar_flatten_load = load i17 %indvar_flatten" [top.cpp:35]   --->   Operation 13 'load' 'indvar_flatten_load' <Predicate = true> <Delay = 0.00>
ST_1 : Operation 14 [1/1] (1.02ns)   --->   "%icmp_ln35 = icmp_eq  i17 %indvar_flatten_load, i17 65536" [top.cpp:35]   --->   Operation 14 'icmp' 'icmp_ln35' <Predicate = true> <Delay = 1.02> <CoreInst = "Cmp">   --->   Core 9 'Cmp' <Latency = 0> <II = 1> <Delay = 1.03> <FuncUnit> <Opcode : 'seteq' 'setne' 'setle' 'setge' 'setlt' 'setgt'> <InPorts = 2> <OutPorts = 1>
ST_1 : Operation 15 [1/1] (1.02ns)   --->   "%add_ln35_1 = add i17 %indvar_flatten_load, i17 1" [top.cpp:35]   --->   Operation 15 'add' 'add_ln35_1' <Predicate = true> <Delay = 1.02> <CoreInst = "Adder">   --->   Core 1 'Adder' <Latency = 0> <II = 1> <Delay = 1.02> <FuncUnit> <Opcode : 'add' 'sub'> <InPorts = 2> <OutPorts = 1>
ST_1 : Operation 16 [1/1] (0.00ns)   --->   "%br_ln35 = br i1 %icmp_ln35, void %for.inc11, void %VITIS_LOOP_46_4.preheader.exitStub" [top.cpp:35]   --->   Operation 16 'br' 'br_ln35' <Predicate = true> <Delay = 0.00>
ST_1 : Operation 17 [1/1] (0.48ns)   --->   "%store_ln35 = store i17 %add_ln35_1, i17 %indvar_flatten" [top.cpp:35]   --->   Operation 17 'store' 'store_ln35' <Predicate = (!icmp_ln35)> <Delay = 0.48>
ST_1 : Operation 39 [1/1] (0.48ns)   --->   "%ret_ln0 = ret"   --->   Operation 39 'ret' 'ret_ln0' <Predicate = (icmp_ln35)> <Delay = 0.48>

State 2 <SV = 1> <Delay = 3.74>
ST_2 : Operation 18 [1/1] (0.00ns)   --->   "%j_load = load i9 %j" [top.cpp:36]   --->   Operation 18 'load' 'j_load' <Predicate = true> <Delay = 0.00>
ST_2 : Operation 19 [1/1] (0.00ns)   --->   "%i_load = load i9 %i" [top.cpp:35]   --->   Operation 19 'load' 'i_load' <Predicate = true> <Delay = 0.00>
ST_2 : Operation 20 [1/1] (0.92ns)   --->   "%add_ln35 = add i9 %i_load, i9 1" [top.cpp:35]   --->   Operation 20 'add' 'add_ln35' <Predicate = true> <Delay = 0.92> <CoreInst = "Adder">   --->   Core 1 'Adder' <Latency = 0> <II = 1> <Delay = 0.92> <FuncUnit> <Opcode : 'add' 'sub'> <InPorts = 2> <OutPorts = 1>
ST_2 : Operation 21 [1/1] (0.00ns)   --->   "%specloopname_ln0 = specloopname void @_ssdm_op_SpecLoopName, void @VITIS_LOOP_35_1_VITIS_LOOP_36_2_str"   --->   Operation 21 'specloopname' 'specloopname_ln0' <Predicate = true> <Delay = 0.00>
ST_2 : Operation 22 [1/1] (0.00ns)   --->   "%speclooptripcount_ln0 = speclooptripcount void @_ssdm_op_SpecLoopTripCount, i64 65536, i64 65536, i64 65536"   --->   Operation 22 'speclooptripcount' 'speclooptripcount_ln0' <Predicate = true> <Delay = 0.00>
ST_2 : Operation 23 [1/1] (0.92ns)   --->   "%icmp_ln36 = icmp_eq  i9 %j_load, i9 256" [top.cpp:36]   --->   Operation 23 'icmp' 'icmp_ln36' <Predicate = true> <Delay = 0.92> <CoreInst = "Cmp">   --->   Core 9 'Cmp' <Latency = 0> <II = 1> <Delay = 0.93> <FuncUnit> <Opcode : 'seteq' 'setne' 'setle' 'setge' 'setlt' 'setgt'> <InPorts = 2> <OutPorts = 1>
ST_2 : Operation 24 [1/1] (0.45ns)   --->   "%select_ln35 = select i1 %icmp_ln36, i9 0, i9 %j_load" [top.cpp:35]   --->   Operation 24 'select' 'select_ln35' <Predicate = true> <Delay = 0.45> <CoreInst = "Sel">   --->   Core 73 'Sel' <Latency = 0> <II = 1> <Delay = 0.45> <FuncUnit> <Opcode : 'select'> <InPorts = 3> <OutPorts = 1>
ST_2 : Operation 25 [1/1] (0.45ns)   --->   "%select_ln35_1 = select i1 %icmp_ln36, i9 %add_ln35, i9 %i_load" [top.cpp:35]   --->   Operation 25 'select' 'select_ln35_1' <Predicate = true> <Delay = 0.45> <CoreInst = "Sel">   --->   Core 73 'Sel' <Latency = 0> <II = 1> <Delay = 0.45> <FuncUnit> <Opcode : 'select'> <InPorts = 3> <OutPorts = 1>
ST_2 : Operation 26 [1/1] (0.00ns)   --->   "%trunc_ln38 = trunc i9 %select_ln35_1" [top.cpp:38]   --->   Operation 26 'trunc' 'trunc_ln38' <Predicate = true> <Delay = 0.00>
ST_2 : Operation 27 [1/1] (0.00ns)   --->   "%tmp = bitconcatenate i16 @_ssdm_op_BitConcatenate.i16.i8.i8, i8 %trunc_ln38, i8 0" [top.cpp:38]   --->   Operation 27 'bitconcatenate' 'tmp' <Predicate = true> <Delay = 0.00>
ST_2 : Operation 28 [1/1] (0.00ns)   --->   "%zext_ln38 = zext i9 %select_ln35" [top.cpp:38]   --->   Operation 28 'zext' 'zext_ln38' <Predicate = true> <Delay = 0.00>
ST_2 : Operation 29 [1/1] (1.01ns)   --->   "%add_ln38 = add i16 %tmp, i16 %zext_ln38" [top.cpp:38]   --->   Operation 29 'add' 'add_ln38' <Predicate = true> <Delay = 1.01> <CoreInst = "Adder">   --->   Core 1 'Adder' <Latency = 0> <II = 1> <Delay = 1.01> <FuncUnit> <Opcode : 'add' 'sub'> <InPorts = 2> <OutPorts = 1>
ST_2 : Operation 30 [1/1] (0.00ns)   --->   "%zext_ln38_1 = zext i16 %add_ln38" [top.cpp:38]   --->   Operation 30 'zext' 'zext_ln38_1' <Predicate = true> <Delay = 0.00>
ST_2 : Operation 31 [1/1] (0.00ns)   --->   "%cur_addr = getelementptr i24 %cur, i64 0, i64 %zext_ln38_1" [top.cpp:38]   --->   Operation 31 'getelementptr' 'cur_addr' <Predicate = true> <Delay = 0.00>
ST_2 : Operation 32 [1/1] (0.00ns)   --->   "%specpipeline_ln37 = specpipeline void @_ssdm_op_SpecPipeline, i32 1, i32 0, i32 0, i32 0, void @empty_15" [top.cpp:37]   --->   Operation 32 'specpipeline' 'specpipeline_ln37' <Predicate = true> <Delay = 0.00>
ST_2 : Operation 33 [1/1] ( I:2.16ns O:2.16ns )   --->   "%grid_initial_read = read i24 @_ssdm_op_Read.ap_fifo.volatile.i24P0A, i24 %grid_initial" [top.cpp:38]   --->   Operation 33 'read' 'grid_initial_read' <Predicate = true> <Delay = 2.16> <CoreInst = "FIFO_SRL">   --->   Core 80 'FIFO_SRL' <Latency = 0> <II = 1> <Delay = 2.16> <Storage> <Opcode : 'read' 'write' 'nbread' 'nbwrite'> <Ports = 0> <Width = 24> <Depth = 2> <FIFO>
ST_2 : Operation 34 [1/1] ( I:1.35ns O:1.35ns )   --->   "%store_ln38 = store i24 %grid_initial_read, i16 %cur_addr" [top.cpp:38]   --->   Operation 34 'store' 'store_ln38' <Predicate = true> <Delay = 1.35> <CoreInst = "RAM">   --->   Core 82 'RAM' <Latency = 1> <II = 1> <Delay = 1.35> <Storage> <Opcode : 'load' 'store'> <Ports = 2> <Width = 24> <Depth = 65536> <RAM>
ST_2 : Operation 35 [1/1] (0.92ns)   --->   "%add_ln36 = add i9 %select_ln35, i9 1" [top.cpp:36]   --->   Operation 35 'add' 'add_ln36' <Predicate = true> <Delay = 0.92> <CoreInst = "Adder">   --->   Core 1 'Adder' <Latency = 0> <II = 1> <Delay = 0.92> <FuncUnit> <Opcode : 'add' 'sub'> <InPorts = 2> <OutPorts = 1>
ST_2 : Operation 36 [1/1] (0.48ns)   --->   "%store_ln35 = store i9 %select_ln35_1, i9 %i" [top.cpp:35]   --->   Operation 36 'store' 'store_ln35' <Predicate = true> <Delay = 0.48>
ST_2 : Operation 37 [1/1] (0.48ns)   --->   "%store_ln36 = store i9 %add_ln36, i9 %j" [top.cpp:36]   --->   Operation 37 'store' 'store_ln36' <Predicate = true> <Delay = 0.48>
ST_2 : Operation 38 [1/1] (0.00ns)   --->   "%br_ln36 = br void %for.inc" [top.cpp:36]   --->   Operation 38 'br' 'br_ln36' <Predicate = true> <Delay = 0.00>


============================================================
+ Verbose Summary: Binding
============================================================
STG Binding: 
---------------- STG Properties BEGIN ----------------
- Is combinational: 0
- Is one-state seq: 0
- Is datapath-only: 0
- Is pipelined: 0
- Is top level: 0
Port [ Return ] is wired: 1; IO mode=ap_ctrl_hs:ce=0
Port [ cur]:  wired=1; compound=1; hidden=0; nouse=0; global=0; static=0; extern=0; dir=1; type=1; pingpong=0; private_global=0; MemPort=[03]; IO mode=ap_memory:ce=0
Port [ grid_initial]:  wired=1; compound=1; hidden=0; nouse=0; global=0; static=0; extern=0; dir=0; type=3; pingpong=0; private_global=0; IO mode=ap_fifo:ce=0
---------------- STG Properties END ------------------

---------------- Datapath Model BEGIN ----------------

<LifeTime>
<method=bitvector/>
j                     (alloca           ) [ 011]
i                     (alloca           ) [ 011]
indvar_flatten        (alloca           ) [ 010]
specinterface_ln0     (specinterface    ) [ 000]
store_ln0             (store            ) [ 000]
store_ln35            (store            ) [ 000]
store_ln36            (store            ) [ 000]
br_ln35               (br               ) [ 000]
indvar_flatten_load   (load             ) [ 000]
icmp_ln35             (icmp             ) [ 010]
add_ln35_1            (add              ) [ 000]
br_ln35               (br               ) [ 000]
store_ln35            (store            ) [ 000]
j_load                (load             ) [ 000]
i_load                (load             ) [ 000]
add_ln35              (add              ) [ 000]
specloopname_ln0      (specloopname     ) [ 000]
speclooptripcount_ln0 (speclooptripcount) [ 000]
icmp_ln36             (icmp             ) [ 000]
select_ln35           (select           ) [ 000]
select_ln35_1         (select           ) [ 000]
trunc_ln38            (trunc            ) [ 000]
tmp                   (bitconcatenate   ) [ 000]
zext_ln38             (zext             ) [ 000]
add_ln38              (add              ) [ 000]
zext_ln38_1           (zext             ) [ 000]
cur_addr              (getelementptr    ) [ 000]
specpipeline_ln37     (specpipeline     ) [ 000]
grid_initial_read     (read             ) [ 000]
store_ln38            (store            ) [ 000]
add_ln36              (add              ) [ 000]
store_ln35            (store            ) [ 000]
store_ln36            (store            ) [ 000]
br_ln36               (br               ) [ 000]
ret_ln0               (ret              ) [ 000]
</LifeTime>

<model>

<comp_list>
<comp id="0" class="1000" name="cur">
<pin_list>
<pin id="1" dir="1" index="0" bw="1" slack="0"/>
</pin_list>
<bind>
<StgValue><ssdm name="cur"/><MemPortTyVec>0 3 </MemPortTyVec>
</StgValue>
</bind>
</comp>

<comp id="2" class="1000" name="grid_initial">
<pin_list>
<pin id="3" dir="1" index="0" bw="1" slack="0"/>
</pin_list>
<bind>
<StgValue><ssdm name="grid_initial"/></StgValue>
</bind>
</comp>

<comp id="4" class="1001" name="const_4">
<pin_list>
<pin id="5" dir="1" index="0" bw="1" slack="0"/>
</pin_list>
<bind>
<StgValue><ssdm name=""/></StgValue>
</bind>
</comp>

<comp id="6" class="1001" name="const_6">
<pin_list>
<pin id="7" dir="1" index="0" bw="1" slack="2147483647"/>
</pin_list>
<bind>
<StgValue><ssdm name="_ssdm_op_SpecInterface"/></StgValue>
</bind>
</comp>

<comp id="8" class="1001" name="const_8">
<pin_list>
<pin id="9" dir="1" index="0" bw="1" slack="2147483647"/>
</pin_list>
<bind>
<StgValue><ssdm name="empty_0"/></StgValue>
</bind>
</comp>

<comp id="10" class="1001" name="const_10">
<pin_list>
<pin id="11" dir="1" index="0" bw="1" slack="2147483647"/>
</pin_list>
<bind>
<StgValue><ssdm name=""/></StgValue>
</bind>
</comp>

<comp id="12" class="1001" name="const_12">
<pin_list>
<pin id="13" dir="1" index="0" bw="1" slack="2147483647"/>
</pin_list>
<bind>
<StgValue><ssdm name="empty_15"/></StgValue>
</bind>
</comp>

<comp id="14" class="1001" name="const_14">
<pin_list>
<pin id="15" dir="1" index="0" bw="1" slack="2147483647"/>
</pin_list>
<bind>
<StgValue><ssdm name=""/></StgValue>
</bind>
</comp>

<comp id="16" class="1001" name="const_16">
<pin_list>
<pin id="17" dir="1" index="0" bw="1" slack="0"/>
</pin_list>
<bind>
<StgValue><ssdm name=""/></StgValue>
</bind>
</comp>

<comp id="18" class="1001" name="const_18">
<pin_list>
<pin id="19" dir="1" index="0" bw="1" slack="0"/>
</pin_list>
<bind>
<StgValue><ssdm name=""/></StgValue>
</bind>
</comp>

<comp id="20" class="1001" name="const_20">
<pin_list>
<pin id="21" dir="1" index="0" bw="1" slack="0"/>
</pin_list>
<bind>
<StgValue><ssdm name=""/></StgValue>
</bind>
</comp>

<comp id="22" class="1001" name="const_22">
<pin_list>
<pin id="23" dir="1" index="0" bw="1" slack="0"/>
</pin_list>
<bind>
<StgValue><ssdm name=""/></StgValue>
</bind>
</comp>

<comp id="24" class="1001" name="const_24">
<pin_list>
<pin id="25" dir="1" index="0" bw="1" slack="0"/>
</pin_list>
<bind>
<StgValue><ssdm name=""/></StgValue>
</bind>
</comp>

<comp id="26" class="1001" name="const_26">
<pin_list>
<pin id="27" dir="1" index="0" bw="1" slack="2147483647"/>
</pin_list>
<bind>
<StgValue><ssdm name="_ssdm_op_SpecLoopName"/></StgValue>
</bind>
</comp>

<comp id="28" class="1001" name="const_28">
<pin_list>
<pin id="29" dir="1" index="0" bw="1" slack="2147483647"/>
</pin_list>
<bind>
<StgValue><ssdm name="VITIS_LOOP_35_1_VITIS_LOOP_36_2_str"/></StgValue>
</bind>
</comp>

<comp id="30" class="1001" name="const_30">
<pin_list>
<pin id="31" dir="1" index="0" bw="1" slack="2147483647"/>
</pin_list>
<bind>
<StgValue><ssdm name="_ssdm_op_SpecLoopTripCount"/></StgValue>
</bind>
</comp>

<comp id="32" class="1001" name="const_32">
<pin_list>
<pin id="33" dir="1" index="0" bw="1" slack="2147483647"/>
</pin_list>
<bind>
<StgValue><ssdm name=""/></StgValue>
</bind>
</comp>

<comp id="34" class="1001" name="const_34">
<pin_list>
<pin id="35" dir="1" index="0" bw="1" slack="0"/>
</pin_list>
<bind>
<StgValue><ssdm name=""/></StgValue>
</bind>
</comp>

<comp id="36" class="1001" name="const_36">
<pin_list>
<pin id="37" dir="1" index="0" bw="1" slack="0"/>
</pin_list>
<bind>
<StgValue><ssdm name="_ssdm_op_BitConcatenate.i16.i8.i8"/></StgValue>
</bind>
</comp>

<comp id="38" class="1001" name="const_38">
<pin_list>
<pin id="39" dir="1" index="0" bw="1" slack="0"/>
</pin_list>
<bind>
<StgValue><ssdm name=""/></StgValue>
</bind>
</comp>

<comp id="40" class="1001" name="const_40">
<pin_list>
<pin id="41" dir="1" index="0" bw="1" slack="0"/>
</pin_list>
<bind>
<StgValue><ssdm name=""/></StgValue>
</bind>
</comp>

<comp id="42" class="1001" name="const_42">
<pin_list>
<pin id="43" dir="1" index="0" bw="1" slack="2147483647"/>
</pin_list>
<bind>
<StgValue><ssdm name="_ssdm_op_SpecPipeline"/></StgValue>
</bind>
</comp>

<comp id="44" class="1001" name="const_44">
<pin_list>
<pin id="45" dir="1" index="0" bw="1" slack="0"/>
</pin_list>
<bind>
<StgValue><ssdm name="_ssdm_op_Read.ap_fifo.volatile.i24P0A"/></StgValue>
</bind>
</comp>

<comp id="46" class="1004" name="j_fu_46">
<pin_list>
<pin id="47" dir="0" index="0" bw="1" slack="0"/>
<pin id="48" dir="1" index="1" bw="9" slack="0"/>
</pin_list>
<bind>
<opcode="alloca(26) " fcode="alloca"/>
<opset="j/1 "/>
</bind>
</comp>

<comp id="50" class="1004" name="i_fu_50">
<pin_list>
<pin id="51" dir="0" index="0" bw="1" slack="0"/>
<pin id="52" dir="1" index="1" bw="9" slack="0"/>
</pin_list>
<bind>
<opcode="alloca(26) " fcode="alloca"/>
<opset="i/1 "/>
</bind>
</comp>

<comp id="54" class="1004" name="indvar_flatten_fu_54">
<pin_list>
<pin id="55" dir="0" index="0" bw="1" slack="0"/>
<pin id="56" dir="1" index="1" bw="17" slack="0"/>
</pin_list>
<bind>
<opcode="alloca(26) " fcode="alloca"/>
<opset="indvar_flatten/1 "/>
</bind>
</comp>

<comp id="58" class="1004" name="grid_initial_read_read_fu_58">
<pin_list>
<pin id="59" dir="0" index="0" bw="24" slack="0"/>
<pin id="60" dir="0" index="1" bw="24" slack="0"/>
<pin id="61" dir="1" index="2" bw="24" slack="0"/>
</pin_list>
<bind>
<opcode="read(1150) " fcode="read"/>
<opset="grid_initial_read/2 "/>
</bind>
</comp>

<comp id="64" class="1004" name="cur_addr_gep_fu_64">
<pin_list>
<pin id="65" dir="0" index="0" bw="24" slack="0"/>
<pin id="66" dir="0" index="1" bw="1" slack="0"/>
<pin id="67" dir="0" index="2" bw="16" slack="0"/>
<pin id="68" dir="1" index="3" bw="16" slack="0"/>
</pin_list>
<bind>
<opcode="getelementptr(29) " fcode="getelementptr"/>
<opset="cur_addr/2 "/>
</bind>
</comp>

<comp id="71" class="1004" name="store_ln38_access_fu_71">
<pin_list>
<pin id="72" dir="0" index="0" bw="16" slack="0"/>
<pin id="73" dir="0" index="1" bw="24" slack="0"/>
<pin id="74" dir="0" index="2" bw="0" slack="2147483647"/>
<pin id="75" dir="1" index="3" bw="24" slack="2147483647"/>
</pin_list>
<bind>
<opcode="store(28) " fcode="store"/>
<opset="store_ln38/2 "/>
</bind>
</comp>

<comp id="78" class="1004" name="store_ln0_store_fu_78">
<pin_list>
<pin id="79" dir="0" index="0" bw="1" slack="0"/>
<pin id="80" dir="0" index="1" bw="17" slack="0"/>
<pin id="81" dir="1" index="2" bw="0" slack="2147483647"/>
</pin_list>
<bind>
<opcode="store(28) " fcode="store"/>
<opset="store_ln0/1 "/>
</bind>
</comp>

<comp id="83" class="1004" name="store_ln35_store_fu_83">
<pin_list>
<pin id="84" dir="0" index="0" bw="1" slack="0"/>
<pin id="85" dir="0" index="1" bw="9" slack="0"/>
<pin id="86" dir="1" index="2" bw="0" slack="2147483647"/>
</pin_list>
<bind>
<opcode="store(28) " fcode="store"/>
<opset="store_ln35/1 "/>
</bind>
</comp>

<comp id="88" class="1004" name="store_ln36_store_fu_88">
<pin_list>
<pin id="89" dir="0" index="0" bw="1" slack="0"/>
<pin id="90" dir="0" index="1" bw="9" slack="0"/>
<pin id="91" dir="1" index="2" bw="0" slack="2147483647"/>
</pin_list>
<bind>
<opcode="store(28) " fcode="store"/>
<opset="store_ln36/1 "/>
</bind>
</comp>

<comp id="93" class="1004" name="indvar_flatten_load_load_fu_93">
<pin_list>
<pin id="94" dir="0" index="0" bw="17" slack="0"/>
<pin id="95" dir="1" index="1" bw="17" slack="0"/>
</pin_list>
<bind>
<opcode="load(27) " fcode="load"/>
<opset="indvar_flatten_load/1 "/>
</bind>
</comp>

<comp id="96" class="1004" name="icmp_ln35_fu_96">
<pin_list>
<pin id="97" dir="0" index="0" bw="17" slack="0"/>
<pin id="98" dir="0" index="1" bw="17" slack="0"/>
<pin id="99" dir="1" index="2" bw="1" slack="2147483647"/>
</pin_list>
<bind>
<opcode="icmp(45) " fcode="icmp"/>
<opset="icmp_ln35/1 "/>
</bind>
</comp>

<comp id="102" class="1004" name="add_ln35_1_fu_102">
<pin_list>
<pin id="103" dir="0" index="0" bw="17" slack="0"/>
<pin id="104" dir="0" index="1" bw="1" slack="0"/>
<pin id="105" dir="1" index="2" bw="17" slack="0"/>
</pin_list>
<bind>
<opcode="add(8) " fcode="add"/>
<opset="add_ln35_1/1 "/>
</bind>
</comp>

<comp id="108" class="1004" name="store_ln35_store_fu_108">
<pin_list>
<pin id="109" dir="0" index="0" bw="17" slack="0"/>
<pin id="110" dir="0" index="1" bw="17" slack="0"/>
<pin id="111" dir="1" index="2" bw="0" slack="2147483647"/>
</pin_list>
<bind>
<opcode="store(28) " fcode="store"/>
<opset="store_ln35/1 "/>
</bind>
</comp>

<comp id="113" class="1004" name="j_load_load_fu_113">
<pin_list>
<pin id="114" dir="0" index="0" bw="9" slack="1"/>
<pin id="115" dir="1" index="1" bw="9" slack="0"/>
</pin_list>
<bind>
<opcode="load(27) " fcode="load"/>
<opset="j_load/2 "/>
</bind>
</comp>

<comp id="116" class="1004" name="i_load_load_fu_116">
<pin_list>
<pin id="117" dir="0" index="0" bw="9" slack="1"/>
<pin id="118" dir="1" index="1" bw="9" slack="0"/>
</pin_list>
<bind>
<opcode="load(27) " fcode="load"/>
<opset="i_load/2 "/>
</bind>
</comp>

<comp id="119" class="1004" name="add_ln35_fu_119">
<pin_list>
<pin id="120" dir="0" index="0" bw="9" slack="0"/>
<pin id="121" dir="0" index="1" bw="1" slack="0"/>
<pin id="122" dir="1" index="2" bw="9" slack="0"/>
</pin_list>
<bind>
<opcode="add(8) " fcode="add"/>
<opset="add_ln35/2 "/>
</bind>
</comp>

<comp id="125" class="1004" name="icmp_ln36_fu_125">
<pin_list>
<pin id="126" dir="0" index="0" bw="9" slack="0"/>
<pin id="127" dir="0" index="1" bw="9" slack="0"/>
<pin id="128" dir="1" index="2" bw="1" slack="0"/>
</pin_list>
<bind>
<opcode="icmp(45) " fcode="icmp"/>
<opset="icmp_ln36/2 "/>
</bind>
</comp>

<comp id="131" class="1004" name="select_ln35_fu_131">
<pin_list>
<pin id="132" dir="0" index="0" bw="1" slack="0"/>
<pin id="133" dir="0" index="1" bw="9" slack="0"/>
<pin id="134" dir="0" index="2" bw="9" slack="0"/>
<pin id="135" dir="1" index="3" bw="9" slack="0"/>
</pin_list>
<bind>
<opcode="select(49) " fcode="select"/>
<opset="select_ln35/2 "/>
</bind>
</comp>

<comp id="139" class="1004" name="select_ln35_1_fu_139">
<pin_list>
<pin id="140" dir="0" index="0" bw="1" slack="0"/>
<pin id="141" dir="0" index="1" bw="9" slack="0"/>
<pin id="142" dir="0" index="2" bw="9" slack="0"/>
<pin id="143" dir="1" index="3" bw="9" slack="0"/>
</pin_list>
<bind>
<opcode="select(49) " fcode="select"/>
<opset="select_ln35_1/2 "/>
</bind>
</comp>

<comp id="147" class="1004" name="trunc_ln38_fu_147">
<pin_list>
<pin id="148" dir="0" index="0" bw="9" slack="0"/>
<pin id="149" dir="1" index="1" bw="8" slack="0"/>
</pin_list>
<bind>
<opcode="trunc(33) " fcode="trunc"/>
<opset="trunc_ln38/2 "/>
</bind>
</comp>

<comp id="151" class="1004" name="tmp_fu_151">
<pin_list>
<pin id="152" dir="0" index="0" bw="16" slack="0"/>
<pin id="153" dir="0" index="1" bw="8" slack="0"/>
<pin id="154" dir="0" index="2" bw="1" slack="0"/>
<pin id="155" dir="1" index="3" bw="16" slack="0"/>
</pin_list>
<bind>
<opcode="bitconcatenate(1004) " fcode="bitconcatenate"/>
<opset="tmp/2 "/>
</bind>
</comp>

<comp id="159" class="1004" name="zext_ln38_fu_159">
<pin_list>
<pin id="160" dir="0" index="0" bw="9" slack="0"/>
<pin id="161" dir="1" index="1" bw="16" slack="0"/>
</pin_list>
<bind>
<opcode="zext(34) " fcode="zext"/>
<opset="zext_ln38/2 "/>
</bind>
</comp>

<comp id="163" class="1004" name="add_ln38_fu_163">
<pin_list>
<pin id="164" dir="0" index="0" bw="16" slack="0"/>
<pin id="165" dir="0" index="1" bw="9" slack="0"/>
<pin id="166" dir="1" index="2" bw="16" slack="0"/>
</pin_list>
<bind>
<opcode="add(8) " fcode="add"/>
<opset="add_ln38/2 "/>
</bind>
</comp>

<comp id="169" class="1004" name="zext_ln38_1_fu_169">
<pin_list>
<pin id="170" dir="0" index="0" bw="16" slack="0"/>
<pin id="171" dir="1" index="1" bw="64" slack="0"/>
</pin_list>
<bind>
<opcode="zext(34) " fcode="zext"/>
<opset="zext_ln38_1/2 "/>
</bind>
</comp>

<comp id="174" class="1004" name="add_ln36_fu_174">
<pin_list>
<pin id="175" dir="0" index="0" bw="9" slack="0"/>
<pin id="176" dir="0" index="1" bw="1" slack="0"/>
<pin id="177" dir="1" index="2" bw="9" slack="0"/>
</pin_list>
<bind>
<opcode="add(8) " fcode="add"/>
<opset="add_ln36/2 "/>
</bind>
</comp>

<comp id="180" class="1004" name="store_ln35_store_fu_180">
<pin_list>
<pin id="181" dir="0" index="0" bw="9" slack="0"/>
<pin id="182" dir="0" index="1" bw="9" slack="1"/>
<pin id="183" dir="1" index="2" bw="0" slack="2147483647"/>
</pin_list>
<bind>
<opcode="store(28) " fcode="store"/>
<opset="store_ln35/2 "/>
</bind>
</comp>

<comp id="185" class="1004" name="store_ln36_store_fu_185">
<pin_list>
<pin id="186" dir="0" index="0" bw="9" slack="0"/>
<pin id="187" dir="0" index="1" bw="9" slack="1"/>
<pin id="188" dir="1" index="2" bw="0" slack="2147483647"/>
</pin_list>
<bind>
<opcode="store(28) " fcode="store"/>
<opset="store_ln36/2 "/>
</bind>
</comp>

<comp id="190" class="1005" name="j_reg_190">
<pin_list>
<pin id="191" dir="0" index="0" bw="9" slack="0"/>
<pin id="192" dir="1" index="1" bw="9" slack="0"/>
</pin_list>
<bind>
<opset="j "/>
</bind>
</comp>

<comp id="197" class="1005" name="i_reg_197">
<pin_list>
<pin id="198" dir="0" index="0" bw="9" slack="0"/>
<pin id="199" dir="1" index="1" bw="9" slack="0"/>
</pin_list>
<bind>
<opset="i "/>
</bind>
</comp>

<comp id="204" class="1005" name="indvar_flatten_reg_204">
<pin_list>
<pin id="205" dir="0" index="0" bw="17" slack="0"/>
<pin id="206" dir="1" index="1" bw="17" slack="0"/>
</pin_list>
<bind>
<opset="indvar_flatten "/>
</bind>
</comp>

</comp_list>

<net_list>
<net id="49"><net_src comp="4" pin="0"/><net_sink comp="46" pin=0"/></net>

<net id="53"><net_src comp="4" pin="0"/><net_sink comp="50" pin=0"/></net>

<net id="57"><net_src comp="4" pin="0"/><net_sink comp="54" pin=0"/></net>

<net id="62"><net_src comp="44" pin="0"/><net_sink comp="58" pin=0"/></net>

<net id="63"><net_src comp="2" pin="0"/><net_sink comp="58" pin=1"/></net>

<net id="69"><net_src comp="0" pin="0"/><net_sink comp="64" pin=0"/></net>

<net id="70"><net_src comp="40" pin="0"/><net_sink comp="64" pin=1"/></net>

<net id="76"><net_src comp="58" pin="2"/><net_sink comp="71" pin=1"/></net>

<net id="77"><net_src comp="64" pin="3"/><net_sink comp="71" pin=0"/></net>

<net id="82"><net_src comp="16" pin="0"/><net_sink comp="78" pin=0"/></net>

<net id="87"><net_src comp="18" pin="0"/><net_sink comp="83" pin=0"/></net>

<net id="92"><net_src comp="18" pin="0"/><net_sink comp="88" pin=0"/></net>

<net id="100"><net_src comp="93" pin="1"/><net_sink comp="96" pin=0"/></net>

<net id="101"><net_src comp="20" pin="0"/><net_sink comp="96" pin=1"/></net>

<net id="106"><net_src comp="93" pin="1"/><net_sink comp="102" pin=0"/></net>

<net id="107"><net_src comp="22" pin="0"/><net_sink comp="102" pin=1"/></net>

<net id="112"><net_src comp="102" pin="2"/><net_sink comp="108" pin=0"/></net>

<net id="123"><net_src comp="116" pin="1"/><net_sink comp="119" pin=0"/></net>

<net id="124"><net_src comp="24" pin="0"/><net_sink comp="119" pin=1"/></net>

<net id="129"><net_src comp="113" pin="1"/><net_sink comp="125" pin=0"/></net>

<net id="130"><net_src comp="34" pin="0"/><net_sink comp="125" pin=1"/></net>

<net id="136"><net_src comp="125" pin="2"/><net_sink comp="131" pin=0"/></net>

<net id="137"><net_src comp="18" pin="0"/><net_sink comp="131" pin=1"/></net>

<net id="138"><net_src comp="113" pin="1"/><net_sink comp="131" pin=2"/></net>

<net id="144"><net_src comp="125" pin="2"/><net_sink comp="139" pin=0"/></net>

<net id="145"><net_src comp="119" pin="2"/><net_sink comp="139" pin=1"/></net>

<net id="146"><net_src comp="116" pin="1"/><net_sink comp="139" pin=2"/></net>

<net id="150"><net_src comp="139" pin="3"/><net_sink comp="147" pin=0"/></net>

<net id="156"><net_src comp="36" pin="0"/><net_sink comp="151" pin=0"/></net>

<net id="157"><net_src comp="147" pin="1"/><net_sink comp="151" pin=1"/></net>

<net id="158"><net_src comp="38" pin="0"/><net_sink comp="151" pin=2"/></net>

<net id="162"><net_src comp="131" pin="3"/><net_sink comp="159" pin=0"/></net>

<net id="167"><net_src comp="151" pin="3"/><net_sink comp="163" pin=0"/></net>

<net id="168"><net_src comp="159" pin="1"/><net_sink comp="163" pin=1"/></net>

<net id="172"><net_src comp="163" pin="2"/><net_sink comp="169" pin=0"/></net>

<net id="173"><net_src comp="169" pin="1"/><net_sink comp="64" pin=2"/></net>

<net id="178"><net_src comp="131" pin="3"/><net_sink comp="174" pin=0"/></net>

<net id="179"><net_src comp="24" pin="0"/><net_sink comp="174" pin=1"/></net>

<net id="184"><net_src comp="139" pin="3"/><net_sink comp="180" pin=0"/></net>

<net id="189"><net_src comp="174" pin="2"/><net_sink comp="185" pin=0"/></net>

<net id="193"><net_src comp="46" pin="1"/><net_sink comp="190" pin=0"/></net>

<net id="194"><net_src comp="190" pin="1"/><net_sink comp="88" pin=1"/></net>

<net id="195"><net_src comp="190" pin="1"/><net_sink comp="113" pin=0"/></net>

<net id="196"><net_src comp="190" pin="1"/><net_sink comp="185" pin=1"/></net>

<net id="200"><net_src comp="50" pin="1"/><net_sink comp="197" pin=0"/></net>

<net id="201"><net_src comp="197" pin="1"/><net_sink comp="83" pin=1"/></net>

<net id="202"><net_src comp="197" pin="1"/><net_sink comp="116" pin=0"/></net>

<net id="203"><net_src comp="197" pin="1"/><net_sink comp="180" pin=1"/></net>

<net id="207"><net_src comp="54" pin="1"/><net_sink comp="204" pin=0"/></net>

<net id="208"><net_src comp="204" pin="1"/><net_sink comp="78" pin=1"/></net>

<net id="209"><net_src comp="204" pin="1"/><net_sink comp="93" pin=0"/></net>

<net id="210"><net_src comp="204" pin="1"/><net_sink comp="108" pin=1"/></net>

</net_list>

</model> 
---------------- Datapath Model END ------------------

* FSMD analyzer results:
  - Output states:
	Port: cur | {2 }
	Port: grid_initial | {}
 - Input state : 
	Port: compute_Pipeline_VITIS_LOOP_35_1_VITIS_LOOP_36_2 : grid_initial | {2 }
  - Chain level:
	State 1
		store_ln0 : 1
		store_ln35 : 1
		store_ln36 : 1
		indvar_flatten_load : 1
		icmp_ln35 : 2
		add_ln35_1 : 2
		br_ln35 : 3
		store_ln35 : 3
	State 2
		add_ln35 : 1
		icmp_ln36 : 1
		select_ln35 : 2
		select_ln35_1 : 2
		trunc_ln38 : 3
		tmp : 4
		zext_ln38 : 3
		add_ln38 : 5
		zext_ln38_1 : 6
		cur_addr : 7
		store_ln38 : 8
		add_ln36 : 3
		store_ln35 : 3
		store_ln36 : 4


============================================================
+ Verbose Summary: Datapath Resource usage 
============================================================

* Functional unit list:
|----------|------------------------------|---------|---------|
| Operation|        Functional Unit       |    FF   |   LUT   |
|----------|------------------------------|---------|---------|
|          |       add_ln35_1_fu_102      |    0    |    24   |
|    add   |        add_ln35_fu_119       |    0    |    16   |
|          |        add_ln38_fu_163       |    0    |    23   |
|          |        add_ln36_fu_174       |    0    |    16   |
|----------|------------------------------|---------|---------|
|   icmp   |        icmp_ln35_fu_96       |    0    |    24   |
|          |       icmp_ln36_fu_125       |    0    |    16   |
|----------|------------------------------|---------|---------|
|  select  |      select_ln35_fu_131      |    0    |    8    |
|          |     select_ln35_1_fu_139     |    0    |    8    |
|----------|------------------------------|---------|---------|
|   read   | grid_initial_read_read_fu_58 |    0    |    0    |
|----------|------------------------------|---------|---------|
|   trunc  |       trunc_ln38_fu_147      |    0    |    0    |
|----------|------------------------------|---------|---------|
|bitconcatenate|          tmp_fu_151          |    0    |    0    |
|----------|------------------------------|---------|---------|
|   zext   |       zext_ln38_fu_159       |    0    |    0    |
|          |      zext_ln38_1_fu_169      |    0    |    0    |
|----------|------------------------------|---------|---------|
|   Total  |                              |    0    |   135   |
|----------|------------------------------|---------|---------|

Memories:
N/A

* Register list:
+----------------------+--------+
|                      |   FF   |
+----------------------+--------+
|       i_reg_197      |    9   |
|indvar_flatten_reg_204|   17   |
|       j_reg_190      |    9   |
+----------------------+--------+
|         Total        |   35   |
+----------------------+--------+

* Multiplexer (MUX) list: 
|--------|------|------|------|--------|
|  Comp  |  Pin | Size |  BW  | S x BW |
|--------|------|------|------|--------|
|  Total |      |      |      |    0   |
|--------|------|------|------|--------|



* Summary:
+-----------+--------+--------+
|           |   FF   |   LUT  |
+-----------+--------+--------+
|  Function |    0   |   135  |
|   Memory  |    -   |    -   |
|Multiplexer|    -   |    -   |
|  Register |   35   |    -   |
+-----------+--------+--------+
|   Total   |   35   |   135  |
+-----------+--------+--------+
