

================================================================
== Vitis HLS Report for 'compute_Pipeline_VITIS_LOOP_106_9_VITIS_LOOP_107_10'
================================================================
* Date:           Fri Feb 20 11:31:00 2026

* Version:        2025.1.1 (Build 6214317 on Sep 11 2025)
* Project:        project_1
* Solution:       hls (Vivado IP Flow Target)
* Product family: zynquplus
* Target device:  xczu3eg-sbva484-1-e


================================================================
== Performance Estimates
================================================================
+ Timing: 
    * Summary: 
    +--------+----------+----------+------------+
    |  Clock |  Target  | Estimated| Uncertainty|
    +--------+----------+----------+------------+
    |ap_clk  |  10.00 ns|  3.746 ns|     2.70 ns|
    +--------+----------+----------+------------+

+ Latency: 
    * Summary: 
    +---------+---------+----------+----------+-------+-------+------------------------------------------------+
    |  Latency (cycles) |  Latency (absolute) |    Interval   |                    Pipeline                    |
    |   min   |   max   |    min   |    max   |  min  |  max  |                      Type                      |
    +---------+---------+----------+----------+-------+-------+------------------------------------------------+
    |    65538|    65538|  0.655 ms|  0.655 ms|  65537|  65537|  loop auto-rewind stp (delay=0 clock cycles(s))|
    +---------+---------+----------+----------+-------+-------+------------------------------------------------+

    + Detail: 
        * Instance: 
        N/A

        * Loop: 
        +--------------------------------------+---------+---------+----------+-----------+-----------+-------+----------+
        |                                      |  Latency (cycles) | Iteration|  Initiation Interval  |  Trip |          |
        |               Loop Name              |   min   |   max   |  Latency |  achieved |   target  | Count | Pipelined|
        +--------------------------------------+---------+---------+----------+-----------+-----------+-------+----------+
        |- VITIS_LOOP_106_9_VITIS_LOOP_107_10  |    65536|    65536|         2|          1|          1|  65536|       yes|
        +--------------------------------------+---------+---------+----------+-----------+-----------+-------+----------+



================================================================
== Utilization Estimates
================================================================
* Summary: 
+-----------------+---------+-----+--------+-------+-----+
|       Name      | BRAM_18K| DSP |   FF   |  LUT  | URAM|
+-----------------+---------+-----+--------+-------+-----+
|DSP              |        -|    -|       -|      -|    -|
|Expression       |        -|    -|       0|    139|    -|
|FIFO             |        -|    -|       -|      -|    -|
|Instance         |        -|    -|       -|      -|    -|
|Memory           |        -|    -|       -|      -|    -|
|Multiplexer      |        -|    -|       0|     54|    -|
|Register         |        -|    -|      55|      -|    -|
+-----------------+---------+-----+--------+-------+-----+
|Total            |        0|    0|      55|    193|    0|
+-----------------+---------+-----+--------+-------+-----+
|Available        |      432|  360|  141120|  70560|    0|
+-----------------+---------+-----+--------+-------+-----+
|Utilization (%)  |        0|    0|      ~0|     ~0|    0|
+-----------------+---------+-----+--------+-------+-----+

+ Detail: 
    * Instance: 
    N/A

    * DSP: 
    N/A

    * Memory: 
    N/A

    * FIFO: 
    N/A

    * Expression: 
    +--------------------------+----------+----+---+----+------------+------------+
    |       Variable Name      | Operation| DSP| FF| LUT| Bitwidth P0| Bitwidth P1|
    +--------------------------+----------+----+---+----+------------+------------+
    |add_ln106_1_fu_101_p2     |         +|   0|  0|  24|          17|           1|
    |add_ln106_fu_113_p2       |         +|   0|  0|  16|           9|           1|
    |add_ln107_fu_168_p2       |         +|   0|  0|  16|           9|           1|
    |add_ln109_fu_157_p2       |         +|   0|  0|  23|          16|          16|
    |icmp_ln106_fu_95_p2       |      icmp|   0|  0|  25|          17|          18|
    |icmp_ln107_fu_119_p2      |      icmp|   0|  0|  17|           9|          10|
    |select_ln106_1_fu_133_p3  |    select|   0|  0|   8|           1|           9|
    |select_ln106_fu_125_p3    |    select|   0|  0|   8|           1|           1|
    |ap_enable_pp0             |       xor|   0|  0|   2|           1|           2|
    +--------------------------+----------+----+---+----+------------+------------+
    |Total                     |          |   0|  0| 139|          80|          59|
    +--------------------------+----------+----+---+----+------------+------------+

    * Multiplexer: 
    +-------------------------+----+-----------+-----+-----------+
    |           Name          | LUT| Input Size| Bits| Total Bits|
    +-------------------------+----+-----------+-----+-----------+
    |ap_done_int              |   9|          2|    1|          2|
    |ap_enable_reg_pp0_iter1  |   9|          2|    1|          2|
    |ap_enable_reg_pp0_iter2  |   9|          2|    1|          2|
    |i_fu_42                  |   9|          2|    9|         18|
    |indvar_flatten13_fu_46   |   9|          2|   17|         34|
    |j_fu_38                  |   9|          2|    9|         18|
    +-------------------------+----+-----------+-----+-----------+
    |Total                    |  54|         12|   38|         76|
    +-------------------------+----+-----------+-----+-----------+

    * Register: 
    +-------------------------+----+----+-----+-----------+
    |           Name          | FF | LUT| Bits| Const Bits|
    +-------------------------+----+----+-----+-----------+
    |ap_CS_fsm                |   1|   0|    1|          0|
    |ap_done_reg              |   1|   0|    1|          0|
    |ap_enable_reg_pp0_iter1  |   1|   0|    1|          0|
    |ap_enable_reg_pp0_iter2  |   1|   0|    1|          0|
    |i_fu_42                  |   9|   0|    9|          0|
    |indvar_flatten13_fu_46   |  17|   0|   17|          0|
    |j_fu_38                  |   9|   0|    9|          0|
    |zext_ln109_1_reg_213     |  16|   0|   64|         48|
    +-------------------------+----+----+-----+-----------+
    |Total                    |  55|   0|  103|         48|
    +-------------------------+----+----+-----+-----------+



================================================================
== Interface
================================================================
* Summary: 
+--------------+-----+-----+------------+-----------------------------------------------------+--------------+
|   RTL Ports  | Dir | Bits|  Protocol  |                    Source Object                    |    C Type    |
+--------------+-----+-----+------------+-----------------------------------------------------+--------------+
|ap_clk        |   in|    1|  ap_ctrl_hs|  compute_Pipeline_VITIS_LOOP_106_9_VITIS_LOOP_107_10|  return value|
|ap_rst        |   in|    1|  ap_ctrl_hs|  compute_Pipeline_VITIS_LOOP_106_9_VITIS_LOOP_107_10|  return value|
|ap_start      |   in|    1|  ap_ctrl_hs|  compute_Pipeline_VITIS_LOOP_106_9_VITIS_LOOP_107_10|  return value|
|ap_done       |  out|    1|  ap_ctrl_hs|  compute_Pipeline_VITIS_LOOP_106_9_VITIS_LOOP_107_10|  return value|
|ap_idle       |  out|    1|  ap_ctrl_hs|  compute_Pipeline_VITIS_LOOP_106_9_VITIS_LOOP_107_10|  return value|
|ap_ready      |  out|    1|  ap_ctrl_hs|  compute_Pipeline_VITIS_LOOP_106_9_VITIS_LOOP_107_10|  return value|
|cur_address0  |  out|   16|   ap_memory|                                                  cur|         array|
|cur_ce0       |  out|    1|   ap_memory|                                                  cur|         array|
|cur_we0       |  out|    1|   ap_memory|                                                  cur|         array|
|cur_d0        |  out|   24|   ap_memory|                                                  cur|         array|
|nxt_address0  |  out|   16|   ap_memory|                                                  nxt|         array|
|nxt_ce0       |  out|    1|   ap_memory|                                                  nxt|         array|
|nxt_q0        |   in|   24|   ap_memory|                                                  nxt|         array|
+--------------+-----+-----+------------+-----------------------------------------------------+--------------+

============================================================
+ Verbose Summary: Synthesis Manager
============================================================
InlineROM: 1
ExposeGlobal: 0
============================================================
+ Verbose Summary: CDFG Model
============================================================
IsTopModel: 0
ResetActiveHigh: 1
IsCombinational: 2
IsDatapathOnly: 2
HasWiredReturn: 1
HasMFsm: 2
HasVarLatency: 1
IsPipeline: 0
IsRtlPipelined: 0
IsInstanceOverlapped: 0
IsDontTouch: 0
HasImplIP: 0
IsGatedGlobalClock: 0

+ Individual pipeline summary: 
  * Pipeline-0: initiation interval (II) = 1, depth = 3


============================================================
+ Verbose Summary: Schedule
============================================================
* Number of FSM states : 3
* Pipeline : 1
  Pipeline-0 : II = 1, D = 3, States = { 1 2 3 }
* Dataflow Pipeline: 0

* FSM state transitions: 
1 --> 2 
2 --> 3 
3 --> 

* FSM state operations: 

State 1 <SV = 0> <Delay = 0.48>
ST_1 : Operation 5 [1/1] (0.00ns)   --->   "%j = alloca i32 1" [top.cpp:107]   --->   Operation 5 'alloca' 'j' <Predicate = true> <Delay = 0.00>
ST_1 : Operation 6 [1/1] (0.00ns)   --->   "%i = alloca i32 1" [top.cpp:106]   --->   Operation 6 'alloca' 'i' <Predicate = true> <Delay = 0.00>
ST_1 : Operation 7 [1/1] (0.00ns)   --->   "%indvar_flatten13 = alloca i32 1"   --->   Operation 7 'alloca' 'indvar_flatten13' <Predicate = true> <Delay = 0.00>
ST_1 : Operation 8 [1/1] (0.48ns)   --->   "%store_ln0 = store i17 0, i17 %indvar_flatten13"   --->   Operation 8 'store' 'store_ln0' <Predicate = true> <Delay = 0.48>
ST_1 : Operation 9 [1/1] (0.48ns)   --->   "%store_ln106 = store i9 0, i9 %i" [top.cpp:106]   --->   Operation 9 'store' 'store_ln106' <Predicate = true> <Delay = 0.48>
ST_1 : Operation 10 [1/1] (0.48ns)   --->   "%store_ln107 = store i9 0, i9 %j" [top.cpp:107]   --->   Operation 10 'store' 'store_ln107' <Predicate = true> <Delay = 0.48>
ST_1 : Operation 11 [1/1] (0.00ns)   --->   "%br_ln0 = br void %for.inc179"   --->   Operation 11 'br' 'br_ln0' <Predicate = true> <Delay = 0.00>

State 2 <SV = 1> <Delay = 3.74>
ST_2 : Operation 12 [1/1] (0.00ns)   --->   "%indvar_flatten13_load = load i17 %indvar_flatten13" [top.cpp:106]   --->   Operation 12 'load' 'indvar_flatten13_load' <Predicate = true> <Delay = 0.00>
ST_2 : Operation 13 [1/1] (1.02ns)   --->   "%icmp_ln106 = icmp_eq  i17 %indvar_flatten13_load, i17 65536" [top.cpp:106]   --->   Operation 13 'icmp' 'icmp_ln106' <Predicate = true> <Delay = 1.02> <CoreInst = "Cmp">   --->   Core 9 'Cmp' <Latency = 0> <II = 1> <Delay = 1.03> <FuncUnit> <Opcode : 'seteq' 'setne' 'setle' 'setge' 'setlt' 'setgt'> <InPorts = 2> <OutPorts = 1>
ST_2 : Operation 14 [1/1] (1.02ns)   --->   "%add_ln106_1 = add i17 %indvar_flatten13_load, i17 1" [top.cpp:106]   --->   Operation 14 'add' 'add_ln106_1' <Predicate = true> <Delay = 1.02> <CoreInst = "Adder">   --->   Core 1 'Adder' <Latency = 0> <II = 1> <Delay = 1.02> <FuncUnit> <Opcode : 'add' 'sub'> <InPorts = 2> <OutPorts = 1>
ST_2 : Operation 15 [1/1] (0.00ns)   --->   "%br_ln106 = br i1 %icmp_ln106, void %for.inc182, void %for.inc185.exitStub" [top.cpp:106]   --->   Operation 15 'br' 'br_ln106' <Predicate = true> <Delay = 0.00>
ST_2 : Operation 16 [1/1] (0.00ns)   --->   "%j_load = load i9 %j" [top.cpp:107]   --->   Operation 16 'load' 'j_load' <Predicate = (!icmp_ln106)> <Delay = 0.00>
ST_2 : Operation 17 [1/1] (0.00ns)   --->   "%i_load = load i9 %i" [top.cpp:106]   --->   Operation 17 'load' 'i_load' <Predicate = (!icmp_ln106)> <Delay = 0.00>
ST_2 : Operation 18 [1/1] (0.92ns)   --->   "%add_ln106 = add i9 %i_load, i9 1" [top.cpp:106]   --->   Operation 18 'add' 'add_ln106' <Predicate = (!icmp_ln106)> <Delay = 0.92> <CoreInst = "Adder">   --->   Core 1 'Adder' <Latency = 0> <II = 1> <Delay = 0.92> <FuncUnit> <Opcode : 'add' 'sub'> <InPorts = 2> <OutPorts = 1>
ST_2 : Operation 19 [1/1] (0.92ns)   --->   "%icmp_ln107 = icmp_eq  i9 %j_load, i9 256" [top.cpp:107]   --->   Operation 19 'icmp' 'icmp_ln107' <Predicate = (!icmp_ln106)> <Delay = 0.92> <CoreInst = "Cmp">   --->   Core 9 'Cmp' <Latency = 0> <II = 1> <Delay = 0.93> <FuncUnit> <Opcode : 'seteq' 'setne' 'setle' 'setge' 'setlt' 'setgt'> <InPorts = 2> <OutPorts = 1>
ST_2 : Operation 20 [1/1] (0.45ns)   --->   "%select_ln106 = select i1 %icmp_ln107, i9 0, i9 %j_load" [top.cpp:106]   --->   Operation 20 'select' 'select_ln106' <Predicate = (!icmp_ln106)> <Delay = 0.45> <CoreInst = "Sel">   --->   Core 73 'Sel' <Latency = 0> <II = 1> <Delay = 0.45> <FuncUnit> <Opcode : 'select'> <InPorts = 3> <OutPorts = 1>
ST_2 : Operation 21 [1/1] (0.45ns)   --->   "%select_ln106_1 = select i1 %icmp_ln107, i9 %add_ln106, i9 %i_load" [top.cpp:106]   --->   Operation 21 'select' 'select_ln106_1' <Predicate = (!icmp_ln106)> <Delay = 0.45> <CoreInst = "Sel">   --->   Core 73 'Sel' <Latency = 0> <II = 1> <Delay = 0.45> <FuncUnit> <Opcode : 'select'> <InPorts = 3> <OutPorts = 1>
ST_2 : Operation 22 [1/1] (0.00ns)   --->   "%trunc_ln109 = trunc i9 %select_ln106_1" [top.cpp:109]   --->   Operation 22 'trunc' 'trunc_ln109' <Predicate = (!icmp_ln106)> <Delay = 0.00>
ST_2 : Operation 23 [1/1] (0.00ns)   --->   "%tmp_s = bitconcatenate i16 @_ssdm_op_BitConcatenate.i16.i8.i8, i8 %trunc_ln109, i8 0" [top.cpp:109]   --->   Operation 23 'bitconcatenate' 'tmp_s' <Predicate = (!icmp_ln106)> <Delay = 0.00>
ST_2 : Operation 24 [1/1] (0.00ns)   --->   "%zext_ln109 = zext i9 %select_ln106" [top.cpp:109]   --->   Operation 24 'zext' 'zext_ln109' <Predicate = (!icmp_ln106)> <Delay = 0.00>
ST_2 : Operation 25 [1/1] (1.01ns)   --->   "%add_ln109 = add i16 %tmp_s, i16 %zext_ln109" [top.cpp:109]   --->   Operation 25 'add' 'add_ln109' <Predicate = (!icmp_ln106)> <Delay = 1.01> <CoreInst = "Adder">   --->   Core 1 'Adder' <Latency = 0> <II = 1> <Delay = 1.01> <FuncUnit> <Opcode : 'add' 'sub'> <InPorts = 2> <OutPorts = 1>
ST_2 : Operation 26 [1/1] (0.00ns)   --->   "%zext_ln109_1 = zext i16 %add_ln109" [top.cpp:109]   --->   Operation 26 'zext' 'zext_ln109_1' <Predicate = (!icmp_ln106)> <Delay = 0.00>
ST_2 : Operation 27 [1/1] (0.00ns)   --->   "%nxt_addr = getelementptr i24 %nxt, i64 0, i64 %zext_ln109_1" [top.cpp:109]   --->   Operation 27 'getelementptr' 'nxt_addr' <Predicate = (!icmp_ln106)> <Delay = 0.00>
ST_2 : Operation 28 [2/2] (1.35ns)   --->   "%nxt_load = load i16 %nxt_addr" [top.cpp:109]   --->   Operation 28 'load' 'nxt_load' <Predicate = (!icmp_ln106)> <Delay = 1.35> <CoreInst = "RAM">   --->   Core 82 'RAM' <Latency = 1> <II = 1> <Delay = 1.35> <Storage> <Opcode : 'load' 'store'> <Ports = 2> <Width = 24> <Depth = 65536> <RAM>
ST_2 : Operation 29 [1/1] (0.92ns)   --->   "%add_ln107 = add i9 %select_ln106, i9 1" [top.cpp:107]   --->   Operation 29 'add' 'add_ln107' <Predicate = (!icmp_ln106)> <Delay = 0.92> <CoreInst = "Adder">   --->   Core 1 'Adder' <Latency = 0> <II = 1> <Delay = 0.92> <FuncUnit> <Opcode : 'add' 'sub'> <InPorts = 2> <OutPorts = 1>
ST_2 : Operation 30 [1/1] (0.48ns)   --->   "%store_ln106 = store i17 %add_ln106_1, i17 %indvar_flatten13" [top.cpp:106]   --->   Operation 30 'store' 'store_ln106' <Predicate = (!icmp_ln106)> <Delay = 0.48>
ST_2 : Operation 31 [1/1] (0.48ns)   --->   "%store_ln106 = store i9 %select_ln106_1, i9 %i" [top.cpp:106]   --->   Operation 31 'store' 'store_ln106' <Predicate = (!icmp_ln106)> <Delay = 0.48>
ST_2 : Operation 32 [1/1] (0.48ns)   --->   "%store_ln107 = store i9 %add_ln107, i9 %j" [top.cpp:107]   --->   Operation 32 'store' 'store_ln107' <Predicate = (!icmp_ln106)> <Delay = 0.48>
ST_2 : Operation 40 [1/1] (0.48ns)   --->   "%ret_ln0 = ret"   --->   Operation 40 'ret' 'ret_ln0' <Predicate = (icmp_ln106)> <Delay = 0.48>

State 3 <SV = 2> <Delay = 2.70>
ST_3 : Operation 33 [1/1] (0.00ns)   --->   "%specloopname_ln0 = specloopname void @_ssdm_op_SpecLoopName, void @VITIS_LOOP_106_9_VITIS_LOOP_107_10_str"   --->   Operation 33 'specloopname' 'specloopname_ln0' <Predicate = true> <Delay = 0.00>
ST_3 : Operation 34 [1/1] (0.00ns)   --->   "%speclooptripcount_ln0 = speclooptripcount void @_ssdm_op_SpecLoopTripCount, i64 65536, i64 65536, i64 65536"   --->   Operation 34 'speclooptripcount' 'speclooptripcount_ln0' <Predicate = true> <Delay = 0.00>
ST_3 : Operation 35 [1/1] (0.00ns)   --->   "%cur_addr = getelementptr i24 %cur, i64 0, i64 %zext_ln109_1" [top.cpp:109]   --->   Operation 35 'getelementptr' 'cur_addr' <Predicate = true> <Delay = 0.00>
ST_3 : Operation 36 [1/1] (0.00ns)   --->   "%specpipeline_ln108 = specpipeline void @_ssdm_op_SpecPipeline, i32 1, i32 0, i32 0, i32 0, void @empty_15" [top.cpp:108]   --->   Operation 36 'specpipeline' 'specpipeline_ln108' <Predicate = true> <Delay = 0.00>
ST_3 : Operation 37 [1/2] ( I:1.35ns O:1.35ns )   --->   "%nxt_load = load i16 %nxt_addr" [top.cpp:109]   --->   Operation 37 'load' 'nxt_load' <Predicate = true> <Delay = 1.35> <CoreInst = "RAM">   --->   Core 82 'RAM' <Latency = 1> <II = 1> <Delay = 1.35> <Storage> <Opcode : 'load' 'store'> <Ports = 2> <Width = 24> <Depth = 65536> <RAM>
ST_3 : Operation 38 [1/1] ( I:1.35ns O:1.35ns )   --->   "%store_ln109 = store i24 %nxt_load, i16 %cur_addr" [top.cpp:109]   --->   Operation 38 'store' 'store_ln109' <Predicate = true> <Delay = 1.35> <CoreInst = "RAM">   --->   Core 82 'RAM' <Latency = 1> <II = 1> <Delay = 1.35> <Storage> <Opcode : 'load' 'store'> <Ports = 2> <Width = 24> <Depth = 65536> <RAM>
ST_3 : Operation 39 [1/1] (0.00ns)   --->   "%br_ln107 = br void %for.inc179" [top.cpp:107]   --->   Operation 39 'br' 'br_ln107' <Predicate = true> <Delay = 0.00>


============================================================
+ Verbose Summary: Binding
============================================================
STG Binding: 
---------------- STG Properties BEGIN ----------------
- Is combinational: 0
- Is one-state seq: 0
- Is datapath-only: 0
- Is pipelined: 0
- Is top level: 0
Port [ Return ] is wired: 1; IO mode=ap_ctrl_hs:ce=0
Port [ cur]:  wired=1; compound=1; hidden=0; nouse=0; global=0; static=0; extern=0; dir=1; type=1; pingpong=0; private_global=0; MemPort=[03]; IO mode=ap_memory:ce=0
Port [ nxt]:  wired=1; compound=1; hidden=0; nouse=0; global=0; static=0; extern=0; dir=0; type=1; pingpong=0; private_global=0; MemPort=[13]; IO mode=ap_memory:ce=0
---------------- STG Properties END ------------------

---------------- Datapath Model BEGIN ----------------

<LifeTime>
<method=bitvector/>
j                     (alloca           ) [ 0110]
i                     (alloca           ) [ 0110]
indvar_flatten13      (alloca           ) [ 0110]
store_ln0             (store            ) [ 0000]
store_ln106           (store            ) [ 0000]
store_ln107           (store            ) [ 0000]
br_ln0                (br               ) [ 0000]
indvar_flatten13_load (load             ) [ 0000]
icmp_ln106            (icmp             ) [ 0110]
add_ln106_1           (add              ) [ 0000]
br_ln106              (br               ) [ 0000]
j_load                (load             ) [ 0000]
i_load                (load             ) [ 0000]
add_ln106             (add              ) [ 0000]
icmp_ln107            (icmp             ) [ 0000]
select_ln106          (select           ) [ 0000]
select_ln106_1        (select           ) [ 0000]
trunc_ln109           (trunc            ) [ 0000]
tmp_s                 (bitconcatenate   ) [ 0000]
zext_ln109            (zext             ) [ 0000]
add_ln109             (add              ) [ 0000]
zext_ln109_1          (zext             ) [ 0101]
nxt_addr              (getelementptr    ) [ 0101]
add_ln107             (add              ) [ 0000]
store_ln106           (store            ) [ 0000]
store_ln106           (store            ) [ 0000]
store_ln107           (store            ) [ 0000]
specloopname_ln0      (specloopname     ) [ 0000]
speclooptripcount_ln0 (speclooptripcount) [ 0000]
cur_addr              (getelementptr    ) [ 0000]
specpipeline_ln108    (specpipeline     ) [ 0000]
nxt_load              (load             ) [ 0000]
store_ln109           (store            ) [ 0000]
br_ln107              (br               ) [ 0000]
ret_ln0               (ret              ) [ 0000]
</LifeTime>

<model>

<comp_list>
<comp id="0" class="1000" name="cur">
<pin_list>
<pin id="1" dir="1" index="0" bw="1" slack="0"/>
</pin_list>
<bind>
<StgValue><ssdm name="cur"/><MemPortTyVec>0 3 </MemPortTyVec>
</StgValue>
</bind>
</comp>

<comp id="2" class="1000" name="nxt">
<pin_list>
<pin id="3" dir="1" index="0" bw="1" slack="0"/>
</pin_list>
<bind>
<StgValue><ssdm name="nxt"/><MemPortTyVec>1 3 </MemPortTyVec>
</StgValue>
</bind>
</comp>

<comp id="4" class="1001" name="const_4">
<pin_list>
<pin id="5" dir="1" index="0" bw="1" slack="0"/>
</pin_list>
<bind>
<StgValue><ssdm name=""/></StgValue>
</bind>
</comp>

<comp id="6" class="1001" name="const_6">
<pin_list>
<pin id="7" dir="1" index="0" bw="1" slack="0"/>
</pin_list>
<bind>
<StgValue><ssdm name=""/></StgValue>
</bind>
</comp>

<comp id="8" class="1001" name="const_8">
<pin_list>
<pin id="9" dir="1" index="0" bw="1" slack="0"/>
</pin_list>
<bind>
<StgValue><ssdm name=""/></StgValue>
</bind>
</comp>

<comp id="10" class="1001" name="const_10">
<pin_list>
<pin id="11" dir="1" index="0" bw="1" slack="0"/>
</pin_list>
<bind>
<StgValue><ssdm name=""/></StgValue>
</bind>
</comp>

<comp id="12" class="1001" name="const_12">
<pin_list>
<pin id="13" dir="1" index="0" bw="1" slack="0"/>
</pin_list>
<bind>
<StgValue><ssdm name=""/></StgValue>
</bind>
</comp>

<comp id="14" class="1001" name="const_14">
<pin_list>
<pin id="15" dir="1" index="0" bw="1" slack="0"/>
</pin_list>
<bind>
<StgValue><ssdm name=""/></StgValue>
</bind>
</comp>

<comp id="16" class="1001" name="const_16">
<pin_list>
<pin id="17" dir="1" index="0" bw="1" slack="0"/>
</pin_list>
<bind>
<StgValue><ssdm name=""/></StgValue>
</bind>
</comp>

<comp id="18" class="1001" name="const_18">
<pin_list>
<pin id="19" dir="1" index="0" bw="1" slack="0"/>
</pin_list>
<bind>
<StgValue><ssdm name="_ssdm_op_BitConcatenate.i16.i8.i8"/></StgValue>
</bind>
</comp>

<comp id="20" class="1001" name="const_20">
<pin_list>
<pin id="21" dir="1" index="0" bw="1" slack="0"/>
</pin_list>
<bind>
<StgValue><ssdm name=""/></StgValue>
</bind>
</comp>

<comp id="22" class="1001" name="const_22">
<pin_list>
<pin id="23" dir="1" index="0" bw="1" slack="0"/>
</pin_list>
<bind>
<StgValue><ssdm name=""/></StgValue>
</bind>
</comp>

<comp id="24" class="1001" name="const_24">
<pin_list>
<pin id="25" dir="1" index="0" bw="1" slack="2147483647"/>
</pin_list>
<bind>
<StgValue><ssdm name="_ssdm_op_SpecLoopName"/></StgValue>
</bind>
</comp>

<comp id="26" class="1001" name="const_26">
<pin_list>
<pin id="27" dir="1" index="0" bw="1" slack="2147483647"/>
</pin_list>
<bind>
<StgValue><ssdm name="VITIS_LOOP_106_9_VITIS_LOOP_107_10_str"/></StgValue>
</bind>
</comp>

<comp id="28" class="1001" name="const_28">
<pin_list>
<pin id="29" dir="1" index="0" bw="1" slack="2147483647"/>
</pin_list>
<bind>
<StgValue><ssdm name="_ssdm_op_SpecLoopTripCount"/></StgValue>
</bind>
</comp>

<comp id="30" class="1001" name="const_30">
<pin_list>
<pin id="31" dir="1" index="0" bw="1" slack="2147483647"/>
</pin_list>
<bind>
<StgValue><ssdm name=""/></StgValue>
</bind>
</comp>

<comp id="32" class="1001" name="const_32">
<pin_list>
<pin id="33" dir="1" index="0" bw="1" slack="2147483647"/>
</pin_list>
<bind>
<StgValue><ssdm name="_ssdm_op_SpecPipeline"/></StgValue>
</bind>
</comp>

<comp id="34" class="1001" name="const_34">
<pin_list>
<pin id="35" dir="1" index="0" bw="1" slack="2147483647"/>
</pin_list>
<bind>
<StgValue><ssdm name=""/></StgValue>
</bind>
</comp>

<comp id="36" class="1001" name="const_36">
<pin_list>
<pin id="37" dir="1" index="0" bw="1" slack="2147483647"/>
</pin_list>
<bind>
<StgValue><ssdm name="empty_15"/></StgValue>
</bind>
</comp>

<comp id="38" class="1004" name="j_fu_38">
<pin_list>
<pin id="39" dir="0" index="0" bw="1" slack="0"/>
<pin id="40" dir="1" index="1" bw="9" slack="0"/>
</pin_list>
<bind>
<opcode="alloca(26) " fcode="alloca"/>
<opset="j/1 "/>
</bind>
</comp>

<comp id="42" class="1004" name="i_fu_42">
<pin_list>
<pin id="43" dir="0" index="0" bw="1" slack="0"/>
<pin id="44" dir="1" index="1" bw="9" slack="0"/>
</pin_list>
<bind>
<opcode="alloca(26) " fcode="alloca"/>
<opset="i/1 "/>
</bind>
</comp>

<comp id="46" class="1004" name="indvar_flatten13_fu_46">
<pin_list>
<pin id="47" dir="0" index="0" bw="1" slack="0"/>
<pin id="48" dir="1" index="1" bw="17" slack="0"/>
</pin_list>
<bind>
<opcode="alloca(26) " fcode="alloca"/>
<opset="indvar_flatten13/1 "/>
</bind>
</comp>

<comp id="50" class="1004" name="nxt_addr_gep_fu_50">
<pin_list>
<pin id="51" dir="0" index="0" bw="24" slack="0"/>
<pin id="52" dir="0" index="1" bw="1" slack="0"/>
<pin id="53" dir="0" index="2" bw="16" slack="0"/>
<pin id="54" dir="1" index="3" bw="16" slack="0"/>
</pin_list>
<bind>
<opcode="getelementptr(29) " fcode="getelementptr"/>
<opset="nxt_addr/2 "/>
</bind>
</comp>

<comp id="57" class="1004" name="grp_access_fu_57">
<pin_list>
<pin id="58" dir="0" index="0" bw="16" slack="0"/>
<pin id="59" dir="0" index="1" bw="24" slack="2147483647"/>
<pin id="60" dir="0" index="2" bw="0" slack="2147483647"/>
<pin id="61" dir="1" index="3" bw="24" slack="0"/>
</pin_list>
<bind>
<opcode="load(27) " fcode="load"/>
<opset="nxt_load/2 "/>
</bind>
</comp>

<comp id="63" class="1004" name="cur_addr_gep_fu_63">
<pin_list>
<pin id="64" dir="0" index="0" bw="24" slack="0"/>
<pin id="65" dir="0" index="1" bw="1" slack="0"/>
<pin id="66" dir="0" index="2" bw="16" slack="1"/>
<pin id="67" dir="1" index="3" bw="16" slack="0"/>
</pin_list>
<bind>
<opcode="getelementptr(29) " fcode="getelementptr"/>
<opset="cur_addr/3 "/>
</bind>
</comp>

<comp id="70" class="1004" name="store_ln109_access_fu_70">
<pin_list>
<pin id="71" dir="0" index="0" bw="16" slack="0"/>
<pin id="72" dir="0" index="1" bw="24" slack="0"/>
<pin id="73" dir="0" index="2" bw="0" slack="2147483647"/>
<pin id="74" dir="1" index="3" bw="24" slack="2147483647"/>
</pin_list>
<bind>
<opcode="store(28) " fcode="store"/>
<opset="store_ln109/3 "/>
</bind>
</comp>

<comp id="77" class="1004" name="store_ln0_store_fu_77">
<pin_list>
<pin id="78" dir="0" index="0" bw="1" slack="0"/>
<pin id="79" dir="0" index="1" bw="17" slack="0"/>
<pin id="80" dir="1" index="2" bw="0" slack="2147483647"/>
</pin_list>
<bind>
<opcode="store(28) " fcode="store"/>
<opset="store_ln0/1 "/>
</bind>
</comp>

<comp id="82" class="1004" name="store_ln106_store_fu_82">
<pin_list>
<pin id="83" dir="0" index="0" bw="1" slack="0"/>
<pin id="84" dir="0" index="1" bw="9" slack="0"/>
<pin id="85" dir="1" index="2" bw="0" slack="2147483647"/>
</pin_list>
<bind>
<opcode="store(28) " fcode="store"/>
<opset="store_ln106/1 "/>
</bind>
</comp>

<comp id="87" class="1004" name="store_ln107_store_fu_87">
<pin_list>
<pin id="88" dir="0" index="0" bw="1" slack="0"/>
<pin id="89" dir="0" index="1" bw="9" slack="0"/>
<pin id="90" dir="1" index="2" bw="0" slack="2147483647"/>
</pin_list>
<bind>
<opcode="store(28) " fcode="store"/>
<opset="store_ln107/1 "/>
</bind>
</comp>

<comp id="92" class="1004" name="indvar_flatten13_load_load_fu_92">
<pin_list>
<pin id="93" dir="0" index="0" bw="17" slack="1"/>
<pin id="94" dir="1" index="1" bw="17" slack="0"/>
</pin_list>
<bind>
<opcode="load(27) " fcode="load"/>
<opset="indvar_flatten13_load/2 "/>
</bind>
</comp>

<comp id="95" class="1004" name="icmp_ln106_fu_95">
<pin_list>
<pin id="96" dir="0" index="0" bw="17" slack="0"/>
<pin id="97" dir="0" index="1" bw="17" slack="0"/>
<pin id="98" dir="1" index="2" bw="1" slack="2147483647"/>
</pin_list>
<bind>
<opcode="icmp(45) " fcode="icmp"/>
<opset="icmp_ln106/2 "/>
</bind>
</comp>

<comp id="101" class="1004" name="add_ln106_1_fu_101">
<pin_list>
<pin id="102" dir="0" index="0" bw="17" slack="0"/>
<pin id="103" dir="0" index="1" bw="1" slack="0"/>
<pin id="104" dir="1" index="2" bw="17" slack="0"/>
</pin_list>
<bind>
<opcode="add(8) " fcode="add"/>
<opset="add_ln106_1/2 "/>
</bind>
</comp>

<comp id="107" class="1004" name="j_load_load_fu_107">
<pin_list>
<pin id="108" dir="0" index="0" bw="9" slack="1"/>
<pin id="109" dir="1" index="1" bw="9" slack="0"/>
</pin_list>
<bind>
<opcode="load(27) " fcode="load"/>
<opset="j_load/2 "/>
</bind>
</comp>

<comp id="110" class="1004" name="i_load_load_fu_110">
<pin_list>
<pin id="111" dir="0" index="0" bw="9" slack="1"/>
<pin id="112" dir="1" index="1" bw="9" slack="0"/>
</pin_list>
<bind>
<opcode="load(27) " fcode="load"/>
<opset="i_load/2 "/>
</bind>
</comp>

<comp id="113" class="1004" name="add_ln106_fu_113">
<pin_list>
<pin id="114" dir="0" index="0" bw="9" slack="0"/>
<pin id="115" dir="0" index="1" bw="1" slack="0"/>
<pin id="116" dir="1" index="2" bw="9" slack="0"/>
</pin_list>
<bind>
<opcode="add(8) " fcode="add"/>
<opset="add_ln106/2 "/>
</bind>
</comp>

<comp id="119" class="1004" name="icmp_ln107_fu_119">
<pin_list>
<pin id="120" dir="0" index="0" bw="9" slack="0"/>
<pin id="121" dir="0" index="1" bw="9" slack="0"/>
<pin id="122" dir="1" index="2" bw="1" slack="0"/>
</pin_list>
<bind>
<opcode="icmp(45) " fcode="icmp"/>
<opset="icmp_ln107/2 "/>
</bind>
</comp>

<comp id="125" class="1004" name="select_ln106_fu_125">
<pin_list>
<pin id="126" dir="0" index="0" bw="1" slack="0"/>
<pin id="127" dir="0" index="1" bw="9" slack="0"/>
<pin id="128" dir="0" index="2" bw="9" slack="0"/>
<pin id="129" dir="1" index="3" bw="9" slack="0"/>
</pin_list>
<bind>
<opcode="select(49) " fcode="select"/>
<opset="select_ln106/2 "/>
</bind>
</comp>

<comp id="133" class="1004" name="select_ln106_1_fu_133">
<pin_list>
<pin id="134" dir="0" index="0" bw="1" slack="0"/>
<pin id="135" dir="0" index="1" bw="9" slack="0"/>
<pin id="136" dir="0" index="2" bw="9" slack="0"/>
<pin id="137" dir="1" index="3" bw="9" slack="0"/>
</pin_list>
<bind>
<opcode="select(49) " fcode="select"/>
<opset="select_ln106_1/2 "/>
</bind>
</comp>

<comp id="141" class="1004" name="trunc_ln109_fu_141">
<pin_list>
<pin id="142" dir="0" index="0" bw="9" slack="0"/>
<pin id="143" dir="1" index="1" bw="8" slack="0"/>
</pin_list>
<bind>
<opcode="trunc(33) " fcode="trunc"/>
<opset="trunc_ln109/2 "/>
</bind>
</comp>

<comp id="145" class="1004" name="tmp_s_fu_145">
<pin_list>
<pin id="146" dir="0" index="0" bw="16" slack="0"/>
<pin id="147" dir="0" index="1" bw="8" slack="0"/>
<pin id="148" dir="0" index="2" bw="1" slack="0"/>
<pin id="149" dir="1" index="3" bw="16" slack="0"/>
</pin_list>
<bind>
<opcode="bitconcatenate(1004) " fcode="bitconcatenate"/>
<opset="tmp_s/2 "/>
</bind>
</comp>

<comp id="153" class="1004" name="zext_ln109_fu_153">
<pin_list>
<pin id="154" dir="0" index="0" bw="9" slack="0"/>
<pin id="155" dir="1" index="1" bw="16" slack="0"/>
</pin_list>
<bind>
<opcode="zext(34) " fcode="zext"/>
<opset="zext_ln109/2 "/>
</bind>
</comp>

<comp id="157" class="1004" name="add_ln109_fu_157">
<pin_list>
<pin id="158" dir="0" index="0" bw="16" slack="0"/>
<pin id="159" dir="0" index="1" bw="9" slack="0"/>
<pin id="160" dir="1" index="2" bw="16" slack="0"/>
</pin_list>
<bind>
<opcode="add(8) " fcode="add"/>
<opset="add_ln109/2 "/>
</bind>
</comp>

<comp id="163" class="1004" name="zext_ln109_1_fu_163">
<pin_list>
<pin id="164" dir="0" index="0" bw="16" slack="0"/>
<pin id="165" dir="1" index="1" bw="64" slack="0"/>
</pin_list>
<bind>
<opcode="zext(34) " fcode="zext"/>
<opset="zext_ln109_1/2 "/>
</bind>
</comp>

<comp id="168" class="1004" name="add_ln107_fu_168">
<pin_list>
<pin id="169" dir="0" index="0" bw="9" slack="0"/>
<pin id="170" dir="0" index="1" bw="1" slack="0"/>
<pin id="171" dir="1" index="2" bw="9" slack="0"/>
</pin_list>
<bind>
<opcode="add(8) " fcode="add"/>
<opset="add_ln107/2 "/>
</bind>
</comp>

<comp id="174" class="1004" name="store_ln106_store_fu_174">
<pin_list>
<pin id="175" dir="0" index="0" bw="17" slack="0"/>
<pin id="176" dir="0" index="1" bw="17" slack="1"/>
<pin id="177" dir="1" index="2" bw="0" slack="2147483647"/>
</pin_list>
<bind>
<opcode="store(28) " fcode="store"/>
<opset="store_ln106/2 "/>
</bind>
</comp>

<comp id="179" class="1004" name="store_ln106_store_fu_179">
<pin_list>
<pin id="180" dir="0" index="0" bw="9" slack="0"/>
<pin id="181" dir="0" index="1" bw="9" slack="1"/>
<pin id="182" dir="1" index="2" bw="0" slack="2147483647"/>
</pin_list>
<bind>
<opcode="store(28) " fcode="store"/>
<opset="store_ln106/2 "/>
</bind>
</comp>

<comp id="184" class="1004" name="store_ln107_store_fu_184">
<pin_list>
<pin id="185" dir="0" index="0" bw="9" slack="0"/>
<pin id="186" dir="0" index="1" bw="9" slack="1"/>
<pin id="187" dir="1" index="2" bw="0" slack="2147483647"/>
</pin_list>
<bind>
<opcode="store(28) " fcode="store"/>
<opset="store_ln107/2 "/>
</bind>
</comp>

<comp id="189" class="1005" name="j_reg_189">
<pin_list>
<pin id="190" dir="0" index="0" bw="9" slack="0"/>
<pin id="191" dir="1" index="1" bw="9" slack="0"/>
</pin_list>
<bind>
<opset="j "/>
</bind>
</comp>

<comp id="196" class="1005" name="i_reg_196">
<pin_list>
<pin id="197" dir="0" index="0" bw="9" slack="0"/>
<pin id="198" dir="1" index="1" bw="9" slack="0"/>
</pin_list>
<bind>
<opset="i "/>
</bind>
</comp>

<comp id="203" class="1005" name="indvar_flatten13_reg_203">
<pin_list>
<pin id="204" dir="0" index="0" bw="17" slack="0"/>
<pin id="205" dir="1" index="1" bw="17" slack="0"/>
</pin_list>
<bind>
<opset="indvar_flatten13 "/>
</bind>
</comp>

<comp id="213" class="1005" name="zext_ln109_1_reg_213">
<pin_list>
<pin id="214" dir="0" index="0" bw="64" slack="1"/>
<pin id="215" dir="1" index="1" bw="64" slack="1"/>
</pin_list>
<bind>
<opset="zext_ln109_1 "/>
</bind>
</comp>

<comp id="218" class="1005" name="nxt_addr_reg_218">
<pin_list>
<pin id="219" dir="0" index="0" bw="16" slack="1"/>
<pin id="220" dir="1" index="1" bw="16" slack="1"/>
</pin_list>
<bind>
<opset="nxt_addr "/>
</bind>
</comp>

</comp_list>

<net_list>
<net id="41"><net_src comp="4" pin="0"/><net_sink comp="38" pin=0"/></net>

<net id="45"><net_src comp="4" pin="0"/><net_sink comp="42" pin=0"/></net>

<net id="49"><net_src comp="4" pin="0"/><net_sink comp="46" pin=0"/></net>

<net id="55"><net_src comp="2" pin="0"/><net_sink comp="50" pin=0"/></net>

<net id="56"><net_src comp="22" pin="0"/><net_sink comp="50" pin=1"/></net>

<net id="62"><net_src comp="50" pin="3"/><net_sink comp="57" pin=0"/></net>

<net id="68"><net_src comp="0" pin="0"/><net_sink comp="63" pin=0"/></net>

<net id="69"><net_src comp="22" pin="0"/><net_sink comp="63" pin=1"/></net>

<net id="75"><net_src comp="57" pin="3"/><net_sink comp="70" pin=1"/></net>

<net id="76"><net_src comp="63" pin="3"/><net_sink comp="70" pin=0"/></net>

<net id="81"><net_src comp="6" pin="0"/><net_sink comp="77" pin=0"/></net>

<net id="86"><net_src comp="8" pin="0"/><net_sink comp="82" pin=0"/></net>

<net id="91"><net_src comp="8" pin="0"/><net_sink comp="87" pin=0"/></net>

<net id="99"><net_src comp="92" pin="1"/><net_sink comp="95" pin=0"/></net>

<net id="100"><net_src comp="10" pin="0"/><net_sink comp="95" pin=1"/></net>

<net id="105"><net_src comp="92" pin="1"/><net_sink comp="101" pin=0"/></net>

<net id="106"><net_src comp="12" pin="0"/><net_sink comp="101" pin=1"/></net>

<net id="117"><net_src comp="110" pin="1"/><net_sink comp="113" pin=0"/></net>

<net id="118"><net_src comp="14" pin="0"/><net_sink comp="113" pin=1"/></net>

<net id="123"><net_src comp="107" pin="1"/><net_sink comp="119" pin=0"/></net>

<net id="124"><net_src comp="16" pin="0"/><net_sink comp="119" pin=1"/></net>

<net id="130"><net_src comp="119" pin="2"/><net_sink comp="125" pin=0"/></net>

<net id="131"><net_src comp="8" pin="0"/><net_sink comp="125" pin=1"/></net>

<net id="132"><net_src comp="107" pin="1"/><net_sink comp="125" pin=2"/></net>

<net id="138"><net_src comp="119" pin="2"/><net_sink comp="133" pin=0"/></net>

<net id="139"><net_src comp="113" pin="2"/><net_sink comp="133" pin=1"/></net>

<net id="140"><net_src comp="110" pin="1"/><net_sink comp="133" pin=2"/></net>

<net id="144"><net_src comp="133" pin="3"/><net_sink comp="141" pin=0"/></net>

<net id="150"><net_src comp="18" pin="0"/><net_sink comp="145" pin=0"/></net>

<net id="151"><net_src comp="141" pin="1"/><net_sink comp="145" pin=1"/></net>

<net id="152"><net_src comp="20" pin="0"/><net_sink comp="145" pin=2"/></net>

<net id="156"><net_src comp="125" pin="3"/><net_sink comp="153" pin=0"/></net>

<net id="161"><net_src comp="145" pin="3"/><net_sink comp="157" pin=0"/></net>

<net id="162"><net_src comp="153" pin="1"/><net_sink comp="157" pin=1"/></net>

<net id="166"><net_src comp="157" pin="2"/><net_sink comp="163" pin=0"/></net>

<net id="167"><net_src comp="163" pin="1"/><net_sink comp="50" pin=2"/></net>

<net id="172"><net_src comp="125" pin="3"/><net_sink comp="168" pin=0"/></net>

<net id="173"><net_src comp="14" pin="0"/><net_sink comp="168" pin=1"/></net>

<net id="178"><net_src comp="101" pin="2"/><net_sink comp="174" pin=0"/></net>

<net id="183"><net_src comp="133" pin="3"/><net_sink comp="179" pin=0"/></net>

<net id="188"><net_src comp="168" pin="2"/><net_sink comp="184" pin=0"/></net>

<net id="192"><net_src comp="38" pin="1"/><net_sink comp="189" pin=0"/></net>

<net id="193"><net_src comp="189" pin="1"/><net_sink comp="87" pin=1"/></net>

<net id="194"><net_src comp="189" pin="1"/><net_sink comp="107" pin=0"/></net>

<net id="195"><net_src comp="189" pin="1"/><net_sink comp="184" pin=1"/></net>

<net id="199"><net_src comp="42" pin="1"/><net_sink comp="196" pin=0"/></net>

<net id="200"><net_src comp="196" pin="1"/><net_sink comp="82" pin=1"/></net>

<net id="201"><net_src comp="196" pin="1"/><net_sink comp="110" pin=0"/></net>

<net id="202"><net_src comp="196" pin="1"/><net_sink comp="179" pin=1"/></net>

<net id="206"><net_src comp="46" pin="1"/><net_sink comp="203" pin=0"/></net>

<net id="207"><net_src comp="203" pin="1"/><net_sink comp="77" pin=1"/></net>

<net id="208"><net_src comp="203" pin="1"/><net_sink comp="92" pin=0"/></net>

<net id="209"><net_src comp="203" pin="1"/><net_sink comp="174" pin=1"/></net>

<net id="216"><net_src comp="163" pin="1"/><net_sink comp="213" pin=0"/></net>

<net id="217"><net_src comp="213" pin="1"/><net_sink comp="63" pin=2"/></net>

<net id="221"><net_src comp="50" pin="3"/><net_sink comp="218" pin=0"/></net>

<net id="222"><net_src comp="218" pin="1"/><net_sink comp="57" pin=0"/></net>

</net_list>

</model> 
---------------- Datapath Model END ------------------

* FSMD analyzer results:
  - Output states:
	Port: cur | {3 }
 - Input state : 
	Port: compute_Pipeline_VITIS_LOOP_106_9_VITIS_LOOP_107_10 : nxt | {2 3 }
  - Chain level:
	State 1
		store_ln0 : 1
		store_ln106 : 1
		store_ln107 : 1
	State 2
		icmp_ln106 : 1
		add_ln106_1 : 1
		br_ln106 : 2
		add_ln106 : 1
		icmp_ln107 : 1
		select_ln106 : 2
		select_ln106_1 : 2
		trunc_ln109 : 3
		tmp_s : 4
		zext_ln109 : 3
		add_ln109 : 5
		zext_ln109_1 : 6
		nxt_addr : 7
		nxt_load : 8
		add_ln107 : 3
		store_ln106 : 2
		store_ln106 : 3
		store_ln107 : 4
	State 3
		store_ln109 : 1


============================================================
+ Verbose Summary: Datapath Resource usage 
============================================================

* Functional unit list:
|----------|-----------------------|---------|---------|
| Operation|    Functional Unit    |    FF   |   LUT   |
|----------|-----------------------|---------|---------|
|          |   add_ln106_1_fu_101  |    0    |    24   |
|    add   |    add_ln106_fu_113   |    0    |    16   |
|          |    add_ln109_fu_157   |    0    |    23   |
|          |    add_ln107_fu_168   |    0    |    16   |
|----------|-----------------------|---------|---------|
|   icmp   |    icmp_ln106_fu_95   |    0    |    24   |
|          |   icmp_ln107_fu_119   |    0    |    16   |
|----------|-----------------------|---------|---------|
|  select  |  select_ln106_fu_125  |    0    |    8    |
|          | select_ln106_1_fu_133 |    0    |    8    |
|----------|-----------------------|---------|---------|
|   trunc  |   trunc_ln109_fu_141  |    0    |    0    |
|----------|-----------------------|---------|---------|
|bitconcatenate|      tmp_s_fu_145     |    0    |    0    |
|----------|-----------------------|---------|---------|
|   zext   |   zext_ln109_fu_153   |    0    |    0    |
|          |  zext_ln109_1_fu_163  |    0    |    0    |
|----------|-----------------------|---------|---------|
|   Total  |                       |    0    |   135   |
|----------|-----------------------|---------|---------|

Memories:
N/A

* Register list:
+------------------------+--------+
|                        |   FF   |
+------------------------+--------+
|        i_reg_196       |    9   |
|indvar_flatten13_reg_203|   17   |
|        j_reg_189       |    9   |
|    nxt_addr_reg_218    |   16   |
|  zext_ln109_1_reg_213  |   64   |
+------------------------+--------+
|          Total         |   115  |
+------------------------+--------+

* Multiplexer (MUX) list: 
|------------------|------|------|------|--------||---------||---------||---------|
|       Comp       |  Pin | Size |  BW  | S x BW ||  Delay  ||    FF   ||   LUT   |
|------------------|------|------|------|--------||---------||---------||---------|
| grp_access_fu_57 |  p0  |   2  |  16  |   32   ||    0    ||    9    |
|------------------|------|------|------|--------||---------||---------||---------|
|       Total      |      |      |      |   32   ||  0.489  ||    0    ||    9    |
|------------------|------|------|------|--------||---------||---------||---------|



* Summary:
+-----------+--------+--------+--------+
|           |  Delay |   FF   |   LUT  |
+-----------+--------+--------+--------+
|  Function |    -   |    0   |   135  |
|   Memory  |    -   |    -   |    -   |
|Multiplexer|    0   |    0   |    9   |
|  Register |    -   |   115  |    -   |
+-----------+--------+--------+--------+
|   Total   |    0   |   115  |   144  |
+-----------+--------+--------+--------+
