

================================================================
== Vitis HLS Report for 'compute_Pipeline_VITIS_LOOP_46_4'
================================================================
* Date:           Fri Feb 20 11:31:00 2026

* Version:        2025.1.1 (Build 6214317 on Sep 11 2025)
* Project:        project_1
* Solution:       hls (Vivado IP Flow Target)
* Product family: zynquplus
* Target device:  xczu3eg-sbva484-1-e


================================================================
== Performance Estimates
================================================================
+ Timing: 
    * Summary: 
    +--------+----------+----------+------------+
    |  Clock |  Target  | Estimated| Uncertainty|
    +--------+----------+----------+------------+
    |ap_clk  |  10.00 ns|  2.704 ns|     2.70 ns|
    +--------+----------+----------+------------+

+ Latency: 
    * Summary: 
    +---------+---------+----------+----------+-----+-----+------------------------------------------------+
    |  Latency (cycles) |  Latency (absolute) |  Interval |                    Pipeline                    |
    |   min   |   max   |    min   |    max   | min | max |                      Type                      |
    +---------+---------+----------+----------+-----+-----+------------------------------------------------+
    |      258|      258|  2.580 us|  2.580 us|  257|  257|  loop auto-rewind stp (delay=0 clock cycles(s))|
    +---------+---------+----------+----------+-----+-----+------------------------------------------------+

    + Detail: 
        * Instance: 
        N/A

        * Loop: 
        +-------------------+---------+---------+----------+-----------+-----------+------+----------+
        |                   |  Latency (cycles) | Iteration|  Initiation Interval  | Trip |          |
        |     Loop Name     |   min   |   max   |  Latency |  achieved |   target  | Count| Pipelined|
        +-------------------+---------+---------+----------+-----------+-----------+------+----------+
        |- VITIS_LOOP_46_4  |      256|      256|         2|          1|          1|   256|       yes|
        +-------------------+---------+---------+----------+-----------+-----------+------+----------+



================================================================
== Utilization Estimates
================================================================
* Summary: 
+-----------------+---------+-----+--------+-------+-----+
|       Name      | BRAM_18K| DSP |   FF   |  LUT  | URAM|
+-----------------+---------+-----+--------+-------+-----+
|DSP              |        -|    -|       -|      -|    -|
|Expression       |        -|    -|       0|     35|    -|
|FIFO             |        -|    -|       -|      -|    -|
|Instance         |        -|    -|       -|      -|    -|
|Memory           |        -|    -|       -|      -|    -|
|Multiplexer      |        -|    -|       0|     36|    -|
|Register         |        -|    -|      29|      -|    -|
+-----------------+---------+-----+--------+-------+-----+
|Total            |        0|    0|      29|     71|    0|
+-----------------+---------+-----+--------+-------+-----+
|Available        |      432|  360|  141120|  70560|    0|
+-----------------+---------+-----+--------+-------+-----+
|Utilization (%)  |        0|    0|      ~0|     ~0|    0|
+-----------------+---------+-----+--------+-------+-----+

+ Detail: 
    * Instance: 
    N/A

    * DSP: 
    N/A

    * Memory: 
    N/A

    * FIFO: 
    N/A

    * Expression: 
    +--------------------+----------+----+---+----+------------+------------+
    |    Variable Name   | Operation| DSP| FF| LUT| Bitwidth P0| Bitwidth P1|
    +--------------------+----------+----+---+----+------------+------------+
    |add_ln46_fu_102_p2  |         +|   0|  0|  16|           9|           1|
    |icmp_ln46_fu_96_p2  |      icmp|   0|  0|  17|           9|          10|
    |ap_enable_pp0       |       xor|   0|  0|   2|           1|           2|
    +--------------------+----------+----+---+----+------------+------------+
    |Total               |          |   0|  0|  35|          19|          13|
    +--------------------+----------+----+---+----+------------+------------+

    * Multiplexer: 
    +-------------------------+----+-----------+-----+-----------+
    |           Name          | LUT| Input Size| Bits| Total Bits|
    +-------------------------+----+-----------+-----+-----------+
    |ap_done_int              |   9|          2|    1|          2|
    |ap_enable_reg_pp0_iter1  |   9|          2|    1|          2|
    |ap_sig_allocacmp_j_1     |   9|          2|    9|         18|
    |j_fu_32                  |   9|          2|    9|         18|
    +-------------------------+----+-----------+-----+-----------+
    |Total                    |  36|          8|   20|         40|
    +-------------------------+----+-----------+-----+-----------+

    * Register: 
    +-------------------------+---+----+-----+-----------+
    |           Name          | FF| LUT| Bits| Const Bits|
    +-------------------------+---+----+-----+-----------+
    |ap_CS_fsm                |  1|   0|    1|          0|
    |ap_done_reg              |  1|   0|    1|          0|
    |ap_enable_reg_pp0_iter1  |  1|   0|    1|          0|
    |j_fu_32                  |  9|   0|    9|          0|
    |zext_ln46_reg_149        |  9|   0|   64|         55|
    |zext_ln49_reg_159        |  8|   0|   64|         56|
    +-------------------------+---+----+-----+-----------+
    |Total                    | 29|   0|  140|        111|
    +-------------------------+---+----+-----+-----------+



================================================================
== Interface
================================================================
* Summary: 
+--------------+-----+-----+------------+----------------------------------+--------------+
|   RTL Ports  | Dir | Bits|  Protocol  |           Source Object          |    C Type    |
+--------------+-----+-----+------------+----------------------------------+--------------+
|ap_clk        |   in|    1|  ap_ctrl_hs|  compute_Pipeline_VITIS_LOOP_46_4|  return value|
|ap_rst        |   in|    1|  ap_ctrl_hs|  compute_Pipeline_VITIS_LOOP_46_4|  return value|
|ap_start      |   in|    1|  ap_ctrl_hs|  compute_Pipeline_VITIS_LOOP_46_4|  return value|
|ap_done       |  out|    1|  ap_ctrl_hs|  compute_Pipeline_VITIS_LOOP_46_4|  return value|
|ap_idle       |  out|    1|  ap_ctrl_hs|  compute_Pipeline_VITIS_LOOP_46_4|  return value|
|ap_ready      |  out|    1|  ap_ctrl_hs|  compute_Pipeline_VITIS_LOOP_46_4|  return value|
|cur_address0  |  out|   16|   ap_memory|                               cur|         array|
|cur_ce0       |  out|    1|   ap_memory|                               cur|         array|
|cur_q0        |   in|   24|   ap_memory|                               cur|         array|
|cur_address1  |  out|   16|   ap_memory|                               cur|         array|
|cur_ce1       |  out|    1|   ap_memory|                               cur|         array|
|cur_q1        |   in|   24|   ap_memory|                               cur|         array|
|nxt_address0  |  out|   16|   ap_memory|                               nxt|         array|
|nxt_ce0       |  out|    1|   ap_memory|                               nxt|         array|
|nxt_we0       |  out|    1|   ap_memory|                               nxt|         array|
|nxt_d0        |  out|   24|   ap_memory|                               nxt|         array|
|nxt_address1  |  out|   16|   ap_memory|                               nxt|         array|
|nxt_ce1       |  out|    1|   ap_memory|                               nxt|         array|
|nxt_we1       |  out|    1|   ap_memory|                               nxt|         array|
|nxt_d1        |  out|   24|   ap_memory|                               nxt|         array|
+--------------+-----+-----+------------+----------------------------------+--------------+

============================================================
+ Verbose Summary: Synthesis Manager
============================================================
InlineROM: 1
ExposeGlobal: 0
============================================================
+ Verbose Summary: CDFG Model
============================================================
IsTopModel: 0
ResetActiveHigh: 1
IsCombinational: 2
IsDatapathOnly: 2
HasWiredReturn: 1
HasMFsm: 2
HasVarLatency: 1
IsPipeline: 0
IsRtlPipelined: 0
IsInstanceOverlapped: 0
IsDontTouch: 0
HasImplIP: 0
IsGatedGlobalClock: 0

+ Individual pipeline summary: 
  * Pipeline-0: initiation interval (II) = 1, depth = 2


============================================================
+ Verbose Summary: Schedule
============================================================
* Number of FSM states : 2
* Pipeline : 1
  Pipeline-0 : II = 1, D = 2, States = { 1 2 }
* Dataflow Pipeline: 0

* FSM state transitions: 
1 --> 2 
2 --> 

* FSM state operations: 

State 1 <SV = 0> <Delay = 1.89>
ST_1 : Operation 5 [1/1] (0.00ns)   --->   "%j = alloca i32 1" [top.cpp:46]   --->   Operation 5 'alloca' 'j' <Predicate = true> <Delay = 0.00>
ST_1 : Operation 6 [1/1] (0.48ns)   --->   "%store_ln46 = store i9 0, i9 %j" [top.cpp:46]   --->   Operation 6 'store' 'store_ln46' <Predicate = true> <Delay = 0.48>
ST_1 : Operation 7 [1/1] (0.00ns)   --->   "%br_ln0 = br void %for.inc35"   --->   Operation 7 'br' 'br_ln0' <Predicate = true> <Delay = 0.00>
ST_1 : Operation 8 [1/1] (0.00ns)   --->   "%j_1 = load i9 %j" [top.cpp:46]   --->   Operation 8 'load' 'j_1' <Predicate = true> <Delay = 0.00>
ST_1 : Operation 9 [1/1] (0.92ns)   --->   "%icmp_ln46 = icmp_eq  i9 %j_1, i9 256" [top.cpp:46]   --->   Operation 9 'icmp' 'icmp_ln46' <Predicate = true> <Delay = 0.92> <CoreInst = "Cmp">   --->   Core 9 'Cmp' <Latency = 0> <II = 1> <Delay = 0.93> <FuncUnit> <Opcode : 'seteq' 'setne' 'setle' 'setge' 'setlt' 'setgt'> <InPorts = 2> <OutPorts = 1>
ST_1 : Operation 10 [1/1] (0.92ns)   --->   "%add_ln46 = add i9 %j_1, i9 1" [top.cpp:46]   --->   Operation 10 'add' 'add_ln46' <Predicate = true> <Delay = 0.92> <CoreInst = "Adder">   --->   Core 1 'Adder' <Latency = 0> <II = 1> <Delay = 0.92> <FuncUnit> <Opcode : 'add' 'sub'> <InPorts = 2> <OutPorts = 1>
ST_1 : Operation 11 [1/1] (0.00ns)   --->   "%br_ln46 = br i1 %icmp_ln46, void %for.inc35.split, void %for.inc55.preheader.exitStub" [top.cpp:46]   --->   Operation 11 'br' 'br_ln46' <Predicate = true> <Delay = 0.00>
ST_1 : Operation 12 [1/1] (0.00ns)   --->   "%zext_ln46 = zext i9 %j_1" [top.cpp:46]   --->   Operation 12 'zext' 'zext_ln46' <Predicate = (!icmp_ln46)> <Delay = 0.00>
ST_1 : Operation 13 [1/1] (0.00ns)   --->   "%cur_addr_1 = getelementptr i24 %cur, i64 0, i64 %zext_ln46" [top.cpp:48]   --->   Operation 13 'getelementptr' 'cur_addr_1' <Predicate = (!icmp_ln46)> <Delay = 0.00>
ST_1 : Operation 14 [1/1] (0.00ns)   --->   "%trunc_ln49 = trunc i9 %j_1" [top.cpp:49]   --->   Operation 14 'trunc' 'trunc_ln49' <Predicate = (!icmp_ln46)> <Delay = 0.00>
ST_1 : Operation 15 [1/1] (0.00ns)   --->   "%add_ln = bitconcatenate i9 @_ssdm_op_BitConcatenate.i9.i1.i8, i1 1, i8 %trunc_ln49" [top.cpp:49]   --->   Operation 15 'bitconcatenate' 'add_ln' <Predicate = (!icmp_ln46)> <Delay = 0.00>
ST_1 : Operation 16 [1/1] (0.00ns)   --->   "%sext_ln49 = sext i9 %add_ln" [top.cpp:49]   --->   Operation 16 'sext' 'sext_ln49' <Predicate = (!icmp_ln46)> <Delay = 0.00>
ST_1 : Operation 17 [1/1] (0.00ns)   --->   "%zext_ln49 = zext i16 %sext_ln49" [top.cpp:49]   --->   Operation 17 'zext' 'zext_ln49' <Predicate = (!icmp_ln46)> <Delay = 0.00>
ST_1 : Operation 18 [1/1] (0.00ns)   --->   "%cur_addr = getelementptr i24 %cur, i64 0, i64 %zext_ln49" [top.cpp:49]   --->   Operation 18 'getelementptr' 'cur_addr' <Predicate = (!icmp_ln46)> <Delay = 0.00>
ST_1 : Operation 19 [2/2] (1.35ns)   --->   "%cur_load = load i16 %cur_addr_1" [top.cpp:48]   --->   Operation 19 'load' 'cur_load' <Predicate = (!icmp_ln46)> <Delay = 1.35> <CoreInst = "RAM">   --->   Core 82 'RAM' <Latency = 1> <II = 1> <Delay = 1.35> <Storage> <Opcode : 'load' 'store'> <Ports = 2> <Width = 24> <Depth = 65536> <RAM>
ST_1 : Operation 20 [2/2] (1.35ns)   --->   "%cur_load_1 = load i16 %cur_addr" [top.cpp:49]   --->   Operation 20 'load' 'cur_load_1' <Predicate = (!icmp_ln46)> <Delay = 1.35> <CoreInst = "RAM">   --->   Core 82 'RAM' <Latency = 1> <II = 1> <Delay = 1.35> <Storage> <Opcode : 'load' 'store'> <Ports = 2> <Width = 24> <Depth = 65536> <RAM>
ST_1 : Operation 21 [1/1] (0.48ns)   --->   "%store_ln46 = store i9 %add_ln46, i9 %j" [top.cpp:46]   --->   Operation 21 'store' 'store_ln46' <Predicate = (!icmp_ln46)> <Delay = 0.48>
ST_1 : Operation 32 [1/1] (0.48ns)   --->   "%ret_ln0 = ret"   --->   Operation 32 'ret' 'ret_ln0' <Predicate = (icmp_ln46)> <Delay = 0.48>

State 2 <SV = 1> <Delay = 2.70>
ST_2 : Operation 22 [1/1] (0.00ns)   --->   "%nxt_addr = getelementptr i24 %nxt, i64 0, i64 %zext_ln46" [top.cpp:48]   --->   Operation 22 'getelementptr' 'nxt_addr' <Predicate = true> <Delay = 0.00>
ST_2 : Operation 23 [1/1] (0.00ns)   --->   "%nxt_addr_1 = getelementptr i24 %nxt, i64 0, i64 %zext_ln49" [top.cpp:49]   --->   Operation 23 'getelementptr' 'nxt_addr_1' <Predicate = true> <Delay = 0.00>
ST_2 : Operation 24 [1/1] (0.00ns)   --->   "%specpipeline_ln47 = specpipeline void @_ssdm_op_SpecPipeline, i32 1, i32 0, i32 0, i32 0, void @empty_15" [top.cpp:47]   --->   Operation 24 'specpipeline' 'specpipeline_ln47' <Predicate = true> <Delay = 0.00>
ST_2 : Operation 25 [1/1] (0.00ns)   --->   "%speclooptripcount_ln46 = speclooptripcount void @_ssdm_op_SpecLoopTripCount, i64 256, i64 256, i64 256" [top.cpp:46]   --->   Operation 25 'speclooptripcount' 'speclooptripcount_ln46' <Predicate = true> <Delay = 0.00>
ST_2 : Operation 26 [1/1] (0.00ns)   --->   "%specloopname_ln46 = specloopname void @_ssdm_op_SpecLoopName, void @empty_2" [top.cpp:46]   --->   Operation 26 'specloopname' 'specloopname_ln46' <Predicate = true> <Delay = 0.00>
ST_2 : Operation 27 [1/2] ( I:1.35ns O:1.35ns )   --->   "%cur_load = load i16 %cur_addr_1" [top.cpp:48]   --->   Operation 27 'load' 'cur_load' <Predicate = true> <Delay = 1.35> <CoreInst = "RAM">   --->   Core 82 'RAM' <Latency = 1> <II = 1> <Delay = 1.35> <Storage> <Opcode : 'load' 'store'> <Ports = 2> <Width = 24> <Depth = 65536> <RAM>
ST_2 : Operation 28 [1/1] ( I:1.35ns O:1.35ns )   --->   "%store_ln48 = store i24 %cur_load, i16 %nxt_addr" [top.cpp:48]   --->   Operation 28 'store' 'store_ln48' <Predicate = true> <Delay = 1.35> <CoreInst = "RAM">   --->   Core 82 'RAM' <Latency = 1> <II = 1> <Delay = 1.35> <Storage> <Opcode : 'load' 'store'> <Ports = 2> <Width = 24> <Depth = 65536> <RAM>
ST_2 : Operation 29 [1/2] ( I:1.35ns O:1.35ns )   --->   "%cur_load_1 = load i16 %cur_addr" [top.cpp:49]   --->   Operation 29 'load' 'cur_load_1' <Predicate = true> <Delay = 1.35> <CoreInst = "RAM">   --->   Core 82 'RAM' <Latency = 1> <II = 1> <Delay = 1.35> <Storage> <Opcode : 'load' 'store'> <Ports = 2> <Width = 24> <Depth = 65536> <RAM>
ST_2 : Operation 30 [1/1] ( I:1.35ns O:1.35ns )   --->   "%store_ln49 = store i24 %cur_load_1, i16 %nxt_addr_1" [top.cpp:49]   --->   Operation 30 'store' 'store_ln49' <Predicate = true> <Delay = 1.35> <CoreInst = "RAM">   --->   Core 82 'RAM' <Latency = 1> <II = 1> <Delay = 1.35> <Storage> <Opcode : 'load' 'store'> <Ports = 2> <Width = 24> <Depth = 65536> <RAM>
ST_2 : Operation 31 [1/1] (0.00ns)   --->   "%br_ln46 = br void %for.inc35" [top.cpp:46]   --->   Operation 31 'br' 'br_ln46' <Predicate = true> <Delay = 0.00>


============================================================
+ Verbose Summary: Binding
============================================================
STG Binding: 
---------------- STG Properties BEGIN ----------------
- Is combinational: 0
- Is one-state seq: 0
- Is datapath-only: 0
- Is pipelined: 0
- Is top level: 0
Port [ Return ] is wired: 1; IO mode=ap_ctrl_hs:ce=0
Port [ cur]:  wired=1; compound=1; hidden=0; nouse=0; global=0; static=0; extern=0; dir=0; type=1; pingpong=0; private_global=0; MemPort=[11]; IO mode=ap_memory:ce=0
Port [ nxt]:  wired=1; compound=1; hidden=0; nouse=0; global=0; static=0; extern=0; dir=1; type=1; pingpong=0; private_global=0; MemPort=[00]; IO mode=ap_memory:ce=0
---------------- STG Properties END ------------------

---------------- Datapath Model BEGIN ----------------

<LifeTime>
<method=bitvector/>
j                      (alloca           ) [ 010]
store_ln46             (store            ) [ 000]
br_ln0                 (br               ) [ 000]
j_1                    (load             ) [ 000]
icmp_ln46              (icmp             ) [ 010]
add_ln46               (add              ) [ 000]
br_ln46                (br               ) [ 000]
zext_ln46              (zext             ) [ 011]
cur_addr_1             (getelementptr    ) [ 011]
trunc_ln49             (trunc            ) [ 000]
add_ln                 (bitconcatenate   ) [ 000]
sext_ln49              (sext             ) [ 000]
zext_ln49              (zext             ) [ 011]
cur_addr               (getelementptr    ) [ 011]
store_ln46             (store            ) [ 000]
nxt_addr               (getelementptr    ) [ 000]
nxt_addr_1             (getelementptr    ) [ 000]
specpipeline_ln47      (specpipeline     ) [ 000]
speclooptripcount_ln46 (speclooptripcount) [ 000]
specloopname_ln46      (specloopname     ) [ 000]
cur_load               (load             ) [ 000]
store_ln48             (store            ) [ 000]
cur_load_1             (load             ) [ 000]
store_ln49             (store            ) [ 000]
br_ln46                (br               ) [ 000]
ret_ln0                (ret              ) [ 000]
</LifeTime>

<model>

<comp_list>
<comp id="0" class="1000" name="cur">
<pin_list>
<pin id="1" dir="1" index="0" bw="1" slack="0"/>
</pin_list>
<bind>
<StgValue><ssdm name="cur"/><MemPortTyVec>1 1 </MemPortTyVec>
</StgValue>
</bind>
</comp>

<comp id="2" class="1000" name="nxt">
<pin_list>
<pin id="3" dir="1" index="0" bw="1" slack="0"/>
</pin_list>
<bind>
<StgValue><ssdm name="nxt"/><MemPortTyVec>0 0 </MemPortTyVec>
</StgValue>
</bind>
</comp>

<comp id="4" class="1001" name="const_4">
<pin_list>
<pin id="5" dir="1" index="0" bw="1" slack="0"/>
</pin_list>
<bind>
<StgValue><ssdm name=""/></StgValue>
</bind>
</comp>

<comp id="6" class="1001" name="const_6">
<pin_list>
<pin id="7" dir="1" index="0" bw="1" slack="0"/>
</pin_list>
<bind>
<StgValue><ssdm name=""/></StgValue>
</bind>
</comp>

<comp id="8" class="1001" name="const_8">
<pin_list>
<pin id="9" dir="1" index="0" bw="1" slack="0"/>
</pin_list>
<bind>
<StgValue><ssdm name=""/></StgValue>
</bind>
</comp>

<comp id="10" class="1001" name="const_10">
<pin_list>
<pin id="11" dir="1" index="0" bw="1" slack="0"/>
</pin_list>
<bind>
<StgValue><ssdm name=""/></StgValue>
</bind>
</comp>

<comp id="12" class="1001" name="const_12">
<pin_list>
<pin id="13" dir="1" index="0" bw="1" slack="0"/>
</pin_list>
<bind>
<StgValue><ssdm name=""/></StgValue>
</bind>
</comp>

<comp id="14" class="1001" name="const_14">
<pin_list>
<pin id="15" dir="1" index="0" bw="1" slack="0"/>
</pin_list>
<bind>
<StgValue><ssdm name="_ssdm_op_BitConcatenate.i9.i1.i8"/></StgValue>
</bind>
</comp>

<comp id="16" class="1001" name="const_16">
<pin_list>
<pin id="17" dir="1" index="0" bw="1" slack="0"/>
</pin_list>
<bind>
<StgValue><ssdm name=""/></StgValue>
</bind>
</comp>

<comp id="18" class="1001" name="const_18">
<pin_list>
<pin id="19" dir="1" index="0" bw="1" slack="2147483647"/>
</pin_list>
<bind>
<StgValue><ssdm name="_ssdm_op_SpecPipeline"/></StgValue>
</bind>
</comp>

<comp id="20" class="1001" name="const_20">
<pin_list>
<pin id="21" dir="1" index="0" bw="1" slack="2147483647"/>
</pin_list>
<bind>
<StgValue><ssdm name=""/></StgValue>
</bind>
</comp>

<comp id="22" class="1001" name="const_22">
<pin_list>
<pin id="23" dir="1" index="0" bw="1" slack="2147483647"/>
</pin_list>
<bind>
<StgValue><ssdm name="empty_15"/></StgValue>
</bind>
</comp>

<comp id="24" class="1001" name="const_24">
<pin_list>
<pin id="25" dir="1" index="0" bw="1" slack="2147483647"/>
</pin_list>
<bind>
<StgValue><ssdm name="_ssdm_op_SpecLoopTripCount"/></StgValue>
</bind>
</comp>

<comp id="26" class="1001" name="const_26">
<pin_list>
<pin id="27" dir="1" index="0" bw="1" slack="2147483647"/>
</pin_list>
<bind>
<StgValue><ssdm name=""/></StgValue>
</bind>
</comp>

<comp id="28" class="1001" name="const_28">
<pin_list>
<pin id="29" dir="1" index="0" bw="1" slack="2147483647"/>
</pin_list>
<bind>
<StgValue><ssdm name="_ssdm_op_SpecLoopName"/></StgValue>
</bind>
</comp>

<comp id="30" class="1001" name="const_30">
<pin_list>
<pin id="31" dir="1" index="0" bw="1" slack="2147483647"/>
</pin_list>
<bind>
<StgValue><ssdm name="empty_2"/></StgValue>
</bind>
</comp>

<comp id="32" class="1004" name="j_fu_32">
<pin_list>
<pin id="33" dir="0" index="0" bw="1" slack="0"/>
<pin id="34" dir="1" index="1" bw="9" slack="0"/>
</pin_list>
<bind>
<opcode="alloca(26) " fcode="alloca"/>
<opset="j/1 "/>
</bind>
</comp>

<comp id="36" class="1004" name="cur_addr_1_gep_fu_36">
<pin_list>
<pin id="37" dir="0" index="0" bw="24" slack="0"/>
<pin id="38" dir="0" index="1" bw="1" slack="0"/>
<pin id="39" dir="0" index="2" bw="9" slack="0"/>
<pin id="40" dir="1" index="3" bw="16" slack="0"/>
</pin_list>
<bind>
<opcode="getelementptr(29) " fcode="getelementptr"/>
<opset="cur_addr_1/1 "/>
</bind>
</comp>

<comp id="43" class="1004" name="cur_addr_gep_fu_43">
<pin_list>
<pin id="44" dir="0" index="0" bw="24" slack="0"/>
<pin id="45" dir="0" index="1" bw="1" slack="0"/>
<pin id="46" dir="0" index="2" bw="16" slack="0"/>
<pin id="47" dir="1" index="3" bw="16" slack="0"/>
</pin_list>
<bind>
<opcode="getelementptr(29) " fcode="getelementptr"/>
<opset="cur_addr/1 "/>
</bind>
</comp>

<comp id="50" class="1004" name="grp_access_fu_50">
<pin_list>
<pin id="51" dir="0" index="0" bw="16" slack="0"/>
<pin id="52" dir="0" index="1" bw="24" slack="2147483647"/>
<pin id="53" dir="0" index="2" bw="0" slack="0"/>
<pin id="55" dir="0" index="4" bw="16" slack="2147483647"/>
<pin id="56" dir="0" index="5" bw="24" slack="2147483647"/>
<pin id="57" dir="0" index="6" bw="0" slack="2147483647"/>
<pin id="54" dir="1" index="3" bw="24" slack="0"/>
<pin id="58" dir="1" index="7" bw="24" slack="0"/>
</pin_list>
<bind>
<opcode="load(27) " fcode="load"/>
<opset="cur_load/1 cur_load_1/1 "/>
</bind>
</comp>

<comp id="61" class="1004" name="nxt_addr_gep_fu_61">
<pin_list>
<pin id="62" dir="0" index="0" bw="24" slack="0"/>
<pin id="63" dir="0" index="1" bw="1" slack="0"/>
<pin id="64" dir="0" index="2" bw="9" slack="1"/>
<pin id="65" dir="1" index="3" bw="16" slack="0"/>
</pin_list>
<bind>
<opcode="getelementptr(29) " fcode="getelementptr"/>
<opset="nxt_addr/2 "/>
</bind>
</comp>

<comp id="68" class="1004" name="nxt_addr_1_gep_fu_68">
<pin_list>
<pin id="69" dir="0" index="0" bw="24" slack="0"/>
<pin id="70" dir="0" index="1" bw="1" slack="0"/>
<pin id="71" dir="0" index="2" bw="16" slack="1"/>
<pin id="72" dir="1" index="3" bw="16" slack="0"/>
</pin_list>
<bind>
<opcode="getelementptr(29) " fcode="getelementptr"/>
<opset="nxt_addr_1/2 "/>
</bind>
</comp>

<comp id="75" class="1004" name="grp_access_fu_75">
<pin_list>
<pin id="76" dir="0" index="0" bw="16" slack="0"/>
<pin id="77" dir="0" index="1" bw="24" slack="0"/>
<pin id="78" dir="0" index="2" bw="0" slack="0"/>
<pin id="80" dir="0" index="4" bw="16" slack="0"/>
<pin id="81" dir="0" index="5" bw="24" slack="2147483647"/>
<pin id="82" dir="0" index="6" bw="0" slack="2147483647"/>
<pin id="79" dir="1" index="3" bw="24" slack="2147483647"/>
<pin id="83" dir="1" index="7" bw="24" slack="2147483647"/>
</pin_list>
<bind>
<opcode="store(28) " fcode="store"/>
<opset="store_ln48/2 store_ln49/2 "/>
</bind>
</comp>

<comp id="88" class="1004" name="store_ln46_store_fu_88">
<pin_list>
<pin id="89" dir="0" index="0" bw="1" slack="0"/>
<pin id="90" dir="0" index="1" bw="9" slack="0"/>
<pin id="91" dir="1" index="2" bw="0" slack="2147483647"/>
</pin_list>
<bind>
<opcode="store(28) " fcode="store"/>
<opset="store_ln46/1 "/>
</bind>
</comp>

<comp id="93" class="1004" name="j_1_load_fu_93">
<pin_list>
<pin id="94" dir="0" index="0" bw="9" slack="0"/>
<pin id="95" dir="1" index="1" bw="9" slack="0"/>
</pin_list>
<bind>
<opcode="load(27) " fcode="load"/>
<opset="j_1/1 "/>
</bind>
</comp>

<comp id="96" class="1004" name="icmp_ln46_fu_96">
<pin_list>
<pin id="97" dir="0" index="0" bw="9" slack="0"/>
<pin id="98" dir="0" index="1" bw="9" slack="0"/>
<pin id="99" dir="1" index="2" bw="1" slack="2147483647"/>
</pin_list>
<bind>
<opcode="icmp(45) " fcode="icmp"/>
<opset="icmp_ln46/1 "/>
</bind>
</comp>

<comp id="102" class="1004" name="add_ln46_fu_102">
<pin_list>
<pin id="103" dir="0" index="0" bw="9" slack="0"/>
<pin id="104" dir="0" index="1" bw="1" slack="0"/>
<pin id="105" dir="1" index="2" bw="9" slack="0"/>
</pin_list>
<bind>
<opcode="add(8) " fcode="add"/>
<opset="add_ln46/1 "/>
</bind>
</comp>

<comp id="108" class="1004" name="zext_ln46_fu_108">
<pin_list>
<pin id="109" dir="0" index="0" bw="9" slack="0"/>
<pin id="110" dir="1" index="1" bw="64" slack="0"/>
</pin_list>
<bind>
<opcode="zext(34) " fcode="zext"/>
<opset="zext_ln46/1 "/>
</bind>
</comp>

<comp id="113" class="1004" name="trunc_ln49_fu_113">
<pin_list>
<pin id="114" dir="0" index="0" bw="9" slack="0"/>
<pin id="115" dir="1" index="1" bw="8" slack="0"/>
</pin_list>
<bind>
<opcode="trunc(33) " fcode="trunc"/>
<opset="trunc_ln49/1 "/>
</bind>
</comp>

<comp id="117" class="1004" name="add_ln_fu_117">
<pin_list>
<pin id="118" dir="0" index="0" bw="9" slack="0"/>
<pin id="119" dir="0" index="1" bw="1" slack="0"/>
<pin id="120" dir="0" index="2" bw="8" slack="0"/>
<pin id="121" dir="1" index="3" bw="9" slack="0"/>
</pin_list>
<bind>
<opcode="bitconcatenate(1004) " fcode="bitconcatenate"/>
<opset="add_ln/1 "/>
</bind>
</comp>

<comp id="125" class="1004" name="sext_ln49_fu_125">
<pin_list>
<pin id="126" dir="0" index="0" bw="9" slack="0"/>
<pin id="127" dir="1" index="1" bw="16" slack="0"/>
</pin_list>
<bind>
<opcode="sext(35) " fcode="sext"/>
<opset="sext_ln49/1 "/>
</bind>
</comp>

<comp id="129" class="1004" name="zext_ln49_fu_129">
<pin_list>
<pin id="130" dir="0" index="0" bw="9" slack="0"/>
<pin id="131" dir="1" index="1" bw="64" slack="0"/>
</pin_list>
<bind>
<opcode="zext(34) " fcode="zext"/>
<opset="zext_ln49/1 "/>
</bind>
</comp>

<comp id="134" class="1004" name="store_ln46_store_fu_134">
<pin_list>
<pin id="135" dir="0" index="0" bw="9" slack="0"/>
<pin id="136" dir="0" index="1" bw="9" slack="0"/>
<pin id="137" dir="1" index="2" bw="0" slack="2147483647"/>
</pin_list>
<bind>
<opcode="store(28) " fcode="store"/>
<opset="store_ln46/1 "/>
</bind>
</comp>

<comp id="139" class="1005" name="j_reg_139">
<pin_list>
<pin id="140" dir="0" index="0" bw="9" slack="0"/>
<pin id="141" dir="1" index="1" bw="9" slack="0"/>
</pin_list>
<bind>
<opset="j "/>
</bind>
</comp>

<comp id="149" class="1005" name="zext_ln46_reg_149">
<pin_list>
<pin id="150" dir="0" index="0" bw="64" slack="1"/>
<pin id="151" dir="1" index="1" bw="64" slack="1"/>
</pin_list>
<bind>
<opset="zext_ln46 "/>
</bind>
</comp>

<comp id="154" class="1005" name="cur_addr_1_reg_154">
<pin_list>
<pin id="155" dir="0" index="0" bw="16" slack="1"/>
<pin id="156" dir="1" index="1" bw="16" slack="1"/>
</pin_list>
<bind>
<opset="cur_addr_1 "/>
</bind>
</comp>

<comp id="159" class="1005" name="zext_ln49_reg_159">
<pin_list>
<pin id="160" dir="0" index="0" bw="64" slack="1"/>
<pin id="161" dir="1" index="1" bw="64" slack="1"/>
</pin_list>
<bind>
<opset="zext_ln49 "/>
</bind>
</comp>

<comp id="164" class="1005" name="cur_addr_reg_164">
<pin_list>
<pin id="165" dir="0" index="0" bw="16" slack="1"/>
<pin id="166" dir="1" index="1" bw="16" slack="1"/>
</pin_list>
<bind>
<opset="cur_addr "/>
</bind>
</comp>

</comp_list>

<net_list>
<net id="35"><net_src comp="4" pin="0"/><net_sink comp="32" pin=0"/></net>

<net id="41"><net_src comp="0" pin="0"/><net_sink comp="36" pin=0"/></net>

<net id="42"><net_src comp="12" pin="0"/><net_sink comp="36" pin=1"/></net>

<net id="48"><net_src comp="0" pin="0"/><net_sink comp="43" pin=0"/></net>

<net id="49"><net_src comp="12" pin="0"/><net_sink comp="43" pin=1"/></net>

<net id="59"><net_src comp="36" pin="3"/><net_sink comp="50" pin=2"/></net>

<net id="60"><net_src comp="43" pin="3"/><net_sink comp="50" pin=0"/></net>

<net id="66"><net_src comp="2" pin="0"/><net_sink comp="61" pin=0"/></net>

<net id="67"><net_src comp="12" pin="0"/><net_sink comp="61" pin=1"/></net>

<net id="73"><net_src comp="2" pin="0"/><net_sink comp="68" pin=0"/></net>

<net id="74"><net_src comp="12" pin="0"/><net_sink comp="68" pin=1"/></net>

<net id="84"><net_src comp="50" pin="7"/><net_sink comp="75" pin=4"/></net>

<net id="85"><net_src comp="61" pin="3"/><net_sink comp="75" pin=2"/></net>

<net id="86"><net_src comp="50" pin="3"/><net_sink comp="75" pin=1"/></net>

<net id="87"><net_src comp="68" pin="3"/><net_sink comp="75" pin=0"/></net>

<net id="92"><net_src comp="6" pin="0"/><net_sink comp="88" pin=0"/></net>

<net id="100"><net_src comp="93" pin="1"/><net_sink comp="96" pin=0"/></net>

<net id="101"><net_src comp="8" pin="0"/><net_sink comp="96" pin=1"/></net>

<net id="106"><net_src comp="93" pin="1"/><net_sink comp="102" pin=0"/></net>

<net id="107"><net_src comp="10" pin="0"/><net_sink comp="102" pin=1"/></net>

<net id="111"><net_src comp="93" pin="1"/><net_sink comp="108" pin=0"/></net>

<net id="112"><net_src comp="108" pin="1"/><net_sink comp="36" pin=2"/></net>

<net id="116"><net_src comp="93" pin="1"/><net_sink comp="113" pin=0"/></net>

<net id="122"><net_src comp="14" pin="0"/><net_sink comp="117" pin=0"/></net>

<net id="123"><net_src comp="16" pin="0"/><net_sink comp="117" pin=1"/></net>

<net id="124"><net_src comp="113" pin="1"/><net_sink comp="117" pin=2"/></net>

<net id="128"><net_src comp="117" pin="3"/><net_sink comp="125" pin=0"/></net>

<net id="132"><net_src comp="125" pin="1"/><net_sink comp="129" pin=0"/></net>

<net id="133"><net_src comp="129" pin="1"/><net_sink comp="43" pin=2"/></net>

<net id="138"><net_src comp="102" pin="2"/><net_sink comp="134" pin=0"/></net>

<net id="142"><net_src comp="32" pin="1"/><net_sink comp="139" pin=0"/></net>

<net id="143"><net_src comp="139" pin="1"/><net_sink comp="88" pin=1"/></net>

<net id="144"><net_src comp="139" pin="1"/><net_sink comp="93" pin=0"/></net>

<net id="145"><net_src comp="139" pin="1"/><net_sink comp="134" pin=1"/></net>

<net id="152"><net_src comp="108" pin="1"/><net_sink comp="149" pin=0"/></net>

<net id="153"><net_src comp="149" pin="1"/><net_sink comp="61" pin=2"/></net>

<net id="157"><net_src comp="36" pin="3"/><net_sink comp="154" pin=0"/></net>

<net id="158"><net_src comp="154" pin="1"/><net_sink comp="50" pin=2"/></net>

<net id="162"><net_src comp="129" pin="1"/><net_sink comp="159" pin=0"/></net>

<net id="163"><net_src comp="159" pin="1"/><net_sink comp="68" pin=2"/></net>

<net id="167"><net_src comp="43" pin="3"/><net_sink comp="164" pin=0"/></net>

<net id="168"><net_src comp="164" pin="1"/><net_sink comp="50" pin=0"/></net>

</net_list>

</model> 
---------------- Datapath Model END ------------------

* FSMD analyzer results:
  - Output states:
	Port: nxt | {2 }
 - Input state : 
	Port: compute_Pipeline_VITIS_LOOP_46_4 : cur | {1 2 }
  - Chain level:
	State 1
		store_ln46 : 1
		j_1 : 1
		icmp_ln46 : 2
		add_ln46 : 2
		br_ln46 : 3
		zext_ln46 : 2
		cur_addr_1 : 3
		trunc_ln49 : 2
		add_ln : 3
		sext_ln49 : 4
		zext_ln49 : 5
		cur_addr : 6
		cur_load : 4
		cur_load_1 : 7
		store_ln46 : 3
	State 2
		store_ln48 : 1
		store_ln49 : 1


============================================================
+ Verbose Summary: Datapath Resource usage 
============================================================

* Functional unit list:
|----------|-------------------|---------|---------|
| Operation|  Functional Unit  |    FF   |   LUT   |
|----------|-------------------|---------|---------|
|   icmp   |  icmp_ln46_fu_96  |    0    |    16   |
|----------|-------------------|---------|---------|
|    add   |  add_ln46_fu_102  |    0    |    16   |
|----------|-------------------|---------|---------|
|   zext   |  zext_ln46_fu_108 |    0    |    0    |
|          |  zext_ln49_fu_129 |    0    |    0    |
|----------|-------------------|---------|---------|
|   trunc  | trunc_ln49_fu_113 |    0    |    0    |
|----------|-------------------|---------|---------|
|bitconcatenate|   add_ln_fu_117   |    0    |    0    |
|----------|-------------------|---------|---------|
|   sext   |  sext_ln49_fu_125 |    0    |    0    |
|----------|-------------------|---------|---------|
|   Total  |                   |    0    |    32   |
|----------|-------------------|---------|---------|

Memories:
N/A

* Register list:
+------------------+--------+
|                  |   FF   |
+------------------+--------+
|cur_addr_1_reg_154|   16   |
| cur_addr_reg_164 |   16   |
|     j_reg_139    |    9   |
| zext_ln46_reg_149|   64   |
| zext_ln49_reg_159|   64   |
+------------------+--------+
|       Total      |   169  |
+------------------+--------+

* Multiplexer (MUX) list: 
|------------------|------|------|------|--------||---------||---------||---------|
|       Comp       |  Pin | Size |  BW  | S x BW ||  Delay  ||    FF   ||   LUT   |
|------------------|------|------|------|--------||---------||---------||---------|
| grp_access_fu_50 |  p0  |   2  |  16  |   32   ||    0    ||    9    |
| grp_access_fu_50 |  p2  |   2  |   0  |    0   ||    0    ||    9    |
|------------------|------|------|------|--------||---------||---------||---------|
|       Total      |      |      |      |   32   ||  0.978  ||    0    ||    18   |
|------------------|------|------|------|--------||---------||---------||---------|



* Summary:
+-----------+--------+--------+--------+
|           |  Delay |   FF   |   LUT  |
+-----------+--------+--------+--------+
|  Function |    -   |    0   |   32   |
|   Memory  |    -   |    -   |    -   |
|Multiplexer|    0   |    0   |   18   |
|  Register |    -   |   169  |    -   |
+-----------+--------+--------+--------+
|   Total   |    0   |   169  |   50   |
+-----------+--------+--------+--------+
