

================================================================
== Vitis HLS Report for 'compute_Pipeline_VITIS_LOOP_50_4'
================================================================
* Date:           Fri Feb 20 13:28:01 2026

* Version:        2025.1.1 (Build 6214317 on Sep 11 2025)
* Project:        project_1
* Solution:       hls (Vivado IP Flow Target)
* Product family: zynquplus
* Target device:  xczu3eg-sbva484-1-e


================================================================
== Performance Estimates
================================================================
+ Timing: 
    * Summary: 
    +--------+----------+----------+------------+
    |  Clock |  Target  | Estimated| Uncertainty|
    +--------+----------+----------+------------+
    |ap_clk  |  10.00 ns|  3.139 ns|     2.70 ns|
    +--------+----------+----------+------------+

+ Latency: 
    * Summary: 
    +---------+---------+----------+----------+-----+-----+------------------------------------------------+
    |  Latency (cycles) |  Latency (absolute) |  Interval |                    Pipeline                    |
    |   min   |   max   |    min   |    max   | min | max |                      Type                      |
    +---------+---------+----------+----------+-----+-----+------------------------------------------------+
    |      258|      258|  2.580 us|  2.580 us|  257|  257|  loop auto-rewind stp (delay=0 clock cycles(s))|
    +---------+---------+----------+----------+-----+-----+------------------------------------------------+

    + Detail: 
        * Instance: 
        N/A

        * Loop: 
        +-------------------+---------+---------+----------+-----------+-----------+------+----------+
        |                   |  Latency (cycles) | Iteration|  Initiation Interval  | Trip |          |
        |     Loop Name     |   min   |   max   |  Latency |  achieved |   target  | Count| Pipelined|
        +-------------------+---------+---------+----------+-----------+-----------+------+----------+
        |- VITIS_LOOP_50_4  |      256|      256|         2|          1|          1|   256|       yes|
        +-------------------+---------+---------+----------+-----------+-----------+------+----------+

============================================================
+ Verbose Summary: Synthesis Manager
============================================================
InlineROM: 1
ExposeGlobal: 0
============================================================
+ Verbose Summary: CDFG Model
============================================================
IsTopModel: 0
ResetActiveHigh: 1
IsCombinational: 0
IsDatapathOnly: 0
HasWiredReturn: 1
HasMFsm: 2
HasVarLatency: 1
IsPipeline: 0
IsRtlPipelined: 0
IsInstanceOverlapped: 0
IsDontTouch: 0
HasImplIP: 0
IsGatedGlobalClock: 0

+ Individual pipeline summary: 
  * Pipeline-0: initiation interval (II) = 1, depth = 2


============================================================
+ Verbose Summary: Schedule
============================================================
* Number of FSM states : 2
* Pipeline : 1
  Pipeline-0 : II = 1, D = 2, States = { 1 2 }
* Dataflow Pipeline: 0

* FSM state transitions: 
1 --> 2 
2 --> 

* FSM state operations: 

State 1 <SV = 0> <Delay = 1.89>
ST_1 : Operation 5 [1/1] (0.00ns)   --->   "%j = alloca i32 1" [top.cpp:50]   --->   Operation 5 'alloca' 'j' <Predicate = true> <Delay = 0.00>
ST_1 : Operation 6 [1/1] (0.00ns)   --->   "%tmp = read i1 @_ssdm_op_Read.ap_auto.i1, i1 %empty"   --->   Operation 6 'read' 'tmp' <Predicate = true> <Delay = 0.00>
ST_1 : Operation 7 [1/1] (0.48ns)   --->   "%store_ln50 = store i9 0, i9 %j" [top.cpp:50]   --->   Operation 7 'store' 'store_ln50' <Predicate = true> <Delay = 0.48>
ST_1 : Operation 8 [1/1] (0.00ns)   --->   "%br_ln0 = br void %for.body23"   --->   Operation 8 'br' 'br_ln0' <Predicate = true> <Delay = 0.00>
ST_1 : Operation 9 [1/1] (0.00ns)   --->   "%j_1 = load i9 %j" [top.cpp:50]   --->   Operation 9 'load' 'j_1' <Predicate = true> <Delay = 0.00>
ST_1 : Operation 10 [1/1] (0.92ns)   --->   "%icmp_ln50 = icmp_eq  i9 %j_1, i9 256" [top.cpp:50]   --->   Operation 10 'icmp' 'icmp_ln50' <Predicate = true> <Delay = 0.92> <CoreInst = "Cmp">   --->   Core 9 'Cmp' <Latency = 0> <II = 1> <Delay = 0.92> <FuncUnit> <Opcode : 'seteq' 'setne' 'setle' 'setge' 'setlt' 'setgt'> <InPorts = 2> <OutPorts = 1>
ST_1 : Operation 11 [1/1] (0.92ns)   --->   "%add_ln50 = add i9 %j_1, i9 1" [top.cpp:50]   --->   Operation 11 'add' 'add_ln50' <Predicate = true> <Delay = 0.92> <CoreInst = "Adder">   --->   Core 1 'Adder' <Latency = 0> <II = 1> <Delay = 0.92> <FuncUnit> <Opcode : 'add' 'sub'> <InPorts = 2> <OutPorts = 1>
ST_1 : Operation 12 [1/1] (0.00ns)   --->   "%br_ln50 = br i1 %icmp_ln50, void %for.body23.split, void %for.body55.preheader.exitStub" [top.cpp:50]   --->   Operation 12 'br' 'br_ln50' <Predicate = true> <Delay = 0.00>
ST_1 : Operation 13 [1/1] (0.00ns)   --->   "%trunc_ln50 = trunc i9 %j_1" [top.cpp:50]   --->   Operation 13 'trunc' 'trunc_ln50' <Predicate = (!icmp_ln50)> <Delay = 0.00>
ST_1 : Operation 14 [1/1] (0.00ns)   --->   "%specpipeline_ln51 = specpipeline void @_ssdm_op_SpecPipeline, i32 1, i32 0, i32 0, i32 0, void @empty_14" [top.cpp:51]   --->   Operation 14 'specpipeline' 'specpipeline_ln51' <Predicate = (!icmp_ln50)> <Delay = 0.00>
ST_1 : Operation 15 [1/1] (0.00ns)   --->   "%speclooptripcount_ln50 = speclooptripcount void @_ssdm_op_SpecLoopTripCount, i64 256, i64 256, i64 256" [top.cpp:50]   --->   Operation 15 'speclooptripcount' 'speclooptripcount_ln50' <Predicate = (!icmp_ln50)> <Delay = 0.00>
ST_1 : Operation 16 [1/1] (0.00ns)   --->   "%specloopname_ln50 = specloopname void @_ssdm_op_SpecLoopName, void @empty" [top.cpp:50]   --->   Operation 16 'specloopname' 'specloopname_ln50' <Predicate = (!icmp_ln50)> <Delay = 0.00>
ST_1 : Operation 17 [1/1] (0.00ns)   --->   "%lshr_ln2 = partselect i7 @_ssdm_op_PartSelect.i7.i9.i32.i32, i9 %j_1, i32 1, i32 7" [top.cpp:50]   --->   Operation 17 'partselect' 'lshr_ln2' <Predicate = (!icmp_ln50)> <Delay = 0.00>
ST_1 : Operation 18 [1/1] (0.00ns)   --->   "%zext_ln50 = zext i7 %lshr_ln2" [top.cpp:50]   --->   Operation 18 'zext' 'zext_ln50' <Predicate = (!icmp_ln50)> <Delay = 0.00>
ST_1 : Operation 19 [1/1] (0.00ns)   --->   "%bufferA_addr_1 = getelementptr i24 %bufferA, i64 0, i64 %zext_ln50" [top.cpp:56]   --->   Operation 19 'getelementptr' 'bufferA_addr_1' <Predicate = (!icmp_ln50)> <Delay = 0.00>
ST_1 : Operation 20 [1/1] (0.00ns)   --->   "%bufferA_1_addr_1 = getelementptr i24 %bufferA_1, i64 0, i64 %zext_ln50" [top.cpp:56]   --->   Operation 20 'getelementptr' 'bufferA_1_addr_1' <Predicate = (!icmp_ln50)> <Delay = 0.00>
ST_1 : Operation 21 [1/1] (0.00ns)   --->   "%tmp_s = bitconcatenate i8 @_ssdm_op_BitConcatenate.i8.i1.i7, i1 1, i7 %lshr_ln2" [top.cpp:57]   --->   Operation 21 'bitconcatenate' 'tmp_s' <Predicate = (!icmp_ln50)> <Delay = 0.00>
ST_1 : Operation 22 [1/1] (0.00ns)   --->   "%sext_ln57 = sext i8 %tmp_s" [top.cpp:57]   --->   Operation 22 'sext' 'sext_ln57' <Predicate = (!icmp_ln50)> <Delay = 0.00>
ST_1 : Operation 23 [1/1] (0.00ns)   --->   "%zext_ln57 = zext i14 %sext_ln57" [top.cpp:57]   --->   Operation 23 'zext' 'zext_ln57' <Predicate = (!icmp_ln50)> <Delay = 0.00>
ST_1 : Operation 24 [1/1] (0.00ns)   --->   "%bufferA_2_addr_1 = getelementptr i24 %bufferA_2, i64 0, i64 %zext_ln57" [top.cpp:57]   --->   Operation 24 'getelementptr' 'bufferA_2_addr_1' <Predicate = (!icmp_ln50)> <Delay = 0.00>
ST_1 : Operation 25 [1/1] (0.00ns)   --->   "%bufferA_3_addr_1 = getelementptr i24 %bufferA_3, i64 0, i64 %zext_ln57" [top.cpp:57]   --->   Operation 25 'getelementptr' 'bufferA_3_addr_1' <Predicate = (!icmp_ln50)> <Delay = 0.00>
ST_1 : Operation 26 [1/1] (0.00ns)   --->   "%bufferB_addr = getelementptr i24 %bufferB, i64 0, i64 %zext_ln50" [top.cpp:56]   --->   Operation 26 'getelementptr' 'bufferB_addr' <Predicate = (!icmp_ln50)> <Delay = 0.00>
ST_1 : Operation 27 [1/1] (0.00ns)   --->   "%bufferB_1_addr = getelementptr i24 %bufferB_1, i64 0, i64 %zext_ln50" [top.cpp:56]   --->   Operation 27 'getelementptr' 'bufferB_1_addr' <Predicate = (!icmp_ln50)> <Delay = 0.00>
ST_1 : Operation 28 [1/1] (0.00ns)   --->   "%bufferB_2_addr = getelementptr i24 %bufferB_2, i64 0, i64 %zext_ln57" [top.cpp:57]   --->   Operation 28 'getelementptr' 'bufferB_2_addr' <Predicate = (!icmp_ln50)> <Delay = 0.00>
ST_1 : Operation 29 [1/1] (0.00ns)   --->   "%bufferB_3_addr = getelementptr i24 %bufferB_3, i64 0, i64 %zext_ln57" [top.cpp:57]   --->   Operation 29 'getelementptr' 'bufferB_3_addr' <Predicate = (!icmp_ln50)> <Delay = 0.00>
ST_1 : Operation 30 [1/1] (0.00ns)   --->   "%br_ln52 = br i1 %tmp, void %if.then, void %if.else" [top.cpp:52]   --->   Operation 30 'br' 'br_ln52' <Predicate = (!icmp_ln50)> <Delay = 0.00>
ST_1 : Operation 31 [2/2] (1.35ns)   --->   "%bufferA_load = load i14 %bufferA_addr_1" [top.cpp:53]   --->   Operation 31 'load' 'bufferA_load' <Predicate = (!icmp_ln50 & !tmp)> <Delay = 1.35> <CoreInst = "RAM">   --->   Core 82 'RAM' <Latency = 1> <II = 1> <Delay = 1.35> <Storage> <Opcode : 'load' 'store'> <Ports = 2> <Width = 24> <Depth = 16384> <RAM>
ST_1 : Operation 32 [2/2] (1.35ns)   --->   "%bufferA_1_load = load i14 %bufferA_1_addr_1" [top.cpp:53]   --->   Operation 32 'load' 'bufferA_1_load' <Predicate = (!icmp_ln50 & !tmp)> <Delay = 1.35> <CoreInst = "RAM">   --->   Core 82 'RAM' <Latency = 1> <II = 1> <Delay = 1.35> <Storage> <Opcode : 'load' 'store'> <Ports = 2> <Width = 24> <Depth = 16384> <RAM>
ST_1 : Operation 33 [2/2] (1.35ns)   --->   "%bufferA_2_load = load i14 %bufferA_2_addr_1" [top.cpp:54]   --->   Operation 33 'load' 'bufferA_2_load' <Predicate = (!icmp_ln50 & !tmp)> <Delay = 1.35> <CoreInst = "RAM">   --->   Core 82 'RAM' <Latency = 1> <II = 1> <Delay = 1.35> <Storage> <Opcode : 'load' 'store'> <Ports = 2> <Width = 24> <Depth = 16384> <RAM>
ST_1 : Operation 34 [2/2] (1.35ns)   --->   "%bufferA_3_load = load i14 %bufferA_3_addr_1" [top.cpp:54]   --->   Operation 34 'load' 'bufferA_3_load' <Predicate = (!icmp_ln50 & !tmp)> <Delay = 1.35> <CoreInst = "RAM">   --->   Core 82 'RAM' <Latency = 1> <II = 1> <Delay = 1.35> <Storage> <Opcode : 'load' 'store'> <Ports = 2> <Width = 24> <Depth = 16384> <RAM>
ST_1 : Operation 35 [1/1] (0.00ns)   --->   "%br_ln53 = br i1 %trunc_ln50, void %arrayidx4437.case.0, void %arrayidx4437.case.1" [top.cpp:53]   --->   Operation 35 'br' 'br_ln53' <Predicate = (!icmp_ln50 & !tmp)> <Delay = 0.00>
ST_1 : Operation 36 [1/1] (0.00ns)   --->   "%br_ln55 = br void %for.inc48" [top.cpp:55]   --->   Operation 36 'br' 'br_ln55' <Predicate = (!icmp_ln50 & !tmp)> <Delay = 0.00>
ST_1 : Operation 37 [2/2] (1.35ns)   --->   "%bufferB_load = load i14 %bufferB_addr" [top.cpp:56]   --->   Operation 37 'load' 'bufferB_load' <Predicate = (!icmp_ln50 & tmp)> <Delay = 1.35> <CoreInst = "RAM">   --->   Core 82 'RAM' <Latency = 1> <II = 1> <Delay = 1.35> <Storage> <Opcode : 'load' 'store'> <Ports = 2> <Width = 24> <Depth = 16384> <RAM>
ST_1 : Operation 38 [2/2] (1.35ns)   --->   "%bufferB_1_load = load i14 %bufferB_1_addr" [top.cpp:56]   --->   Operation 38 'load' 'bufferB_1_load' <Predicate = (!icmp_ln50 & tmp)> <Delay = 1.35> <CoreInst = "RAM">   --->   Core 82 'RAM' <Latency = 1> <II = 1> <Delay = 1.35> <Storage> <Opcode : 'load' 'store'> <Ports = 2> <Width = 24> <Depth = 16384> <RAM>
ST_1 : Operation 39 [2/2] (1.35ns)   --->   "%bufferB_2_load = load i14 %bufferB_2_addr" [top.cpp:57]   --->   Operation 39 'load' 'bufferB_2_load' <Predicate = (!icmp_ln50 & tmp)> <Delay = 1.35> <CoreInst = "RAM">   --->   Core 82 'RAM' <Latency = 1> <II = 1> <Delay = 1.35> <Storage> <Opcode : 'load' 'store'> <Ports = 2> <Width = 24> <Depth = 16384> <RAM>
ST_1 : Operation 40 [2/2] (1.35ns)   --->   "%bufferB_3_load = load i14 %bufferB_3_addr" [top.cpp:57]   --->   Operation 40 'load' 'bufferB_3_load' <Predicate = (!icmp_ln50 & tmp)> <Delay = 1.35> <CoreInst = "RAM">   --->   Core 82 'RAM' <Latency = 1> <II = 1> <Delay = 1.35> <Storage> <Opcode : 'load' 'store'> <Ports = 2> <Width = 24> <Depth = 16384> <RAM>
ST_1 : Operation 41 [1/1] (0.00ns)   --->   "%br_ln56 = br i1 %trunc_ln50, void %arrayidx4738.case.0, void %arrayidx4738.case.1" [top.cpp:56]   --->   Operation 41 'br' 'br_ln56' <Predicate = (!icmp_ln50 & tmp)> <Delay = 0.00>
ST_1 : Operation 42 [1/1] (0.00ns)   --->   "%br_ln0 = br void %for.inc48"   --->   Operation 42 'br' 'br_ln0' <Predicate = (!icmp_ln50 & tmp)> <Delay = 0.00>
ST_1 : Operation 43 [1/1] (0.48ns)   --->   "%store_ln50 = store i9 %add_ln50, i9 %j" [top.cpp:50]   --->   Operation 43 'store' 'store_ln50' <Predicate = (!icmp_ln50)> <Delay = 0.48>
ST_1 : Operation 44 [1/1] (0.00ns)   --->   "%br_ln50 = br void %for.body23" [top.cpp:50]   --->   Operation 44 'br' 'br_ln50' <Predicate = (!icmp_ln50)> <Delay = 0.00>
ST_1 : Operation 69 [1/1] (0.48ns)   --->   "%ret_ln0 = ret"   --->   Operation 69 'ret' 'ret_ln0' <Predicate = (icmp_ln50)> <Delay = 0.48>

State 2 <SV = 1> <Delay = 3.13>
ST_2 : Operation 45 [1/2] ( I:1.35ns O:1.35ns )   --->   "%bufferA_load = load i14 %bufferA_addr_1" [top.cpp:53]   --->   Operation 45 'load' 'bufferA_load' <Predicate = (!tmp)> <Delay = 1.35> <CoreInst = "RAM">   --->   Core 82 'RAM' <Latency = 1> <II = 1> <Delay = 1.35> <Storage> <Opcode : 'load' 'store'> <Ports = 2> <Width = 24> <Depth = 16384> <RAM>
ST_2 : Operation 46 [1/2] ( I:1.35ns O:1.35ns )   --->   "%bufferA_1_load = load i14 %bufferA_1_addr_1" [top.cpp:53]   --->   Operation 46 'load' 'bufferA_1_load' <Predicate = (!tmp)> <Delay = 1.35> <CoreInst = "RAM">   --->   Core 82 'RAM' <Latency = 1> <II = 1> <Delay = 1.35> <Storage> <Opcode : 'load' 'store'> <Ports = 2> <Width = 24> <Depth = 16384> <RAM>
ST_2 : Operation 47 [1/1] (0.43ns)   --->   "%select_ln53 = select i1 %trunc_ln50, i24 %bufferA_1_load, i24 %bufferA_load" [top.cpp:53]   --->   Operation 47 'select' 'select_ln53' <Predicate = (!tmp)> <Delay = 0.43> <CoreInst = "Sel">   --->   Core 73 'Sel' <Latency = 0> <II = 1> <Delay = 0.43> <FuncUnit> <Opcode : 'select'> <InPorts = 3> <OutPorts = 1>
ST_2 : Operation 48 [1/2] ( I:1.35ns O:1.35ns )   --->   "%bufferA_2_load = load i14 %bufferA_2_addr_1" [top.cpp:54]   --->   Operation 48 'load' 'bufferA_2_load' <Predicate = (!tmp)> <Delay = 1.35> <CoreInst = "RAM">   --->   Core 82 'RAM' <Latency = 1> <II = 1> <Delay = 1.35> <Storage> <Opcode : 'load' 'store'> <Ports = 2> <Width = 24> <Depth = 16384> <RAM>
ST_2 : Operation 49 [1/2] ( I:1.35ns O:1.35ns )   --->   "%bufferA_3_load = load i14 %bufferA_3_addr_1" [top.cpp:54]   --->   Operation 49 'load' 'bufferA_3_load' <Predicate = (!tmp)> <Delay = 1.35> <CoreInst = "RAM">   --->   Core 82 'RAM' <Latency = 1> <II = 1> <Delay = 1.35> <Storage> <Opcode : 'load' 'store'> <Ports = 2> <Width = 24> <Depth = 16384> <RAM>
ST_2 : Operation 50 [1/1] (0.43ns)   --->   "%select_ln54 = select i1 %trunc_ln50, i24 %bufferA_3_load, i24 %bufferA_2_load" [top.cpp:54]   --->   Operation 50 'select' 'select_ln54' <Predicate = (!tmp)> <Delay = 0.43> <CoreInst = "Sel">   --->   Core 73 'Sel' <Latency = 0> <II = 1> <Delay = 0.43> <FuncUnit> <Opcode : 'select'> <InPorts = 3> <OutPorts = 1>
ST_2 : Operation 51 [1/1] ( I:1.35ns O:1.35ns )   --->   "%store_ln53 = store i24 %select_ln53, i14 %bufferB_addr" [top.cpp:53]   --->   Operation 51 'store' 'store_ln53' <Predicate = (!tmp & !trunc_ln50)> <Delay = 1.35> <CoreInst = "RAM">   --->   Core 82 'RAM' <Latency = 1> <II = 1> <Delay = 1.35> <Storage> <Opcode : 'load' 'store'> <Ports = 2> <Width = 24> <Depth = 16384> <RAM>
ST_2 : Operation 52 [1/1] ( I:1.35ns O:1.35ns )   --->   "%store_ln54 = store i24 %select_ln54, i14 %bufferB_2_addr" [top.cpp:54]   --->   Operation 52 'store' 'store_ln54' <Predicate = (!tmp & !trunc_ln50)> <Delay = 1.35> <CoreInst = "RAM">   --->   Core 82 'RAM' <Latency = 1> <II = 1> <Delay = 1.35> <Storage> <Opcode : 'load' 'store'> <Ports = 2> <Width = 24> <Depth = 16384> <RAM>
ST_2 : Operation 53 [1/1] (0.00ns)   --->   "%br_ln54 = br void %arrayidx4437.exit" [top.cpp:54]   --->   Operation 53 'br' 'br_ln54' <Predicate = (!tmp & !trunc_ln50)> <Delay = 0.00>
ST_2 : Operation 54 [1/1] ( I:1.35ns O:1.35ns )   --->   "%store_ln53 = store i24 %select_ln53, i14 %bufferB_1_addr" [top.cpp:53]   --->   Operation 54 'store' 'store_ln53' <Predicate = (!tmp & trunc_ln50)> <Delay = 1.35> <CoreInst = "RAM">   --->   Core 82 'RAM' <Latency = 1> <II = 1> <Delay = 1.35> <Storage> <Opcode : 'load' 'store'> <Ports = 2> <Width = 24> <Depth = 16384> <RAM>
ST_2 : Operation 55 [1/1] ( I:1.35ns O:1.35ns )   --->   "%store_ln54 = store i24 %select_ln54, i14 %bufferB_3_addr" [top.cpp:54]   --->   Operation 55 'store' 'store_ln54' <Predicate = (!tmp & trunc_ln50)> <Delay = 1.35> <CoreInst = "RAM">   --->   Core 82 'RAM' <Latency = 1> <II = 1> <Delay = 1.35> <Storage> <Opcode : 'load' 'store'> <Ports = 2> <Width = 24> <Depth = 16384> <RAM>
ST_2 : Operation 56 [1/1] (0.00ns)   --->   "%br_ln54 = br void %arrayidx4437.exit" [top.cpp:54]   --->   Operation 56 'br' 'br_ln54' <Predicate = (!tmp & trunc_ln50)> <Delay = 0.00>
ST_2 : Operation 57 [1/2] ( I:1.35ns O:1.35ns )   --->   "%bufferB_load = load i14 %bufferB_addr" [top.cpp:56]   --->   Operation 57 'load' 'bufferB_load' <Predicate = (tmp)> <Delay = 1.35> <CoreInst = "RAM">   --->   Core 82 'RAM' <Latency = 1> <II = 1> <Delay = 1.35> <Storage> <Opcode : 'load' 'store'> <Ports = 2> <Width = 24> <Depth = 16384> <RAM>
ST_2 : Operation 58 [1/2] ( I:1.35ns O:1.35ns )   --->   "%bufferB_1_load = load i14 %bufferB_1_addr" [top.cpp:56]   --->   Operation 58 'load' 'bufferB_1_load' <Predicate = (tmp)> <Delay = 1.35> <CoreInst = "RAM">   --->   Core 82 'RAM' <Latency = 1> <II = 1> <Delay = 1.35> <Storage> <Opcode : 'load' 'store'> <Ports = 2> <Width = 24> <Depth = 16384> <RAM>
ST_2 : Operation 59 [1/1] (0.43ns)   --->   "%select_ln56 = select i1 %trunc_ln50, i24 %bufferB_1_load, i24 %bufferB_load" [top.cpp:56]   --->   Operation 59 'select' 'select_ln56' <Predicate = (tmp)> <Delay = 0.43> <CoreInst = "Sel">   --->   Core 73 'Sel' <Latency = 0> <II = 1> <Delay = 0.43> <FuncUnit> <Opcode : 'select'> <InPorts = 3> <OutPorts = 1>
ST_2 : Operation 60 [1/2] ( I:1.35ns O:1.35ns )   --->   "%bufferB_2_load = load i14 %bufferB_2_addr" [top.cpp:57]   --->   Operation 60 'load' 'bufferB_2_load' <Predicate = (tmp)> <Delay = 1.35> <CoreInst = "RAM">   --->   Core 82 'RAM' <Latency = 1> <II = 1> <Delay = 1.35> <Storage> <Opcode : 'load' 'store'> <Ports = 2> <Width = 24> <Depth = 16384> <RAM>
ST_2 : Operation 61 [1/2] ( I:1.35ns O:1.35ns )   --->   "%bufferB_3_load = load i14 %bufferB_3_addr" [top.cpp:57]   --->   Operation 61 'load' 'bufferB_3_load' <Predicate = (tmp)> <Delay = 1.35> <CoreInst = "RAM">   --->   Core 82 'RAM' <Latency = 1> <II = 1> <Delay = 1.35> <Storage> <Opcode : 'load' 'store'> <Ports = 2> <Width = 24> <Depth = 16384> <RAM>
ST_2 : Operation 62 [1/1] (0.43ns)   --->   "%select_ln57 = select i1 %trunc_ln50, i24 %bufferB_3_load, i24 %bufferB_2_load" [top.cpp:57]   --->   Operation 62 'select' 'select_ln57' <Predicate = (tmp)> <Delay = 0.43> <CoreInst = "Sel">   --->   Core 73 'Sel' <Latency = 0> <II = 1> <Delay = 0.43> <FuncUnit> <Opcode : 'select'> <InPorts = 3> <OutPorts = 1>
ST_2 : Operation 63 [1/1] ( I:1.35ns O:1.35ns )   --->   "%store_ln56 = store i24 %select_ln56, i14 %bufferA_addr_1" [top.cpp:56]   --->   Operation 63 'store' 'store_ln56' <Predicate = (tmp & !trunc_ln50)> <Delay = 1.35> <CoreInst = "RAM">   --->   Core 82 'RAM' <Latency = 1> <II = 1> <Delay = 1.35> <Storage> <Opcode : 'load' 'store'> <Ports = 2> <Width = 24> <Depth = 16384> <RAM>
ST_2 : Operation 64 [1/1] ( I:1.35ns O:1.35ns )   --->   "%store_ln57 = store i24 %select_ln57, i14 %bufferA_2_addr_1" [top.cpp:57]   --->   Operation 64 'store' 'store_ln57' <Predicate = (tmp & !trunc_ln50)> <Delay = 1.35> <CoreInst = "RAM">   --->   Core 82 'RAM' <Latency = 1> <II = 1> <Delay = 1.35> <Storage> <Opcode : 'load' 'store'> <Ports = 2> <Width = 24> <Depth = 16384> <RAM>
ST_2 : Operation 65 [1/1] (0.00ns)   --->   "%br_ln57 = br void %arrayidx4738.exit" [top.cpp:57]   --->   Operation 65 'br' 'br_ln57' <Predicate = (tmp & !trunc_ln50)> <Delay = 0.00>
ST_2 : Operation 66 [1/1] ( I:1.35ns O:1.35ns )   --->   "%store_ln56 = store i24 %select_ln56, i14 %bufferA_1_addr_1" [top.cpp:56]   --->   Operation 66 'store' 'store_ln56' <Predicate = (tmp & trunc_ln50)> <Delay = 1.35> <CoreInst = "RAM">   --->   Core 82 'RAM' <Latency = 1> <II = 1> <Delay = 1.35> <Storage> <Opcode : 'load' 'store'> <Ports = 2> <Width = 24> <Depth = 16384> <RAM>
ST_2 : Operation 67 [1/1] ( I:1.35ns O:1.35ns )   --->   "%store_ln57 = store i24 %select_ln57, i14 %bufferA_3_addr_1" [top.cpp:57]   --->   Operation 67 'store' 'store_ln57' <Predicate = (tmp & trunc_ln50)> <Delay = 1.35> <CoreInst = "RAM">   --->   Core 82 'RAM' <Latency = 1> <II = 1> <Delay = 1.35> <Storage> <Opcode : 'load' 'store'> <Ports = 2> <Width = 24> <Depth = 16384> <RAM>
ST_2 : Operation 68 [1/1] (0.00ns)   --->   "%br_ln57 = br void %arrayidx4738.exit" [top.cpp:57]   --->   Operation 68 'br' 'br_ln57' <Predicate = (tmp & trunc_ln50)> <Delay = 0.00>


============================================================
+ Verbose Summary: Binding
============================================================
STG Binding: 
---------------- STG Properties BEGIN ----------------
- Is combinational: 0
- Is one-state seq: 0
- Is datapath-only: 0
- Is pipelined: 0
- Is top level: 0
Port [ Return ] is wired: 1; IO mode=ap_ctrl_hs:ce=0
Port [ bufferA]:  wired=1; compound=1; hidden=0; nouse=0; global=0; static=0; extern=0; dir=2; type=1; pingpong=0; private_global=0; MemPort=[01]; IO mode=ap_memory:ce=0
Port [ bufferA_1]:  wired=1; compound=1; hidden=0; nouse=0; global=0; static=0; extern=0; dir=2; type=1; pingpong=0; private_global=0; MemPort=[01]; IO mode=ap_memory:ce=0
Port [ bufferA_2]:  wired=1; compound=1; hidden=0; nouse=0; global=0; static=0; extern=0; dir=2; type=1; pingpong=0; private_global=0; MemPort=[01]; IO mode=ap_memory:ce=0
Port [ bufferA_3]:  wired=1; compound=1; hidden=0; nouse=0; global=0; static=0; extern=0; dir=2; type=1; pingpong=0; private_global=0; MemPort=[01]; IO mode=ap_memory:ce=0
Port [ bufferB]:  wired=1; compound=1; hidden=0; nouse=0; global=0; static=0; extern=0; dir=2; type=1; pingpong=0; private_global=0; MemPort=[01]; IO mode=ap_memory:ce=0
Port [ bufferB_1]:  wired=1; compound=1; hidden=0; nouse=0; global=0; static=0; extern=0; dir=2; type=1; pingpong=0; private_global=0; MemPort=[01]; IO mode=ap_memory:ce=0
Port [ bufferB_2]:  wired=1; compound=1; hidden=0; nouse=0; global=0; static=0; extern=0; dir=2; type=1; pingpong=0; private_global=0; MemPort=[01]; IO mode=ap_memory:ce=0
Port [ bufferB_3]:  wired=1; compound=1; hidden=0; nouse=0; global=0; static=0; extern=0; dir=2; type=1; pingpong=0; private_global=0; MemPort=[01]; IO mode=ap_memory:ce=0
Port [ empty]:  wired=1; compound=0; hidden=0; nouse=0; global=0; static=0; extern=0; dir=0; type=0; pingpong=0; private_global=0; IO mode=ap_none:ce=0
---------------- STG Properties END ------------------

---------------- Datapath Model BEGIN ----------------

<LifeTime>
<method=bitvector/>
j                      (alloca           ) [ 010]
tmp                    (read             ) [ 011]
store_ln50             (store            ) [ 000]
br_ln0                 (br               ) [ 000]
j_1                    (load             ) [ 000]
icmp_ln50              (icmp             ) [ 010]
add_ln50               (add              ) [ 000]
br_ln50                (br               ) [ 000]
trunc_ln50             (trunc            ) [ 011]
specpipeline_ln51      (specpipeline     ) [ 000]
speclooptripcount_ln50 (speclooptripcount) [ 000]
specloopname_ln50      (specloopname     ) [ 000]
lshr_ln2               (partselect       ) [ 000]
zext_ln50              (zext             ) [ 000]
bufferA_addr_1         (getelementptr    ) [ 011]
bufferA_1_addr_1       (getelementptr    ) [ 011]
tmp_s                  (bitconcatenate   ) [ 000]
sext_ln57              (sext             ) [ 000]
zext_ln57              (zext             ) [ 000]
bufferA_2_addr_1       (getelementptr    ) [ 011]
bufferA_3_addr_1       (getelementptr    ) [ 011]
bufferB_addr           (getelementptr    ) [ 011]
bufferB_1_addr         (getelementptr    ) [ 011]
bufferB_2_addr         (getelementptr    ) [ 011]
bufferB_3_addr         (getelementptr    ) [ 011]
br_ln52                (br               ) [ 000]
br_ln53                (br               ) [ 000]
br_ln55                (br               ) [ 000]
br_ln56                (br               ) [ 000]
br_ln0                 (br               ) [ 000]
store_ln50             (store            ) [ 000]
br_ln50                (br               ) [ 000]
bufferA_load           (load             ) [ 000]
bufferA_1_load         (load             ) [ 000]
select_ln53            (select           ) [ 000]
bufferA_2_load         (load             ) [ 000]
bufferA_3_load         (load             ) [ 000]
select_ln54            (select           ) [ 000]
store_ln53             (store            ) [ 000]
store_ln54             (store            ) [ 000]
br_ln54                (br               ) [ 000]
store_ln53             (store            ) [ 000]
store_ln54             (store            ) [ 000]
br_ln54                (br               ) [ 000]
bufferB_load           (load             ) [ 000]
bufferB_1_load         (load             ) [ 000]
select_ln56            (select           ) [ 000]
bufferB_2_load         (load             ) [ 000]
bufferB_3_load         (load             ) [ 000]
select_ln57            (select           ) [ 000]
store_ln56             (store            ) [ 000]
store_ln57             (store            ) [ 000]
br_ln57                (br               ) [ 000]
store_ln56             (store            ) [ 000]
store_ln57             (store            ) [ 000]
br_ln57                (br               ) [ 000]
ret_ln0                (ret              ) [ 000]
</LifeTime>

<model>

<comp_list>
<comp id="0" class="1000" name="bufferA">
<pin_list>
<pin id="1" dir="1" index="0" bw="1" slack="0"/>
</pin_list>
<bind>
<StgValue><ssdm name="bufferA"/><MemPortTyVec>0 1 </MemPortTyVec>
</StgValue>
</bind>
</comp>

<comp id="2" class="1000" name="bufferA_1">
<pin_list>
<pin id="3" dir="1" index="0" bw="1" slack="0"/>
</pin_list>
<bind>
<StgValue><ssdm name="bufferA_1"/><MemPortTyVec>0 1 </MemPortTyVec>
</StgValue>
</bind>
</comp>

<comp id="4" class="1000" name="bufferA_2">
<pin_list>
<pin id="5" dir="1" index="0" bw="1" slack="0"/>
</pin_list>
<bind>
<StgValue><ssdm name="bufferA_2"/><MemPortTyVec>0 1 </MemPortTyVec>
</StgValue>
</bind>
</comp>

<comp id="6" class="1000" name="bufferA_3">
<pin_list>
<pin id="7" dir="1" index="0" bw="1" slack="0"/>
</pin_list>
<bind>
<StgValue><ssdm name="bufferA_3"/><MemPortTyVec>0 1 </MemPortTyVec>
</StgValue>
</bind>
</comp>

<comp id="8" class="1000" name="bufferB">
<pin_list>
<pin id="9" dir="1" index="0" bw="1" slack="0"/>
</pin_list>
<bind>
<StgValue><ssdm name="bufferB"/><MemPortTyVec>0 1 </MemPortTyVec>
</StgValue>
</bind>
</comp>

<comp id="10" class="1000" name="bufferB_1">
<pin_list>
<pin id="11" dir="1" index="0" bw="1" slack="0"/>
</pin_list>
<bind>
<StgValue><ssdm name="bufferB_1"/><MemPortTyVec>0 1 </MemPortTyVec>
</StgValue>
</bind>
</comp>

<comp id="12" class="1000" name="bufferB_2">
<pin_list>
<pin id="13" dir="1" index="0" bw="1" slack="0"/>
</pin_list>
<bind>
<StgValue><ssdm name="bufferB_2"/><MemPortTyVec>0 1 </MemPortTyVec>
</StgValue>
</bind>
</comp>

<comp id="14" class="1000" name="bufferB_3">
<pin_list>
<pin id="15" dir="1" index="0" bw="1" slack="0"/>
</pin_list>
<bind>
<StgValue><ssdm name="bufferB_3"/><MemPortTyVec>0 1 </MemPortTyVec>
</StgValue>
</bind>
</comp>

<comp id="16" class="1000" name="empty">
<pin_list>
<pin id="17" dir="1" index="0" bw="1" slack="0"/>
</pin_list>
<bind>
<StgValue><ssdm name="empty"/></StgValue>
</bind>
</comp>

<comp id="18" class="1001" name="const_18">
<pin_list>
<pin id="19" dir="1" index="0" bw="1" slack="0"/>
</pin_list>
<bind>
<StgValue><ssdm name=""/></StgValue>
</bind>
</comp>

<comp id="20" class="1001" name="const_20">
<pin_list>
<pin id="21" dir="1" index="0" bw="1" slack="0"/>
</pin_list>
<bind>
<StgValue><ssdm name="_ssdm_op_Read.ap_auto.i1"/></StgValue>
</bind>
</comp>

<comp id="22" class="1001" name="const_22">
<pin_list>
<pin id="23" dir="1" index="0" bw="1" slack="0"/>
</pin_list>
<bind>
<StgValue><ssdm name=""/></StgValue>
</bind>
</comp>

<comp id="24" class="1001" name="const_24">
<pin_list>
<pin id="25" dir="1" index="0" bw="1" slack="0"/>
</pin_list>
<bind>
<StgValue><ssdm name=""/></StgValue>
</bind>
</comp>

<comp id="26" class="1001" name="const_26">
<pin_list>
<pin id="27" dir="1" index="0" bw="1" slack="0"/>
</pin_list>
<bind>
<StgValue><ssdm name=""/></StgValue>
</bind>
</comp>

<comp id="28" class="1001" name="const_28">
<pin_list>
<pin id="29" dir="1" index="0" bw="1" slack="2147483647"/>
</pin_list>
<bind>
<StgValue><ssdm name="_ssdm_op_SpecPipeline"/></StgValue>
</bind>
</comp>

<comp id="30" class="1001" name="const_30">
<pin_list>
<pin id="31" dir="1" index="0" bw="1" slack="2147483647"/>
</pin_list>
<bind>
<StgValue><ssdm name=""/></StgValue>
</bind>
</comp>

<comp id="32" class="1001" name="const_32">
<pin_list>
<pin id="33" dir="1" index="0" bw="1" slack="2147483647"/>
</pin_list>
<bind>
<StgValue><ssdm name="empty_14"/></StgValue>
</bind>
</comp>

<comp id="34" class="1001" name="const_34">
<pin_list>
<pin id="35" dir="1" index="0" bw="1" slack="2147483647"/>
</pin_list>
<bind>
<StgValue><ssdm name="_ssdm_op_SpecLoopTripCount"/></StgValue>
</bind>
</comp>

<comp id="36" class="1001" name="const_36">
<pin_list>
<pin id="37" dir="1" index="0" bw="1" slack="2147483647"/>
</pin_list>
<bind>
<StgValue><ssdm name=""/></StgValue>
</bind>
</comp>

<comp id="38" class="1001" name="const_38">
<pin_list>
<pin id="39" dir="1" index="0" bw="1" slack="2147483647"/>
</pin_list>
<bind>
<StgValue><ssdm name="_ssdm_op_SpecLoopName"/></StgValue>
</bind>
</comp>

<comp id="40" class="1001" name="const_40">
<pin_list>
<pin id="41" dir="1" index="0" bw="1" slack="2147483647"/>
</pin_list>
<bind>
<StgValue><ssdm name="empty"/></StgValue>
</bind>
</comp>

<comp id="42" class="1001" name="const_42">
<pin_list>
<pin id="43" dir="1" index="0" bw="1" slack="0"/>
</pin_list>
<bind>
<StgValue><ssdm name="_ssdm_op_PartSelect.i7.i9.i32.i32"/></StgValue>
</bind>
</comp>

<comp id="44" class="1001" name="const_44">
<pin_list>
<pin id="45" dir="1" index="0" bw="1" slack="0"/>
</pin_list>
<bind>
<StgValue><ssdm name=""/></StgValue>
</bind>
</comp>

<comp id="46" class="1001" name="const_46">
<pin_list>
<pin id="47" dir="1" index="0" bw="1" slack="0"/>
</pin_list>
<bind>
<StgValue><ssdm name=""/></StgValue>
</bind>
</comp>

<comp id="48" class="1001" name="const_48">
<pin_list>
<pin id="49" dir="1" index="0" bw="1" slack="0"/>
</pin_list>
<bind>
<StgValue><ssdm name="_ssdm_op_BitConcatenate.i8.i1.i7"/></StgValue>
</bind>
</comp>

<comp id="50" class="1001" name="const_50">
<pin_list>
<pin id="51" dir="1" index="0" bw="1" slack="0"/>
</pin_list>
<bind>
<StgValue><ssdm name=""/></StgValue>
</bind>
</comp>

<comp id="52" class="1004" name="j_fu_52">
<pin_list>
<pin id="53" dir="0" index="0" bw="1" slack="0"/>
<pin id="54" dir="1" index="1" bw="9" slack="0"/>
</pin_list>
<bind>
<opcode="alloca(26) " fcode="alloca"/>
<opset="j/1 "/>
</bind>
</comp>

<comp id="56" class="1004" name="tmp_read_fu_56">
<pin_list>
<pin id="57" dir="0" index="0" bw="1" slack="0"/>
<pin id="58" dir="0" index="1" bw="1" slack="0"/>
<pin id="59" dir="1" index="2" bw="1" slack="1"/>
</pin_list>
<bind>
<opcode="read(1150) " fcode="read"/>
<opset="tmp/1 "/>
</bind>
</comp>

<comp id="62" class="1004" name="bufferA_addr_1_gep_fu_62">
<pin_list>
<pin id="63" dir="0" index="0" bw="24" slack="0"/>
<pin id="64" dir="0" index="1" bw="1" slack="0"/>
<pin id="65" dir="0" index="2" bw="7" slack="0"/>
<pin id="66" dir="1" index="3" bw="14" slack="0"/>
</pin_list>
<bind>
<opcode="getelementptr(29) " fcode="getelementptr"/>
<opset="bufferA_addr_1/1 "/>
</bind>
</comp>

<comp id="69" class="1004" name="bufferA_1_addr_1_gep_fu_69">
<pin_list>
<pin id="70" dir="0" index="0" bw="24" slack="0"/>
<pin id="71" dir="0" index="1" bw="1" slack="0"/>
<pin id="72" dir="0" index="2" bw="7" slack="0"/>
<pin id="73" dir="1" index="3" bw="14" slack="0"/>
</pin_list>
<bind>
<opcode="getelementptr(29) " fcode="getelementptr"/>
<opset="bufferA_1_addr_1/1 "/>
</bind>
</comp>

<comp id="76" class="1004" name="bufferA_2_addr_1_gep_fu_76">
<pin_list>
<pin id="77" dir="0" index="0" bw="24" slack="0"/>
<pin id="78" dir="0" index="1" bw="1" slack="0"/>
<pin id="79" dir="0" index="2" bw="14" slack="0"/>
<pin id="80" dir="1" index="3" bw="14" slack="0"/>
</pin_list>
<bind>
<opcode="getelementptr(29) " fcode="getelementptr"/>
<opset="bufferA_2_addr_1/1 "/>
</bind>
</comp>

<comp id="83" class="1004" name="bufferA_3_addr_1_gep_fu_83">
<pin_list>
<pin id="84" dir="0" index="0" bw="24" slack="0"/>
<pin id="85" dir="0" index="1" bw="1" slack="0"/>
<pin id="86" dir="0" index="2" bw="14" slack="0"/>
<pin id="87" dir="1" index="3" bw="14" slack="0"/>
</pin_list>
<bind>
<opcode="getelementptr(29) " fcode="getelementptr"/>
<opset="bufferA_3_addr_1/1 "/>
</bind>
</comp>

<comp id="90" class="1004" name="bufferB_addr_gep_fu_90">
<pin_list>
<pin id="91" dir="0" index="0" bw="24" slack="0"/>
<pin id="92" dir="0" index="1" bw="1" slack="0"/>
<pin id="93" dir="0" index="2" bw="7" slack="0"/>
<pin id="94" dir="1" index="3" bw="14" slack="0"/>
</pin_list>
<bind>
<opcode="getelementptr(29) " fcode="getelementptr"/>
<opset="bufferB_addr/1 "/>
</bind>
</comp>

<comp id="97" class="1004" name="bufferB_1_addr_gep_fu_97">
<pin_list>
<pin id="98" dir="0" index="0" bw="24" slack="0"/>
<pin id="99" dir="0" index="1" bw="1" slack="0"/>
<pin id="100" dir="0" index="2" bw="7" slack="0"/>
<pin id="101" dir="1" index="3" bw="14" slack="0"/>
</pin_list>
<bind>
<opcode="getelementptr(29) " fcode="getelementptr"/>
<opset="bufferB_1_addr/1 "/>
</bind>
</comp>

<comp id="104" class="1004" name="bufferB_2_addr_gep_fu_104">
<pin_list>
<pin id="105" dir="0" index="0" bw="24" slack="0"/>
<pin id="106" dir="0" index="1" bw="1" slack="0"/>
<pin id="107" dir="0" index="2" bw="14" slack="0"/>
<pin id="108" dir="1" index="3" bw="14" slack="0"/>
</pin_list>
<bind>
<opcode="getelementptr(29) " fcode="getelementptr"/>
<opset="bufferB_2_addr/1 "/>
</bind>
</comp>

<comp id="111" class="1004" name="bufferB_3_addr_gep_fu_111">
<pin_list>
<pin id="112" dir="0" index="0" bw="24" slack="0"/>
<pin id="113" dir="0" index="1" bw="1" slack="0"/>
<pin id="114" dir="0" index="2" bw="14" slack="0"/>
<pin id="115" dir="1" index="3" bw="14" slack="0"/>
</pin_list>
<bind>
<opcode="getelementptr(29) " fcode="getelementptr"/>
<opset="bufferB_3_addr/1 "/>
</bind>
</comp>

<comp id="118" class="1004" name="grp_access_fu_118">
<pin_list>
<pin id="119" dir="0" index="0" bw="14" slack="1"/>
<pin id="120" dir="0" index="1" bw="24" slack="0"/>
<pin id="121" dir="0" index="2" bw="0" slack="0"/>
<pin id="123" dir="0" index="4" bw="14" slack="2147483647"/>
<pin id="124" dir="0" index="5" bw="24" slack="2147483647"/>
<pin id="125" dir="0" index="6" bw="0" slack="2147483647"/>
<pin id="122" dir="1" index="3" bw="24" slack="2147483647"/>
<pin id="126" dir="1" index="7" bw="24" slack="0"/>
</pin_list>
<bind>
<opcode="load(27) store(28) " fcode="store"/>
<opset="bufferA_load/1 store_ln56/2 "/>
</bind>
</comp>

<comp id="128" class="1004" name="grp_access_fu_128">
<pin_list>
<pin id="129" dir="0" index="0" bw="14" slack="1"/>
<pin id="130" dir="0" index="1" bw="24" slack="0"/>
<pin id="131" dir="0" index="2" bw="0" slack="0"/>
<pin id="133" dir="0" index="4" bw="14" slack="2147483647"/>
<pin id="134" dir="0" index="5" bw="24" slack="2147483647"/>
<pin id="135" dir="0" index="6" bw="0" slack="2147483647"/>
<pin id="132" dir="1" index="3" bw="24" slack="2147483647"/>
<pin id="136" dir="1" index="7" bw="24" slack="0"/>
</pin_list>
<bind>
<opcode="load(27) store(28) " fcode="store"/>
<opset="bufferA_1_load/1 store_ln56/2 "/>
</bind>
</comp>

<comp id="138" class="1004" name="grp_access_fu_138">
<pin_list>
<pin id="139" dir="0" index="0" bw="14" slack="1"/>
<pin id="140" dir="0" index="1" bw="24" slack="0"/>
<pin id="141" dir="0" index="2" bw="0" slack="0"/>
<pin id="143" dir="0" index="4" bw="14" slack="2147483647"/>
<pin id="144" dir="0" index="5" bw="24" slack="2147483647"/>
<pin id="145" dir="0" index="6" bw="0" slack="2147483647"/>
<pin id="142" dir="1" index="3" bw="24" slack="2147483647"/>
<pin id="146" dir="1" index="7" bw="24" slack="0"/>
</pin_list>
<bind>
<opcode="load(27) store(28) " fcode="store"/>
<opset="bufferA_2_load/1 store_ln57/2 "/>
</bind>
</comp>

<comp id="148" class="1004" name="grp_access_fu_148">
<pin_list>
<pin id="149" dir="0" index="0" bw="14" slack="1"/>
<pin id="150" dir="0" index="1" bw="24" slack="0"/>
<pin id="151" dir="0" index="2" bw="0" slack="0"/>
<pin id="153" dir="0" index="4" bw="14" slack="2147483647"/>
<pin id="154" dir="0" index="5" bw="24" slack="2147483647"/>
<pin id="155" dir="0" index="6" bw="0" slack="2147483647"/>
<pin id="152" dir="1" index="3" bw="24" slack="2147483647"/>
<pin id="156" dir="1" index="7" bw="24" slack="0"/>
</pin_list>
<bind>
<opcode="load(27) store(28) " fcode="store"/>
<opset="bufferA_3_load/1 store_ln57/2 "/>
</bind>
</comp>

<comp id="158" class="1004" name="grp_access_fu_158">
<pin_list>
<pin id="159" dir="0" index="0" bw="14" slack="1"/>
<pin id="160" dir="0" index="1" bw="24" slack="0"/>
<pin id="161" dir="0" index="2" bw="0" slack="0"/>
<pin id="163" dir="0" index="4" bw="14" slack="2147483647"/>
<pin id="164" dir="0" index="5" bw="24" slack="2147483647"/>
<pin id="165" dir="0" index="6" bw="0" slack="2147483647"/>
<pin id="162" dir="1" index="3" bw="24" slack="2147483647"/>
<pin id="166" dir="1" index="7" bw="24" slack="0"/>
</pin_list>
<bind>
<opcode="load(27) store(28) " fcode="store"/>
<opset="bufferB_load/1 store_ln53/2 "/>
</bind>
</comp>

<comp id="168" class="1004" name="grp_access_fu_168">
<pin_list>
<pin id="169" dir="0" index="0" bw="14" slack="1"/>
<pin id="170" dir="0" index="1" bw="24" slack="0"/>
<pin id="171" dir="0" index="2" bw="0" slack="0"/>
<pin id="173" dir="0" index="4" bw="14" slack="2147483647"/>
<pin id="174" dir="0" index="5" bw="24" slack="2147483647"/>
<pin id="175" dir="0" index="6" bw="0" slack="2147483647"/>
<pin id="172" dir="1" index="3" bw="24" slack="2147483647"/>
<pin id="176" dir="1" index="7" bw="24" slack="0"/>
</pin_list>
<bind>
<opcode="load(27) store(28) " fcode="store"/>
<opset="bufferB_1_load/1 store_ln53/2 "/>
</bind>
</comp>

<comp id="178" class="1004" name="grp_access_fu_178">
<pin_list>
<pin id="179" dir="0" index="0" bw="14" slack="1"/>
<pin id="180" dir="0" index="1" bw="24" slack="0"/>
<pin id="181" dir="0" index="2" bw="0" slack="0"/>
<pin id="183" dir="0" index="4" bw="14" slack="2147483647"/>
<pin id="184" dir="0" index="5" bw="24" slack="2147483647"/>
<pin id="185" dir="0" index="6" bw="0" slack="2147483647"/>
<pin id="182" dir="1" index="3" bw="24" slack="2147483647"/>
<pin id="186" dir="1" index="7" bw="24" slack="0"/>
</pin_list>
<bind>
<opcode="load(27) store(28) " fcode="store"/>
<opset="bufferB_2_load/1 store_ln54/2 "/>
</bind>
</comp>

<comp id="188" class="1004" name="grp_access_fu_188">
<pin_list>
<pin id="189" dir="0" index="0" bw="14" slack="1"/>
<pin id="190" dir="0" index="1" bw="24" slack="0"/>
<pin id="191" dir="0" index="2" bw="0" slack="0"/>
<pin id="193" dir="0" index="4" bw="14" slack="2147483647"/>
<pin id="194" dir="0" index="5" bw="24" slack="2147483647"/>
<pin id="195" dir="0" index="6" bw="0" slack="2147483647"/>
<pin id="192" dir="1" index="3" bw="24" slack="2147483647"/>
<pin id="196" dir="1" index="7" bw="24" slack="0"/>
</pin_list>
<bind>
<opcode="load(27) store(28) " fcode="store"/>
<opset="bufferB_3_load/1 store_ln54/2 "/>
</bind>
</comp>

<comp id="198" class="1004" name="store_ln50_store_fu_198">
<pin_list>
<pin id="199" dir="0" index="0" bw="1" slack="0"/>
<pin id="200" dir="0" index="1" bw="9" slack="0"/>
<pin id="201" dir="1" index="2" bw="0" slack="2147483647"/>
</pin_list>
<bind>
<opcode="store(28) " fcode="store"/>
<opset="store_ln50/1 "/>
</bind>
</comp>

<comp id="203" class="1004" name="j_1_load_fu_203">
<pin_list>
<pin id="204" dir="0" index="0" bw="9" slack="0"/>
<pin id="205" dir="1" index="1" bw="9" slack="0"/>
</pin_list>
<bind>
<opcode="load(27) " fcode="load"/>
<opset="j_1/1 "/>
</bind>
</comp>

<comp id="206" class="1004" name="icmp_ln50_fu_206">
<pin_list>
<pin id="207" dir="0" index="0" bw="9" slack="0"/>
<pin id="208" dir="0" index="1" bw="9" slack="0"/>
<pin id="209" dir="1" index="2" bw="1" slack="2147483647"/>
</pin_list>
<bind>
<opcode="icmp(45) " fcode="icmp"/>
<opset="icmp_ln50/1 "/>
</bind>
</comp>

<comp id="212" class="1004" name="add_ln50_fu_212">
<pin_list>
<pin id="213" dir="0" index="0" bw="9" slack="0"/>
<pin id="214" dir="0" index="1" bw="1" slack="0"/>
<pin id="215" dir="1" index="2" bw="9" slack="0"/>
</pin_list>
<bind>
<opcode="add(8) " fcode="add"/>
<opset="add_ln50/1 "/>
</bind>
</comp>

<comp id="218" class="1004" name="trunc_ln50_fu_218">
<pin_list>
<pin id="219" dir="0" index="0" bw="9" slack="0"/>
<pin id="220" dir="1" index="1" bw="1" slack="1"/>
</pin_list>
<bind>
<opcode="trunc(33) " fcode="trunc"/>
<opset="trunc_ln50/1 "/>
</bind>
</comp>

<comp id="222" class="1004" name="lshr_ln2_fu_222">
<pin_list>
<pin id="223" dir="0" index="0" bw="7" slack="0"/>
<pin id="224" dir="0" index="1" bw="9" slack="0"/>
<pin id="225" dir="0" index="2" bw="1" slack="0"/>
<pin id="226" dir="0" index="3" bw="4" slack="0"/>
<pin id="227" dir="1" index="4" bw="7" slack="0"/>
</pin_list>
<bind>
<opcode="partselect(1002) " fcode="partselect"/>
<opset="lshr_ln2/1 "/>
</bind>
</comp>

<comp id="232" class="1004" name="zext_ln50_fu_232">
<pin_list>
<pin id="233" dir="0" index="0" bw="7" slack="0"/>
<pin id="234" dir="1" index="1" bw="64" slack="0"/>
</pin_list>
<bind>
<opcode="zext(34) " fcode="zext"/>
<opset="zext_ln50/1 "/>
</bind>
</comp>

<comp id="240" class="1004" name="tmp_s_fu_240">
<pin_list>
<pin id="241" dir="0" index="0" bw="8" slack="0"/>
<pin id="242" dir="0" index="1" bw="1" slack="0"/>
<pin id="243" dir="0" index="2" bw="7" slack="0"/>
<pin id="244" dir="1" index="3" bw="8" slack="0"/>
</pin_list>
<bind>
<opcode="bitconcatenate(1004) " fcode="bitconcatenate"/>
<opset="tmp_s/1 "/>
</bind>
</comp>

<comp id="248" class="1004" name="sext_ln57_fu_248">
<pin_list>
<pin id="249" dir="0" index="0" bw="8" slack="0"/>
<pin id="250" dir="1" index="1" bw="14" slack="0"/>
</pin_list>
<bind>
<opcode="sext(35) " fcode="sext"/>
<opset="sext_ln57/1 "/>
</bind>
</comp>

<comp id="252" class="1004" name="zext_ln57_fu_252">
<pin_list>
<pin id="253" dir="0" index="0" bw="8" slack="0"/>
<pin id="254" dir="1" index="1" bw="64" slack="0"/>
</pin_list>
<bind>
<opcode="zext(34) " fcode="zext"/>
<opset="zext_ln57/1 "/>
</bind>
</comp>

<comp id="260" class="1004" name="store_ln50_store_fu_260">
<pin_list>
<pin id="261" dir="0" index="0" bw="9" slack="0"/>
<pin id="262" dir="0" index="1" bw="9" slack="0"/>
<pin id="263" dir="1" index="2" bw="0" slack="2147483647"/>
</pin_list>
<bind>
<opcode="store(28) " fcode="store"/>
<opset="store_ln50/1 "/>
</bind>
</comp>

<comp id="265" class="1004" name="select_ln53_fu_265">
<pin_list>
<pin id="266" dir="0" index="0" bw="1" slack="1"/>
<pin id="267" dir="0" index="1" bw="24" slack="0"/>
<pin id="268" dir="0" index="2" bw="24" slack="0"/>
<pin id="269" dir="1" index="3" bw="24" slack="0"/>
</pin_list>
<bind>
<opcode="select(49) " fcode="select"/>
<opset="select_ln53/2 "/>
</bind>
</comp>

<comp id="274" class="1004" name="select_ln54_fu_274">
<pin_list>
<pin id="275" dir="0" index="0" bw="1" slack="1"/>
<pin id="276" dir="0" index="1" bw="24" slack="0"/>
<pin id="277" dir="0" index="2" bw="24" slack="0"/>
<pin id="278" dir="1" index="3" bw="24" slack="0"/>
</pin_list>
<bind>
<opcode="select(49) " fcode="select"/>
<opset="select_ln54/2 "/>
</bind>
</comp>

<comp id="283" class="1004" name="select_ln56_fu_283">
<pin_list>
<pin id="284" dir="0" index="0" bw="1" slack="1"/>
<pin id="285" dir="0" index="1" bw="24" slack="0"/>
<pin id="286" dir="0" index="2" bw="24" slack="0"/>
<pin id="287" dir="1" index="3" bw="24" slack="0"/>
</pin_list>
<bind>
<opcode="select(49) " fcode="select"/>
<opset="select_ln56/2 "/>
</bind>
</comp>

<comp id="292" class="1004" name="select_ln57_fu_292">
<pin_list>
<pin id="293" dir="0" index="0" bw="1" slack="1"/>
<pin id="294" dir="0" index="1" bw="24" slack="0"/>
<pin id="295" dir="0" index="2" bw="24" slack="0"/>
<pin id="296" dir="1" index="3" bw="24" slack="0"/>
</pin_list>
<bind>
<opcode="select(49) " fcode="select"/>
<opset="select_ln57/2 "/>
</bind>
</comp>

<comp id="301" class="1005" name="j_reg_301">
<pin_list>
<pin id="302" dir="0" index="0" bw="9" slack="0"/>
<pin id="303" dir="1" index="1" bw="9" slack="0"/>
</pin_list>
<bind>
<opset="j "/>
</bind>
</comp>

<comp id="308" class="1005" name="tmp_reg_308">
<pin_list>
<pin id="309" dir="0" index="0" bw="1" slack="1"/>
<pin id="310" dir="1" index="1" bw="1" slack="2147483647"/>
</pin_list>
<bind>
<opset="tmp "/>
</bind>
</comp>

<comp id="315" class="1005" name="trunc_ln50_reg_315">
<pin_list>
<pin id="316" dir="0" index="0" bw="1" slack="1"/>
<pin id="317" dir="1" index="1" bw="1" slack="1"/>
</pin_list>
<bind>
<opset="trunc_ln50 "/>
</bind>
</comp>

<comp id="323" class="1005" name="bufferA_addr_1_reg_323">
<pin_list>
<pin id="324" dir="0" index="0" bw="14" slack="1"/>
<pin id="325" dir="1" index="1" bw="14" slack="1"/>
</pin_list>
<bind>
<opset="bufferA_addr_1 "/>
</bind>
</comp>

<comp id="329" class="1005" name="bufferA_1_addr_1_reg_329">
<pin_list>
<pin id="330" dir="0" index="0" bw="14" slack="1"/>
<pin id="331" dir="1" index="1" bw="14" slack="1"/>
</pin_list>
<bind>
<opset="bufferA_1_addr_1 "/>
</bind>
</comp>

<comp id="335" class="1005" name="bufferA_2_addr_1_reg_335">
<pin_list>
<pin id="336" dir="0" index="0" bw="14" slack="1"/>
<pin id="337" dir="1" index="1" bw="14" slack="1"/>
</pin_list>
<bind>
<opset="bufferA_2_addr_1 "/>
</bind>
</comp>

<comp id="341" class="1005" name="bufferA_3_addr_1_reg_341">
<pin_list>
<pin id="342" dir="0" index="0" bw="14" slack="1"/>
<pin id="343" dir="1" index="1" bw="14" slack="1"/>
</pin_list>
<bind>
<opset="bufferA_3_addr_1 "/>
</bind>
</comp>

<comp id="347" class="1005" name="bufferB_addr_reg_347">
<pin_list>
<pin id="348" dir="0" index="0" bw="14" slack="1"/>
<pin id="349" dir="1" index="1" bw="14" slack="1"/>
</pin_list>
<bind>
<opset="bufferB_addr "/>
</bind>
</comp>

<comp id="353" class="1005" name="bufferB_1_addr_reg_353">
<pin_list>
<pin id="354" dir="0" index="0" bw="14" slack="1"/>
<pin id="355" dir="1" index="1" bw="14" slack="1"/>
</pin_list>
<bind>
<opset="bufferB_1_addr "/>
</bind>
</comp>

<comp id="359" class="1005" name="bufferB_2_addr_reg_359">
<pin_list>
<pin id="360" dir="0" index="0" bw="14" slack="1"/>
<pin id="361" dir="1" index="1" bw="14" slack="1"/>
</pin_list>
<bind>
<opset="bufferB_2_addr "/>
</bind>
</comp>

<comp id="365" class="1005" name="bufferB_3_addr_reg_365">
<pin_list>
<pin id="366" dir="0" index="0" bw="14" slack="1"/>
<pin id="367" dir="1" index="1" bw="14" slack="1"/>
</pin_list>
<bind>
<opset="bufferB_3_addr "/>
</bind>
</comp>

</comp_list>

<net_list>
<net id="55"><net_src comp="18" pin="0"/><net_sink comp="52" pin=0"/></net>

<net id="60"><net_src comp="20" pin="0"/><net_sink comp="56" pin=0"/></net>

<net id="61"><net_src comp="16" pin="0"/><net_sink comp="56" pin=1"/></net>

<net id="67"><net_src comp="0" pin="0"/><net_sink comp="62" pin=0"/></net>

<net id="68"><net_src comp="46" pin="0"/><net_sink comp="62" pin=1"/></net>

<net id="74"><net_src comp="2" pin="0"/><net_sink comp="69" pin=0"/></net>

<net id="75"><net_src comp="46" pin="0"/><net_sink comp="69" pin=1"/></net>

<net id="81"><net_src comp="4" pin="0"/><net_sink comp="76" pin=0"/></net>

<net id="82"><net_src comp="46" pin="0"/><net_sink comp="76" pin=1"/></net>

<net id="88"><net_src comp="6" pin="0"/><net_sink comp="83" pin=0"/></net>

<net id="89"><net_src comp="46" pin="0"/><net_sink comp="83" pin=1"/></net>

<net id="95"><net_src comp="8" pin="0"/><net_sink comp="90" pin=0"/></net>

<net id="96"><net_src comp="46" pin="0"/><net_sink comp="90" pin=1"/></net>

<net id="102"><net_src comp="10" pin="0"/><net_sink comp="97" pin=0"/></net>

<net id="103"><net_src comp="46" pin="0"/><net_sink comp="97" pin=1"/></net>

<net id="109"><net_src comp="12" pin="0"/><net_sink comp="104" pin=0"/></net>

<net id="110"><net_src comp="46" pin="0"/><net_sink comp="104" pin=1"/></net>

<net id="116"><net_src comp="14" pin="0"/><net_sink comp="111" pin=0"/></net>

<net id="117"><net_src comp="46" pin="0"/><net_sink comp="111" pin=1"/></net>

<net id="127"><net_src comp="62" pin="3"/><net_sink comp="118" pin=2"/></net>

<net id="137"><net_src comp="69" pin="3"/><net_sink comp="128" pin=2"/></net>

<net id="147"><net_src comp="76" pin="3"/><net_sink comp="138" pin=2"/></net>

<net id="157"><net_src comp="83" pin="3"/><net_sink comp="148" pin=2"/></net>

<net id="167"><net_src comp="90" pin="3"/><net_sink comp="158" pin=2"/></net>

<net id="177"><net_src comp="97" pin="3"/><net_sink comp="168" pin=2"/></net>

<net id="187"><net_src comp="104" pin="3"/><net_sink comp="178" pin=2"/></net>

<net id="197"><net_src comp="111" pin="3"/><net_sink comp="188" pin=2"/></net>

<net id="202"><net_src comp="22" pin="0"/><net_sink comp="198" pin=0"/></net>

<net id="210"><net_src comp="203" pin="1"/><net_sink comp="206" pin=0"/></net>

<net id="211"><net_src comp="24" pin="0"/><net_sink comp="206" pin=1"/></net>

<net id="216"><net_src comp="203" pin="1"/><net_sink comp="212" pin=0"/></net>

<net id="217"><net_src comp="26" pin="0"/><net_sink comp="212" pin=1"/></net>

<net id="221"><net_src comp="203" pin="1"/><net_sink comp="218" pin=0"/></net>

<net id="228"><net_src comp="42" pin="0"/><net_sink comp="222" pin=0"/></net>

<net id="229"><net_src comp="203" pin="1"/><net_sink comp="222" pin=1"/></net>

<net id="230"><net_src comp="18" pin="0"/><net_sink comp="222" pin=2"/></net>

<net id="231"><net_src comp="44" pin="0"/><net_sink comp="222" pin=3"/></net>

<net id="235"><net_src comp="222" pin="4"/><net_sink comp="232" pin=0"/></net>

<net id="236"><net_src comp="232" pin="1"/><net_sink comp="62" pin=2"/></net>

<net id="237"><net_src comp="232" pin="1"/><net_sink comp="69" pin=2"/></net>

<net id="238"><net_src comp="232" pin="1"/><net_sink comp="90" pin=2"/></net>

<net id="239"><net_src comp="232" pin="1"/><net_sink comp="97" pin=2"/></net>

<net id="245"><net_src comp="48" pin="0"/><net_sink comp="240" pin=0"/></net>

<net id="246"><net_src comp="50" pin="0"/><net_sink comp="240" pin=1"/></net>

<net id="247"><net_src comp="222" pin="4"/><net_sink comp="240" pin=2"/></net>

<net id="251"><net_src comp="240" pin="3"/><net_sink comp="248" pin=0"/></net>

<net id="255"><net_src comp="248" pin="1"/><net_sink comp="252" pin=0"/></net>

<net id="256"><net_src comp="252" pin="1"/><net_sink comp="76" pin=2"/></net>

<net id="257"><net_src comp="252" pin="1"/><net_sink comp="83" pin=2"/></net>

<net id="258"><net_src comp="252" pin="1"/><net_sink comp="104" pin=2"/></net>

<net id="259"><net_src comp="252" pin="1"/><net_sink comp="111" pin=2"/></net>

<net id="264"><net_src comp="212" pin="2"/><net_sink comp="260" pin=0"/></net>

<net id="270"><net_src comp="128" pin="7"/><net_sink comp="265" pin=1"/></net>

<net id="271"><net_src comp="118" pin="7"/><net_sink comp="265" pin=2"/></net>

<net id="272"><net_src comp="265" pin="3"/><net_sink comp="158" pin=1"/></net>

<net id="273"><net_src comp="265" pin="3"/><net_sink comp="168" pin=1"/></net>

<net id="279"><net_src comp="148" pin="7"/><net_sink comp="274" pin=1"/></net>

<net id="280"><net_src comp="138" pin="7"/><net_sink comp="274" pin=2"/></net>

<net id="281"><net_src comp="274" pin="3"/><net_sink comp="178" pin=1"/></net>

<net id="282"><net_src comp="274" pin="3"/><net_sink comp="188" pin=1"/></net>

<net id="288"><net_src comp="168" pin="7"/><net_sink comp="283" pin=1"/></net>

<net id="289"><net_src comp="158" pin="7"/><net_sink comp="283" pin=2"/></net>

<net id="290"><net_src comp="283" pin="3"/><net_sink comp="118" pin=1"/></net>

<net id="291"><net_src comp="283" pin="3"/><net_sink comp="128" pin=1"/></net>

<net id="297"><net_src comp="188" pin="7"/><net_sink comp="292" pin=1"/></net>

<net id="298"><net_src comp="178" pin="7"/><net_sink comp="292" pin=2"/></net>

<net id="299"><net_src comp="292" pin="3"/><net_sink comp="138" pin=1"/></net>

<net id="300"><net_src comp="292" pin="3"/><net_sink comp="148" pin=1"/></net>

<net id="304"><net_src comp="52" pin="1"/><net_sink comp="301" pin=0"/></net>

<net id="305"><net_src comp="301" pin="1"/><net_sink comp="198" pin=1"/></net>

<net id="306"><net_src comp="301" pin="1"/><net_sink comp="203" pin=0"/></net>

<net id="307"><net_src comp="301" pin="1"/><net_sink comp="260" pin=1"/></net>

<net id="311"><net_src comp="56" pin="2"/><net_sink comp="308" pin=0"/></net>

<net id="318"><net_src comp="218" pin="1"/><net_sink comp="315" pin=0"/></net>

<net id="319"><net_src comp="315" pin="1"/><net_sink comp="265" pin=0"/></net>

<net id="320"><net_src comp="315" pin="1"/><net_sink comp="274" pin=0"/></net>

<net id="321"><net_src comp="315" pin="1"/><net_sink comp="283" pin=0"/></net>

<net id="322"><net_src comp="315" pin="1"/><net_sink comp="292" pin=0"/></net>

<net id="326"><net_src comp="62" pin="3"/><net_sink comp="323" pin=0"/></net>

<net id="327"><net_src comp="323" pin="1"/><net_sink comp="118" pin=2"/></net>

<net id="328"><net_src comp="323" pin="1"/><net_sink comp="118" pin=0"/></net>

<net id="332"><net_src comp="69" pin="3"/><net_sink comp="329" pin=0"/></net>

<net id="333"><net_src comp="329" pin="1"/><net_sink comp="128" pin=2"/></net>

<net id="334"><net_src comp="329" pin="1"/><net_sink comp="128" pin=0"/></net>

<net id="338"><net_src comp="76" pin="3"/><net_sink comp="335" pin=0"/></net>

<net id="339"><net_src comp="335" pin="1"/><net_sink comp="138" pin=2"/></net>

<net id="340"><net_src comp="335" pin="1"/><net_sink comp="138" pin=0"/></net>

<net id="344"><net_src comp="83" pin="3"/><net_sink comp="341" pin=0"/></net>

<net id="345"><net_src comp="341" pin="1"/><net_sink comp="148" pin=2"/></net>

<net id="346"><net_src comp="341" pin="1"/><net_sink comp="148" pin=0"/></net>

<net id="350"><net_src comp="90" pin="3"/><net_sink comp="347" pin=0"/></net>

<net id="351"><net_src comp="347" pin="1"/><net_sink comp="158" pin=0"/></net>

<net id="352"><net_src comp="347" pin="1"/><net_sink comp="158" pin=2"/></net>

<net id="356"><net_src comp="97" pin="3"/><net_sink comp="353" pin=0"/></net>

<net id="357"><net_src comp="353" pin="1"/><net_sink comp="168" pin=0"/></net>

<net id="358"><net_src comp="353" pin="1"/><net_sink comp="168" pin=2"/></net>

<net id="362"><net_src comp="104" pin="3"/><net_sink comp="359" pin=0"/></net>

<net id="363"><net_src comp="359" pin="1"/><net_sink comp="178" pin=0"/></net>

<net id="364"><net_src comp="359" pin="1"/><net_sink comp="178" pin=2"/></net>

<net id="368"><net_src comp="111" pin="3"/><net_sink comp="365" pin=0"/></net>

<net id="369"><net_src comp="365" pin="1"/><net_sink comp="188" pin=0"/></net>

<net id="370"><net_src comp="365" pin="1"/><net_sink comp="188" pin=2"/></net>

</net_list>

</model> 
---------------- Datapath Model END ------------------

* FSMD analyzer results:
  - Output states:
	Port: bufferA | {2 }
	Port: bufferA_1 | {2 }
	Port: bufferA_2 | {2 }
	Port: bufferA_3 | {2 }
	Port: bufferB | {2 }
	Port: bufferB_1 | {2 }
	Port: bufferB_2 | {2 }
	Port: bufferB_3 | {2 }
 - Input state : 
	Port: compute_Pipeline_VITIS_LOOP_50_4 : bufferA | {1 2 }
	Port: compute_Pipeline_VITIS_LOOP_50_4 : bufferA_1 | {1 2 }
	Port: compute_Pipeline_VITIS_LOOP_50_4 : bufferA_2 | {1 2 }
	Port: compute_Pipeline_VITIS_LOOP_50_4 : bufferA_3 | {1 2 }
	Port: compute_Pipeline_VITIS_LOOP_50_4 : bufferB | {1 2 }
	Port: compute_Pipeline_VITIS_LOOP_50_4 : bufferB_1 | {1 2 }
	Port: compute_Pipeline_VITIS_LOOP_50_4 : bufferB_2 | {1 2 }
	Port: compute_Pipeline_VITIS_LOOP_50_4 : bufferB_3 | {1 2 }
	Port: compute_Pipeline_VITIS_LOOP_50_4 : empty | {1 }
  - Chain level:
	State 1
		store_ln50 : 1
		j_1 : 1
		icmp_ln50 : 2
		add_ln50 : 2
		br_ln50 : 3
		trunc_ln50 : 2
		lshr_ln2 : 2
		zext_ln50 : 3
		bufferA_addr_1 : 4
		bufferA_1_addr_1 : 4
		tmp_s : 3
		sext_ln57 : 4
		zext_ln57 : 5
		bufferA_2_addr_1 : 6
		bufferA_3_addr_1 : 6
		bufferB_addr : 4
		bufferB_1_addr : 4
		bufferB_2_addr : 6
		bufferB_3_addr : 6
		bufferA_load : 5
		bufferA_1_load : 5
		bufferA_2_load : 7
		bufferA_3_load : 7
		br_ln53 : 3
		bufferB_load : 5
		bufferB_1_load : 5
		bufferB_2_load : 7
		bufferB_3_load : 7
		br_ln56 : 3
		store_ln50 : 3
	State 2
		select_ln53 : 1
		select_ln54 : 1
		store_ln53 : 2
		store_ln54 : 2
		store_ln53 : 2
		store_ln54 : 2
		select_ln56 : 1
		select_ln57 : 1
		store_ln56 : 2
		store_ln57 : 2
		store_ln56 : 2
		store_ln57 : 2


============================================================
+ Verbose Summary: Datapath Resource usage 
============================================================

* Functional unit list:
|----------|--------------------|---------|---------|
| Operation|   Functional Unit  |    FF   |   LUT   |
|----------|--------------------|---------|---------|
|          | select_ln53_fu_265 |    0    |    24   |
|  select  | select_ln54_fu_274 |    0    |    24   |
|          | select_ln56_fu_283 |    0    |    24   |
|          | select_ln57_fu_292 |    0    |    24   |
|----------|--------------------|---------|---------|
|   icmp   |  icmp_ln50_fu_206  |    0    |    16   |
|----------|--------------------|---------|---------|
|    add   |   add_ln50_fu_212  |    0    |    16   |
|----------|--------------------|---------|---------|
|   read   |   tmp_read_fu_56   |    0    |    0    |
|----------|--------------------|---------|---------|
|   trunc  |  trunc_ln50_fu_218 |    0    |    0    |
|----------|--------------------|---------|---------|
|partselect|   lshr_ln2_fu_222  |    0    |    0    |
|----------|--------------------|---------|---------|
|   zext   |  zext_ln50_fu_232  |    0    |    0    |
|          |  zext_ln57_fu_252  |    0    |    0    |
|----------|--------------------|---------|---------|
|bitconcatenate|    tmp_s_fu_240    |    0    |    0    |
|----------|--------------------|---------|---------|
|   sext   |  sext_ln57_fu_248  |    0    |    0    |
|----------|--------------------|---------|---------|
|   Total  |                    |    0    |   128   |
|----------|--------------------|---------|---------|

Memories:
N/A

* Register list:
+------------------------+--------+
|                        |   FF   |
+------------------------+--------+
|bufferA_1_addr_1_reg_329|   14   |
|bufferA_2_addr_1_reg_335|   14   |
|bufferA_3_addr_1_reg_341|   14   |
| bufferA_addr_1_reg_323 |   14   |
| bufferB_1_addr_reg_353 |   14   |
| bufferB_2_addr_reg_359 |   14   |
| bufferB_3_addr_reg_365 |   14   |
|  bufferB_addr_reg_347  |   14   |
|        j_reg_301       |    9   |
|       tmp_reg_308      |    1   |
|   trunc_ln50_reg_315   |    1   |
+------------------------+--------+
|          Total         |   123  |
+------------------------+--------+

* Multiplexer (MUX) list: 
|-------------------|------|------|------|--------||---------||---------||---------|
|        Comp       |  Pin | Size |  BW  | S x BW ||  Delay  ||    FF   ||   LUT   |
|-------------------|------|------|------|--------||---------||---------||---------|
| grp_access_fu_118 |  p2  |   2  |   0  |    0   ||    0    ||    9    |
| grp_access_fu_128 |  p2  |   2  |   0  |    0   ||    0    ||    9    |
| grp_access_fu_138 |  p2  |   2  |   0  |    0   ||    0    ||    9    |
| grp_access_fu_148 |  p2  |   2  |   0  |    0   ||    0    ||    9    |
| grp_access_fu_158 |  p2  |   2  |   0  |    0   ||    0    ||    9    |
| grp_access_fu_168 |  p2  |   2  |   0  |    0   ||    0    ||    9    |
| grp_access_fu_178 |  p2  |   2  |   0  |    0   ||    0    ||    9    |
| grp_access_fu_188 |  p2  |   2  |   0  |    0   ||    0    ||    9    |
|-------------------|------|------|------|--------||---------||---------||---------|
|       Total       |      |      |      |    0   ||  3.912  ||    0    ||    72   |
|-------------------|------|------|------|--------||---------||---------||---------|



* Summary:
+-----------+--------+--------+--------+
|           |  Delay |   FF   |   LUT  |
+-----------+--------+--------+--------+
|  Function |    -   |    0   |   128  |
|   Memory  |    -   |    -   |    -   |
|Multiplexer|    3   |    0   |   72   |
|  Register |    -   |   123  |    -   |
+-----------+--------+--------+--------+
|   Total   |    3   |   123  |   200  |
+-----------+--------+--------+--------+
