

================================================================
== Vitis HLS Report for 'compute_Pipeline_VITIS_LOOP_133_9_VITIS_LOOP_134_10'
================================================================
* Date:           Fri Feb 20 13:28:02 2026

* Version:        2025.1.1 (Build 6214317 on Sep 11 2025)
* Project:        project_1
* Solution:       hls (Vivado IP Flow Target)
* Product family: zynquplus
* Target device:  xczu3eg-sbva484-1-e


================================================================
== Performance Estimates
================================================================
+ Timing: 
    * Summary: 
    +--------+----------+----------+------------+
    |  Clock |  Target  | Estimated| Uncertainty|
    +--------+----------+----------+------------+
    |ap_clk  |  10.00 ns|  4.389 ns|     2.70 ns|
    +--------+----------+----------+------------+

+ Latency: 
    * Summary: 
    +---------+---------+----------+----------+-------+-------+------------------------------------------------+
    |  Latency (cycles) |  Latency (absolute) |    Interval   |                    Pipeline                    |
    |   min   |   max   |    min   |    max   |  min  |  max  |                      Type                      |
    +---------+---------+----------+----------+-------+-------+------------------------------------------------+
    |    65538|    65538|  0.655 ms|  0.655 ms|  65537|  65537|  loop auto-rewind stp (delay=0 clock cycles(s))|
    +---------+---------+----------+----------+-------+-------+------------------------------------------------+

    + Detail: 
        * Instance: 
        N/A

        * Loop: 
        +--------------------------------------+---------+---------+----------+-----------+-----------+-------+----------+
        |                                      |  Latency (cycles) | Iteration|  Initiation Interval  |  Trip |          |
        |               Loop Name              |   min   |   max   |  Latency |  achieved |   target  | Count | Pipelined|
        +--------------------------------------+---------+---------+----------+-----------+-----------+-------+----------+
        |- VITIS_LOOP_133_9_VITIS_LOOP_134_10  |    65536|    65536|         2|          1|          1|  65536|       yes|
        +--------------------------------------+---------+---------+----------+-----------+-----------+-------+----------+

============================================================
+ Verbose Summary: Synthesis Manager
============================================================
InlineROM: 1
ExposeGlobal: 0
============================================================
+ Verbose Summary: CDFG Model
============================================================
IsTopModel: 0
ResetActiveHigh: 1
IsCombinational: 0
IsDatapathOnly: 0
HasWiredReturn: 1
HasMFsm: 2
HasVarLatency: 1
IsPipeline: 0
IsRtlPipelined: 0
IsInstanceOverlapped: 0
IsDontTouch: 0
HasImplIP: 0
IsGatedGlobalClock: 0

+ Individual pipeline summary: 
  * Pipeline-0: initiation interval (II) = 1, depth = 3


============================================================
+ Verbose Summary: Schedule
============================================================
* Number of FSM states : 3
* Pipeline : 1
  Pipeline-0 : II = 1, D = 3, States = { 1 2 3 }
* Dataflow Pipeline: 0

* FSM state transitions: 
1 --> 2 
2 --> 3 
3 --> 

* FSM state operations: 

State 1 <SV = 0> <Delay = 0.48>
ST_1 : Operation 5 [1/1] (0.00ns)   --->   "%j = alloca i32 1" [top.cpp:134]   --->   Operation 5 'alloca' 'j' <Predicate = true> <Delay = 0.00>
ST_1 : Operation 6 [1/1] (0.00ns)   --->   "%i_1 = alloca i32 1" [top.cpp:133]   --->   Operation 6 'alloca' 'i_1' <Predicate = true> <Delay = 0.00>
ST_1 : Operation 7 [1/1] (0.00ns)   --->   "%indvar_flatten13 = alloca i32 1"   --->   Operation 7 'alloca' 'indvar_flatten13' <Predicate = true> <Delay = 0.00>
ST_1 : Operation 8 [1/1] (0.00ns)   --->   "%specinterface_ln0 = specinterface void @_ssdm_op_SpecInterface, i24 %grid_final, void @empty_1, i32 0, i32 0, void @empty_14, i32 0, i32 0, void @empty_14, void @empty_14, void @empty_14, i32 0, i32 0, i32 0, i32 0, void @empty_14, void @empty_14, i32 4294967295, i32 0, i32 0"   --->   Operation 8 'specinterface' 'specinterface_ln0' <Predicate = true> <Delay = 0.00>
ST_1 : Operation 9 [1/1] (0.48ns)   --->   "%store_ln0 = store i17 0, i17 %indvar_flatten13"   --->   Operation 9 'store' 'store_ln0' <Predicate = true> <Delay = 0.48>
ST_1 : Operation 10 [1/1] (0.48ns)   --->   "%store_ln133 = store i9 0, i9 %i_1" [top.cpp:133]   --->   Operation 10 'store' 'store_ln133' <Predicate = true> <Delay = 0.48>
ST_1 : Operation 11 [1/1] (0.48ns)   --->   "%store_ln134 = store i9 0, i9 %j" [top.cpp:134]   --->   Operation 11 'store' 'store_ln134' <Predicate = true> <Delay = 0.48>
ST_1 : Operation 12 [1/1] (0.00ns)   --->   "%br_ln0 = br void %for.inc235"   --->   Operation 12 'br' 'br_ln0' <Predicate = true> <Delay = 0.00>

State 2 <SV = 1> <Delay = 2.78>
ST_2 : Operation 13 [1/1] (0.00ns)   --->   "%indvar_flatten13_load = load i17 %indvar_flatten13" [top.cpp:133]   --->   Operation 13 'load' 'indvar_flatten13_load' <Predicate = true> <Delay = 0.00>
ST_2 : Operation 14 [1/1] (1.02ns)   --->   "%icmp_ln133 = icmp_eq  i17 %indvar_flatten13_load, i17 65536" [top.cpp:133]   --->   Operation 14 'icmp' 'icmp_ln133' <Predicate = true> <Delay = 1.02> <CoreInst = "Cmp">   --->   Core 9 'Cmp' <Latency = 0> <II = 1> <Delay = 1.02> <FuncUnit> <Opcode : 'seteq' 'setne' 'setle' 'setge' 'setlt' 'setgt'> <InPorts = 2> <OutPorts = 1>
ST_2 : Operation 15 [1/1] (1.02ns)   --->   "%add_ln133_1 = add i17 %indvar_flatten13_load, i17 1" [top.cpp:133]   --->   Operation 15 'add' 'add_ln133_1' <Predicate = true> <Delay = 1.02> <CoreInst = "Adder">   --->   Core 1 'Adder' <Latency = 0> <II = 1> <Delay = 1.02> <FuncUnit> <Opcode : 'add' 'sub'> <InPorts = 2> <OutPorts = 1>
ST_2 : Operation 16 [1/1] (0.00ns)   --->   "%br_ln133 = br i1 %icmp_ln133, void %for.inc238, void %for.end240.exitStub" [top.cpp:133]   --->   Operation 16 'br' 'br_ln133' <Predicate = true> <Delay = 0.00>
ST_2 : Operation 17 [1/1] (0.00ns)   --->   "%j_load = load i9 %j" [top.cpp:134]   --->   Operation 17 'load' 'j_load' <Predicate = (!icmp_ln133)> <Delay = 0.00>
ST_2 : Operation 18 [1/1] (0.00ns)   --->   "%i_1_load = load i9 %i_1" [top.cpp:133]   --->   Operation 18 'load' 'i_1_load' <Predicate = (!icmp_ln133)> <Delay = 0.00>
ST_2 : Operation 19 [1/1] (0.92ns)   --->   "%add_ln133 = add i9 %i_1_load, i9 1" [top.cpp:133]   --->   Operation 19 'add' 'add_ln133' <Predicate = (!icmp_ln133)> <Delay = 0.92> <CoreInst = "Adder">   --->   Core 1 'Adder' <Latency = 0> <II = 1> <Delay = 0.92> <FuncUnit> <Opcode : 'add' 'sub'> <InPorts = 2> <OutPorts = 1>
ST_2 : Operation 20 [1/1] (0.92ns)   --->   "%icmp_ln134 = icmp_eq  i9 %j_load, i9 256" [top.cpp:134]   --->   Operation 20 'icmp' 'icmp_ln134' <Predicate = (!icmp_ln133)> <Delay = 0.92> <CoreInst = "Cmp">   --->   Core 9 'Cmp' <Latency = 0> <II = 1> <Delay = 0.92> <FuncUnit> <Opcode : 'seteq' 'setne' 'setle' 'setge' 'setlt' 'setgt'> <InPorts = 2> <OutPorts = 1>
ST_2 : Operation 21 [1/1] (0.45ns)   --->   "%select_ln133 = select i1 %icmp_ln134, i9 0, i9 %j_load" [top.cpp:133]   --->   Operation 21 'select' 'select_ln133' <Predicate = (!icmp_ln133)> <Delay = 0.45> <CoreInst = "Sel">   --->   Core 73 'Sel' <Latency = 0> <II = 1> <Delay = 0.45> <FuncUnit> <Opcode : 'select'> <InPorts = 3> <OutPorts = 1>
ST_2 : Operation 22 [1/1] (0.45ns)   --->   "%select_ln133_1 = select i1 %icmp_ln134, i9 %add_ln133, i9 %i_1_load" [top.cpp:133]   --->   Operation 22 'select' 'select_ln133_1' <Predicate = (!icmp_ln133)> <Delay = 0.45> <CoreInst = "Sel">   --->   Core 73 'Sel' <Latency = 0> <II = 1> <Delay = 0.45> <FuncUnit> <Opcode : 'select'> <InPorts = 3> <OutPorts = 1>
ST_2 : Operation 23 [1/1] (0.00ns)   --->   "%trunc_ln133 = trunc i9 %select_ln133_1" [top.cpp:133]   --->   Operation 23 'trunc' 'trunc_ln133' <Predicate = (!icmp_ln133)> <Delay = 0.00>
ST_2 : Operation 24 [1/1] (0.00ns)   --->   "%trunc_ln134 = trunc i9 %select_ln133" [top.cpp:134]   --->   Operation 24 'trunc' 'trunc_ln134' <Predicate = (!icmp_ln133)> <Delay = 0.00>
ST_2 : Operation 25 [1/1] (0.00ns)   --->   "%lshr_ln1 = partselect i7 @_ssdm_op_PartSelect.i7.i9.i32.i32, i9 %select_ln133, i32 1, i32 7" [top.cpp:134]   --->   Operation 25 'partselect' 'lshr_ln1' <Predicate = (!icmp_ln133)> <Delay = 0.00>
ST_2 : Operation 26 [1/1] (0.00ns)   --->   "%tmp_s = partselect i7 @_ssdm_op_PartSelect.i7.i9.i32.i32, i9 %select_ln133_1, i32 1, i32 7" [top.cpp:136]   --->   Operation 26 'partselect' 'tmp_s' <Predicate = (!icmp_ln133)> <Delay = 0.00>
ST_2 : Operation 27 [1/1] (0.00ns)   --->   "%tmp_15 = bitconcatenate i14 @_ssdm_op_BitConcatenate.i14.i7.i7, i7 %tmp_s, i7 %lshr_ln1" [top.cpp:136]   --->   Operation 27 'bitconcatenate' 'tmp_15' <Predicate = (!icmp_ln133)> <Delay = 0.00>
ST_2 : Operation 28 [1/1] (0.00ns)   --->   "%zext_ln136 = zext i14 %tmp_15" [top.cpp:136]   --->   Operation 28 'zext' 'zext_ln136' <Predicate = (!icmp_ln133)> <Delay = 0.00>
ST_2 : Operation 29 [1/1] (0.00ns)   --->   "%bufferA_addr = getelementptr i24 %bufferA, i64 0, i64 %zext_ln136" [top.cpp:136]   --->   Operation 29 'getelementptr' 'bufferA_addr' <Predicate = (!icmp_ln133)> <Delay = 0.00>
ST_2 : Operation 30 [1/1] (0.00ns)   --->   "%bufferA_1_addr = getelementptr i24 %bufferA_1, i64 0, i64 %zext_ln136" [top.cpp:136]   --->   Operation 30 'getelementptr' 'bufferA_1_addr' <Predicate = (!icmp_ln133)> <Delay = 0.00>
ST_2 : Operation 31 [1/1] (0.00ns)   --->   "%bufferA_2_addr = getelementptr i24 %bufferA_2, i64 0, i64 %zext_ln136" [top.cpp:136]   --->   Operation 31 'getelementptr' 'bufferA_2_addr' <Predicate = (!icmp_ln133)> <Delay = 0.00>
ST_2 : Operation 32 [1/1] (0.00ns)   --->   "%bufferA_3_addr = getelementptr i24 %bufferA_3, i64 0, i64 %zext_ln136" [top.cpp:136]   --->   Operation 32 'getelementptr' 'bufferA_3_addr' <Predicate = (!icmp_ln133)> <Delay = 0.00>
ST_2 : Operation 33 [2/2] (1.35ns)   --->   "%bufferA_load = load i14 %bufferA_addr" [top.cpp:136]   --->   Operation 33 'load' 'bufferA_load' <Predicate = (!icmp_ln133)> <Delay = 1.35> <CoreInst = "RAM">   --->   Core 82 'RAM' <Latency = 1> <II = 1> <Delay = 1.35> <Storage> <Opcode : 'load' 'store'> <Ports = 2> <Width = 24> <Depth = 16384> <RAM>
ST_2 : Operation 34 [2/2] (1.35ns)   --->   "%bufferA_1_load = load i14 %bufferA_1_addr" [top.cpp:136]   --->   Operation 34 'load' 'bufferA_1_load' <Predicate = (!icmp_ln133)> <Delay = 1.35> <CoreInst = "RAM">   --->   Core 82 'RAM' <Latency = 1> <II = 1> <Delay = 1.35> <Storage> <Opcode : 'load' 'store'> <Ports = 2> <Width = 24> <Depth = 16384> <RAM>
ST_2 : Operation 35 [2/2] (1.35ns)   --->   "%bufferA_2_load = load i14 %bufferA_2_addr" [top.cpp:136]   --->   Operation 35 'load' 'bufferA_2_load' <Predicate = (!icmp_ln133)> <Delay = 1.35> <CoreInst = "RAM">   --->   Core 82 'RAM' <Latency = 1> <II = 1> <Delay = 1.35> <Storage> <Opcode : 'load' 'store'> <Ports = 2> <Width = 24> <Depth = 16384> <RAM>
ST_2 : Operation 36 [2/2] (1.35ns)   --->   "%bufferA_3_load = load i14 %bufferA_3_addr" [top.cpp:136]   --->   Operation 36 'load' 'bufferA_3_load' <Predicate = (!icmp_ln133)> <Delay = 1.35> <CoreInst = "RAM">   --->   Core 82 'RAM' <Latency = 1> <II = 1> <Delay = 1.35> <Storage> <Opcode : 'load' 'store'> <Ports = 2> <Width = 24> <Depth = 16384> <RAM>
ST_2 : Operation 37 [1/1] (0.92ns)   --->   "%add_ln134 = add i9 %select_ln133, i9 1" [top.cpp:134]   --->   Operation 37 'add' 'add_ln134' <Predicate = (!icmp_ln133)> <Delay = 0.92> <CoreInst = "Adder">   --->   Core 1 'Adder' <Latency = 0> <II = 1> <Delay = 0.92> <FuncUnit> <Opcode : 'add' 'sub'> <InPorts = 2> <OutPorts = 1>
ST_2 : Operation 38 [1/1] (0.48ns)   --->   "%store_ln133 = store i17 %add_ln133_1, i17 %indvar_flatten13" [top.cpp:133]   --->   Operation 38 'store' 'store_ln133' <Predicate = (!icmp_ln133)> <Delay = 0.48>
ST_2 : Operation 39 [1/1] (0.48ns)   --->   "%store_ln133 = store i9 %select_ln133_1, i9 %i_1" [top.cpp:133]   --->   Operation 39 'store' 'store_ln133' <Predicate = (!icmp_ln133)> <Delay = 0.48>
ST_2 : Operation 40 [1/1] (0.48ns)   --->   "%store_ln134 = store i9 %add_ln134, i9 %j" [top.cpp:134]   --->   Operation 40 'store' 'store_ln134' <Predicate = (!icmp_ln133)> <Delay = 0.48>
ST_2 : Operation 53 [1/1] (0.48ns)   --->   "%ret_ln0 = ret"   --->   Operation 53 'ret' 'ret_ln0' <Predicate = (icmp_ln133)> <Delay = 0.48>

State 3 <SV = 2> <Delay = 4.38>
ST_3 : Operation 41 [1/1] (0.00ns)   --->   "%specloopname_ln0 = specloopname void @_ssdm_op_SpecLoopName, void @VITIS_LOOP_133_9_VITIS_LOOP_134_10_str"   --->   Operation 41 'specloopname' 'specloopname_ln0' <Predicate = true> <Delay = 0.00>
ST_3 : Operation 42 [1/1] (0.00ns)   --->   "%speclooptripcount_ln0 = speclooptripcount void @_ssdm_op_SpecLoopTripCount, i64 65536, i64 65536, i64 65536"   --->   Operation 42 'speclooptripcount' 'speclooptripcount_ln0' <Predicate = true> <Delay = 0.00>
ST_3 : Operation 43 [1/1] (0.00ns)   --->   "%specpipeline_ln135 = specpipeline void @_ssdm_op_SpecPipeline, i32 1, i32 0, i32 0, i32 0, void @empty_14" [top.cpp:135]   --->   Operation 43 'specpipeline' 'specpipeline_ln135' <Predicate = true> <Delay = 0.00>
ST_3 : Operation 44 [1/2] ( I:1.35ns O:1.35ns )   --->   "%bufferA_load = load i14 %bufferA_addr" [top.cpp:136]   --->   Operation 44 'load' 'bufferA_load' <Predicate = true> <Delay = 1.35> <CoreInst = "RAM">   --->   Core 82 'RAM' <Latency = 1> <II = 1> <Delay = 1.35> <Storage> <Opcode : 'load' 'store'> <Ports = 2> <Width = 24> <Depth = 16384> <RAM>
ST_3 : Operation 45 [1/2] ( I:1.35ns O:1.35ns )   --->   "%bufferA_1_load = load i14 %bufferA_1_addr" [top.cpp:136]   --->   Operation 45 'load' 'bufferA_1_load' <Predicate = true> <Delay = 1.35> <CoreInst = "RAM">   --->   Core 82 'RAM' <Latency = 1> <II = 1> <Delay = 1.35> <Storage> <Opcode : 'load' 'store'> <Ports = 2> <Width = 24> <Depth = 16384> <RAM>
ST_3 : Operation 46 [1/1] (0.43ns)   --->   "%select_ln136 = select i1 %trunc_ln134, i24 %bufferA_1_load, i24 %bufferA_load" [top.cpp:136]   --->   Operation 46 'select' 'select_ln136' <Predicate = (!trunc_ln133)> <Delay = 0.43> <CoreInst = "Sel">   --->   Core 73 'Sel' <Latency = 0> <II = 1> <Delay = 0.43> <FuncUnit> <Opcode : 'select'> <InPorts = 3> <OutPorts = 1>
ST_3 : Operation 47 [1/2] ( I:1.35ns O:1.35ns )   --->   "%bufferA_2_load = load i14 %bufferA_2_addr" [top.cpp:136]   --->   Operation 47 'load' 'bufferA_2_load' <Predicate = true> <Delay = 1.35> <CoreInst = "RAM">   --->   Core 82 'RAM' <Latency = 1> <II = 1> <Delay = 1.35> <Storage> <Opcode : 'load' 'store'> <Ports = 2> <Width = 24> <Depth = 16384> <RAM>
ST_3 : Operation 48 [1/2] ( I:1.35ns O:1.35ns )   --->   "%bufferA_3_load = load i14 %bufferA_3_addr" [top.cpp:136]   --->   Operation 48 'load' 'bufferA_3_load' <Predicate = true> <Delay = 1.35> <CoreInst = "RAM">   --->   Core 82 'RAM' <Latency = 1> <II = 1> <Delay = 1.35> <Storage> <Opcode : 'load' 'store'> <Ports = 2> <Width = 24> <Depth = 16384> <RAM>
ST_3 : Operation 49 [1/1] (0.43ns)   --->   "%select_ln136_1 = select i1 %trunc_ln134, i24 %bufferA_3_load, i24 %bufferA_2_load" [top.cpp:136]   --->   Operation 49 'select' 'select_ln136_1' <Predicate = (trunc_ln133)> <Delay = 0.43> <CoreInst = "Sel">   --->   Core 73 'Sel' <Latency = 0> <II = 1> <Delay = 0.43> <FuncUnit> <Opcode : 'select'> <InPorts = 3> <OutPorts = 1>
ST_3 : Operation 50 [1/1] (0.43ns)   --->   "%select_ln136_2 = select i1 %trunc_ln133, i24 %select_ln136_1, i24 %select_ln136" [top.cpp:136]   --->   Operation 50 'select' 'select_ln136_2' <Predicate = true> <Delay = 0.43> <CoreInst = "Sel">   --->   Core 73 'Sel' <Latency = 0> <II = 1> <Delay = 0.43> <FuncUnit> <Opcode : 'select'> <InPorts = 3> <OutPorts = 1>
ST_3 : Operation 51 [1/1] ( I:2.16ns O:2.16ns )   --->   "%write_ln136 = write void @_ssdm_op_Write.ap_fifo.volatile.i24P0A, i24 %grid_final, i24 %select_ln136_2" [top.cpp:136]   --->   Operation 51 'write' 'write_ln136' <Predicate = true> <Delay = 2.16> <CoreInst = "FIFO_SRL">   --->   Core 80 'FIFO_SRL' <Latency = 0> <II = 1> <Delay = 2.16> <Storage> <Opcode : 'read' 'write' 'nbread' 'nbwrite'> <Ports = 0> <Width = 24> <Depth = 2> <FIFO>
ST_3 : Operation 52 [1/1] (0.00ns)   --->   "%br_ln134 = br void %for.inc235" [top.cpp:134]   --->   Operation 52 'br' 'br_ln134' <Predicate = true> <Delay = 0.00>


============================================================
+ Verbose Summary: Timing violations
============================================================
Target clock period: 10.000ns, clock uncertainty: 2.700ns.

 <State 1>: 0.489ns
The critical path consists of the following:
	'alloca' operation 17 bit ('indvar_flatten13') [8]  (0.000 ns)
	'store' operation 0 bit ('store_ln0') of constant 0 on local variable 'indvar_flatten13' [10]  (0.489 ns)

 <State 2>: 2.788ns
The critical path consists of the following:
	'load' operation 9 bit ('j_load', top.cpp:134) on local variable 'j', top.cpp:134 [20]  (0.000 ns)
	'icmp' operation 1 bit ('icmp_ln134', top.cpp:134) [25]  (0.921 ns)
	'select' operation 9 bit ('select_ln133', top.cpp:133) [26]  (0.458 ns)
	'add' operation 9 bit ('add_ln134', top.cpp:134) [47]  (0.921 ns)
	'store' operation 0 bit ('store_ln134', top.cpp:134) of variable 'add_ln134', top.cpp:134 on local variable 'j', top.cpp:134 [50]  (0.489 ns)

 <State 3>: 4.389ns
The critical path consists of the following:
	'load' operation 24 bit ('bufferA_load', top.cpp:136) on array 'bufferA' [39]  (1.352 ns)
	'select' operation 24 bit ('select_ln136', top.cpp:136) [41]  (0.435 ns)
	'select' operation 24 bit ('select_ln136_2', top.cpp:136) [45]  (0.435 ns)
	fifo write operation ('write_ln136', top.cpp:136) on port 'grid_final' (top.cpp:136) [46]  (2.167 ns)


============================================================
+ Verbose Summary: Binding
============================================================
N/A
* FSMD analyzer results:
  - Output states:
 - Input state : 
  - Chain level:
	State 1
	State 2
	State 3


============================================================
+ Verbose Summary: Datapath Resource usage 
============================================================
N/A
