

================================================================
== Vitis HLS Report for 'compute_Pipeline_VITIS_LOOP_51_5'
================================================================
* Date:           Fri Feb 20 11:31:00 2026

* Version:        2025.1.1 (Build 6214317 on Sep 11 2025)
* Project:        project_1
* Solution:       hls (Vivado IP Flow Target)
* Product family: zynquplus
* Target device:  xczu3eg-sbva484-1-e


================================================================
== Performance Estimates
================================================================
+ Timing: 
    * Summary: 
    +--------+----------+----------+------------+
    |  Clock |  Target  | Estimated| Uncertainty|
    +--------+----------+----------+------------+
    |ap_clk  |  10.00 ns|  2.704 ns|     2.70 ns|
    +--------+----------+----------+------------+

+ Latency: 
    * Summary: 
    +---------+---------+----------+----------+-----+-----+------------------------------------------------+
    |  Latency (cycles) |  Latency (absolute) |  Interval |                    Pipeline                    |
    |   min   |   max   |    min   |    max   | min | max |                      Type                      |
    +---------+---------+----------+----------+-----+-----+------------------------------------------------+
    |      258|      258|  2.580 us|  2.580 us|  257|  257|  loop auto-rewind stp (delay=0 clock cycles(s))|
    +---------+---------+----------+----------+-----+-----+------------------------------------------------+

    + Detail: 
        * Instance: 
        N/A

        * Loop: 
        +-------------------+---------+---------+----------+-----------+-----------+------+----------+
        |                   |  Latency (cycles) | Iteration|  Initiation Interval  | Trip |          |
        |     Loop Name     |   min   |   max   |  Latency |  achieved |   target  | Count| Pipelined|
        +-------------------+---------+---------+----------+-----------+-----------+------+----------+
        |- VITIS_LOOP_51_5  |      256|      256|         2|          1|          1|   256|       yes|
        +-------------------+---------+---------+----------+-----------+-----------+------+----------+



================================================================
== Utilization Estimates
================================================================
* Summary: 
+-----------------+---------+-----+--------+-------+-----+
|       Name      | BRAM_18K| DSP |   FF   |  LUT  | URAM|
+-----------------+---------+-----+--------+-------+-----+
|DSP              |        -|    -|       -|      -|    -|
|Expression       |        -|    -|       0|     35|    -|
|FIFO             |        -|    -|       -|      -|    -|
|Instance         |        -|    -|       -|      -|    -|
|Memory           |        -|    -|       -|      -|    -|
|Multiplexer      |        -|    -|       0|     36|    -|
|Register         |        -|    -|      28|      -|    -|
+-----------------+---------+-----+--------+-------+-----+
|Total            |        0|    0|      28|     71|    0|
+-----------------+---------+-----+--------+-------+-----+
|Available        |      432|  360|  141120|  70560|    0|
+-----------------+---------+-----+--------+-------+-----+
|Utilization (%)  |        0|    0|      ~0|     ~0|    0|
+-----------------+---------+-----+--------+-------+-----+

+ Detail: 
    * Instance: 
    N/A

    * DSP: 
    N/A

    * Memory: 
    N/A

    * FIFO: 
    N/A

    * Expression: 
    +--------------------+----------+----+---+----+------------+------------+
    |    Variable Name   | Operation| DSP| FF| LUT| Bitwidth P0| Bitwidth P1|
    +--------------------+----------+----+---+----+------------+------------+
    |add_ln51_fu_104_p2  |         +|   0|  0|  16|           9|           1|
    |icmp_ln51_fu_98_p2  |      icmp|   0|  0|  17|           9|          10|
    |ap_enable_pp0       |       xor|   0|  0|   2|           1|           2|
    +--------------------+----------+----+---+----+------------+------------+
    |Total               |          |   0|  0|  35|          19|          13|
    +--------------------+----------+----+---+----+------------+------------+

    * Multiplexer: 
    +-------------------------+----+-----------+-----+-----------+
    |           Name          | LUT| Input Size| Bits| Total Bits|
    +-------------------------+----+-----------+-----+-----------+
    |ap_done_int              |   9|          2|    1|          2|
    |ap_enable_reg_pp0_iter1  |   9|          2|    1|          2|
    |ap_sig_allocacmp_i_2     |   9|          2|    9|         18|
    |i_fu_34                  |   9|          2|    9|         18|
    +-------------------------+----+-----------+-----+-----------+
    |Total                    |  36|          8|   20|         40|
    +-------------------------+----+-----------+-----+-----------+

    * Register: 
    +-------------------------+---+----+-----+-----------+
    |           Name          | FF| LUT| Bits| Const Bits|
    +-------------------------+---+----+-----+-----------+
    |ap_CS_fsm                |  1|   0|    1|          0|
    |ap_done_reg              |  1|   0|    1|          0|
    |ap_enable_reg_pp0_iter1  |  1|   0|    1|          0|
    |i_fu_34                  |  9|   0|    9|          0|
    |zext_ln53_reg_155        |  8|   0|   64|         56|
    |zext_ln54_reg_165        |  8|   0|   64|         56|
    +-------------------------+---+----+-----+-----------+
    |Total                    | 28|   0|  140|        112|
    +-------------------------+---+----+-----+-----------+



================================================================
== Interface
================================================================
* Summary: 
+--------------+-----+-----+------------+----------------------------------+--------------+
|   RTL Ports  | Dir | Bits|  Protocol  |           Source Object          |    C Type    |
+--------------+-----+-----+------------+----------------------------------+--------------+
|ap_clk        |   in|    1|  ap_ctrl_hs|  compute_Pipeline_VITIS_LOOP_51_5|  return value|
|ap_rst        |   in|    1|  ap_ctrl_hs|  compute_Pipeline_VITIS_LOOP_51_5|  return value|
|ap_start      |   in|    1|  ap_ctrl_hs|  compute_Pipeline_VITIS_LOOP_51_5|  return value|
|ap_done       |  out|    1|  ap_ctrl_hs|  compute_Pipeline_VITIS_LOOP_51_5|  return value|
|ap_idle       |  out|    1|  ap_ctrl_hs|  compute_Pipeline_VITIS_LOOP_51_5|  return value|
|ap_ready      |  out|    1|  ap_ctrl_hs|  compute_Pipeline_VITIS_LOOP_51_5|  return value|
|cur_address0  |  out|   16|   ap_memory|                               cur|         array|
|cur_ce0       |  out|    1|   ap_memory|                               cur|         array|
|cur_q0        |   in|   24|   ap_memory|                               cur|         array|
|cur_address1  |  out|   16|   ap_memory|                               cur|         array|
|cur_ce1       |  out|    1|   ap_memory|                               cur|         array|
|cur_q1        |   in|   24|   ap_memory|                               cur|         array|
|nxt_address0  |  out|   16|   ap_memory|                               nxt|         array|
|nxt_ce0       |  out|    1|   ap_memory|                               nxt|         array|
|nxt_we0       |  out|    1|   ap_memory|                               nxt|         array|
|nxt_d0        |  out|   24|   ap_memory|                               nxt|         array|
|nxt_address1  |  out|   16|   ap_memory|                               nxt|         array|
|nxt_ce1       |  out|    1|   ap_memory|                               nxt|         array|
|nxt_we1       |  out|    1|   ap_memory|                               nxt|         array|
|nxt_d1        |  out|   24|   ap_memory|                               nxt|         array|
+--------------+-----+-----+------------+----------------------------------+--------------+

============================================================
+ Verbose Summary: Synthesis Manager
============================================================
InlineROM: 1
ExposeGlobal: 0
============================================================
+ Verbose Summary: CDFG Model
============================================================
IsTopModel: 0
ResetActiveHigh: 1
IsCombinational: 2
IsDatapathOnly: 2
HasWiredReturn: 1
HasMFsm: 2
HasVarLatency: 1
IsPipeline: 0
IsRtlPipelined: 0
IsInstanceOverlapped: 0
IsDontTouch: 0
HasImplIP: 0
IsGatedGlobalClock: 0

+ Individual pipeline summary: 
  * Pipeline-0: initiation interval (II) = 1, depth = 2


============================================================
+ Verbose Summary: Schedule
============================================================
* Number of FSM states : 2
* Pipeline : 1
  Pipeline-0 : II = 1, D = 2, States = { 1 2 }
* Dataflow Pipeline: 0

* FSM state transitions: 
1 --> 2 
2 --> 

* FSM state operations: 

State 1 <SV = 0> <Delay = 1.89>
ST_1 : Operation 5 [1/1] (0.00ns)   --->   "%i = alloca i32 1" [top.cpp:51]   --->   Operation 5 'alloca' 'i' <Predicate = true> <Delay = 0.00>
ST_1 : Operation 6 [1/1] (0.48ns)   --->   "%store_ln51 = store i9 0, i9 %i" [top.cpp:51]   --->   Operation 6 'store' 'store_ln51' <Predicate = true> <Delay = 0.48>
ST_1 : Operation 7 [1/1] (0.00ns)   --->   "%br_ln0 = br void %for.inc55"   --->   Operation 7 'br' 'br_ln0' <Predicate = true> <Delay = 0.00>
ST_1 : Operation 8 [1/1] (0.00ns)   --->   "%i_2 = load i9 %i" [top.cpp:51]   --->   Operation 8 'load' 'i_2' <Predicate = true> <Delay = 0.00>
ST_1 : Operation 9 [1/1] (0.92ns)   --->   "%icmp_ln51 = icmp_eq  i9 %i_2, i9 256" [top.cpp:51]   --->   Operation 9 'icmp' 'icmp_ln51' <Predicate = true> <Delay = 0.92> <CoreInst = "Cmp">   --->   Core 9 'Cmp' <Latency = 0> <II = 1> <Delay = 0.93> <FuncUnit> <Opcode : 'seteq' 'setne' 'setle' 'setge' 'setlt' 'setgt'> <InPorts = 2> <OutPorts = 1>
ST_1 : Operation 10 [1/1] (0.92ns)   --->   "%add_ln51 = add i9 %i_2, i9 1" [top.cpp:51]   --->   Operation 10 'add' 'add_ln51' <Predicate = true> <Delay = 0.92> <CoreInst = "Adder">   --->   Core 1 'Adder' <Latency = 0> <II = 1> <Delay = 0.92> <FuncUnit> <Opcode : 'add' 'sub'> <InPorts = 2> <OutPorts = 1>
ST_1 : Operation 11 [1/1] (0.00ns)   --->   "%br_ln51 = br i1 %icmp_ln51, void %for.inc55.split, void %VITIS_LOOP_64_8.preheader.exitStub" [top.cpp:51]   --->   Operation 11 'br' 'br_ln51' <Predicate = true> <Delay = 0.00>
ST_1 : Operation 12 [1/1] (0.00ns)   --->   "%trunc_ln51 = trunc i9 %i_2" [top.cpp:51]   --->   Operation 12 'trunc' 'trunc_ln51' <Predicate = (!icmp_ln51)> <Delay = 0.00>
ST_1 : Operation 13 [1/1] (0.00ns)   --->   "%tmp_s = bitconcatenate i16 @_ssdm_op_BitConcatenate.i16.i8.i8, i8 %trunc_ln51, i8 0" [top.cpp:53]   --->   Operation 13 'bitconcatenate' 'tmp_s' <Predicate = (!icmp_ln51)> <Delay = 0.00>
ST_1 : Operation 14 [1/1] (0.00ns)   --->   "%zext_ln53 = zext i16 %tmp_s" [top.cpp:53]   --->   Operation 14 'zext' 'zext_ln53' <Predicate = (!icmp_ln51)> <Delay = 0.00>
ST_1 : Operation 15 [1/1] (0.00ns)   --->   "%cur_addr = getelementptr i24 %cur, i64 0, i64 %zext_ln53" [top.cpp:53]   --->   Operation 15 'getelementptr' 'cur_addr' <Predicate = (!icmp_ln51)> <Delay = 0.00>
ST_1 : Operation 16 [1/1] (0.00ns)   --->   "%tmp_14 = bitconcatenate i16 @_ssdm_op_BitConcatenate.i16.i8.i8, i8 %trunc_ln51, i8 255" [top.cpp:54]   --->   Operation 16 'bitconcatenate' 'tmp_14' <Predicate = (!icmp_ln51)> <Delay = 0.00>
ST_1 : Operation 17 [1/1] (0.00ns)   --->   "%zext_ln54 = zext i16 %tmp_14" [top.cpp:54]   --->   Operation 17 'zext' 'zext_ln54' <Predicate = (!icmp_ln51)> <Delay = 0.00>
ST_1 : Operation 18 [1/1] (0.00ns)   --->   "%cur_addr_1 = getelementptr i24 %cur, i64 0, i64 %zext_ln54" [top.cpp:54]   --->   Operation 18 'getelementptr' 'cur_addr_1' <Predicate = (!icmp_ln51)> <Delay = 0.00>
ST_1 : Operation 19 [2/2] (1.35ns)   --->   "%cur_load = load i16 %cur_addr" [top.cpp:53]   --->   Operation 19 'load' 'cur_load' <Predicate = (!icmp_ln51)> <Delay = 1.35> <CoreInst = "RAM">   --->   Core 82 'RAM' <Latency = 1> <II = 1> <Delay = 1.35> <Storage> <Opcode : 'load' 'store'> <Ports = 2> <Width = 24> <Depth = 65536> <RAM>
ST_1 : Operation 20 [2/2] (1.35ns)   --->   "%cur_load_1 = load i16 %cur_addr_1" [top.cpp:54]   --->   Operation 20 'load' 'cur_load_1' <Predicate = (!icmp_ln51)> <Delay = 1.35> <CoreInst = "RAM">   --->   Core 82 'RAM' <Latency = 1> <II = 1> <Delay = 1.35> <Storage> <Opcode : 'load' 'store'> <Ports = 2> <Width = 24> <Depth = 65536> <RAM>
ST_1 : Operation 21 [1/1] (0.48ns)   --->   "%store_ln51 = store i9 %add_ln51, i9 %i" [top.cpp:51]   --->   Operation 21 'store' 'store_ln51' <Predicate = (!icmp_ln51)> <Delay = 0.48>
ST_1 : Operation 32 [1/1] (0.48ns)   --->   "%ret_ln0 = ret"   --->   Operation 32 'ret' 'ret_ln0' <Predicate = (icmp_ln51)> <Delay = 0.48>

State 2 <SV = 1> <Delay = 2.70>
ST_2 : Operation 22 [1/1] (0.00ns)   --->   "%nxt_addr = getelementptr i24 %nxt, i64 0, i64 %zext_ln53" [top.cpp:53]   --->   Operation 22 'getelementptr' 'nxt_addr' <Predicate = true> <Delay = 0.00>
ST_2 : Operation 23 [1/1] (0.00ns)   --->   "%nxt_addr_1 = getelementptr i24 %nxt, i64 0, i64 %zext_ln54" [top.cpp:54]   --->   Operation 23 'getelementptr' 'nxt_addr_1' <Predicate = true> <Delay = 0.00>
ST_2 : Operation 24 [1/1] (0.00ns)   --->   "%specpipeline_ln52 = specpipeline void @_ssdm_op_SpecPipeline, i32 1, i32 0, i32 0, i32 0, void @empty_15" [top.cpp:52]   --->   Operation 24 'specpipeline' 'specpipeline_ln52' <Predicate = true> <Delay = 0.00>
ST_2 : Operation 25 [1/1] (0.00ns)   --->   "%speclooptripcount_ln51 = speclooptripcount void @_ssdm_op_SpecLoopTripCount, i64 256, i64 256, i64 256" [top.cpp:51]   --->   Operation 25 'speclooptripcount' 'speclooptripcount_ln51' <Predicate = true> <Delay = 0.00>
ST_2 : Operation 26 [1/1] (0.00ns)   --->   "%specloopname_ln51 = specloopname void @_ssdm_op_SpecLoopName, void @empty_6" [top.cpp:51]   --->   Operation 26 'specloopname' 'specloopname_ln51' <Predicate = true> <Delay = 0.00>
ST_2 : Operation 27 [1/2] ( I:1.35ns O:1.35ns )   --->   "%cur_load = load i16 %cur_addr" [top.cpp:53]   --->   Operation 27 'load' 'cur_load' <Predicate = true> <Delay = 1.35> <CoreInst = "RAM">   --->   Core 82 'RAM' <Latency = 1> <II = 1> <Delay = 1.35> <Storage> <Opcode : 'load' 'store'> <Ports = 2> <Width = 24> <Depth = 65536> <RAM>
ST_2 : Operation 28 [1/1] ( I:1.35ns O:1.35ns )   --->   "%store_ln53 = store i24 %cur_load, i16 %nxt_addr" [top.cpp:53]   --->   Operation 28 'store' 'store_ln53' <Predicate = true> <Delay = 1.35> <CoreInst = "RAM">   --->   Core 82 'RAM' <Latency = 1> <II = 1> <Delay = 1.35> <Storage> <Opcode : 'load' 'store'> <Ports = 2> <Width = 24> <Depth = 65536> <RAM>
ST_2 : Operation 29 [1/2] ( I:1.35ns O:1.35ns )   --->   "%cur_load_1 = load i16 %cur_addr_1" [top.cpp:54]   --->   Operation 29 'load' 'cur_load_1' <Predicate = true> <Delay = 1.35> <CoreInst = "RAM">   --->   Core 82 'RAM' <Latency = 1> <II = 1> <Delay = 1.35> <Storage> <Opcode : 'load' 'store'> <Ports = 2> <Width = 24> <Depth = 65536> <RAM>
ST_2 : Operation 30 [1/1] ( I:1.35ns O:1.35ns )   --->   "%store_ln54 = store i24 %cur_load_1, i16 %nxt_addr_1" [top.cpp:54]   --->   Operation 30 'store' 'store_ln54' <Predicate = true> <Delay = 1.35> <CoreInst = "RAM">   --->   Core 82 'RAM' <Latency = 1> <II = 1> <Delay = 1.35> <Storage> <Opcode : 'load' 'store'> <Ports = 2> <Width = 24> <Depth = 65536> <RAM>
ST_2 : Operation 31 [1/1] (0.00ns)   --->   "%br_ln51 = br void %for.inc55" [top.cpp:51]   --->   Operation 31 'br' 'br_ln51' <Predicate = true> <Delay = 0.00>


============================================================
+ Verbose Summary: Binding
============================================================
STG Binding: 
---------------- STG Properties BEGIN ----------------
- Is combinational: 0
- Is one-state seq: 0
- Is datapath-only: 0
- Is pipelined: 0
- Is top level: 0
Port [ Return ] is wired: 1; IO mode=ap_ctrl_hs:ce=0
Port [ cur]:  wired=1; compound=1; hidden=0; nouse=0; global=0; static=0; extern=0; dir=0; type=1; pingpong=0; private_global=0; MemPort=[11]; IO mode=ap_memory:ce=0
Port [ nxt]:  wired=1; compound=1; hidden=0; nouse=0; global=0; static=0; extern=0; dir=1; type=1; pingpong=0; private_global=0; MemPort=[00]; IO mode=ap_memory:ce=0
---------------- STG Properties END ------------------

---------------- Datapath Model BEGIN ----------------

<LifeTime>
<method=bitvector/>
i                      (alloca           ) [ 010]
store_ln51             (store            ) [ 000]
br_ln0                 (br               ) [ 000]
i_2                    (load             ) [ 000]
icmp_ln51              (icmp             ) [ 010]
add_ln51               (add              ) [ 000]
br_ln51                (br               ) [ 000]
trunc_ln51             (trunc            ) [ 000]
tmp_s                  (bitconcatenate   ) [ 000]
zext_ln53              (zext             ) [ 011]
cur_addr               (getelementptr    ) [ 011]
tmp_14                 (bitconcatenate   ) [ 000]
zext_ln54              (zext             ) [ 011]
cur_addr_1             (getelementptr    ) [ 011]
store_ln51             (store            ) [ 000]
nxt_addr               (getelementptr    ) [ 000]
nxt_addr_1             (getelementptr    ) [ 000]
specpipeline_ln52      (specpipeline     ) [ 000]
speclooptripcount_ln51 (speclooptripcount) [ 000]
specloopname_ln51      (specloopname     ) [ 000]
cur_load               (load             ) [ 000]
store_ln53             (store            ) [ 000]
cur_load_1             (load             ) [ 000]
store_ln54             (store            ) [ 000]
br_ln51                (br               ) [ 000]
ret_ln0                (ret              ) [ 000]
</LifeTime>

<model>

<comp_list>
<comp id="0" class="1000" name="cur">
<pin_list>
<pin id="1" dir="1" index="0" bw="1" slack="0"/>
</pin_list>
<bind>
<StgValue><ssdm name="cur"/><MemPortTyVec>1 1 </MemPortTyVec>
</StgValue>
</bind>
</comp>

<comp id="2" class="1000" name="nxt">
<pin_list>
<pin id="3" dir="1" index="0" bw="1" slack="0"/>
</pin_list>
<bind>
<StgValue><ssdm name="nxt"/><MemPortTyVec>0 0 </MemPortTyVec>
</StgValue>
</bind>
</comp>

<comp id="4" class="1001" name="const_4">
<pin_list>
<pin id="5" dir="1" index="0" bw="1" slack="0"/>
</pin_list>
<bind>
<StgValue><ssdm name=""/></StgValue>
</bind>
</comp>

<comp id="6" class="1001" name="const_6">
<pin_list>
<pin id="7" dir="1" index="0" bw="1" slack="0"/>
</pin_list>
<bind>
<StgValue><ssdm name=""/></StgValue>
</bind>
</comp>

<comp id="8" class="1001" name="const_8">
<pin_list>
<pin id="9" dir="1" index="0" bw="1" slack="0"/>
</pin_list>
<bind>
<StgValue><ssdm name=""/></StgValue>
</bind>
</comp>

<comp id="10" class="1001" name="const_10">
<pin_list>
<pin id="11" dir="1" index="0" bw="1" slack="0"/>
</pin_list>
<bind>
<StgValue><ssdm name=""/></StgValue>
</bind>
</comp>

<comp id="12" class="1001" name="const_12">
<pin_list>
<pin id="13" dir="1" index="0" bw="1" slack="0"/>
</pin_list>
<bind>
<StgValue><ssdm name="_ssdm_op_BitConcatenate.i16.i8.i8"/></StgValue>
</bind>
</comp>

<comp id="14" class="1001" name="const_14">
<pin_list>
<pin id="15" dir="1" index="0" bw="1" slack="0"/>
</pin_list>
<bind>
<StgValue><ssdm name=""/></StgValue>
</bind>
</comp>

<comp id="16" class="1001" name="const_16">
<pin_list>
<pin id="17" dir="1" index="0" bw="1" slack="0"/>
</pin_list>
<bind>
<StgValue><ssdm name=""/></StgValue>
</bind>
</comp>

<comp id="18" class="1001" name="const_18">
<pin_list>
<pin id="19" dir="1" index="0" bw="1" slack="0"/>
</pin_list>
<bind>
<StgValue><ssdm name=""/></StgValue>
</bind>
</comp>

<comp id="20" class="1001" name="const_20">
<pin_list>
<pin id="21" dir="1" index="0" bw="1" slack="2147483647"/>
</pin_list>
<bind>
<StgValue><ssdm name="_ssdm_op_SpecPipeline"/></StgValue>
</bind>
</comp>

<comp id="22" class="1001" name="const_22">
<pin_list>
<pin id="23" dir="1" index="0" bw="1" slack="2147483647"/>
</pin_list>
<bind>
<StgValue><ssdm name=""/></StgValue>
</bind>
</comp>

<comp id="24" class="1001" name="const_24">
<pin_list>
<pin id="25" dir="1" index="0" bw="1" slack="2147483647"/>
</pin_list>
<bind>
<StgValue><ssdm name="empty_15"/></StgValue>
</bind>
</comp>

<comp id="26" class="1001" name="const_26">
<pin_list>
<pin id="27" dir="1" index="0" bw="1" slack="2147483647"/>
</pin_list>
<bind>
<StgValue><ssdm name="_ssdm_op_SpecLoopTripCount"/></StgValue>
</bind>
</comp>

<comp id="28" class="1001" name="const_28">
<pin_list>
<pin id="29" dir="1" index="0" bw="1" slack="2147483647"/>
</pin_list>
<bind>
<StgValue><ssdm name=""/></StgValue>
</bind>
</comp>

<comp id="30" class="1001" name="const_30">
<pin_list>
<pin id="31" dir="1" index="0" bw="1" slack="2147483647"/>
</pin_list>
<bind>
<StgValue><ssdm name="_ssdm_op_SpecLoopName"/></StgValue>
</bind>
</comp>

<comp id="32" class="1001" name="const_32">
<pin_list>
<pin id="33" dir="1" index="0" bw="1" slack="2147483647"/>
</pin_list>
<bind>
<StgValue><ssdm name="empty_6"/></StgValue>
</bind>
</comp>

<comp id="34" class="1004" name="i_fu_34">
<pin_list>
<pin id="35" dir="0" index="0" bw="1" slack="0"/>
<pin id="36" dir="1" index="1" bw="9" slack="0"/>
</pin_list>
<bind>
<opcode="alloca(26) " fcode="alloca"/>
<opset="i/1 "/>
</bind>
</comp>

<comp id="38" class="1004" name="cur_addr_gep_fu_38">
<pin_list>
<pin id="39" dir="0" index="0" bw="24" slack="0"/>
<pin id="40" dir="0" index="1" bw="1" slack="0"/>
<pin id="41" dir="0" index="2" bw="16" slack="0"/>
<pin id="42" dir="1" index="3" bw="16" slack="0"/>
</pin_list>
<bind>
<opcode="getelementptr(29) " fcode="getelementptr"/>
<opset="cur_addr/1 "/>
</bind>
</comp>

<comp id="45" class="1004" name="cur_addr_1_gep_fu_45">
<pin_list>
<pin id="46" dir="0" index="0" bw="24" slack="0"/>
<pin id="47" dir="0" index="1" bw="1" slack="0"/>
<pin id="48" dir="0" index="2" bw="16" slack="0"/>
<pin id="49" dir="1" index="3" bw="16" slack="0"/>
</pin_list>
<bind>
<opcode="getelementptr(29) " fcode="getelementptr"/>
<opset="cur_addr_1/1 "/>
</bind>
</comp>

<comp id="52" class="1004" name="grp_access_fu_52">
<pin_list>
<pin id="53" dir="0" index="0" bw="16" slack="0"/>
<pin id="54" dir="0" index="1" bw="24" slack="2147483647"/>
<pin id="55" dir="0" index="2" bw="0" slack="0"/>
<pin id="57" dir="0" index="4" bw="16" slack="2147483647"/>
<pin id="58" dir="0" index="5" bw="24" slack="2147483647"/>
<pin id="59" dir="0" index="6" bw="0" slack="2147483647"/>
<pin id="56" dir="1" index="3" bw="24" slack="0"/>
<pin id="60" dir="1" index="7" bw="24" slack="0"/>
</pin_list>
<bind>
<opcode="load(27) " fcode="load"/>
<opset="cur_load/1 cur_load_1/1 "/>
</bind>
</comp>

<comp id="63" class="1004" name="nxt_addr_gep_fu_63">
<pin_list>
<pin id="64" dir="0" index="0" bw="24" slack="0"/>
<pin id="65" dir="0" index="1" bw="1" slack="0"/>
<pin id="66" dir="0" index="2" bw="16" slack="1"/>
<pin id="67" dir="1" index="3" bw="16" slack="0"/>
</pin_list>
<bind>
<opcode="getelementptr(29) " fcode="getelementptr"/>
<opset="nxt_addr/2 "/>
</bind>
</comp>

<comp id="70" class="1004" name="nxt_addr_1_gep_fu_70">
<pin_list>
<pin id="71" dir="0" index="0" bw="24" slack="0"/>
<pin id="72" dir="0" index="1" bw="1" slack="0"/>
<pin id="73" dir="0" index="2" bw="16" slack="1"/>
<pin id="74" dir="1" index="3" bw="16" slack="0"/>
</pin_list>
<bind>
<opcode="getelementptr(29) " fcode="getelementptr"/>
<opset="nxt_addr_1/2 "/>
</bind>
</comp>

<comp id="77" class="1004" name="grp_access_fu_77">
<pin_list>
<pin id="78" dir="0" index="0" bw="16" slack="0"/>
<pin id="79" dir="0" index="1" bw="24" slack="0"/>
<pin id="80" dir="0" index="2" bw="0" slack="0"/>
<pin id="82" dir="0" index="4" bw="16" slack="0"/>
<pin id="83" dir="0" index="5" bw="24" slack="2147483647"/>
<pin id="84" dir="0" index="6" bw="0" slack="2147483647"/>
<pin id="81" dir="1" index="3" bw="24" slack="2147483647"/>
<pin id="85" dir="1" index="7" bw="24" slack="2147483647"/>
</pin_list>
<bind>
<opcode="store(28) " fcode="store"/>
<opset="store_ln53/2 store_ln54/2 "/>
</bind>
</comp>

<comp id="90" class="1004" name="store_ln51_store_fu_90">
<pin_list>
<pin id="91" dir="0" index="0" bw="1" slack="0"/>
<pin id="92" dir="0" index="1" bw="9" slack="0"/>
<pin id="93" dir="1" index="2" bw="0" slack="2147483647"/>
</pin_list>
<bind>
<opcode="store(28) " fcode="store"/>
<opset="store_ln51/1 "/>
</bind>
</comp>

<comp id="95" class="1004" name="i_2_load_fu_95">
<pin_list>
<pin id="96" dir="0" index="0" bw="9" slack="0"/>
<pin id="97" dir="1" index="1" bw="9" slack="0"/>
</pin_list>
<bind>
<opcode="load(27) " fcode="load"/>
<opset="i_2/1 "/>
</bind>
</comp>

<comp id="98" class="1004" name="icmp_ln51_fu_98">
<pin_list>
<pin id="99" dir="0" index="0" bw="9" slack="0"/>
<pin id="100" dir="0" index="1" bw="9" slack="0"/>
<pin id="101" dir="1" index="2" bw="1" slack="2147483647"/>
</pin_list>
<bind>
<opcode="icmp(45) " fcode="icmp"/>
<opset="icmp_ln51/1 "/>
</bind>
</comp>

<comp id="104" class="1004" name="add_ln51_fu_104">
<pin_list>
<pin id="105" dir="0" index="0" bw="9" slack="0"/>
<pin id="106" dir="0" index="1" bw="1" slack="0"/>
<pin id="107" dir="1" index="2" bw="9" slack="0"/>
</pin_list>
<bind>
<opcode="add(8) " fcode="add"/>
<opset="add_ln51/1 "/>
</bind>
</comp>

<comp id="110" class="1004" name="trunc_ln51_fu_110">
<pin_list>
<pin id="111" dir="0" index="0" bw="9" slack="0"/>
<pin id="112" dir="1" index="1" bw="8" slack="0"/>
</pin_list>
<bind>
<opcode="trunc(33) " fcode="trunc"/>
<opset="trunc_ln51/1 "/>
</bind>
</comp>

<comp id="114" class="1004" name="tmp_s_fu_114">
<pin_list>
<pin id="115" dir="0" index="0" bw="16" slack="0"/>
<pin id="116" dir="0" index="1" bw="8" slack="0"/>
<pin id="117" dir="0" index="2" bw="1" slack="0"/>
<pin id="118" dir="1" index="3" bw="16" slack="0"/>
</pin_list>
<bind>
<opcode="bitconcatenate(1004) " fcode="bitconcatenate"/>
<opset="tmp_s/1 "/>
</bind>
</comp>

<comp id="122" class="1004" name="zext_ln53_fu_122">
<pin_list>
<pin id="123" dir="0" index="0" bw="16" slack="0"/>
<pin id="124" dir="1" index="1" bw="64" slack="0"/>
</pin_list>
<bind>
<opcode="zext(34) " fcode="zext"/>
<opset="zext_ln53/1 "/>
</bind>
</comp>

<comp id="127" class="1004" name="tmp_14_fu_127">
<pin_list>
<pin id="128" dir="0" index="0" bw="16" slack="0"/>
<pin id="129" dir="0" index="1" bw="8" slack="0"/>
<pin id="130" dir="0" index="2" bw="1" slack="0"/>
<pin id="131" dir="1" index="3" bw="16" slack="0"/>
</pin_list>
<bind>
<opcode="bitconcatenate(1004) " fcode="bitconcatenate"/>
<opset="tmp_14/1 "/>
</bind>
</comp>

<comp id="135" class="1004" name="zext_ln54_fu_135">
<pin_list>
<pin id="136" dir="0" index="0" bw="16" slack="0"/>
<pin id="137" dir="1" index="1" bw="64" slack="0"/>
</pin_list>
<bind>
<opcode="zext(34) " fcode="zext"/>
<opset="zext_ln54/1 "/>
</bind>
</comp>

<comp id="140" class="1004" name="store_ln51_store_fu_140">
<pin_list>
<pin id="141" dir="0" index="0" bw="9" slack="0"/>
<pin id="142" dir="0" index="1" bw="9" slack="0"/>
<pin id="143" dir="1" index="2" bw="0" slack="2147483647"/>
</pin_list>
<bind>
<opcode="store(28) " fcode="store"/>
<opset="store_ln51/1 "/>
</bind>
</comp>

<comp id="145" class="1005" name="i_reg_145">
<pin_list>
<pin id="146" dir="0" index="0" bw="9" slack="0"/>
<pin id="147" dir="1" index="1" bw="9" slack="0"/>
</pin_list>
<bind>
<opset="i "/>
</bind>
</comp>

<comp id="155" class="1005" name="zext_ln53_reg_155">
<pin_list>
<pin id="156" dir="0" index="0" bw="64" slack="1"/>
<pin id="157" dir="1" index="1" bw="64" slack="1"/>
</pin_list>
<bind>
<opset="zext_ln53 "/>
</bind>
</comp>

<comp id="160" class="1005" name="cur_addr_reg_160">
<pin_list>
<pin id="161" dir="0" index="0" bw="16" slack="1"/>
<pin id="162" dir="1" index="1" bw="16" slack="1"/>
</pin_list>
<bind>
<opset="cur_addr "/>
</bind>
</comp>

<comp id="165" class="1005" name="zext_ln54_reg_165">
<pin_list>
<pin id="166" dir="0" index="0" bw="64" slack="1"/>
<pin id="167" dir="1" index="1" bw="64" slack="1"/>
</pin_list>
<bind>
<opset="zext_ln54 "/>
</bind>
</comp>

<comp id="170" class="1005" name="cur_addr_1_reg_170">
<pin_list>
<pin id="171" dir="0" index="0" bw="16" slack="1"/>
<pin id="172" dir="1" index="1" bw="16" slack="1"/>
</pin_list>
<bind>
<opset="cur_addr_1 "/>
</bind>
</comp>

</comp_list>

<net_list>
<net id="37"><net_src comp="4" pin="0"/><net_sink comp="34" pin=0"/></net>

<net id="43"><net_src comp="0" pin="0"/><net_sink comp="38" pin=0"/></net>

<net id="44"><net_src comp="16" pin="0"/><net_sink comp="38" pin=1"/></net>

<net id="50"><net_src comp="0" pin="0"/><net_sink comp="45" pin=0"/></net>

<net id="51"><net_src comp="16" pin="0"/><net_sink comp="45" pin=1"/></net>

<net id="61"><net_src comp="38" pin="3"/><net_sink comp="52" pin=2"/></net>

<net id="62"><net_src comp="45" pin="3"/><net_sink comp="52" pin=0"/></net>

<net id="68"><net_src comp="2" pin="0"/><net_sink comp="63" pin=0"/></net>

<net id="69"><net_src comp="16" pin="0"/><net_sink comp="63" pin=1"/></net>

<net id="75"><net_src comp="2" pin="0"/><net_sink comp="70" pin=0"/></net>

<net id="76"><net_src comp="16" pin="0"/><net_sink comp="70" pin=1"/></net>

<net id="86"><net_src comp="52" pin="7"/><net_sink comp="77" pin=4"/></net>

<net id="87"><net_src comp="63" pin="3"/><net_sink comp="77" pin=2"/></net>

<net id="88"><net_src comp="52" pin="3"/><net_sink comp="77" pin=1"/></net>

<net id="89"><net_src comp="70" pin="3"/><net_sink comp="77" pin=0"/></net>

<net id="94"><net_src comp="6" pin="0"/><net_sink comp="90" pin=0"/></net>

<net id="102"><net_src comp="95" pin="1"/><net_sink comp="98" pin=0"/></net>

<net id="103"><net_src comp="8" pin="0"/><net_sink comp="98" pin=1"/></net>

<net id="108"><net_src comp="95" pin="1"/><net_sink comp="104" pin=0"/></net>

<net id="109"><net_src comp="10" pin="0"/><net_sink comp="104" pin=1"/></net>

<net id="113"><net_src comp="95" pin="1"/><net_sink comp="110" pin=0"/></net>

<net id="119"><net_src comp="12" pin="0"/><net_sink comp="114" pin=0"/></net>

<net id="120"><net_src comp="110" pin="1"/><net_sink comp="114" pin=1"/></net>

<net id="121"><net_src comp="14" pin="0"/><net_sink comp="114" pin=2"/></net>

<net id="125"><net_src comp="114" pin="3"/><net_sink comp="122" pin=0"/></net>

<net id="126"><net_src comp="122" pin="1"/><net_sink comp="38" pin=2"/></net>

<net id="132"><net_src comp="12" pin="0"/><net_sink comp="127" pin=0"/></net>

<net id="133"><net_src comp="110" pin="1"/><net_sink comp="127" pin=1"/></net>

<net id="134"><net_src comp="18" pin="0"/><net_sink comp="127" pin=2"/></net>

<net id="138"><net_src comp="127" pin="3"/><net_sink comp="135" pin=0"/></net>

<net id="139"><net_src comp="135" pin="1"/><net_sink comp="45" pin=2"/></net>

<net id="144"><net_src comp="104" pin="2"/><net_sink comp="140" pin=0"/></net>

<net id="148"><net_src comp="34" pin="1"/><net_sink comp="145" pin=0"/></net>

<net id="149"><net_src comp="145" pin="1"/><net_sink comp="90" pin=1"/></net>

<net id="150"><net_src comp="145" pin="1"/><net_sink comp="95" pin=0"/></net>

<net id="151"><net_src comp="145" pin="1"/><net_sink comp="140" pin=1"/></net>

<net id="158"><net_src comp="122" pin="1"/><net_sink comp="155" pin=0"/></net>

<net id="159"><net_src comp="155" pin="1"/><net_sink comp="63" pin=2"/></net>

<net id="163"><net_src comp="38" pin="3"/><net_sink comp="160" pin=0"/></net>

<net id="164"><net_src comp="160" pin="1"/><net_sink comp="52" pin=2"/></net>

<net id="168"><net_src comp="135" pin="1"/><net_sink comp="165" pin=0"/></net>

<net id="169"><net_src comp="165" pin="1"/><net_sink comp="70" pin=2"/></net>

<net id="173"><net_src comp="45" pin="3"/><net_sink comp="170" pin=0"/></net>

<net id="174"><net_src comp="170" pin="1"/><net_sink comp="52" pin=0"/></net>

</net_list>

</model> 
---------------- Datapath Model END ------------------

* FSMD analyzer results:
  - Output states:
	Port: nxt | {2 }
 - Input state : 
	Port: compute_Pipeline_VITIS_LOOP_51_5 : cur | {1 2 }
  - Chain level:
	State 1
		store_ln51 : 1
		i_2 : 1
		icmp_ln51 : 2
		add_ln51 : 2
		br_ln51 : 3
		trunc_ln51 : 2
		tmp_s : 3
		zext_ln53 : 4
		cur_addr : 5
		tmp_14 : 3
		zext_ln54 : 4
		cur_addr_1 : 5
		cur_load : 6
		cur_load_1 : 6
		store_ln51 : 3
	State 2
		store_ln53 : 1
		store_ln54 : 1


============================================================
+ Verbose Summary: Datapath Resource usage 
============================================================

* Functional unit list:
|----------|-------------------|---------|---------|
| Operation|  Functional Unit  |    FF   |   LUT   |
|----------|-------------------|---------|---------|
|   icmp   |  icmp_ln51_fu_98  |    0    |    16   |
|----------|-------------------|---------|---------|
|    add   |  add_ln51_fu_104  |    0    |    16   |
|----------|-------------------|---------|---------|
|   trunc  | trunc_ln51_fu_110 |    0    |    0    |
|----------|-------------------|---------|---------|
|bitconcatenate|    tmp_s_fu_114   |    0    |    0    |
|          |   tmp_14_fu_127   |    0    |    0    |
|----------|-------------------|---------|---------|
|   zext   |  zext_ln53_fu_122 |    0    |    0    |
|          |  zext_ln54_fu_135 |    0    |    0    |
|----------|-------------------|---------|---------|
|   Total  |                   |    0    |    32   |
|----------|-------------------|---------|---------|

Memories:
N/A

* Register list:
+------------------+--------+
|                  |   FF   |
+------------------+--------+
|cur_addr_1_reg_170|   16   |
| cur_addr_reg_160 |   16   |
|     i_reg_145    |    9   |
| zext_ln53_reg_155|   64   |
| zext_ln54_reg_165|   64   |
+------------------+--------+
|       Total      |   169  |
+------------------+--------+

* Multiplexer (MUX) list: 
|------------------|------|------|------|--------||---------||---------||---------|
|       Comp       |  Pin | Size |  BW  | S x BW ||  Delay  ||    FF   ||   LUT   |
|------------------|------|------|------|--------||---------||---------||---------|
| grp_access_fu_52 |  p0  |   2  |  16  |   32   ||    0    ||    9    |
| grp_access_fu_52 |  p2  |   2  |   0  |    0   ||    0    ||    9    |
|------------------|------|------|------|--------||---------||---------||---------|
|       Total      |      |      |      |   32   ||  0.978  ||    0    ||    18   |
|------------------|------|------|------|--------||---------||---------||---------|



* Summary:
+-----------+--------+--------+--------+
|           |  Delay |   FF   |   LUT  |
+-----------+--------+--------+--------+
|  Function |    -   |    0   |   32   |
|   Memory  |    -   |    -   |    -   |
|Multiplexer|    0   |    0   |   18   |
|  Register |    -   |   169  |    -   |
+-----------+--------+--------+--------+
|   Total   |    0   |   169  |   50   |
+-----------+--------+--------+--------+
