

================================================================
== Vitis HLS Report for 'compute'
================================================================
* Date:           Fri Feb 20 10:14:37 2026

* Version:        2025.1.1 (Build 6214317 on Sep 11 2025)
* Project:        project_1
* Solution:       hls (Vivado IP Flow Target)
* Product family: zynquplus
* Target device:  xczu3eg-sbva484-1-e


================================================================
== Performance Estimates
================================================================
+ Timing: 
    * Summary: 
    +--------+----------+----------+------------+
    |  Clock |  Target  | Estimated| Uncertainty|
    +--------+----------+----------+------------+
    |ap_clk  |  10.00 ns|  6.855 ns|     2.70 ns|
    +--------+----------+----------+------------+

+ Latency: 
    * Summary: 
    +---------+---------+-----------+-----------+---------+---------+---------+
    |  Latency (cycles) |   Latency (absolute)  |      Interval     | Pipeline|
    |   min   |   max   |    min    |    max    |   min   |   max   |   Type  |
    +---------+---------+-----------+-----------+---------+---------+---------+
    |  6142255|  6142255|  61.423 ms|  61.423 ms|  6142255|  6142255|       no|
    +---------+---------+-----------+-----------+---------+---------+---------+

    + Detail: 
        * Instance: 
        N/A

        * Loop: 
        +------------------------+---------+---------+----------+-----------+-----------+------+----------+
        |                        |  Latency (cycles) | Iteration|  Initiation Interval  | Trip |          |
        |        Loop Name       |   min   |   max   |  Latency |  achieved |   target  | Count| Pipelined|
        +------------------------+---------+---------+----------+-----------+-----------+------+----------+
        |- VITIS_LOOP_34_1       |    66048|    66048|       258|          -|          -|   256|        no|
        | + VITIS_LOOP_35_2      |      256|      256|         1|          -|          -|   256|        no|
        |- VITIS_LOOP_42_3       |  5944620|  5944620|    198154|          -|          -|    30|        no|
        | + VITIS_LOOP_45_4      |      512|      512|         2|          -|          -|   256|        no|
        | + VITIS_LOOP_50_5      |      512|      512|         2|          -|          -|   256|        no|
        | + VITIS_LOOP_105_9     |   131584|   131584|       514|          -|          -|   256|        no|
        |  ++ VITIS_LOOP_106_10  |      512|      512|         2|          -|          -|   256|        no|
        |- VITIS_LOOP_114_11     |   131584|   131584|       514|          -|          -|   256|        no|
        | + VITIS_LOOP_115_12    |      512|      512|         2|          -|          -|   256|        no|
        +------------------------+---------+---------+----------+-----------+-----------+------+----------+

============================================================
+ Verbose Summary: Synthesis Manager
============================================================
InlineROM: 1
ExposeGlobal: 0
============================================================
+ Verbose Summary: CDFG Model
============================================================
IsTopModel: 0
ResetActiveHigh: 1
IsCombinational: 2
IsDatapathOnly: 0
HasWiredReturn: 1
HasMFsm: 0
HasVarLatency: 1
IsPipeline: 0
IsRtlPipelined: 0
IsInstanceOverlapped: 0
IsDontTouch: 0
HasImplIP: 0
IsGatedGlobalClock: 0


============================================================
+ Verbose Summary: Schedule
============================================================
* Number of FSM states : 16
* Pipeline : 0
* Dataflow Pipeline: 0

* FSM state transitions: 
1 --> 2 
2 --> 3 4 
3 --> 3 2 
4 --> 5 14 
5 --> 6 7 
6 --> 5 
7 --> 8 9 
8 --> 7 
9 --> 10 
10 --> 11 
11 --> 12 4 
12 --> 13 11 
13 --> 12 
14 --> 15 
15 --> 16 14 
16 --> 15 

* FSM state operations: 

State 1 <SV = 0> <Delay = 0.48>
ST_1 : Operation 17 [1/1] (0.00ns)   --->   "%i = alloca i32 1" [top.cpp:34]   --->   Operation 17 'alloca' 'i' <Predicate = true> <Delay = 0.00>
ST_1 : Operation 18 [1/1] (0.00ns)   --->   "%p_0_0_0116949_loc = alloca i64 1"   --->   Operation 18 'alloca' 'p_0_0_0116949_loc' <Predicate = true> <Delay = 0.00>
ST_1 : Operation 19 [1/1] (0.00ns)   --->   "%p_0_0_0116950_loc = alloca i64 1"   --->   Operation 19 'alloca' 'p_0_0_0116950_loc' <Predicate = true> <Delay = 0.00>
ST_1 : Operation 20 [1/1] (0.00ns)   --->   "%p_0_0_01169_151_loc = alloca i64 1"   --->   Operation 20 'alloca' 'p_0_0_01169_151_loc' <Predicate = true> <Delay = 0.00>
ST_1 : Operation 21 [1/1] (0.00ns)   --->   "%p_0_0_01169_152_loc = alloca i64 1"   --->   Operation 21 'alloca' 'p_0_0_01169_152_loc' <Predicate = true> <Delay = 0.00>
ST_1 : Operation 22 [1/1] (0.00ns)   --->   "%p_0_0_01169_253_loc = alloca i64 1"   --->   Operation 22 'alloca' 'p_0_0_01169_253_loc' <Predicate = true> <Delay = 0.00>
ST_1 : Operation 23 [1/1] (0.00ns)   --->   "%p_0_0_01169_254_loc = alloca i64 1"   --->   Operation 23 'alloca' 'p_0_0_01169_254_loc' <Predicate = true> <Delay = 0.00>
ST_1 : Operation 24 [1/1] (0.00ns)   --->   "%specinterface_ln0 = specinterface void @_ssdm_op_SpecInterface, i24 %grid_final, void @empty_1, i32 0, i32 0, void @empty_4, i32 0, i32 0, void @empty_4, void @empty_4, void @empty_4, i32 0, i32 0, i32 0, i32 0, void @empty_4, void @empty_4, i32 4294967295, i32 0, i32 0"   --->   Operation 24 'specinterface' 'specinterface_ln0' <Predicate = true> <Delay = 0.00>
ST_1 : Operation 25 [1/1] (0.00ns)   --->   "%specinterface_ln0 = specinterface void @_ssdm_op_SpecInterface, i24 %grid_initial, void @empty_1, i32 0, i32 0, void @empty_4, i32 0, i32 0, void @empty_4, void @empty_4, void @empty_4, i32 0, i32 0, i32 0, i32 0, void @empty_4, void @empty_4, i32 4294967295, i32 0, i32 0"   --->   Operation 25 'specinterface' 'specinterface_ln0' <Predicate = true> <Delay = 0.00>
ST_1 : Operation 26 [1/1] (0.00ns)   --->   "%cur = alloca i64 1" [top.cpp:19]   --->   Operation 26 'alloca' 'cur' <Predicate = true> <Delay = 0.00> <CoreInst = "RAM">   --->   Core 82 'RAM' <Latency = 1> <II = 1> <Delay = 1.35> <Storage> <Opcode : 'load' 'store'> <Ports = 2> <Width = 24> <Depth = 65536> <RAM>
ST_1 : Operation 27 [1/1] (0.00ns)   --->   "%nxt = alloca i64 1" [top.cpp:20]   --->   Operation 27 'alloca' 'nxt' <Predicate = true> <Delay = 0.00> <CoreInst = "RAM">   --->   Core 82 'RAM' <Latency = 1> <II = 1> <Delay = 1.35> <Storage> <Opcode : 'load' 'store'> <Ports = 2> <Width = 24> <Depth = 65536> <RAM>
ST_1 : Operation 28 [1/1] (0.48ns)   --->   "%store_ln34 = store i9 0, i9 %i" [top.cpp:34]   --->   Operation 28 'store' 'store_ln34' <Predicate = true> <Delay = 0.48>
ST_1 : Operation 29 [1/1] (0.00ns)   --->   "%br_ln34 = br void %VITIS_LOOP_35_2" [top.cpp:34]   --->   Operation 29 'br' 'br_ln34' <Predicate = true> <Delay = 0.00>

State 2 <SV = 1> <Delay = 1.40>
ST_2 : Operation 30 [1/1] (0.00ns)   --->   "%i_3 = load i9 %i" [top.cpp:34]   --->   Operation 30 'load' 'i_3' <Predicate = true> <Delay = 0.00>
ST_2 : Operation 31 [1/1] (0.92ns)   --->   "%icmp_ln34 = icmp_eq  i9 %i_3, i9 256" [top.cpp:34]   --->   Operation 31 'icmp' 'icmp_ln34' <Predicate = true> <Delay = 0.92> <CoreInst = "Cmp">   --->   Core 9 'Cmp' <Latency = 0> <II = 1> <Delay = 0.92> <FuncUnit> <Opcode : 'seteq' 'setne' 'setle' 'setge' 'setlt' 'setgt'> <InPorts = 2> <OutPorts = 1>
ST_2 : Operation 32 [1/1] (0.92ns)   --->   "%add_ln34 = add i9 %i_3, i9 1" [top.cpp:34]   --->   Operation 32 'add' 'add_ln34' <Predicate = true> <Delay = 0.92> <CoreInst = "Adder">   --->   Core 1 'Adder' <Latency = 0> <II = 1> <Delay = 0.92> <FuncUnit> <Opcode : 'add' 'sub'> <InPorts = 2> <OutPorts = 1>
ST_2 : Operation 33 [1/1] (0.00ns)   --->   "%br_ln34 = br i1 %icmp_ln34, void %VITIS_LOOP_35_2.split, void %VITIS_LOOP_45_4.preheader" [top.cpp:34]   --->   Operation 33 'br' 'br_ln34' <Predicate = true> <Delay = 0.00>
ST_2 : Operation 34 [1/1] (0.00ns)   --->   "%trunc_ln34 = trunc i9 %i_3" [top.cpp:34]   --->   Operation 34 'trunc' 'trunc_ln34' <Predicate = (!icmp_ln34)> <Delay = 0.00>
ST_2 : Operation 35 [1/1] (0.00ns)   --->   "%tmp = bitconcatenate i16 @_ssdm_op_BitConcatenate.i16.i8.i8, i8 %trunc_ln34, i8 0" [top.cpp:37]   --->   Operation 35 'bitconcatenate' 'tmp' <Predicate = (!icmp_ln34)> <Delay = 0.00>
ST_2 : Operation 36 [1/1] (0.00ns)   --->   "%speclooptripcount_ln34 = speclooptripcount void @_ssdm_op_SpecLoopTripCount, i64 256, i64 256, i64 256" [top.cpp:34]   --->   Operation 36 'speclooptripcount' 'speclooptripcount_ln34' <Predicate = (!icmp_ln34)> <Delay = 0.00>
ST_2 : Operation 37 [1/1] (0.00ns)   --->   "%specloopname_ln34 = specloopname void @_ssdm_op_SpecLoopName, void @empty_14" [top.cpp:34]   --->   Operation 37 'specloopname' 'specloopname_ln34' <Predicate = (!icmp_ln34)> <Delay = 0.00>
ST_2 : Operation 38 [1/1] (0.48ns)   --->   "%br_ln35 = br void %for.inc" [top.cpp:35]   --->   Operation 38 'br' 'br_ln35' <Predicate = (!icmp_ln34)> <Delay = 0.48>
ST_2 : Operation 39 [1/1] (0.00ns)   --->   "%t = alloca i32 1" [top.cpp:42]   --->   Operation 39 'alloca' 't' <Predicate = (icmp_ln34)> <Delay = 0.00>
ST_2 : Operation 40 [1/1] (0.00ns)   --->   "%p_0_0_01169_lcssa_lcssa67 = alloca i32 1"   --->   Operation 40 'alloca' 'p_0_0_01169_lcssa_lcssa67' <Predicate = (icmp_ln34)> <Delay = 0.00>
ST_2 : Operation 41 [1/1] (0.00ns)   --->   "%p_0_0_01164_lcssa_lcssa68 = alloca i32 1"   --->   Operation 41 'alloca' 'p_0_0_01164_lcssa_lcssa68' <Predicate = (icmp_ln34)> <Delay = 0.00>
ST_2 : Operation 42 [1/1] (0.00ns)   --->   "%p_0_0_01169_1_lcssa_lcssa69 = alloca i32 1"   --->   Operation 42 'alloca' 'p_0_0_01169_1_lcssa_lcssa69' <Predicate = (icmp_ln34)> <Delay = 0.00>
ST_2 : Operation 43 [1/1] (0.00ns)   --->   "%p_0_0_01163_lcssa_lcssa70 = alloca i32 1"   --->   Operation 43 'alloca' 'p_0_0_01163_lcssa_lcssa70' <Predicate = (icmp_ln34)> <Delay = 0.00>
ST_2 : Operation 44 [1/1] (0.00ns)   --->   "%p_0_0_01169_2_lcssa_lcssa71 = alloca i32 1"   --->   Operation 44 'alloca' 'p_0_0_01169_2_lcssa_lcssa71' <Predicate = (icmp_ln34)> <Delay = 0.00>
ST_2 : Operation 45 [1/1] (0.00ns)   --->   "%p_0_0_01162_lcssa_lcssa72 = alloca i32 1"   --->   Operation 45 'alloca' 'p_0_0_01162_lcssa_lcssa72' <Predicate = (icmp_ln34)> <Delay = 0.00>
ST_2 : Operation 46 [1/1] (0.48ns)   --->   "%store_ln42 = store i5 0, i5 %t" [top.cpp:42]   --->   Operation 46 'store' 'store_ln42' <Predicate = (icmp_ln34)> <Delay = 0.48>
ST_2 : Operation 47 [1/1] (0.00ns)   --->   "%br_ln42 = br void %VITIS_LOOP_45_4" [top.cpp:42]   --->   Operation 47 'br' 'br_ln42' <Predicate = (icmp_ln34)> <Delay = 0.00>

State 3 <SV = 2> <Delay = 3.51>
ST_3 : Operation 48 [1/1] (0.00ns)   --->   "%j = phi i9 0, void %VITIS_LOOP_35_2.split, i9 %add_ln35, void %for.inc.split" [top.cpp:35]   --->   Operation 48 'phi' 'j' <Predicate = true> <Delay = 0.00>
ST_3 : Operation 49 [1/1] (0.92ns)   --->   "%icmp_ln35 = icmp_eq  i9 %j, i9 256" [top.cpp:35]   --->   Operation 49 'icmp' 'icmp_ln35' <Predicate = true> <Delay = 0.92> <CoreInst = "Cmp">   --->   Core 9 'Cmp' <Latency = 0> <II = 1> <Delay = 0.92> <FuncUnit> <Opcode : 'seteq' 'setne' 'setle' 'setge' 'setlt' 'setgt'> <InPorts = 2> <OutPorts = 1>
ST_3 : Operation 50 [1/1] (0.92ns)   --->   "%add_ln35 = add i9 %j, i9 1" [top.cpp:35]   --->   Operation 50 'add' 'add_ln35' <Predicate = true> <Delay = 0.92> <CoreInst = "Adder">   --->   Core 1 'Adder' <Latency = 0> <II = 1> <Delay = 0.92> <FuncUnit> <Opcode : 'add' 'sub'> <InPorts = 2> <OutPorts = 1>
ST_3 : Operation 51 [1/1] (0.00ns)   --->   "%br_ln35 = br i1 %icmp_ln35, void %for.inc.split, void %for.inc11" [top.cpp:35]   --->   Operation 51 'br' 'br_ln35' <Predicate = true> <Delay = 0.00>
ST_3 : Operation 52 [1/1] (0.00ns)   --->   "%zext_ln37 = zext i9 %j" [top.cpp:37]   --->   Operation 52 'zext' 'zext_ln37' <Predicate = (!icmp_ln35)> <Delay = 0.00>
ST_3 : Operation 53 [1/1] (1.01ns)   --->   "%add_ln37 = add i16 %tmp, i16 %zext_ln37" [top.cpp:37]   --->   Operation 53 'add' 'add_ln37' <Predicate = (!icmp_ln35)> <Delay = 1.01> <CoreInst = "Adder">   --->   Core 1 'Adder' <Latency = 0> <II = 1> <Delay = 1.01> <FuncUnit> <Opcode : 'add' 'sub'> <InPorts = 2> <OutPorts = 1>
ST_3 : Operation 54 [1/1] (0.00ns)   --->   "%zext_ln37_1 = zext i16 %add_ln37" [top.cpp:37]   --->   Operation 54 'zext' 'zext_ln37_1' <Predicate = (!icmp_ln35)> <Delay = 0.00>
ST_3 : Operation 55 [1/1] (0.00ns)   --->   "%cur_addr = getelementptr i24 %cur, i64 0, i64 %zext_ln37_1" [top.cpp:37]   --->   Operation 55 'getelementptr' 'cur_addr' <Predicate = (!icmp_ln35)> <Delay = 0.00>
ST_3 : Operation 56 [1/1] (0.00ns)   --->   "%speclooptripcount_ln35 = speclooptripcount void @_ssdm_op_SpecLoopTripCount, i64 256, i64 256, i64 256" [top.cpp:35]   --->   Operation 56 'speclooptripcount' 'speclooptripcount_ln35' <Predicate = (!icmp_ln35)> <Delay = 0.00>
ST_3 : Operation 57 [1/1] (0.00ns)   --->   "%specloopname_ln35 = specloopname void @_ssdm_op_SpecLoopName, void @empty_22" [top.cpp:35]   --->   Operation 57 'specloopname' 'specloopname_ln35' <Predicate = (!icmp_ln35)> <Delay = 0.00>
ST_3 : Operation 58 [1/1] ( I:2.16ns O:2.16ns )   --->   "%grid_initial_read = read i24 @_ssdm_op_Read.ap_fifo.volatile.i24P0A, i24 %grid_initial" [top.cpp:37]   --->   Operation 58 'read' 'grid_initial_read' <Predicate = (!icmp_ln35)> <Delay = 2.16> <CoreInst = "FIFO_SRL">   --->   Core 80 'FIFO_SRL' <Latency = 0> <II = 1> <Delay = 2.16> <Storage> <Opcode : 'read' 'write' 'nbread' 'nbwrite'> <Ports = 0> <Width = 24> <Depth = 2> <FIFO>
ST_3 : Operation 59 [1/1] ( I:1.35ns O:1.35ns )   --->   "%store_ln37 = store i24 %grid_initial_read, i16 %cur_addr" [top.cpp:37]   --->   Operation 59 'store' 'store_ln37' <Predicate = (!icmp_ln35)> <Delay = 1.35> <CoreInst = "RAM">   --->   Core 82 'RAM' <Latency = 1> <II = 1> <Delay = 1.35> <Storage> <Opcode : 'load' 'store'> <Ports = 2> <Width = 24> <Depth = 65536> <RAM>
ST_3 : Operation 60 [1/1] (0.00ns)   --->   "%br_ln35 = br void %for.inc" [top.cpp:35]   --->   Operation 60 'br' 'br_ln35' <Predicate = (!icmp_ln35)> <Delay = 0.00>
ST_3 : Operation 61 [1/1] (0.48ns)   --->   "%store_ln34 = store i9 %add_ln34, i9 %i" [top.cpp:34]   --->   Operation 61 'store' 'store_ln34' <Predicate = (icmp_ln35)> <Delay = 0.48>
ST_3 : Operation 62 [1/1] (0.00ns)   --->   "%br_ln34 = br void %VITIS_LOOP_35_2" [top.cpp:34]   --->   Operation 62 'br' 'br_ln34' <Predicate = (icmp_ln35)> <Delay = 0.00>

State 4 <SV = 2> <Delay = 1.36>
ST_4 : Operation 63 [1/1] (0.00ns)   --->   "%t_1 = load i5 %t" [top.cpp:42]   --->   Operation 63 'load' 't_1' <Predicate = true> <Delay = 0.00>
ST_4 : Operation 64 [1/1] (0.87ns)   --->   "%icmp_ln42 = icmp_eq  i5 %t_1, i5 30" [top.cpp:42]   --->   Operation 64 'icmp' 'icmp_ln42' <Predicate = true> <Delay = 0.87> <CoreInst = "Cmp">   --->   Core 9 'Cmp' <Latency = 0> <II = 1> <Delay = 0.87> <FuncUnit> <Opcode : 'seteq' 'setne' 'setle' 'setge' 'setlt' 'setgt'> <InPorts = 2> <OutPorts = 1>
ST_4 : Operation 65 [1/1] (0.87ns)   --->   "%t_2 = add i5 %t_1, i5 1" [top.cpp:42]   --->   Operation 65 'add' 't_2' <Predicate = true> <Delay = 0.87> <CoreInst = "Adder">   --->   Core 1 'Adder' <Latency = 0> <II = 1> <Delay = 0.87> <FuncUnit> <Opcode : 'add' 'sub'> <InPorts = 2> <OutPorts = 1>
ST_4 : Operation 66 [1/1] (0.00ns)   --->   "%br_ln42 = br i1 %icmp_ln42, void %VITIS_LOOP_45_4.split, void %VITIS_LOOP_115_12.preheader" [top.cpp:42]   --->   Operation 66 'br' 'br_ln42' <Predicate = true> <Delay = 0.00>
ST_4 : Operation 67 [1/1] (0.00ns)   --->   "%speclooptripcount_ln42 = speclooptripcount void @_ssdm_op_SpecLoopTripCount, i64 30, i64 30, i64 30" [top.cpp:42]   --->   Operation 67 'speclooptripcount' 'speclooptripcount_ln42' <Predicate = (!icmp_ln42)> <Delay = 0.00>
ST_4 : Operation 68 [1/1] (0.00ns)   --->   "%specloopname_ln42 = specloopname void @_ssdm_op_SpecLoopName, void @empty_13" [top.cpp:42]   --->   Operation 68 'specloopname' 'specloopname_ln42' <Predicate = (!icmp_ln42)> <Delay = 0.00>
ST_4 : Operation 69 [1/1] (0.48ns)   --->   "%br_ln45 = br void %for.inc35" [top.cpp:45]   --->   Operation 69 'br' 'br_ln45' <Predicate = (!icmp_ln42)> <Delay = 0.48>
ST_4 : Operation 70 [1/1] (0.00ns)   --->   "%i_1 = alloca i32 1" [top.cpp:114]   --->   Operation 70 'alloca' 'i_1' <Predicate = (icmp_ln42)> <Delay = 0.00>
ST_4 : Operation 71 [1/1] (0.48ns)   --->   "%store_ln114 = store i9 0, i9 %i_1" [top.cpp:114]   --->   Operation 71 'store' 'store_ln114' <Predicate = (icmp_ln42)> <Delay = 0.48>
ST_4 : Operation 72 [1/1] (0.00ns)   --->   "%br_ln114 = br void %VITIS_LOOP_115_12" [top.cpp:114]   --->   Operation 72 'br' 'br_ln114' <Predicate = (icmp_ln42)> <Delay = 0.00>

State 5 <SV = 3> <Delay = 1.40>
ST_5 : Operation 73 [1/1] (0.00ns)   --->   "%j_1 = phi i9 0, void %VITIS_LOOP_45_4.split, i9 %add_ln45, void %for.inc35.split" [top.cpp:45]   --->   Operation 73 'phi' 'j_1' <Predicate = true> <Delay = 0.00>
ST_5 : Operation 74 [1/1] (0.92ns)   --->   "%icmp_ln45 = icmp_eq  i9 %j_1, i9 256" [top.cpp:45]   --->   Operation 74 'icmp' 'icmp_ln45' <Predicate = true> <Delay = 0.92> <CoreInst = "Cmp">   --->   Core 9 'Cmp' <Latency = 0> <II = 1> <Delay = 0.92> <FuncUnit> <Opcode : 'seteq' 'setne' 'setle' 'setge' 'setlt' 'setgt'> <InPorts = 2> <OutPorts = 1>
ST_5 : Operation 75 [1/1] (0.92ns)   --->   "%add_ln45 = add i9 %j_1, i9 1" [top.cpp:45]   --->   Operation 75 'add' 'add_ln45' <Predicate = true> <Delay = 0.92> <CoreInst = "Adder">   --->   Core 1 'Adder' <Latency = 0> <II = 1> <Delay = 0.92> <FuncUnit> <Opcode : 'add' 'sub'> <InPorts = 2> <OutPorts = 1>
ST_5 : Operation 76 [1/1] (0.00ns)   --->   "%br_ln45 = br i1 %icmp_ln45, void %for.inc35.split, void %for.inc55.preheader" [top.cpp:45]   --->   Operation 76 'br' 'br_ln45' <Predicate = true> <Delay = 0.00>
ST_5 : Operation 77 [1/1] (0.00ns)   --->   "%zext_ln45 = zext i9 %j_1" [top.cpp:45]   --->   Operation 77 'zext' 'zext_ln45' <Predicate = (!icmp_ln45)> <Delay = 0.00>
ST_5 : Operation 78 [1/1] (0.00ns)   --->   "%cur_addr_1 = getelementptr i24 %cur, i64 0, i64 %zext_ln45" [top.cpp:47]   --->   Operation 78 'getelementptr' 'cur_addr_1' <Predicate = (!icmp_ln45)> <Delay = 0.00>
ST_5 : Operation 79 [1/1] (0.00ns)   --->   "%trunc_ln48 = trunc i9 %j_1" [top.cpp:48]   --->   Operation 79 'trunc' 'trunc_ln48' <Predicate = (!icmp_ln45)> <Delay = 0.00>
ST_5 : Operation 80 [1/1] (0.00ns)   --->   "%add_ln = bitconcatenate i9 @_ssdm_op_BitConcatenate.i9.i1.i8, i1 1, i8 %trunc_ln48" [top.cpp:48]   --->   Operation 80 'bitconcatenate' 'add_ln' <Predicate = (!icmp_ln45)> <Delay = 0.00>
ST_5 : Operation 81 [1/1] (0.00ns)   --->   "%sext_ln48 = sext i9 %add_ln" [top.cpp:48]   --->   Operation 81 'sext' 'sext_ln48' <Predicate = (!icmp_ln45)> <Delay = 0.00>
ST_5 : Operation 82 [1/1] (0.00ns)   --->   "%zext_ln48 = zext i16 %sext_ln48" [top.cpp:48]   --->   Operation 82 'zext' 'zext_ln48' <Predicate = (!icmp_ln45)> <Delay = 0.00>
ST_5 : Operation 83 [1/1] (0.00ns)   --->   "%cur_addr_2 = getelementptr i24 %cur, i64 0, i64 %zext_ln48" [top.cpp:48]   --->   Operation 83 'getelementptr' 'cur_addr_2' <Predicate = (!icmp_ln45)> <Delay = 0.00>
ST_5 : Operation 84 [2/2] (1.35ns)   --->   "%cur_load = load i16 %cur_addr_1" [top.cpp:47]   --->   Operation 84 'load' 'cur_load' <Predicate = (!icmp_ln45)> <Delay = 1.35> <CoreInst = "RAM">   --->   Core 82 'RAM' <Latency = 1> <II = 1> <Delay = 1.35> <Storage> <Opcode : 'load' 'store'> <Ports = 2> <Width = 24> <Depth = 65536> <RAM>
ST_5 : Operation 85 [2/2] (1.35ns)   --->   "%cur_load_1 = load i16 %cur_addr_2" [top.cpp:48]   --->   Operation 85 'load' 'cur_load_1' <Predicate = (!icmp_ln45)> <Delay = 1.35> <CoreInst = "RAM">   --->   Core 82 'RAM' <Latency = 1> <II = 1> <Delay = 1.35> <Storage> <Opcode : 'load' 'store'> <Ports = 2> <Width = 24> <Depth = 65536> <RAM>
ST_5 : Operation 86 [1/1] (0.48ns)   --->   "%br_ln50 = br void %for.inc55" [top.cpp:50]   --->   Operation 86 'br' 'br_ln50' <Predicate = (icmp_ln45)> <Delay = 0.48>

State 6 <SV = 4> <Delay = 2.70>
ST_6 : Operation 87 [1/1] (0.00ns)   --->   "%nxt_addr = getelementptr i24 %nxt, i64 0, i64 %zext_ln45" [top.cpp:47]   --->   Operation 87 'getelementptr' 'nxt_addr' <Predicate = true> <Delay = 0.00>
ST_6 : Operation 88 [1/1] (0.00ns)   --->   "%nxt_addr_1 = getelementptr i24 %nxt, i64 0, i64 %zext_ln48" [top.cpp:48]   --->   Operation 88 'getelementptr' 'nxt_addr_1' <Predicate = true> <Delay = 0.00>
ST_6 : Operation 89 [1/1] (0.00ns)   --->   "%speclooptripcount_ln45 = speclooptripcount void @_ssdm_op_SpecLoopTripCount, i64 256, i64 256, i64 256" [top.cpp:45]   --->   Operation 89 'speclooptripcount' 'speclooptripcount_ln45' <Predicate = true> <Delay = 0.00>
ST_6 : Operation 90 [1/1] (0.00ns)   --->   "%specloopname_ln45 = specloopname void @_ssdm_op_SpecLoopName, void @empty_7" [top.cpp:45]   --->   Operation 90 'specloopname' 'specloopname_ln45' <Predicate = true> <Delay = 0.00>
ST_6 : Operation 91 [1/2] ( I:1.35ns O:1.35ns )   --->   "%cur_load = load i16 %cur_addr_1" [top.cpp:47]   --->   Operation 91 'load' 'cur_load' <Predicate = true> <Delay = 1.35> <CoreInst = "RAM">   --->   Core 82 'RAM' <Latency = 1> <II = 1> <Delay = 1.35> <Storage> <Opcode : 'load' 'store'> <Ports = 2> <Width = 24> <Depth = 65536> <RAM>
ST_6 : Operation 92 [1/1] ( I:1.35ns O:1.35ns )   --->   "%store_ln47 = store i24 %cur_load, i16 %nxt_addr" [top.cpp:47]   --->   Operation 92 'store' 'store_ln47' <Predicate = true> <Delay = 1.35> <CoreInst = "RAM">   --->   Core 82 'RAM' <Latency = 1> <II = 1> <Delay = 1.35> <Storage> <Opcode : 'load' 'store'> <Ports = 2> <Width = 24> <Depth = 65536> <RAM>
ST_6 : Operation 93 [1/2] ( I:1.35ns O:1.35ns )   --->   "%cur_load_1 = load i16 %cur_addr_2" [top.cpp:48]   --->   Operation 93 'load' 'cur_load_1' <Predicate = true> <Delay = 1.35> <CoreInst = "RAM">   --->   Core 82 'RAM' <Latency = 1> <II = 1> <Delay = 1.35> <Storage> <Opcode : 'load' 'store'> <Ports = 2> <Width = 24> <Depth = 65536> <RAM>
ST_6 : Operation 94 [1/1] ( I:1.35ns O:1.35ns )   --->   "%store_ln48 = store i24 %cur_load_1, i16 %nxt_addr_1" [top.cpp:48]   --->   Operation 94 'store' 'store_ln48' <Predicate = true> <Delay = 1.35> <CoreInst = "RAM">   --->   Core 82 'RAM' <Latency = 1> <II = 1> <Delay = 1.35> <Storage> <Opcode : 'load' 'store'> <Ports = 2> <Width = 24> <Depth = 65536> <RAM>
ST_6 : Operation 95 [1/1] (0.00ns)   --->   "%br_ln45 = br void %for.inc35" [top.cpp:45]   --->   Operation 95 'br' 'br_ln45' <Predicate = true> <Delay = 0.00>

State 7 <SV = 4> <Delay = 1.40>
ST_7 : Operation 96 [1/1] (0.00ns)   --->   "%i_2 = phi i9 %add_ln50, void %for.inc55.split, i9 0, void %for.inc55.preheader" [top.cpp:50]   --->   Operation 96 'phi' 'i_2' <Predicate = true> <Delay = 0.00>
ST_7 : Operation 97 [1/1] (0.92ns)   --->   "%icmp_ln50 = icmp_eq  i9 %i_2, i9 256" [top.cpp:50]   --->   Operation 97 'icmp' 'icmp_ln50' <Predicate = true> <Delay = 0.92> <CoreInst = "Cmp">   --->   Core 9 'Cmp' <Latency = 0> <II = 1> <Delay = 0.92> <FuncUnit> <Opcode : 'seteq' 'setne' 'setle' 'setge' 'setlt' 'setgt'> <InPorts = 2> <OutPorts = 1>
ST_7 : Operation 98 [1/1] (0.92ns)   --->   "%add_ln50 = add i9 %i_2, i9 1" [top.cpp:50]   --->   Operation 98 'add' 'add_ln50' <Predicate = true> <Delay = 0.92> <CoreInst = "Adder">   --->   Core 1 'Adder' <Latency = 0> <II = 1> <Delay = 0.92> <FuncUnit> <Opcode : 'add' 'sub'> <InPorts = 2> <OutPorts = 1>
ST_7 : Operation 99 [1/1] (0.00ns)   --->   "%br_ln50 = br i1 %icmp_ln50, void %for.inc55.split, void %VITIS_LOOP_63_8.preheader" [top.cpp:50]   --->   Operation 99 'br' 'br_ln50' <Predicate = true> <Delay = 0.00>
ST_7 : Operation 100 [1/1] (0.00ns)   --->   "%trunc_ln50 = trunc i9 %i_2" [top.cpp:50]   --->   Operation 100 'trunc' 'trunc_ln50' <Predicate = (!icmp_ln50)> <Delay = 0.00>
ST_7 : Operation 101 [1/1] (0.00ns)   --->   "%tmp_14 = bitconcatenate i16 @_ssdm_op_BitConcatenate.i16.i8.i8, i8 %trunc_ln50, i8 0" [top.cpp:52]   --->   Operation 101 'bitconcatenate' 'tmp_14' <Predicate = (!icmp_ln50)> <Delay = 0.00>
ST_7 : Operation 102 [1/1] (0.00ns)   --->   "%zext_ln52 = zext i16 %tmp_14" [top.cpp:52]   --->   Operation 102 'zext' 'zext_ln52' <Predicate = (!icmp_ln50)> <Delay = 0.00>
ST_7 : Operation 103 [1/1] (0.00ns)   --->   "%cur_addr_4 = getelementptr i24 %cur, i64 0, i64 %zext_ln52" [top.cpp:52]   --->   Operation 103 'getelementptr' 'cur_addr_4' <Predicate = (!icmp_ln50)> <Delay = 0.00>
ST_7 : Operation 104 [1/1] (0.00ns)   --->   "%tmp_15 = bitconcatenate i16 @_ssdm_op_BitConcatenate.i16.i8.i8, i8 %trunc_ln50, i8 255" [top.cpp:53]   --->   Operation 104 'bitconcatenate' 'tmp_15' <Predicate = (!icmp_ln50)> <Delay = 0.00>
ST_7 : Operation 105 [1/1] (0.00ns)   --->   "%zext_ln53 = zext i16 %tmp_15" [top.cpp:53]   --->   Operation 105 'zext' 'zext_ln53' <Predicate = (!icmp_ln50)> <Delay = 0.00>
ST_7 : Operation 106 [1/1] (0.00ns)   --->   "%cur_addr_5 = getelementptr i24 %cur, i64 0, i64 %zext_ln53" [top.cpp:53]   --->   Operation 106 'getelementptr' 'cur_addr_5' <Predicate = (!icmp_ln50)> <Delay = 0.00>
ST_7 : Operation 107 [2/2] (1.35ns)   --->   "%cur_load_3 = load i16 %cur_addr_4" [top.cpp:52]   --->   Operation 107 'load' 'cur_load_3' <Predicate = (!icmp_ln50)> <Delay = 1.35> <CoreInst = "RAM">   --->   Core 82 'RAM' <Latency = 1> <II = 1> <Delay = 1.35> <Storage> <Opcode : 'load' 'store'> <Ports = 2> <Width = 24> <Depth = 65536> <RAM>
ST_7 : Operation 108 [2/2] (1.35ns)   --->   "%cur_load_4 = load i16 %cur_addr_5" [top.cpp:53]   --->   Operation 108 'load' 'cur_load_4' <Predicate = (!icmp_ln50)> <Delay = 1.35> <CoreInst = "RAM">   --->   Core 82 'RAM' <Latency = 1> <II = 1> <Delay = 1.35> <Storage> <Opcode : 'load' 'store'> <Ports = 2> <Width = 24> <Depth = 65536> <RAM>
ST_7 : Operation 109 [1/1] (0.00ns)   --->   "%p_0_0_01169_lcssa_lcssa67_load = load i24 %p_0_0_01169_lcssa_lcssa67"   --->   Operation 109 'load' 'p_0_0_01169_lcssa_lcssa67_load' <Predicate = (icmp_ln50)> <Delay = 0.00>
ST_7 : Operation 110 [1/1] (0.00ns)   --->   "%p_0_0_01164_lcssa_lcssa68_load = load i24 %p_0_0_01164_lcssa_lcssa68"   --->   Operation 110 'load' 'p_0_0_01164_lcssa_lcssa68_load' <Predicate = (icmp_ln50)> <Delay = 0.00>
ST_7 : Operation 111 [1/1] (0.00ns)   --->   "%p_0_0_01169_1_lcssa_lcssa69_load = load i24 %p_0_0_01169_1_lcssa_lcssa69"   --->   Operation 111 'load' 'p_0_0_01169_1_lcssa_lcssa69_load' <Predicate = (icmp_ln50)> <Delay = 0.00>
ST_7 : Operation 112 [1/1] (0.00ns)   --->   "%p_0_0_01163_lcssa_lcssa70_load = load i24 %p_0_0_01163_lcssa_lcssa70"   --->   Operation 112 'load' 'p_0_0_01163_lcssa_lcssa70_load' <Predicate = (icmp_ln50)> <Delay = 0.00>
ST_7 : Operation 113 [1/1] (0.00ns)   --->   "%p_0_0_01169_2_lcssa_lcssa71_load = load i24 %p_0_0_01169_2_lcssa_lcssa71"   --->   Operation 113 'load' 'p_0_0_01169_2_lcssa_lcssa71_load' <Predicate = (icmp_ln50)> <Delay = 0.00>
ST_7 : Operation 114 [1/1] (0.00ns)   --->   "%p_0_0_01162_lcssa_lcssa72_load = load i24 %p_0_0_01162_lcssa_lcssa72"   --->   Operation 114 'load' 'p_0_0_01162_lcssa_lcssa72_load' <Predicate = (icmp_ln50)> <Delay = 0.00>
ST_7 : Operation 115 [2/2] (0.48ns)   --->   "%call_ln0 = call void @compute_Pipeline_VITIS_LOOP_57_6_VITIS_LOOP_58_7, i24 %p_0_0_01162_lcssa_lcssa72_load, i24 %p_0_0_01169_2_lcssa_lcssa71_load, i24 %p_0_0_01163_lcssa_lcssa70_load, i24 %p_0_0_01169_1_lcssa_lcssa69_load, i24 %p_0_0_01164_lcssa_lcssa68_load, i24 %p_0_0_01169_lcssa_lcssa67_load, i24 %cur, i24 %nxt, i24 %p_0_0_01169_254_loc, i24 %p_0_0_01169_253_loc, i24 %p_0_0_01169_152_loc, i24 %p_0_0_01169_151_loc, i24 %p_0_0_0116950_loc, i24 %p_0_0_0116949_loc"   --->   Operation 115 'call' 'call_ln0' <Predicate = (icmp_ln50)> <Delay = 0.48> <CoreType = "Generic">   --->   Generic Core

State 8 <SV = 5> <Delay = 2.70>
ST_8 : Operation 116 [1/1] (0.00ns)   --->   "%nxt_addr_2 = getelementptr i24 %nxt, i64 0, i64 %zext_ln52" [top.cpp:52]   --->   Operation 116 'getelementptr' 'nxt_addr_2' <Predicate = true> <Delay = 0.00>
ST_8 : Operation 117 [1/1] (0.00ns)   --->   "%nxt_addr_3 = getelementptr i24 %nxt, i64 0, i64 %zext_ln53" [top.cpp:53]   --->   Operation 117 'getelementptr' 'nxt_addr_3' <Predicate = true> <Delay = 0.00>
ST_8 : Operation 118 [1/1] (0.00ns)   --->   "%speclooptripcount_ln50 = speclooptripcount void @_ssdm_op_SpecLoopTripCount, i64 256, i64 256, i64 256" [top.cpp:50]   --->   Operation 118 'speclooptripcount' 'speclooptripcount_ln50' <Predicate = true> <Delay = 0.00>
ST_8 : Operation 119 [1/1] (0.00ns)   --->   "%specloopname_ln50 = specloopname void @_ssdm_op_SpecLoopName, void @empty_21" [top.cpp:50]   --->   Operation 119 'specloopname' 'specloopname_ln50' <Predicate = true> <Delay = 0.00>
ST_8 : Operation 120 [1/2] ( I:1.35ns O:1.35ns )   --->   "%cur_load_3 = load i16 %cur_addr_4" [top.cpp:52]   --->   Operation 120 'load' 'cur_load_3' <Predicate = true> <Delay = 1.35> <CoreInst = "RAM">   --->   Core 82 'RAM' <Latency = 1> <II = 1> <Delay = 1.35> <Storage> <Opcode : 'load' 'store'> <Ports = 2> <Width = 24> <Depth = 65536> <RAM>
ST_8 : Operation 121 [1/1] ( I:1.35ns O:1.35ns )   --->   "%store_ln52 = store i24 %cur_load_3, i16 %nxt_addr_2" [top.cpp:52]   --->   Operation 121 'store' 'store_ln52' <Predicate = true> <Delay = 1.35> <CoreInst = "RAM">   --->   Core 82 'RAM' <Latency = 1> <II = 1> <Delay = 1.35> <Storage> <Opcode : 'load' 'store'> <Ports = 2> <Width = 24> <Depth = 65536> <RAM>
ST_8 : Operation 122 [1/2] ( I:1.35ns O:1.35ns )   --->   "%cur_load_4 = load i16 %cur_addr_5" [top.cpp:53]   --->   Operation 122 'load' 'cur_load_4' <Predicate = true> <Delay = 1.35> <CoreInst = "RAM">   --->   Core 82 'RAM' <Latency = 1> <II = 1> <Delay = 1.35> <Storage> <Opcode : 'load' 'store'> <Ports = 2> <Width = 24> <Depth = 65536> <RAM>
ST_8 : Operation 123 [1/1] ( I:1.35ns O:1.35ns )   --->   "%store_ln53 = store i24 %cur_load_4, i16 %nxt_addr_3" [top.cpp:53]   --->   Operation 123 'store' 'store_ln53' <Predicate = true> <Delay = 1.35> <CoreInst = "RAM">   --->   Core 82 'RAM' <Latency = 1> <II = 1> <Delay = 1.35> <Storage> <Opcode : 'load' 'store'> <Ports = 2> <Width = 24> <Depth = 65536> <RAM>
ST_8 : Operation 124 [1/1] (0.00ns)   --->   "%br_ln50 = br void %for.inc55" [top.cpp:50]   --->   Operation 124 'br' 'br_ln50' <Predicate = true> <Delay = 0.00>

State 9 <SV = 5> <Delay = 0.00>
ST_9 : Operation 125 [1/2] (0.00ns)   --->   "%call_ln0 = call void @compute_Pipeline_VITIS_LOOP_57_6_VITIS_LOOP_58_7, i24 %p_0_0_01162_lcssa_lcssa72_load, i24 %p_0_0_01169_2_lcssa_lcssa71_load, i24 %p_0_0_01163_lcssa_lcssa70_load, i24 %p_0_0_01169_1_lcssa_lcssa69_load, i24 %p_0_0_01164_lcssa_lcssa68_load, i24 %p_0_0_01169_lcssa_lcssa67_load, i24 %cur, i24 %nxt, i24 %p_0_0_01169_254_loc, i24 %p_0_0_01169_253_loc, i24 %p_0_0_01169_152_loc, i24 %p_0_0_01169_151_loc, i24 %p_0_0_0116950_loc, i24 %p_0_0_0116949_loc"   --->   Operation 125 'call' 'call_ln0' <Predicate = true> <Delay = 0.00> <CoreType = "Generic">   --->   Generic Core

State 10 <SV = 6> <Delay = 0.48>
ST_10 : Operation 126 [1/1] (0.00ns)   --->   "%p_0_0_01169_254_loc_load = load i24 %p_0_0_01169_254_loc"   --->   Operation 126 'load' 'p_0_0_01169_254_loc_load' <Predicate = true> <Delay = 0.00>
ST_10 : Operation 127 [1/1] (0.00ns)   --->   "%p_0_0_01169_253_loc_load = load i24 %p_0_0_01169_253_loc"   --->   Operation 127 'load' 'p_0_0_01169_253_loc_load' <Predicate = true> <Delay = 0.00>
ST_10 : Operation 128 [1/1] (0.00ns)   --->   "%p_0_0_01169_152_loc_load = load i24 %p_0_0_01169_152_loc"   --->   Operation 128 'load' 'p_0_0_01169_152_loc_load' <Predicate = true> <Delay = 0.00>
ST_10 : Operation 129 [1/1] (0.00ns)   --->   "%p_0_0_01169_151_loc_load = load i24 %p_0_0_01169_151_loc"   --->   Operation 129 'load' 'p_0_0_01169_151_loc_load' <Predicate = true> <Delay = 0.00>
ST_10 : Operation 130 [1/1] (0.00ns)   --->   "%p_0_0_0116950_loc_load = load i24 %p_0_0_0116950_loc"   --->   Operation 130 'load' 'p_0_0_0116950_loc_load' <Predicate = true> <Delay = 0.00>
ST_10 : Operation 131 [1/1] (0.00ns)   --->   "%p_0_0_0116949_loc_load = load i24 %p_0_0_0116949_loc"   --->   Operation 131 'load' 'p_0_0_0116949_loc_load' <Predicate = true> <Delay = 0.00>
ST_10 : Operation 132 [1/1] (0.48ns)   --->   "%br_ln105 = br void %VITIS_LOOP_106_10" [top.cpp:105]   --->   Operation 132 'br' 'br_ln105' <Predicate = true> <Delay = 0.48>

State 11 <SV = 7> <Delay = 1.40>
ST_11 : Operation 133 [1/1] (0.00ns)   --->   "%i_4 = phi i9 %add_ln105, void %for.inc182, i9 0, void %VITIS_LOOP_63_8.preheader" [top.cpp:105]   --->   Operation 133 'phi' 'i_4' <Predicate = true> <Delay = 0.00>
ST_11 : Operation 134 [1/1] (0.92ns)   --->   "%icmp_ln105 = icmp_eq  i9 %i_4, i9 256" [top.cpp:105]   --->   Operation 134 'icmp' 'icmp_ln105' <Predicate = true> <Delay = 0.92> <CoreInst = "Cmp">   --->   Core 9 'Cmp' <Latency = 0> <II = 1> <Delay = 0.92> <FuncUnit> <Opcode : 'seteq' 'setne' 'setle' 'setge' 'setlt' 'setgt'> <InPorts = 2> <OutPorts = 1>
ST_11 : Operation 135 [1/1] (0.92ns)   --->   "%add_ln105 = add i9 %i_4, i9 1" [top.cpp:105]   --->   Operation 135 'add' 'add_ln105' <Predicate = true> <Delay = 0.92> <CoreInst = "Adder">   --->   Core 1 'Adder' <Latency = 0> <II = 1> <Delay = 0.92> <FuncUnit> <Opcode : 'add' 'sub'> <InPorts = 2> <OutPorts = 1>
ST_11 : Operation 136 [1/1] (0.00ns)   --->   "%br_ln105 = br i1 %icmp_ln105, void %VITIS_LOOP_106_10.split, void %for.inc185" [top.cpp:105]   --->   Operation 136 'br' 'br_ln105' <Predicate = true> <Delay = 0.00>
ST_11 : Operation 137 [1/1] (0.00ns)   --->   "%trunc_ln105 = trunc i9 %i_4" [top.cpp:105]   --->   Operation 137 'trunc' 'trunc_ln105' <Predicate = (!icmp_ln105)> <Delay = 0.00>
ST_11 : Operation 138 [1/1] (0.00ns)   --->   "%tmp_16 = bitconcatenate i16 @_ssdm_op_BitConcatenate.i16.i8.i8, i8 %trunc_ln105, i8 0" [top.cpp:108]   --->   Operation 138 'bitconcatenate' 'tmp_16' <Predicate = (!icmp_ln105)> <Delay = 0.00>
ST_11 : Operation 139 [1/1] (0.00ns)   --->   "%speclooptripcount_ln105 = speclooptripcount void @_ssdm_op_SpecLoopTripCount, i64 256, i64 256, i64 256" [top.cpp:105]   --->   Operation 139 'speclooptripcount' 'speclooptripcount_ln105' <Predicate = (!icmp_ln105)> <Delay = 0.00>
ST_11 : Operation 140 [1/1] (0.00ns)   --->   "%specloopname_ln105 = specloopname void @_ssdm_op_SpecLoopName, void @empty_12" [top.cpp:105]   --->   Operation 140 'specloopname' 'specloopname_ln105' <Predicate = (!icmp_ln105)> <Delay = 0.00>
ST_11 : Operation 141 [1/1] (0.48ns)   --->   "%br_ln106 = br void %for.inc179" [top.cpp:106]   --->   Operation 141 'br' 'br_ln106' <Predicate = (!icmp_ln105)> <Delay = 0.48>
ST_11 : Operation 142 [1/1] (0.00ns)   --->   "%store_ln0 = store i24 %p_0_0_01169_254_loc_load, i24 %p_0_0_01162_lcssa_lcssa72"   --->   Operation 142 'store' 'store_ln0' <Predicate = (icmp_ln105)> <Delay = 0.00>
ST_11 : Operation 143 [1/1] (0.00ns)   --->   "%store_ln0 = store i24 %p_0_0_01169_253_loc_load, i24 %p_0_0_01169_2_lcssa_lcssa71"   --->   Operation 143 'store' 'store_ln0' <Predicate = (icmp_ln105)> <Delay = 0.00>
ST_11 : Operation 144 [1/1] (0.00ns)   --->   "%store_ln0 = store i24 %p_0_0_01169_152_loc_load, i24 %p_0_0_01163_lcssa_lcssa70"   --->   Operation 144 'store' 'store_ln0' <Predicate = (icmp_ln105)> <Delay = 0.00>
ST_11 : Operation 145 [1/1] (0.00ns)   --->   "%store_ln0 = store i24 %p_0_0_01169_151_loc_load, i24 %p_0_0_01169_1_lcssa_lcssa69"   --->   Operation 145 'store' 'store_ln0' <Predicate = (icmp_ln105)> <Delay = 0.00>
ST_11 : Operation 146 [1/1] (0.00ns)   --->   "%store_ln0 = store i24 %p_0_0_0116950_loc_load, i24 %p_0_0_01164_lcssa_lcssa68"   --->   Operation 146 'store' 'store_ln0' <Predicate = (icmp_ln105)> <Delay = 0.00>
ST_11 : Operation 147 [1/1] (0.00ns)   --->   "%store_ln0 = store i24 %p_0_0_0116949_loc_load, i24 %p_0_0_01169_lcssa_lcssa67"   --->   Operation 147 'store' 'store_ln0' <Predicate = (icmp_ln105)> <Delay = 0.00>
ST_11 : Operation 148 [1/1] (0.48ns)   --->   "%store_ln42 = store i5 %t_2, i5 %t" [top.cpp:42]   --->   Operation 148 'store' 'store_ln42' <Predicate = (icmp_ln105)> <Delay = 0.48>
ST_11 : Operation 149 [1/1] (0.00ns)   --->   "%br_ln42 = br void %VITIS_LOOP_45_4" [top.cpp:42]   --->   Operation 149 'br' 'br_ln42' <Predicate = (icmp_ln105)> <Delay = 0.00>

State 12 <SV = 8> <Delay = 2.36>
ST_12 : Operation 150 [1/1] (0.00ns)   --->   "%j_3 = phi i9 0, void %VITIS_LOOP_106_10.split, i9 %add_ln106, void %for.inc179.split" [top.cpp:106]   --->   Operation 150 'phi' 'j_3' <Predicate = true> <Delay = 0.00>
ST_12 : Operation 151 [1/1] (0.92ns)   --->   "%icmp_ln106 = icmp_eq  i9 %j_3, i9 256" [top.cpp:106]   --->   Operation 151 'icmp' 'icmp_ln106' <Predicate = true> <Delay = 0.92> <CoreInst = "Cmp">   --->   Core 9 'Cmp' <Latency = 0> <II = 1> <Delay = 0.92> <FuncUnit> <Opcode : 'seteq' 'setne' 'setle' 'setge' 'setlt' 'setgt'> <InPorts = 2> <OutPorts = 1>
ST_12 : Operation 152 [1/1] (0.92ns)   --->   "%add_ln106 = add i9 %j_3, i9 1" [top.cpp:106]   --->   Operation 152 'add' 'add_ln106' <Predicate = true> <Delay = 0.92> <CoreInst = "Adder">   --->   Core 1 'Adder' <Latency = 0> <II = 1> <Delay = 0.92> <FuncUnit> <Opcode : 'add' 'sub'> <InPorts = 2> <OutPorts = 1>
ST_12 : Operation 153 [1/1] (0.00ns)   --->   "%br_ln106 = br i1 %icmp_ln106, void %for.inc179.split, void %for.inc182" [top.cpp:106]   --->   Operation 153 'br' 'br_ln106' <Predicate = true> <Delay = 0.00>
ST_12 : Operation 154 [1/1] (0.00ns)   --->   "%zext_ln108 = zext i9 %j_3" [top.cpp:108]   --->   Operation 154 'zext' 'zext_ln108' <Predicate = (!icmp_ln106)> <Delay = 0.00>
ST_12 : Operation 155 [1/1] (1.01ns)   --->   "%add_ln108 = add i16 %tmp_16, i16 %zext_ln108" [top.cpp:108]   --->   Operation 155 'add' 'add_ln108' <Predicate = (!icmp_ln106)> <Delay = 1.01> <CoreInst = "Adder">   --->   Core 1 'Adder' <Latency = 0> <II = 1> <Delay = 1.01> <FuncUnit> <Opcode : 'add' 'sub'> <InPorts = 2> <OutPorts = 1>
ST_12 : Operation 156 [1/1] (0.00ns)   --->   "%zext_ln108_1 = zext i16 %add_ln108" [top.cpp:108]   --->   Operation 156 'zext' 'zext_ln108_1' <Predicate = (!icmp_ln106)> <Delay = 0.00>
ST_12 : Operation 157 [1/1] (0.00ns)   --->   "%nxt_addr_4 = getelementptr i24 %nxt, i64 0, i64 %zext_ln108_1" [top.cpp:108]   --->   Operation 157 'getelementptr' 'nxt_addr_4' <Predicate = (!icmp_ln106)> <Delay = 0.00>
ST_12 : Operation 158 [2/2] (1.35ns)   --->   "%nxt_load = load i16 %nxt_addr_4" [top.cpp:108]   --->   Operation 158 'load' 'nxt_load' <Predicate = (!icmp_ln106)> <Delay = 1.35> <CoreInst = "RAM">   --->   Core 82 'RAM' <Latency = 1> <II = 1> <Delay = 1.35> <Storage> <Opcode : 'load' 'store'> <Ports = 2> <Width = 24> <Depth = 65536> <RAM>
ST_12 : Operation 159 [1/1] (0.00ns)   --->   "%br_ln105 = br void %VITIS_LOOP_106_10" [top.cpp:105]   --->   Operation 159 'br' 'br_ln105' <Predicate = (icmp_ln106)> <Delay = 0.00>

State 13 <SV = 9> <Delay = 2.70>
ST_13 : Operation 160 [1/1] (0.00ns)   --->   "%cur_addr_6 = getelementptr i24 %cur, i64 0, i64 %zext_ln108_1" [top.cpp:108]   --->   Operation 160 'getelementptr' 'cur_addr_6' <Predicate = true> <Delay = 0.00>
ST_13 : Operation 161 [1/1] (0.00ns)   --->   "%speclooptripcount_ln106 = speclooptripcount void @_ssdm_op_SpecLoopTripCount, i64 256, i64 256, i64 256" [top.cpp:106]   --->   Operation 161 'speclooptripcount' 'speclooptripcount_ln106' <Predicate = true> <Delay = 0.00>
ST_13 : Operation 162 [1/1] (0.00ns)   --->   "%specloopname_ln106 = specloopname void @_ssdm_op_SpecLoopName, void @empty_11" [top.cpp:106]   --->   Operation 162 'specloopname' 'specloopname_ln106' <Predicate = true> <Delay = 0.00>
ST_13 : Operation 163 [1/2] ( I:1.35ns O:1.35ns )   --->   "%nxt_load = load i16 %nxt_addr_4" [top.cpp:108]   --->   Operation 163 'load' 'nxt_load' <Predicate = true> <Delay = 1.35> <CoreInst = "RAM">   --->   Core 82 'RAM' <Latency = 1> <II = 1> <Delay = 1.35> <Storage> <Opcode : 'load' 'store'> <Ports = 2> <Width = 24> <Depth = 65536> <RAM>
ST_13 : Operation 164 [1/1] ( I:1.35ns O:1.35ns )   --->   "%store_ln108 = store i24 %nxt_load, i16 %cur_addr_6" [top.cpp:108]   --->   Operation 164 'store' 'store_ln108' <Predicate = true> <Delay = 1.35> <CoreInst = "RAM">   --->   Core 82 'RAM' <Latency = 1> <II = 1> <Delay = 1.35> <Storage> <Opcode : 'load' 'store'> <Ports = 2> <Width = 24> <Depth = 65536> <RAM>
ST_13 : Operation 165 [1/1] (0.00ns)   --->   "%br_ln106 = br void %for.inc179" [top.cpp:106]   --->   Operation 165 'br' 'br_ln106' <Predicate = true> <Delay = 0.00>

State 14 <SV = 3> <Delay = 1.40>
ST_14 : Operation 166 [1/1] (0.00ns)   --->   "%i_5 = load i9 %i_1" [top.cpp:114]   --->   Operation 166 'load' 'i_5' <Predicate = true> <Delay = 0.00>
ST_14 : Operation 167 [1/1] (0.92ns)   --->   "%icmp_ln114 = icmp_eq  i9 %i_5, i9 256" [top.cpp:114]   --->   Operation 167 'icmp' 'icmp_ln114' <Predicate = true> <Delay = 0.92> <CoreInst = "Cmp">   --->   Core 9 'Cmp' <Latency = 0> <II = 1> <Delay = 0.92> <FuncUnit> <Opcode : 'seteq' 'setne' 'setle' 'setge' 'setlt' 'setgt'> <InPorts = 2> <OutPorts = 1>
ST_14 : Operation 168 [1/1] (0.92ns)   --->   "%add_ln114 = add i9 %i_5, i9 1" [top.cpp:114]   --->   Operation 168 'add' 'add_ln114' <Predicate = true> <Delay = 0.92> <CoreInst = "Adder">   --->   Core 1 'Adder' <Latency = 0> <II = 1> <Delay = 0.92> <FuncUnit> <Opcode : 'add' 'sub'> <InPorts = 2> <OutPorts = 1>
ST_14 : Operation 169 [1/1] (0.00ns)   --->   "%br_ln114 = br i1 %icmp_ln114, void %VITIS_LOOP_115_12.split, void %for.end211" [top.cpp:114]   --->   Operation 169 'br' 'br_ln114' <Predicate = true> <Delay = 0.00>
ST_14 : Operation 170 [1/1] (0.00ns)   --->   "%trunc_ln114 = trunc i9 %i_5" [top.cpp:114]   --->   Operation 170 'trunc' 'trunc_ln114' <Predicate = (!icmp_ln114)> <Delay = 0.00>
ST_14 : Operation 171 [1/1] (0.00ns)   --->   "%tmp_s = bitconcatenate i16 @_ssdm_op_BitConcatenate.i16.i8.i8, i8 %trunc_ln114, i8 0" [top.cpp:117]   --->   Operation 171 'bitconcatenate' 'tmp_s' <Predicate = (!icmp_ln114)> <Delay = 0.00>
ST_14 : Operation 172 [1/1] (0.00ns)   --->   "%speclooptripcount_ln114 = speclooptripcount void @_ssdm_op_SpecLoopTripCount, i64 256, i64 256, i64 256" [top.cpp:114]   --->   Operation 172 'speclooptripcount' 'speclooptripcount_ln114' <Predicate = (!icmp_ln114)> <Delay = 0.00>
ST_14 : Operation 173 [1/1] (0.00ns)   --->   "%specloopname_ln114 = specloopname void @_ssdm_op_SpecLoopName, void @empty_20" [top.cpp:114]   --->   Operation 173 'specloopname' 'specloopname_ln114' <Predicate = (!icmp_ln114)> <Delay = 0.00>
ST_14 : Operation 174 [1/1] (0.48ns)   --->   "%br_ln115 = br void %for.inc206" [top.cpp:115]   --->   Operation 174 'br' 'br_ln115' <Predicate = (!icmp_ln114)> <Delay = 0.48>
ST_14 : Operation 175 [1/1] (0.00ns)   --->   "%ret_ln120 = ret" [top.cpp:120]   --->   Operation 175 'ret' 'ret_ln120' <Predicate = (icmp_ln114)> <Delay = 0.00>

State 15 <SV = 4> <Delay = 2.36>
ST_15 : Operation 176 [1/1] (0.00ns)   --->   "%j_2 = phi i9 0, void %VITIS_LOOP_115_12.split, i9 %add_ln115, void %for.inc206.split" [top.cpp:115]   --->   Operation 176 'phi' 'j_2' <Predicate = true> <Delay = 0.00>
ST_15 : Operation 177 [1/1] (0.92ns)   --->   "%icmp_ln115 = icmp_eq  i9 %j_2, i9 256" [top.cpp:115]   --->   Operation 177 'icmp' 'icmp_ln115' <Predicate = true> <Delay = 0.92> <CoreInst = "Cmp">   --->   Core 9 'Cmp' <Latency = 0> <II = 1> <Delay = 0.92> <FuncUnit> <Opcode : 'seteq' 'setne' 'setle' 'setge' 'setlt' 'setgt'> <InPorts = 2> <OutPorts = 1>
ST_15 : Operation 178 [1/1] (0.92ns)   --->   "%add_ln115 = add i9 %j_2, i9 1" [top.cpp:115]   --->   Operation 178 'add' 'add_ln115' <Predicate = true> <Delay = 0.92> <CoreInst = "Adder">   --->   Core 1 'Adder' <Latency = 0> <II = 1> <Delay = 0.92> <FuncUnit> <Opcode : 'add' 'sub'> <InPorts = 2> <OutPorts = 1>
ST_15 : Operation 179 [1/1] (0.00ns)   --->   "%br_ln115 = br i1 %icmp_ln115, void %for.inc206.split, void %for.inc209" [top.cpp:115]   --->   Operation 179 'br' 'br_ln115' <Predicate = true> <Delay = 0.00>
ST_15 : Operation 180 [1/1] (0.00ns)   --->   "%zext_ln117 = zext i9 %j_2" [top.cpp:117]   --->   Operation 180 'zext' 'zext_ln117' <Predicate = (!icmp_ln115)> <Delay = 0.00>
ST_15 : Operation 181 [1/1] (1.01ns)   --->   "%add_ln117 = add i16 %tmp_s, i16 %zext_ln117" [top.cpp:117]   --->   Operation 181 'add' 'add_ln117' <Predicate = (!icmp_ln115)> <Delay = 1.01> <CoreInst = "Adder">   --->   Core 1 'Adder' <Latency = 0> <II = 1> <Delay = 1.01> <FuncUnit> <Opcode : 'add' 'sub'> <InPorts = 2> <OutPorts = 1>
ST_15 : Operation 182 [1/1] (0.00ns)   --->   "%zext_ln117_1 = zext i16 %add_ln117" [top.cpp:117]   --->   Operation 182 'zext' 'zext_ln117_1' <Predicate = (!icmp_ln115)> <Delay = 0.00>
ST_15 : Operation 183 [1/1] (0.00ns)   --->   "%cur_addr_3 = getelementptr i24 %cur, i64 0, i64 %zext_ln117_1" [top.cpp:117]   --->   Operation 183 'getelementptr' 'cur_addr_3' <Predicate = (!icmp_ln115)> <Delay = 0.00>
ST_15 : Operation 184 [2/2] (1.35ns)   --->   "%cur_load_2 = load i16 %cur_addr_3" [top.cpp:117]   --->   Operation 184 'load' 'cur_load_2' <Predicate = (!icmp_ln115)> <Delay = 1.35> <CoreInst = "RAM">   --->   Core 82 'RAM' <Latency = 1> <II = 1> <Delay = 1.35> <Storage> <Opcode : 'load' 'store'> <Ports = 2> <Width = 24> <Depth = 65536> <RAM>
ST_15 : Operation 185 [1/1] (0.48ns)   --->   "%store_ln114 = store i9 %add_ln114, i9 %i_1" [top.cpp:114]   --->   Operation 185 'store' 'store_ln114' <Predicate = (icmp_ln115)> <Delay = 0.48>
ST_15 : Operation 186 [1/1] (0.00ns)   --->   "%br_ln114 = br void %VITIS_LOOP_115_12" [top.cpp:114]   --->   Operation 186 'br' 'br_ln114' <Predicate = (icmp_ln115)> <Delay = 0.00>

State 16 <SV = 5> <Delay = 3.51>
ST_16 : Operation 187 [1/1] (0.00ns)   --->   "%speclooptripcount_ln115 = speclooptripcount void @_ssdm_op_SpecLoopTripCount, i64 256, i64 256, i64 256" [top.cpp:115]   --->   Operation 187 'speclooptripcount' 'speclooptripcount_ln115' <Predicate = true> <Delay = 0.00>
ST_16 : Operation 188 [1/1] (0.00ns)   --->   "%specloopname_ln115 = specloopname void @_ssdm_op_SpecLoopName, void @empty_19" [top.cpp:115]   --->   Operation 188 'specloopname' 'specloopname_ln115' <Predicate = true> <Delay = 0.00>
ST_16 : Operation 189 [1/2] ( I:1.35ns O:1.35ns )   --->   "%cur_load_2 = load i16 %cur_addr_3" [top.cpp:117]   --->   Operation 189 'load' 'cur_load_2' <Predicate = true> <Delay = 1.35> <CoreInst = "RAM">   --->   Core 82 'RAM' <Latency = 1> <II = 1> <Delay = 1.35> <Storage> <Opcode : 'load' 'store'> <Ports = 2> <Width = 24> <Depth = 65536> <RAM>
ST_16 : Operation 190 [1/1] ( I:2.16ns O:2.16ns )   --->   "%write_ln117 = write void @_ssdm_op_Write.ap_fifo.volatile.i24P0A, i24 %grid_final, i24 %cur_load_2" [top.cpp:117]   --->   Operation 190 'write' 'write_ln117' <Predicate = true> <Delay = 2.16> <CoreInst = "FIFO_SRL">   --->   Core 80 'FIFO_SRL' <Latency = 0> <II = 1> <Delay = 2.16> <Storage> <Opcode : 'read' 'write' 'nbread' 'nbwrite'> <Ports = 0> <Width = 24> <Depth = 2> <FIFO>
ST_16 : Operation 191 [1/1] (0.00ns)   --->   "%br_ln115 = br void %for.inc206" [top.cpp:115]   --->   Operation 191 'br' 'br_ln115' <Predicate = true> <Delay = 0.00>


============================================================
+ Verbose Summary: Timing violations
============================================================
Target clock period: 10.000ns, clock uncertainty: 2.700ns.

 <State 1>: 0.489ns
The critical path consists of the following:
	'alloca' operation 9 bit ('i', top.cpp:34) [3]  (0.000 ns)
	'store' operation 0 bit ('store_ln34', top.cpp:34) of constant 0 on local variable 'i', top.cpp:34 [14]  (0.489 ns)

 <State 2>: 1.410ns
The critical path consists of the following:
	'load' operation 9 bit ('i', top.cpp:34) on local variable 'i', top.cpp:34 [17]  (0.000 ns)
	'icmp' operation 1 bit ('icmp_ln34', top.cpp:34) [18]  (0.921 ns)
	'store' operation 0 bit ('store_ln42', top.cpp:42) of constant 0 on local variable 't', top.cpp:42 [53]  (0.489 ns)

 <State 3>: 3.519ns
The critical path consists of the following:
	'phi' operation 9 bit ('j', top.cpp:35) with incoming values : ('add_ln35', top.cpp:35) [28]  (0.000 ns)
	'icmp' operation 1 bit ('icmp_ln35', top.cpp:35) [29]  (0.921 ns)
	fifo read operation ('grid_initial_read', top.cpp:37) on port 'grid_initial' (top.cpp:37) [39]  (2.167 ns)
	'store' operation 0 bit ('store_ln37', top.cpp:37) of variable 'grid_initial_read', top.cpp:37 on array 'cur', top.cpp:19 [40]  (1.352 ns)

 <State 4>: 1.367ns
The critical path consists of the following:
	'load' operation 5 bit ('t', top.cpp:42) on local variable 't', top.cpp:42 [56]  (0.000 ns)
	'icmp' operation 1 bit ('icmp_ln42', top.cpp:42) [57]  (0.878 ns)
	'store' operation 0 bit ('store_ln114', top.cpp:114) of constant 0 on local variable 'i', top.cpp:114 [165]  (0.489 ns)

 <State 5>: 1.410ns
The critical path consists of the following:
	'phi' operation 9 bit ('j', top.cpp:45) with incoming values : ('add_ln45', top.cpp:45) [65]  (0.000 ns)
	'getelementptr' operation 16 bit ('cur_addr_1', top.cpp:47) [71]  (0.000 ns)
	'load' operation 24 bit ('cur_load', top.cpp:47) on array 'cur', top.cpp:19 [81]  (1.352 ns)
	blocking operation 0.057625 ns on control path)

 <State 6>: 2.704ns
The critical path consists of the following:
	'load' operation 24 bit ('cur_load', top.cpp:47) on array 'cur', top.cpp:19 [81]  (1.352 ns)
	'store' operation 0 bit ('store_ln47', top.cpp:47) of variable 'cur_load', top.cpp:47 on array 'nxt', top.cpp:20 [82]  (1.352 ns)

 <State 7>: 1.410ns
The critical path consists of the following:
	'phi' operation 9 bit ('i', top.cpp:50) with incoming values : ('add_ln50', top.cpp:50) [89]  (0.000 ns)
	'icmp' operation 1 bit ('icmp_ln50', top.cpp:50) [90]  (0.921 ns)
	'call' operation 0 bit ('call_ln0') to 'compute_Pipeline_VITIS_LOOP_57_6_VITIS_LOOP_58_7' [117]  (0.489 ns)

 <State 8>: 2.704ns
The critical path consists of the following:
	'load' operation 24 bit ('cur_load_3', top.cpp:52) on array 'cur', top.cpp:19 [105]  (1.352 ns)
	'store' operation 0 bit ('store_ln52', top.cpp:52) of variable 'cur_load_3', top.cpp:52 on array 'nxt', top.cpp:20 [106]  (1.352 ns)

 <State 9>: 0.000ns
The critical path consists of the following:

 <State 10>: 0.489ns
The critical path consists of the following:
	multiplexor before 'phi' operation 9 bit ('i', top.cpp:105) with incoming values : ('add_ln105', top.cpp:105) [126]  (0.489 ns)

 <State 11>: 1.410ns
The critical path consists of the following:
	'phi' operation 9 bit ('i', top.cpp:105) with incoming values : ('add_ln105', top.cpp:105) [126]  (0.000 ns)
	'icmp' operation 1 bit ('icmp_ln105', top.cpp:105) [127]  (0.921 ns)
	blocking operation 0.489 ns on control path)

 <State 12>: 2.368ns
The critical path consists of the following:
	'phi' operation 9 bit ('j', top.cpp:106) with incoming values : ('add_ln106', top.cpp:106) [137]  (0.000 ns)
	'add' operation 16 bit ('add_ln108', top.cpp:108) [143]  (1.016 ns)
	'getelementptr' operation 16 bit ('nxt_addr_4', top.cpp:108) [146]  (0.000 ns)
	'load' operation 24 bit ('nxt_load', top.cpp:108) on array 'nxt', top.cpp:20 [149]  (1.352 ns)

 <State 13>: 2.704ns
The critical path consists of the following:
	'load' operation 24 bit ('nxt_load', top.cpp:108) on array 'nxt', top.cpp:20 [149]  (1.352 ns)
	'store' operation 0 bit ('store_ln108', top.cpp:108) of variable 'nxt_load', top.cpp:108 on array 'cur', top.cpp:19 [150]  (1.352 ns)

 <State 14>: 1.410ns
The critical path consists of the following:
	'load' operation 9 bit ('i', top.cpp:114) on local variable 'i', top.cpp:114 [168]  (0.000 ns)
	'icmp' operation 1 bit ('icmp_ln114', top.cpp:114) [169]  (0.921 ns)
	blocking operation 0.489 ns on control path)

 <State 15>: 2.368ns
The critical path consists of the following:
	'phi' operation 9 bit ('j', top.cpp:115) with incoming values : ('add_ln115', top.cpp:115) [179]  (0.000 ns)
	'add' operation 16 bit ('add_ln117', top.cpp:117) [185]  (1.016 ns)
	'getelementptr' operation 16 bit ('cur_addr_3', top.cpp:117) [187]  (0.000 ns)
	'load' operation 24 bit ('cur_load_2', top.cpp:117) on array 'cur', top.cpp:19 [190]  (1.352 ns)

 <State 16>: 3.519ns
The critical path consists of the following:
	'load' operation 24 bit ('cur_load_2', top.cpp:117) on array 'cur', top.cpp:19 [190]  (1.352 ns)
	fifo write operation ('write_ln117', top.cpp:117) on port 'grid_final' (top.cpp:117) [191]  (2.167 ns)


============================================================
+ Verbose Summary: Binding
============================================================
N/A
* FSMD analyzer results:
  - Output states:
 - Input state : 
  - Chain level:
	State 1
	State 2
	State 3
	State 4
	State 5
	State 6
	State 7
	State 8
	State 9
	State 10
	State 11
	State 12
	State 13
	State 14
	State 15
	State 16


============================================================
+ Verbose Summary: Datapath Resource usage 
============================================================
N/A
