

================================================================
== Vitis HLS Report for 'compute_Pipeline_VITIS_LOOP_115_11_VITIS_LOOP_116_12'
================================================================
* Date:           Fri Feb 20 11:30:59 2026

* Version:        2025.1.1 (Build 6214317 on Sep 11 2025)
* Project:        project_1
* Solution:       hls (Vivado IP Flow Target)
* Product family: zynquplus
* Target device:  xczu3eg-sbva484-1-e


================================================================
== Performance Estimates
================================================================
+ Timing: 
    * Summary: 
    +--------+----------+----------+------------+
    |  Clock |  Target  | Estimated| Uncertainty|
    +--------+----------+----------+------------+
    |ap_clk  |  10.00 ns|  3.746 ns|     2.70 ns|
    +--------+----------+----------+------------+

+ Latency: 
    * Summary: 
    +---------+---------+----------+----------+-------+-------+------------------------------------------------+
    |  Latency (cycles) |  Latency (absolute) |    Interval   |                    Pipeline                    |
    |   min   |   max   |    min   |    max   |  min  |  max  |                      Type                      |
    +---------+---------+----------+----------+-------+-------+------------------------------------------------+
    |    65538|    65538|  0.655 ms|  0.655 ms|  65537|  65537|  loop auto-rewind stp (delay=0 clock cycles(s))|
    +---------+---------+----------+----------+-------+-------+------------------------------------------------+

    + Detail: 
        * Instance: 
        N/A

        * Loop: 
        +---------------------------------------+---------+---------+----------+-----------+-----------+-------+----------+
        |                                       |  Latency (cycles) | Iteration|  Initiation Interval  |  Trip |          |
        |               Loop Name               |   min   |   max   |  Latency |  achieved |   target  | Count | Pipelined|
        +---------------------------------------+---------+---------+----------+-----------+-----------+-------+----------+
        |- VITIS_LOOP_115_11_VITIS_LOOP_116_12  |    65536|    65536|         2|          1|          1|  65536|       yes|
        +---------------------------------------+---------+---------+----------+-----------+-----------+-------+----------+

============================================================
+ Verbose Summary: Synthesis Manager
============================================================
InlineROM: 1
ExposeGlobal: 0
============================================================
+ Verbose Summary: CDFG Model
============================================================
IsTopModel: 0
ResetActiveHigh: 1
IsCombinational: 0
IsDatapathOnly: 0
HasWiredReturn: 1
HasMFsm: 2
HasVarLatency: 1
IsPipeline: 0
IsRtlPipelined: 0
IsInstanceOverlapped: 0
IsDontTouch: 0
HasImplIP: 0
IsGatedGlobalClock: 0

+ Individual pipeline summary: 
  * Pipeline-0: initiation interval (II) = 1, depth = 3


============================================================
+ Verbose Summary: Schedule
============================================================
* Number of FSM states : 3
* Pipeline : 1
  Pipeline-0 : II = 1, D = 3, States = { 1 2 3 }
* Dataflow Pipeline: 0

* FSM state transitions: 
1 --> 2 
2 --> 3 
3 --> 

* FSM state operations: 

State 1 <SV = 0> <Delay = 0.48>
ST_1 : Operation 5 [1/1] (0.00ns)   --->   "%j = alloca i32 1" [top.cpp:116]   --->   Operation 5 'alloca' 'j' <Predicate = true> <Delay = 0.00>
ST_1 : Operation 6 [1/1] (0.00ns)   --->   "%i_1 = alloca i32 1" [top.cpp:115]   --->   Operation 6 'alloca' 'i_1' <Predicate = true> <Delay = 0.00>
ST_1 : Operation 7 [1/1] (0.00ns)   --->   "%indvar_flatten20 = alloca i32 1"   --->   Operation 7 'alloca' 'indvar_flatten20' <Predicate = true> <Delay = 0.00>
ST_1 : Operation 8 [1/1] (0.00ns)   --->   "%specinterface_ln0 = specinterface void @_ssdm_op_SpecInterface, i24 %grid_final, void @empty_0, i32 0, i32 0, void @empty_15, i32 0, i32 0, void @empty_15, void @empty_15, void @empty_15, i32 0, i32 0, i32 0, i32 0, void @empty_15, void @empty_15, i32 4294967295, i32 0, i32 0"   --->   Operation 8 'specinterface' 'specinterface_ln0' <Predicate = true> <Delay = 0.00>
ST_1 : Operation 9 [1/1] (0.48ns)   --->   "%store_ln0 = store i17 0, i17 %indvar_flatten20"   --->   Operation 9 'store' 'store_ln0' <Predicate = true> <Delay = 0.48>
ST_1 : Operation 10 [1/1] (0.48ns)   --->   "%store_ln115 = store i9 0, i9 %i_1" [top.cpp:115]   --->   Operation 10 'store' 'store_ln115' <Predicate = true> <Delay = 0.48>
ST_1 : Operation 11 [1/1] (0.48ns)   --->   "%store_ln116 = store i9 0, i9 %j" [top.cpp:116]   --->   Operation 11 'store' 'store_ln116' <Predicate = true> <Delay = 0.48>
ST_1 : Operation 12 [1/1] (0.00ns)   --->   "%br_ln0 = br void %for.inc206"   --->   Operation 12 'br' 'br_ln0' <Predicate = true> <Delay = 0.00>

State 2 <SV = 1> <Delay = 3.74>
ST_2 : Operation 13 [1/1] (0.00ns)   --->   "%indvar_flatten20_load = load i17 %indvar_flatten20" [top.cpp:115]   --->   Operation 13 'load' 'indvar_flatten20_load' <Predicate = true> <Delay = 0.00>
ST_2 : Operation 14 [1/1] (1.02ns)   --->   "%icmp_ln115 = icmp_eq  i17 %indvar_flatten20_load, i17 65536" [top.cpp:115]   --->   Operation 14 'icmp' 'icmp_ln115' <Predicate = true> <Delay = 1.02> <CoreInst = "Cmp">   --->   Core 9 'Cmp' <Latency = 0> <II = 1> <Delay = 1.02> <FuncUnit> <Opcode : 'seteq' 'setne' 'setle' 'setge' 'setlt' 'setgt'> <InPorts = 2> <OutPorts = 1>
ST_2 : Operation 15 [1/1] (1.02ns)   --->   "%add_ln115_1 = add i17 %indvar_flatten20_load, i17 1" [top.cpp:115]   --->   Operation 15 'add' 'add_ln115_1' <Predicate = true> <Delay = 1.02> <CoreInst = "Adder">   --->   Core 1 'Adder' <Latency = 0> <II = 1> <Delay = 1.02> <FuncUnit> <Opcode : 'add' 'sub'> <InPorts = 2> <OutPorts = 1>
ST_2 : Operation 16 [1/1] (0.00ns)   --->   "%br_ln115 = br i1 %icmp_ln115, void %for.inc209, void %for.end211.exitStub" [top.cpp:115]   --->   Operation 16 'br' 'br_ln115' <Predicate = true> <Delay = 0.00>
ST_2 : Operation 17 [1/1] (0.00ns)   --->   "%j_load = load i9 %j" [top.cpp:116]   --->   Operation 17 'load' 'j_load' <Predicate = (!icmp_ln115)> <Delay = 0.00>
ST_2 : Operation 18 [1/1] (0.00ns)   --->   "%i_1_load = load i9 %i_1" [top.cpp:115]   --->   Operation 18 'load' 'i_1_load' <Predicate = (!icmp_ln115)> <Delay = 0.00>
ST_2 : Operation 19 [1/1] (0.92ns)   --->   "%add_ln115 = add i9 %i_1_load, i9 1" [top.cpp:115]   --->   Operation 19 'add' 'add_ln115' <Predicate = (!icmp_ln115)> <Delay = 0.92> <CoreInst = "Adder">   --->   Core 1 'Adder' <Latency = 0> <II = 1> <Delay = 0.92> <FuncUnit> <Opcode : 'add' 'sub'> <InPorts = 2> <OutPorts = 1>
ST_2 : Operation 20 [1/1] (0.92ns)   --->   "%icmp_ln116 = icmp_eq  i9 %j_load, i9 256" [top.cpp:116]   --->   Operation 20 'icmp' 'icmp_ln116' <Predicate = (!icmp_ln115)> <Delay = 0.92> <CoreInst = "Cmp">   --->   Core 9 'Cmp' <Latency = 0> <II = 1> <Delay = 0.92> <FuncUnit> <Opcode : 'seteq' 'setne' 'setle' 'setge' 'setlt' 'setgt'> <InPorts = 2> <OutPorts = 1>
ST_2 : Operation 21 [1/1] (0.45ns)   --->   "%select_ln115 = select i1 %icmp_ln116, i9 0, i9 %j_load" [top.cpp:115]   --->   Operation 21 'select' 'select_ln115' <Predicate = (!icmp_ln115)> <Delay = 0.45> <CoreInst = "Sel">   --->   Core 73 'Sel' <Latency = 0> <II = 1> <Delay = 0.45> <FuncUnit> <Opcode : 'select'> <InPorts = 3> <OutPorts = 1>
ST_2 : Operation 22 [1/1] (0.45ns)   --->   "%select_ln115_1 = select i1 %icmp_ln116, i9 %add_ln115, i9 %i_1_load" [top.cpp:115]   --->   Operation 22 'select' 'select_ln115_1' <Predicate = (!icmp_ln115)> <Delay = 0.45> <CoreInst = "Sel">   --->   Core 73 'Sel' <Latency = 0> <II = 1> <Delay = 0.45> <FuncUnit> <Opcode : 'select'> <InPorts = 3> <OutPorts = 1>
ST_2 : Operation 23 [1/1] (0.00ns)   --->   "%trunc_ln118 = trunc i9 %select_ln115_1" [top.cpp:118]   --->   Operation 23 'trunc' 'trunc_ln118' <Predicate = (!icmp_ln115)> <Delay = 0.00>
ST_2 : Operation 24 [1/1] (0.00ns)   --->   "%tmp_14 = bitconcatenate i16 @_ssdm_op_BitConcatenate.i16.i8.i8, i8 %trunc_ln118, i8 0" [top.cpp:118]   --->   Operation 24 'bitconcatenate' 'tmp_14' <Predicate = (!icmp_ln115)> <Delay = 0.00>
ST_2 : Operation 25 [1/1] (0.00ns)   --->   "%zext_ln118 = zext i9 %select_ln115" [top.cpp:118]   --->   Operation 25 'zext' 'zext_ln118' <Predicate = (!icmp_ln115)> <Delay = 0.00>
ST_2 : Operation 26 [1/1] (1.01ns)   --->   "%add_ln118 = add i16 %tmp_14, i16 %zext_ln118" [top.cpp:118]   --->   Operation 26 'add' 'add_ln118' <Predicate = (!icmp_ln115)> <Delay = 1.01> <CoreInst = "Adder">   --->   Core 1 'Adder' <Latency = 0> <II = 1> <Delay = 1.01> <FuncUnit> <Opcode : 'add' 'sub'> <InPorts = 2> <OutPorts = 1>
ST_2 : Operation 27 [1/1] (0.00ns)   --->   "%zext_ln118_1 = zext i16 %add_ln118" [top.cpp:118]   --->   Operation 27 'zext' 'zext_ln118_1' <Predicate = (!icmp_ln115)> <Delay = 0.00>
ST_2 : Operation 28 [1/1] (0.00ns)   --->   "%cur_addr = getelementptr i24 %cur, i64 0, i64 %zext_ln118_1" [top.cpp:118]   --->   Operation 28 'getelementptr' 'cur_addr' <Predicate = (!icmp_ln115)> <Delay = 0.00>
ST_2 : Operation 29 [2/2] (1.35ns)   --->   "%cur_load = load i16 %cur_addr" [top.cpp:118]   --->   Operation 29 'load' 'cur_load' <Predicate = (!icmp_ln115)> <Delay = 1.35> <CoreInst = "RAM">   --->   Core 82 'RAM' <Latency = 1> <II = 1> <Delay = 1.35> <Storage> <Opcode : 'load' 'store'> <Ports = 2> <Width = 24> <Depth = 65536> <RAM>
ST_2 : Operation 30 [1/1] (0.92ns)   --->   "%add_ln116 = add i9 %select_ln115, i9 1" [top.cpp:116]   --->   Operation 30 'add' 'add_ln116' <Predicate = (!icmp_ln115)> <Delay = 0.92> <CoreInst = "Adder">   --->   Core 1 'Adder' <Latency = 0> <II = 1> <Delay = 0.92> <FuncUnit> <Opcode : 'add' 'sub'> <InPorts = 2> <OutPorts = 1>
ST_2 : Operation 31 [1/1] (0.48ns)   --->   "%store_ln115 = store i17 %add_ln115_1, i17 %indvar_flatten20" [top.cpp:115]   --->   Operation 31 'store' 'store_ln115' <Predicate = (!icmp_ln115)> <Delay = 0.48>
ST_2 : Operation 32 [1/1] (0.48ns)   --->   "%store_ln115 = store i9 %select_ln115_1, i9 %i_1" [top.cpp:115]   --->   Operation 32 'store' 'store_ln115' <Predicate = (!icmp_ln115)> <Delay = 0.48>
ST_2 : Operation 33 [1/1] (0.48ns)   --->   "%store_ln116 = store i9 %add_ln116, i9 %j" [top.cpp:116]   --->   Operation 33 'store' 'store_ln116' <Predicate = (!icmp_ln115)> <Delay = 0.48>
ST_2 : Operation 40 [1/1] (0.48ns)   --->   "%ret_ln0 = ret"   --->   Operation 40 'ret' 'ret_ln0' <Predicate = (icmp_ln115)> <Delay = 0.48>

State 3 <SV = 2> <Delay = 3.51>
ST_3 : Operation 34 [1/1] (0.00ns)   --->   "%specloopname_ln0 = specloopname void @_ssdm_op_SpecLoopName, void @VITIS_LOOP_115_11_VITIS_LOOP_116_12_str"   --->   Operation 34 'specloopname' 'specloopname_ln0' <Predicate = true> <Delay = 0.00>
ST_3 : Operation 35 [1/1] (0.00ns)   --->   "%speclooptripcount_ln0 = speclooptripcount void @_ssdm_op_SpecLoopTripCount, i64 65536, i64 65536, i64 65536"   --->   Operation 35 'speclooptripcount' 'speclooptripcount_ln0' <Predicate = true> <Delay = 0.00>
ST_3 : Operation 36 [1/1] (0.00ns)   --->   "%specpipeline_ln117 = specpipeline void @_ssdm_op_SpecPipeline, i32 1, i32 0, i32 0, i32 0, void @empty_15" [top.cpp:117]   --->   Operation 36 'specpipeline' 'specpipeline_ln117' <Predicate = true> <Delay = 0.00>
ST_3 : Operation 37 [1/2] ( I:1.35ns O:1.35ns )   --->   "%cur_load = load i16 %cur_addr" [top.cpp:118]   --->   Operation 37 'load' 'cur_load' <Predicate = true> <Delay = 1.35> <CoreInst = "RAM">   --->   Core 82 'RAM' <Latency = 1> <II = 1> <Delay = 1.35> <Storage> <Opcode : 'load' 'store'> <Ports = 2> <Width = 24> <Depth = 65536> <RAM>
ST_3 : Operation 38 [1/1] ( I:2.16ns O:2.16ns )   --->   "%write_ln118 = write void @_ssdm_op_Write.ap_fifo.volatile.i24P0A, i24 %grid_final, i24 %cur_load" [top.cpp:118]   --->   Operation 38 'write' 'write_ln118' <Predicate = true> <Delay = 2.16> <CoreInst = "FIFO_SRL">   --->   Core 80 'FIFO_SRL' <Latency = 0> <II = 1> <Delay = 2.16> <Storage> <Opcode : 'read' 'write' 'nbread' 'nbwrite'> <Ports = 0> <Width = 24> <Depth = 2> <FIFO>
ST_3 : Operation 39 [1/1] (0.00ns)   --->   "%br_ln116 = br void %for.inc206" [top.cpp:116]   --->   Operation 39 'br' 'br_ln116' <Predicate = true> <Delay = 0.00>


============================================================
+ Verbose Summary: Binding
============================================================
STG Binding: 
---------------- STG Properties BEGIN ----------------
- Is combinational: 0
- Is one-state seq: 0
- Is datapath-only: 0
- Is pipelined: 0
- Is top level: 0
Port [ Return ] is wired: 1; IO mode=ap_ctrl_hs:ce=0
Port [ cur]:  wired=1; compound=1; hidden=0; nouse=0; global=0; static=0; extern=0; dir=0; type=1; pingpong=0; private_global=0; MemPort=[13]; IO mode=ap_memory:ce=0
Port [ grid_final]:  wired=1; compound=1; hidden=0; nouse=0; global=0; static=0; extern=0; dir=1; type=3; pingpong=0; private_global=0; IO mode=ap_fifo:ce=0
---------------- STG Properties END ------------------

---------------- Datapath Model BEGIN ----------------

<LifeTime>
<method=bitvector/>
j                     (alloca           ) [ 0110]
i_1                   (alloca           ) [ 0110]
indvar_flatten20      (alloca           ) [ 0110]
specinterface_ln0     (specinterface    ) [ 0000]
store_ln0             (store            ) [ 0000]
store_ln115           (store            ) [ 0000]
store_ln116           (store            ) [ 0000]
br_ln0                (br               ) [ 0000]
indvar_flatten20_load (load             ) [ 0000]
icmp_ln115            (icmp             ) [ 0110]
add_ln115_1           (add              ) [ 0000]
br_ln115              (br               ) [ 0000]
j_load                (load             ) [ 0000]
i_1_load              (load             ) [ 0000]
add_ln115             (add              ) [ 0000]
icmp_ln116            (icmp             ) [ 0000]
select_ln115          (select           ) [ 0000]
select_ln115_1        (select           ) [ 0000]
trunc_ln118           (trunc            ) [ 0000]
tmp_14                (bitconcatenate   ) [ 0000]
zext_ln118            (zext             ) [ 0000]
add_ln118             (add              ) [ 0000]
zext_ln118_1          (zext             ) [ 0000]
cur_addr              (getelementptr    ) [ 0101]
add_ln116             (add              ) [ 0000]
store_ln115           (store            ) [ 0000]
store_ln115           (store            ) [ 0000]
store_ln116           (store            ) [ 0000]
specloopname_ln0      (specloopname     ) [ 0000]
speclooptripcount_ln0 (speclooptripcount) [ 0000]
specpipeline_ln117    (specpipeline     ) [ 0000]
cur_load              (load             ) [ 0000]
write_ln118           (write            ) [ 0000]
br_ln116              (br               ) [ 0000]
ret_ln0               (ret              ) [ 0000]
</LifeTime>

<model>

<comp_list>
<comp id="0" class="1000" name="cur">
<pin_list>
<pin id="1" dir="1" index="0" bw="1" slack="0"/>
</pin_list>
<bind>
<StgValue><ssdm name="cur"/><MemPortTyVec>1 3 </MemPortTyVec>
</StgValue>
</bind>
</comp>

<comp id="2" class="1000" name="grid_final">
<pin_list>
<pin id="3" dir="1" index="0" bw="1" slack="0"/>
</pin_list>
<bind>
<StgValue><ssdm name="grid_final"/></StgValue>
</bind>
</comp>

<comp id="4" class="1001" name="const_4">
<pin_list>
<pin id="5" dir="1" index="0" bw="1" slack="0"/>
</pin_list>
<bind>
<StgValue><ssdm name=""/></StgValue>
</bind>
</comp>

<comp id="6" class="1001" name="const_6">
<pin_list>
<pin id="7" dir="1" index="0" bw="1" slack="2147483647"/>
</pin_list>
<bind>
<StgValue><ssdm name="_ssdm_op_SpecInterface"/></StgValue>
</bind>
</comp>

<comp id="8" class="1001" name="const_8">
<pin_list>
<pin id="9" dir="1" index="0" bw="1" slack="2147483647"/>
</pin_list>
<bind>
<StgValue><ssdm name="empty_0"/></StgValue>
</bind>
</comp>

<comp id="10" class="1001" name="const_10">
<pin_list>
<pin id="11" dir="1" index="0" bw="1" slack="2147483647"/>
</pin_list>
<bind>
<StgValue><ssdm name=""/></StgValue>
</bind>
</comp>

<comp id="12" class="1001" name="const_12">
<pin_list>
<pin id="13" dir="1" index="0" bw="1" slack="2147483647"/>
</pin_list>
<bind>
<StgValue><ssdm name="empty_15"/></StgValue>
</bind>
</comp>

<comp id="14" class="1001" name="const_14">
<pin_list>
<pin id="15" dir="1" index="0" bw="1" slack="2147483647"/>
</pin_list>
<bind>
<StgValue><ssdm name=""/></StgValue>
</bind>
</comp>

<comp id="16" class="1001" name="const_16">
<pin_list>
<pin id="17" dir="1" index="0" bw="1" slack="0"/>
</pin_list>
<bind>
<StgValue><ssdm name=""/></StgValue>
</bind>
</comp>

<comp id="18" class="1001" name="const_18">
<pin_list>
<pin id="19" dir="1" index="0" bw="1" slack="0"/>
</pin_list>
<bind>
<StgValue><ssdm name=""/></StgValue>
</bind>
</comp>

<comp id="20" class="1001" name="const_20">
<pin_list>
<pin id="21" dir="1" index="0" bw="1" slack="0"/>
</pin_list>
<bind>
<StgValue><ssdm name=""/></StgValue>
</bind>
</comp>

<comp id="22" class="1001" name="const_22">
<pin_list>
<pin id="23" dir="1" index="0" bw="1" slack="0"/>
</pin_list>
<bind>
<StgValue><ssdm name=""/></StgValue>
</bind>
</comp>

<comp id="24" class="1001" name="const_24">
<pin_list>
<pin id="25" dir="1" index="0" bw="1" slack="0"/>
</pin_list>
<bind>
<StgValue><ssdm name=""/></StgValue>
</bind>
</comp>

<comp id="26" class="1001" name="const_26">
<pin_list>
<pin id="27" dir="1" index="0" bw="1" slack="0"/>
</pin_list>
<bind>
<StgValue><ssdm name=""/></StgValue>
</bind>
</comp>

<comp id="28" class="1001" name="const_28">
<pin_list>
<pin id="29" dir="1" index="0" bw="1" slack="0"/>
</pin_list>
<bind>
<StgValue><ssdm name="_ssdm_op_BitConcatenate.i16.i8.i8"/></StgValue>
</bind>
</comp>

<comp id="30" class="1001" name="const_30">
<pin_list>
<pin id="31" dir="1" index="0" bw="1" slack="0"/>
</pin_list>
<bind>
<StgValue><ssdm name=""/></StgValue>
</bind>
</comp>

<comp id="32" class="1001" name="const_32">
<pin_list>
<pin id="33" dir="1" index="0" bw="1" slack="0"/>
</pin_list>
<bind>
<StgValue><ssdm name=""/></StgValue>
</bind>
</comp>

<comp id="34" class="1001" name="const_34">
<pin_list>
<pin id="35" dir="1" index="0" bw="1" slack="2147483647"/>
</pin_list>
<bind>
<StgValue><ssdm name="_ssdm_op_SpecLoopName"/></StgValue>
</bind>
</comp>

<comp id="36" class="1001" name="const_36">
<pin_list>
<pin id="37" dir="1" index="0" bw="1" slack="2147483647"/>
</pin_list>
<bind>
<StgValue><ssdm name="VITIS_LOOP_115_11_VITIS_LOOP_116_12_str"/></StgValue>
</bind>
</comp>

<comp id="38" class="1001" name="const_38">
<pin_list>
<pin id="39" dir="1" index="0" bw="1" slack="2147483647"/>
</pin_list>
<bind>
<StgValue><ssdm name="_ssdm_op_SpecLoopTripCount"/></StgValue>
</bind>
</comp>

<comp id="40" class="1001" name="const_40">
<pin_list>
<pin id="41" dir="1" index="0" bw="1" slack="2147483647"/>
</pin_list>
<bind>
<StgValue><ssdm name=""/></StgValue>
</bind>
</comp>

<comp id="42" class="1001" name="const_42">
<pin_list>
<pin id="43" dir="1" index="0" bw="1" slack="2147483647"/>
</pin_list>
<bind>
<StgValue><ssdm name="_ssdm_op_SpecPipeline"/></StgValue>
</bind>
</comp>

<comp id="44" class="1001" name="const_44">
<pin_list>
<pin id="45" dir="1" index="0" bw="1" slack="0"/>
</pin_list>
<bind>
<StgValue><ssdm name="_ssdm_op_Write.ap_fifo.volatile.i24P0A"/></StgValue>
</bind>
</comp>

<comp id="46" class="1004" name="j_fu_46">
<pin_list>
<pin id="47" dir="0" index="0" bw="1" slack="0"/>
<pin id="48" dir="1" index="1" bw="9" slack="0"/>
</pin_list>
<bind>
<opcode="alloca(26) " fcode="alloca"/>
<opset="j/1 "/>
</bind>
</comp>

<comp id="50" class="1004" name="i_1_fu_50">
<pin_list>
<pin id="51" dir="0" index="0" bw="1" slack="0"/>
<pin id="52" dir="1" index="1" bw="9" slack="0"/>
</pin_list>
<bind>
<opcode="alloca(26) " fcode="alloca"/>
<opset="i_1/1 "/>
</bind>
</comp>

<comp id="54" class="1004" name="indvar_flatten20_fu_54">
<pin_list>
<pin id="55" dir="0" index="0" bw="1" slack="0"/>
<pin id="56" dir="1" index="1" bw="17" slack="0"/>
</pin_list>
<bind>
<opcode="alloca(26) " fcode="alloca"/>
<opset="indvar_flatten20/1 "/>
</bind>
</comp>

<comp id="58" class="1004" name="write_ln118_write_fu_58">
<pin_list>
<pin id="59" dir="0" index="0" bw="0" slack="0"/>
<pin id="60" dir="0" index="1" bw="24" slack="0"/>
<pin id="61" dir="0" index="2" bw="24" slack="0"/>
<pin id="62" dir="1" index="3" bw="0" slack="2147483647"/>
</pin_list>
<bind>
<opcode="write(1151) " fcode="write"/>
<opset="write_ln118/3 "/>
</bind>
</comp>

<comp id="65" class="1004" name="cur_addr_gep_fu_65">
<pin_list>
<pin id="66" dir="0" index="0" bw="24" slack="0"/>
<pin id="67" dir="0" index="1" bw="1" slack="0"/>
<pin id="68" dir="0" index="2" bw="16" slack="0"/>
<pin id="69" dir="1" index="3" bw="16" slack="0"/>
</pin_list>
<bind>
<opcode="getelementptr(29) " fcode="getelementptr"/>
<opset="cur_addr/2 "/>
</bind>
</comp>

<comp id="72" class="1004" name="grp_access_fu_72">
<pin_list>
<pin id="73" dir="0" index="0" bw="16" slack="0"/>
<pin id="74" dir="0" index="1" bw="24" slack="2147483647"/>
<pin id="75" dir="0" index="2" bw="0" slack="2147483647"/>
<pin id="76" dir="1" index="3" bw="24" slack="0"/>
</pin_list>
<bind>
<opcode="load(27) " fcode="load"/>
<opset="cur_load/2 "/>
</bind>
</comp>

<comp id="79" class="1004" name="store_ln0_store_fu_79">
<pin_list>
<pin id="80" dir="0" index="0" bw="1" slack="0"/>
<pin id="81" dir="0" index="1" bw="17" slack="0"/>
<pin id="82" dir="1" index="2" bw="0" slack="2147483647"/>
</pin_list>
<bind>
<opcode="store(28) " fcode="store"/>
<opset="store_ln0/1 "/>
</bind>
</comp>

<comp id="84" class="1004" name="store_ln115_store_fu_84">
<pin_list>
<pin id="85" dir="0" index="0" bw="1" slack="0"/>
<pin id="86" dir="0" index="1" bw="9" slack="0"/>
<pin id="87" dir="1" index="2" bw="0" slack="2147483647"/>
</pin_list>
<bind>
<opcode="store(28) " fcode="store"/>
<opset="store_ln115/1 "/>
</bind>
</comp>

<comp id="89" class="1004" name="store_ln116_store_fu_89">
<pin_list>
<pin id="90" dir="0" index="0" bw="1" slack="0"/>
<pin id="91" dir="0" index="1" bw="9" slack="0"/>
<pin id="92" dir="1" index="2" bw="0" slack="2147483647"/>
</pin_list>
<bind>
<opcode="store(28) " fcode="store"/>
<opset="store_ln116/1 "/>
</bind>
</comp>

<comp id="94" class="1004" name="indvar_flatten20_load_load_fu_94">
<pin_list>
<pin id="95" dir="0" index="0" bw="17" slack="1"/>
<pin id="96" dir="1" index="1" bw="17" slack="0"/>
</pin_list>
<bind>
<opcode="load(27) " fcode="load"/>
<opset="indvar_flatten20_load/2 "/>
</bind>
</comp>

<comp id="97" class="1004" name="icmp_ln115_fu_97">
<pin_list>
<pin id="98" dir="0" index="0" bw="17" slack="0"/>
<pin id="99" dir="0" index="1" bw="17" slack="0"/>
<pin id="100" dir="1" index="2" bw="1" slack="2147483647"/>
</pin_list>
<bind>
<opcode="icmp(45) " fcode="icmp"/>
<opset="icmp_ln115/2 "/>
</bind>
</comp>

<comp id="103" class="1004" name="add_ln115_1_fu_103">
<pin_list>
<pin id="104" dir="0" index="0" bw="17" slack="0"/>
<pin id="105" dir="0" index="1" bw="1" slack="0"/>
<pin id="106" dir="1" index="2" bw="17" slack="0"/>
</pin_list>
<bind>
<opcode="add(8) " fcode="add"/>
<opset="add_ln115_1/2 "/>
</bind>
</comp>

<comp id="109" class="1004" name="j_load_load_fu_109">
<pin_list>
<pin id="110" dir="0" index="0" bw="9" slack="1"/>
<pin id="111" dir="1" index="1" bw="9" slack="0"/>
</pin_list>
<bind>
<opcode="load(27) " fcode="load"/>
<opset="j_load/2 "/>
</bind>
</comp>

<comp id="112" class="1004" name="i_1_load_load_fu_112">
<pin_list>
<pin id="113" dir="0" index="0" bw="9" slack="1"/>
<pin id="114" dir="1" index="1" bw="9" slack="0"/>
</pin_list>
<bind>
<opcode="load(27) " fcode="load"/>
<opset="i_1_load/2 "/>
</bind>
</comp>

<comp id="115" class="1004" name="add_ln115_fu_115">
<pin_list>
<pin id="116" dir="0" index="0" bw="9" slack="0"/>
<pin id="117" dir="0" index="1" bw="1" slack="0"/>
<pin id="118" dir="1" index="2" bw="9" slack="0"/>
</pin_list>
<bind>
<opcode="add(8) " fcode="add"/>
<opset="add_ln115/2 "/>
</bind>
</comp>

<comp id="121" class="1004" name="icmp_ln116_fu_121">
<pin_list>
<pin id="122" dir="0" index="0" bw="9" slack="0"/>
<pin id="123" dir="0" index="1" bw="9" slack="0"/>
<pin id="124" dir="1" index="2" bw="1" slack="0"/>
</pin_list>
<bind>
<opcode="icmp(45) " fcode="icmp"/>
<opset="icmp_ln116/2 "/>
</bind>
</comp>

<comp id="127" class="1004" name="select_ln115_fu_127">
<pin_list>
<pin id="128" dir="0" index="0" bw="1" slack="0"/>
<pin id="129" dir="0" index="1" bw="1" slack="0"/>
<pin id="130" dir="0" index="2" bw="9" slack="0"/>
<pin id="131" dir="1" index="3" bw="9" slack="0"/>
</pin_list>
<bind>
<opcode="select(49) " fcode="select"/>
<opset="select_ln115/2 "/>
</bind>
</comp>

<comp id="135" class="1004" name="select_ln115_1_fu_135">
<pin_list>
<pin id="136" dir="0" index="0" bw="1" slack="0"/>
<pin id="137" dir="0" index="1" bw="9" slack="0"/>
<pin id="138" dir="0" index="2" bw="9" slack="0"/>
<pin id="139" dir="1" index="3" bw="9" slack="0"/>
</pin_list>
<bind>
<opcode="select(49) " fcode="select"/>
<opset="select_ln115_1/2 "/>
</bind>
</comp>

<comp id="143" class="1004" name="trunc_ln118_fu_143">
<pin_list>
<pin id="144" dir="0" index="0" bw="9" slack="0"/>
<pin id="145" dir="1" index="1" bw="8" slack="0"/>
</pin_list>
<bind>
<opcode="trunc(33) " fcode="trunc"/>
<opset="trunc_ln118/2 "/>
</bind>
</comp>

<comp id="147" class="1004" name="tmp_14_fu_147">
<pin_list>
<pin id="148" dir="0" index="0" bw="16" slack="0"/>
<pin id="149" dir="0" index="1" bw="8" slack="0"/>
<pin id="150" dir="0" index="2" bw="1" slack="0"/>
<pin id="151" dir="1" index="3" bw="16" slack="0"/>
</pin_list>
<bind>
<opcode="bitconcatenate(1004) " fcode="bitconcatenate"/>
<opset="tmp_14/2 "/>
</bind>
</comp>

<comp id="155" class="1004" name="zext_ln118_fu_155">
<pin_list>
<pin id="156" dir="0" index="0" bw="9" slack="0"/>
<pin id="157" dir="1" index="1" bw="16" slack="0"/>
</pin_list>
<bind>
<opcode="zext(34) " fcode="zext"/>
<opset="zext_ln118/2 "/>
</bind>
</comp>

<comp id="159" class="1004" name="add_ln118_fu_159">
<pin_list>
<pin id="160" dir="0" index="0" bw="16" slack="0"/>
<pin id="161" dir="0" index="1" bw="9" slack="0"/>
<pin id="162" dir="1" index="2" bw="16" slack="0"/>
</pin_list>
<bind>
<opcode="add(8) " fcode="add"/>
<opset="add_ln118/2 "/>
</bind>
</comp>

<comp id="165" class="1004" name="zext_ln118_1_fu_165">
<pin_list>
<pin id="166" dir="0" index="0" bw="16" slack="0"/>
<pin id="167" dir="1" index="1" bw="64" slack="0"/>
</pin_list>
<bind>
<opcode="zext(34) " fcode="zext"/>
<opset="zext_ln118_1/2 "/>
</bind>
</comp>

<comp id="170" class="1004" name="add_ln116_fu_170">
<pin_list>
<pin id="171" dir="0" index="0" bw="9" slack="0"/>
<pin id="172" dir="0" index="1" bw="1" slack="0"/>
<pin id="173" dir="1" index="2" bw="9" slack="0"/>
</pin_list>
<bind>
<opcode="add(8) " fcode="add"/>
<opset="add_ln116/2 "/>
</bind>
</comp>

<comp id="176" class="1004" name="store_ln115_store_fu_176">
<pin_list>
<pin id="177" dir="0" index="0" bw="17" slack="0"/>
<pin id="178" dir="0" index="1" bw="17" slack="1"/>
<pin id="179" dir="1" index="2" bw="0" slack="2147483647"/>
</pin_list>
<bind>
<opcode="store(28) " fcode="store"/>
<opset="store_ln115/2 "/>
</bind>
</comp>

<comp id="181" class="1004" name="store_ln115_store_fu_181">
<pin_list>
<pin id="182" dir="0" index="0" bw="9" slack="0"/>
<pin id="183" dir="0" index="1" bw="9" slack="1"/>
<pin id="184" dir="1" index="2" bw="0" slack="2147483647"/>
</pin_list>
<bind>
<opcode="store(28) " fcode="store"/>
<opset="store_ln115/2 "/>
</bind>
</comp>

<comp id="186" class="1004" name="store_ln116_store_fu_186">
<pin_list>
<pin id="187" dir="0" index="0" bw="9" slack="0"/>
<pin id="188" dir="0" index="1" bw="9" slack="1"/>
<pin id="189" dir="1" index="2" bw="0" slack="2147483647"/>
</pin_list>
<bind>
<opcode="store(28) " fcode="store"/>
<opset="store_ln116/2 "/>
</bind>
</comp>

<comp id="191" class="1005" name="j_reg_191">
<pin_list>
<pin id="192" dir="0" index="0" bw="9" slack="0"/>
<pin id="193" dir="1" index="1" bw="9" slack="0"/>
</pin_list>
<bind>
<opset="j "/>
</bind>
</comp>

<comp id="198" class="1005" name="i_1_reg_198">
<pin_list>
<pin id="199" dir="0" index="0" bw="9" slack="0"/>
<pin id="200" dir="1" index="1" bw="9" slack="0"/>
</pin_list>
<bind>
<opset="i_1 "/>
</bind>
</comp>

<comp id="205" class="1005" name="indvar_flatten20_reg_205">
<pin_list>
<pin id="206" dir="0" index="0" bw="17" slack="0"/>
<pin id="207" dir="1" index="1" bw="17" slack="0"/>
</pin_list>
<bind>
<opset="indvar_flatten20 "/>
</bind>
</comp>

<comp id="215" class="1005" name="cur_addr_reg_215">
<pin_list>
<pin id="216" dir="0" index="0" bw="16" slack="1"/>
<pin id="217" dir="1" index="1" bw="16" slack="1"/>
</pin_list>
<bind>
<opset="cur_addr "/>
</bind>
</comp>

</comp_list>

<net_list>
<net id="49"><net_src comp="4" pin="0"/><net_sink comp="46" pin=0"/></net>

<net id="53"><net_src comp="4" pin="0"/><net_sink comp="50" pin=0"/></net>

<net id="57"><net_src comp="4" pin="0"/><net_sink comp="54" pin=0"/></net>

<net id="63"><net_src comp="44" pin="0"/><net_sink comp="58" pin=0"/></net>

<net id="64"><net_src comp="2" pin="0"/><net_sink comp="58" pin=1"/></net>

<net id="70"><net_src comp="0" pin="0"/><net_sink comp="65" pin=0"/></net>

<net id="71"><net_src comp="32" pin="0"/><net_sink comp="65" pin=1"/></net>

<net id="77"><net_src comp="72" pin="3"/><net_sink comp="58" pin=2"/></net>

<net id="78"><net_src comp="65" pin="3"/><net_sink comp="72" pin=0"/></net>

<net id="83"><net_src comp="16" pin="0"/><net_sink comp="79" pin=0"/></net>

<net id="88"><net_src comp="18" pin="0"/><net_sink comp="84" pin=0"/></net>

<net id="93"><net_src comp="18" pin="0"/><net_sink comp="89" pin=0"/></net>

<net id="101"><net_src comp="94" pin="1"/><net_sink comp="97" pin=0"/></net>

<net id="102"><net_src comp="20" pin="0"/><net_sink comp="97" pin=1"/></net>

<net id="107"><net_src comp="94" pin="1"/><net_sink comp="103" pin=0"/></net>

<net id="108"><net_src comp="22" pin="0"/><net_sink comp="103" pin=1"/></net>

<net id="119"><net_src comp="112" pin="1"/><net_sink comp="115" pin=0"/></net>

<net id="120"><net_src comp="24" pin="0"/><net_sink comp="115" pin=1"/></net>

<net id="125"><net_src comp="109" pin="1"/><net_sink comp="121" pin=0"/></net>

<net id="126"><net_src comp="26" pin="0"/><net_sink comp="121" pin=1"/></net>

<net id="132"><net_src comp="121" pin="2"/><net_sink comp="127" pin=0"/></net>

<net id="133"><net_src comp="18" pin="0"/><net_sink comp="127" pin=1"/></net>

<net id="134"><net_src comp="109" pin="1"/><net_sink comp="127" pin=2"/></net>

<net id="140"><net_src comp="121" pin="2"/><net_sink comp="135" pin=0"/></net>

<net id="141"><net_src comp="115" pin="2"/><net_sink comp="135" pin=1"/></net>

<net id="142"><net_src comp="112" pin="1"/><net_sink comp="135" pin=2"/></net>

<net id="146"><net_src comp="135" pin="3"/><net_sink comp="143" pin=0"/></net>

<net id="152"><net_src comp="28" pin="0"/><net_sink comp="147" pin=0"/></net>

<net id="153"><net_src comp="143" pin="1"/><net_sink comp="147" pin=1"/></net>

<net id="154"><net_src comp="30" pin="0"/><net_sink comp="147" pin=2"/></net>

<net id="158"><net_src comp="127" pin="3"/><net_sink comp="155" pin=0"/></net>

<net id="163"><net_src comp="147" pin="3"/><net_sink comp="159" pin=0"/></net>

<net id="164"><net_src comp="155" pin="1"/><net_sink comp="159" pin=1"/></net>

<net id="168"><net_src comp="159" pin="2"/><net_sink comp="165" pin=0"/></net>

<net id="169"><net_src comp="165" pin="1"/><net_sink comp="65" pin=2"/></net>

<net id="174"><net_src comp="127" pin="3"/><net_sink comp="170" pin=0"/></net>

<net id="175"><net_src comp="24" pin="0"/><net_sink comp="170" pin=1"/></net>

<net id="180"><net_src comp="103" pin="2"/><net_sink comp="176" pin=0"/></net>

<net id="185"><net_src comp="135" pin="3"/><net_sink comp="181" pin=0"/></net>

<net id="190"><net_src comp="170" pin="2"/><net_sink comp="186" pin=0"/></net>

<net id="194"><net_src comp="46" pin="1"/><net_sink comp="191" pin=0"/></net>

<net id="195"><net_src comp="191" pin="1"/><net_sink comp="89" pin=1"/></net>

<net id="196"><net_src comp="191" pin="1"/><net_sink comp="109" pin=0"/></net>

<net id="197"><net_src comp="191" pin="1"/><net_sink comp="186" pin=1"/></net>

<net id="201"><net_src comp="50" pin="1"/><net_sink comp="198" pin=0"/></net>

<net id="202"><net_src comp="198" pin="1"/><net_sink comp="84" pin=1"/></net>

<net id="203"><net_src comp="198" pin="1"/><net_sink comp="112" pin=0"/></net>

<net id="204"><net_src comp="198" pin="1"/><net_sink comp="181" pin=1"/></net>

<net id="208"><net_src comp="54" pin="1"/><net_sink comp="205" pin=0"/></net>

<net id="209"><net_src comp="205" pin="1"/><net_sink comp="79" pin=1"/></net>

<net id="210"><net_src comp="205" pin="1"/><net_sink comp="94" pin=0"/></net>

<net id="211"><net_src comp="205" pin="1"/><net_sink comp="176" pin=1"/></net>

<net id="218"><net_src comp="65" pin="3"/><net_sink comp="215" pin=0"/></net>

<net id="219"><net_src comp="215" pin="1"/><net_sink comp="72" pin=0"/></net>

</net_list>

</model> 
---------------- Datapath Model END ------------------

* FSMD analyzer results:
  - Output states:
	Port: grid_final | {3 }
 - Input state : 
	Port: compute_Pipeline_VITIS_LOOP_115_11_VITIS_LOOP_116_12 : cur | {2 3 }
  - Chain level:
	State 1
		store_ln0 : 1
		store_ln115 : 1
		store_ln116 : 1
	State 2
		icmp_ln115 : 1
		add_ln115_1 : 1
		br_ln115 : 2
		add_ln115 : 1
		icmp_ln116 : 1
		select_ln115 : 2
		select_ln115_1 : 2
		trunc_ln118 : 3
		tmp_14 : 4
		zext_ln118 : 3
		add_ln118 : 5
		zext_ln118_1 : 6
		cur_addr : 7
		cur_load : 8
		add_ln116 : 3
		store_ln115 : 2
		store_ln115 : 3
		store_ln116 : 4
	State 3
		write_ln118 : 1


============================================================
+ Verbose Summary: Datapath Resource usage 
============================================================

* Functional unit list:
|----------|-------------------------|---------|---------|
| Operation|     Functional Unit     |    FF   |   LUT   |
|----------|-------------------------|---------|---------|
|          |    add_ln115_1_fu_103   |    0    |    24   |
|    add   |     add_ln115_fu_115    |    0    |    16   |
|          |     add_ln118_fu_159    |    0    |    23   |
|          |     add_ln116_fu_170    |    0    |    16   |
|----------|-------------------------|---------|---------|
|   icmp   |     icmp_ln115_fu_97    |    0    |    24   |
|          |    icmp_ln116_fu_121    |    0    |    16   |
|----------|-------------------------|---------|---------|
|  select  |   select_ln115_fu_127   |    0    |    8    |
|          |  select_ln115_1_fu_135  |    0    |    8    |
|----------|-------------------------|---------|---------|
|   write  | write_ln118_write_fu_58 |    0    |    0    |
|----------|-------------------------|---------|---------|
|   trunc  |    trunc_ln118_fu_143   |    0    |    0    |
|----------|-------------------------|---------|---------|
|bitconcatenate|      tmp_14_fu_147      |    0    |    0    |
|----------|-------------------------|---------|---------|
|   zext   |    zext_ln118_fu_155    |    0    |    0    |
|          |   zext_ln118_1_fu_165   |    0    |    0    |
|----------|-------------------------|---------|---------|
|   Total  |                         |    0    |   135   |
|----------|-------------------------|---------|---------|

Memories:
N/A

* Register list:
+------------------------+--------+
|                        |   FF   |
+------------------------+--------+
|    cur_addr_reg_215    |   16   |
|       i_1_reg_198      |    9   |
|indvar_flatten20_reg_205|   17   |
|        j_reg_191       |    9   |
+------------------------+--------+
|          Total         |   51   |
+------------------------+--------+

* Multiplexer (MUX) list: 
|------------------|------|------|------|--------||---------||---------||---------|
|       Comp       |  Pin | Size |  BW  | S x BW ||  Delay  ||    FF   ||   LUT   |
|------------------|------|------|------|--------||---------||---------||---------|
| grp_access_fu_72 |  p0  |   2  |  16  |   32   ||    0    ||    9    |
|------------------|------|------|------|--------||---------||---------||---------|
|       Total      |      |      |      |   32   ||  0.489  ||    0    ||    9    |
|------------------|------|------|------|--------||---------||---------||---------|



* Summary:
+-----------+--------+--------+--------+
|           |  Delay |   FF   |   LUT  |
+-----------+--------+--------+--------+
|  Function |    -   |    0   |   135  |
|   Memory  |    -   |    -   |    -   |
|Multiplexer|    0   |    0   |    9   |
|  Register |    -   |   51   |    -   |
+-----------+--------+--------+--------+
|   Total   |    0   |   51   |   144  |
+-----------+--------+--------+--------+
