

================================================================
== Vitis HLS Report for 'compute'
================================================================
* Date:           Fri Feb 20 12:56:42 2026

* Version:        2025.1.1 (Build 6214317 on Sep 11 2025)
* Project:        project_1
* Solution:       hls (Vivado IP Flow Target)
* Product family: zynquplus
* Target device:  xczu3eg-sbva484-1-e


================================================================
== Performance Estimates
================================================================
+ Timing: 
    * Summary: 
    +--------+----------+----------+------------+
    |  Clock |  Target  | Estimated| Uncertainty|
    +--------+----------+----------+------------+
    |ap_clk  |  10.00 ns|  7.148 ns|     2.70 ns|
    +--------+----------+----------+------------+

+ Latency: 
    * Summary: 
    +---------+---------+-----------+-----------+---------+---------+---------+
    |  Latency (cycles) |   Latency (absolute)  |      Interval     | Pipeline|
    |   min   |   max   |    min    |    max    |   min   |   max   |   Type  |
    +---------+---------+-----------+-----------+---------+---------+---------+
    |  2112940|  2112940|  21.129 ms|  21.129 ms|  2112940|  2112940|       no|
    +---------+---------+-----------+-----------+---------+---------+---------+

    + Detail: 
        * Instance: 
        +----------------------------------------------------------------+-----------------------------------------------------+---------+---------+----------+----------+-------+-------+------------------------------------------------+
        |                                                                |                                                     |  Latency (cycles) |  Latency (absolute) |    Interval   |                    Pipeline                    |
        |                            Instance                            |                        Module                       |   min   |   max   |    min   |    max   |  min  |  max  |                      Type                      |
        +----------------------------------------------------------------+-----------------------------------------------------+---------+---------+----------+----------+-------+-------+------------------------------------------------+
        |grp_compute_Pipeline_VITIS_LOOP_33_1_VITIS_LOOP_34_2_fu_94      |compute_Pipeline_VITIS_LOOP_33_1_VITIS_LOOP_34_2     |    65538|    65538|  0.655 ms|  0.655 ms|  65537|  65537|  loop auto-rewind stp (delay=0 clock cycles(s))|
        |grp_compute_Pipeline_VITIS_LOOP_50_4_fu_108                     |compute_Pipeline_VITIS_LOOP_50_4                     |      258|      258|  2.580 us|  2.580 us|    257|    257|  loop auto-rewind stp (delay=0 clock cycles(s))|
        |grp_compute_Pipeline_VITIS_LOOP_130_9_VITIS_LOOP_131_10_fu_118  |compute_Pipeline_VITIS_LOOP_130_9_VITIS_LOOP_131_10  |    65538|    65538|  0.655 ms|  0.655 ms|  65537|  65537|  loop auto-rewind stp (delay=0 clock cycles(s))|
        |grp_compute_Pipeline_VITIS_LOOP_55_5_fu_128                     |compute_Pipeline_VITIS_LOOP_55_5                     |      258|      258|  2.580 us|  2.580 us|    257|    257|  loop auto-rewind stp (delay=0 clock cycles(s))|
        |grp_compute_Pipeline_VITIS_LOOP_62_6_VITIS_LOOP_63_7_fu_138     |compute_Pipeline_VITIS_LOOP_62_6_VITIS_LOOP_63_7     |    65540|    65540|  0.655 ms|  0.655 ms|  65537|  65537|  loop auto-rewind stp (delay=0 clock cycles(s))|
        +----------------------------------------------------------------+-----------------------------------------------------+---------+---------+----------+----------+-------+-------+------------------------------------------------+

        * Loop: 
        +-------------------+---------+---------+----------+-----------+-----------+------+----------+
        |                   |  Latency (cycles) | Iteration|  Initiation Interval  | Trip |          |
        |     Loop Name     |   min   |   max   |  Latency |  achieved |   target  | Count| Pipelined|
        +-------------------+---------+---------+----------+-----------+-----------+------+----------+
        |- VITIS_LOOP_41_3  |  1981860|  1981860|     66062|          -|          -|    30|        no|
        +-------------------+---------+---------+----------+-----------+-----------+------+----------+



================================================================
== Utilization Estimates
================================================================
* Summary: 
+-----------------+---------+-----+--------+-------+-----+
|       Name      | BRAM_18K| DSP |   FF   |  LUT  | URAM|
+-----------------+---------+-----+--------+-------+-----+
|DSP              |        -|    -|       -|      -|    -|
|Expression       |        -|    -|       0|     26|    -|
|FIFO             |        -|    -|       -|      -|    -|
|Instance         |        2|    8|     889|   2006|    0|
|Memory           |      176|    -|       0|      0|    0|
|Multiplexer      |        -|    -|       0|    693|    -|
|Register         |        -|    -|     240|      -|    -|
+-----------------+---------+-----+--------+-------+-----+
|Total            |      178|    8|    1129|   2725|    0|
+-----------------+---------+-----+--------+-------+-----+
|Available        |      432|  360|  141120|  70560|    0|
+-----------------+---------+-----+--------+-------+-----+
|Utilization (%)  |       41|    2|      ~0|      3|    0|
+-----------------+---------+-----+--------+-------+-----+

+ Detail: 
    * Instance: 
    +----------------------------------------------------------------+-----------------------------------------------------+---------+----+-----+------+-----+
    |                            Instance                            |                        Module                       | BRAM_18K| DSP|  FF |  LUT | URAM|
    +----------------------------------------------------------------+-----------------------------------------------------+---------+----+-----+------+-----+
    |grp_compute_Pipeline_VITIS_LOOP_130_9_VITIS_LOOP_131_10_fu_118  |compute_Pipeline_VITIS_LOOP_130_9_VITIS_LOOP_131_10  |        0|   0|   41|   253|    0|
    |grp_compute_Pipeline_VITIS_LOOP_33_1_VITIS_LOOP_34_2_fu_94      |compute_Pipeline_VITIS_LOOP_33_1_VITIS_LOOP_34_2     |        0|   0|   38|   181|    0|
    |grp_compute_Pipeline_VITIS_LOOP_50_4_fu_108                     |compute_Pipeline_VITIS_LOOP_50_4                     |        0|   0|   27|   119|    0|
    |grp_compute_Pipeline_VITIS_LOOP_55_5_fu_128                     |compute_Pipeline_VITIS_LOOP_55_5                     |        0|   0|   20|   119|    0|
    |grp_compute_Pipeline_VITIS_LOOP_62_6_VITIS_LOOP_63_7_fu_138     |compute_Pipeline_VITIS_LOOP_62_6_VITIS_LOOP_63_7     |        2|   8|  763|  1334|    0|
    +----------------------------------------------------------------+-----------------------------------------------------+---------+----+-----+------+-----+
    |Total                                                           |                                                     |        2|   8|  889|  2006|    0|
    +----------------------------------------------------------------+-----------------------------------------------------+---------+----+-----+------+-----+

    * DSP: 
    N/A

    * Memory: 
    +------------+------------------------------+---------+---+----+-----+-------+-----+------+-------------+
    |   Memory   |            Module            | BRAM_18K| FF| LUT| URAM| Words | Bits| Banks| W*Bits*Banks|
    +------------+------------------------------+---------+---+----+-----+-------+-----+------+-------------+
    |buffer_U    |compute_buffer_RAM_AUTO_1R1W  |       44|  0|   0|    0|  32768|   24|     1|       786432|
    |buffer_1_U  |compute_buffer_RAM_AUTO_1R1W  |       44|  0|   0|    0|  32768|   24|     1|       786432|
    |buffer_2_U  |compute_buffer_RAM_AUTO_1R1W  |       44|  0|   0|    0|  32768|   24|     1|       786432|
    |buffer_3_U  |compute_buffer_RAM_AUTO_1R1W  |       44|  0|   0|    0|  32768|   24|     1|       786432|
    +------------+------------------------------+---------+---+----+-----+-------+-----+------+-------------+
    |Total       |                              |      176|  0|   0|    0| 131072|   96|     4|      3145728|
    +------------+------------------------------+---------+---+----+-----+-------+-----+------+-------------+

    * FIFO: 
    N/A

    * Expression: 
    +---------------------+----------+----+---+----+------------+------------+
    |    Variable Name    | Operation| DSP| FF| LUT| Bitwidth P0| Bitwidth P1|
    +---------------------+----------+----+---+----+------------+------------+
    |t_2_fu_185_p2        |         +|   0|  0|  12|           5|           1|
    |icmp_ln41_fu_179_p2  |      icmp|   0|  0|  12|           5|           3|
    |ap_block_state1      |        or|   0|  0|   2|           1|           1|
    +---------------------+----------+----+---+----+------------+------------+
    |Total                |          |   0|  0|  26|          11|           5|
    +---------------------+----------+----+---+----+------------+------------+

    * Multiplexer: 
    +-------------------+----+-----------+-----+-----------+
    |        Name       | LUT| Input Size| Bits| Total Bits|
    +-------------------+----+-----------+-----+-----------+
    |ap_NS_fsm          |  59|         11|    1|         11|
    |ap_done            |   9|          2|    1|          2|
    |buffer_1_address0  |  31|          6|   15|         90|
    |buffer_1_address1  |  20|          4|   15|         60|
    |buffer_1_ce0       |  31|          6|    1|          6|
    |buffer_1_ce1       |  20|          4|    1|          4|
    |buffer_1_d0        |  26|          5|   24|        120|
    |buffer_1_we0       |  26|          5|    1|          5|
    |buffer_2_address0  |  31|          6|   15|         90|
    |buffer_2_address1  |  20|          4|   15|         60|
    |buffer_2_ce0       |  31|          6|    1|          6|
    |buffer_2_ce1       |  20|          4|    1|          4|
    |buffer_2_d0        |  26|          5|   24|        120|
    |buffer_2_we0       |  26|          5|    1|          5|
    |buffer_3_address0  |  31|          6|   15|         90|
    |buffer_3_address1  |  20|          4|   15|         60|
    |buffer_3_ce0       |  31|          6|    1|          6|
    |buffer_3_ce1       |  20|          4|    1|          4|
    |buffer_3_d0        |  26|          5|   24|        120|
    |buffer_3_we0       |  26|          5|    1|          5|
    |buffer_address0    |  31|          6|   15|         90|
    |buffer_address1    |  20|          4|   15|         60|
    |buffer_ce0         |  31|          6|    1|          6|
    |buffer_ce1         |  20|          4|    1|          4|
    |buffer_d0          |  26|          5|   24|        120|
    |buffer_we0         |  26|          5|    1|          5|
    |t_fu_50            |   9|          2|    5|         10|
    +-------------------+----+-----------+-----+-----------+
    |Total              | 693|        135|  235|       1163|
    +-------------------+----+-----------+-----+-----------+

    * Register: 
    +-----------------------------------------------------------------------------+----+----+-----+-----------+
    |                                     Name                                    | FF | LUT| Bits| Const Bits|
    +-----------------------------------------------------------------------------+----+----+-----+-----------+
    |ap_CS_fsm                                                                    |  10|   0|   10|          0|
    |ap_done_reg                                                                  |   1|   0|    1|          0|
    |grp_compute_Pipeline_VITIS_LOOP_130_9_VITIS_LOOP_131_10_fu_118_ap_start_reg  |   1|   0|    1|          0|
    |grp_compute_Pipeline_VITIS_LOOP_33_1_VITIS_LOOP_34_2_fu_94_ap_start_reg      |   1|   0|    1|          0|
    |grp_compute_Pipeline_VITIS_LOOP_50_4_fu_108_ap_start_reg                     |   1|   0|    1|          0|
    |grp_compute_Pipeline_VITIS_LOOP_55_5_fu_128_ap_start_reg                     |   1|   0|    1|          0|
    |grp_compute_Pipeline_VITIS_LOOP_62_6_VITIS_LOOP_63_7_fu_138_ap_start_reg     |   1|   0|    1|          0|
    |p_0_0_01527_lcssa_lcssa99_fu_74                                              |  24|   0|   24|          0|
    |p_0_0_01527_lcssa_lcssa99_load_reg_290                                       |  24|   0|   24|          0|
    |p_0_0_01528_lcssa_lcssa97_fu_66                                              |  24|   0|   24|          0|
    |p_0_0_01528_lcssa_lcssa97_load_reg_285                                       |  24|   0|   24|          0|
    |p_0_0_01529_lcssa_lcssa95_fu_58                                              |  24|   0|   24|          0|
    |p_0_0_01529_lcssa_lcssa95_load_reg_280                                       |  24|   0|   24|          0|
    |p_0_0_01534_1_lcssa_lcssa96_fu_62                                            |  24|   0|   24|          0|
    |p_0_0_01534_2_lcssa_lcssa98_fu_70                                            |  24|   0|   24|          0|
    |p_0_0_01534_lcssa_lcssa94_fu_54                                              |  24|   0|   24|          0|
    |t_fu_50                                                                      |   5|   0|    5|          0|
    |tmp_25_reg_295                                                               |   1|   0|    8|          7|
    |trunc_ln52_1_reg_273                                                         |   1|   0|    1|          0|
    |trunc_ln52_reg_266                                                           |   1|   0|    1|          0|
    +-----------------------------------------------------------------------------+----+----+-----+-----------+
    |Total                                                                        | 240|   0|  247|          7|
    +-----------------------------------------------------------------------------+----+----+-----+-----------+



================================================================
== Interface
================================================================
* Summary: 
+-----------------------------+-----+-----+------------+--------------+--------------+
|          RTL Ports          | Dir | Bits|  Protocol  | Source Object|    C Type    |
+-----------------------------+-----+-----+------------+--------------+--------------+
|ap_clk                       |   in|    1|  ap_ctrl_hs|       compute|  return value|
|ap_rst                       |   in|    1|  ap_ctrl_hs|       compute|  return value|
|ap_start                     |   in|    1|  ap_ctrl_hs|       compute|  return value|
|ap_done                      |  out|    1|  ap_ctrl_hs|       compute|  return value|
|ap_continue                  |   in|    1|  ap_ctrl_hs|       compute|  return value|
|ap_idle                      |  out|    1|  ap_ctrl_hs|       compute|  return value|
|ap_ready                     |  out|    1|  ap_ctrl_hs|       compute|  return value|
|grid_initial_dout            |   in|   24|     ap_fifo|  grid_initial|       pointer|
|grid_initial_empty_n         |   in|    1|     ap_fifo|  grid_initial|       pointer|
|grid_initial_read            |  out|    1|     ap_fifo|  grid_initial|       pointer|
|grid_initial_num_data_valid  |   in|    3|     ap_fifo|  grid_initial|       pointer|
|grid_initial_fifo_cap        |   in|    3|     ap_fifo|  grid_initial|       pointer|
|grid_final_din               |  out|   24|     ap_fifo|    grid_final|       pointer|
|grid_final_full_n            |   in|    1|     ap_fifo|    grid_final|       pointer|
|grid_final_write             |  out|    1|     ap_fifo|    grid_final|       pointer|
|grid_final_num_data_valid    |   in|   32|     ap_fifo|    grid_final|       pointer|
|grid_final_fifo_cap          |   in|   32|     ap_fifo|    grid_final|       pointer|
+-----------------------------+-----+-----+------------+--------------+--------------+

============================================================
+ Verbose Summary: Synthesis Manager
============================================================
InlineROM: 1
ExposeGlobal: 0
============================================================
+ Verbose Summary: CDFG Model
============================================================
IsTopModel: 0
ResetActiveHigh: 1
IsCombinational: 2
IsDatapathOnly: 0
HasWiredReturn: 1
HasMFsm: 0
HasVarLatency: 1
IsPipeline: 0
IsRtlPipelined: 0
IsInstanceOverlapped: 0
IsDontTouch: 0
HasImplIP: 0
IsGatedGlobalClock: 0


============================================================
+ Verbose Summary: Schedule
============================================================
* Number of FSM states : 10
* Pipeline : 0
* Dataflow Pipeline: 0

* FSM state transitions: 
1 --> 2 
2 --> 3 
3 --> 4 
4 --> 5 10 
5 --> 6 
6 --> 7 
7 --> 8 
8 --> 9 
9 --> 4 
10 --> 

* FSM state operations: 

State 1 <SV = 0> <Delay = 1.35>
ST_1 : Operation 11 [1/1] (0.00ns)   --->   "%t = alloca i32 1" [top.cpp:41]   --->   Operation 11 'alloca' 't' <Predicate = true> <Delay = 0.00>
ST_1 : Operation 12 [1/1] (0.00ns)   --->   "%p_0_0_01534_lcssa_lcssa94 = alloca i32 1"   --->   Operation 12 'alloca' 'p_0_0_01534_lcssa_lcssa94' <Predicate = true> <Delay = 0.00>
ST_1 : Operation 13 [1/1] (0.00ns)   --->   "%p_0_0_01529_lcssa_lcssa95 = alloca i32 1"   --->   Operation 13 'alloca' 'p_0_0_01529_lcssa_lcssa95' <Predicate = true> <Delay = 0.00>
ST_1 : Operation 14 [1/1] (0.00ns)   --->   "%p_0_0_01534_1_lcssa_lcssa96 = alloca i32 1"   --->   Operation 14 'alloca' 'p_0_0_01534_1_lcssa_lcssa96' <Predicate = true> <Delay = 0.00>
ST_1 : Operation 15 [1/1] (0.00ns)   --->   "%p_0_0_01528_lcssa_lcssa97 = alloca i32 1"   --->   Operation 15 'alloca' 'p_0_0_01528_lcssa_lcssa97' <Predicate = true> <Delay = 0.00>
ST_1 : Operation 16 [1/1] (0.00ns)   --->   "%p_0_0_01534_2_lcssa_lcssa98 = alloca i32 1"   --->   Operation 16 'alloca' 'p_0_0_01534_2_lcssa_lcssa98' <Predicate = true> <Delay = 0.00>
ST_1 : Operation 17 [1/1] (0.00ns)   --->   "%p_0_0_01527_lcssa_lcssa99 = alloca i32 1"   --->   Operation 17 'alloca' 'p_0_0_01527_lcssa_lcssa99' <Predicate = true> <Delay = 0.00>
ST_1 : Operation 18 [1/1] (1.35ns)   --->   "%buffer = alloca i64 1" [top.cpp:19]   --->   Operation 18 'alloca' 'buffer' <Predicate = true> <Delay = 1.35>
ST_1 : Operation 19 [1/1] (1.35ns)   --->   "%buffer_1 = alloca i64 1" [top.cpp:19]   --->   Operation 19 'alloca' 'buffer_1' <Predicate = true> <Delay = 1.35>
ST_1 : Operation 20 [1/1] (1.35ns)   --->   "%buffer_2 = alloca i64 1" [top.cpp:19]   --->   Operation 20 'alloca' 'buffer_2' <Predicate = true> <Delay = 1.35>
ST_1 : Operation 21 [1/1] (1.35ns)   --->   "%buffer_3 = alloca i64 1" [top.cpp:19]   --->   Operation 21 'alloca' 'buffer_3' <Predicate = true> <Delay = 1.35>
ST_1 : Operation 22 [2/2] (0.00ns)   --->   "%call_ln0 = call void @compute_Pipeline_VITIS_LOOP_33_1_VITIS_LOOP_34_2, i24 %buffer, i24 %buffer_1, i24 %buffer_2, i24 %buffer_3, i24 %grid_initial"   --->   Operation 22 'call' 'call_ln0' <Predicate = true> <Delay = 0.00> <CoreType = "Generic">   --->   Generic Core
ST_1 : Operation 23 [1/1] (0.48ns)   --->   "%store_ln41 = store i5 0, i5 %t" [top.cpp:41]   --->   Operation 23 'store' 'store_ln41' <Predicate = true> <Delay = 0.48>

State 2 <SV = 1> <Delay = 2.00>
ST_2 : Operation 24 [1/2] (2.00ns)   --->   "%call_ln0 = call void @compute_Pipeline_VITIS_LOOP_33_1_VITIS_LOOP_34_2, i24 %buffer, i24 %buffer_1, i24 %buffer_2, i24 %buffer_3, i24 %grid_initial"   --->   Operation 24 'call' 'call_ln0' <Predicate = true> <Delay = 2.00> <CoreType = "Generic">   --->   Generic Core

State 3 <SV = 2> <Delay = 0.00>
ST_3 : Operation 25 [1/1] (0.00ns)   --->   "%specinterface_ln0 = specinterface void @_ssdm_op_SpecInterface, i24 %grid_final, void @empty_18, i32 0, i32 0, void @empty_14, i32 0, i32 0, void @empty_14, void @empty_14, void @empty_14, i32 0, i32 0, i32 0, i32 0, void @empty_14, void @empty_14, i32 4294967295, i32 0, i32 0"   --->   Operation 25 'specinterface' 'specinterface_ln0' <Predicate = true> <Delay = 0.00>
ST_3 : Operation 26 [1/1] (0.00ns)   --->   "%specinterface_ln0 = specinterface void @_ssdm_op_SpecInterface, i24 %grid_initial, void @empty_18, i32 0, i32 0, void @empty_14, i32 0, i32 0, void @empty_14, void @empty_14, void @empty_14, i32 0, i32 0, i32 0, i32 0, void @empty_14, void @empty_14, i32 4294967295, i32 0, i32 0"   --->   Operation 26 'specinterface' 'specinterface_ln0' <Predicate = true> <Delay = 0.00>
ST_3 : Operation 27 [1/1] (0.00ns)   --->   "%fence_ln41 = fence void @_ssdm_op_Fence, i24 %grid_initial, i32 4294967295, i24 %grid_final, i32 0" [top.cpp:41]   --->   Operation 27 'fence' 'fence_ln41' <Predicate = true> <Delay = 0.00>
ST_3 : Operation 28 [1/1] (0.00ns)   --->   "%br_ln41 = br void %VITIS_LOOP_50_4" [top.cpp:41]   --->   Operation 28 'br' 'br_ln41' <Predicate = true> <Delay = 0.00>

State 4 <SV = 3> <Delay = 2.22>
ST_4 : Operation 29 [1/1] (0.00ns)   --->   "%t_1 = load i5 %t" [top.cpp:47]   --->   Operation 29 'load' 't_1' <Predicate = true> <Delay = 0.00>
ST_4 : Operation 30 [1/1] (0.87ns)   --->   "%icmp_ln41 = icmp_eq  i5 %t_1, i5 30" [top.cpp:41]   --->   Operation 30 'icmp' 'icmp_ln41' <Predicate = true> <Delay = 0.87> <CoreInst = "Cmp">   --->   Core 9 'Cmp' <Latency = 0> <II = 1> <Delay = 0.87> <FuncUnit> <Opcode : 'seteq' 'setne' 'setle' 'setge' 'setlt' 'setgt'> <InPorts = 2> <OutPorts = 1>
ST_4 : Operation 31 [1/1] (0.87ns)   --->   "%t_2 = add i5 %t_1, i5 1" [top.cpp:47]   --->   Operation 31 'add' 't_2' <Predicate = true> <Delay = 0.87> <CoreInst = "Adder">   --->   Core 1 'Adder' <Latency = 0> <II = 1> <Delay = 0.87> <FuncUnit> <Opcode : 'add' 'sub'> <InPorts = 2> <OutPorts = 1>
ST_4 : Operation 32 [1/1] (0.00ns)   --->   "%br_ln41 = br i1 %icmp_ln41, void %VITIS_LOOP_50_4.split, void %for.inc211.preheader" [top.cpp:41]   --->   Operation 32 'br' 'br_ln41' <Predicate = true> <Delay = 0.00>
ST_4 : Operation 33 [1/1] (0.00ns)   --->   "%trunc_ln52 = trunc i5 %t_1" [top.cpp:52]   --->   Operation 33 'trunc' 'trunc_ln52' <Predicate = (!icmp_ln41)> <Delay = 0.00>
ST_4 : Operation 34 [1/1] (0.00ns)   --->   "%trunc_ln52_1 = trunc i5 %t_2" [top.cpp:52]   --->   Operation 34 'trunc' 'trunc_ln52_1' <Predicate = (!icmp_ln41)> <Delay = 0.00>
ST_4 : Operation 35 [2/2] (1.35ns)   --->   "%call_ln52 = call void @compute_Pipeline_VITIS_LOOP_50_4, i1 %trunc_ln52, i24 %buffer, i1 %trunc_ln52_1, i24 %buffer_1, i24 %buffer_2, i24 %buffer_3" [top.cpp:52]   --->   Operation 35 'call' 'call_ln52' <Predicate = (!icmp_ln41)> <Delay = 1.35> <CoreType = "Generic">   --->   Generic Core
ST_4 : Operation 36 [1/1] (0.48ns)   --->   "%store_ln41 = store i5 %t_2, i5 %t" [top.cpp:41]   --->   Operation 36 'store' 'store_ln41' <Predicate = (!icmp_ln41)> <Delay = 0.48>
ST_4 : Operation 37 [1/1] (0.00ns)   --->   "%fence_ln130 = fence void @_ssdm_op_Fence, i24 %grid_initial, i32 4294967295, i24 %grid_final, i32 0" [top.cpp:130]   --->   Operation 37 'fence' 'fence_ln130' <Predicate = (icmp_ln41)> <Delay = 0.00>
ST_4 : Operation 38 [2/2] (0.00ns)   --->   "%call_ln0 = call void @compute_Pipeline_VITIS_LOOP_130_9_VITIS_LOOP_131_10, i24 %buffer, i24 %buffer_1, i24 %buffer_2, i24 %buffer_3, i24 %grid_final"   --->   Operation 38 'call' 'call_ln0' <Predicate = (icmp_ln41)> <Delay = 0.00> <CoreType = "Generic">   --->   Generic Core

State 5 <SV = 4> <Delay = 1.89>
ST_5 : Operation 39 [1/2] (1.89ns)   --->   "%call_ln52 = call void @compute_Pipeline_VITIS_LOOP_50_4, i1 %trunc_ln52, i24 %buffer, i1 %trunc_ln52_1, i24 %buffer_1, i24 %buffer_2, i24 %buffer_3" [top.cpp:52]   --->   Operation 39 'call' 'call_ln52' <Predicate = true> <Delay = 1.89> <CoreType = "Generic">   --->   Generic Core

State 6 <SV = 5> <Delay = 1.35>
ST_6 : Operation 40 [2/2] (1.35ns)   --->   "%call_ln52 = call void @compute_Pipeline_VITIS_LOOP_55_5, i1 %trunc_ln52, i24 %buffer, i1 %trunc_ln52_1, i24 %buffer_1, i24 %buffer_2, i24 %buffer_3" [top.cpp:52]   --->   Operation 40 'call' 'call_ln52' <Predicate = true> <Delay = 1.35> <CoreType = "Generic">   --->   Generic Core

State 7 <SV = 6> <Delay = 1.89>
ST_7 : Operation 41 [1/1] (0.00ns)   --->   "%p_0_0_01529_lcssa_lcssa95_load = load i24 %p_0_0_01529_lcssa_lcssa95"   --->   Operation 41 'load' 'p_0_0_01529_lcssa_lcssa95_load' <Predicate = true> <Delay = 0.00>
ST_7 : Operation 42 [1/1] (0.00ns)   --->   "%p_0_0_01528_lcssa_lcssa97_load = load i24 %p_0_0_01528_lcssa_lcssa97"   --->   Operation 42 'load' 'p_0_0_01528_lcssa_lcssa97_load' <Predicate = true> <Delay = 0.00>
ST_7 : Operation 43 [1/1] (0.00ns)   --->   "%p_0_0_01527_lcssa_lcssa99_load = load i24 %p_0_0_01527_lcssa_lcssa99"   --->   Operation 43 'load' 'p_0_0_01527_lcssa_lcssa99_load' <Predicate = true> <Delay = 0.00>
ST_7 : Operation 44 [1/2] (1.89ns)   --->   "%call_ln52 = call void @compute_Pipeline_VITIS_LOOP_55_5, i1 %trunc_ln52, i24 %buffer, i1 %trunc_ln52_1, i24 %buffer_1, i24 %buffer_2, i24 %buffer_3" [top.cpp:52]   --->   Operation 44 'call' 'call_ln52' <Predicate = true> <Delay = 1.89> <CoreType = "Generic">   --->   Generic Core

State 8 <SV = 7> <Delay = 0.48>
ST_8 : Operation 45 [1/1] (0.00ns)   --->   "%tmp_25 = bitconcatenate i8 @_ssdm_op_BitConcatenate.i8.i1.i7, i1 %trunc_ln52_1, i7 0" [top.cpp:52]   --->   Operation 45 'bitconcatenate' 'tmp_25' <Predicate = true> <Delay = 0.00>
ST_8 : Operation 46 [2/2] (0.48ns)   --->   "%call_ln52 = call void @compute_Pipeline_VITIS_LOOP_62_6_VITIS_LOOP_63_7, i24 %p_0_0_01527_lcssa_lcssa99_load, i24 %p_0_0_01528_lcssa_lcssa97_load, i24 %p_0_0_01529_lcssa_lcssa95_load, i1 0, i8 %tmp_25, i1 %trunc_ln52, i24 %buffer, i24 %buffer_1, i24 %buffer_2, i24 %buffer_3, i24 %p_0_0_01527_lcssa_lcssa99, i24 %p_0_0_01534_2_lcssa_lcssa98, i24 %p_0_0_01528_lcssa_lcssa97, i24 %p_0_0_01534_1_lcssa_lcssa96, i24 %p_0_0_01529_lcssa_lcssa95, i24 %p_0_0_01534_lcssa_lcssa94" [top.cpp:52]   --->   Operation 46 'call' 'call_ln52' <Predicate = true> <Delay = 0.48> <CoreType = "Generic">   --->   Generic Core

State 9 <SV = 8> <Delay = 0.00>
ST_9 : Operation 47 [1/1] (0.00ns)   --->   "%speclooptripcount_ln41 = speclooptripcount void @_ssdm_op_SpecLoopTripCount, i64 30, i64 30, i64 30" [top.cpp:41]   --->   Operation 47 'speclooptripcount' 'speclooptripcount_ln41' <Predicate = true> <Delay = 0.00>
ST_9 : Operation 48 [1/1] (0.00ns)   --->   "%specloopname_ln41 = specloopname void @_ssdm_op_SpecLoopName, void @empty" [top.cpp:41]   --->   Operation 48 'specloopname' 'specloopname_ln41' <Predicate = true> <Delay = 0.00>
ST_9 : Operation 49 [1/2] (0.00ns)   --->   "%call_ln52 = call void @compute_Pipeline_VITIS_LOOP_62_6_VITIS_LOOP_63_7, i24 %p_0_0_01527_lcssa_lcssa99_load, i24 %p_0_0_01528_lcssa_lcssa97_load, i24 %p_0_0_01529_lcssa_lcssa95_load, i1 0, i8 %tmp_25, i1 %trunc_ln52, i24 %buffer, i24 %buffer_1, i24 %buffer_2, i24 %buffer_3, i24 %p_0_0_01527_lcssa_lcssa99, i24 %p_0_0_01534_2_lcssa_lcssa98, i24 %p_0_0_01528_lcssa_lcssa97, i24 %p_0_0_01534_1_lcssa_lcssa96, i24 %p_0_0_01529_lcssa_lcssa95, i24 %p_0_0_01534_lcssa_lcssa94" [top.cpp:52]   --->   Operation 49 'call' 'call_ln52' <Predicate = true> <Delay = 0.00> <CoreType = "Generic">   --->   Generic Core
ST_9 : Operation 50 [1/1] (0.00ns)   --->   "%br_ln41 = br void %VITIS_LOOP_50_4" [top.cpp:41]   --->   Operation 50 'br' 'br_ln41' <Predicate = true> <Delay = 0.00>

State 10 <SV = 4> <Delay = 1.51>
ST_10 : Operation 51 [1/2] (1.51ns)   --->   "%call_ln0 = call void @compute_Pipeline_VITIS_LOOP_130_9_VITIS_LOOP_131_10, i24 %buffer, i24 %buffer_1, i24 %buffer_2, i24 %buffer_3, i24 %grid_final"   --->   Operation 51 'call' 'call_ln0' <Predicate = true> <Delay = 1.51> <CoreType = "Generic">   --->   Generic Core
ST_10 : Operation 52 [1/1] (0.00ns)   --->   "%ret_ln136 = ret" [top.cpp:136]   --->   Operation 52 'ret' 'ret_ln136' <Predicate = true> <Delay = 0.00>


============================================================
+ Verbose Summary: Binding
============================================================
STG Binding: 
---------------- STG Properties BEGIN ----------------
- Is combinational: 0
- Is one-state seq: 0
- Is datapath-only: 0
- Is pipelined: 0
- Is top level: 0
Port [ Return ] is wired: 1; IO mode=ap_ctrl_hs:ce=0
Port [ grid_initial]:  wired=1; compound=1; hidden=0; nouse=0; global=0; static=0; extern=0; dir=0; type=3; pingpong=0; private_global=0; IO mode=ap_fifo:ce=0
Port [ grid_final]:  wired=1; compound=1; hidden=0; nouse=0; global=0; static=0; extern=0; dir=1; type=3; pingpong=0; private_global=0; IO mode=ap_fifo:ce=0
---------------- STG Properties END ------------------

---------------- Datapath Model BEGIN ----------------

<LifeTime>
<method=bitvector/>
t                              (alloca           ) [ 01111111110]
p_0_0_01534_lcssa_lcssa94      (alloca           ) [ 00111111110]
p_0_0_01529_lcssa_lcssa95      (alloca           ) [ 00111111110]
p_0_0_01534_1_lcssa_lcssa96    (alloca           ) [ 00111111110]
p_0_0_01528_lcssa_lcssa97      (alloca           ) [ 00111111110]
p_0_0_01534_2_lcssa_lcssa98    (alloca           ) [ 00111111110]
p_0_0_01527_lcssa_lcssa99      (alloca           ) [ 00111111110]
buffer                         (alloca           ) [ 00111111111]
buffer_1                       (alloca           ) [ 00111111111]
buffer_2                       (alloca           ) [ 00111111111]
buffer_3                       (alloca           ) [ 00111111111]
store_ln41                     (store            ) [ 00000000000]
call_ln0                       (call             ) [ 00000000000]
specinterface_ln0              (specinterface    ) [ 00000000000]
specinterface_ln0              (specinterface    ) [ 00000000000]
fence_ln41                     (fence            ) [ 00000000000]
br_ln41                        (br               ) [ 00000000000]
t_1                            (load             ) [ 00000000000]
icmp_ln41                      (icmp             ) [ 00001111110]
t_2                            (add              ) [ 00000000000]
br_ln41                        (br               ) [ 00000000000]
trunc_ln52                     (trunc            ) [ 00000111110]
trunc_ln52_1                   (trunc            ) [ 00000111100]
store_ln41                     (store            ) [ 00000000000]
fence_ln130                    (fence            ) [ 00000000000]
call_ln52                      (call             ) [ 00000000000]
p_0_0_01529_lcssa_lcssa95_load (load             ) [ 00000000110]
p_0_0_01528_lcssa_lcssa97_load (load             ) [ 00000000110]
p_0_0_01527_lcssa_lcssa99_load (load             ) [ 00000000110]
call_ln52                      (call             ) [ 00000000000]
tmp_25                         (bitconcatenate   ) [ 00000000010]
speclooptripcount_ln41         (speclooptripcount) [ 00000000000]
specloopname_ln41              (specloopname     ) [ 00000000000]
call_ln52                      (call             ) [ 00000000000]
br_ln41                        (br               ) [ 00000000000]
call_ln0                       (call             ) [ 00000000000]
ret_ln136                      (ret              ) [ 00000000000]
</LifeTime>

<model>

<comp_list>
<comp id="0" class="1000" name="grid_initial">
<pin_list>
<pin id="1" dir="1" index="0" bw="1" slack="0"/>
</pin_list>
<bind>
<StgValue><ssdm name="grid_initial"/></StgValue>
</bind>
</comp>

<comp id="2" class="1000" name="grid_final">
<pin_list>
<pin id="3" dir="1" index="0" bw="1" slack="0"/>
</pin_list>
<bind>
<StgValue><ssdm name="grid_final"/></StgValue>
</bind>
</comp>

<comp id="4" class="1001" name="const_4">
<pin_list>
<pin id="5" dir="1" index="0" bw="1" slack="0"/>
</pin_list>
<bind>
<StgValue><ssdm name=""/></StgValue>
</bind>
</comp>

<comp id="6" class="1001" name="const_6">
<pin_list>
<pin id="7" dir="1" index="0" bw="1" slack="0"/>
</pin_list>
<bind>
<StgValue><ssdm name=""/></StgValue>
</bind>
</comp>

<comp id="8" class="1001" name="const_8">
<pin_list>
<pin id="9" dir="1" index="0" bw="1" slack="0"/>
</pin_list>
<bind>
<StgValue><ssdm name="compute_Pipeline_VITIS_LOOP_33_1_VITIS_LOOP_34_2"/></StgValue>
</bind>
</comp>

<comp id="10" class="1001" name="const_10">
<pin_list>
<pin id="11" dir="1" index="0" bw="1" slack="0"/>
</pin_list>
<bind>
<StgValue><ssdm name=""/></StgValue>
</bind>
</comp>

<comp id="12" class="1001" name="const_12">
<pin_list>
<pin id="13" dir="1" index="0" bw="1" slack="2147483647"/>
</pin_list>
<bind>
<StgValue><ssdm name="_ssdm_op_SpecInterface"/></StgValue>
</bind>
</comp>

<comp id="14" class="1001" name="const_14">
<pin_list>
<pin id="15" dir="1" index="0" bw="1" slack="2147483647"/>
</pin_list>
<bind>
<StgValue><ssdm name="empty_18"/></StgValue>
</bind>
</comp>

<comp id="16" class="1001" name="const_16">
<pin_list>
<pin id="17" dir="1" index="0" bw="1" slack="0"/>
</pin_list>
<bind>
<StgValue><ssdm name=""/></StgValue>
</bind>
</comp>

<comp id="18" class="1001" name="const_18">
<pin_list>
<pin id="19" dir="1" index="0" bw="1" slack="2147483647"/>
</pin_list>
<bind>
<StgValue><ssdm name="empty_14"/></StgValue>
</bind>
</comp>

<comp id="20" class="1001" name="const_20">
<pin_list>
<pin id="21" dir="1" index="0" bw="1" slack="0"/>
</pin_list>
<bind>
<StgValue><ssdm name=""/></StgValue>
</bind>
</comp>

<comp id="22" class="1001" name="const_22">
<pin_list>
<pin id="23" dir="1" index="0" bw="1" slack="0"/>
</pin_list>
<bind>
<StgValue><ssdm name="_ssdm_op_Fence"/></StgValue>
</bind>
</comp>

<comp id="24" class="1001" name="const_24">
<pin_list>
<pin id="25" dir="1" index="0" bw="1" slack="0"/>
</pin_list>
<bind>
<StgValue><ssdm name=""/></StgValue>
</bind>
</comp>

<comp id="26" class="1001" name="const_26">
<pin_list>
<pin id="27" dir="1" index="0" bw="1" slack="0"/>
</pin_list>
<bind>
<StgValue><ssdm name=""/></StgValue>
</bind>
</comp>

<comp id="28" class="1001" name="const_28">
<pin_list>
<pin id="29" dir="1" index="0" bw="1" slack="0"/>
</pin_list>
<bind>
<StgValue><ssdm name="compute_Pipeline_VITIS_LOOP_50_4"/></StgValue>
</bind>
</comp>

<comp id="30" class="1001" name="const_30">
<pin_list>
<pin id="31" dir="1" index="0" bw="1" slack="0"/>
</pin_list>
<bind>
<StgValue><ssdm name="compute_Pipeline_VITIS_LOOP_130_9_VITIS_LOOP_131_10"/></StgValue>
</bind>
</comp>

<comp id="32" class="1001" name="const_32">
<pin_list>
<pin id="33" dir="1" index="0" bw="1" slack="0"/>
</pin_list>
<bind>
<StgValue><ssdm name="compute_Pipeline_VITIS_LOOP_55_5"/></StgValue>
</bind>
</comp>

<comp id="34" class="1001" name="const_34">
<pin_list>
<pin id="35" dir="1" index="0" bw="1" slack="0"/>
</pin_list>
<bind>
<StgValue><ssdm name="_ssdm_op_BitConcatenate.i8.i1.i7"/></StgValue>
</bind>
</comp>

<comp id="36" class="1001" name="const_36">
<pin_list>
<pin id="37" dir="1" index="0" bw="1" slack="0"/>
</pin_list>
<bind>
<StgValue><ssdm name=""/></StgValue>
</bind>
</comp>

<comp id="38" class="1001" name="const_38">
<pin_list>
<pin id="39" dir="1" index="0" bw="1" slack="0"/>
</pin_list>
<bind>
<StgValue><ssdm name="compute_Pipeline_VITIS_LOOP_62_6_VITIS_LOOP_63_7"/></StgValue>
</bind>
</comp>

<comp id="40" class="1001" name="const_40">
<pin_list>
<pin id="41" dir="1" index="0" bw="1" slack="0"/>
</pin_list>
<bind>
<StgValue><ssdm name=""/></StgValue>
</bind>
</comp>

<comp id="42" class="1001" name="const_42">
<pin_list>
<pin id="43" dir="1" index="0" bw="1" slack="2147483647"/>
</pin_list>
<bind>
<StgValue><ssdm name="_ssdm_op_SpecLoopTripCount"/></StgValue>
</bind>
</comp>

<comp id="44" class="1001" name="const_44">
<pin_list>
<pin id="45" dir="1" index="0" bw="1" slack="2147483647"/>
</pin_list>
<bind>
<StgValue><ssdm name=""/></StgValue>
</bind>
</comp>

<comp id="46" class="1001" name="const_46">
<pin_list>
<pin id="47" dir="1" index="0" bw="1" slack="2147483647"/>
</pin_list>
<bind>
<StgValue><ssdm name="_ssdm_op_SpecLoopName"/></StgValue>
</bind>
</comp>

<comp id="48" class="1001" name="const_48">
<pin_list>
<pin id="49" dir="1" index="0" bw="1" slack="2147483647"/>
</pin_list>
<bind>
<StgValue><ssdm name="empty"/></StgValue>
</bind>
</comp>

<comp id="50" class="1004" name="t_fu_50">
<pin_list>
<pin id="51" dir="0" index="0" bw="1" slack="0"/>
<pin id="52" dir="1" index="1" bw="5" slack="0"/>
</pin_list>
<bind>
<opcode="alloca(26) " fcode="alloca"/>
<opset="t/1 "/>
</bind>
</comp>

<comp id="54" class="1004" name="p_0_0_01534_lcssa_lcssa94_fu_54">
<pin_list>
<pin id="55" dir="0" index="0" bw="1" slack="0"/>
<pin id="56" dir="1" index="1" bw="24" slack="7"/>
</pin_list>
<bind>
<opcode="alloca(26) " fcode="alloca"/>
<opset="p_0_0_01534_lcssa_lcssa94/1 "/>
</bind>
</comp>

<comp id="58" class="1004" name="p_0_0_01529_lcssa_lcssa95_fu_58">
<pin_list>
<pin id="59" dir="0" index="0" bw="1" slack="0"/>
<pin id="60" dir="1" index="1" bw="24" slack="6"/>
</pin_list>
<bind>
<opcode="alloca(26) " fcode="alloca"/>
<opset="p_0_0_01529_lcssa_lcssa95/1 "/>
</bind>
</comp>

<comp id="62" class="1004" name="p_0_0_01534_1_lcssa_lcssa96_fu_62">
<pin_list>
<pin id="63" dir="0" index="0" bw="1" slack="0"/>
<pin id="64" dir="1" index="1" bw="24" slack="7"/>
</pin_list>
<bind>
<opcode="alloca(26) " fcode="alloca"/>
<opset="p_0_0_01534_1_lcssa_lcssa96/1 "/>
</bind>
</comp>

<comp id="66" class="1004" name="p_0_0_01528_lcssa_lcssa97_fu_66">
<pin_list>
<pin id="67" dir="0" index="0" bw="1" slack="0"/>
<pin id="68" dir="1" index="1" bw="24" slack="6"/>
</pin_list>
<bind>
<opcode="alloca(26) " fcode="alloca"/>
<opset="p_0_0_01528_lcssa_lcssa97/1 "/>
</bind>
</comp>

<comp id="70" class="1004" name="p_0_0_01534_2_lcssa_lcssa98_fu_70">
<pin_list>
<pin id="71" dir="0" index="0" bw="1" slack="0"/>
<pin id="72" dir="1" index="1" bw="24" slack="7"/>
</pin_list>
<bind>
<opcode="alloca(26) " fcode="alloca"/>
<opset="p_0_0_01534_2_lcssa_lcssa98/1 "/>
</bind>
</comp>

<comp id="74" class="1004" name="p_0_0_01527_lcssa_lcssa99_fu_74">
<pin_list>
<pin id="75" dir="0" index="0" bw="1" slack="0"/>
<pin id="76" dir="1" index="1" bw="24" slack="6"/>
</pin_list>
<bind>
<opcode="alloca(26) " fcode="alloca"/>
<opset="p_0_0_01527_lcssa_lcssa99/1 "/>
</bind>
</comp>

<comp id="78" class="1004" name="buffer_alloca_fu_78">
<pin_list>
<pin id="79" dir="0" index="0" bw="1" slack="0"/>
<pin id="80" dir="1" index="1" bw="24" slack="0"/>
</pin_list>
<bind>
<opcode="alloca(26) " fcode="alloca"/>
<opset="buffer/1 "/>
</bind>
</comp>

<comp id="82" class="1004" name="buffer_1_alloca_fu_82">
<pin_list>
<pin id="83" dir="0" index="0" bw="1" slack="0"/>
<pin id="84" dir="1" index="1" bw="24" slack="0"/>
</pin_list>
<bind>
<opcode="alloca(26) " fcode="alloca"/>
<opset="buffer_1/1 "/>
</bind>
</comp>

<comp id="86" class="1004" name="buffer_2_alloca_fu_86">
<pin_list>
<pin id="87" dir="0" index="0" bw="1" slack="0"/>
<pin id="88" dir="1" index="1" bw="24" slack="0"/>
</pin_list>
<bind>
<opcode="alloca(26) " fcode="alloca"/>
<opset="buffer_2/1 "/>
</bind>
</comp>

<comp id="90" class="1004" name="buffer_3_alloca_fu_90">
<pin_list>
<pin id="91" dir="0" index="0" bw="1" slack="0"/>
<pin id="92" dir="1" index="1" bw="24" slack="0"/>
</pin_list>
<bind>
<opcode="alloca(26) " fcode="alloca"/>
<opset="buffer_3/1 "/>
</bind>
</comp>

<comp id="94" class="1004" name="grp_compute_Pipeline_VITIS_LOOP_33_1_VITIS_LOOP_34_2_fu_94">
<pin_list>
<pin id="95" dir="0" index="0" bw="0" slack="0"/>
<pin id="96" dir="0" index="1" bw="24" slack="0"/>
<pin id="97" dir="0" index="2" bw="24" slack="0"/>
<pin id="98" dir="0" index="3" bw="24" slack="0"/>
<pin id="99" dir="0" index="4" bw="24" slack="0"/>
<pin id="100" dir="0" index="5" bw="24" slack="0"/>
<pin id="101" dir="1" index="6" bw="0" slack="2147483647"/>
</pin_list>
<bind>
<opcode="call(48) " fcode="call"/>
<opset="call_ln0/1 "/>
</bind>
</comp>

<comp id="108" class="1004" name="grp_compute_Pipeline_VITIS_LOOP_50_4_fu_108">
<pin_list>
<pin id="109" dir="0" index="0" bw="0" slack="0"/>
<pin id="110" dir="0" index="1" bw="1" slack="0"/>
<pin id="111" dir="0" index="2" bw="24" slack="2147483647"/>
<pin id="112" dir="0" index="3" bw="1" slack="0"/>
<pin id="113" dir="0" index="4" bw="24" slack="2147483647"/>
<pin id="114" dir="0" index="5" bw="24" slack="2147483647"/>
<pin id="115" dir="0" index="6" bw="24" slack="2147483647"/>
<pin id="116" dir="1" index="7" bw="0" slack="2147483647"/>
</pin_list>
<bind>
<opcode="call(48) " fcode="call"/>
<opset="call_ln52/4 "/>
</bind>
</comp>

<comp id="118" class="1004" name="grp_compute_Pipeline_VITIS_LOOP_130_9_VITIS_LOOP_131_10_fu_118">
<pin_list>
<pin id="119" dir="0" index="0" bw="0" slack="0"/>
<pin id="120" dir="0" index="1" bw="24" slack="2147483647"/>
<pin id="121" dir="0" index="2" bw="24" slack="2147483647"/>
<pin id="122" dir="0" index="3" bw="24" slack="2147483647"/>
<pin id="123" dir="0" index="4" bw="24" slack="2147483647"/>
<pin id="124" dir="0" index="5" bw="24" slack="0"/>
<pin id="125" dir="1" index="6" bw="0" slack="2147483647"/>
</pin_list>
<bind>
<opcode="call(48) " fcode="call"/>
<opset="call_ln0/4 "/>
</bind>
</comp>

<comp id="128" class="1004" name="grp_compute_Pipeline_VITIS_LOOP_55_5_fu_128">
<pin_list>
<pin id="129" dir="0" index="0" bw="0" slack="0"/>
<pin id="130" dir="0" index="1" bw="1" slack="2"/>
<pin id="131" dir="0" index="2" bw="24" slack="2147483647"/>
<pin id="132" dir="0" index="3" bw="1" slack="2"/>
<pin id="133" dir="0" index="4" bw="24" slack="2147483647"/>
<pin id="134" dir="0" index="5" bw="24" slack="2147483647"/>
<pin id="135" dir="0" index="6" bw="24" slack="2147483647"/>
<pin id="136" dir="1" index="7" bw="0" slack="2147483647"/>
</pin_list>
<bind>
<opcode="call(48) " fcode="call"/>
<opset="call_ln52/6 "/>
</bind>
</comp>

<comp id="138" class="1004" name="grp_compute_Pipeline_VITIS_LOOP_62_6_VITIS_LOOP_63_7_fu_138">
<pin_list>
<pin id="139" dir="0" index="0" bw="0" slack="0"/>
<pin id="140" dir="0" index="1" bw="24" slack="2"/>
<pin id="141" dir="0" index="2" bw="24" slack="2"/>
<pin id="142" dir="0" index="3" bw="24" slack="2"/>
<pin id="143" dir="0" index="4" bw="1" slack="0"/>
<pin id="144" dir="0" index="5" bw="8" slack="0"/>
<pin id="145" dir="0" index="6" bw="1" slack="4"/>
<pin id="146" dir="0" index="7" bw="24" slack="2147483647"/>
<pin id="147" dir="0" index="8" bw="24" slack="2147483647"/>
<pin id="148" dir="0" index="9" bw="24" slack="2147483647"/>
<pin id="149" dir="0" index="10" bw="24" slack="2147483647"/>
<pin id="150" dir="0" index="11" bw="24" slack="7"/>
<pin id="151" dir="0" index="12" bw="24" slack="7"/>
<pin id="152" dir="0" index="13" bw="24" slack="7"/>
<pin id="153" dir="0" index="14" bw="24" slack="7"/>
<pin id="154" dir="0" index="15" bw="24" slack="7"/>
<pin id="155" dir="0" index="16" bw="24" slack="7"/>
<pin id="156" dir="1" index="17" bw="0" slack="2147483647"/>
</pin_list>
<bind>
<opcode="call(48) " fcode="call"/>
<opset="call_ln52/8 "/>
</bind>
</comp>

<comp id="159" class="1004" name="grp_fu_159">
<pin_list>
<pin id="160" dir="0" index="0" bw="0" slack="0"/>
<pin id="161" dir="0" index="1" bw="24" slack="0"/>
<pin id="162" dir="0" index="2" bw="1" slack="0"/>
<pin id="163" dir="0" index="3" bw="24" slack="0"/>
<pin id="164" dir="0" index="4" bw="1" slack="0"/>
<pin id="165" dir="1" index="5" bw="0" slack="2147483647"/>
</pin_list>
<bind>
<opcode="fence(30) " fcode="fence"/>
<opset="fence_ln41/3 fence_ln130/4 "/>
</bind>
</comp>

<comp id="171" class="1004" name="store_ln41_store_fu_171">
<pin_list>
<pin id="172" dir="0" index="0" bw="1" slack="0"/>
<pin id="173" dir="0" index="1" bw="5" slack="0"/>
<pin id="174" dir="1" index="2" bw="0" slack="2147483647"/>
</pin_list>
<bind>
<opcode="store(28) " fcode="store"/>
<opset="store_ln41/1 "/>
</bind>
</comp>

<comp id="176" class="1004" name="t_1_load_fu_176">
<pin_list>
<pin id="177" dir="0" index="0" bw="5" slack="3"/>
<pin id="178" dir="1" index="1" bw="5" slack="0"/>
</pin_list>
<bind>
<opcode="load(27) " fcode="load"/>
<opset="t_1/4 "/>
</bind>
</comp>

<comp id="179" class="1004" name="icmp_ln41_fu_179">
<pin_list>
<pin id="180" dir="0" index="0" bw="5" slack="0"/>
<pin id="181" dir="0" index="1" bw="5" slack="0"/>
<pin id="182" dir="1" index="2" bw="1" slack="2147483647"/>
</pin_list>
<bind>
<opcode="icmp(45) " fcode="icmp"/>
<opset="icmp_ln41/4 "/>
</bind>
</comp>

<comp id="185" class="1004" name="t_2_fu_185">
<pin_list>
<pin id="186" dir="0" index="0" bw="5" slack="0"/>
<pin id="187" dir="0" index="1" bw="1" slack="0"/>
<pin id="188" dir="1" index="2" bw="5" slack="0"/>
</pin_list>
<bind>
<opcode="add(8) " fcode="add"/>
<opset="t_2/4 "/>
</bind>
</comp>

<comp id="191" class="1004" name="trunc_ln52_fu_191">
<pin_list>
<pin id="192" dir="0" index="0" bw="5" slack="0"/>
<pin id="193" dir="1" index="1" bw="1" slack="0"/>
</pin_list>
<bind>
<opcode="trunc(33) " fcode="trunc"/>
<opset="trunc_ln52/4 "/>
</bind>
</comp>

<comp id="196" class="1004" name="trunc_ln52_1_fu_196">
<pin_list>
<pin id="197" dir="0" index="0" bw="5" slack="0"/>
<pin id="198" dir="1" index="1" bw="1" slack="0"/>
</pin_list>
<bind>
<opcode="trunc(33) " fcode="trunc"/>
<opset="trunc_ln52_1/4 "/>
</bind>
</comp>

<comp id="201" class="1004" name="store_ln41_store_fu_201">
<pin_list>
<pin id="202" dir="0" index="0" bw="5" slack="0"/>
<pin id="203" dir="0" index="1" bw="5" slack="3"/>
<pin id="204" dir="1" index="2" bw="0" slack="2147483647"/>
</pin_list>
<bind>
<opcode="store(28) " fcode="store"/>
<opset="store_ln41/4 "/>
</bind>
</comp>

<comp id="206" class="1004" name="p_0_0_01529_lcssa_lcssa95_load_load_fu_206">
<pin_list>
<pin id="207" dir="0" index="0" bw="24" slack="6"/>
<pin id="208" dir="1" index="1" bw="24" slack="2"/>
</pin_list>
<bind>
<opcode="load(27) " fcode="load"/>
<opset="p_0_0_01529_lcssa_lcssa95_load/7 "/>
</bind>
</comp>

<comp id="209" class="1004" name="p_0_0_01528_lcssa_lcssa97_load_load_fu_209">
<pin_list>
<pin id="210" dir="0" index="0" bw="24" slack="6"/>
<pin id="211" dir="1" index="1" bw="24" slack="2"/>
</pin_list>
<bind>
<opcode="load(27) " fcode="load"/>
<opset="p_0_0_01528_lcssa_lcssa97_load/7 "/>
</bind>
</comp>

<comp id="212" class="1004" name="p_0_0_01527_lcssa_lcssa99_load_load_fu_212">
<pin_list>
<pin id="213" dir="0" index="0" bw="24" slack="6"/>
<pin id="214" dir="1" index="1" bw="24" slack="2"/>
</pin_list>
<bind>
<opcode="load(27) " fcode="load"/>
<opset="p_0_0_01527_lcssa_lcssa99_load/7 "/>
</bind>
</comp>

<comp id="215" class="1004" name="tmp_25_fu_215">
<pin_list>
<pin id="216" dir="0" index="0" bw="8" slack="0"/>
<pin id="217" dir="0" index="1" bw="1" slack="4"/>
<pin id="218" dir="0" index="2" bw="1" slack="0"/>
<pin id="219" dir="1" index="3" bw="8" slack="0"/>
</pin_list>
<bind>
<opcode="bitconcatenate(1004) " fcode="bitconcatenate"/>
<opset="tmp_25/8 "/>
</bind>
</comp>

<comp id="223" class="1005" name="t_reg_223">
<pin_list>
<pin id="224" dir="0" index="0" bw="5" slack="0"/>
<pin id="225" dir="1" index="1" bw="5" slack="0"/>
</pin_list>
<bind>
<opset="t "/>
</bind>
</comp>

<comp id="230" class="1005" name="p_0_0_01534_lcssa_lcssa94_reg_230">
<pin_list>
<pin id="231" dir="0" index="0" bw="24" slack="7"/>
<pin id="232" dir="1" index="1" bw="24" slack="7"/>
</pin_list>
<bind>
<opset="p_0_0_01534_lcssa_lcssa94 "/>
</bind>
</comp>

<comp id="235" class="1005" name="p_0_0_01529_lcssa_lcssa95_reg_235">
<pin_list>
<pin id="236" dir="0" index="0" bw="24" slack="6"/>
<pin id="237" dir="1" index="1" bw="24" slack="6"/>
</pin_list>
<bind>
<opset="p_0_0_01529_lcssa_lcssa95 "/>
</bind>
</comp>

<comp id="241" class="1005" name="p_0_0_01534_1_lcssa_lcssa96_reg_241">
<pin_list>
<pin id="242" dir="0" index="0" bw="24" slack="7"/>
<pin id="243" dir="1" index="1" bw="24" slack="7"/>
</pin_list>
<bind>
<opset="p_0_0_01534_1_lcssa_lcssa96 "/>
</bind>
</comp>

<comp id="246" class="1005" name="p_0_0_01528_lcssa_lcssa97_reg_246">
<pin_list>
<pin id="247" dir="0" index="0" bw="24" slack="6"/>
<pin id="248" dir="1" index="1" bw="24" slack="6"/>
</pin_list>
<bind>
<opset="p_0_0_01528_lcssa_lcssa97 "/>
</bind>
</comp>

<comp id="252" class="1005" name="p_0_0_01534_2_lcssa_lcssa98_reg_252">
<pin_list>
<pin id="253" dir="0" index="0" bw="24" slack="7"/>
<pin id="254" dir="1" index="1" bw="24" slack="7"/>
</pin_list>
<bind>
<opset="p_0_0_01534_2_lcssa_lcssa98 "/>
</bind>
</comp>

<comp id="257" class="1005" name="p_0_0_01527_lcssa_lcssa99_reg_257">
<pin_list>
<pin id="258" dir="0" index="0" bw="24" slack="6"/>
<pin id="259" dir="1" index="1" bw="24" slack="6"/>
</pin_list>
<bind>
<opset="p_0_0_01527_lcssa_lcssa99 "/>
</bind>
</comp>

<comp id="266" class="1005" name="trunc_ln52_reg_266">
<pin_list>
<pin id="267" dir="0" index="0" bw="1" slack="1"/>
<pin id="268" dir="1" index="1" bw="1" slack="1"/>
</pin_list>
<bind>
<opset="trunc_ln52 "/>
</bind>
</comp>

<comp id="273" class="1005" name="trunc_ln52_1_reg_273">
<pin_list>
<pin id="274" dir="0" index="0" bw="1" slack="1"/>
<pin id="275" dir="1" index="1" bw="1" slack="1"/>
</pin_list>
<bind>
<opset="trunc_ln52_1 "/>
</bind>
</comp>

<comp id="280" class="1005" name="p_0_0_01529_lcssa_lcssa95_load_reg_280">
<pin_list>
<pin id="281" dir="0" index="0" bw="24" slack="2"/>
<pin id="282" dir="1" index="1" bw="24" slack="2"/>
</pin_list>
<bind>
<opset="p_0_0_01529_lcssa_lcssa95_load "/>
</bind>
</comp>

<comp id="285" class="1005" name="p_0_0_01528_lcssa_lcssa97_load_reg_285">
<pin_list>
<pin id="286" dir="0" index="0" bw="24" slack="2"/>
<pin id="287" dir="1" index="1" bw="24" slack="2"/>
</pin_list>
<bind>
<opset="p_0_0_01528_lcssa_lcssa97_load "/>
</bind>
</comp>

<comp id="290" class="1005" name="p_0_0_01527_lcssa_lcssa99_load_reg_290">
<pin_list>
<pin id="291" dir="0" index="0" bw="24" slack="2"/>
<pin id="292" dir="1" index="1" bw="24" slack="2"/>
</pin_list>
<bind>
<opset="p_0_0_01527_lcssa_lcssa99_load "/>
</bind>
</comp>

<comp id="295" class="1005" name="tmp_25_reg_295">
<pin_list>
<pin id="296" dir="0" index="0" bw="8" slack="1"/>
<pin id="297" dir="1" index="1" bw="8" slack="1"/>
</pin_list>
<bind>
<opset="tmp_25 "/>
</bind>
</comp>

</comp_list>

<net_list>
<net id="53"><net_src comp="4" pin="0"/><net_sink comp="50" pin=0"/></net>

<net id="57"><net_src comp="4" pin="0"/><net_sink comp="54" pin=0"/></net>

<net id="61"><net_src comp="4" pin="0"/><net_sink comp="58" pin=0"/></net>

<net id="65"><net_src comp="4" pin="0"/><net_sink comp="62" pin=0"/></net>

<net id="69"><net_src comp="4" pin="0"/><net_sink comp="66" pin=0"/></net>

<net id="73"><net_src comp="4" pin="0"/><net_sink comp="70" pin=0"/></net>

<net id="77"><net_src comp="4" pin="0"/><net_sink comp="74" pin=0"/></net>

<net id="81"><net_src comp="6" pin="0"/><net_sink comp="78" pin=0"/></net>

<net id="85"><net_src comp="6" pin="0"/><net_sink comp="82" pin=0"/></net>

<net id="89"><net_src comp="6" pin="0"/><net_sink comp="86" pin=0"/></net>

<net id="93"><net_src comp="6" pin="0"/><net_sink comp="90" pin=0"/></net>

<net id="102"><net_src comp="8" pin="0"/><net_sink comp="94" pin=0"/></net>

<net id="103"><net_src comp="78" pin="1"/><net_sink comp="94" pin=1"/></net>

<net id="104"><net_src comp="82" pin="1"/><net_sink comp="94" pin=2"/></net>

<net id="105"><net_src comp="86" pin="1"/><net_sink comp="94" pin=3"/></net>

<net id="106"><net_src comp="90" pin="1"/><net_sink comp="94" pin=4"/></net>

<net id="107"><net_src comp="0" pin="0"/><net_sink comp="94" pin=5"/></net>

<net id="117"><net_src comp="28" pin="0"/><net_sink comp="108" pin=0"/></net>

<net id="126"><net_src comp="30" pin="0"/><net_sink comp="118" pin=0"/></net>

<net id="127"><net_src comp="2" pin="0"/><net_sink comp="118" pin=5"/></net>

<net id="137"><net_src comp="32" pin="0"/><net_sink comp="128" pin=0"/></net>

<net id="157"><net_src comp="38" pin="0"/><net_sink comp="138" pin=0"/></net>

<net id="158"><net_src comp="40" pin="0"/><net_sink comp="138" pin=4"/></net>

<net id="166"><net_src comp="22" pin="0"/><net_sink comp="159" pin=0"/></net>

<net id="167"><net_src comp="0" pin="0"/><net_sink comp="159" pin=1"/></net>

<net id="168"><net_src comp="20" pin="0"/><net_sink comp="159" pin=2"/></net>

<net id="169"><net_src comp="2" pin="0"/><net_sink comp="159" pin=3"/></net>

<net id="170"><net_src comp="16" pin="0"/><net_sink comp="159" pin=4"/></net>

<net id="175"><net_src comp="10" pin="0"/><net_sink comp="171" pin=0"/></net>

<net id="183"><net_src comp="176" pin="1"/><net_sink comp="179" pin=0"/></net>

<net id="184"><net_src comp="24" pin="0"/><net_sink comp="179" pin=1"/></net>

<net id="189"><net_src comp="176" pin="1"/><net_sink comp="185" pin=0"/></net>

<net id="190"><net_src comp="26" pin="0"/><net_sink comp="185" pin=1"/></net>

<net id="194"><net_src comp="176" pin="1"/><net_sink comp="191" pin=0"/></net>

<net id="195"><net_src comp="191" pin="1"/><net_sink comp="108" pin=1"/></net>

<net id="199"><net_src comp="185" pin="2"/><net_sink comp="196" pin=0"/></net>

<net id="200"><net_src comp="196" pin="1"/><net_sink comp="108" pin=3"/></net>

<net id="205"><net_src comp="185" pin="2"/><net_sink comp="201" pin=0"/></net>

<net id="220"><net_src comp="34" pin="0"/><net_sink comp="215" pin=0"/></net>

<net id="221"><net_src comp="36" pin="0"/><net_sink comp="215" pin=2"/></net>

<net id="222"><net_src comp="215" pin="3"/><net_sink comp="138" pin=5"/></net>

<net id="226"><net_src comp="50" pin="1"/><net_sink comp="223" pin=0"/></net>

<net id="227"><net_src comp="223" pin="1"/><net_sink comp="171" pin=1"/></net>

<net id="228"><net_src comp="223" pin="1"/><net_sink comp="176" pin=0"/></net>

<net id="229"><net_src comp="223" pin="1"/><net_sink comp="201" pin=1"/></net>

<net id="233"><net_src comp="54" pin="1"/><net_sink comp="230" pin=0"/></net>

<net id="234"><net_src comp="230" pin="1"/><net_sink comp="138" pin=16"/></net>

<net id="238"><net_src comp="58" pin="1"/><net_sink comp="235" pin=0"/></net>

<net id="239"><net_src comp="235" pin="1"/><net_sink comp="206" pin=0"/></net>

<net id="240"><net_src comp="235" pin="1"/><net_sink comp="138" pin=15"/></net>

<net id="244"><net_src comp="62" pin="1"/><net_sink comp="241" pin=0"/></net>

<net id="245"><net_src comp="241" pin="1"/><net_sink comp="138" pin=14"/></net>

<net id="249"><net_src comp="66" pin="1"/><net_sink comp="246" pin=0"/></net>

<net id="250"><net_src comp="246" pin="1"/><net_sink comp="209" pin=0"/></net>

<net id="251"><net_src comp="246" pin="1"/><net_sink comp="138" pin=13"/></net>

<net id="255"><net_src comp="70" pin="1"/><net_sink comp="252" pin=0"/></net>

<net id="256"><net_src comp="252" pin="1"/><net_sink comp="138" pin=12"/></net>

<net id="260"><net_src comp="74" pin="1"/><net_sink comp="257" pin=0"/></net>

<net id="261"><net_src comp="257" pin="1"/><net_sink comp="212" pin=0"/></net>

<net id="262"><net_src comp="257" pin="1"/><net_sink comp="138" pin=11"/></net>

<net id="269"><net_src comp="191" pin="1"/><net_sink comp="266" pin=0"/></net>

<net id="270"><net_src comp="266" pin="1"/><net_sink comp="108" pin=1"/></net>

<net id="271"><net_src comp="266" pin="1"/><net_sink comp="128" pin=1"/></net>

<net id="272"><net_src comp="266" pin="1"/><net_sink comp="138" pin=6"/></net>

<net id="276"><net_src comp="196" pin="1"/><net_sink comp="273" pin=0"/></net>

<net id="277"><net_src comp="273" pin="1"/><net_sink comp="108" pin=3"/></net>

<net id="278"><net_src comp="273" pin="1"/><net_sink comp="128" pin=3"/></net>

<net id="279"><net_src comp="273" pin="1"/><net_sink comp="215" pin=1"/></net>

<net id="283"><net_src comp="206" pin="1"/><net_sink comp="280" pin=0"/></net>

<net id="284"><net_src comp="280" pin="1"/><net_sink comp="138" pin=3"/></net>

<net id="288"><net_src comp="209" pin="1"/><net_sink comp="285" pin=0"/></net>

<net id="289"><net_src comp="285" pin="1"/><net_sink comp="138" pin=2"/></net>

<net id="293"><net_src comp="212" pin="1"/><net_sink comp="290" pin=0"/></net>

<net id="294"><net_src comp="290" pin="1"/><net_sink comp="138" pin=1"/></net>

<net id="298"><net_src comp="215" pin="3"/><net_sink comp="295" pin=0"/></net>

<net id="299"><net_src comp="295" pin="1"/><net_sink comp="138" pin=5"/></net>

</net_list>

</model> 
---------------- Datapath Model END ------------------

* FSMD analyzer results:
  - Output states:
	Port: grid_final | {4 10 }
 - Input state : 
	Port: compute : grid_initial | {1 2 }
  - Chain level:
	State 1
		call_ln0 : 1
		store_ln41 : 1
	State 2
	State 3
	State 4
		icmp_ln41 : 1
		t_2 : 1
		br_ln41 : 2
		trunc_ln52 : 1
		trunc_ln52_1 : 2
		call_ln52 : 3
		store_ln41 : 2
	State 5
	State 6
	State 7
	State 8
		call_ln52 : 1
	State 9
	State 10


============================================================
+ Verbose Summary: Datapath Resource usage 
============================================================

* Functional unit list:
|----------|----------------------------------------------------------------|---------|---------|---------|---------|---------|---------|
| Operation|                         Functional Unit                        |   BRAM  |   DSP   |  Delay  |    FF   |   LUT   |   URAM  |
|----------|----------------------------------------------------------------|---------|---------|---------|---------|---------|---------|
|          |   grp_compute_Pipeline_VITIS_LOOP_33_1_VITIS_LOOP_34_2_fu_94   |    0    |    0    |    0    |    35   |   112   |    0    |
|          |           grp_compute_Pipeline_VITIS_LOOP_50_4_fu_108          |    0    |    0    |  1.956  |    86   |   116   |    0    |
|   call   | grp_compute_Pipeline_VITIS_LOOP_130_9_VITIS_LOOP_131_10_fu_118 |    0    |    0    |  1.956  |    97   |   220   |    0    |
|          |           grp_compute_Pipeline_VITIS_LOOP_55_5_fu_128          |    0    |    0    |  1.956  |    78   |   116   |    0    |
|          |   grp_compute_Pipeline_VITIS_LOOP_62_6_VITIS_LOOP_63_7_fu_138  |    2    |    8    |  2.934  |   440   |   1075  |    0    |
|----------|----------------------------------------------------------------|---------|---------|---------|---------|---------|---------|
|   icmp   |                        icmp_ln41_fu_179                        |    0    |    0    |    0    |    0    |    12   |    0    |
|----------|----------------------------------------------------------------|---------|---------|---------|---------|---------|---------|
|    add   |                           t_2_fu_185                           |    0    |    0    |    0    |    0    |    12   |    0    |
|----------|----------------------------------------------------------------|---------|---------|---------|---------|---------|---------|
|   fence  |                           grp_fu_159                           |    0    |    0    |    0    |    0    |    0    |    0    |
|----------|----------------------------------------------------------------|---------|---------|---------|---------|---------|---------|
|   trunc  |                        trunc_ln52_fu_191                       |    0    |    0    |    0    |    0    |    0    |    0    |
|          |                       trunc_ln52_1_fu_196                      |    0    |    0    |    0    |    0    |    0    |    0    |
|----------|----------------------------------------------------------------|---------|---------|---------|---------|---------|---------|
|bitconcatenate|                          tmp_25_fu_215                         |    0    |    0    |    0    |    0    |    0    |    0    |
|----------|----------------------------------------------------------------|---------|---------|---------|---------|---------|---------|
|   Total  |                                                                |    2    |    8    |  8.802  |   736   |   1663  |    0    |
|----------|----------------------------------------------------------------|---------|---------|---------|---------|---------|---------|

Memories:
+--------+--------+--------+--------+--------+
|        |  BRAM  |   FF   |   LUT  |  URAM  |
+--------+--------+--------+--------+--------+
| buffer |   44   |    0   |    0   |    0   |
|buffer_1|   44   |    0   |    0   |    0   |
|buffer_2|   44   |    0   |    0   |    0   |
|buffer_3|   44   |    0   |    0   |    0   |
+--------+--------+--------+--------+--------+
|  Total |   176  |    0   |    0   |    0   |
+--------+--------+--------+--------+--------+

* Register list:
+--------------------------------------+--------+
|                                      |   FF   |
+--------------------------------------+--------+
|p_0_0_01527_lcssa_lcssa99_load_reg_290|   24   |
|   p_0_0_01527_lcssa_lcssa99_reg_257  |   24   |
|p_0_0_01528_lcssa_lcssa97_load_reg_285|   24   |
|   p_0_0_01528_lcssa_lcssa97_reg_246  |   24   |
|p_0_0_01529_lcssa_lcssa95_load_reg_280|   24   |
|   p_0_0_01529_lcssa_lcssa95_reg_235  |   24   |
|  p_0_0_01534_1_lcssa_lcssa96_reg_241 |   24   |
|  p_0_0_01534_2_lcssa_lcssa98_reg_252 |   24   |
|   p_0_0_01534_lcssa_lcssa94_reg_230  |   24   |
|               t_reg_223              |    5   |
|            tmp_25_reg_295            |    8   |
|         trunc_ln52_1_reg_273         |    1   |
|          trunc_ln52_reg_266          |    1   |
+--------------------------------------+--------+
|                 Total                |   231  |
+--------------------------------------+--------+

* Multiplexer (MUX) list: 
|-------------------------------------------------------------|------|------|------|--------||---------||---------||---------|
|                             Comp                            |  Pin | Size |  BW  | S x BW ||  Delay  ||    FF   ||   LUT   |
|-------------------------------------------------------------|------|------|------|--------||---------||---------||---------|
|         grp_compute_Pipeline_VITIS_LOOP_50_4_fu_108         |  p1  |   2  |   1  |    2   ||    0    ||    9    |
|         grp_compute_Pipeline_VITIS_LOOP_50_4_fu_108         |  p3  |   2  |   1  |    2   ||    0    ||    9    |
| grp_compute_Pipeline_VITIS_LOOP_62_6_VITIS_LOOP_63_7_fu_138 |  p5  |   2  |   8  |   16   ||    0    ||    9    |
|-------------------------------------------------------------|------|------|------|--------||---------||---------||---------|
|                            Total                            |      |      |      |   20   ||  1.467  ||    0    ||    27   |
|-------------------------------------------------------------|------|------|------|--------||---------||---------||---------|



* Summary:
+-----------+--------+--------+--------+--------+--------+--------+
|           |  BRAM  |   DSP  |  Delay |   FF   |   LUT  |  URAM  |
+-----------+--------+--------+--------+--------+--------+--------+
|  Function |    2   |    8   |    8   |   736  |  1663  |    0   |
|   Memory  |   176  |    -   |    -   |    0   |    0   |    0   |
|Multiplexer|    -   |    -   |    1   |    0   |   27   |    -   |
|  Register |    -   |    -   |    -   |   231  |    -   |    -   |
+-----------+--------+--------+--------+--------+--------+--------+
|   Total   |   178  |    8   |   10   |   967  |  1690  |    0   |
+-----------+--------+--------+--------+--------+--------+--------+
