

================================================================
== Vitis HLS Report for 'compute_Pipeline_VITIS_LOOP_37_4'
================================================================
* Date:           Thu Feb 19 22:36:33 2026

* Version:        2025.1.1 (Build 6214317 on Sep 11 2025)
* Project:        project_1
* Solution:       hls (Vivado IP Flow Target)
* Product family: zynquplus
* Target device:  xczu3eg-sbva484-1-e


================================================================
== Performance Estimates
================================================================
+ Timing: 
    * Summary: 
    +--------+----------+----------+------------+
    |  Clock |  Target  | Estimated| Uncertainty|
    +--------+----------+----------+------------+
    |ap_clk  |  10.00 ns|  5.279 ns|     2.70 ns|
    +--------+----------+----------+------------+

+ Latency: 
    * Summary: 
    +---------+---------+----------+----------+-----+-----+------------------------------------------------+
    |  Latency (cycles) |  Latency (absolute) |  Interval |                    Pipeline                    |
    |   min   |   max   |    min   |    max   | min | max |                      Type                      |
    +---------+---------+----------+----------+-----+-----+------------------------------------------------+
    |      258|      258|  2.580 us|  2.580 us|  257|  257|  loop auto-rewind stp (delay=0 clock cycles(s))|
    +---------+---------+----------+----------+-----+-----+------------------------------------------------+

    + Detail: 
        * Instance: 
        N/A

        * Loop: 
        +-------------------+---------+---------+----------+-----------+-----------+------+----------+
        |                   |  Latency (cycles) | Iteration|  Initiation Interval  | Trip |          |
        |     Loop Name     |   min   |   max   |  Latency |  achieved |   target  | Count| Pipelined|
        +-------------------+---------+---------+----------+-----------+-----------+------+----------+
        |- VITIS_LOOP_37_4  |      256|      256|         2|          1|          1|   256|       yes|
        +-------------------+---------+---------+----------+-----------+-----------+------+----------+

============================================================
+ Verbose Summary: Synthesis Manager
============================================================
InlineROM: 1
ExposeGlobal: 0
============================================================
+ Verbose Summary: CDFG Model
============================================================
IsTopModel: 0
ResetActiveHigh: 1
IsCombinational: 0
IsDatapathOnly: 0
HasWiredReturn: 1
HasMFsm: 2
HasVarLatency: 1
IsPipeline: 0
IsRtlPipelined: 0
IsInstanceOverlapped: 0
IsDontTouch: 0
HasImplIP: 0
IsGatedGlobalClock: 0

+ Individual pipeline summary: 
  * Pipeline-0: initiation interval (II) = 1, depth = 2


============================================================
+ Verbose Summary: Schedule
============================================================
* Number of FSM states : 2
* Pipeline : 1
  Pipeline-0 : II = 1, D = 2, States = { 1 2 }
* Dataflow Pipeline: 0

* FSM state transitions: 
1 --> 2 
2 --> 

* FSM state operations: 

State 1 <SV = 0> <Delay = 5.27>
ST_1 : Operation 5 [1/1] (0.00ns)   --->   "%phi_urem = alloca i32 1"   --->   Operation 5 'alloca' 'phi_urem' <Predicate = true> <Delay = 0.00>
ST_1 : Operation 6 [1/1] (0.00ns)   --->   "%j = alloca i32 1" [top.cpp:37]   --->   Operation 6 'alloca' 'j' <Predicate = true> <Delay = 0.00>
ST_1 : Operation 7 [1/1] (0.48ns)   --->   "%store_ln37 = store i9 0, i9 %j" [top.cpp:37]   --->   Operation 7 'store' 'store_ln37' <Predicate = true> <Delay = 0.48>
ST_1 : Operation 8 [1/1] (0.48ns)   --->   "%store_ln0 = store i9 0, i9 %phi_urem"   --->   Operation 8 'store' 'store_ln0' <Predicate = true> <Delay = 0.48>
ST_1 : Operation 9 [1/1] (0.00ns)   --->   "%br_ln0 = br void %for.inc35"   --->   Operation 9 'br' 'br_ln0' <Predicate = true> <Delay = 0.00>
ST_1 : Operation 10 [1/1] (0.00ns)   --->   "%j_1 = load i9 %j" [top.cpp:37]   --->   Operation 10 'load' 'j_1' <Predicate = true> <Delay = 0.00>
ST_1 : Operation 11 [1/1] (0.92ns)   --->   "%icmp_ln37 = icmp_eq  i9 %j_1, i9 256" [top.cpp:37]   --->   Operation 11 'icmp' 'icmp_ln37' <Predicate = true> <Delay = 0.92> <CoreInst = "Cmp">   --->   Core 9 'Cmp' <Latency = 0> <II = 1> <Delay = 0.92> <FuncUnit> <Opcode : 'seteq' 'setne' 'setle' 'setge' 'setlt' 'setgt'> <InPorts = 2> <OutPorts = 1>
ST_1 : Operation 12 [1/1] (0.92ns)   --->   "%add_ln37 = add i9 %j_1, i9 1" [top.cpp:37]   --->   Operation 12 'add' 'add_ln37' <Predicate = true> <Delay = 0.92> <CoreInst = "Adder">   --->   Core 1 'Adder' <Latency = 0> <II = 1> <Delay = 0.92> <FuncUnit> <Opcode : 'add' 'sub'> <InPorts = 2> <OutPorts = 1>
ST_1 : Operation 13 [1/1] (0.00ns)   --->   "%br_ln37 = br i1 %icmp_ln37, void %for.inc35.split, void %for.inc55.preheader.exitStub" [top.cpp:37]   --->   Operation 13 'br' 'br_ln37' <Predicate = true> <Delay = 0.00>
ST_1 : Operation 14 [1/1] (0.00ns)   --->   "%trunc_ln40 = trunc i9 %j_1" [top.cpp:40]   --->   Operation 14 'trunc' 'trunc_ln40' <Predicate = (!icmp_ln37)> <Delay = 0.00>
ST_1 : Operation 15 [1/1] (0.00ns)   --->   "%zext_ln37_2 = zext i8 %trunc_ln40" [top.cpp:37]   --->   Operation 15 'zext' 'zext_ln37_2' <Predicate = (!icmp_ln37)> <Delay = 0.00>
ST_1 : Operation 16 [1/1] (2.49ns)   --->   "%mul_ln37 = mul i17 %zext_ln37_2, i17 342" [top.cpp:37]   --->   Operation 16 'mul' 'mul_ln37' <Predicate = (!icmp_ln37)> <Delay = 2.49> <CoreInst = "Multiplier">   --->   Core 3 'Multiplier' <Latency = 0> <II = 1> <Delay = 2.49> <FuncUnit> <Opcode : 'mul'> <InPorts = 2> <OutPorts = 1>
ST_1 : Operation 17 [1/1] (0.00ns)   --->   "%tmp = partselect i7 @_ssdm_op_PartSelect.i7.i17.i32.i32, i17 %mul_ln37, i32 10, i32 16" [top.cpp:37]   --->   Operation 17 'partselect' 'tmp' <Predicate = (!icmp_ln37)> <Delay = 0.00>
ST_1 : Operation 18 [1/1] (0.00ns)   --->   "%zext_ln37_1 = zext i7 %tmp" [top.cpp:37]   --->   Operation 18 'zext' 'zext_ln37_1' <Predicate = (!icmp_ln37)> <Delay = 0.00>
ST_1 : Operation 19 [1/1] (0.00ns)   --->   "%zext_ln39 = zext i7 %tmp" [top.cpp:39]   --->   Operation 19 'zext' 'zext_ln39' <Predicate = (!icmp_ln37)> <Delay = 0.00>
ST_1 : Operation 20 [1/1] (0.00ns)   --->   "%cur_addr_1 = getelementptr i24 %cur, i64 0, i64 %zext_ln37_1" [top.cpp:39]   --->   Operation 20 'getelementptr' 'cur_addr_1' <Predicate = (!icmp_ln37)> <Delay = 0.00>
ST_1 : Operation 21 [1/1] (0.94ns)   --->   "%add_ln40 = add i11 %zext_ln39, i11 1166" [top.cpp:40]   --->   Operation 21 'add' 'add_ln40' <Predicate = (!icmp_ln37)> <Delay = 0.94> <CoreInst = "Adder">   --->   Core 1 'Adder' <Latency = 0> <II = 1> <Delay = 0.94> <FuncUnit> <Opcode : 'add' 'sub'> <InPorts = 2> <OutPorts = 1>
ST_1 : Operation 22 [1/1] (0.00ns)   --->   "%sext_ln40_1 = sext i11 %add_ln40" [top.cpp:40]   --->   Operation 22 'sext' 'sext_ln40_1' <Predicate = (!icmp_ln37)> <Delay = 0.00>
ST_1 : Operation 23 [1/1] (0.00ns)   --->   "%zext_ln40_1 = zext i13 %sext_ln40_1" [top.cpp:40]   --->   Operation 23 'zext' 'zext_ln40_1' <Predicate = (!icmp_ln37)> <Delay = 0.00>
ST_1 : Operation 24 [1/1] (0.00ns)   --->   "%cur_addr_2 = getelementptr i24 %cur, i64 0, i64 %zext_ln40_1" [top.cpp:40]   --->   Operation 24 'getelementptr' 'cur_addr_2' <Predicate = (!icmp_ln37)> <Delay = 0.00>
ST_1 : Operation 25 [1/1] (0.00ns)   --->   "%cur_1_addr_1 = getelementptr i24 %cur_1, i64 0, i64 %zext_ln37_1" [top.cpp:39]   --->   Operation 25 'getelementptr' 'cur_1_addr_1' <Predicate = (!icmp_ln37)> <Delay = 0.00>
ST_1 : Operation 26 [1/1] (0.00ns)   --->   "%cur_1_addr_2 = getelementptr i24 %cur_1, i64 0, i64 %zext_ln40_1" [top.cpp:40]   --->   Operation 26 'getelementptr' 'cur_1_addr_2' <Predicate = (!icmp_ln37)> <Delay = 0.00>
ST_1 : Operation 27 [1/1] (0.00ns)   --->   "%cur_2_addr_1 = getelementptr i24 %cur_2, i64 0, i64 %zext_ln37_1" [top.cpp:39]   --->   Operation 27 'getelementptr' 'cur_2_addr_1' <Predicate = (!icmp_ln37)> <Delay = 0.00>
ST_1 : Operation 28 [1/1] (0.00ns)   --->   "%cur_2_addr_2 = getelementptr i24 %cur_2, i64 0, i64 %zext_ln40_1" [top.cpp:40]   --->   Operation 28 'getelementptr' 'cur_2_addr_2' <Predicate = (!icmp_ln37)> <Delay = 0.00>
ST_1 : Operation 29 [2/2] (1.35ns)   --->   "%cur_load = load i13 %cur_addr_1" [top.cpp:39]   --->   Operation 29 'load' 'cur_load' <Predicate = (!icmp_ln37)> <Delay = 1.35> <CoreInst = "RAM">   --->   Core 82 'RAM' <Latency = 1> <II = 1> <Delay = 1.35> <Storage> <Opcode : 'load' 'store'> <Ports = 2> <Width = 24> <Depth = 7396> <RAM>
ST_1 : Operation 30 [2/2] (1.35ns)   --->   "%cur_1_load = load i13 %cur_1_addr_1" [top.cpp:39]   --->   Operation 30 'load' 'cur_1_load' <Predicate = (!icmp_ln37)> <Delay = 1.35> <CoreInst = "RAM">   --->   Core 82 'RAM' <Latency = 1> <II = 1> <Delay = 1.35> <Storage> <Opcode : 'load' 'store'> <Ports = 2> <Width = 24> <Depth = 7396> <RAM>
ST_1 : Operation 31 [2/2] (1.35ns)   --->   "%cur_2_load = load i13 %cur_2_addr_1" [top.cpp:39]   --->   Operation 31 'load' 'cur_2_load' <Predicate = (!icmp_ln37)> <Delay = 1.35> <CoreInst = "RAM">   --->   Core 82 'RAM' <Latency = 1> <II = 1> <Delay = 1.35> <Storage> <Opcode : 'load' 'store'> <Ports = 2> <Width = 24> <Depth = 7396> <RAM>
ST_1 : Operation 32 [2/2] (1.35ns)   --->   "%cur_load_1 = load i13 %cur_addr_2" [top.cpp:40]   --->   Operation 32 'load' 'cur_load_1' <Predicate = (!icmp_ln37)> <Delay = 1.35> <CoreInst = "RAM">   --->   Core 82 'RAM' <Latency = 1> <II = 1> <Delay = 1.35> <Storage> <Opcode : 'load' 'store'> <Ports = 2> <Width = 24> <Depth = 7396> <RAM>
ST_1 : Operation 33 [2/2] (1.35ns)   --->   "%cur_1_load_1 = load i13 %cur_1_addr_2" [top.cpp:40]   --->   Operation 33 'load' 'cur_1_load_1' <Predicate = (!icmp_ln37)> <Delay = 1.35> <CoreInst = "RAM">   --->   Core 82 'RAM' <Latency = 1> <II = 1> <Delay = 1.35> <Storage> <Opcode : 'load' 'store'> <Ports = 2> <Width = 24> <Depth = 7396> <RAM>
ST_1 : Operation 34 [2/2] (1.35ns)   --->   "%cur_2_load_1 = load i13 %cur_2_addr_2" [top.cpp:40]   --->   Operation 34 'load' 'cur_2_load_1' <Predicate = (!icmp_ln37)> <Delay = 1.35> <CoreInst = "RAM">   --->   Core 82 'RAM' <Latency = 1> <II = 1> <Delay = 1.35> <Storage> <Opcode : 'load' 'store'> <Ports = 2> <Width = 24> <Depth = 7396> <RAM>
ST_1 : Operation 35 [1/1] (0.48ns)   --->   "%store_ln37 = store i9 %add_ln37, i9 %j" [top.cpp:37]   --->   Operation 35 'store' 'store_ln37' <Predicate = (!icmp_ln37)> <Delay = 0.48>
ST_1 : Operation 62 [1/1] (0.48ns)   --->   "%ret_ln0 = ret"   --->   Operation 62 'ret' 'ret_ln0' <Predicate = (icmp_ln37)> <Delay = 0.48>

State 2 <SV = 1> <Delay = 3.19>
ST_2 : Operation 36 [1/1] (0.00ns)   --->   "%phi_urem_load = load i9 %phi_urem" [top.cpp:37]   --->   Operation 36 'load' 'phi_urem_load' <Predicate = true> <Delay = 0.00>
ST_2 : Operation 37 [1/1] (0.92ns)   --->   "%add_ln37_1 = add i9 %phi_urem_load, i9 1" [top.cpp:37]   --->   Operation 37 'add' 'add_ln37_1' <Predicate = true> <Delay = 0.92> <CoreInst = "Adder">   --->   Core 1 'Adder' <Latency = 0> <II = 1> <Delay = 0.92> <FuncUnit> <Opcode : 'add' 'sub'> <InPorts = 2> <OutPorts = 1>
ST_2 : Operation 38 [1/1] (0.92ns)   --->   "%icmp_ln37_1 = icmp_eq  i9 %phi_urem_load, i9 2" [top.cpp:37]   --->   Operation 38 'icmp' 'icmp_ln37_1' <Predicate = true> <Delay = 0.92> <CoreInst = "Cmp">   --->   Core 9 'Cmp' <Latency = 0> <II = 1> <Delay = 0.92> <FuncUnit> <Opcode : 'seteq' 'setne' 'setle' 'setge' 'setlt' 'setgt'> <InPorts = 2> <OutPorts = 1>
ST_2 : Operation 39 [1/1] (0.45ns)   --->   "%select_ln37 = select i1 %icmp_ln37_1, i9 0, i9 %add_ln37_1" [top.cpp:37]   --->   Operation 39 'select' 'select_ln37' <Predicate = true> <Delay = 0.45> <CoreInst = "Sel">   --->   Core 73 'Sel' <Latency = 0> <II = 1> <Delay = 0.45> <FuncUnit> <Opcode : 'select'> <InPorts = 3> <OutPorts = 1>
ST_2 : Operation 40 [1/1] (0.00ns)   --->   "%zext_ln37 = zext i9 %j_1" [top.cpp:37]   --->   Operation 40 'zext' 'zext_ln37' <Predicate = true> <Delay = 0.00>
ST_2 : Operation 41 [1/1] (0.00ns)   --->   "%nxt_addr = getelementptr i24 %nxt, i64 0, i64 %zext_ln37" [top.cpp:39]   --->   Operation 41 'getelementptr' 'nxt_addr' <Predicate = true> <Delay = 0.00>
ST_2 : Operation 42 [1/1] (0.00ns)   --->   "%add_ln = bitconcatenate i9 @_ssdm_op_BitConcatenate.i9.i1.i8, i1 1, i8 %trunc_ln40" [top.cpp:40]   --->   Operation 42 'bitconcatenate' 'add_ln' <Predicate = true> <Delay = 0.00>
ST_2 : Operation 43 [1/1] (0.00ns)   --->   "%sext_ln40 = sext i9 %add_ln" [top.cpp:40]   --->   Operation 43 'sext' 'sext_ln40' <Predicate = true> <Delay = 0.00>
ST_2 : Operation 44 [1/1] (0.00ns)   --->   "%zext_ln40 = zext i16 %sext_ln40" [top.cpp:40]   --->   Operation 44 'zext' 'zext_ln40' <Predicate = true> <Delay = 0.00>
ST_2 : Operation 45 [1/1] (0.00ns)   --->   "%nxt_addr_1 = getelementptr i24 %nxt, i64 0, i64 %zext_ln40" [top.cpp:40]   --->   Operation 45 'getelementptr' 'nxt_addr_1' <Predicate = true> <Delay = 0.00>
ST_2 : Operation 46 [1/1] (0.00ns)   --->   "%specpipeline_ln38 = specpipeline void @_ssdm_op_SpecPipeline, i32 1, i32 0, i32 0, i32 0, void @empty_13" [top.cpp:38]   --->   Operation 46 'specpipeline' 'specpipeline_ln38' <Predicate = true> <Delay = 0.00>
ST_2 : Operation 47 [1/1] (0.00ns)   --->   "%speclooptripcount_ln37 = speclooptripcount void @_ssdm_op_SpecLoopTripCount, i64 256, i64 256, i64 256" [top.cpp:37]   --->   Operation 47 'speclooptripcount' 'speclooptripcount_ln37' <Predicate = true> <Delay = 0.00>
ST_2 : Operation 48 [1/1] (0.00ns)   --->   "%specloopname_ln37 = specloopname void @_ssdm_op_SpecLoopName, void @empty_6" [top.cpp:37]   --->   Operation 48 'specloopname' 'specloopname_ln37' <Predicate = true> <Delay = 0.00>
ST_2 : Operation 49 [1/1] (0.00ns)   --->   "%trunc_ln37 = trunc i9 %phi_urem_load" [top.cpp:37]   --->   Operation 49 'trunc' 'trunc_ln37' <Predicate = true> <Delay = 0.00>
ST_2 : Operation 50 [1/2] ( I:1.35ns O:1.35ns )   --->   "%cur_load = load i13 %cur_addr_1" [top.cpp:39]   --->   Operation 50 'load' 'cur_load' <Predicate = true> <Delay = 1.35> <CoreInst = "RAM">   --->   Core 82 'RAM' <Latency = 1> <II = 1> <Delay = 1.35> <Storage> <Opcode : 'load' 'store'> <Ports = 2> <Width = 24> <Depth = 7396> <RAM>
ST_2 : Operation 51 [1/2] ( I:1.35ns O:1.35ns )   --->   "%cur_1_load = load i13 %cur_1_addr_1" [top.cpp:39]   --->   Operation 51 'load' 'cur_1_load' <Predicate = true> <Delay = 1.35> <CoreInst = "RAM">   --->   Core 82 'RAM' <Latency = 1> <II = 1> <Delay = 1.35> <Storage> <Opcode : 'load' 'store'> <Ports = 2> <Width = 24> <Depth = 7396> <RAM>
ST_2 : Operation 52 [1/2] ( I:1.35ns O:1.35ns )   --->   "%cur_2_load = load i13 %cur_2_addr_1" [top.cpp:39]   --->   Operation 52 'load' 'cur_2_load' <Predicate = true> <Delay = 1.35> <CoreInst = "RAM">   --->   Core 82 'RAM' <Latency = 1> <II = 1> <Delay = 1.35> <Storage> <Opcode : 'load' 'store'> <Ports = 2> <Width = 24> <Depth = 7396> <RAM>
ST_2 : Operation 53 [1/1] (0.48ns)   --->   "%tmp_1 = sparsemux i24 @_ssdm_op_SparseMux.ap_auto.3i24.i24.i2, i2 0, i24 %cur_load, i2 1, i24 %cur_1_load, i2 2, i24 %cur_2_load, i24 0, i2 %trunc_ln37" [top.cpp:39]   --->   Operation 53 'sparsemux' 'tmp_1' <Predicate = true> <Delay = 0.48> <CoreInst = "OneHotSparseMux_HasDef">   --->   Core 152 'OneHotSparseMux_HasDef' <Latency = 0> <II = 1> <Delay = 0.48> <FuncUnit> <Opcode : 'sparsemux'> <InPorts = 2> <OutPorts = 1>
ST_2 : Operation 54 [1/1] ( I:1.35ns O:1.35ns )   --->   "%store_ln39 = store i24 %tmp_1, i16 %nxt_addr" [top.cpp:39]   --->   Operation 54 'store' 'store_ln39' <Predicate = true> <Delay = 1.35> <CoreInst = "RAM">   --->   Core 82 'RAM' <Latency = 1> <II = 1> <Delay = 1.35> <Storage> <Opcode : 'load' 'store'> <Ports = 2> <Width = 24> <Depth = 65536> <RAM>
ST_2 : Operation 55 [1/2] ( I:1.35ns O:1.35ns )   --->   "%cur_load_1 = load i13 %cur_addr_2" [top.cpp:40]   --->   Operation 55 'load' 'cur_load_1' <Predicate = true> <Delay = 1.35> <CoreInst = "RAM">   --->   Core 82 'RAM' <Latency = 1> <II = 1> <Delay = 1.35> <Storage> <Opcode : 'load' 'store'> <Ports = 2> <Width = 24> <Depth = 7396> <RAM>
ST_2 : Operation 56 [1/2] ( I:1.35ns O:1.35ns )   --->   "%cur_1_load_1 = load i13 %cur_1_addr_2" [top.cpp:40]   --->   Operation 56 'load' 'cur_1_load_1' <Predicate = true> <Delay = 1.35> <CoreInst = "RAM">   --->   Core 82 'RAM' <Latency = 1> <II = 1> <Delay = 1.35> <Storage> <Opcode : 'load' 'store'> <Ports = 2> <Width = 24> <Depth = 7396> <RAM>
ST_2 : Operation 57 [1/2] ( I:1.35ns O:1.35ns )   --->   "%cur_2_load_1 = load i13 %cur_2_addr_2" [top.cpp:40]   --->   Operation 57 'load' 'cur_2_load_1' <Predicate = true> <Delay = 1.35> <CoreInst = "RAM">   --->   Core 82 'RAM' <Latency = 1> <II = 1> <Delay = 1.35> <Storage> <Opcode : 'load' 'store'> <Ports = 2> <Width = 24> <Depth = 7396> <RAM>
ST_2 : Operation 58 [1/1] (0.48ns)   --->   "%tmp_2 = sparsemux i24 @_ssdm_op_SparseMux.ap_auto.3i24.i24.i2, i2 0, i24 %cur_load_1, i2 1, i24 %cur_1_load_1, i2 2, i24 %cur_2_load_1, i24 0, i2 %trunc_ln37" [top.cpp:40]   --->   Operation 58 'sparsemux' 'tmp_2' <Predicate = true> <Delay = 0.48> <CoreInst = "OneHotSparseMux_HasDef">   --->   Core 152 'OneHotSparseMux_HasDef' <Latency = 0> <II = 1> <Delay = 0.48> <FuncUnit> <Opcode : 'sparsemux'> <InPorts = 2> <OutPorts = 1>
ST_2 : Operation 59 [1/1] ( I:1.35ns O:1.35ns )   --->   "%store_ln40 = store i24 %tmp_2, i16 %nxt_addr_1" [top.cpp:40]   --->   Operation 59 'store' 'store_ln40' <Predicate = true> <Delay = 1.35> <CoreInst = "RAM">   --->   Core 82 'RAM' <Latency = 1> <II = 1> <Delay = 1.35> <Storage> <Opcode : 'load' 'store'> <Ports = 2> <Width = 24> <Depth = 65536> <RAM>
ST_2 : Operation 60 [1/1] (0.48ns)   --->   "%store_ln37 = store i9 %select_ln37, i9 %phi_urem" [top.cpp:37]   --->   Operation 60 'store' 'store_ln37' <Predicate = true> <Delay = 0.48>
ST_2 : Operation 61 [1/1] (0.00ns)   --->   "%br_ln37 = br void %for.inc35" [top.cpp:37]   --->   Operation 61 'br' 'br_ln37' <Predicate = true> <Delay = 0.00>


============================================================
+ Verbose Summary: Timing violations
============================================================
Target clock period: 10.000ns, clock uncertainty: 2.700ns.

 <State 1>: 5.279ns
The critical path consists of the following:
	'store' operation 0 bit ('store_ln37', top.cpp:37) of constant 0 on local variable 'j', top.cpp:37 [7]  (0.489 ns)
	'load' operation 9 bit ('j', top.cpp:37) on local variable 'j', top.cpp:37 [11]  (0.000 ns)
	'mul' operation 17 bit ('mul_ln37', top.cpp:37) [31]  (2.490 ns)
	'add' operation 11 bit ('add_ln40', top.cpp:40) [36]  (0.948 ns)
	'getelementptr' operation 13 bit ('cur_addr_2', top.cpp:40) [39]  (0.000 ns)
	'load' operation 24 bit ('cur_load_1', top.cpp:40) on array 'cur' [50]  (1.352 ns)

 <State 2>: 3.193ns
The critical path consists of the following:
	'load' operation 24 bit ('cur_load', top.cpp:39) on array 'cur' [45]  (1.352 ns)
	'sparsemux' operation 24 bit ('tmp_1', top.cpp:39) [48]  (0.489 ns)
	'store' operation 0 bit ('store_ln39', top.cpp:39) of variable 'tmp_1', top.cpp:39 on array 'nxt' [49]  (1.352 ns)


============================================================
+ Verbose Summary: Binding
============================================================
N/A
* FSMD analyzer results:
  - Output states:
 - Input state : 
  - Chain level:
	State 1
	State 2


============================================================
+ Verbose Summary: Datapath Resource usage 
============================================================
N/A
