

================================================================
== Vitis HLS Report for 'compute_Pipeline_VITIS_LOOP_106_9_VITIS_LOOP_107_10'
================================================================
* Date:           Fri Feb 20 11:30:59 2026

* Version:        2025.1.1 (Build 6214317 on Sep 11 2025)
* Project:        project_1
* Solution:       hls (Vivado IP Flow Target)
* Product family: zynquplus
* Target device:  xczu3eg-sbva484-1-e


================================================================
== Performance Estimates
================================================================
+ Timing: 
    * Summary: 
    +--------+----------+----------+------------+
    |  Clock |  Target  | Estimated| Uncertainty|
    +--------+----------+----------+------------+
    |ap_clk  |  10.00 ns|  3.746 ns|     2.70 ns|
    +--------+----------+----------+------------+

+ Latency: 
    * Summary: 
    +---------+---------+----------+----------+-------+-------+------------------------------------------------+
    |  Latency (cycles) |  Latency (absolute) |    Interval   |                    Pipeline                    |
    |   min   |   max   |    min   |    max   |  min  |  max  |                      Type                      |
    +---------+---------+----------+----------+-------+-------+------------------------------------------------+
    |    65538|    65538|  0.655 ms|  0.655 ms|  65537|  65537|  loop auto-rewind stp (delay=0 clock cycles(s))|
    +---------+---------+----------+----------+-------+-------+------------------------------------------------+

    + Detail: 
        * Instance: 
        N/A

        * Loop: 
        +--------------------------------------+---------+---------+----------+-----------+-----------+-------+----------+
        |                                      |  Latency (cycles) | Iteration|  Initiation Interval  |  Trip |          |
        |               Loop Name              |   min   |   max   |  Latency |  achieved |   target  | Count | Pipelined|
        +--------------------------------------+---------+---------+----------+-----------+-----------+-------+----------+
        |- VITIS_LOOP_106_9_VITIS_LOOP_107_10  |    65536|    65536|         2|          1|          1|  65536|       yes|
        +--------------------------------------+---------+---------+----------+-----------+-----------+-------+----------+

============================================================
+ Verbose Summary: Synthesis Manager
============================================================
InlineROM: 1
ExposeGlobal: 0
============================================================
+ Verbose Summary: CDFG Model
============================================================
IsTopModel: 0
ResetActiveHigh: 1
IsCombinational: 0
IsDatapathOnly: 0
HasWiredReturn: 1
HasMFsm: 2
HasVarLatency: 1
IsPipeline: 0
IsRtlPipelined: 0
IsInstanceOverlapped: 0
IsDontTouch: 0
HasImplIP: 0
IsGatedGlobalClock: 0

+ Individual pipeline summary: 
  * Pipeline-0: initiation interval (II) = 1, depth = 3


============================================================
+ Verbose Summary: Schedule
============================================================
* Number of FSM states : 3
* Pipeline : 1
  Pipeline-0 : II = 1, D = 3, States = { 1 2 3 }
* Dataflow Pipeline: 0

* FSM state transitions: 
1 --> 2 
2 --> 3 
3 --> 

* FSM state operations: 

State 1 <SV = 0> <Delay = 0.48>
ST_1 : Operation 5 [1/1] (0.00ns)   --->   "%j = alloca i32 1" [top.cpp:107]   --->   Operation 5 'alloca' 'j' <Predicate = true> <Delay = 0.00>
ST_1 : Operation 6 [1/1] (0.00ns)   --->   "%i = alloca i32 1" [top.cpp:106]   --->   Operation 6 'alloca' 'i' <Predicate = true> <Delay = 0.00>
ST_1 : Operation 7 [1/1] (0.00ns)   --->   "%indvar_flatten13 = alloca i32 1"   --->   Operation 7 'alloca' 'indvar_flatten13' <Predicate = true> <Delay = 0.00>
ST_1 : Operation 8 [1/1] (0.48ns)   --->   "%store_ln0 = store i17 0, i17 %indvar_flatten13"   --->   Operation 8 'store' 'store_ln0' <Predicate = true> <Delay = 0.48>
ST_1 : Operation 9 [1/1] (0.48ns)   --->   "%store_ln106 = store i9 0, i9 %i" [top.cpp:106]   --->   Operation 9 'store' 'store_ln106' <Predicate = true> <Delay = 0.48>
ST_1 : Operation 10 [1/1] (0.48ns)   --->   "%store_ln107 = store i9 0, i9 %j" [top.cpp:107]   --->   Operation 10 'store' 'store_ln107' <Predicate = true> <Delay = 0.48>
ST_1 : Operation 11 [1/1] (0.00ns)   --->   "%br_ln0 = br void %for.inc179"   --->   Operation 11 'br' 'br_ln0' <Predicate = true> <Delay = 0.00>

State 2 <SV = 1> <Delay = 3.74>
ST_2 : Operation 12 [1/1] (0.00ns)   --->   "%indvar_flatten13_load = load i17 %indvar_flatten13" [top.cpp:106]   --->   Operation 12 'load' 'indvar_flatten13_load' <Predicate = true> <Delay = 0.00>
ST_2 : Operation 13 [1/1] (1.02ns)   --->   "%icmp_ln106 = icmp_eq  i17 %indvar_flatten13_load, i17 65536" [top.cpp:106]   --->   Operation 13 'icmp' 'icmp_ln106' <Predicate = true> <Delay = 1.02> <CoreInst = "Cmp">   --->   Core 9 'Cmp' <Latency = 0> <II = 1> <Delay = 1.02> <FuncUnit> <Opcode : 'seteq' 'setne' 'setle' 'setge' 'setlt' 'setgt'> <InPorts = 2> <OutPorts = 1>
ST_2 : Operation 14 [1/1] (1.02ns)   --->   "%add_ln106_1 = add i17 %indvar_flatten13_load, i17 1" [top.cpp:106]   --->   Operation 14 'add' 'add_ln106_1' <Predicate = true> <Delay = 1.02> <CoreInst = "Adder">   --->   Core 1 'Adder' <Latency = 0> <II = 1> <Delay = 1.02> <FuncUnit> <Opcode : 'add' 'sub'> <InPorts = 2> <OutPorts = 1>
ST_2 : Operation 15 [1/1] (0.00ns)   --->   "%br_ln106 = br i1 %icmp_ln106, void %for.inc182, void %for.inc185.exitStub" [top.cpp:106]   --->   Operation 15 'br' 'br_ln106' <Predicate = true> <Delay = 0.00>
ST_2 : Operation 16 [1/1] (0.00ns)   --->   "%j_load = load i9 %j" [top.cpp:107]   --->   Operation 16 'load' 'j_load' <Predicate = (!icmp_ln106)> <Delay = 0.00>
ST_2 : Operation 17 [1/1] (0.00ns)   --->   "%i_load = load i9 %i" [top.cpp:106]   --->   Operation 17 'load' 'i_load' <Predicate = (!icmp_ln106)> <Delay = 0.00>
ST_2 : Operation 18 [1/1] (0.92ns)   --->   "%add_ln106 = add i9 %i_load, i9 1" [top.cpp:106]   --->   Operation 18 'add' 'add_ln106' <Predicate = (!icmp_ln106)> <Delay = 0.92> <CoreInst = "Adder">   --->   Core 1 'Adder' <Latency = 0> <II = 1> <Delay = 0.92> <FuncUnit> <Opcode : 'add' 'sub'> <InPorts = 2> <OutPorts = 1>
ST_2 : Operation 19 [1/1] (0.92ns)   --->   "%icmp_ln107 = icmp_eq  i9 %j_load, i9 256" [top.cpp:107]   --->   Operation 19 'icmp' 'icmp_ln107' <Predicate = (!icmp_ln106)> <Delay = 0.92> <CoreInst = "Cmp">   --->   Core 9 'Cmp' <Latency = 0> <II = 1> <Delay = 0.92> <FuncUnit> <Opcode : 'seteq' 'setne' 'setle' 'setge' 'setlt' 'setgt'> <InPorts = 2> <OutPorts = 1>
ST_2 : Operation 20 [1/1] (0.45ns)   --->   "%select_ln106 = select i1 %icmp_ln107, i9 0, i9 %j_load" [top.cpp:106]   --->   Operation 20 'select' 'select_ln106' <Predicate = (!icmp_ln106)> <Delay = 0.45> <CoreInst = "Sel">   --->   Core 73 'Sel' <Latency = 0> <II = 1> <Delay = 0.45> <FuncUnit> <Opcode : 'select'> <InPorts = 3> <OutPorts = 1>
ST_2 : Operation 21 [1/1] (0.45ns)   --->   "%select_ln106_1 = select i1 %icmp_ln107, i9 %add_ln106, i9 %i_load" [top.cpp:106]   --->   Operation 21 'select' 'select_ln106_1' <Predicate = (!icmp_ln106)> <Delay = 0.45> <CoreInst = "Sel">   --->   Core 73 'Sel' <Latency = 0> <II = 1> <Delay = 0.45> <FuncUnit> <Opcode : 'select'> <InPorts = 3> <OutPorts = 1>
ST_2 : Operation 22 [1/1] (0.00ns)   --->   "%trunc_ln109 = trunc i9 %select_ln106_1" [top.cpp:109]   --->   Operation 22 'trunc' 'trunc_ln109' <Predicate = (!icmp_ln106)> <Delay = 0.00>
ST_2 : Operation 23 [1/1] (0.00ns)   --->   "%tmp_s = bitconcatenate i16 @_ssdm_op_BitConcatenate.i16.i8.i8, i8 %trunc_ln109, i8 0" [top.cpp:109]   --->   Operation 23 'bitconcatenate' 'tmp_s' <Predicate = (!icmp_ln106)> <Delay = 0.00>
ST_2 : Operation 24 [1/1] (0.00ns)   --->   "%zext_ln109 = zext i9 %select_ln106" [top.cpp:109]   --->   Operation 24 'zext' 'zext_ln109' <Predicate = (!icmp_ln106)> <Delay = 0.00>
ST_2 : Operation 25 [1/1] (1.01ns)   --->   "%add_ln109 = add i16 %tmp_s, i16 %zext_ln109" [top.cpp:109]   --->   Operation 25 'add' 'add_ln109' <Predicate = (!icmp_ln106)> <Delay = 1.01> <CoreInst = "Adder">   --->   Core 1 'Adder' <Latency = 0> <II = 1> <Delay = 1.01> <FuncUnit> <Opcode : 'add' 'sub'> <InPorts = 2> <OutPorts = 1>
ST_2 : Operation 26 [1/1] (0.00ns)   --->   "%zext_ln109_1 = zext i16 %add_ln109" [top.cpp:109]   --->   Operation 26 'zext' 'zext_ln109_1' <Predicate = (!icmp_ln106)> <Delay = 0.00>
ST_2 : Operation 27 [1/1] (0.00ns)   --->   "%nxt_addr = getelementptr i24 %nxt, i64 0, i64 %zext_ln109_1" [top.cpp:109]   --->   Operation 27 'getelementptr' 'nxt_addr' <Predicate = (!icmp_ln106)> <Delay = 0.00>
ST_2 : Operation 28 [2/2] (1.35ns)   --->   "%nxt_load = load i16 %nxt_addr" [top.cpp:109]   --->   Operation 28 'load' 'nxt_load' <Predicate = (!icmp_ln106)> <Delay = 1.35> <CoreInst = "RAM">   --->   Core 82 'RAM' <Latency = 1> <II = 1> <Delay = 1.35> <Storage> <Opcode : 'load' 'store'> <Ports = 2> <Width = 24> <Depth = 65536> <RAM>
ST_2 : Operation 29 [1/1] (0.92ns)   --->   "%add_ln107 = add i9 %select_ln106, i9 1" [top.cpp:107]   --->   Operation 29 'add' 'add_ln107' <Predicate = (!icmp_ln106)> <Delay = 0.92> <CoreInst = "Adder">   --->   Core 1 'Adder' <Latency = 0> <II = 1> <Delay = 0.92> <FuncUnit> <Opcode : 'add' 'sub'> <InPorts = 2> <OutPorts = 1>
ST_2 : Operation 30 [1/1] (0.48ns)   --->   "%store_ln106 = store i17 %add_ln106_1, i17 %indvar_flatten13" [top.cpp:106]   --->   Operation 30 'store' 'store_ln106' <Predicate = (!icmp_ln106)> <Delay = 0.48>
ST_2 : Operation 31 [1/1] (0.48ns)   --->   "%store_ln106 = store i9 %select_ln106_1, i9 %i" [top.cpp:106]   --->   Operation 31 'store' 'store_ln106' <Predicate = (!icmp_ln106)> <Delay = 0.48>
ST_2 : Operation 32 [1/1] (0.48ns)   --->   "%store_ln107 = store i9 %add_ln107, i9 %j" [top.cpp:107]   --->   Operation 32 'store' 'store_ln107' <Predicate = (!icmp_ln106)> <Delay = 0.48>
ST_2 : Operation 40 [1/1] (0.48ns)   --->   "%ret_ln0 = ret"   --->   Operation 40 'ret' 'ret_ln0' <Predicate = (icmp_ln106)> <Delay = 0.48>

State 3 <SV = 2> <Delay = 2.70>
ST_3 : Operation 33 [1/1] (0.00ns)   --->   "%specloopname_ln0 = specloopname void @_ssdm_op_SpecLoopName, void @VITIS_LOOP_106_9_VITIS_LOOP_107_10_str"   --->   Operation 33 'specloopname' 'specloopname_ln0' <Predicate = true> <Delay = 0.00>
ST_3 : Operation 34 [1/1] (0.00ns)   --->   "%speclooptripcount_ln0 = speclooptripcount void @_ssdm_op_SpecLoopTripCount, i64 65536, i64 65536, i64 65536"   --->   Operation 34 'speclooptripcount' 'speclooptripcount_ln0' <Predicate = true> <Delay = 0.00>
ST_3 : Operation 35 [1/1] (0.00ns)   --->   "%cur_addr = getelementptr i24 %cur, i64 0, i64 %zext_ln109_1" [top.cpp:109]   --->   Operation 35 'getelementptr' 'cur_addr' <Predicate = true> <Delay = 0.00>
ST_3 : Operation 36 [1/1] (0.00ns)   --->   "%specpipeline_ln108 = specpipeline void @_ssdm_op_SpecPipeline, i32 1, i32 0, i32 0, i32 0, void @empty_15" [top.cpp:108]   --->   Operation 36 'specpipeline' 'specpipeline_ln108' <Predicate = true> <Delay = 0.00>
ST_3 : Operation 37 [1/2] ( I:1.35ns O:1.35ns )   --->   "%nxt_load = load i16 %nxt_addr" [top.cpp:109]   --->   Operation 37 'load' 'nxt_load' <Predicate = true> <Delay = 1.35> <CoreInst = "RAM">   --->   Core 82 'RAM' <Latency = 1> <II = 1> <Delay = 1.35> <Storage> <Opcode : 'load' 'store'> <Ports = 2> <Width = 24> <Depth = 65536> <RAM>
ST_3 : Operation 38 [1/1] ( I:1.35ns O:1.35ns )   --->   "%store_ln109 = store i24 %nxt_load, i16 %cur_addr" [top.cpp:109]   --->   Operation 38 'store' 'store_ln109' <Predicate = true> <Delay = 1.35> <CoreInst = "RAM">   --->   Core 82 'RAM' <Latency = 1> <II = 1> <Delay = 1.35> <Storage> <Opcode : 'load' 'store'> <Ports = 2> <Width = 24> <Depth = 65536> <RAM>
ST_3 : Operation 39 [1/1] (0.00ns)   --->   "%br_ln107 = br void %for.inc179" [top.cpp:107]   --->   Operation 39 'br' 'br_ln107' <Predicate = true> <Delay = 0.00>


============================================================
+ Verbose Summary: Timing violations
============================================================
Target clock period: 10.000ns, clock uncertainty: 2.700ns.

 <State 1>: 0.489ns
The critical path consists of the following:
	'alloca' operation 17 bit ('indvar_flatten13') [5]  (0.000 ns)
	'store' operation 0 bit ('store_ln0') of constant 0 on local variable 'indvar_flatten13' [6]  (0.489 ns)

 <State 2>: 3.746ns
The critical path consists of the following:
	'load' operation 9 bit ('j_load', top.cpp:107) on local variable 'j', top.cpp:107 [16]  (0.000 ns)
	'icmp' operation 1 bit ('icmp_ln107', top.cpp:107) [21]  (0.921 ns)
	'select' operation 9 bit ('select_ln106', top.cpp:106) [22]  (0.458 ns)
	'add' operation 16 bit ('add_ln109', top.cpp:109) [27]  (1.016 ns)
	'getelementptr' operation 16 bit ('nxt_addr', top.cpp:109) [30]  (0.000 ns)
	'load' operation 24 bit ('nxt_load', top.cpp:109) on array 'nxt' [32]  (1.352 ns)

 <State 3>: 2.704ns
The critical path consists of the following:
	'load' operation 24 bit ('nxt_load', top.cpp:109) on array 'nxt' [32]  (1.352 ns)
	'store' operation 0 bit ('store_ln109', top.cpp:109) of variable 'nxt_load', top.cpp:109 on array 'cur' [33]  (1.352 ns)


============================================================
+ Verbose Summary: Binding
============================================================
N/A
* FSMD analyzer results:
  - Output states:
 - Input state : 
  - Chain level:
	State 1
	State 2
	State 3


============================================================
+ Verbose Summary: Datapath Resource usage 
============================================================
N/A
