

================================================================
== Vitis HLS Report for 'compute_Pipeline_VITIS_LOOP_50_4'
================================================================
* Date:           Fri Feb 20 12:56:41 2026

* Version:        2025.1.1 (Build 6214317 on Sep 11 2025)
* Project:        project_1
* Solution:       hls (Vivado IP Flow Target)
* Product family: zynquplus
* Target device:  xczu3eg-sbva484-1-e


================================================================
== Performance Estimates
================================================================
+ Timing: 
    * Summary: 
    +--------+----------+----------+------------+
    |  Clock |  Target  | Estimated| Uncertainty|
    +--------+----------+----------+------------+
    |ap_clk  |  10.00 ns|  3.139 ns|     2.70 ns|
    +--------+----------+----------+------------+

+ Latency: 
    * Summary: 
    +---------+---------+----------+----------+-----+-----+------------------------------------------------+
    |  Latency (cycles) |  Latency (absolute) |  Interval |                    Pipeline                    |
    |   min   |   max   |    min   |    max   | min | max |                      Type                      |
    +---------+---------+----------+----------+-----+-----+------------------------------------------------+
    |      258|      258|  2.580 us|  2.580 us|  257|  257|  loop auto-rewind stp (delay=0 clock cycles(s))|
    +---------+---------+----------+----------+-----+-----+------------------------------------------------+

    + Detail: 
        * Instance: 
        N/A

        * Loop: 
        +-------------------+---------+---------+----------+-----------+-----------+------+----------+
        |                   |  Latency (cycles) | Iteration|  Initiation Interval  | Trip |          |
        |     Loop Name     |   min   |   max   |  Latency |  achieved |   target  | Count| Pipelined|
        +-------------------+---------+---------+----------+-----------+-----------+------+----------+
        |- VITIS_LOOP_50_4  |      256|      256|         2|          1|          1|   256|       yes|
        +-------------------+---------+---------+----------+-----------+-----------+------+----------+



================================================================
== Utilization Estimates
================================================================
* Summary: 
+-----------------+---------+-----+--------+-------+-----+
|       Name      | BRAM_18K| DSP |   FF   |  LUT  | URAM|
+-----------------+---------+-----+--------+-------+-----+
|DSP              |        -|    -|       -|      -|    -|
|Expression       |        -|    -|       0|     83|    -|
|FIFO             |        -|    -|       -|      -|    -|
|Instance         |        -|    -|       -|      -|    -|
|Memory           |        -|    -|       -|      -|    -|
|Multiplexer      |        -|    -|       0|     36|    -|
|Register         |        -|    -|      27|      -|    -|
+-----------------+---------+-----+--------+-------+-----+
|Total            |        0|    0|      27|    119|    0|
+-----------------+---------+-----+--------+-------+-----+
|Available        |      432|  360|  141120|  70560|    0|
+-----------------+---------+-----+--------+-------+-----+
|Utilization (%)  |        0|    0|      ~0|     ~0|    0|
+-----------------+---------+-----+--------+-------+-----+

+ Detail: 
    * Instance: 
    N/A

    * DSP: 
    N/A

    * Memory: 
    N/A

    * FIFO: 
    N/A

    * Expression: 
    +-----------------------+----------+----+---+----+------------+------------+
    |     Variable Name     | Operation| DSP| FF| LUT| Bitwidth P0| Bitwidth P1|
    +-----------------------+----------+----+---+----+------------+------------+
    |add_ln50_fu_180_p2     |         +|   0|  0|  16|           9|           1|
    |icmp_ln50_fu_174_p2    |      icmp|   0|  0|  17|           9|          10|
    |select_ln52_fu_269_p3  |    select|   0|  0|  24|           1|          24|
    |select_ln53_fu_278_p3  |    select|   0|  0|  24|           1|          24|
    |ap_enable_pp0          |       xor|   0|  0|   2|           1|           2|
    +-----------------------+----------+----+---+----+------------+------------+
    |Total                  |          |   0|  0|  83|          21|          61|
    +-----------------------+----------+----+---+----+------------+------------+

    * Multiplexer: 
    +-------------------------+----+-----------+-----+-----------+
    |           Name          | LUT| Input Size| Bits| Total Bits|
    +-------------------------+----+-----------+-----+-----------+
    |ap_done_int              |   9|          2|    1|          2|
    |ap_enable_reg_pp0_iter1  |   9|          2|    1|          2|
    |ap_sig_allocacmp_j_1     |   9|          2|    9|         18|
    |j_fu_50                  |   9|          2|    9|         18|
    +-------------------------+----+-----------+-----+-----------+
    |Total                    |  36|          8|   20|         40|
    +-------------------------+----+-----------+-----+-----------+

    * Register: 
    +-------------------------+---+----+-----+-----------+
    |           Name          | FF| LUT| Bits| Const Bits|
    +-------------------------+---+----+-----+-----------+
    |ap_CS_fsm                |  1|   0|    1|          0|
    |ap_done_reg              |  1|   0|    1|          0|
    |ap_enable_reg_pp0_iter1  |  1|   0|    1|          0|
    |j_fu_50                  |  9|   0|    9|          0|
    |lshr_ln2_reg_309         |  7|   0|    7|          0|
    |trunc_ln50_reg_303       |  1|   0|    1|          0|
    |zext_ln50_reg_314        |  7|   0|    8|          1|
    +-------------------------+---+----+-----+-----------+
    |Total                    | 27|   0|   28|          1|
    +-------------------------+---+----+-----+-----------+



================================================================
== Interface
================================================================
* Summary: 
+-------------------+-----+-----+------------+----------------------------------+--------------+
|     RTL Ports     | Dir | Bits|  Protocol  |           Source Object          |    C Type    |
+-------------------+-----+-----+------------+----------------------------------+--------------+
|ap_clk             |   in|    1|  ap_ctrl_hs|  compute_Pipeline_VITIS_LOOP_50_4|  return value|
|ap_rst             |   in|    1|  ap_ctrl_hs|  compute_Pipeline_VITIS_LOOP_50_4|  return value|
|ap_start           |   in|    1|  ap_ctrl_hs|  compute_Pipeline_VITIS_LOOP_50_4|  return value|
|ap_done            |  out|    1|  ap_ctrl_hs|  compute_Pipeline_VITIS_LOOP_50_4|  return value|
|ap_idle            |  out|    1|  ap_ctrl_hs|  compute_Pipeline_VITIS_LOOP_50_4|  return value|
|ap_ready           |  out|    1|  ap_ctrl_hs|  compute_Pipeline_VITIS_LOOP_50_4|  return value|
|empty_38           |   in|    1|     ap_none|                          empty_38|        scalar|
|buffer_r_address0  |  out|   15|   ap_memory|                          buffer_r|         array|
|buffer_r_ce0       |  out|    1|   ap_memory|                          buffer_r|         array|
|buffer_r_we0       |  out|    1|   ap_memory|                          buffer_r|         array|
|buffer_r_d0        |  out|   24|   ap_memory|                          buffer_r|         array|
|buffer_r_address1  |  out|   15|   ap_memory|                          buffer_r|         array|
|buffer_r_ce1       |  out|    1|   ap_memory|                          buffer_r|         array|
|buffer_r_q1        |   in|   24|   ap_memory|                          buffer_r|         array|
|empty              |   in|    1|     ap_none|                             empty|        scalar|
|buffer_1_address0  |  out|   15|   ap_memory|                          buffer_1|         array|
|buffer_1_ce0       |  out|    1|   ap_memory|                          buffer_1|         array|
|buffer_1_we0       |  out|    1|   ap_memory|                          buffer_1|         array|
|buffer_1_d0        |  out|   24|   ap_memory|                          buffer_1|         array|
|buffer_1_address1  |  out|   15|   ap_memory|                          buffer_1|         array|
|buffer_1_ce1       |  out|    1|   ap_memory|                          buffer_1|         array|
|buffer_1_q1        |   in|   24|   ap_memory|                          buffer_1|         array|
|buffer_2_address0  |  out|   15|   ap_memory|                          buffer_2|         array|
|buffer_2_ce0       |  out|    1|   ap_memory|                          buffer_2|         array|
|buffer_2_we0       |  out|    1|   ap_memory|                          buffer_2|         array|
|buffer_2_d0        |  out|   24|   ap_memory|                          buffer_2|         array|
|buffer_2_address1  |  out|   15|   ap_memory|                          buffer_2|         array|
|buffer_2_ce1       |  out|    1|   ap_memory|                          buffer_2|         array|
|buffer_2_q1        |   in|   24|   ap_memory|                          buffer_2|         array|
|buffer_3_address0  |  out|   15|   ap_memory|                          buffer_3|         array|
|buffer_3_ce0       |  out|    1|   ap_memory|                          buffer_3|         array|
|buffer_3_we0       |  out|    1|   ap_memory|                          buffer_3|         array|
|buffer_3_d0        |  out|   24|   ap_memory|                          buffer_3|         array|
|buffer_3_address1  |  out|   15|   ap_memory|                          buffer_3|         array|
|buffer_3_ce1       |  out|    1|   ap_memory|                          buffer_3|         array|
|buffer_3_q1        |   in|   24|   ap_memory|                          buffer_3|         array|
+-------------------+-----+-----+------------+----------------------------------+--------------+

============================================================
+ Verbose Summary: Synthesis Manager
============================================================
InlineROM: 1
ExposeGlobal: 0
============================================================
+ Verbose Summary: CDFG Model
============================================================
IsTopModel: 0
ResetActiveHigh: 1
IsCombinational: 2
IsDatapathOnly: 2
HasWiredReturn: 1
HasMFsm: 2
HasVarLatency: 1
IsPipeline: 0
IsRtlPipelined: 0
IsInstanceOverlapped: 0
IsDontTouch: 0
HasImplIP: 0
IsGatedGlobalClock: 0

+ Individual pipeline summary: 
  * Pipeline-0: initiation interval (II) = 1, depth = 2


============================================================
+ Verbose Summary: Schedule
============================================================
* Number of FSM states : 2
* Pipeline : 1
  Pipeline-0 : II = 1, D = 2, States = { 1 2 }
* Dataflow Pipeline: 0

* FSM state transitions: 
1 --> 2 
2 --> 

* FSM state operations: 

State 1 <SV = 0> <Delay = 1.89>
ST_1 : Operation 5 [1/1] (0.00ns)   --->   "%j = alloca i32 1" [top.cpp:50]   --->   Operation 5 'alloca' 'j' <Predicate = true> <Delay = 0.00>
ST_1 : Operation 6 [1/1] (0.00ns)   --->   "%tmp = read i1 @_ssdm_op_Read.ap_auto.i1, i1 %empty"   --->   Operation 6 'read' 'tmp' <Predicate = true> <Delay = 0.00>
ST_1 : Operation 7 [1/1] (0.00ns)   --->   "%tmp_26 = read i1 @_ssdm_op_Read.ap_auto.i1, i1 %empty_38"   --->   Operation 7 'read' 'tmp_26' <Predicate = true> <Delay = 0.00>
ST_1 : Operation 8 [1/1] (0.48ns)   --->   "%store_ln50 = store i9 0, i9 %j" [top.cpp:50]   --->   Operation 8 'store' 'store_ln50' <Predicate = true> <Delay = 0.48>
ST_1 : Operation 9 [1/1] (0.00ns)   --->   "%br_ln0 = br void %for.inc45"   --->   Operation 9 'br' 'br_ln0' <Predicate = true> <Delay = 0.00>
ST_1 : Operation 10 [1/1] (0.00ns)   --->   "%j_1 = load i9 %j" [top.cpp:50]   --->   Operation 10 'load' 'j_1' <Predicate = true> <Delay = 0.00>
ST_1 : Operation 11 [1/1] (0.92ns)   --->   "%icmp_ln50 = icmp_eq  i9 %j_1, i9 256" [top.cpp:50]   --->   Operation 11 'icmp' 'icmp_ln50' <Predicate = true> <Delay = 0.92> <CoreInst = "Cmp">   --->   Core 9 'Cmp' <Latency = 0> <II = 1> <Delay = 0.93> <FuncUnit> <Opcode : 'seteq' 'setne' 'setle' 'setge' 'setlt' 'setgt'> <InPorts = 2> <OutPorts = 1>
ST_1 : Operation 12 [1/1] (0.92ns)   --->   "%add_ln50 = add i9 %j_1, i9 1" [top.cpp:50]   --->   Operation 12 'add' 'add_ln50' <Predicate = true> <Delay = 0.92> <CoreInst = "Adder">   --->   Core 1 'Adder' <Latency = 0> <II = 1> <Delay = 0.92> <FuncUnit> <Opcode : 'add' 'sub'> <InPorts = 2> <OutPorts = 1>
ST_1 : Operation 13 [1/1] (0.00ns)   --->   "%br_ln50 = br i1 %icmp_ln50, void %for.inc45.split, void %for.inc73.preheader.exitStub" [top.cpp:50]   --->   Operation 13 'br' 'br_ln50' <Predicate = true> <Delay = 0.00>
ST_1 : Operation 14 [1/1] (0.00ns)   --->   "%trunc_ln50 = trunc i9 %j_1" [top.cpp:50]   --->   Operation 14 'trunc' 'trunc_ln50' <Predicate = (!icmp_ln50)> <Delay = 0.00>
ST_1 : Operation 15 [1/1] (0.00ns)   --->   "%lshr_ln2 = partselect i7 @_ssdm_op_PartSelect.i7.i9.i32.i32, i9 %j_1, i32 1, i32 7" [top.cpp:50]   --->   Operation 15 'partselect' 'lshr_ln2' <Predicate = (!icmp_ln50)> <Delay = 0.00>
ST_1 : Operation 16 [1/1] (0.00ns)   --->   "%zext_ln50 = zext i7 %lshr_ln2" [top.cpp:50]   --->   Operation 16 'zext' 'zext_ln50' <Predicate = (!icmp_ln50)> <Delay = 0.00>
ST_1 : Operation 17 [1/1] (0.00ns)   --->   "%tmp_s = bitconcatenate i15 @_ssdm_op_BitConcatenate.i15.i1.i6.i8, i1 %tmp_26, i6 0, i8 %zext_ln50" [top.cpp:52]   --->   Operation 17 'bitconcatenate' 'tmp_s' <Predicate = (!icmp_ln50)> <Delay = 0.00>
ST_1 : Operation 18 [1/1] (0.00ns)   --->   "%zext_ln52 = zext i15 %tmp_s" [top.cpp:52]   --->   Operation 18 'zext' 'zext_ln52' <Predicate = (!icmp_ln50)> <Delay = 0.00>
ST_1 : Operation 19 [1/1] (0.00ns)   --->   "%buffer_addr_1 = getelementptr i24 %buffer_r, i64 0, i64 %zext_ln52" [top.cpp:52]   --->   Operation 19 'getelementptr' 'buffer_addr_1' <Predicate = (!icmp_ln50)> <Delay = 0.00>
ST_1 : Operation 20 [1/1] (0.00ns)   --->   "%buffer_1_addr_1 = getelementptr i24 %buffer_1, i64 0, i64 %zext_ln52" [top.cpp:52]   --->   Operation 20 'getelementptr' 'buffer_1_addr_1' <Predicate = (!icmp_ln50)> <Delay = 0.00>
ST_1 : Operation 21 [1/1] (0.00ns)   --->   "%tmp_24 = bitconcatenate i15 @_ssdm_op_BitConcatenate.i15.i1.i7.i7, i1 %tmp_26, i7 127, i7 %lshr_ln2" [top.cpp:53]   --->   Operation 21 'bitconcatenate' 'tmp_24' <Predicate = (!icmp_ln50)> <Delay = 0.00>
ST_1 : Operation 22 [1/1] (0.00ns)   --->   "%zext_ln53 = zext i15 %tmp_24" [top.cpp:53]   --->   Operation 22 'zext' 'zext_ln53' <Predicate = (!icmp_ln50)> <Delay = 0.00>
ST_1 : Operation 23 [1/1] (0.00ns)   --->   "%buffer_2_addr_1 = getelementptr i24 %buffer_2, i64 0, i64 %zext_ln53" [top.cpp:53]   --->   Operation 23 'getelementptr' 'buffer_2_addr_1' <Predicate = (!icmp_ln50)> <Delay = 0.00>
ST_1 : Operation 24 [1/1] (0.00ns)   --->   "%buffer_3_addr_1 = getelementptr i24 %buffer_3, i64 0, i64 %zext_ln53" [top.cpp:53]   --->   Operation 24 'getelementptr' 'buffer_3_addr_1' <Predicate = (!icmp_ln50)> <Delay = 0.00>
ST_1 : Operation 25 [2/2] (1.35ns)   --->   "%buffer_load = load i15 %buffer_addr_1" [top.cpp:52]   --->   Operation 25 'load' 'buffer_load' <Predicate = (!icmp_ln50)> <Delay = 1.35> <CoreInst = "RAM">   --->   Core 82 'RAM' <Latency = 1> <II = 1> <Delay = 1.35> <Storage> <Opcode : 'load' 'store'> <Ports = 2> <Width = 24> <Depth = 32768> <RAM>
ST_1 : Operation 26 [2/2] (1.35ns)   --->   "%buffer_1_load = load i15 %buffer_1_addr_1" [top.cpp:52]   --->   Operation 26 'load' 'buffer_1_load' <Predicate = (!icmp_ln50)> <Delay = 1.35> <CoreInst = "RAM">   --->   Core 82 'RAM' <Latency = 1> <II = 1> <Delay = 1.35> <Storage> <Opcode : 'load' 'store'> <Ports = 2> <Width = 24> <Depth = 32768> <RAM>
ST_1 : Operation 27 [2/2] (1.35ns)   --->   "%buffer_2_load = load i15 %buffer_2_addr_1" [top.cpp:53]   --->   Operation 27 'load' 'buffer_2_load' <Predicate = (!icmp_ln50)> <Delay = 1.35> <CoreInst = "RAM">   --->   Core 82 'RAM' <Latency = 1> <II = 1> <Delay = 1.35> <Storage> <Opcode : 'load' 'store'> <Ports = 2> <Width = 24> <Depth = 32768> <RAM>
ST_1 : Operation 28 [2/2] (1.35ns)   --->   "%buffer_3_load = load i15 %buffer_3_addr_1" [top.cpp:53]   --->   Operation 28 'load' 'buffer_3_load' <Predicate = (!icmp_ln50)> <Delay = 1.35> <CoreInst = "RAM">   --->   Core 82 'RAM' <Latency = 1> <II = 1> <Delay = 1.35> <Storage> <Opcode : 'load' 'store'> <Ports = 2> <Width = 24> <Depth = 32768> <RAM>
ST_1 : Operation 29 [1/1] (0.00ns)   --->   "%br_ln52 = br i1 %trunc_ln50, void %arrayidx4443.case.0, void %arrayidx4443.case.1" [top.cpp:52]   --->   Operation 29 'br' 'br_ln52' <Predicate = (!icmp_ln50)> <Delay = 0.00>
ST_1 : Operation 30 [1/1] (0.48ns)   --->   "%store_ln50 = store i9 %add_ln50, i9 %j" [top.cpp:50]   --->   Operation 30 'store' 'store_ln50' <Predicate = (!icmp_ln50)> <Delay = 0.48>
ST_1 : Operation 31 [1/1] (0.00ns)   --->   "%br_ln50 = br void %for.inc45" [top.cpp:50]   --->   Operation 31 'br' 'br_ln50' <Predicate = (!icmp_ln50)> <Delay = 0.00>
ST_1 : Operation 55 [1/1] (0.48ns)   --->   "%ret_ln0 = ret"   --->   Operation 55 'ret' 'ret_ln0' <Predicate = (icmp_ln50)> <Delay = 0.48>

State 2 <SV = 1> <Delay = 3.13>
ST_2 : Operation 32 [1/1] (0.00ns)   --->   "%specpipeline_ln51 = specpipeline void @_ssdm_op_SpecPipeline, i32 1, i32 0, i32 0, i32 0, void @empty_14" [top.cpp:51]   --->   Operation 32 'specpipeline' 'specpipeline_ln51' <Predicate = true> <Delay = 0.00>
ST_2 : Operation 33 [1/1] (0.00ns)   --->   "%speclooptripcount_ln50 = speclooptripcount void @_ssdm_op_SpecLoopTripCount, i64 256, i64 256, i64 256" [top.cpp:50]   --->   Operation 33 'speclooptripcount' 'speclooptripcount_ln50' <Predicate = true> <Delay = 0.00>
ST_2 : Operation 34 [1/1] (0.00ns)   --->   "%specloopname_ln50 = specloopname void @_ssdm_op_SpecLoopName, void @empty_13" [top.cpp:50]   --->   Operation 34 'specloopname' 'specloopname_ln50' <Predicate = true> <Delay = 0.00>
ST_2 : Operation 35 [1/1] (0.00ns)   --->   "%tmp_23 = bitconcatenate i15 @_ssdm_op_BitConcatenate.i15.i1.i6.i8, i1 %tmp, i6 0, i8 %zext_ln50" [top.cpp:52]   --->   Operation 35 'bitconcatenate' 'tmp_23' <Predicate = true> <Delay = 0.00>
ST_2 : Operation 36 [1/1] (0.00ns)   --->   "%zext_ln52_1 = zext i15 %tmp_23" [top.cpp:52]   --->   Operation 36 'zext' 'zext_ln52_1' <Predicate = true> <Delay = 0.00>
ST_2 : Operation 37 [1/1] (0.00ns)   --->   "%buffer_addr_2 = getelementptr i24 %buffer_r, i64 0, i64 %zext_ln52_1" [top.cpp:52]   --->   Operation 37 'getelementptr' 'buffer_addr_2' <Predicate = true> <Delay = 0.00>
ST_2 : Operation 38 [1/1] (0.00ns)   --->   "%buffer_1_addr_2 = getelementptr i24 %buffer_1, i64 0, i64 %zext_ln52_1" [top.cpp:52]   --->   Operation 38 'getelementptr' 'buffer_1_addr_2' <Predicate = true> <Delay = 0.00>
ST_2 : Operation 39 [1/1] (0.00ns)   --->   "%tmp_25 = bitconcatenate i15 @_ssdm_op_BitConcatenate.i15.i1.i7.i7, i1 %tmp, i7 127, i7 %lshr_ln2" [top.cpp:53]   --->   Operation 39 'bitconcatenate' 'tmp_25' <Predicate = true> <Delay = 0.00>
ST_2 : Operation 40 [1/1] (0.00ns)   --->   "%zext_ln53_1 = zext i15 %tmp_25" [top.cpp:53]   --->   Operation 40 'zext' 'zext_ln53_1' <Predicate = true> <Delay = 0.00>
ST_2 : Operation 41 [1/1] (0.00ns)   --->   "%buffer_2_addr_2 = getelementptr i24 %buffer_2, i64 0, i64 %zext_ln53_1" [top.cpp:53]   --->   Operation 41 'getelementptr' 'buffer_2_addr_2' <Predicate = true> <Delay = 0.00>
ST_2 : Operation 42 [1/1] (0.00ns)   --->   "%buffer_3_addr_2 = getelementptr i24 %buffer_3, i64 0, i64 %zext_ln53_1" [top.cpp:53]   --->   Operation 42 'getelementptr' 'buffer_3_addr_2' <Predicate = true> <Delay = 0.00>
ST_2 : Operation 43 [1/2] ( I:1.35ns O:1.35ns )   --->   "%buffer_load = load i15 %buffer_addr_1" [top.cpp:52]   --->   Operation 43 'load' 'buffer_load' <Predicate = true> <Delay = 1.35> <CoreInst = "RAM">   --->   Core 82 'RAM' <Latency = 1> <II = 1> <Delay = 1.35> <Storage> <Opcode : 'load' 'store'> <Ports = 2> <Width = 24> <Depth = 32768> <RAM>
ST_2 : Operation 44 [1/2] ( I:1.35ns O:1.35ns )   --->   "%buffer_1_load = load i15 %buffer_1_addr_1" [top.cpp:52]   --->   Operation 44 'load' 'buffer_1_load' <Predicate = true> <Delay = 1.35> <CoreInst = "RAM">   --->   Core 82 'RAM' <Latency = 1> <II = 1> <Delay = 1.35> <Storage> <Opcode : 'load' 'store'> <Ports = 2> <Width = 24> <Depth = 32768> <RAM>
ST_2 : Operation 45 [1/1] (0.43ns)   --->   "%select_ln52 = select i1 %trunc_ln50, i24 %buffer_1_load, i24 %buffer_load" [top.cpp:52]   --->   Operation 45 'select' 'select_ln52' <Predicate = true> <Delay = 0.43> <CoreInst = "Sel">   --->   Core 73 'Sel' <Latency = 0> <II = 1> <Delay = 0.43> <FuncUnit> <Opcode : 'select'> <InPorts = 3> <OutPorts = 1>
ST_2 : Operation 46 [1/2] ( I:1.35ns O:1.35ns )   --->   "%buffer_2_load = load i15 %buffer_2_addr_1" [top.cpp:53]   --->   Operation 46 'load' 'buffer_2_load' <Predicate = true> <Delay = 1.35> <CoreInst = "RAM">   --->   Core 82 'RAM' <Latency = 1> <II = 1> <Delay = 1.35> <Storage> <Opcode : 'load' 'store'> <Ports = 2> <Width = 24> <Depth = 32768> <RAM>
ST_2 : Operation 47 [1/2] ( I:1.35ns O:1.35ns )   --->   "%buffer_3_load = load i15 %buffer_3_addr_1" [top.cpp:53]   --->   Operation 47 'load' 'buffer_3_load' <Predicate = true> <Delay = 1.35> <CoreInst = "RAM">   --->   Core 82 'RAM' <Latency = 1> <II = 1> <Delay = 1.35> <Storage> <Opcode : 'load' 'store'> <Ports = 2> <Width = 24> <Depth = 32768> <RAM>
ST_2 : Operation 48 [1/1] (0.43ns)   --->   "%select_ln53 = select i1 %trunc_ln50, i24 %buffer_3_load, i24 %buffer_2_load" [top.cpp:53]   --->   Operation 48 'select' 'select_ln53' <Predicate = true> <Delay = 0.43> <CoreInst = "Sel">   --->   Core 73 'Sel' <Latency = 0> <II = 1> <Delay = 0.43> <FuncUnit> <Opcode : 'select'> <InPorts = 3> <OutPorts = 1>
ST_2 : Operation 49 [1/1] ( I:1.35ns O:1.35ns )   --->   "%store_ln52 = store i24 %select_ln52, i15 %buffer_addr_2" [top.cpp:52]   --->   Operation 49 'store' 'store_ln52' <Predicate = (!trunc_ln50)> <Delay = 1.35> <CoreInst = "RAM">   --->   Core 82 'RAM' <Latency = 1> <II = 1> <Delay = 1.35> <Storage> <Opcode : 'load' 'store'> <Ports = 2> <Width = 24> <Depth = 32768> <RAM>
ST_2 : Operation 50 [1/1] ( I:1.35ns O:1.35ns )   --->   "%store_ln53 = store i24 %select_ln53, i15 %buffer_2_addr_2" [top.cpp:53]   --->   Operation 50 'store' 'store_ln53' <Predicate = (!trunc_ln50)> <Delay = 1.35> <CoreInst = "RAM">   --->   Core 82 'RAM' <Latency = 1> <II = 1> <Delay = 1.35> <Storage> <Opcode : 'load' 'store'> <Ports = 2> <Width = 24> <Depth = 32768> <RAM>
ST_2 : Operation 51 [1/1] (0.00ns)   --->   "%br_ln53 = br void %arrayidx4443.exit" [top.cpp:53]   --->   Operation 51 'br' 'br_ln53' <Predicate = (!trunc_ln50)> <Delay = 0.00>
ST_2 : Operation 52 [1/1] ( I:1.35ns O:1.35ns )   --->   "%store_ln52 = store i24 %select_ln52, i15 %buffer_1_addr_2" [top.cpp:52]   --->   Operation 52 'store' 'store_ln52' <Predicate = (trunc_ln50)> <Delay = 1.35> <CoreInst = "RAM">   --->   Core 82 'RAM' <Latency = 1> <II = 1> <Delay = 1.35> <Storage> <Opcode : 'load' 'store'> <Ports = 2> <Width = 24> <Depth = 32768> <RAM>
ST_2 : Operation 53 [1/1] ( I:1.35ns O:1.35ns )   --->   "%store_ln53 = store i24 %select_ln53, i15 %buffer_3_addr_2" [top.cpp:53]   --->   Operation 53 'store' 'store_ln53' <Predicate = (trunc_ln50)> <Delay = 1.35> <CoreInst = "RAM">   --->   Core 82 'RAM' <Latency = 1> <II = 1> <Delay = 1.35> <Storage> <Opcode : 'load' 'store'> <Ports = 2> <Width = 24> <Depth = 32768> <RAM>
ST_2 : Operation 54 [1/1] (0.00ns)   --->   "%br_ln53 = br void %arrayidx4443.exit" [top.cpp:53]   --->   Operation 54 'br' 'br_ln53' <Predicate = (trunc_ln50)> <Delay = 0.00>


============================================================
+ Verbose Summary: Binding
============================================================
STG Binding: 
---------------- STG Properties BEGIN ----------------
- Is combinational: 0
- Is one-state seq: 0
- Is datapath-only: 0
- Is pipelined: 0
- Is top level: 0
Port [ Return ] is wired: 1; IO mode=ap_ctrl_hs:ce=0
Port [ empty_38]:  wired=1; compound=0; hidden=0; nouse=0; global=0; static=0; extern=0; dir=0; type=0; pingpong=0; private_global=0; IO mode=ap_none:ce=0
Port [ buffer_r]:  wired=1; compound=1; hidden=0; nouse=0; global=0; static=0; extern=0; dir=2; type=1; pingpong=0; private_global=0; MemPort=[01]; IO mode=ap_memory:ce=0
Port [ empty]:  wired=1; compound=0; hidden=0; nouse=0; global=0; static=0; extern=0; dir=0; type=0; pingpong=0; private_global=0; IO mode=ap_none:ce=0
Port [ buffer_1]:  wired=1; compound=1; hidden=0; nouse=0; global=0; static=0; extern=0; dir=2; type=1; pingpong=0; private_global=0; MemPort=[01]; IO mode=ap_memory:ce=0
Port [ buffer_2]:  wired=1; compound=1; hidden=0; nouse=0; global=0; static=0; extern=0; dir=2; type=1; pingpong=0; private_global=0; MemPort=[01]; IO mode=ap_memory:ce=0
Port [ buffer_3]:  wired=1; compound=1; hidden=0; nouse=0; global=0; static=0; extern=0; dir=2; type=1; pingpong=0; private_global=0; MemPort=[01]; IO mode=ap_memory:ce=0
---------------- STG Properties END ------------------

---------------- Datapath Model BEGIN ----------------

<LifeTime>
<method=bitvector/>
j                      (alloca           ) [ 010]
tmp                    (read             ) [ 011]
tmp_26                 (read             ) [ 000]
store_ln50             (store            ) [ 000]
br_ln0                 (br               ) [ 000]
j_1                    (load             ) [ 000]
icmp_ln50              (icmp             ) [ 010]
add_ln50               (add              ) [ 000]
br_ln50                (br               ) [ 000]
trunc_ln50             (trunc            ) [ 011]
lshr_ln2               (partselect       ) [ 011]
zext_ln50              (zext             ) [ 011]
tmp_s                  (bitconcatenate   ) [ 000]
zext_ln52              (zext             ) [ 000]
buffer_addr_1          (getelementptr    ) [ 011]
buffer_1_addr_1        (getelementptr    ) [ 011]
tmp_24                 (bitconcatenate   ) [ 000]
zext_ln53              (zext             ) [ 000]
buffer_2_addr_1        (getelementptr    ) [ 011]
buffer_3_addr_1        (getelementptr    ) [ 011]
br_ln52                (br               ) [ 000]
store_ln50             (store            ) [ 000]
br_ln50                (br               ) [ 000]
specpipeline_ln51      (specpipeline     ) [ 000]
speclooptripcount_ln50 (speclooptripcount) [ 000]
specloopname_ln50      (specloopname     ) [ 000]
tmp_23                 (bitconcatenate   ) [ 000]
zext_ln52_1            (zext             ) [ 000]
buffer_addr_2          (getelementptr    ) [ 000]
buffer_1_addr_2        (getelementptr    ) [ 000]
tmp_25                 (bitconcatenate   ) [ 000]
zext_ln53_1            (zext             ) [ 000]
buffer_2_addr_2        (getelementptr    ) [ 000]
buffer_3_addr_2        (getelementptr    ) [ 000]
buffer_load            (load             ) [ 000]
buffer_1_load          (load             ) [ 000]
select_ln52            (select           ) [ 000]
buffer_2_load          (load             ) [ 000]
buffer_3_load          (load             ) [ 000]
select_ln53            (select           ) [ 000]
store_ln52             (store            ) [ 000]
store_ln53             (store            ) [ 000]
br_ln53                (br               ) [ 000]
store_ln52             (store            ) [ 000]
store_ln53             (store            ) [ 000]
br_ln53                (br               ) [ 000]
ret_ln0                (ret              ) [ 000]
</LifeTime>

<model>

<comp_list>
<comp id="0" class="1000" name="empty_38">
<pin_list>
<pin id="1" dir="1" index="0" bw="1" slack="0"/>
</pin_list>
<bind>
<StgValue><ssdm name="empty_38"/></StgValue>
</bind>
</comp>

<comp id="2" class="1000" name="buffer_r">
<pin_list>
<pin id="3" dir="1" index="0" bw="1" slack="0"/>
</pin_list>
<bind>
<StgValue><ssdm name="buffer_r"/><MemPortTyVec>0 1 </MemPortTyVec>
</StgValue>
</bind>
</comp>

<comp id="4" class="1000" name="empty">
<pin_list>
<pin id="5" dir="1" index="0" bw="1" slack="0"/>
</pin_list>
<bind>
<StgValue><ssdm name="empty"/></StgValue>
</bind>
</comp>

<comp id="6" class="1000" name="buffer_1">
<pin_list>
<pin id="7" dir="1" index="0" bw="1" slack="0"/>
</pin_list>
<bind>
<StgValue><ssdm name="buffer_1"/><MemPortTyVec>0 1 </MemPortTyVec>
</StgValue>
</bind>
</comp>

<comp id="8" class="1000" name="buffer_2">
<pin_list>
<pin id="9" dir="1" index="0" bw="1" slack="0"/>
</pin_list>
<bind>
<StgValue><ssdm name="buffer_2"/><MemPortTyVec>0 1 </MemPortTyVec>
</StgValue>
</bind>
</comp>

<comp id="10" class="1000" name="buffer_3">
<pin_list>
<pin id="11" dir="1" index="0" bw="1" slack="0"/>
</pin_list>
<bind>
<StgValue><ssdm name="buffer_3"/><MemPortTyVec>0 1 </MemPortTyVec>
</StgValue>
</bind>
</comp>

<comp id="12" class="1001" name="const_12">
<pin_list>
<pin id="13" dir="1" index="0" bw="1" slack="0"/>
</pin_list>
<bind>
<StgValue><ssdm name=""/></StgValue>
</bind>
</comp>

<comp id="14" class="1001" name="const_14">
<pin_list>
<pin id="15" dir="1" index="0" bw="1" slack="0"/>
</pin_list>
<bind>
<StgValue><ssdm name="_ssdm_op_Read.ap_auto.i1"/></StgValue>
</bind>
</comp>

<comp id="16" class="1001" name="const_16">
<pin_list>
<pin id="17" dir="1" index="0" bw="1" slack="0"/>
</pin_list>
<bind>
<StgValue><ssdm name=""/></StgValue>
</bind>
</comp>

<comp id="18" class="1001" name="const_18">
<pin_list>
<pin id="19" dir="1" index="0" bw="1" slack="0"/>
</pin_list>
<bind>
<StgValue><ssdm name=""/></StgValue>
</bind>
</comp>

<comp id="20" class="1001" name="const_20">
<pin_list>
<pin id="21" dir="1" index="0" bw="1" slack="0"/>
</pin_list>
<bind>
<StgValue><ssdm name=""/></StgValue>
</bind>
</comp>

<comp id="22" class="1001" name="const_22">
<pin_list>
<pin id="23" dir="1" index="0" bw="1" slack="0"/>
</pin_list>
<bind>
<StgValue><ssdm name="_ssdm_op_PartSelect.i7.i9.i32.i32"/></StgValue>
</bind>
</comp>

<comp id="24" class="1001" name="const_24">
<pin_list>
<pin id="25" dir="1" index="0" bw="1" slack="0"/>
</pin_list>
<bind>
<StgValue><ssdm name=""/></StgValue>
</bind>
</comp>

<comp id="26" class="1001" name="const_26">
<pin_list>
<pin id="27" dir="1" index="0" bw="1" slack="0"/>
</pin_list>
<bind>
<StgValue><ssdm name="_ssdm_op_BitConcatenate.i15.i1.i6.i8"/></StgValue>
</bind>
</comp>

<comp id="28" class="1001" name="const_28">
<pin_list>
<pin id="29" dir="1" index="0" bw="1" slack="0"/>
</pin_list>
<bind>
<StgValue><ssdm name=""/></StgValue>
</bind>
</comp>

<comp id="30" class="1001" name="const_30">
<pin_list>
<pin id="31" dir="1" index="0" bw="1" slack="0"/>
</pin_list>
<bind>
<StgValue><ssdm name=""/></StgValue>
</bind>
</comp>

<comp id="32" class="1001" name="const_32">
<pin_list>
<pin id="33" dir="1" index="0" bw="1" slack="0"/>
</pin_list>
<bind>
<StgValue><ssdm name="_ssdm_op_BitConcatenate.i15.i1.i7.i7"/></StgValue>
</bind>
</comp>

<comp id="34" class="1001" name="const_34">
<pin_list>
<pin id="35" dir="1" index="0" bw="1" slack="0"/>
</pin_list>
<bind>
<StgValue><ssdm name=""/></StgValue>
</bind>
</comp>

<comp id="36" class="1001" name="const_36">
<pin_list>
<pin id="37" dir="1" index="0" bw="1" slack="2147483647"/>
</pin_list>
<bind>
<StgValue><ssdm name="_ssdm_op_SpecPipeline"/></StgValue>
</bind>
</comp>

<comp id="38" class="1001" name="const_38">
<pin_list>
<pin id="39" dir="1" index="0" bw="1" slack="2147483647"/>
</pin_list>
<bind>
<StgValue><ssdm name=""/></StgValue>
</bind>
</comp>

<comp id="40" class="1001" name="const_40">
<pin_list>
<pin id="41" dir="1" index="0" bw="1" slack="2147483647"/>
</pin_list>
<bind>
<StgValue><ssdm name="empty_14"/></StgValue>
</bind>
</comp>

<comp id="42" class="1001" name="const_42">
<pin_list>
<pin id="43" dir="1" index="0" bw="1" slack="2147483647"/>
</pin_list>
<bind>
<StgValue><ssdm name="_ssdm_op_SpecLoopTripCount"/></StgValue>
</bind>
</comp>

<comp id="44" class="1001" name="const_44">
<pin_list>
<pin id="45" dir="1" index="0" bw="1" slack="2147483647"/>
</pin_list>
<bind>
<StgValue><ssdm name=""/></StgValue>
</bind>
</comp>

<comp id="46" class="1001" name="const_46">
<pin_list>
<pin id="47" dir="1" index="0" bw="1" slack="2147483647"/>
</pin_list>
<bind>
<StgValue><ssdm name="_ssdm_op_SpecLoopName"/></StgValue>
</bind>
</comp>

<comp id="48" class="1001" name="const_48">
<pin_list>
<pin id="49" dir="1" index="0" bw="1" slack="2147483647"/>
</pin_list>
<bind>
<StgValue><ssdm name="empty_13"/></StgValue>
</bind>
</comp>

<comp id="50" class="1004" name="j_fu_50">
<pin_list>
<pin id="51" dir="0" index="0" bw="1" slack="0"/>
<pin id="52" dir="1" index="1" bw="9" slack="0"/>
</pin_list>
<bind>
<opcode="alloca(26) " fcode="alloca"/>
<opset="j/1 "/>
</bind>
</comp>

<comp id="54" class="1004" name="tmp_read_fu_54">
<pin_list>
<pin id="55" dir="0" index="0" bw="1" slack="0"/>
<pin id="56" dir="0" index="1" bw="1" slack="0"/>
<pin id="57" dir="1" index="2" bw="1" slack="1"/>
</pin_list>
<bind>
<opcode="read(1150) " fcode="read"/>
<opset="tmp/1 "/>
</bind>
</comp>

<comp id="60" class="1004" name="tmp_26_read_fu_60">
<pin_list>
<pin id="61" dir="0" index="0" bw="1" slack="0"/>
<pin id="62" dir="0" index="1" bw="1" slack="0"/>
<pin id="63" dir="1" index="2" bw="1" slack="0"/>
</pin_list>
<bind>
<opcode="read(1150) " fcode="read"/>
<opset="tmp_26/1 "/>
</bind>
</comp>

<comp id="66" class="1004" name="buffer_addr_1_gep_fu_66">
<pin_list>
<pin id="67" dir="0" index="0" bw="24" slack="0"/>
<pin id="68" dir="0" index="1" bw="1" slack="0"/>
<pin id="69" dir="0" index="2" bw="15" slack="0"/>
<pin id="70" dir="1" index="3" bw="15" slack="0"/>
</pin_list>
<bind>
<opcode="getelementptr(29) " fcode="getelementptr"/>
<opset="buffer_addr_1/1 "/>
</bind>
</comp>

<comp id="73" class="1004" name="buffer_1_addr_1_gep_fu_73">
<pin_list>
<pin id="74" dir="0" index="0" bw="24" slack="0"/>
<pin id="75" dir="0" index="1" bw="1" slack="0"/>
<pin id="76" dir="0" index="2" bw="15" slack="0"/>
<pin id="77" dir="1" index="3" bw="15" slack="0"/>
</pin_list>
<bind>
<opcode="getelementptr(29) " fcode="getelementptr"/>
<opset="buffer_1_addr_1/1 "/>
</bind>
</comp>

<comp id="80" class="1004" name="buffer_2_addr_1_gep_fu_80">
<pin_list>
<pin id="81" dir="0" index="0" bw="24" slack="0"/>
<pin id="82" dir="0" index="1" bw="1" slack="0"/>
<pin id="83" dir="0" index="2" bw="15" slack="0"/>
<pin id="84" dir="1" index="3" bw="15" slack="0"/>
</pin_list>
<bind>
<opcode="getelementptr(29) " fcode="getelementptr"/>
<opset="buffer_2_addr_1/1 "/>
</bind>
</comp>

<comp id="87" class="1004" name="buffer_3_addr_1_gep_fu_87">
<pin_list>
<pin id="88" dir="0" index="0" bw="24" slack="0"/>
<pin id="89" dir="0" index="1" bw="1" slack="0"/>
<pin id="90" dir="0" index="2" bw="15" slack="0"/>
<pin id="91" dir="1" index="3" bw="15" slack="0"/>
</pin_list>
<bind>
<opcode="getelementptr(29) " fcode="getelementptr"/>
<opset="buffer_3_addr_1/1 "/>
</bind>
</comp>

<comp id="94" class="1004" name="grp_access_fu_94">
<pin_list>
<pin id="95" dir="0" index="0" bw="15" slack="0"/>
<pin id="96" dir="0" index="1" bw="24" slack="0"/>
<pin id="97" dir="0" index="2" bw="0" slack="0"/>
<pin id="99" dir="0" index="4" bw="15" slack="2147483647"/>
<pin id="100" dir="0" index="5" bw="24" slack="2147483647"/>
<pin id="101" dir="0" index="6" bw="0" slack="2147483647"/>
<pin id="98" dir="1" index="3" bw="24" slack="2147483647"/>
<pin id="102" dir="1" index="7" bw="24" slack="0"/>
</pin_list>
<bind>
<opcode="load(27) store(28) " fcode="store"/>
<opset="buffer_load/1 store_ln52/2 "/>
</bind>
</comp>

<comp id="104" class="1004" name="grp_access_fu_104">
<pin_list>
<pin id="105" dir="0" index="0" bw="15" slack="0"/>
<pin id="106" dir="0" index="1" bw="24" slack="0"/>
<pin id="107" dir="0" index="2" bw="0" slack="0"/>
<pin id="109" dir="0" index="4" bw="15" slack="2147483647"/>
<pin id="110" dir="0" index="5" bw="24" slack="2147483647"/>
<pin id="111" dir="0" index="6" bw="0" slack="2147483647"/>
<pin id="108" dir="1" index="3" bw="24" slack="2147483647"/>
<pin id="112" dir="1" index="7" bw="24" slack="0"/>
</pin_list>
<bind>
<opcode="load(27) store(28) " fcode="store"/>
<opset="buffer_1_load/1 store_ln52/2 "/>
</bind>
</comp>

<comp id="114" class="1004" name="grp_access_fu_114">
<pin_list>
<pin id="115" dir="0" index="0" bw="15" slack="0"/>
<pin id="116" dir="0" index="1" bw="24" slack="0"/>
<pin id="117" dir="0" index="2" bw="0" slack="0"/>
<pin id="119" dir="0" index="4" bw="15" slack="2147483647"/>
<pin id="120" dir="0" index="5" bw="24" slack="2147483647"/>
<pin id="121" dir="0" index="6" bw="0" slack="2147483647"/>
<pin id="118" dir="1" index="3" bw="24" slack="2147483647"/>
<pin id="122" dir="1" index="7" bw="24" slack="0"/>
</pin_list>
<bind>
<opcode="load(27) store(28) " fcode="store"/>
<opset="buffer_2_load/1 store_ln53/2 "/>
</bind>
</comp>

<comp id="124" class="1004" name="grp_access_fu_124">
<pin_list>
<pin id="125" dir="0" index="0" bw="15" slack="0"/>
<pin id="126" dir="0" index="1" bw="24" slack="0"/>
<pin id="127" dir="0" index="2" bw="0" slack="0"/>
<pin id="129" dir="0" index="4" bw="15" slack="2147483647"/>
<pin id="130" dir="0" index="5" bw="24" slack="2147483647"/>
<pin id="131" dir="0" index="6" bw="0" slack="2147483647"/>
<pin id="128" dir="1" index="3" bw="24" slack="2147483647"/>
<pin id="132" dir="1" index="7" bw="24" slack="0"/>
</pin_list>
<bind>
<opcode="load(27) store(28) " fcode="store"/>
<opset="buffer_3_load/1 store_ln53/2 "/>
</bind>
</comp>

<comp id="134" class="1004" name="buffer_addr_2_gep_fu_134">
<pin_list>
<pin id="135" dir="0" index="0" bw="24" slack="0"/>
<pin id="136" dir="0" index="1" bw="1" slack="0"/>
<pin id="137" dir="0" index="2" bw="15" slack="0"/>
<pin id="138" dir="1" index="3" bw="15" slack="0"/>
</pin_list>
<bind>
<opcode="getelementptr(29) " fcode="getelementptr"/>
<opset="buffer_addr_2/2 "/>
</bind>
</comp>

<comp id="141" class="1004" name="buffer_1_addr_2_gep_fu_141">
<pin_list>
<pin id="142" dir="0" index="0" bw="24" slack="0"/>
<pin id="143" dir="0" index="1" bw="1" slack="0"/>
<pin id="144" dir="0" index="2" bw="15" slack="0"/>
<pin id="145" dir="1" index="3" bw="15" slack="0"/>
</pin_list>
<bind>
<opcode="getelementptr(29) " fcode="getelementptr"/>
<opset="buffer_1_addr_2/2 "/>
</bind>
</comp>

<comp id="148" class="1004" name="buffer_2_addr_2_gep_fu_148">
<pin_list>
<pin id="149" dir="0" index="0" bw="24" slack="0"/>
<pin id="150" dir="0" index="1" bw="1" slack="0"/>
<pin id="151" dir="0" index="2" bw="15" slack="0"/>
<pin id="152" dir="1" index="3" bw="15" slack="0"/>
</pin_list>
<bind>
<opcode="getelementptr(29) " fcode="getelementptr"/>
<opset="buffer_2_addr_2/2 "/>
</bind>
</comp>

<comp id="155" class="1004" name="buffer_3_addr_2_gep_fu_155">
<pin_list>
<pin id="156" dir="0" index="0" bw="24" slack="0"/>
<pin id="157" dir="0" index="1" bw="1" slack="0"/>
<pin id="158" dir="0" index="2" bw="15" slack="0"/>
<pin id="159" dir="1" index="3" bw="15" slack="0"/>
</pin_list>
<bind>
<opcode="getelementptr(29) " fcode="getelementptr"/>
<opset="buffer_3_addr_2/2 "/>
</bind>
</comp>

<comp id="166" class="1004" name="store_ln50_store_fu_166">
<pin_list>
<pin id="167" dir="0" index="0" bw="1" slack="0"/>
<pin id="168" dir="0" index="1" bw="9" slack="0"/>
<pin id="169" dir="1" index="2" bw="0" slack="2147483647"/>
</pin_list>
<bind>
<opcode="store(28) " fcode="store"/>
<opset="store_ln50/1 "/>
</bind>
</comp>

<comp id="171" class="1004" name="j_1_load_fu_171">
<pin_list>
<pin id="172" dir="0" index="0" bw="9" slack="0"/>
<pin id="173" dir="1" index="1" bw="9" slack="0"/>
</pin_list>
<bind>
<opcode="load(27) " fcode="load"/>
<opset="j_1/1 "/>
</bind>
</comp>

<comp id="174" class="1004" name="icmp_ln50_fu_174">
<pin_list>
<pin id="175" dir="0" index="0" bw="9" slack="0"/>
<pin id="176" dir="0" index="1" bw="9" slack="0"/>
<pin id="177" dir="1" index="2" bw="1" slack="2147483647"/>
</pin_list>
<bind>
<opcode="icmp(45) " fcode="icmp"/>
<opset="icmp_ln50/1 "/>
</bind>
</comp>

<comp id="180" class="1004" name="add_ln50_fu_180">
<pin_list>
<pin id="181" dir="0" index="0" bw="9" slack="0"/>
<pin id="182" dir="0" index="1" bw="1" slack="0"/>
<pin id="183" dir="1" index="2" bw="9" slack="0"/>
</pin_list>
<bind>
<opcode="add(8) " fcode="add"/>
<opset="add_ln50/1 "/>
</bind>
</comp>

<comp id="186" class="1004" name="trunc_ln50_fu_186">
<pin_list>
<pin id="187" dir="0" index="0" bw="9" slack="0"/>
<pin id="188" dir="1" index="1" bw="1" slack="1"/>
</pin_list>
<bind>
<opcode="trunc(33) " fcode="trunc"/>
<opset="trunc_ln50/1 "/>
</bind>
</comp>

<comp id="190" class="1004" name="lshr_ln2_fu_190">
<pin_list>
<pin id="191" dir="0" index="0" bw="7" slack="0"/>
<pin id="192" dir="0" index="1" bw="9" slack="0"/>
<pin id="193" dir="0" index="2" bw="1" slack="0"/>
<pin id="194" dir="0" index="3" bw="4" slack="0"/>
<pin id="195" dir="1" index="4" bw="7" slack="0"/>
</pin_list>
<bind>
<opcode="partselect(1002) " fcode="partselect"/>
<opset="lshr_ln2/1 "/>
</bind>
</comp>

<comp id="200" class="1004" name="zext_ln50_fu_200">
<pin_list>
<pin id="201" dir="0" index="0" bw="7" slack="0"/>
<pin id="202" dir="1" index="1" bw="8" slack="0"/>
</pin_list>
<bind>
<opcode="zext(34) " fcode="zext"/>
<opset="zext_ln50/1 "/>
</bind>
</comp>

<comp id="204" class="1004" name="tmp_s_fu_204">
<pin_list>
<pin id="205" dir="0" index="0" bw="15" slack="0"/>
<pin id="206" dir="0" index="1" bw="1" slack="0"/>
<pin id="207" dir="0" index="2" bw="1" slack="0"/>
<pin id="208" dir="0" index="3" bw="7" slack="0"/>
<pin id="209" dir="1" index="4" bw="15" slack="0"/>
</pin_list>
<bind>
<opcode="bitconcatenate(1004) " fcode="bitconcatenate"/>
<opset="tmp_s/1 "/>
</bind>
</comp>

<comp id="214" class="1004" name="zext_ln52_fu_214">
<pin_list>
<pin id="215" dir="0" index="0" bw="15" slack="0"/>
<pin id="216" dir="1" index="1" bw="64" slack="0"/>
</pin_list>
<bind>
<opcode="zext(34) " fcode="zext"/>
<opset="zext_ln52/1 "/>
</bind>
</comp>

<comp id="220" class="1004" name="tmp_24_fu_220">
<pin_list>
<pin id="221" dir="0" index="0" bw="15" slack="0"/>
<pin id="222" dir="0" index="1" bw="1" slack="0"/>
<pin id="223" dir="0" index="2" bw="1" slack="0"/>
<pin id="224" dir="0" index="3" bw="7" slack="0"/>
<pin id="225" dir="1" index="4" bw="15" slack="0"/>
</pin_list>
<bind>
<opcode="bitconcatenate(1004) " fcode="bitconcatenate"/>
<opset="tmp_24/1 "/>
</bind>
</comp>

<comp id="230" class="1004" name="zext_ln53_fu_230">
<pin_list>
<pin id="231" dir="0" index="0" bw="15" slack="0"/>
<pin id="232" dir="1" index="1" bw="64" slack="0"/>
</pin_list>
<bind>
<opcode="zext(34) " fcode="zext"/>
<opset="zext_ln53/1 "/>
</bind>
</comp>

<comp id="236" class="1004" name="store_ln50_store_fu_236">
<pin_list>
<pin id="237" dir="0" index="0" bw="9" slack="0"/>
<pin id="238" dir="0" index="1" bw="9" slack="0"/>
<pin id="239" dir="1" index="2" bw="0" slack="2147483647"/>
</pin_list>
<bind>
<opcode="store(28) " fcode="store"/>
<opset="store_ln50/1 "/>
</bind>
</comp>

<comp id="241" class="1004" name="tmp_23_fu_241">
<pin_list>
<pin id="242" dir="0" index="0" bw="15" slack="0"/>
<pin id="243" dir="0" index="1" bw="1" slack="1"/>
<pin id="244" dir="0" index="2" bw="1" slack="0"/>
<pin id="245" dir="0" index="3" bw="7" slack="1"/>
<pin id="246" dir="1" index="4" bw="15" slack="0"/>
</pin_list>
<bind>
<opcode="bitconcatenate(1004) " fcode="bitconcatenate"/>
<opset="tmp_23/2 "/>
</bind>
</comp>

<comp id="249" class="1004" name="zext_ln52_1_fu_249">
<pin_list>
<pin id="250" dir="0" index="0" bw="15" slack="0"/>
<pin id="251" dir="1" index="1" bw="64" slack="0"/>
</pin_list>
<bind>
<opcode="zext(34) " fcode="zext"/>
<opset="zext_ln52_1/2 "/>
</bind>
</comp>

<comp id="255" class="1004" name="tmp_25_fu_255">
<pin_list>
<pin id="256" dir="0" index="0" bw="15" slack="0"/>
<pin id="257" dir="0" index="1" bw="1" slack="1"/>
<pin id="258" dir="0" index="2" bw="1" slack="0"/>
<pin id="259" dir="0" index="3" bw="7" slack="1"/>
<pin id="260" dir="1" index="4" bw="15" slack="0"/>
</pin_list>
<bind>
<opcode="bitconcatenate(1004) " fcode="bitconcatenate"/>
<opset="tmp_25/2 "/>
</bind>
</comp>

<comp id="263" class="1004" name="zext_ln53_1_fu_263">
<pin_list>
<pin id="264" dir="0" index="0" bw="15" slack="0"/>
<pin id="265" dir="1" index="1" bw="64" slack="0"/>
</pin_list>
<bind>
<opcode="zext(34) " fcode="zext"/>
<opset="zext_ln53_1/2 "/>
</bind>
</comp>

<comp id="269" class="1004" name="select_ln52_fu_269">
<pin_list>
<pin id="270" dir="0" index="0" bw="1" slack="1"/>
<pin id="271" dir="0" index="1" bw="24" slack="0"/>
<pin id="272" dir="0" index="2" bw="24" slack="0"/>
<pin id="273" dir="1" index="3" bw="24" slack="0"/>
</pin_list>
<bind>
<opcode="select(49) " fcode="select"/>
<opset="select_ln52/2 "/>
</bind>
</comp>

<comp id="278" class="1004" name="select_ln53_fu_278">
<pin_list>
<pin id="279" dir="0" index="0" bw="1" slack="1"/>
<pin id="280" dir="0" index="1" bw="24" slack="0"/>
<pin id="281" dir="0" index="2" bw="24" slack="0"/>
<pin id="282" dir="1" index="3" bw="24" slack="0"/>
</pin_list>
<bind>
<opcode="select(49) " fcode="select"/>
<opset="select_ln53/2 "/>
</bind>
</comp>

<comp id="287" class="1005" name="j_reg_287">
<pin_list>
<pin id="288" dir="0" index="0" bw="9" slack="0"/>
<pin id="289" dir="1" index="1" bw="9" slack="0"/>
</pin_list>
<bind>
<opset="j "/>
</bind>
</comp>

<comp id="294" class="1005" name="tmp_reg_294">
<pin_list>
<pin id="295" dir="0" index="0" bw="1" slack="1"/>
<pin id="296" dir="1" index="1" bw="1" slack="1"/>
</pin_list>
<bind>
<opset="tmp "/>
</bind>
</comp>

<comp id="303" class="1005" name="trunc_ln50_reg_303">
<pin_list>
<pin id="304" dir="0" index="0" bw="1" slack="1"/>
<pin id="305" dir="1" index="1" bw="1" slack="1"/>
</pin_list>
<bind>
<opset="trunc_ln50 "/>
</bind>
</comp>

<comp id="309" class="1005" name="lshr_ln2_reg_309">
<pin_list>
<pin id="310" dir="0" index="0" bw="7" slack="1"/>
<pin id="311" dir="1" index="1" bw="7" slack="1"/>
</pin_list>
<bind>
<opset="lshr_ln2 "/>
</bind>
</comp>

<comp id="314" class="1005" name="zext_ln50_reg_314">
<pin_list>
<pin id="315" dir="0" index="0" bw="8" slack="1"/>
<pin id="316" dir="1" index="1" bw="8" slack="1"/>
</pin_list>
<bind>
<opset="zext_ln50 "/>
</bind>
</comp>

<comp id="319" class="1005" name="buffer_addr_1_reg_319">
<pin_list>
<pin id="320" dir="0" index="0" bw="15" slack="1"/>
<pin id="321" dir="1" index="1" bw="15" slack="1"/>
</pin_list>
<bind>
<opset="buffer_addr_1 "/>
</bind>
</comp>

<comp id="324" class="1005" name="buffer_1_addr_1_reg_324">
<pin_list>
<pin id="325" dir="0" index="0" bw="15" slack="1"/>
<pin id="326" dir="1" index="1" bw="15" slack="1"/>
</pin_list>
<bind>
<opset="buffer_1_addr_1 "/>
</bind>
</comp>

<comp id="329" class="1005" name="buffer_2_addr_1_reg_329">
<pin_list>
<pin id="330" dir="0" index="0" bw="15" slack="1"/>
<pin id="331" dir="1" index="1" bw="15" slack="1"/>
</pin_list>
<bind>
<opset="buffer_2_addr_1 "/>
</bind>
</comp>

<comp id="334" class="1005" name="buffer_3_addr_1_reg_334">
<pin_list>
<pin id="335" dir="0" index="0" bw="15" slack="1"/>
<pin id="336" dir="1" index="1" bw="15" slack="1"/>
</pin_list>
<bind>
<opset="buffer_3_addr_1 "/>
</bind>
</comp>

</comp_list>

<net_list>
<net id="53"><net_src comp="12" pin="0"/><net_sink comp="50" pin=0"/></net>

<net id="58"><net_src comp="14" pin="0"/><net_sink comp="54" pin=0"/></net>

<net id="59"><net_src comp="4" pin="0"/><net_sink comp="54" pin=1"/></net>

<net id="64"><net_src comp="14" pin="0"/><net_sink comp="60" pin=0"/></net>

<net id="65"><net_src comp="0" pin="0"/><net_sink comp="60" pin=1"/></net>

<net id="71"><net_src comp="2" pin="0"/><net_sink comp="66" pin=0"/></net>

<net id="72"><net_src comp="30" pin="0"/><net_sink comp="66" pin=1"/></net>

<net id="78"><net_src comp="6" pin="0"/><net_sink comp="73" pin=0"/></net>

<net id="79"><net_src comp="30" pin="0"/><net_sink comp="73" pin=1"/></net>

<net id="85"><net_src comp="8" pin="0"/><net_sink comp="80" pin=0"/></net>

<net id="86"><net_src comp="30" pin="0"/><net_sink comp="80" pin=1"/></net>

<net id="92"><net_src comp="10" pin="0"/><net_sink comp="87" pin=0"/></net>

<net id="93"><net_src comp="30" pin="0"/><net_sink comp="87" pin=1"/></net>

<net id="103"><net_src comp="66" pin="3"/><net_sink comp="94" pin=2"/></net>

<net id="113"><net_src comp="73" pin="3"/><net_sink comp="104" pin=2"/></net>

<net id="123"><net_src comp="80" pin="3"/><net_sink comp="114" pin=2"/></net>

<net id="133"><net_src comp="87" pin="3"/><net_sink comp="124" pin=2"/></net>

<net id="139"><net_src comp="2" pin="0"/><net_sink comp="134" pin=0"/></net>

<net id="140"><net_src comp="30" pin="0"/><net_sink comp="134" pin=1"/></net>

<net id="146"><net_src comp="6" pin="0"/><net_sink comp="141" pin=0"/></net>

<net id="147"><net_src comp="30" pin="0"/><net_sink comp="141" pin=1"/></net>

<net id="153"><net_src comp="8" pin="0"/><net_sink comp="148" pin=0"/></net>

<net id="154"><net_src comp="30" pin="0"/><net_sink comp="148" pin=1"/></net>

<net id="160"><net_src comp="10" pin="0"/><net_sink comp="155" pin=0"/></net>

<net id="161"><net_src comp="30" pin="0"/><net_sink comp="155" pin=1"/></net>

<net id="162"><net_src comp="134" pin="3"/><net_sink comp="94" pin=0"/></net>

<net id="163"><net_src comp="148" pin="3"/><net_sink comp="114" pin=0"/></net>

<net id="164"><net_src comp="141" pin="3"/><net_sink comp="104" pin=0"/></net>

<net id="165"><net_src comp="155" pin="3"/><net_sink comp="124" pin=0"/></net>

<net id="170"><net_src comp="16" pin="0"/><net_sink comp="166" pin=0"/></net>

<net id="178"><net_src comp="171" pin="1"/><net_sink comp="174" pin=0"/></net>

<net id="179"><net_src comp="18" pin="0"/><net_sink comp="174" pin=1"/></net>

<net id="184"><net_src comp="171" pin="1"/><net_sink comp="180" pin=0"/></net>

<net id="185"><net_src comp="20" pin="0"/><net_sink comp="180" pin=1"/></net>

<net id="189"><net_src comp="171" pin="1"/><net_sink comp="186" pin=0"/></net>

<net id="196"><net_src comp="22" pin="0"/><net_sink comp="190" pin=0"/></net>

<net id="197"><net_src comp="171" pin="1"/><net_sink comp="190" pin=1"/></net>

<net id="198"><net_src comp="12" pin="0"/><net_sink comp="190" pin=2"/></net>

<net id="199"><net_src comp="24" pin="0"/><net_sink comp="190" pin=3"/></net>

<net id="203"><net_src comp="190" pin="4"/><net_sink comp="200" pin=0"/></net>

<net id="210"><net_src comp="26" pin="0"/><net_sink comp="204" pin=0"/></net>

<net id="211"><net_src comp="60" pin="2"/><net_sink comp="204" pin=1"/></net>

<net id="212"><net_src comp="28" pin="0"/><net_sink comp="204" pin=2"/></net>

<net id="213"><net_src comp="200" pin="1"/><net_sink comp="204" pin=3"/></net>

<net id="217"><net_src comp="204" pin="4"/><net_sink comp="214" pin=0"/></net>

<net id="218"><net_src comp="214" pin="1"/><net_sink comp="66" pin=2"/></net>

<net id="219"><net_src comp="214" pin="1"/><net_sink comp="73" pin=2"/></net>

<net id="226"><net_src comp="32" pin="0"/><net_sink comp="220" pin=0"/></net>

<net id="227"><net_src comp="60" pin="2"/><net_sink comp="220" pin=1"/></net>

<net id="228"><net_src comp="34" pin="0"/><net_sink comp="220" pin=2"/></net>

<net id="229"><net_src comp="190" pin="4"/><net_sink comp="220" pin=3"/></net>

<net id="233"><net_src comp="220" pin="4"/><net_sink comp="230" pin=0"/></net>

<net id="234"><net_src comp="230" pin="1"/><net_sink comp="80" pin=2"/></net>

<net id="235"><net_src comp="230" pin="1"/><net_sink comp="87" pin=2"/></net>

<net id="240"><net_src comp="180" pin="2"/><net_sink comp="236" pin=0"/></net>

<net id="247"><net_src comp="26" pin="0"/><net_sink comp="241" pin=0"/></net>

<net id="248"><net_src comp="28" pin="0"/><net_sink comp="241" pin=2"/></net>

<net id="252"><net_src comp="241" pin="4"/><net_sink comp="249" pin=0"/></net>

<net id="253"><net_src comp="249" pin="1"/><net_sink comp="134" pin=2"/></net>

<net id="254"><net_src comp="249" pin="1"/><net_sink comp="141" pin=2"/></net>

<net id="261"><net_src comp="32" pin="0"/><net_sink comp="255" pin=0"/></net>

<net id="262"><net_src comp="34" pin="0"/><net_sink comp="255" pin=2"/></net>

<net id="266"><net_src comp="255" pin="4"/><net_sink comp="263" pin=0"/></net>

<net id="267"><net_src comp="263" pin="1"/><net_sink comp="148" pin=2"/></net>

<net id="268"><net_src comp="263" pin="1"/><net_sink comp="155" pin=2"/></net>

<net id="274"><net_src comp="104" pin="7"/><net_sink comp="269" pin=1"/></net>

<net id="275"><net_src comp="94" pin="7"/><net_sink comp="269" pin=2"/></net>

<net id="276"><net_src comp="269" pin="3"/><net_sink comp="94" pin=1"/></net>

<net id="277"><net_src comp="269" pin="3"/><net_sink comp="104" pin=1"/></net>

<net id="283"><net_src comp="124" pin="7"/><net_sink comp="278" pin=1"/></net>

<net id="284"><net_src comp="114" pin="7"/><net_sink comp="278" pin=2"/></net>

<net id="285"><net_src comp="278" pin="3"/><net_sink comp="114" pin=1"/></net>

<net id="286"><net_src comp="278" pin="3"/><net_sink comp="124" pin=1"/></net>

<net id="290"><net_src comp="50" pin="1"/><net_sink comp="287" pin=0"/></net>

<net id="291"><net_src comp="287" pin="1"/><net_sink comp="166" pin=1"/></net>

<net id="292"><net_src comp="287" pin="1"/><net_sink comp="171" pin=0"/></net>

<net id="293"><net_src comp="287" pin="1"/><net_sink comp="236" pin=1"/></net>

<net id="297"><net_src comp="54" pin="2"/><net_sink comp="294" pin=0"/></net>

<net id="298"><net_src comp="294" pin="1"/><net_sink comp="241" pin=1"/></net>

<net id="299"><net_src comp="294" pin="1"/><net_sink comp="255" pin=1"/></net>

<net id="306"><net_src comp="186" pin="1"/><net_sink comp="303" pin=0"/></net>

<net id="307"><net_src comp="303" pin="1"/><net_sink comp="269" pin=0"/></net>

<net id="308"><net_src comp="303" pin="1"/><net_sink comp="278" pin=0"/></net>

<net id="312"><net_src comp="190" pin="4"/><net_sink comp="309" pin=0"/></net>

<net id="313"><net_src comp="309" pin="1"/><net_sink comp="255" pin=3"/></net>

<net id="317"><net_src comp="200" pin="1"/><net_sink comp="314" pin=0"/></net>

<net id="318"><net_src comp="314" pin="1"/><net_sink comp="241" pin=3"/></net>

<net id="322"><net_src comp="66" pin="3"/><net_sink comp="319" pin=0"/></net>

<net id="323"><net_src comp="319" pin="1"/><net_sink comp="94" pin=2"/></net>

<net id="327"><net_src comp="73" pin="3"/><net_sink comp="324" pin=0"/></net>

<net id="328"><net_src comp="324" pin="1"/><net_sink comp="104" pin=2"/></net>

<net id="332"><net_src comp="80" pin="3"/><net_sink comp="329" pin=0"/></net>

<net id="333"><net_src comp="329" pin="1"/><net_sink comp="114" pin=2"/></net>

<net id="337"><net_src comp="87" pin="3"/><net_sink comp="334" pin=0"/></net>

<net id="338"><net_src comp="334" pin="1"/><net_sink comp="124" pin=2"/></net>

</net_list>

</model> 
---------------- Datapath Model END ------------------

* FSMD analyzer results:
  - Output states:
	Port: buffer_r | {2 }
	Port: buffer_1 | {2 }
	Port: buffer_2 | {2 }
	Port: buffer_3 | {2 }
 - Input state : 
	Port: compute_Pipeline_VITIS_LOOP_50_4 : empty_38 | {1 }
	Port: compute_Pipeline_VITIS_LOOP_50_4 : buffer_r | {1 2 }
	Port: compute_Pipeline_VITIS_LOOP_50_4 : empty | {1 }
	Port: compute_Pipeline_VITIS_LOOP_50_4 : buffer_1 | {1 2 }
	Port: compute_Pipeline_VITIS_LOOP_50_4 : buffer_2 | {1 2 }
	Port: compute_Pipeline_VITIS_LOOP_50_4 : buffer_3 | {1 2 }
  - Chain level:
	State 1
		store_ln50 : 1
		j_1 : 1
		icmp_ln50 : 2
		add_ln50 : 2
		br_ln50 : 3
		trunc_ln50 : 2
		lshr_ln2 : 2
		zext_ln50 : 3
		tmp_s : 4
		zext_ln52 : 5
		buffer_addr_1 : 6
		buffer_1_addr_1 : 6
		tmp_24 : 3
		zext_ln53 : 4
		buffer_2_addr_1 : 5
		buffer_3_addr_1 : 5
		buffer_load : 7
		buffer_1_load : 7
		buffer_2_load : 6
		buffer_3_load : 6
		br_ln52 : 3
		store_ln50 : 3
	State 2
		zext_ln52_1 : 1
		buffer_addr_2 : 2
		buffer_1_addr_2 : 2
		zext_ln53_1 : 1
		buffer_2_addr_2 : 2
		buffer_3_addr_2 : 2
		select_ln52 : 1
		select_ln53 : 1
		store_ln52 : 3
		store_ln53 : 3
		store_ln52 : 3
		store_ln53 : 3


============================================================
+ Verbose Summary: Datapath Resource usage 
============================================================

* Functional unit list:
|----------|--------------------|---------|---------|
| Operation|   Functional Unit  |    FF   |   LUT   |
|----------|--------------------|---------|---------|
|  select  | select_ln52_fu_269 |    0    |    24   |
|          | select_ln53_fu_278 |    0    |    24   |
|----------|--------------------|---------|---------|
|   icmp   |  icmp_ln50_fu_174  |    0    |    16   |
|----------|--------------------|---------|---------|
|    add   |   add_ln50_fu_180  |    0    |    16   |
|----------|--------------------|---------|---------|
|   read   |   tmp_read_fu_54   |    0    |    0    |
|          |  tmp_26_read_fu_60 |    0    |    0    |
|----------|--------------------|---------|---------|
|   trunc  |  trunc_ln50_fu_186 |    0    |    0    |
|----------|--------------------|---------|---------|
|partselect|   lshr_ln2_fu_190  |    0    |    0    |
|----------|--------------------|---------|---------|
|          |  zext_ln50_fu_200  |    0    |    0    |
|          |  zext_ln52_fu_214  |    0    |    0    |
|   zext   |  zext_ln53_fu_230  |    0    |    0    |
|          | zext_ln52_1_fu_249 |    0    |    0    |
|          | zext_ln53_1_fu_263 |    0    |    0    |
|----------|--------------------|---------|---------|
|          |    tmp_s_fu_204    |    0    |    0    |
|bitconcatenate|    tmp_24_fu_220   |    0    |    0    |
|          |    tmp_23_fu_241   |    0    |    0    |
|          |    tmp_25_fu_255   |    0    |    0    |
|----------|--------------------|---------|---------|
|   Total  |                    |    0    |    80   |
|----------|--------------------|---------|---------|

Memories:
N/A

* Register list:
+-----------------------+--------+
|                       |   FF   |
+-----------------------+--------+
|buffer_1_addr_1_reg_324|   15   |
|buffer_2_addr_1_reg_329|   15   |
|buffer_3_addr_1_reg_334|   15   |
| buffer_addr_1_reg_319 |   15   |
|       j_reg_287       |    9   |
|    lshr_ln2_reg_309   |    7   |
|      tmp_reg_294      |    1   |
|   trunc_ln50_reg_303  |    1   |
|   zext_ln50_reg_314   |    8   |
+-----------------------+--------+
|         Total         |   86   |
+-----------------------+--------+

* Multiplexer (MUX) list: 
|-------------------|------|------|------|--------||---------||---------||---------|
|        Comp       |  Pin | Size |  BW  | S x BW ||  Delay  ||    FF   ||   LUT   |
|-------------------|------|------|------|--------||---------||---------||---------|
|  grp_access_fu_94 |  p2  |   2  |   0  |    0   ||    0    ||    9    |
| grp_access_fu_104 |  p2  |   2  |   0  |    0   ||    0    ||    9    |
| grp_access_fu_114 |  p2  |   2  |   0  |    0   ||    0    ||    9    |
| grp_access_fu_124 |  p2  |   2  |   0  |    0   ||    0    ||    9    |
|-------------------|------|------|------|--------||---------||---------||---------|
|       Total       |      |      |      |    0   ||  1.956  ||    0    ||    36   |
|-------------------|------|------|------|--------||---------||---------||---------|



* Summary:
+-----------+--------+--------+--------+
|           |  Delay |   FF   |   LUT  |
+-----------+--------+--------+--------+
|  Function |    -   |    0   |   80   |
|   Memory  |    -   |    -   |    -   |
|Multiplexer|    1   |    0   |   36   |
|  Register |    -   |   86   |    -   |
+-----------+--------+--------+--------+
|   Total   |    1   |   86   |   116  |
+-----------+--------+--------+--------+
