

================================================================
== Vitis HLS Report for 'compute_Pipeline_VITIS_LOOP_72_6_VITIS_LOOP_73_7'
================================================================
* Date:           Fri Feb 20 13:28:02 2026

* Version:        2025.1.1 (Build 6214317 on Sep 11 2025)
* Project:        project_1
* Solution:       hls (Vivado IP Flow Target)
* Product family: zynquplus
* Target device:  xczu3eg-sbva484-1-e


================================================================
== Performance Estimates
================================================================
+ Timing: 
    * Summary: 
    +--------+----------+----------+------------+
    |  Clock |  Target  | Estimated| Uncertainty|
    +--------+----------+----------+------------+
    |ap_clk  |  10.00 ns|  6.855 ns|     2.70 ns|
    +--------+----------+----------+------------+

+ Latency: 
    * Summary: 
    +---------+---------+----------+----------+-------+-------+------------------------------------------------+
    |  Latency (cycles) |  Latency (absolute) |    Interval   |                    Pipeline                    |
    |   min   |   max   |    min   |    max   |  min  |  max  |                      Type                      |
    +---------+---------+----------+----------+-------+-------+------------------------------------------------+
    |    65540|    65540|  0.655 ms|  0.655 ms|  65537|  65537|  loop auto-rewind stp (delay=0 clock cycles(s))|
    +---------+---------+----------+----------+-------+-------+------------------------------------------------+

    + Detail: 
        * Instance: 
        N/A

        * Loop: 
        +-----------------------------------+---------+---------+----------+-----------+-----------+-------+----------+
        |                                   |  Latency (cycles) | Iteration|  Initiation Interval  |  Trip |          |
        |             Loop Name             |   min   |   max   |  Latency |  achieved |   target  | Count | Pipelined|
        +-----------------------------------+---------+---------+----------+-----------+-----------+-------+----------+
        |- VITIS_LOOP_72_6_VITIS_LOOP_73_7  |    65538|    65538|         4|          1|          1|  65536|       yes|
        +-----------------------------------+---------+---------+----------+-----------+-----------+-------+----------+

============================================================
+ Verbose Summary: Synthesis Manager
============================================================
InlineROM: 1
ExposeGlobal: 0
============================================================
+ Verbose Summary: CDFG Model
============================================================
IsTopModel: 0
ResetActiveHigh: 1
IsCombinational: 0
IsDatapathOnly: 0
HasWiredReturn: 1
HasMFsm: 2
HasVarLatency: 1
IsPipeline: 0
IsRtlPipelined: 0
IsInstanceOverlapped: 0
IsDontTouch: 0
HasImplIP: 0
IsGatedGlobalClock: 0

+ Individual pipeline summary: 
  * Pipeline-0: initiation interval (II) = 1, depth = 5


============================================================
+ Verbose Summary: Schedule
============================================================
* Number of FSM states : 5
* Pipeline : 1
  Pipeline-0 : II = 1, D = 5, States = { 1 2 3 4 5 }
* Dataflow Pipeline: 0

* FSM state transitions: 
1 --> 2 
2 --> 3 
3 --> 4 
4 --> 5 
5 --> 

* FSM state operations: 

State 1 <SV = 0> <Delay = 0.48>
ST_1 : Operation 7 [1/1] (0.00ns)   --->   "%j = alloca i32 1" [top.cpp:73]   --->   Operation 7 'alloca' 'j' <Predicate = true> <Delay = 0.00>
ST_1 : Operation 8 [1/1] (0.00ns)   --->   "%i = alloca i32 1" [top.cpp:72]   --->   Operation 8 'alloca' 'i' <Predicate = true> <Delay = 0.00>
ST_1 : Operation 9 [1/1] (0.00ns)   --->   "%indvar_flatten6 = alloca i32 1"   --->   Operation 9 'alloca' 'indvar_flatten6' <Predicate = true> <Delay = 0.00>
ST_1 : Operation 10 [1/1] (0.00ns)   --->   "%p_0_0_0130758 = alloca i32 1"   --->   Operation 10 'alloca' 'p_0_0_0130758' <Predicate = true> <Delay = 0.00>
ST_1 : Operation 11 [1/1] (0.00ns)   --->   "%p_0_0_01307_160 = alloca i32 1"   --->   Operation 11 'alloca' 'p_0_0_01307_160' <Predicate = true> <Delay = 0.00>
ST_1 : Operation 12 [1/1] (0.00ns)   --->   "%p_0_0_01307_262 = alloca i32 1"   --->   Operation 12 'alloca' 'p_0_0_01307_262' <Predicate = true> <Delay = 0.00>
ST_1 : Operation 13 [1/1] (0.00ns)   --->   "%tmp = read i1 @_ssdm_op_Read.ap_auto.i1, i1 %empty"   --->   Operation 13 'read' 'tmp' <Predicate = true> <Delay = 0.00>
ST_1 : Operation 14 [1/1] (0.00ns)   --->   "%p_0_0_01303_lcssa_lcssa76_read = read i24 @_ssdm_op_Read.ap_auto.i24, i24 %p_0_0_01303_lcssa_lcssa76"   --->   Operation 14 'read' 'p_0_0_01303_lcssa_lcssa76_read' <Predicate = true> <Delay = 0.00>
ST_1 : Operation 15 [1/1] (0.00ns)   --->   "%p_0_0_01302_lcssa_lcssa78_read = read i24 @_ssdm_op_Read.ap_auto.i24, i24 %p_0_0_01302_lcssa_lcssa78"   --->   Operation 15 'read' 'p_0_0_01302_lcssa_lcssa78_read' <Predicate = true> <Delay = 0.00>
ST_1 : Operation 16 [1/1] (0.00ns)   --->   "%new_pixel_0_0_0_0_lcssa_lcssa80_read = read i24 @_ssdm_op_Read.ap_auto.i24, i24 %new_pixel_0_0_0_0_lcssa_lcssa80"   --->   Operation 16 'read' 'new_pixel_0_0_0_0_lcssa_lcssa80_read' <Predicate = true> <Delay = 0.00>
ST_1 : Operation 17 [1/1] (0.00ns)   --->   "%line_buf_1 = alloca i64 1" [top.cpp:24]   --->   Operation 17 'alloca' 'line_buf_1' <Predicate = true> <Delay = 0.00> <CoreInst = "RAM">   --->   Core 82 'RAM' <Latency = 1> <II = 1> <Delay = 1.35> <Storage> <Opcode : 'load' 'store'> <Ports = 2> <Width = 24> <Depth = 256> <RAM>
ST_1 : Operation 18 [1/1] (0.00ns)   --->   "%line_buf = alloca i64 1" [top.cpp:24]   --->   Operation 18 'alloca' 'line_buf' <Predicate = true> <Delay = 0.00> <CoreInst = "RAM">   --->   Core 82 'RAM' <Latency = 1> <II = 1> <Delay = 1.35> <Storage> <Opcode : 'load' 'store'> <Ports = 2> <Width = 24> <Depth = 256> <RAM>
ST_1 : Operation 19 [1/1] (0.48ns)   --->   "%store_ln0 = store i24 %new_pixel_0_0_0_0_lcssa_lcssa80_read, i24 %p_0_0_01307_262"   --->   Operation 19 'store' 'store_ln0' <Predicate = true> <Delay = 0.48>
ST_1 : Operation 20 [1/1] (0.48ns)   --->   "%store_ln0 = store i24 %p_0_0_01302_lcssa_lcssa78_read, i24 %p_0_0_01307_160"   --->   Operation 20 'store' 'store_ln0' <Predicate = true> <Delay = 0.48>
ST_1 : Operation 21 [1/1] (0.48ns)   --->   "%store_ln0 = store i24 %p_0_0_01303_lcssa_lcssa76_read, i24 %p_0_0_0130758"   --->   Operation 21 'store' 'store_ln0' <Predicate = true> <Delay = 0.48>
ST_1 : Operation 22 [1/1] (0.48ns)   --->   "%store_ln0 = store i17 0, i17 %indvar_flatten6"   --->   Operation 22 'store' 'store_ln0' <Predicate = true> <Delay = 0.48>
ST_1 : Operation 23 [1/1] (0.48ns)   --->   "%store_ln72 = store i9 0, i9 %i" [top.cpp:72]   --->   Operation 23 'store' 'store_ln72' <Predicate = true> <Delay = 0.48>
ST_1 : Operation 24 [1/1] (0.48ns)   --->   "%store_ln73 = store i9 0, i9 %j" [top.cpp:73]   --->   Operation 24 'store' 'store_ln73' <Predicate = true> <Delay = 0.48>
ST_1 : Operation 25 [1/1] (0.00ns)   --->   "%br_ln72 = br void %VITIS_LOOP_77_8" [top.cpp:72]   --->   Operation 25 'br' 'br_ln72' <Predicate = true> <Delay = 0.00>

State 2 <SV = 1> <Delay = 2.78>
ST_2 : Operation 26 [1/1] (0.00ns)   --->   "%indvar_flatten6_load = load i17 %indvar_flatten6" [top.cpp:72]   --->   Operation 26 'load' 'indvar_flatten6_load' <Predicate = true> <Delay = 0.00>
ST_2 : Operation 27 [1/1] (1.02ns)   --->   "%icmp_ln72 = icmp_eq  i17 %indvar_flatten6_load, i17 65536" [top.cpp:72]   --->   Operation 27 'icmp' 'icmp_ln72' <Predicate = true> <Delay = 1.02> <CoreInst = "Cmp">   --->   Core 9 'Cmp' <Latency = 0> <II = 1> <Delay = 1.02> <FuncUnit> <Opcode : 'seteq' 'setne' 'setle' 'setge' 'setlt' 'setgt'> <InPorts = 2> <OutPorts = 1>
ST_2 : Operation 28 [1/1] (1.02ns)   --->   "%add_ln72_1 = add i17 %indvar_flatten6_load, i17 1" [top.cpp:72]   --->   Operation 28 'add' 'add_ln72_1' <Predicate = true> <Delay = 1.02> <CoreInst = "Adder">   --->   Core 1 'Adder' <Latency = 0> <II = 1> <Delay = 1.02> <FuncUnit> <Opcode : 'add' 'sub'> <InPorts = 2> <OutPorts = 1>
ST_2 : Operation 29 [1/1] (0.00ns)   --->   "%br_ln72 = br i1 %icmp_ln72, void %for.inc206, void %for.inc209.exitStub" [top.cpp:72]   --->   Operation 29 'br' 'br_ln72' <Predicate = true> <Delay = 0.00>
ST_2 : Operation 30 [1/1] (0.00ns)   --->   "%j_load = load i9 %j" [top.cpp:73]   --->   Operation 30 'load' 'j_load' <Predicate = (!icmp_ln72)> <Delay = 0.00>
ST_2 : Operation 31 [1/1] (0.00ns)   --->   "%i_load = load i9 %i" [top.cpp:72]   --->   Operation 31 'load' 'i_load' <Predicate = (!icmp_ln72)> <Delay = 0.00>
ST_2 : Operation 32 [1/1] (0.92ns)   --->   "%add_ln72 = add i9 %i_load, i9 1" [top.cpp:72]   --->   Operation 32 'add' 'add_ln72' <Predicate = (!icmp_ln72)> <Delay = 0.92> <CoreInst = "Adder">   --->   Core 1 'Adder' <Latency = 0> <II = 1> <Delay = 0.92> <FuncUnit> <Opcode : 'add' 'sub'> <InPorts = 2> <OutPorts = 1>
ST_2 : Operation 33 [1/1] (0.92ns)   --->   "%icmp_ln73 = icmp_eq  i9 %j_load, i9 256" [top.cpp:73]   --->   Operation 33 'icmp' 'icmp_ln73' <Predicate = (!icmp_ln72)> <Delay = 0.92> <CoreInst = "Cmp">   --->   Core 9 'Cmp' <Latency = 0> <II = 1> <Delay = 0.92> <FuncUnit> <Opcode : 'seteq' 'setne' 'setle' 'setge' 'setlt' 'setgt'> <InPorts = 2> <OutPorts = 1>
ST_2 : Operation 34 [1/1] (0.45ns)   --->   "%select_ln72 = select i1 %icmp_ln73, i9 0, i9 %j_load" [top.cpp:72]   --->   Operation 34 'select' 'select_ln72' <Predicate = (!icmp_ln72)> <Delay = 0.45> <CoreInst = "Sel">   --->   Core 73 'Sel' <Latency = 0> <II = 1> <Delay = 0.45> <FuncUnit> <Opcode : 'select'> <InPorts = 3> <OutPorts = 1>
ST_2 : Operation 35 [1/1] (0.45ns)   --->   "%select_ln72_1 = select i1 %icmp_ln73, i9 %add_ln72, i9 %i_load" [top.cpp:72]   --->   Operation 35 'select' 'select_ln72_1' <Predicate = (!icmp_ln72)> <Delay = 0.45> <CoreInst = "Sel">   --->   Core 73 'Sel' <Latency = 0> <II = 1> <Delay = 0.45> <FuncUnit> <Opcode : 'select'> <InPorts = 3> <OutPorts = 1>
ST_2 : Operation 36 [1/1] (0.00ns)   --->   "%trunc_ln72 = trunc i9 %select_ln72_1" [top.cpp:72]   --->   Operation 36 'trunc' 'trunc_ln72' <Predicate = (!icmp_ln72)> <Delay = 0.00>
ST_2 : Operation 37 [1/1] (0.00ns)   --->   "%trunc_ln72_1 = trunc i9 %select_ln72_1" [top.cpp:72]   --->   Operation 37 'trunc' 'trunc_ln72_1' <Predicate = (!icmp_ln72)> <Delay = 0.00>
ST_2 : Operation 38 [1/1] (0.00ns)   --->   "%tmp_1 = partselect i8 @_ssdm_op_PartSelect.i8.i9.i32.i32, i9 %select_ln72_1, i32 1, i32 8" [top.cpp:72]   --->   Operation 38 'partselect' 'tmp_1' <Predicate = (!icmp_ln72)> <Delay = 0.00>
ST_2 : Operation 39 [1/1] (0.90ns)   --->   "%icmp = icmp_ne  i8 %tmp_1, i8 0" [top.cpp:72]   --->   Operation 39 'icmp' 'icmp' <Predicate = (!icmp_ln72)> <Delay = 0.90> <CoreInst = "Cmp">   --->   Core 9 'Cmp' <Latency = 0> <II = 1> <Delay = 0.90> <FuncUnit> <Opcode : 'seteq' 'setne' 'setle' 'setge' 'setlt' 'setgt'> <InPorts = 2> <OutPorts = 1>
ST_2 : Operation 40 [1/1] (0.90ns)   --->   "%empty_35 = add i8 %trunc_ln72_1, i8 255" [top.cpp:72]   --->   Operation 40 'add' 'empty_35' <Predicate = (!icmp_ln72)> <Delay = 0.90> <CoreInst = "Adder">   --->   Core 1 'Adder' <Latency = 0> <II = 1> <Delay = 0.90> <FuncUnit> <Opcode : 'add' 'sub'> <InPorts = 2> <OutPorts = 1>
ST_2 : Operation 41 [1/1] (0.00ns)   --->   "%zext_ln73 = zext i9 %select_ln72" [top.cpp:73]   --->   Operation 41 'zext' 'zext_ln73' <Predicate = (!icmp_ln72)> <Delay = 0.00>
ST_2 : Operation 42 [1/1] (0.00ns)   --->   "%trunc_ln73 = trunc i9 %select_ln72" [top.cpp:73]   --->   Operation 42 'trunc' 'trunc_ln73' <Predicate = (!icmp_ln72)> <Delay = 0.00>
ST_2 : Operation 43 [1/1] (0.00ns)   --->   "%trunc_ln73_1 = trunc i9 %select_ln72" [top.cpp:73]   --->   Operation 43 'trunc' 'trunc_ln73_1' <Predicate = (!icmp_ln72)> <Delay = 0.00>
ST_2 : Operation 44 [1/1] (0.00ns)   --->   "%lshr_ln73_1 = partselect i7 @_ssdm_op_PartSelect.i7.i9.i32.i32, i9 %select_ln72, i32 1, i32 7" [top.cpp:73]   --->   Operation 44 'partselect' 'lshr_ln73_1' <Predicate = (!icmp_ln72)> <Delay = 0.00>
ST_2 : Operation 45 [1/1] (0.00ns)   --->   "%tmp_s = partselect i7 @_ssdm_op_PartSelect.i7.i9.i32.i32, i9 %select_ln72_1, i32 1, i32 7" [top.cpp:85]   --->   Operation 45 'partselect' 'tmp_s' <Predicate = (!icmp_ln72)> <Delay = 0.00>
ST_2 : Operation 46 [1/1] (0.00ns)   --->   "%tmp_2 = bitconcatenate i14 @_ssdm_op_BitConcatenate.i14.i7.i7, i7 %tmp_s, i7 %lshr_ln73_1" [top.cpp:85]   --->   Operation 46 'bitconcatenate' 'tmp_2' <Predicate = (!icmp_ln72)> <Delay = 0.00>
ST_2 : Operation 47 [1/1] (0.00ns)   --->   "%zext_ln85 = zext i14 %tmp_2" [top.cpp:85]   --->   Operation 47 'zext' 'zext_ln85' <Predicate = (!icmp_ln72)> <Delay = 0.00>
ST_2 : Operation 48 [1/1] (0.00ns)   --->   "%bufferA_addr = getelementptr i24 %bufferA, i64 0, i64 %zext_ln85" [top.cpp:85]   --->   Operation 48 'getelementptr' 'bufferA_addr' <Predicate = (!icmp_ln72 & !tmp)> <Delay = 0.00>
ST_2 : Operation 49 [1/1] (0.00ns)   --->   "%bufferA_1_addr = getelementptr i24 %bufferA_1, i64 0, i64 %zext_ln85" [top.cpp:85]   --->   Operation 49 'getelementptr' 'bufferA_1_addr' <Predicate = (!icmp_ln72 & !tmp)> <Delay = 0.00>
ST_2 : Operation 50 [1/1] (0.00ns)   --->   "%bufferA_2_addr = getelementptr i24 %bufferA_2, i64 0, i64 %zext_ln85" [top.cpp:85]   --->   Operation 50 'getelementptr' 'bufferA_2_addr' <Predicate = (!icmp_ln72 & !tmp)> <Delay = 0.00>
ST_2 : Operation 51 [1/1] (0.00ns)   --->   "%bufferA_3_addr = getelementptr i24 %bufferA_3, i64 0, i64 %zext_ln85" [top.cpp:85]   --->   Operation 51 'getelementptr' 'bufferA_3_addr' <Predicate = (!icmp_ln72 & !tmp)> <Delay = 0.00>
ST_2 : Operation 52 [1/1] (0.00ns)   --->   "%bufferB_addr = getelementptr i24 %bufferB, i64 0, i64 %zext_ln85" [top.cpp:87]   --->   Operation 52 'getelementptr' 'bufferB_addr' <Predicate = (!icmp_ln72 & tmp)> <Delay = 0.00>
ST_2 : Operation 53 [1/1] (0.00ns)   --->   "%bufferB_1_addr = getelementptr i24 %bufferB_1, i64 0, i64 %zext_ln85" [top.cpp:87]   --->   Operation 53 'getelementptr' 'bufferB_1_addr' <Predicate = (!icmp_ln72 & tmp)> <Delay = 0.00>
ST_2 : Operation 54 [1/1] (0.00ns)   --->   "%bufferB_2_addr = getelementptr i24 %bufferB_2, i64 0, i64 %zext_ln85" [top.cpp:87]   --->   Operation 54 'getelementptr' 'bufferB_2_addr' <Predicate = (!icmp_ln72 & tmp)> <Delay = 0.00>
ST_2 : Operation 55 [1/1] (0.00ns)   --->   "%bufferB_3_addr = getelementptr i24 %bufferB_3, i64 0, i64 %zext_ln85" [top.cpp:87]   --->   Operation 55 'getelementptr' 'bufferB_3_addr' <Predicate = (!icmp_ln72 & tmp)> <Delay = 0.00>
ST_2 : Operation 56 [2/2] (1.35ns)   --->   "%bufferB_load = load i14 %bufferB_addr" [top.cpp:87]   --->   Operation 56 'load' 'bufferB_load' <Predicate = (!icmp_ln72 & tmp)> <Delay = 1.35> <CoreInst = "RAM">   --->   Core 82 'RAM' <Latency = 1> <II = 1> <Delay = 1.35> <Storage> <Opcode : 'load' 'store'> <Ports = 2> <Width = 24> <Depth = 16384> <RAM>
ST_2 : Operation 57 [2/2] (1.35ns)   --->   "%bufferB_1_load = load i14 %bufferB_1_addr" [top.cpp:87]   --->   Operation 57 'load' 'bufferB_1_load' <Predicate = (!icmp_ln72 & tmp)> <Delay = 1.35> <CoreInst = "RAM">   --->   Core 82 'RAM' <Latency = 1> <II = 1> <Delay = 1.35> <Storage> <Opcode : 'load' 'store'> <Ports = 2> <Width = 24> <Depth = 16384> <RAM>
ST_2 : Operation 58 [2/2] (1.35ns)   --->   "%bufferB_2_load = load i14 %bufferB_2_addr" [top.cpp:87]   --->   Operation 58 'load' 'bufferB_2_load' <Predicate = (!icmp_ln72 & tmp)> <Delay = 1.35> <CoreInst = "RAM">   --->   Core 82 'RAM' <Latency = 1> <II = 1> <Delay = 1.35> <Storage> <Opcode : 'load' 'store'> <Ports = 2> <Width = 24> <Depth = 16384> <RAM>
ST_2 : Operation 59 [2/2] (1.35ns)   --->   "%bufferB_3_load = load i14 %bufferB_3_addr" [top.cpp:87]   --->   Operation 59 'load' 'bufferB_3_load' <Predicate = (!icmp_ln72 & tmp)> <Delay = 1.35> <CoreInst = "RAM">   --->   Core 82 'RAM' <Latency = 1> <II = 1> <Delay = 1.35> <Storage> <Opcode : 'load' 'store'> <Ports = 2> <Width = 24> <Depth = 16384> <RAM>
ST_2 : Operation 60 [2/2] (1.35ns)   --->   "%bufferA_load = load i14 %bufferA_addr" [top.cpp:85]   --->   Operation 60 'load' 'bufferA_load' <Predicate = (!icmp_ln72 & !tmp)> <Delay = 1.35> <CoreInst = "RAM">   --->   Core 82 'RAM' <Latency = 1> <II = 1> <Delay = 1.35> <Storage> <Opcode : 'load' 'store'> <Ports = 2> <Width = 24> <Depth = 16384> <RAM>
ST_2 : Operation 61 [2/2] (1.35ns)   --->   "%bufferA_1_load = load i14 %bufferA_1_addr" [top.cpp:85]   --->   Operation 61 'load' 'bufferA_1_load' <Predicate = (!icmp_ln72 & !tmp)> <Delay = 1.35> <CoreInst = "RAM">   --->   Core 82 'RAM' <Latency = 1> <II = 1> <Delay = 1.35> <Storage> <Opcode : 'load' 'store'> <Ports = 2> <Width = 24> <Depth = 16384> <RAM>
ST_2 : Operation 62 [2/2] (1.35ns)   --->   "%bufferA_2_load = load i14 %bufferA_2_addr" [top.cpp:85]   --->   Operation 62 'load' 'bufferA_2_load' <Predicate = (!icmp_ln72 & !tmp)> <Delay = 1.35> <CoreInst = "RAM">   --->   Core 82 'RAM' <Latency = 1> <II = 1> <Delay = 1.35> <Storage> <Opcode : 'load' 'store'> <Ports = 2> <Width = 24> <Depth = 16384> <RAM>
ST_2 : Operation 63 [2/2] (1.35ns)   --->   "%bufferA_3_load = load i14 %bufferA_3_addr" [top.cpp:85]   --->   Operation 63 'load' 'bufferA_3_load' <Predicate = (!icmp_ln72 & !tmp)> <Delay = 1.35> <CoreInst = "RAM">   --->   Core 82 'RAM' <Latency = 1> <II = 1> <Delay = 1.35> <Storage> <Opcode : 'load' 'store'> <Ports = 2> <Width = 24> <Depth = 16384> <RAM>
ST_2 : Operation 64 [1/1] (0.00ns)   --->   "%line_buf_addr = getelementptr i24 %line_buf, i64 0, i64 %zext_ln73" [top.cpp:89]   --->   Operation 64 'getelementptr' 'line_buf_addr' <Predicate = (!icmp_ln72)> <Delay = 0.00>
ST_2 : Operation 65 [2/2] (1.35ns)   --->   "%line_buf_load = load i8 %line_buf_addr" [top.cpp:97]   --->   Operation 65 'load' 'line_buf_load' <Predicate = (!icmp_ln72)> <Delay = 1.35> <CoreInst = "RAM">   --->   Core 82 'RAM' <Latency = 1> <II = 1> <Delay = 1.35> <Storage> <Opcode : 'load' 'store'> <Ports = 2> <Width = 24> <Depth = 256> <RAM>
ST_2 : Operation 66 [1/1] (0.00ns)   --->   "%line_buf_1_addr = getelementptr i24 %line_buf_1, i64 0, i64 %zext_ln73" [top.cpp:90]   --->   Operation 66 'getelementptr' 'line_buf_1_addr' <Predicate = (!icmp_ln72)> <Delay = 0.00>
ST_2 : Operation 67 [2/2] (1.35ns)   --->   "%line_buf_1_load = load i8 %line_buf_1_addr" [top.cpp:98]   --->   Operation 67 'load' 'line_buf_1_load' <Predicate = (!icmp_ln72)> <Delay = 1.35> <CoreInst = "RAM">   --->   Core 82 'RAM' <Latency = 1> <II = 1> <Delay = 1.35> <Storage> <Opcode : 'load' 'store'> <Ports = 2> <Width = 24> <Depth = 256> <RAM>
ST_2 : Operation 68 [1/1] (0.00ns)   --->   "%tmp_3 = partselect i8 @_ssdm_op_PartSelect.i8.i9.i32.i32, i9 %select_ln72, i32 1, i32 8" [top.cpp:102]   --->   Operation 68 'partselect' 'tmp_3' <Predicate = (!icmp_ln72)> <Delay = 0.00>
ST_2 : Operation 69 [1/1] (0.90ns)   --->   "%icmp_ln102 = icmp_ne  i8 %tmp_3, i8 0" [top.cpp:102]   --->   Operation 69 'icmp' 'icmp_ln102' <Predicate = (!icmp_ln72)> <Delay = 0.90> <CoreInst = "Cmp">   --->   Core 9 'Cmp' <Latency = 0> <II = 1> <Delay = 0.90> <FuncUnit> <Opcode : 'seteq' 'setne' 'setle' 'setge' 'setlt' 'setgt'> <InPorts = 2> <OutPorts = 1>
ST_2 : Operation 70 [1/1] (0.33ns)   --->   "%and_ln102 = and i1 %icmp, i1 %icmp_ln102" [top.cpp:102]   --->   Operation 70 'and' 'and_ln102' <Predicate = (!icmp_ln72)> <Delay = 0.33> <CoreInst = "LogicGate">   --->   Core 74 'LogicGate' <Latency = 0> <II = 1> <Delay = 0.33> <FuncUnit> <Opcode : 'and' 'or' 'xor'> <InPorts = 2> <OutPorts = 1>
ST_2 : Operation 71 [1/1] (0.00ns)   --->   "%br_ln102 = br i1 %and_ln102, void %for.inc203, void %if.then148" [top.cpp:102]   --->   Operation 71 'br' 'br_ln102' <Predicate = (!icmp_ln72)> <Delay = 0.00>
ST_2 : Operation 72 [1/1] (0.90ns)   --->   "%add_ln104 = add i8 %trunc_ln73, i8 255" [top.cpp:104]   --->   Operation 72 'add' 'add_ln104' <Predicate = (!icmp_ln72 & and_ln102)> <Delay = 0.90> <CoreInst = "Adder">   --->   Core 1 'Adder' <Latency = 0> <II = 1> <Delay = 0.90> <FuncUnit> <Opcode : 'add' 'sub'> <InPorts = 2> <OutPorts = 1>
ST_2 : Operation 73 [1/1] (0.00ns)   --->   "%lshr_ln5 = partselect i7 @_ssdm_op_PartSelect.i7.i8.i32.i32, i8 %add_ln104, i32 1, i32 7" [top.cpp:106]   --->   Operation 73 'partselect' 'lshr_ln5' <Predicate = (!icmp_ln72 & and_ln102)> <Delay = 0.00>
ST_2 : Operation 74 [1/1] (0.00ns)   --->   "%tmp_4 = partselect i7 @_ssdm_op_PartSelect.i7.i8.i32.i32, i8 %empty_35, i32 1, i32 7" [top.cpp:120]   --->   Operation 74 'partselect' 'tmp_4' <Predicate = (!icmp_ln72 & and_ln102)> <Delay = 0.00>
ST_2 : Operation 75 [1/1] (0.00ns)   --->   "%br_ln117 = br i1 %tmp, void %if.then189, void %if.else195" [top.cpp:117]   --->   Operation 75 'br' 'br_ln117' <Predicate = (!icmp_ln72 & and_ln102)> <Delay = 0.00>
ST_2 : Operation 76 [1/1] (0.00ns)   --->   "%br_ln118 = br i1 %trunc_ln72, void %arrayidx19421.case.1, void %arrayidx19421.case.0" [top.cpp:118]   --->   Operation 76 'br' 'br_ln118' <Predicate = (!icmp_ln72 & and_ln102 & !tmp)> <Delay = 0.00>
ST_2 : Operation 77 [1/1] (0.00ns)   --->   "%br_ln118 = br i1 %trunc_ln73_1, void %arrayidx19421.case.154, void %arrayidx19421.case.053" [top.cpp:118]   --->   Operation 77 'br' 'br_ln118' <Predicate = (!icmp_ln72 & and_ln102 & !tmp & !trunc_ln72)> <Delay = 0.00>
ST_2 : Operation 78 [1/1] (0.00ns)   --->   "%br_ln118 = br void %arrayidx19421.exit" [top.cpp:118]   --->   Operation 78 'br' 'br_ln118' <Predicate = (!icmp_ln72 & and_ln102 & !tmp & !trunc_ln72)> <Delay = 0.00>
ST_2 : Operation 79 [1/1] (0.00ns)   --->   "%br_ln118 = br i1 %trunc_ln73_1, void %arrayidx19421.case.150, void %arrayidx19421.case.049" [top.cpp:118]   --->   Operation 79 'br' 'br_ln118' <Predicate = (!icmp_ln72 & and_ln102 & !tmp & trunc_ln72)> <Delay = 0.00>
ST_2 : Operation 80 [1/1] (0.00ns)   --->   "%br_ln118 = br void %arrayidx19421.exit" [top.cpp:118]   --->   Operation 80 'br' 'br_ln118' <Predicate = (!icmp_ln72 & and_ln102 & !tmp & trunc_ln72)> <Delay = 0.00>
ST_2 : Operation 81 [1/1] (0.00ns)   --->   "%br_ln119 = br void %if.end201" [top.cpp:119]   --->   Operation 81 'br' 'br_ln119' <Predicate = (!icmp_ln72 & and_ln102 & !tmp)> <Delay = 0.00>
ST_2 : Operation 82 [1/1] (0.00ns)   --->   "%br_ln120 = br i1 %trunc_ln72, void %arrayidx20020.case.1, void %arrayidx20020.case.0" [top.cpp:120]   --->   Operation 82 'br' 'br_ln120' <Predicate = (!icmp_ln72 & and_ln102 & tmp)> <Delay = 0.00>
ST_2 : Operation 83 [1/1] (0.00ns)   --->   "%br_ln120 = br i1 %trunc_ln73_1, void %arrayidx20020.case.140, void %arrayidx20020.case.039" [top.cpp:120]   --->   Operation 83 'br' 'br_ln120' <Predicate = (!icmp_ln72 & and_ln102 & tmp & !trunc_ln72)> <Delay = 0.00>
ST_2 : Operation 84 [1/1] (0.00ns)   --->   "%br_ln120 = br void %arrayidx20020.exit" [top.cpp:120]   --->   Operation 84 'br' 'br_ln120' <Predicate = (!icmp_ln72 & and_ln102 & tmp & !trunc_ln72)> <Delay = 0.00>
ST_2 : Operation 85 [1/1] (0.00ns)   --->   "%br_ln120 = br i1 %trunc_ln73_1, void %arrayidx20020.case.136, void %arrayidx20020.case.035" [top.cpp:120]   --->   Operation 85 'br' 'br_ln120' <Predicate = (!icmp_ln72 & and_ln102 & tmp & trunc_ln72)> <Delay = 0.00>
ST_2 : Operation 86 [1/1] (0.00ns)   --->   "%br_ln120 = br void %arrayidx20020.exit" [top.cpp:120]   --->   Operation 86 'br' 'br_ln120' <Predicate = (!icmp_ln72 & and_ln102 & tmp & trunc_ln72)> <Delay = 0.00>
ST_2 : Operation 87 [1/1] (0.00ns)   --->   "%br_ln0 = br void %if.end201"   --->   Operation 87 'br' 'br_ln0' <Predicate = (!icmp_ln72 & and_ln102 & tmp)> <Delay = 0.00>
ST_2 : Operation 88 [1/1] (0.00ns)   --->   "%br_ln122 = br void %for.inc203" [top.cpp:122]   --->   Operation 88 'br' 'br_ln122' <Predicate = (!icmp_ln72 & and_ln102)> <Delay = 0.00>
ST_2 : Operation 89 [1/1] (0.92ns)   --->   "%add_ln73 = add i9 %select_ln72, i9 1" [top.cpp:73]   --->   Operation 89 'add' 'add_ln73' <Predicate = (!icmp_ln72)> <Delay = 0.92> <CoreInst = "Adder">   --->   Core 1 'Adder' <Latency = 0> <II = 1> <Delay = 0.92> <FuncUnit> <Opcode : 'add' 'sub'> <InPorts = 2> <OutPorts = 1>
ST_2 : Operation 90 [1/1] (0.48ns)   --->   "%store_ln72 = store i17 %add_ln72_1, i17 %indvar_flatten6" [top.cpp:72]   --->   Operation 90 'store' 'store_ln72' <Predicate = (!icmp_ln72)> <Delay = 0.48>
ST_2 : Operation 91 [1/1] (0.48ns)   --->   "%store_ln72 = store i9 %select_ln72_1, i9 %i" [top.cpp:72]   --->   Operation 91 'store' 'store_ln72' <Predicate = (!icmp_ln72)> <Delay = 0.48>
ST_2 : Operation 92 [1/1] (0.48ns)   --->   "%store_ln73 = store i9 %add_ln73, i9 %j" [top.cpp:73]   --->   Operation 92 'store' 'store_ln73' <Predicate = (!icmp_ln72)> <Delay = 0.48>

State 3 <SV = 2> <Delay = 4.00>
ST_3 : Operation 93 [1/1] (0.00ns)   --->   "%p_0_0_0130758_load = load i24 %p_0_0_0130758"   --->   Operation 93 'load' 'p_0_0_0130758_load' <Predicate = true> <Delay = 0.00>
ST_3 : Operation 94 [1/1] (0.00ns)   --->   "%p_0_0_01307_160_load = load i24 %p_0_0_01307_160"   --->   Operation 94 'load' 'p_0_0_01307_160_load' <Predicate = true> <Delay = 0.00>
ST_3 : Operation 95 [1/1] (0.00ns)   --->   "%p_0_0_01307_262_load = load i24 %p_0_0_01307_262"   --->   Operation 95 'load' 'p_0_0_01307_262_load' <Predicate = true> <Delay = 0.00>
ST_3 : Operation 96 [1/1] (0.00ns)   --->   "%specloopname_ln0 = specloopname void @_ssdm_op_SpecLoopName, void @VITIS_LOOP_72_6_VITIS_LOOP_73_7_str"   --->   Operation 96 'specloopname' 'specloopname_ln0' <Predicate = (!icmp_ln72)> <Delay = 0.00>
ST_3 : Operation 97 [1/1] (0.00ns)   --->   "%speclooptripcount_ln0 = speclooptripcount void @_ssdm_op_SpecLoopTripCount, i64 65536, i64 65536, i64 65536"   --->   Operation 97 'speclooptripcount' 'speclooptripcount_ln0' <Predicate = (!icmp_ln72)> <Delay = 0.00>
ST_3 : Operation 98 [1/1] (0.00ns)   --->   "%specpipeline_ln74 = specpipeline void @_ssdm_op_SpecPipeline, i32 1, i32 0, i32 0, i32 0, void @empty_14" [top.cpp:74]   --->   Operation 98 'specpipeline' 'specpipeline_ln74' <Predicate = (!icmp_ln72)> <Delay = 0.00>
ST_3 : Operation 99 [1/2] ( I:1.35ns O:1.35ns )   --->   "%bufferB_load = load i14 %bufferB_addr" [top.cpp:87]   --->   Operation 99 'load' 'bufferB_load' <Predicate = (!icmp_ln72 & tmp)> <Delay = 1.35> <CoreInst = "RAM">   --->   Core 82 'RAM' <Latency = 1> <II = 1> <Delay = 1.35> <Storage> <Opcode : 'load' 'store'> <Ports = 2> <Width = 24> <Depth = 16384> <RAM>
ST_3 : Operation 100 [1/2] ( I:1.35ns O:1.35ns )   --->   "%bufferB_1_load = load i14 %bufferB_1_addr" [top.cpp:87]   --->   Operation 100 'load' 'bufferB_1_load' <Predicate = (!icmp_ln72 & tmp)> <Delay = 1.35> <CoreInst = "RAM">   --->   Core 82 'RAM' <Latency = 1> <II = 1> <Delay = 1.35> <Storage> <Opcode : 'load' 'store'> <Ports = 2> <Width = 24> <Depth = 16384> <RAM>
ST_3 : Operation 101 [1/1] (0.43ns)   --->   "%select_ln87 = select i1 %trunc_ln73_1, i24 %bufferB_1_load, i24 %bufferB_load" [top.cpp:87]   --->   Operation 101 'select' 'select_ln87' <Predicate = (!icmp_ln72 & tmp & !trunc_ln72)> <Delay = 0.43> <CoreInst = "Sel">   --->   Core 73 'Sel' <Latency = 0> <II = 1> <Delay = 0.43> <FuncUnit> <Opcode : 'select'> <InPorts = 3> <OutPorts = 1>
ST_3 : Operation 102 [1/2] ( I:1.35ns O:1.35ns )   --->   "%bufferB_2_load = load i14 %bufferB_2_addr" [top.cpp:87]   --->   Operation 102 'load' 'bufferB_2_load' <Predicate = (!icmp_ln72 & tmp)> <Delay = 1.35> <CoreInst = "RAM">   --->   Core 82 'RAM' <Latency = 1> <II = 1> <Delay = 1.35> <Storage> <Opcode : 'load' 'store'> <Ports = 2> <Width = 24> <Depth = 16384> <RAM>
ST_3 : Operation 103 [1/2] ( I:1.35ns O:1.35ns )   --->   "%bufferB_3_load = load i14 %bufferB_3_addr" [top.cpp:87]   --->   Operation 103 'load' 'bufferB_3_load' <Predicate = (!icmp_ln72 & tmp)> <Delay = 1.35> <CoreInst = "RAM">   --->   Core 82 'RAM' <Latency = 1> <II = 1> <Delay = 1.35> <Storage> <Opcode : 'load' 'store'> <Ports = 2> <Width = 24> <Depth = 16384> <RAM>
ST_3 : Operation 104 [1/1] (0.43ns)   --->   "%select_ln87_1 = select i1 %trunc_ln73_1, i24 %bufferB_3_load, i24 %bufferB_2_load" [top.cpp:87]   --->   Operation 104 'select' 'select_ln87_1' <Predicate = (!icmp_ln72 & tmp & trunc_ln72)> <Delay = 0.43> <CoreInst = "Sel">   --->   Core 73 'Sel' <Latency = 0> <II = 1> <Delay = 0.43> <FuncUnit> <Opcode : 'select'> <InPorts = 3> <OutPorts = 1>
ST_3 : Operation 105 [1/1] (0.00ns) (grouped into LUT with out node new_pixel_0_0_0_0)   --->   "%select_ln87_2 = select i1 %trunc_ln72, i24 %select_ln87_1, i24 %select_ln87" [top.cpp:87]   --->   Operation 105 'select' 'select_ln87_2' <Predicate = (!icmp_ln72 & tmp)> <Delay = 0.00> <CoreInst = "Sel">   --->   Core 73 'Sel' <Latency = 0> <II = 1> <Delay = 0.43> <FuncUnit> <Opcode : 'select'> <InPorts = 3> <OutPorts = 1>
ST_3 : Operation 106 [1/2] ( I:1.35ns O:1.35ns )   --->   "%bufferA_load = load i14 %bufferA_addr" [top.cpp:85]   --->   Operation 106 'load' 'bufferA_load' <Predicate = (!icmp_ln72 & !tmp)> <Delay = 1.35> <CoreInst = "RAM">   --->   Core 82 'RAM' <Latency = 1> <II = 1> <Delay = 1.35> <Storage> <Opcode : 'load' 'store'> <Ports = 2> <Width = 24> <Depth = 16384> <RAM>
ST_3 : Operation 107 [1/2] ( I:1.35ns O:1.35ns )   --->   "%bufferA_1_load = load i14 %bufferA_1_addr" [top.cpp:85]   --->   Operation 107 'load' 'bufferA_1_load' <Predicate = (!icmp_ln72 & !tmp)> <Delay = 1.35> <CoreInst = "RAM">   --->   Core 82 'RAM' <Latency = 1> <II = 1> <Delay = 1.35> <Storage> <Opcode : 'load' 'store'> <Ports = 2> <Width = 24> <Depth = 16384> <RAM>
ST_3 : Operation 108 [1/1] (0.43ns)   --->   "%select_ln85 = select i1 %trunc_ln73_1, i24 %bufferA_1_load, i24 %bufferA_load" [top.cpp:85]   --->   Operation 108 'select' 'select_ln85' <Predicate = (!icmp_ln72 & !tmp & !trunc_ln72)> <Delay = 0.43> <CoreInst = "Sel">   --->   Core 73 'Sel' <Latency = 0> <II = 1> <Delay = 0.43> <FuncUnit> <Opcode : 'select'> <InPorts = 3> <OutPorts = 1>
ST_3 : Operation 109 [1/2] ( I:1.35ns O:1.35ns )   --->   "%bufferA_2_load = load i14 %bufferA_2_addr" [top.cpp:85]   --->   Operation 109 'load' 'bufferA_2_load' <Predicate = (!icmp_ln72 & !tmp)> <Delay = 1.35> <CoreInst = "RAM">   --->   Core 82 'RAM' <Latency = 1> <II = 1> <Delay = 1.35> <Storage> <Opcode : 'load' 'store'> <Ports = 2> <Width = 24> <Depth = 16384> <RAM>
ST_3 : Operation 110 [1/2] ( I:1.35ns O:1.35ns )   --->   "%bufferA_3_load = load i14 %bufferA_3_addr" [top.cpp:85]   --->   Operation 110 'load' 'bufferA_3_load' <Predicate = (!icmp_ln72 & !tmp)> <Delay = 1.35> <CoreInst = "RAM">   --->   Core 82 'RAM' <Latency = 1> <II = 1> <Delay = 1.35> <Storage> <Opcode : 'load' 'store'> <Ports = 2> <Width = 24> <Depth = 16384> <RAM>
ST_3 : Operation 111 [1/1] (0.43ns)   --->   "%select_ln85_1 = select i1 %trunc_ln73_1, i24 %bufferA_3_load, i24 %bufferA_2_load" [top.cpp:85]   --->   Operation 111 'select' 'select_ln85_1' <Predicate = (!icmp_ln72 & !tmp & trunc_ln72)> <Delay = 0.43> <CoreInst = "Sel">   --->   Core 73 'Sel' <Latency = 0> <II = 1> <Delay = 0.43> <FuncUnit> <Opcode : 'select'> <InPorts = 3> <OutPorts = 1>
ST_3 : Operation 112 [1/1] (0.43ns) (out node of the LUT)   --->   "%select_ln85_2 = select i1 %trunc_ln72, i24 %select_ln85_1, i24 %select_ln85" [top.cpp:85]   --->   Operation 112 'select' 'select_ln85_2' <Predicate = (!icmp_ln72 & !tmp)> <Delay = 0.43> <CoreInst = "Sel">   --->   Core 73 'Sel' <Latency = 0> <II = 1> <Delay = 0.43> <FuncUnit> <Opcode : 'select'> <InPorts = 3> <OutPorts = 1>
ST_3 : Operation 113 [1/1] (0.43ns) (out node of the LUT)   --->   "%new_pixel_0_0_0_0 = select i1 %tmp, i24 %select_ln87_2, i24 %select_ln85_2" [top.cpp:87]   --->   Operation 113 'select' 'new_pixel_0_0_0_0' <Predicate = (!icmp_ln72)> <Delay = 0.43> <CoreInst = "Sel">   --->   Core 73 'Sel' <Latency = 0> <II = 1> <Delay = 0.43> <FuncUnit> <Opcode : 'select'> <InPorts = 3> <OutPorts = 1>
ST_3 : Operation 114 [1/2] ( I:1.35ns O:1.35ns )   --->   "%line_buf_load = load i8 %line_buf_addr" [top.cpp:97]   --->   Operation 114 'load' 'line_buf_load' <Predicate = (!icmp_ln72)> <Delay = 1.35> <CoreInst = "RAM">   --->   Core 82 'RAM' <Latency = 1> <II = 1> <Delay = 1.35> <Storage> <Opcode : 'load' 'store'> <Ports = 2> <Width = 24> <Depth = 256> <RAM>
ST_3 : Operation 115 [1/2] ( I:1.35ns O:1.35ns )   --->   "%line_buf_1_load = load i8 %line_buf_1_addr" [top.cpp:98]   --->   Operation 115 'load' 'line_buf_1_load' <Predicate = (!icmp_ln72)> <Delay = 1.35> <CoreInst = "RAM">   --->   Core 82 'RAM' <Latency = 1> <II = 1> <Delay = 1.35> <Storage> <Opcode : 'load' 'store'> <Ports = 2> <Width = 24> <Depth = 256> <RAM>
ST_3 : Operation 116 [1/1] ( I:1.35ns O:1.35ns )   --->   "%store_ln93 = store i24 %line_buf_1_load, i8 %line_buf_addr" [top.cpp:93]   --->   Operation 116 'store' 'store_ln93' <Predicate = (!icmp_ln72)> <Delay = 1.35> <CoreInst = "RAM">   --->   Core 82 'RAM' <Latency = 1> <II = 1> <Delay = 1.35> <Storage> <Opcode : 'load' 'store'> <Ports = 2> <Width = 24> <Depth = 256> <RAM>
ST_3 : Operation 117 [1/1] ( I:1.35ns O:1.35ns )   --->   "%store_ln94 = store i24 %new_pixel_0_0_0_0, i8 %line_buf_1_addr" [top.cpp:94]   --->   Operation 117 'store' 'store_ln94' <Predicate = (!icmp_ln72)> <Delay = 1.35> <CoreInst = "RAM">   --->   Core 82 'RAM' <Latency = 1> <II = 1> <Delay = 1.35> <Storage> <Opcode : 'load' 'store'> <Ports = 2> <Width = 24> <Depth = 256> <RAM>
ST_3 : Operation 118 [1/1] (0.00ns)   --->   "%p_0_0_0130757_out_load = load i24 %p_0_0_0130757_out"   --->   Operation 118 'load' 'p_0_0_0130757_out_load' <Predicate = (!icmp_ln72 & and_ln102)> <Delay = 0.00>
ST_3 : Operation 119 [1/1] (0.00ns)   --->   "%p_0_0_01307_159_out_load = load i24 %p_0_0_01307_159_out"   --->   Operation 119 'load' 'p_0_0_01307_159_out_load' <Predicate = (!icmp_ln72 & and_ln102)> <Delay = 0.00>
ST_3 : Operation 120 [1/1] (0.00ns)   --->   "%p_0_0_01307_261_out_load = load i24 %p_0_0_01307_261_out"   --->   Operation 120 'load' 'p_0_0_01307_261_out_load' <Predicate = (!icmp_ln72 & and_ln102)> <Delay = 0.00>
ST_3 : Operation 121 [1/1] (0.00ns)   --->   "%p_0_0_01307_262_cast = sext i24 %p_0_0_01307_262_load"   --->   Operation 121 'sext' 'p_0_0_01307_262_cast' <Predicate = (!icmp_ln72 & and_ln102)> <Delay = 0.00>
ST_3 : Operation 122 [1/1] (0.00ns)   --->   "%p_0_0_01307_159_cast = sext i24 %p_0_0_01307_159_out_load"   --->   Operation 122 'sext' 'p_0_0_01307_159_cast' <Predicate = (!icmp_ln72 & and_ln102)> <Delay = 0.00>
ST_3 : Operation 123 [1/1] (0.00ns)   --->   "%p_0_0_0130758_cast = sext i24 %p_0_0_0130758_load"   --->   Operation 123 'sext' 'p_0_0_0130758_cast' <Predicate = (!icmp_ln72 & and_ln102)> <Delay = 0.00>
ST_3 : Operation 124 [1/1] (1.10ns)   --->   "%empty_36 = add i25 %p_0_0_01307_159_cast, i25 %p_0_0_01307_262_cast"   --->   Operation 124 'add' 'empty_36' <Predicate = (!icmp_ln72 & and_ln102)> <Delay = 1.10> <CoreInst = "Adder">   --->   Core 1 'Adder' <Latency = 0> <II = 1> <Delay = 1.10> <FuncUnit> <Opcode : 'add' 'sub'> <InPorts = 2> <OutPorts = 1>
ST_3 : Operation 125 [1/1] (0.00ns)   --->   "%sext_ln106 = sext i25 %empty_36" [top.cpp:106]   --->   Operation 125 'sext' 'sext_ln106' <Predicate = (!icmp_ln72 & and_ln102)> <Delay = 0.00>
ST_3 : Operation 126 [1/1] (1.12ns)   --->   "%add_ln106 = add i26 %sext_ln106, i26 %p_0_0_0130758_cast" [top.cpp:106]   --->   Operation 126 'add' 'add_ln106' <Predicate = (!icmp_ln72 & and_ln102)> <Delay = 1.12> <CoreInst = "Adder">   --->   Core 1 'Adder' <Latency = 0> <II = 1> <Delay = 1.12> <FuncUnit> <Opcode : 'add' 'sub'> <InPorts = 2> <OutPorts = 1>
ST_3 : Operation 127 [1/1] (0.00ns)   --->   "%tmp_6 = bitconcatenate i38 @_ssdm_op_BitConcatenate.i38.i26.i12, i26 %add_ln106, i12 0" [top.cpp:106]   --->   Operation 127 'bitconcatenate' 'tmp_6' <Predicate = (!icmp_ln72 & and_ln102)> <Delay = 0.00>
ST_3 : Operation 128 [1/1] (0.00ns)   --->   "%sext_ln107 = sext i38 %tmp_6" [top.cpp:107]   --->   Operation 128 'sext' 'sext_ln107' <Predicate = (!icmp_ln72 & and_ln102)> <Delay = 0.00>
ST_3 : Operation 129 [1/1] (0.00ns)   --->   "%shl_ln = bitconcatenate i36 @_ssdm_op_BitConcatenate.i36.i24.i12, i24 %line_buf_1_load, i12 0" [top.cpp:107]   --->   Operation 129 'bitconcatenate' 'shl_ln' <Predicate = (!icmp_ln72 & and_ln102)> <Delay = 0.00>
ST_3 : Operation 130 [1/1] (0.00ns)   --->   "%sext_ln107_1 = sext i36 %shl_ln" [top.cpp:107]   --->   Operation 130 'sext' 'sext_ln107_1' <Predicate = (!icmp_ln72 & and_ln102)> <Delay = 0.00>
ST_3 : Operation 131 [1/1] (1.22ns)   --->   "%sum_axis = add i39 %sext_ln107, i39 %sext_ln107_1" [top.cpp:107]   --->   Operation 131 'add' 'sum_axis' <Predicate = (!icmp_ln72 & and_ln102)> <Delay = 1.22> <CoreInst = "Adder">   --->   Core 1 'Adder' <Latency = 0> <II = 1> <Delay = 1.22> <FuncUnit> <Opcode : 'add' 'sub'> <InPorts = 2> <OutPorts = 1>
ST_3 : Operation 132 [1/1] (0.00ns)   --->   "%p_0_0_01307_261_cast = sext i24 %p_0_0_01307_261_out_load"   --->   Operation 132 'sext' 'p_0_0_01307_261_cast' <Predicate = (!icmp_ln72 & and_ln102)> <Delay = 0.00>
ST_3 : Operation 133 [1/1] (0.00ns)   --->   "%p_0_0_0130757_cast = sext i24 %p_0_0_0130757_out_load"   --->   Operation 133 'sext' 'p_0_0_0130757_cast' <Predicate = (!icmp_ln72 & and_ln102)> <Delay = 0.00>
ST_3 : Operation 134 [1/1] (0.00ns)   --->   "%line_buf_load_cast = sext i24 %line_buf_load" [top.cpp:97]   --->   Operation 134 'sext' 'line_buf_load_cast' <Predicate = (!icmp_ln72 & and_ln102)> <Delay = 0.00>
ST_3 : Operation 135 [1/1] (1.10ns)   --->   "%empty_37 = add i25 %p_0_0_0130757_cast, i25 %p_0_0_01307_261_cast"   --->   Operation 135 'add' 'empty_37' <Predicate = (!icmp_ln72 & and_ln102)> <Delay = 1.10> <CoreInst = "Adder">   --->   Core 1 'Adder' <Latency = 0> <II = 1> <Delay = 1.10> <FuncUnit> <Opcode : 'add' 'sub'> <InPorts = 2> <OutPorts = 1>
ST_3 : Operation 136 [1/1] (0.00ns)   --->   "%sext_ln109 = sext i25 %empty_37" [top.cpp:109]   --->   Operation 136 'sext' 'sext_ln109' <Predicate = (!icmp_ln72 & and_ln102)> <Delay = 0.00>
ST_3 : Operation 137 [1/1] (1.12ns)   --->   "%add_ln109 = add i26 %sext_ln109, i26 %line_buf_load_cast" [top.cpp:109]   --->   Operation 137 'add' 'add_ln109' <Predicate = (!icmp_ln72 & and_ln102)> <Delay = 1.12> <CoreInst = "Adder">   --->   Core 1 'Adder' <Latency = 0> <II = 1> <Delay = 1.12> <FuncUnit> <Opcode : 'add' 'sub'> <InPorts = 2> <OutPorts = 1>
ST_3 : Operation 138 [1/1] (0.00ns)   --->   "%tmp_7 = bitconcatenate i38 @_ssdm_op_BitConcatenate.i38.i26.i12, i26 %add_ln109, i12 0" [top.cpp:109]   --->   Operation 138 'bitconcatenate' 'tmp_7' <Predicate = (!icmp_ln72 & and_ln102)> <Delay = 0.00>
ST_3 : Operation 139 [1/1] (0.00ns)   --->   "%sext_ln110 = sext i38 %tmp_7" [top.cpp:110]   --->   Operation 139 'sext' 'sext_ln110' <Predicate = (!icmp_ln72 & and_ln102)> <Delay = 0.00>
ST_3 : Operation 140 [1/1] (0.00ns)   --->   "%shl_ln1 = bitconcatenate i36 @_ssdm_op_BitConcatenate.i36.i24.i12, i24 %new_pixel_0_0_0_0, i12 0" [top.cpp:110]   --->   Operation 140 'bitconcatenate' 'shl_ln1' <Predicate = (!icmp_ln72 & and_ln102)> <Delay = 0.00>
ST_3 : Operation 141 [1/1] (0.00ns)   --->   "%sext_ln110_1 = sext i36 %shl_ln1" [top.cpp:110]   --->   Operation 141 'sext' 'sext_ln110_1' <Predicate = (!icmp_ln72 & and_ln102)> <Delay = 0.00>
ST_3 : Operation 142 [1/1] (1.22ns)   --->   "%sum_diag = add i39 %sext_ln110, i39 %sext_ln110_1" [top.cpp:110]   --->   Operation 142 'add' 'sum_diag' <Predicate = (!icmp_ln72 & and_ln102)> <Delay = 1.22> <CoreInst = "Adder">   --->   Core 1 'Adder' <Latency = 0> <II = 1> <Delay = 1.22> <FuncUnit> <Opcode : 'add' 'sub'> <InPorts = 2> <OutPorts = 1>
ST_3 : Operation 143 [1/1] (0.48ns)   --->   "%store_ln87 = store i24 %new_pixel_0_0_0_0, i24 %p_0_0_01307_262" [top.cpp:87]   --->   Operation 143 'store' 'store_ln87' <Predicate = (!icmp_ln72)> <Delay = 0.48>
ST_3 : Operation 144 [1/1] (0.48ns)   --->   "%store_ln98 = store i24 %line_buf_1_load, i24 %p_0_0_01307_160" [top.cpp:98]   --->   Operation 144 'store' 'store_ln98' <Predicate = (!icmp_ln72)> <Delay = 0.48>
ST_3 : Operation 145 [1/1] (0.48ns)   --->   "%store_ln97 = store i24 %line_buf_load, i24 %p_0_0_0130758" [top.cpp:97]   --->   Operation 145 'store' 'store_ln97' <Predicate = (!icmp_ln72)> <Delay = 0.48>
ST_3 : Operation 146 [1/1] (0.00ns)   --->   "%store_ln0 = store i24 %p_0_0_01307_262_load, i24 %p_0_0_01307_261_out"   --->   Operation 146 'store' 'store_ln0' <Predicate = (!icmp_ln72)> <Delay = 0.00>
ST_3 : Operation 147 [1/1] (0.00ns)   --->   "%store_ln0 = store i24 %p_0_0_01307_160_load, i24 %p_0_0_01307_159_out"   --->   Operation 147 'store' 'store_ln0' <Predicate = (!icmp_ln72)> <Delay = 0.00>
ST_3 : Operation 148 [1/1] (0.00ns)   --->   "%store_ln0 = store i24 %p_0_0_0130758_load, i24 %p_0_0_0130757_out"   --->   Operation 148 'store' 'store_ln0' <Predicate = (!icmp_ln72)> <Delay = 0.00>
ST_3 : Operation 149 [1/1] (0.00ns)   --->   "%br_ln73 = br void %VITIS_LOOP_77_8" [top.cpp:73]   --->   Operation 149 'br' 'br_ln73' <Predicate = (!icmp_ln72)> <Delay = 0.00>

State 4 <SV = 3> <Delay = 6.85>
ST_4 : Operation 150 [1/1] (0.00ns)   --->   "%shl_ln2 = bitconcatenate i63 @_ssdm_op_BitConcatenate.i63.i24.i39, i24 %p_0_0_01307_160_load, i39 0" [top.cpp:114]   --->   Operation 150 'bitconcatenate' 'shl_ln2' <Predicate = (and_ln102)> <Delay = 0.00>
ST_4 : Operation 151 [1/1] (0.00ns)   --->   "%sext_ln114 = sext i39 %sum_axis" [top.cpp:114]   --->   Operation 151 'sext' 'sext_ln114' <Predicate = (and_ln102)> <Delay = 0.00>
ST_4 : Operation 152 [1/1] (3.92ns)   --->   "%mul_ln114 = mul i65 %sext_ln114, i65 26845184" [top.cpp:114]   --->   Operation 152 'mul' 'mul_ln114' <Predicate = (and_ln102)> <Delay = 3.92> <CoreInst = "Multiplier">   --->   Core 3 'Multiplier' <Latency = 0> <II = 1> <Delay = 3.92> <FuncUnit> <Opcode : 'mul'> <InPorts = 2> <OutPorts = 1>
ST_4 : Operation 153 [1/1] (0.00ns)   --->   "%sext_ln114_1 = sext i63 %shl_ln2" [top.cpp:114]   --->   Operation 153 'sext' 'sext_ln114_1' <Predicate = (and_ln102)> <Delay = 0.00>
ST_4 : Operation 154 [1/1] (0.00ns)   --->   "%sext_ln114_2 = sext i65 %mul_ln114" [top.cpp:114]   --->   Operation 154 'sext' 'sext_ln114_2' <Predicate = (and_ln102)> <Delay = 0.00>
ST_4 : Operation 155 [1/1] (0.00ns)   --->   "%sext_ln114_3 = sext i39 %sum_diag" [top.cpp:114]   --->   Operation 155 'sext' 'sext_ln114_3' <Predicate = (and_ln102)> <Delay = 0.00>
ST_4 : Operation 156 [1/1] (3.92ns)   --->   "%mul_ln114_1 = mul i63 %sext_ln114_3, i63 6709248" [top.cpp:114]   --->   Operation 156 'mul' 'mul_ln114_1' <Predicate = (and_ln102)> <Delay = 3.92> <CoreInst = "Multiplier">   --->   Core 3 'Multiplier' <Latency = 0> <II = 1> <Delay = 3.92> <FuncUnit> <Opcode : 'mul'> <InPorts = 2> <OutPorts = 1>
ST_4 : Operation 157 [1/1] (0.00ns)   --->   "%sext_ln114_4 = sext i63 %mul_ln114_1" [top.cpp:114]   --->   Operation 157 'sext' 'sext_ln114_4' <Predicate = (and_ln102)> <Delay = 0.00>
ST_4 : Operation 158 [1/1] (1.45ns)   --->   "%add_ln114 = add i64 %sext_ln114_1, i64 %sext_ln114_4" [top.cpp:114]   --->   Operation 158 'add' 'add_ln114' <Predicate = (and_ln102)> <Delay = 1.45> <CoreInst = "Adder">   --->   Core 1 'Adder' <Latency = 0> <II = 1> <Delay = 1.45> <FuncUnit> <Opcode : 'add' 'sub'> <InPorts = 2> <OutPorts = 1>
ST_4 : Operation 159 [1/1] (0.00ns)   --->   "%sext_ln114_5 = sext i64 %add_ln114" [top.cpp:114]   --->   Operation 159 'sext' 'sext_ln114_5' <Predicate = (and_ln102)> <Delay = 0.00>
ST_4 : Operation 160 [1/1] (1.47ns)   --->   "%add_ln114_1 = add i66 %sext_ln114_5, i66 %sext_ln114_2" [top.cpp:114]   --->   Operation 160 'add' 'add_ln114_1' <Predicate = (and_ln102)> <Delay = 1.47> <CoreInst = "Adder">   --->   Core 1 'Adder' <Latency = 0> <II = 1> <Delay = 1.47> <FuncUnit> <Opcode : 'add' 'sub'> <InPorts = 2> <OutPorts = 1>
ST_4 : Operation 161 [1/1] (0.00ns)   --->   "%tmp_8 = bitselect i1 @_ssdm_op_BitSelect.i1.i66.i32, i66 %add_ln114_1, i32 65" [top.cpp:114]   --->   Operation 161 'bitselect' 'tmp_8' <Predicate = (and_ln102)> <Delay = 0.00>
ST_4 : Operation 162 [1/1] (0.00ns)   --->   "%out = partselect i38 @_ssdm_op_PartSelect.i38.i66.i32.i32, i66 %add_ln114_1, i32 28, i32 65" [top.cpp:114]   --->   Operation 162 'partselect' 'out' <Predicate = (and_ln102)> <Delay = 0.00>
ST_4 : Operation 163 [1/1] (0.00ns)   --->   "%tmp_9 = bitselect i1 @_ssdm_op_BitSelect.i1.i66.i32, i66 %add_ln114_1, i32 27" [top.cpp:114]   --->   Operation 163 'bitselect' 'tmp_9' <Predicate = (and_ln102)> <Delay = 0.00>
ST_4 : Operation 233 [1/1] (0.00ns)   --->   "%store_ln0 = store i24 %p_0_0_01307_262_load, i24 %p_0_0_01307_262_out"   --->   Operation 233 'store' 'store_ln0' <Predicate = (icmp_ln72)> <Delay = 0.00>
ST_4 : Operation 234 [1/1] (0.00ns)   --->   "%store_ln0 = store i24 %p_0_0_01307_160_load, i24 %p_0_0_01307_160_out"   --->   Operation 234 'store' 'store_ln0' <Predicate = (icmp_ln72)> <Delay = 0.00>
ST_4 : Operation 235 [1/1] (0.00ns)   --->   "%store_ln0 = store i24 %p_0_0_0130758_load, i24 %p_0_0_0130758_out"   --->   Operation 235 'store' 'store_ln0' <Predicate = (icmp_ln72)> <Delay = 0.00>
ST_4 : Operation 236 [1/1] (0.48ns)   --->   "%ret_ln0 = ret"   --->   Operation 236 'ret' 'ret_ln0' <Predicate = (icmp_ln72)> <Delay = 0.48>

State 5 <SV = 4> <Delay = 5.48>
ST_5 : Operation 164 [1/1] (0.00ns)   --->   "%tmp_5 = bitconcatenate i14 @_ssdm_op_BitConcatenate.i14.i7.i7, i7 %tmp_4, i7 %lshr_ln5" [top.cpp:120]   --->   Operation 164 'bitconcatenate' 'tmp_5' <Predicate = (and_ln102)> <Delay = 0.00>
ST_5 : Operation 165 [1/1] (0.00ns)   --->   "%zext_ln120 = zext i14 %tmp_5" [top.cpp:120]   --->   Operation 165 'zext' 'zext_ln120' <Predicate = (and_ln102)> <Delay = 0.00>
ST_5 : Operation 166 [1/1] (0.00ns)   --->   "%bufferA_addr_1 = getelementptr i24 %bufferA, i64 0, i64 %zext_ln120" [top.cpp:120]   --->   Operation 166 'getelementptr' 'bufferA_addr_1' <Predicate = (and_ln102)> <Delay = 0.00>
ST_5 : Operation 167 [1/1] (0.00ns)   --->   "%bufferA_1_addr_1 = getelementptr i24 %bufferA_1, i64 0, i64 %zext_ln120" [top.cpp:120]   --->   Operation 167 'getelementptr' 'bufferA_1_addr_1' <Predicate = (and_ln102)> <Delay = 0.00>
ST_5 : Operation 168 [1/1] (0.00ns)   --->   "%bufferA_2_addr_1 = getelementptr i24 %bufferA_2, i64 0, i64 %zext_ln120" [top.cpp:120]   --->   Operation 168 'getelementptr' 'bufferA_2_addr_1' <Predicate = (and_ln102)> <Delay = 0.00>
ST_5 : Operation 169 [1/1] (0.00ns)   --->   "%bufferA_3_addr_1 = getelementptr i24 %bufferA_3, i64 0, i64 %zext_ln120" [top.cpp:120]   --->   Operation 169 'getelementptr' 'bufferA_3_addr_1' <Predicate = (and_ln102)> <Delay = 0.00>
ST_5 : Operation 170 [1/1] (0.00ns)   --->   "%bufferB_addr_1 = getelementptr i24 %bufferB, i64 0, i64 %zext_ln120" [top.cpp:118]   --->   Operation 170 'getelementptr' 'bufferB_addr_1' <Predicate = (and_ln102)> <Delay = 0.00>
ST_5 : Operation 171 [1/1] (0.00ns)   --->   "%bufferB_1_addr_1 = getelementptr i24 %bufferB_1, i64 0, i64 %zext_ln120" [top.cpp:118]   --->   Operation 171 'getelementptr' 'bufferB_1_addr_1' <Predicate = (and_ln102)> <Delay = 0.00>
ST_5 : Operation 172 [1/1] (0.00ns)   --->   "%bufferB_2_addr_1 = getelementptr i24 %bufferB_2, i64 0, i64 %zext_ln120" [top.cpp:118]   --->   Operation 172 'getelementptr' 'bufferB_2_addr_1' <Predicate = (and_ln102)> <Delay = 0.00>
ST_5 : Operation 173 [1/1] (0.00ns)   --->   "%bufferB_3_addr_1 = getelementptr i24 %bufferB_3, i64 0, i64 %zext_ln120" [top.cpp:118]   --->   Operation 173 'getelementptr' 'bufferB_3_addr_1' <Predicate = (and_ln102)> <Delay = 0.00>
ST_5 : Operation 174 [1/1] (0.00ns)   --->   "%sext_ln114_6 = sext i38 %out" [top.cpp:114]   --->   Operation 174 'sext' 'sext_ln114_6' <Predicate = (and_ln102)> <Delay = 0.00>
ST_5 : Operation 175 [1/1] (0.00ns)   --->   "%zext_ln114 = zext i1 %tmp_9" [top.cpp:114]   --->   Operation 175 'zext' 'zext_ln114' <Predicate = (and_ln102)> <Delay = 0.00>
ST_5 : Operation 176 [1/1] (1.22ns)   --->   "%out_1 = add i39 %sext_ln114_6, i39 %zext_ln114" [top.cpp:114]   --->   Operation 176 'add' 'out_1' <Predicate = (and_ln102)> <Delay = 1.22> <CoreInst = "Adder">   --->   Core 1 'Adder' <Latency = 0> <II = 1> <Delay = 1.22> <FuncUnit> <Opcode : 'add' 'sub'> <InPorts = 2> <OutPorts = 1>
ST_5 : Operation 177 [1/1] (0.00ns) (grouped into LUT with out node out_2)   --->   "%sext_ln114_7 = sext i39 %out_1" [top.cpp:114]   --->   Operation 177 'sext' 'sext_ln114_7' <Predicate = (and_ln102)> <Delay = 0.00>
ST_5 : Operation 178 [1/1] (0.00ns)   --->   "%tmp_10 = bitselect i1 @_ssdm_op_BitSelect.i1.i39.i32, i39 %out_1, i32 38" [top.cpp:114]   --->   Operation 178 'bitselect' 'tmp_10' <Predicate = (and_ln102)> <Delay = 0.00>
ST_5 : Operation 179 [1/1] (0.33ns)   --->   "%xor_ln114 = xor i1 %tmp_8, i1 1" [top.cpp:114]   --->   Operation 179 'xor' 'xor_ln114' <Predicate = (and_ln102)> <Delay = 0.33> <CoreInst = "LogicGate">   --->   Core 74 'LogicGate' <Latency = 0> <II = 1> <Delay = 0.33> <FuncUnit> <Opcode : 'and' 'or' 'xor'> <InPorts = 2> <OutPorts = 1>
ST_5 : Operation 180 [1/1] (0.00ns) (grouped into LUT with out node out_2)   --->   "%or_ln114_1 = or i1 %tmp_10, i1 %xor_ln114" [top.cpp:114]   --->   Operation 180 'or' 'or_ln114_1' <Predicate = (and_ln102)> <Delay = 0.00> <CoreInst = "LogicGate">   --->   Core 74 'LogicGate' <Latency = 0> <II = 1> <Delay = 0.33> <FuncUnit> <Opcode : 'and' 'or' 'xor'> <InPorts = 2> <OutPorts = 1>
ST_5 : Operation 181 [1/1] (0.00ns) (grouped into LUT with out node out_2)   --->   "%xor_ln114_1 = xor i1 %tmp_8, i1 %or_ln114_1" [top.cpp:114]   --->   Operation 181 'xor' 'xor_ln114_1' <Predicate = (and_ln102)> <Delay = 0.00> <CoreInst = "LogicGate">   --->   Core 74 'LogicGate' <Latency = 0> <II = 1> <Delay = 0.33> <FuncUnit> <Opcode : 'and' 'or' 'xor'> <InPorts = 2> <OutPorts = 1>
ST_5 : Operation 182 [1/1] (0.00ns) (grouped into LUT with out node out_2)   --->   "%xor_ln114_2 = xor i1 %xor_ln114_1, i1 1" [top.cpp:114]   --->   Operation 182 'xor' 'xor_ln114_2' <Predicate = (and_ln102)> <Delay = 0.00> <CoreInst = "LogicGate">   --->   Core 74 'LogicGate' <Latency = 0> <II = 1> <Delay = 0.33> <FuncUnit> <Opcode : 'and' 'or' 'xor'> <InPorts = 2> <OutPorts = 1>
ST_5 : Operation 183 [1/1] (0.00ns) (grouped into LUT with out node out_2)   --->   "%or_ln114 = or i1 %tmp_10, i1 %xor_ln114_2" [top.cpp:114]   --->   Operation 183 'or' 'or_ln114' <Predicate = (and_ln102)> <Delay = 0.00> <CoreInst = "LogicGate">   --->   Core 74 'LogicGate' <Latency = 0> <II = 1> <Delay = 0.33> <FuncUnit> <Opcode : 'and' 'or' 'xor'> <InPorts = 2> <OutPorts = 1>
ST_5 : Operation 184 [1/1] (0.00ns) (grouped into LUT with out node out_2)   --->   "%and_ln114 = and i1 %or_ln114, i1 %xor_ln114" [top.cpp:114]   --->   Operation 184 'and' 'and_ln114' <Predicate = (and_ln102)> <Delay = 0.00> <CoreInst = "LogicGate">   --->   Core 74 'LogicGate' <Latency = 0> <II = 1> <Delay = 0.33> <FuncUnit> <Opcode : 'and' 'or' 'xor'> <InPorts = 2> <OutPorts = 1>
ST_5 : Operation 185 [1/1] (0.36ns) (out node of the LUT)   --->   "%out_2 = select i1 %and_ln114, i40 549755813887, i40 %sext_ln114_7" [top.cpp:114]   --->   Operation 185 'select' 'out_2' <Predicate = (and_ln102)> <Delay = 0.36> <CoreInst = "Sel">   --->   Core 73 'Sel' <Latency = 0> <II = 1> <Delay = 0.36> <FuncUnit> <Opcode : 'select'> <InPorts = 3> <OutPorts = 1>
ST_5 : Operation 186 [1/1] (0.00ns)   --->   "%trunc_ln6 = partselect i24 @_ssdm_op_PartSelect.i24.i40.i32.i32, i40 %out_2, i32 12, i32 35" [top.cpp:118]   --->   Operation 186 'partselect' 'trunc_ln6' <Predicate = (and_ln102)> <Delay = 0.00>
ST_5 : Operation 187 [1/1] (0.00ns)   --->   "%tmp_11 = bitselect i1 @_ssdm_op_BitSelect.i1.i40.i32, i40 %out_2, i32 39" [top.cpp:118]   --->   Operation 187 'bitselect' 'tmp_11' <Predicate = (and_ln102)> <Delay = 0.00>
ST_5 : Operation 188 [1/1] (0.00ns)   --->   "%tmp_14 = bitselect i1 @_ssdm_op_BitSelect.i1.i40.i32, i40 %out_2, i32 11" [top.cpp:118]   --->   Operation 188 'bitselect' 'tmp_14' <Predicate = (and_ln102)> <Delay = 0.00>
ST_5 : Operation 189 [1/1] (0.00ns) (grouped into LUT with out node and_ln118)   --->   "%tmp_15 = bitselect i1 @_ssdm_op_BitSelect.i1.i40.i32, i40 %out_2, i32 35" [top.cpp:118]   --->   Operation 189 'bitselect' 'tmp_15' <Predicate = (and_ln102)> <Delay = 0.00>
ST_5 : Operation 190 [1/1] (0.00ns)   --->   "%zext_ln118 = zext i1 %tmp_14" [top.cpp:118]   --->   Operation 190 'zext' 'zext_ln118' <Predicate = (and_ln102)> <Delay = 0.00>
ST_5 : Operation 191 [1/1] (1.10ns)   --->   "%add_ln118 = add i24 %trunc_ln6, i24 %zext_ln118" [top.cpp:118]   --->   Operation 191 'add' 'add_ln118' <Predicate = (and_ln102)> <Delay = 1.10> <CoreInst = "Adder">   --->   Core 1 'Adder' <Latency = 0> <II = 1> <Delay = 1.10> <FuncUnit> <Opcode : 'add' 'sub'> <InPorts = 2> <OutPorts = 1>
ST_5 : Operation 192 [1/1] (0.00ns)   --->   "%tmp_16 = bitselect i1 @_ssdm_op_BitSelect.i1.i24.i32, i24 %add_ln118, i32 23" [top.cpp:118]   --->   Operation 192 'bitselect' 'tmp_16' <Predicate = (and_ln102)> <Delay = 0.00>
ST_5 : Operation 193 [1/1] (0.00ns) (grouped into LUT with out node and_ln118)   --->   "%xor_ln118 = xor i1 %tmp_16, i1 1" [top.cpp:118]   --->   Operation 193 'xor' 'xor_ln118' <Predicate = (and_ln102)> <Delay = 0.00> <CoreInst = "LogicGate">   --->   Core 74 'LogicGate' <Latency = 0> <II = 1> <Delay = 0.33> <FuncUnit> <Opcode : 'and' 'or' 'xor'> <InPorts = 2> <OutPorts = 1>
ST_5 : Operation 194 [1/1] (0.33ns) (out node of the LUT)   --->   "%and_ln118 = and i1 %tmp_15, i1 %xor_ln118" [top.cpp:118]   --->   Operation 194 'and' 'and_ln118' <Predicate = (and_ln102)> <Delay = 0.33> <CoreInst = "LogicGate">   --->   Core 74 'LogicGate' <Latency = 0> <II = 1> <Delay = 0.33> <FuncUnit> <Opcode : 'and' 'or' 'xor'> <InPorts = 2> <OutPorts = 1>
ST_5 : Operation 195 [1/1] (0.00ns) (grouped into LUT with out node and_ln118_3)   --->   "%xor_ln118_1 = xor i1 %tmp_11, i1 1" [top.cpp:118]   --->   Operation 195 'xor' 'xor_ln118_1' <Predicate = (and_ln102)> <Delay = 0.00> <CoreInst = "LogicGate">   --->   Core 74 'LogicGate' <Latency = 0> <II = 1> <Delay = 0.33> <FuncUnit> <Opcode : 'and' 'or' 'xor'> <InPorts = 2> <OutPorts = 1>
ST_5 : Operation 196 [1/1] (0.00ns) (grouped into LUT with out node and_ln118_4)   --->   "%tmp_17 = bitselect i1 @_ssdm_op_BitSelect.i1.i40.i32, i40 %out_2, i32 36" [top.cpp:118]   --->   Operation 196 'bitselect' 'tmp_17' <Predicate = (and_ln102)> <Delay = 0.00>
ST_5 : Operation 197 [1/1] (0.00ns)   --->   "%tmp_12 = partselect i3 @_ssdm_op_PartSelect.i3.i40.i32, i40 %out_2, i32 37" [top.cpp:118]   --->   Operation 197 'partselect' 'tmp_12' <Predicate = (and_ln102)> <Delay = 0.00>
ST_5 : Operation 198 [1/1] (0.00ns)   --->   "%tmp_13 = partselect i4 @_ssdm_op_PartSelect.i4.i40.i32, i40 %out_2, i32 36" [top.cpp:118]   --->   Operation 198 'partselect' 'tmp_13' <Predicate = (and_ln102)> <Delay = 0.00>
ST_5 : Operation 199 [1/1] (0.74ns)   --->   "%icmp_ln118 = icmp_eq  i3 %tmp_12, i3 7" [top.cpp:118]   --->   Operation 199 'icmp' 'icmp_ln118' <Predicate = (and_ln102)> <Delay = 0.74> <CoreInst = "Cmp">   --->   Core 9 'Cmp' <Latency = 0> <II = 1> <Delay = 0.74> <FuncUnit> <Opcode : 'seteq' 'setne' 'setle' 'setge' 'setlt' 'setgt'> <InPorts = 2> <OutPorts = 1>
ST_5 : Operation 200 [1/1] (0.86ns)   --->   "%icmp_ln118_1 = icmp_eq  i4 %tmp_13, i4 15" [top.cpp:118]   --->   Operation 200 'icmp' 'icmp_ln118_1' <Predicate = (and_ln102)> <Delay = 0.86> <CoreInst = "Cmp">   --->   Core 9 'Cmp' <Latency = 0> <II = 1> <Delay = 0.86> <FuncUnit> <Opcode : 'seteq' 'setne' 'setle' 'setge' 'setlt' 'setgt'> <InPorts = 2> <OutPorts = 1>
ST_5 : Operation 201 [1/1] (0.86ns)   --->   "%icmp_ln118_2 = icmp_eq  i4 %tmp_13, i4 0" [top.cpp:118]   --->   Operation 201 'icmp' 'icmp_ln118_2' <Predicate = (and_ln102)> <Delay = 0.86> <CoreInst = "Cmp">   --->   Core 9 'Cmp' <Latency = 0> <II = 1> <Delay = 0.86> <FuncUnit> <Opcode : 'seteq' 'setne' 'setle' 'setge' 'setlt' 'setgt'> <InPorts = 2> <OutPorts = 1>
ST_5 : Operation 202 [1/1] (0.00ns) (grouped into LUT with out node and_ln118_3)   --->   "%select_ln118 = select i1 %and_ln118, i1 %icmp_ln118_1, i1 %icmp_ln118_2" [top.cpp:118]   --->   Operation 202 'select' 'select_ln118' <Predicate = (and_ln102)> <Delay = 0.00> <CoreInst = "Sel">   --->   Core 73 'Sel' <Latency = 0> <II = 1> <Delay = 0.26> <FuncUnit> <Opcode : 'select'> <InPorts = 3> <OutPorts = 1>
ST_5 : Operation 203 [1/1] (0.00ns) (grouped into LUT with out node and_ln118_4)   --->   "%xor_ln118_2 = xor i1 %tmp_17, i1 1" [top.cpp:118]   --->   Operation 203 'xor' 'xor_ln118_2' <Predicate = (and_ln102)> <Delay = 0.00> <CoreInst = "LogicGate">   --->   Core 74 'LogicGate' <Latency = 0> <II = 1> <Delay = 0.33> <FuncUnit> <Opcode : 'and' 'or' 'xor'> <InPorts = 2> <OutPorts = 1>
ST_5 : Operation 204 [1/1] (0.00ns) (grouped into LUT with out node and_ln118_4)   --->   "%and_ln118_1 = and i1 %icmp_ln118, i1 %xor_ln118_2" [top.cpp:118]   --->   Operation 204 'and' 'and_ln118_1' <Predicate = (and_ln102)> <Delay = 0.00> <CoreInst = "LogicGate">   --->   Core 74 'LogicGate' <Latency = 0> <II = 1> <Delay = 0.33> <FuncUnit> <Opcode : 'and' 'or' 'xor'> <InPorts = 2> <OutPorts = 1>
ST_5 : Operation 205 [1/1] (0.00ns) (grouped into LUT with out node and_ln118_4)   --->   "%select_ln118_1 = select i1 %and_ln118, i1 %and_ln118_1, i1 %icmp_ln118_1" [top.cpp:118]   --->   Operation 205 'select' 'select_ln118_1' <Predicate = (and_ln102)> <Delay = 0.00> <CoreInst = "Sel">   --->   Core 73 'Sel' <Latency = 0> <II = 1> <Delay = 0.26> <FuncUnit> <Opcode : 'select'> <InPorts = 3> <OutPorts = 1>
ST_5 : Operation 206 [1/1] (0.00ns) (grouped into LUT with out node or_ln118_1)   --->   "%and_ln118_2 = and i1 %and_ln118, i1 %icmp_ln118_1" [top.cpp:118]   --->   Operation 206 'and' 'and_ln118_2' <Predicate = (and_ln102)> <Delay = 0.00> <CoreInst = "LogicGate">   --->   Core 74 'LogicGate' <Latency = 0> <II = 1> <Delay = 0.33> <FuncUnit> <Opcode : 'and' 'or' 'xor'> <InPorts = 2> <OutPorts = 1>
ST_5 : Operation 207 [1/1] (0.00ns) (grouped into LUT with out node and_ln118_3)   --->   "%xor_ln118_3 = xor i1 %select_ln118, i1 1" [top.cpp:118]   --->   Operation 207 'xor' 'xor_ln118_3' <Predicate = (and_ln102)> <Delay = 0.00> <CoreInst = "LogicGate">   --->   Core 74 'LogicGate' <Latency = 0> <II = 1> <Delay = 0.33> <FuncUnit> <Opcode : 'and' 'or' 'xor'> <InPorts = 2> <OutPorts = 1>
ST_5 : Operation 208 [1/1] (0.00ns) (grouped into LUT with out node and_ln118_3)   --->   "%or_ln118 = or i1 %tmp_16, i1 %xor_ln118_3" [top.cpp:118]   --->   Operation 208 'or' 'or_ln118' <Predicate = (and_ln102)> <Delay = 0.00> <CoreInst = "LogicGate">   --->   Core 74 'LogicGate' <Latency = 0> <II = 1> <Delay = 0.33> <FuncUnit> <Opcode : 'and' 'or' 'xor'> <InPorts = 2> <OutPorts = 1>
ST_5 : Operation 209 [1/1] (0.33ns) (out node of the LUT)   --->   "%and_ln118_3 = and i1 %or_ln118, i1 %xor_ln118_1" [top.cpp:118]   --->   Operation 209 'and' 'and_ln118_3' <Predicate = (and_ln102)> <Delay = 0.33> <CoreInst = "LogicGate">   --->   Core 74 'LogicGate' <Latency = 0> <II = 1> <Delay = 0.33> <FuncUnit> <Opcode : 'and' 'or' 'xor'> <InPorts = 2> <OutPorts = 1>
ST_5 : Operation 210 [1/1] (0.33ns) (out node of the LUT)   --->   "%and_ln118_4 = and i1 %tmp_16, i1 %select_ln118_1" [top.cpp:118]   --->   Operation 210 'and' 'and_ln118_4' <Predicate = (and_ln102)> <Delay = 0.33> <CoreInst = "LogicGate">   --->   Core 74 'LogicGate' <Latency = 0> <II = 1> <Delay = 0.33> <FuncUnit> <Opcode : 'and' 'or' 'xor'> <InPorts = 2> <OutPorts = 1>
ST_5 : Operation 211 [1/1] (0.00ns) (grouped into LUT with out node or_ln118_1)   --->   "%or_ln118_2 = or i1 %and_ln118_2, i1 %and_ln118_4" [top.cpp:118]   --->   Operation 211 'or' 'or_ln118_2' <Predicate = (and_ln102)> <Delay = 0.00> <CoreInst = "LogicGate">   --->   Core 74 'LogicGate' <Latency = 0> <II = 1> <Delay = 0.33> <FuncUnit> <Opcode : 'and' 'or' 'xor'> <InPorts = 2> <OutPorts = 1>
ST_5 : Operation 212 [1/1] (0.00ns) (grouped into LUT with out node or_ln118_1)   --->   "%xor_ln118_4 = xor i1 %or_ln118_2, i1 1" [top.cpp:118]   --->   Operation 212 'xor' 'xor_ln118_4' <Predicate = (and_ln102)> <Delay = 0.00> <CoreInst = "LogicGate">   --->   Core 74 'LogicGate' <Latency = 0> <II = 1> <Delay = 0.33> <FuncUnit> <Opcode : 'and' 'or' 'xor'> <InPorts = 2> <OutPorts = 1>
ST_5 : Operation 213 [1/1] (0.00ns) (grouped into LUT with out node or_ln118_1)   --->   "%and_ln118_5 = and i1 %tmp_11, i1 %xor_ln118_4" [top.cpp:118]   --->   Operation 213 'and' 'and_ln118_5' <Predicate = (and_ln102)> <Delay = 0.00> <CoreInst = "LogicGate">   --->   Core 74 'LogicGate' <Latency = 0> <II = 1> <Delay = 0.33> <FuncUnit> <Opcode : 'and' 'or' 'xor'> <InPorts = 2> <OutPorts = 1>
ST_5 : Operation 214 [1/1] (0.00ns) (grouped into LUT with out node select_ln118_3)   --->   "%select_ln118_2 = select i1 %and_ln118_3, i24 8388607, i24 8388608" [top.cpp:118]   --->   Operation 214 'select' 'select_ln118_2' <Predicate = (and_ln102)> <Delay = 0.00> <CoreInst = "Sel">   --->   Core 73 'Sel' <Latency = 0> <II = 1> <Delay = 0.43> <FuncUnit> <Opcode : 'select'> <InPorts = 3> <OutPorts = 1>
ST_5 : Operation 215 [1/1] (0.33ns) (out node of the LUT)   --->   "%or_ln118_1 = or i1 %and_ln118_3, i1 %and_ln118_5" [top.cpp:118]   --->   Operation 215 'or' 'or_ln118_1' <Predicate = (and_ln102)> <Delay = 0.33> <CoreInst = "LogicGate">   --->   Core 74 'LogicGate' <Latency = 0> <II = 1> <Delay = 0.33> <FuncUnit> <Opcode : 'and' 'or' 'xor'> <InPorts = 2> <OutPorts = 1>
ST_5 : Operation 216 [1/1] (0.43ns) (out node of the LUT)   --->   "%select_ln118_3 = select i1 %or_ln118_1, i24 %select_ln118_2, i24 %add_ln118" [top.cpp:118]   --->   Operation 216 'select' 'select_ln118_3' <Predicate = (and_ln102)> <Delay = 0.43> <CoreInst = "Sel">   --->   Core 73 'Sel' <Latency = 0> <II = 1> <Delay = 0.43> <FuncUnit> <Opcode : 'select'> <InPorts = 3> <OutPorts = 1>
ST_5 : Operation 217 [1/1] ( I:1.35ns O:1.35ns )   --->   "%store_ln118 = store i24 %select_ln118_3, i14 %bufferB_3_addr_1" [top.cpp:118]   --->   Operation 217 'store' 'store_ln118' <Predicate = (and_ln102 & !tmp & !trunc_ln72 & !trunc_ln73_1)> <Delay = 1.35> <CoreInst = "RAM">   --->   Core 82 'RAM' <Latency = 1> <II = 1> <Delay = 1.35> <Storage> <Opcode : 'load' 'store'> <Ports = 2> <Width = 24> <Depth = 16384> <RAM>
ST_5 : Operation 218 [1/1] (0.00ns)   --->   "%br_ln118 = br void %arrayidx19421.exit52" [top.cpp:118]   --->   Operation 218 'br' 'br_ln118' <Predicate = (and_ln102 & !tmp & !trunc_ln72 & !trunc_ln73_1)> <Delay = 0.00>
ST_5 : Operation 219 [1/1] ( I:1.35ns O:1.35ns )   --->   "%store_ln118 = store i24 %select_ln118_3, i14 %bufferB_2_addr_1" [top.cpp:118]   --->   Operation 219 'store' 'store_ln118' <Predicate = (and_ln102 & !tmp & !trunc_ln72 & trunc_ln73_1)> <Delay = 1.35> <CoreInst = "RAM">   --->   Core 82 'RAM' <Latency = 1> <II = 1> <Delay = 1.35> <Storage> <Opcode : 'load' 'store'> <Ports = 2> <Width = 24> <Depth = 16384> <RAM>
ST_5 : Operation 220 [1/1] (0.00ns)   --->   "%br_ln118 = br void %arrayidx19421.exit52" [top.cpp:118]   --->   Operation 220 'br' 'br_ln118' <Predicate = (and_ln102 & !tmp & !trunc_ln72 & trunc_ln73_1)> <Delay = 0.00>
ST_5 : Operation 221 [1/1] ( I:1.35ns O:1.35ns )   --->   "%store_ln118 = store i24 %select_ln118_3, i14 %bufferB_1_addr_1" [top.cpp:118]   --->   Operation 221 'store' 'store_ln118' <Predicate = (and_ln102 & !tmp & trunc_ln72 & !trunc_ln73_1)> <Delay = 1.35> <CoreInst = "RAM">   --->   Core 82 'RAM' <Latency = 1> <II = 1> <Delay = 1.35> <Storage> <Opcode : 'load' 'store'> <Ports = 2> <Width = 24> <Depth = 16384> <RAM>
ST_5 : Operation 222 [1/1] (0.00ns)   --->   "%br_ln118 = br void %arrayidx19421.exit48" [top.cpp:118]   --->   Operation 222 'br' 'br_ln118' <Predicate = (and_ln102 & !tmp & trunc_ln72 & !trunc_ln73_1)> <Delay = 0.00>
ST_5 : Operation 223 [1/1] ( I:1.35ns O:1.35ns )   --->   "%store_ln118 = store i24 %select_ln118_3, i14 %bufferB_addr_1" [top.cpp:118]   --->   Operation 223 'store' 'store_ln118' <Predicate = (and_ln102 & !tmp & trunc_ln72 & trunc_ln73_1)> <Delay = 1.35> <CoreInst = "RAM">   --->   Core 82 'RAM' <Latency = 1> <II = 1> <Delay = 1.35> <Storage> <Opcode : 'load' 'store'> <Ports = 2> <Width = 24> <Depth = 16384> <RAM>
ST_5 : Operation 224 [1/1] (0.00ns)   --->   "%br_ln118 = br void %arrayidx19421.exit48" [top.cpp:118]   --->   Operation 224 'br' 'br_ln118' <Predicate = (and_ln102 & !tmp & trunc_ln72 & trunc_ln73_1)> <Delay = 0.00>
ST_5 : Operation 225 [1/1] ( I:1.35ns O:1.35ns )   --->   "%store_ln120 = store i24 %select_ln118_3, i14 %bufferA_3_addr_1" [top.cpp:120]   --->   Operation 225 'store' 'store_ln120' <Predicate = (and_ln102 & tmp & !trunc_ln72 & !trunc_ln73_1)> <Delay = 1.35> <CoreInst = "RAM">   --->   Core 82 'RAM' <Latency = 1> <II = 1> <Delay = 1.35> <Storage> <Opcode : 'load' 'store'> <Ports = 2> <Width = 24> <Depth = 16384> <RAM>
ST_5 : Operation 226 [1/1] (0.00ns)   --->   "%br_ln120 = br void %arrayidx20020.exit38" [top.cpp:120]   --->   Operation 226 'br' 'br_ln120' <Predicate = (and_ln102 & tmp & !trunc_ln72 & !trunc_ln73_1)> <Delay = 0.00>
ST_5 : Operation 227 [1/1] ( I:1.35ns O:1.35ns )   --->   "%store_ln120 = store i24 %select_ln118_3, i14 %bufferA_2_addr_1" [top.cpp:120]   --->   Operation 227 'store' 'store_ln120' <Predicate = (and_ln102 & tmp & !trunc_ln72 & trunc_ln73_1)> <Delay = 1.35> <CoreInst = "RAM">   --->   Core 82 'RAM' <Latency = 1> <II = 1> <Delay = 1.35> <Storage> <Opcode : 'load' 'store'> <Ports = 2> <Width = 24> <Depth = 16384> <RAM>
ST_5 : Operation 228 [1/1] (0.00ns)   --->   "%br_ln120 = br void %arrayidx20020.exit38" [top.cpp:120]   --->   Operation 228 'br' 'br_ln120' <Predicate = (and_ln102 & tmp & !trunc_ln72 & trunc_ln73_1)> <Delay = 0.00>
ST_5 : Operation 229 [1/1] ( I:1.35ns O:1.35ns )   --->   "%store_ln120 = store i24 %select_ln118_3, i14 %bufferA_1_addr_1" [top.cpp:120]   --->   Operation 229 'store' 'store_ln120' <Predicate = (and_ln102 & tmp & trunc_ln72 & !trunc_ln73_1)> <Delay = 1.35> <CoreInst = "RAM">   --->   Core 82 'RAM' <Latency = 1> <II = 1> <Delay = 1.35> <Storage> <Opcode : 'load' 'store'> <Ports = 2> <Width = 24> <Depth = 16384> <RAM>
ST_5 : Operation 230 [1/1] (0.00ns)   --->   "%br_ln120 = br void %arrayidx20020.exit34" [top.cpp:120]   --->   Operation 230 'br' 'br_ln120' <Predicate = (and_ln102 & tmp & trunc_ln72 & !trunc_ln73_1)> <Delay = 0.00>
ST_5 : Operation 231 [1/1] ( I:1.35ns O:1.35ns )   --->   "%store_ln120 = store i24 %select_ln118_3, i14 %bufferA_addr_1" [top.cpp:120]   --->   Operation 231 'store' 'store_ln120' <Predicate = (and_ln102 & tmp & trunc_ln72 & trunc_ln73_1)> <Delay = 1.35> <CoreInst = "RAM">   --->   Core 82 'RAM' <Latency = 1> <II = 1> <Delay = 1.35> <Storage> <Opcode : 'load' 'store'> <Ports = 2> <Width = 24> <Depth = 16384> <RAM>
ST_5 : Operation 232 [1/1] (0.00ns)   --->   "%br_ln120 = br void %arrayidx20020.exit34" [top.cpp:120]   --->   Operation 232 'br' 'br_ln120' <Predicate = (and_ln102 & tmp & trunc_ln72 & trunc_ln73_1)> <Delay = 0.00>


============================================================
+ Verbose Summary: Timing violations
============================================================
Target clock period: 10.000ns, clock uncertainty: 2.700ns.

 <State 1>: 0.489ns
The critical path consists of the following:
	'alloca' operation 24 bit ('p_0_0_01307_262') [24]  (0.000 ns)
	'store' operation 0 bit ('store_ln0') of variable 'new_pixel_0_0_0_0_lcssa_lcssa80_read' on local variable 'p_0_0_01307_262' [31]  (0.489 ns)

 <State 2>: 2.788ns
The critical path consists of the following:
	'load' operation 9 bit ('j_load', top.cpp:73) on local variable 'j', top.cpp:73 [47]  (0.000 ns)
	'icmp' operation 1 bit ('icmp_ln73', top.cpp:73) [52]  (0.921 ns)
	'select' operation 9 bit ('select_ln72', top.cpp:72) [53]  (0.458 ns)
	'add' operation 9 bit ('add_ln73', top.cpp:73) [249]  (0.921 ns)
	'store' operation 0 bit ('store_ln73', top.cpp:73) of variable 'add_ln73', top.cpp:73 on local variable 'j', top.cpp:73 [255]  (0.489 ns)

 <State 3>: 4.009ns
The critical path consists of the following:
	'load' operation 24 bit ('bufferA_load', top.cpp:85) on array 'bufferA' [83]  (1.352 ns)
	'select' operation 24 bit ('select_ln85', top.cpp:85) [85]  (0.435 ns)
	'select' operation 24 bit ('select_ln85_2', top.cpp:85) [89]  (0.435 ns)
	'select' operation 24 bit ('new_pixel_0_0_0_0', top.cpp:87) [90]  (0.435 ns)
	'store' operation 0 bit ('store_ln94', top.cpp:94) of variable 'new_pixel_0_0_0_0', top.cpp:87 on array 'line_buf', top.cpp:24 [96]  (1.352 ns)

 <State 4>: 6.855ns
The critical path consists of the following:
	'mul' operation 63 bit ('mul_ln114_1', top.cpp:114) [146]  (3.925 ns)
	'add' operation 64 bit ('add_ln114', top.cpp:114) [148]  (1.456 ns)
	'add' operation 66 bit ('add_ln114_1', top.cpp:114) [150]  (1.474 ns)

 <State 5>: 5.480ns
The critical path consists of the following:
	'add' operation 39 bit ('out', top.cpp:114) [156]  (1.227 ns)
	'select' operation 40 bit ('out', top.cpp:114) [165]  (0.364 ns)
	'add' operation 24 bit ('add_ln118', top.cpp:118) [171]  (1.110 ns)
	'xor' operation 1 bit ('xor_ln118', top.cpp:118) [173]  (0.000 ns)
	'and' operation 1 bit ('and_ln118', top.cpp:118) [174]  (0.331 ns)
	'select' operation 1 bit ('select_ln118', top.cpp:118) [182]  (0.000 ns)
	'xor' operation 1 bit ('xor_ln118_3', top.cpp:118) [187]  (0.000 ns)
	'or' operation 1 bit ('or_ln118', top.cpp:118) [188]  (0.000 ns)
	'and' operation 1 bit ('and_ln118_3', top.cpp:118) [189]  (0.331 ns)
	'or' operation 1 bit ('or_ln118_1', top.cpp:118) [195]  (0.331 ns)
	'select' operation 24 bit ('select_ln118_3', top.cpp:118) [196]  (0.435 ns)
	'store' operation 0 bit ('store_ln118', top.cpp:118) of variable 'select_ln118_3', top.cpp:118 on array 'bufferB_3' [203]  (1.352 ns)


============================================================
+ Verbose Summary: Binding
============================================================
N/A
* FSMD analyzer results:
  - Output states:
 - Input state : 
  - Chain level:
	State 1
	State 2
	State 3
	State 4
	State 5


============================================================
+ Verbose Summary: Datapath Resource usage 
============================================================
N/A
