

================================================================
== Vitis HLS Report for 'compute_Pipeline_VITIS_LOOP_55_5'
================================================================
* Date:           Fri Feb 20 12:00:27 2026

* Version:        2025.1.1 (Build 6214317 on Sep 11 2025)
* Project:        project_1
* Solution:       hls (Vivado IP Flow Target)
* Product family: zynquplus
* Target device:  xczu3eg-sbva484-1-e


================================================================
== Performance Estimates
================================================================
+ Timing: 
    * Summary: 
    +--------+----------+----------+------------+
    |  Clock |  Target  | Estimated| Uncertainty|
    +--------+----------+----------+------------+
    |ap_clk  |  10.00 ns|  3.139 ns|     2.70 ns|
    +--------+----------+----------+------------+

+ Latency: 
    * Summary: 
    +---------+---------+----------+----------+-----+-----+------------------------------------------------+
    |  Latency (cycles) |  Latency (absolute) |  Interval |                    Pipeline                    |
    |   min   |   max   |    min   |    max   | min | max |                      Type                      |
    +---------+---------+----------+----------+-----+-----+------------------------------------------------+
    |      258|      258|  2.580 us|  2.580 us|  257|  257|  loop auto-rewind stp (delay=0 clock cycles(s))|
    +---------+---------+----------+----------+-----+-----+------------------------------------------------+

    + Detail: 
        * Instance: 
        N/A

        * Loop: 
        +-------------------+---------+---------+----------+-----------+-----------+------+----------+
        |                   |  Latency (cycles) | Iteration|  Initiation Interval  | Trip |          |
        |     Loop Name     |   min   |   max   |  Latency |  achieved |   target  | Count| Pipelined|
        +-------------------+---------+---------+----------+-----------+-----------+------+----------+
        |- VITIS_LOOP_55_5  |      256|      256|         2|          1|          1|   256|       yes|
        +-------------------+---------+---------+----------+-----------+-----------+------+----------+

============================================================
+ Verbose Summary: Synthesis Manager
============================================================
InlineROM: 1
ExposeGlobal: 0
============================================================
+ Verbose Summary: CDFG Model
============================================================
IsTopModel: 0
ResetActiveHigh: 1
IsCombinational: 0
IsDatapathOnly: 0
HasWiredReturn: 1
HasMFsm: 2
HasVarLatency: 1
IsPipeline: 0
IsRtlPipelined: 0
IsInstanceOverlapped: 0
IsDontTouch: 0
HasImplIP: 0
IsGatedGlobalClock: 0

+ Individual pipeline summary: 
  * Pipeline-0: initiation interval (II) = 1, depth = 2


============================================================
+ Verbose Summary: Schedule
============================================================
* Number of FSM states : 2
* Pipeline : 1
  Pipeline-0 : II = 1, D = 2, States = { 1 2 }
* Dataflow Pipeline: 0

* FSM state transitions: 
1 --> 2 
2 --> 

* FSM state operations: 

State 1 <SV = 0> <Delay = 1.89>
ST_1 : Operation 5 [1/1] (0.00ns)   --->   "%i = alloca i32 1" [top.cpp:55]   --->   Operation 5 'alloca' 'i' <Predicate = true> <Delay = 0.00>
ST_1 : Operation 6 [1/1] (0.00ns)   --->   "%tmp = read i1 @_ssdm_op_Read.ap_auto.i1, i1 %empty"   --->   Operation 6 'read' 'tmp' <Predicate = true> <Delay = 0.00>
ST_1 : Operation 7 [1/1] (0.00ns)   --->   "%tmp_18 = read i1 @_ssdm_op_Read.ap_auto.i1, i1 %empty_30"   --->   Operation 7 'read' 'tmp_18' <Predicate = true> <Delay = 0.00>
ST_1 : Operation 8 [1/1] (0.48ns)   --->   "%store_ln55 = store i9 0, i9 %i" [top.cpp:55]   --->   Operation 8 'store' 'store_ln55' <Predicate = true> <Delay = 0.48>
ST_1 : Operation 9 [1/1] (0.00ns)   --->   "%br_ln0 = br void %for.inc73"   --->   Operation 9 'br' 'br_ln0' <Predicate = true> <Delay = 0.00>
ST_1 : Operation 10 [1/1] (0.00ns)   --->   "%i_2 = load i9 %i" [top.cpp:55]   --->   Operation 10 'load' 'i_2' <Predicate = true> <Delay = 0.00>
ST_1 : Operation 11 [1/1] (0.92ns)   --->   "%icmp_ln55 = icmp_eq  i9 %i_2, i9 256" [top.cpp:55]   --->   Operation 11 'icmp' 'icmp_ln55' <Predicate = true> <Delay = 0.92> <CoreInst = "Cmp">   --->   Core 9 'Cmp' <Latency = 0> <II = 1> <Delay = 0.92> <FuncUnit> <Opcode : 'seteq' 'setne' 'setle' 'setge' 'setlt' 'setgt'> <InPorts = 2> <OutPorts = 1>
ST_1 : Operation 12 [1/1] (0.92ns)   --->   "%add_ln55 = add i9 %i_2, i9 1" [top.cpp:55]   --->   Operation 12 'add' 'add_ln55' <Predicate = true> <Delay = 0.92> <CoreInst = "Adder">   --->   Core 1 'Adder' <Latency = 0> <II = 1> <Delay = 0.92> <FuncUnit> <Opcode : 'add' 'sub'> <InPorts = 2> <OutPorts = 1>
ST_1 : Operation 13 [1/1] (0.00ns)   --->   "%br_ln55 = br i1 %icmp_ln55, void %for.inc73.split, void %VITIS_LOOP_67_8.preheader.exitStub" [top.cpp:55]   --->   Operation 13 'br' 'br_ln55' <Predicate = true> <Delay = 0.00>
ST_1 : Operation 14 [1/1] (0.00ns)   --->   "%trunc_ln55 = trunc i9 %i_2" [top.cpp:55]   --->   Operation 14 'trunc' 'trunc_ln55' <Predicate = (!icmp_ln55)> <Delay = 0.00>
ST_1 : Operation 15 [1/1] (0.00ns)   --->   "%lshr_ln3 = partselect i7 @_ssdm_op_PartSelect.i7.i9.i32.i32, i9 %i_2, i32 1, i32 7" [top.cpp:55]   --->   Operation 15 'partselect' 'lshr_ln3' <Predicate = (!icmp_ln55)> <Delay = 0.00>
ST_1 : Operation 16 [1/1] (0.00ns)   --->   "%tmp_s = bitconcatenate i15 @_ssdm_op_BitConcatenate.i15.i1.i7.i7, i1 %tmp_18, i7 %lshr_ln3, i7 0" [top.cpp:57]   --->   Operation 16 'bitconcatenate' 'tmp_s' <Predicate = (!icmp_ln55)> <Delay = 0.00>
ST_1 : Operation 17 [1/1] (0.00ns)   --->   "%zext_ln57 = zext i15 %tmp_s" [top.cpp:57]   --->   Operation 17 'zext' 'zext_ln57' <Predicate = (!icmp_ln55)> <Delay = 0.00>
ST_1 : Operation 18 [1/1] (0.00ns)   --->   "%buffer_addr = getelementptr i24 %buffer_r, i64 0, i64 %zext_ln57" [top.cpp:57]   --->   Operation 18 'getelementptr' 'buffer_addr' <Predicate = (!icmp_ln55)> <Delay = 0.00>
ST_1 : Operation 19 [1/1] (0.00ns)   --->   "%tmp_15 = bitconcatenate i15 @_ssdm_op_BitConcatenate.i15.i1.i7.i7, i1 %tmp_18, i7 %lshr_ln3, i7 127" [top.cpp:58]   --->   Operation 19 'bitconcatenate' 'tmp_15' <Predicate = (!icmp_ln55)> <Delay = 0.00>
ST_1 : Operation 20 [1/1] (0.00ns)   --->   "%zext_ln58 = zext i15 %tmp_15" [top.cpp:58]   --->   Operation 20 'zext' 'zext_ln58' <Predicate = (!icmp_ln55)> <Delay = 0.00>
ST_1 : Operation 21 [1/1] (0.00ns)   --->   "%buffer_1_addr = getelementptr i24 %buffer_1, i64 0, i64 %zext_ln58" [top.cpp:58]   --->   Operation 21 'getelementptr' 'buffer_1_addr' <Predicate = (!icmp_ln55)> <Delay = 0.00>
ST_1 : Operation 22 [1/1] (0.00ns)   --->   "%buffer_2_addr = getelementptr i24 %buffer_2, i64 0, i64 %zext_ln57" [top.cpp:57]   --->   Operation 22 'getelementptr' 'buffer_2_addr' <Predicate = (!icmp_ln55)> <Delay = 0.00>
ST_1 : Operation 23 [1/1] (0.00ns)   --->   "%buffer_3_addr = getelementptr i24 %buffer_3, i64 0, i64 %zext_ln58" [top.cpp:58]   --->   Operation 23 'getelementptr' 'buffer_3_addr' <Predicate = (!icmp_ln55)> <Delay = 0.00>
ST_1 : Operation 24 [2/2] (1.35ns)   --->   "%buffer_load = load i15 %buffer_addr" [top.cpp:57]   --->   Operation 24 'load' 'buffer_load' <Predicate = (!icmp_ln55)> <Delay = 1.35> <CoreInst = "RAM">   --->   Core 82 'RAM' <Latency = 1> <II = 1> <Delay = 1.35> <Storage> <Opcode : 'load' 'store'> <Ports = 2> <Width = 24> <Depth = 32768> <RAM>
ST_1 : Operation 25 [2/2] (1.35ns)   --->   "%buffer_2_load = load i15 %buffer_2_addr" [top.cpp:57]   --->   Operation 25 'load' 'buffer_2_load' <Predicate = (!icmp_ln55)> <Delay = 1.35> <CoreInst = "RAM">   --->   Core 82 'RAM' <Latency = 1> <II = 1> <Delay = 1.35> <Storage> <Opcode : 'load' 'store'> <Ports = 2> <Width = 24> <Depth = 32768> <RAM>
ST_1 : Operation 26 [2/2] (1.35ns)   --->   "%buffer_1_load = load i15 %buffer_1_addr" [top.cpp:58]   --->   Operation 26 'load' 'buffer_1_load' <Predicate = (!icmp_ln55)> <Delay = 1.35> <CoreInst = "RAM">   --->   Core 82 'RAM' <Latency = 1> <II = 1> <Delay = 1.35> <Storage> <Opcode : 'load' 'store'> <Ports = 2> <Width = 24> <Depth = 32768> <RAM>
ST_1 : Operation 27 [2/2] (1.35ns)   --->   "%buffer_3_load = load i15 %buffer_3_addr" [top.cpp:58]   --->   Operation 27 'load' 'buffer_3_load' <Predicate = (!icmp_ln55)> <Delay = 1.35> <CoreInst = "RAM">   --->   Core 82 'RAM' <Latency = 1> <II = 1> <Delay = 1.35> <Storage> <Opcode : 'load' 'store'> <Ports = 2> <Width = 24> <Depth = 32768> <RAM>
ST_1 : Operation 28 [1/1] (0.00ns)   --->   "%br_ln57 = br i1 %trunc_ln55, void %arrayidx7235.case.0, void %arrayidx7235.case.1" [top.cpp:57]   --->   Operation 28 'br' 'br_ln57' <Predicate = (!icmp_ln55)> <Delay = 0.00>
ST_1 : Operation 29 [1/1] (0.48ns)   --->   "%store_ln55 = store i9 %add_ln55, i9 %i" [top.cpp:55]   --->   Operation 29 'store' 'store_ln55' <Predicate = (!icmp_ln55)> <Delay = 0.48>
ST_1 : Operation 30 [1/1] (0.00ns)   --->   "%br_ln55 = br void %for.inc73" [top.cpp:55]   --->   Operation 30 'br' 'br_ln55' <Predicate = (!icmp_ln55)> <Delay = 0.00>
ST_1 : Operation 54 [1/1] (0.48ns)   --->   "%ret_ln0 = ret"   --->   Operation 54 'ret' 'ret_ln0' <Predicate = (icmp_ln55)> <Delay = 0.48>

State 2 <SV = 1> <Delay = 3.13>
ST_2 : Operation 31 [1/1] (0.00ns)   --->   "%specpipeline_ln56 = specpipeline void @_ssdm_op_SpecPipeline, i32 1, i32 0, i32 0, i32 0, void @empty_14" [top.cpp:56]   --->   Operation 31 'specpipeline' 'specpipeline_ln56' <Predicate = true> <Delay = 0.00>
ST_2 : Operation 32 [1/1] (0.00ns)   --->   "%speclooptripcount_ln55 = speclooptripcount void @_ssdm_op_SpecLoopTripCount, i64 256, i64 256, i64 256" [top.cpp:55]   --->   Operation 32 'speclooptripcount' 'speclooptripcount_ln55' <Predicate = true> <Delay = 0.00>
ST_2 : Operation 33 [1/1] (0.00ns)   --->   "%specloopname_ln55 = specloopname void @_ssdm_op_SpecLoopName, void @empty_0" [top.cpp:55]   --->   Operation 33 'specloopname' 'specloopname_ln55' <Predicate = true> <Delay = 0.00>
ST_2 : Operation 34 [1/1] (0.00ns)   --->   "%tmp_14 = bitconcatenate i15 @_ssdm_op_BitConcatenate.i15.i1.i7.i7, i1 %tmp, i7 %lshr_ln3, i7 0" [top.cpp:57]   --->   Operation 34 'bitconcatenate' 'tmp_14' <Predicate = true> <Delay = 0.00>
ST_2 : Operation 35 [1/1] (0.00ns)   --->   "%zext_ln57_1 = zext i15 %tmp_14" [top.cpp:57]   --->   Operation 35 'zext' 'zext_ln57_1' <Predicate = true> <Delay = 0.00>
ST_2 : Operation 36 [1/1] (0.00ns)   --->   "%buffer_addr_2 = getelementptr i24 %buffer_r, i64 0, i64 %zext_ln57_1" [top.cpp:57]   --->   Operation 36 'getelementptr' 'buffer_addr_2' <Predicate = true> <Delay = 0.00>
ST_2 : Operation 37 [1/1] (0.00ns)   --->   "%tmp_16 = bitconcatenate i15 @_ssdm_op_BitConcatenate.i15.i1.i7.i7, i1 %tmp, i7 %lshr_ln3, i7 127" [top.cpp:58]   --->   Operation 37 'bitconcatenate' 'tmp_16' <Predicate = true> <Delay = 0.00>
ST_2 : Operation 38 [1/1] (0.00ns)   --->   "%zext_ln58_1 = zext i15 %tmp_16" [top.cpp:58]   --->   Operation 38 'zext' 'zext_ln58_1' <Predicate = true> <Delay = 0.00>
ST_2 : Operation 39 [1/1] (0.00ns)   --->   "%buffer_1_addr_2 = getelementptr i24 %buffer_1, i64 0, i64 %zext_ln58_1" [top.cpp:58]   --->   Operation 39 'getelementptr' 'buffer_1_addr_2' <Predicate = true> <Delay = 0.00>
ST_2 : Operation 40 [1/1] (0.00ns)   --->   "%buffer_2_addr_2 = getelementptr i24 %buffer_2, i64 0, i64 %zext_ln57_1" [top.cpp:57]   --->   Operation 40 'getelementptr' 'buffer_2_addr_2' <Predicate = true> <Delay = 0.00>
ST_2 : Operation 41 [1/1] (0.00ns)   --->   "%buffer_3_addr_2 = getelementptr i24 %buffer_3, i64 0, i64 %zext_ln58_1" [top.cpp:58]   --->   Operation 41 'getelementptr' 'buffer_3_addr_2' <Predicate = true> <Delay = 0.00>
ST_2 : Operation 42 [1/2] ( I:1.35ns O:1.35ns )   --->   "%buffer_load = load i15 %buffer_addr" [top.cpp:57]   --->   Operation 42 'load' 'buffer_load' <Predicate = true> <Delay = 1.35> <CoreInst = "RAM">   --->   Core 82 'RAM' <Latency = 1> <II = 1> <Delay = 1.35> <Storage> <Opcode : 'load' 'store'> <Ports = 2> <Width = 24> <Depth = 32768> <RAM>
ST_2 : Operation 43 [1/2] ( I:1.35ns O:1.35ns )   --->   "%buffer_2_load = load i15 %buffer_2_addr" [top.cpp:57]   --->   Operation 43 'load' 'buffer_2_load' <Predicate = true> <Delay = 1.35> <CoreInst = "RAM">   --->   Core 82 'RAM' <Latency = 1> <II = 1> <Delay = 1.35> <Storage> <Opcode : 'load' 'store'> <Ports = 2> <Width = 24> <Depth = 32768> <RAM>
ST_2 : Operation 44 [1/1] (0.43ns)   --->   "%select_ln57 = select i1 %trunc_ln55, i24 %buffer_2_load, i24 %buffer_load" [top.cpp:57]   --->   Operation 44 'select' 'select_ln57' <Predicate = true> <Delay = 0.43> <CoreInst = "Sel">   --->   Core 73 'Sel' <Latency = 0> <II = 1> <Delay = 0.43> <FuncUnit> <Opcode : 'select'> <InPorts = 3> <OutPorts = 1>
ST_2 : Operation 45 [1/2] ( I:1.35ns O:1.35ns )   --->   "%buffer_1_load = load i15 %buffer_1_addr" [top.cpp:58]   --->   Operation 45 'load' 'buffer_1_load' <Predicate = true> <Delay = 1.35> <CoreInst = "RAM">   --->   Core 82 'RAM' <Latency = 1> <II = 1> <Delay = 1.35> <Storage> <Opcode : 'load' 'store'> <Ports = 2> <Width = 24> <Depth = 32768> <RAM>
ST_2 : Operation 46 [1/2] ( I:1.35ns O:1.35ns )   --->   "%buffer_3_load = load i15 %buffer_3_addr" [top.cpp:58]   --->   Operation 46 'load' 'buffer_3_load' <Predicate = true> <Delay = 1.35> <CoreInst = "RAM">   --->   Core 82 'RAM' <Latency = 1> <II = 1> <Delay = 1.35> <Storage> <Opcode : 'load' 'store'> <Ports = 2> <Width = 24> <Depth = 32768> <RAM>
ST_2 : Operation 47 [1/1] (0.43ns)   --->   "%select_ln58 = select i1 %trunc_ln55, i24 %buffer_3_load, i24 %buffer_1_load" [top.cpp:58]   --->   Operation 47 'select' 'select_ln58' <Predicate = true> <Delay = 0.43> <CoreInst = "Sel">   --->   Core 73 'Sel' <Latency = 0> <II = 1> <Delay = 0.43> <FuncUnit> <Opcode : 'select'> <InPorts = 3> <OutPorts = 1>
ST_2 : Operation 48 [1/1] ( I:1.35ns O:1.35ns )   --->   "%store_ln57 = store i24 %select_ln57, i15 %buffer_addr_2" [top.cpp:57]   --->   Operation 48 'store' 'store_ln57' <Predicate = (!trunc_ln55)> <Delay = 1.35> <CoreInst = "RAM">   --->   Core 82 'RAM' <Latency = 1> <II = 1> <Delay = 1.35> <Storage> <Opcode : 'load' 'store'> <Ports = 2> <Width = 24> <Depth = 32768> <RAM>
ST_2 : Operation 49 [1/1] ( I:1.35ns O:1.35ns )   --->   "%store_ln58 = store i24 %select_ln58, i15 %buffer_1_addr_2" [top.cpp:58]   --->   Operation 49 'store' 'store_ln58' <Predicate = (!trunc_ln55)> <Delay = 1.35> <CoreInst = "RAM">   --->   Core 82 'RAM' <Latency = 1> <II = 1> <Delay = 1.35> <Storage> <Opcode : 'load' 'store'> <Ports = 2> <Width = 24> <Depth = 32768> <RAM>
ST_2 : Operation 50 [1/1] (0.00ns)   --->   "%br_ln58 = br void %arrayidx7235.exit" [top.cpp:58]   --->   Operation 50 'br' 'br_ln58' <Predicate = (!trunc_ln55)> <Delay = 0.00>
ST_2 : Operation 51 [1/1] ( I:1.35ns O:1.35ns )   --->   "%store_ln57 = store i24 %select_ln57, i15 %buffer_2_addr_2" [top.cpp:57]   --->   Operation 51 'store' 'store_ln57' <Predicate = (trunc_ln55)> <Delay = 1.35> <CoreInst = "RAM">   --->   Core 82 'RAM' <Latency = 1> <II = 1> <Delay = 1.35> <Storage> <Opcode : 'load' 'store'> <Ports = 2> <Width = 24> <Depth = 32768> <RAM>
ST_2 : Operation 52 [1/1] ( I:1.35ns O:1.35ns )   --->   "%store_ln58 = store i24 %select_ln58, i15 %buffer_3_addr_2" [top.cpp:58]   --->   Operation 52 'store' 'store_ln58' <Predicate = (trunc_ln55)> <Delay = 1.35> <CoreInst = "RAM">   --->   Core 82 'RAM' <Latency = 1> <II = 1> <Delay = 1.35> <Storage> <Opcode : 'load' 'store'> <Ports = 2> <Width = 24> <Depth = 32768> <RAM>
ST_2 : Operation 53 [1/1] (0.00ns)   --->   "%br_ln58 = br void %arrayidx7235.exit" [top.cpp:58]   --->   Operation 53 'br' 'br_ln58' <Predicate = (trunc_ln55)> <Delay = 0.00>


============================================================
+ Verbose Summary: Timing violations
============================================================
Target clock period: 10.000ns, clock uncertainty: 2.700ns.

 <State 1>: 1.899ns
The critical path consists of the following:
	'store' operation 0 bit ('store_ln55', top.cpp:55) of constant 0 on local variable 'i', top.cpp:55 [10]  (0.489 ns)
	'load' operation 9 bit ('i', top.cpp:55) on local variable 'i', top.cpp:55 [13]  (0.000 ns)
	'icmp' operation 1 bit ('icmp_ln55', top.cpp:55) [14]  (0.921 ns)
	'store' operation 0 bit ('store_ln55', top.cpp:55) of variable 'add_ln55', top.cpp:55 on local variable 'i', top.cpp:55 [55]  (0.489 ns)

 <State 2>: 3.139ns
The critical path consists of the following:
	'load' operation 24 bit ('buffer_load', top.cpp:57) on array 'buffer_r' [39]  (1.352 ns)
	'select' operation 24 bit ('select_ln57', top.cpp:57) [41]  (0.435 ns)
	'store' operation 0 bit ('store_ln57', top.cpp:57) of variable 'select_ln57', top.cpp:57 on array 'buffer_r' [47]  (1.352 ns)


============================================================
+ Verbose Summary: Binding
============================================================
N/A
* FSMD analyzer results:
  - Output states:
 - Input state : 
  - Chain level:
	State 1
	State 2


============================================================
+ Verbose Summary: Datapath Resource usage 
============================================================
N/A
