

================================================================
== Vitis HLS Report for 'compute_Pipeline_VITIS_LOOP_115_11_VITIS_LOOP_116_12'
================================================================
* Date:           Fri Feb 20 11:30:59 2026

* Version:        2025.1.1 (Build 6214317 on Sep 11 2025)
* Project:        project_1
* Solution:       hls (Vivado IP Flow Target)
* Product family: zynquplus
* Target device:  xczu3eg-sbva484-1-e


================================================================
== Performance Estimates
================================================================
+ Timing: 
    * Summary: 
    +--------+----------+----------+------------+
    |  Clock |  Target  | Estimated| Uncertainty|
    +--------+----------+----------+------------+
    |ap_clk  |  10.00 ns|  3.746 ns|     2.70 ns|
    +--------+----------+----------+------------+

+ Latency: 
    * Summary: 
    +---------+---------+----------+----------+-------+-------+------------------------------------------------+
    |  Latency (cycles) |  Latency (absolute) |    Interval   |                    Pipeline                    |
    |   min   |   max   |    min   |    max   |  min  |  max  |                      Type                      |
    +---------+---------+----------+----------+-------+-------+------------------------------------------------+
    |    65538|    65538|  0.655 ms|  0.655 ms|  65537|  65537|  loop auto-rewind stp (delay=0 clock cycles(s))|
    +---------+---------+----------+----------+-------+-------+------------------------------------------------+

    + Detail: 
        * Instance: 
        N/A

        * Loop: 
        +---------------------------------------+---------+---------+----------+-----------+-----------+-------+----------+
        |                                       |  Latency (cycles) | Iteration|  Initiation Interval  |  Trip |          |
        |               Loop Name               |   min   |   max   |  Latency |  achieved |   target  | Count | Pipelined|
        +---------------------------------------+---------+---------+----------+-----------+-----------+-------+----------+
        |- VITIS_LOOP_115_11_VITIS_LOOP_116_12  |    65536|    65536|         2|          1|          1|  65536|       yes|
        +---------------------------------------+---------+---------+----------+-----------+-----------+-------+----------+

============================================================
+ Verbose Summary: Synthesis Manager
============================================================
InlineROM: 1
ExposeGlobal: 0
============================================================
+ Verbose Summary: CDFG Model
============================================================
IsTopModel: 0
ResetActiveHigh: 1
IsCombinational: 0
IsDatapathOnly: 0
HasWiredReturn: 1
HasMFsm: 2
HasVarLatency: 1
IsPipeline: 0
IsRtlPipelined: 0
IsInstanceOverlapped: 0
IsDontTouch: 0
HasImplIP: 0
IsGatedGlobalClock: 0

+ Individual pipeline summary: 
  * Pipeline-0: initiation interval (II) = 1, depth = 3


============================================================
+ Verbose Summary: Schedule
============================================================
* Number of FSM states : 3
* Pipeline : 1
  Pipeline-0 : II = 1, D = 3, States = { 1 2 3 }
* Dataflow Pipeline: 0

* FSM state transitions: 
1 --> 2 
2 --> 3 
3 --> 

* FSM state operations: 

State 1 <SV = 0> <Delay = 0.48>
ST_1 : Operation 5 [1/1] (0.00ns)   --->   "%j = alloca i32 1" [top.cpp:116]   --->   Operation 5 'alloca' 'j' <Predicate = true> <Delay = 0.00>
ST_1 : Operation 6 [1/1] (0.00ns)   --->   "%i_1 = alloca i32 1" [top.cpp:115]   --->   Operation 6 'alloca' 'i_1' <Predicate = true> <Delay = 0.00>
ST_1 : Operation 7 [1/1] (0.00ns)   --->   "%indvar_flatten20 = alloca i32 1"   --->   Operation 7 'alloca' 'indvar_flatten20' <Predicate = true> <Delay = 0.00>
ST_1 : Operation 8 [1/1] (0.00ns)   --->   "%specinterface_ln0 = specinterface void @_ssdm_op_SpecInterface, i24 %grid_final, void @empty_0, i32 0, i32 0, void @empty_15, i32 0, i32 0, void @empty_15, void @empty_15, void @empty_15, i32 0, i32 0, i32 0, i32 0, void @empty_15, void @empty_15, i32 4294967295, i32 0, i32 0"   --->   Operation 8 'specinterface' 'specinterface_ln0' <Predicate = true> <Delay = 0.00>
ST_1 : Operation 9 [1/1] (0.48ns)   --->   "%store_ln0 = store i17 0, i17 %indvar_flatten20"   --->   Operation 9 'store' 'store_ln0' <Predicate = true> <Delay = 0.48>
ST_1 : Operation 10 [1/1] (0.48ns)   --->   "%store_ln115 = store i9 0, i9 %i_1" [top.cpp:115]   --->   Operation 10 'store' 'store_ln115' <Predicate = true> <Delay = 0.48>
ST_1 : Operation 11 [1/1] (0.48ns)   --->   "%store_ln116 = store i9 0, i9 %j" [top.cpp:116]   --->   Operation 11 'store' 'store_ln116' <Predicate = true> <Delay = 0.48>
ST_1 : Operation 12 [1/1] (0.00ns)   --->   "%br_ln0 = br void %for.inc206"   --->   Operation 12 'br' 'br_ln0' <Predicate = true> <Delay = 0.00>

State 2 <SV = 1> <Delay = 3.74>
ST_2 : Operation 13 [1/1] (0.00ns)   --->   "%indvar_flatten20_load = load i17 %indvar_flatten20" [top.cpp:115]   --->   Operation 13 'load' 'indvar_flatten20_load' <Predicate = true> <Delay = 0.00>
ST_2 : Operation 14 [1/1] (1.02ns)   --->   "%icmp_ln115 = icmp_eq  i17 %indvar_flatten20_load, i17 65536" [top.cpp:115]   --->   Operation 14 'icmp' 'icmp_ln115' <Predicate = true> <Delay = 1.02> <CoreInst = "Cmp">   --->   Core 9 'Cmp' <Latency = 0> <II = 1> <Delay = 1.02> <FuncUnit> <Opcode : 'seteq' 'setne' 'setle' 'setge' 'setlt' 'setgt'> <InPorts = 2> <OutPorts = 1>
ST_2 : Operation 15 [1/1] (1.02ns)   --->   "%add_ln115_1 = add i17 %indvar_flatten20_load, i17 1" [top.cpp:115]   --->   Operation 15 'add' 'add_ln115_1' <Predicate = true> <Delay = 1.02> <CoreInst = "Adder">   --->   Core 1 'Adder' <Latency = 0> <II = 1> <Delay = 1.02> <FuncUnit> <Opcode : 'add' 'sub'> <InPorts = 2> <OutPorts = 1>
ST_2 : Operation 16 [1/1] (0.00ns)   --->   "%br_ln115 = br i1 %icmp_ln115, void %for.inc209, void %for.end211.exitStub" [top.cpp:115]   --->   Operation 16 'br' 'br_ln115' <Predicate = true> <Delay = 0.00>
ST_2 : Operation 17 [1/1] (0.00ns)   --->   "%j_load = load i9 %j" [top.cpp:116]   --->   Operation 17 'load' 'j_load' <Predicate = (!icmp_ln115)> <Delay = 0.00>
ST_2 : Operation 18 [1/1] (0.00ns)   --->   "%i_1_load = load i9 %i_1" [top.cpp:115]   --->   Operation 18 'load' 'i_1_load' <Predicate = (!icmp_ln115)> <Delay = 0.00>
ST_2 : Operation 19 [1/1] (0.92ns)   --->   "%add_ln115 = add i9 %i_1_load, i9 1" [top.cpp:115]   --->   Operation 19 'add' 'add_ln115' <Predicate = (!icmp_ln115)> <Delay = 0.92> <CoreInst = "Adder">   --->   Core 1 'Adder' <Latency = 0> <II = 1> <Delay = 0.92> <FuncUnit> <Opcode : 'add' 'sub'> <InPorts = 2> <OutPorts = 1>
ST_2 : Operation 20 [1/1] (0.92ns)   --->   "%icmp_ln116 = icmp_eq  i9 %j_load, i9 256" [top.cpp:116]   --->   Operation 20 'icmp' 'icmp_ln116' <Predicate = (!icmp_ln115)> <Delay = 0.92> <CoreInst = "Cmp">   --->   Core 9 'Cmp' <Latency = 0> <II = 1> <Delay = 0.92> <FuncUnit> <Opcode : 'seteq' 'setne' 'setle' 'setge' 'setlt' 'setgt'> <InPorts = 2> <OutPorts = 1>
ST_2 : Operation 21 [1/1] (0.45ns)   --->   "%select_ln115 = select i1 %icmp_ln116, i9 0, i9 %j_load" [top.cpp:115]   --->   Operation 21 'select' 'select_ln115' <Predicate = (!icmp_ln115)> <Delay = 0.45> <CoreInst = "Sel">   --->   Core 73 'Sel' <Latency = 0> <II = 1> <Delay = 0.45> <FuncUnit> <Opcode : 'select'> <InPorts = 3> <OutPorts = 1>
ST_2 : Operation 22 [1/1] (0.45ns)   --->   "%select_ln115_1 = select i1 %icmp_ln116, i9 %add_ln115, i9 %i_1_load" [top.cpp:115]   --->   Operation 22 'select' 'select_ln115_1' <Predicate = (!icmp_ln115)> <Delay = 0.45> <CoreInst = "Sel">   --->   Core 73 'Sel' <Latency = 0> <II = 1> <Delay = 0.45> <FuncUnit> <Opcode : 'select'> <InPorts = 3> <OutPorts = 1>
ST_2 : Operation 23 [1/1] (0.00ns)   --->   "%trunc_ln118 = trunc i9 %select_ln115_1" [top.cpp:118]   --->   Operation 23 'trunc' 'trunc_ln118' <Predicate = (!icmp_ln115)> <Delay = 0.00>
ST_2 : Operation 24 [1/1] (0.00ns)   --->   "%tmp_14 = bitconcatenate i16 @_ssdm_op_BitConcatenate.i16.i8.i8, i8 %trunc_ln118, i8 0" [top.cpp:118]   --->   Operation 24 'bitconcatenate' 'tmp_14' <Predicate = (!icmp_ln115)> <Delay = 0.00>
ST_2 : Operation 25 [1/1] (0.00ns)   --->   "%zext_ln118 = zext i9 %select_ln115" [top.cpp:118]   --->   Operation 25 'zext' 'zext_ln118' <Predicate = (!icmp_ln115)> <Delay = 0.00>
ST_2 : Operation 26 [1/1] (1.01ns)   --->   "%add_ln118 = add i16 %tmp_14, i16 %zext_ln118" [top.cpp:118]   --->   Operation 26 'add' 'add_ln118' <Predicate = (!icmp_ln115)> <Delay = 1.01> <CoreInst = "Adder">   --->   Core 1 'Adder' <Latency = 0> <II = 1> <Delay = 1.01> <FuncUnit> <Opcode : 'add' 'sub'> <InPorts = 2> <OutPorts = 1>
ST_2 : Operation 27 [1/1] (0.00ns)   --->   "%zext_ln118_1 = zext i16 %add_ln118" [top.cpp:118]   --->   Operation 27 'zext' 'zext_ln118_1' <Predicate = (!icmp_ln115)> <Delay = 0.00>
ST_2 : Operation 28 [1/1] (0.00ns)   --->   "%cur_addr = getelementptr i24 %cur, i64 0, i64 %zext_ln118_1" [top.cpp:118]   --->   Operation 28 'getelementptr' 'cur_addr' <Predicate = (!icmp_ln115)> <Delay = 0.00>
ST_2 : Operation 29 [2/2] (1.35ns)   --->   "%cur_load = load i16 %cur_addr" [top.cpp:118]   --->   Operation 29 'load' 'cur_load' <Predicate = (!icmp_ln115)> <Delay = 1.35> <CoreInst = "RAM">   --->   Core 82 'RAM' <Latency = 1> <II = 1> <Delay = 1.35> <Storage> <Opcode : 'load' 'store'> <Ports = 2> <Width = 24> <Depth = 65536> <RAM>
ST_2 : Operation 30 [1/1] (0.92ns)   --->   "%add_ln116 = add i9 %select_ln115, i9 1" [top.cpp:116]   --->   Operation 30 'add' 'add_ln116' <Predicate = (!icmp_ln115)> <Delay = 0.92> <CoreInst = "Adder">   --->   Core 1 'Adder' <Latency = 0> <II = 1> <Delay = 0.92> <FuncUnit> <Opcode : 'add' 'sub'> <InPorts = 2> <OutPorts = 1>
ST_2 : Operation 31 [1/1] (0.48ns)   --->   "%store_ln115 = store i17 %add_ln115_1, i17 %indvar_flatten20" [top.cpp:115]   --->   Operation 31 'store' 'store_ln115' <Predicate = (!icmp_ln115)> <Delay = 0.48>
ST_2 : Operation 32 [1/1] (0.48ns)   --->   "%store_ln115 = store i9 %select_ln115_1, i9 %i_1" [top.cpp:115]   --->   Operation 32 'store' 'store_ln115' <Predicate = (!icmp_ln115)> <Delay = 0.48>
ST_2 : Operation 33 [1/1] (0.48ns)   --->   "%store_ln116 = store i9 %add_ln116, i9 %j" [top.cpp:116]   --->   Operation 33 'store' 'store_ln116' <Predicate = (!icmp_ln115)> <Delay = 0.48>
ST_2 : Operation 40 [1/1] (0.48ns)   --->   "%ret_ln0 = ret"   --->   Operation 40 'ret' 'ret_ln0' <Predicate = (icmp_ln115)> <Delay = 0.48>

State 3 <SV = 2> <Delay = 3.51>
ST_3 : Operation 34 [1/1] (0.00ns)   --->   "%specloopname_ln0 = specloopname void @_ssdm_op_SpecLoopName, void @VITIS_LOOP_115_11_VITIS_LOOP_116_12_str"   --->   Operation 34 'specloopname' 'specloopname_ln0' <Predicate = true> <Delay = 0.00>
ST_3 : Operation 35 [1/1] (0.00ns)   --->   "%speclooptripcount_ln0 = speclooptripcount void @_ssdm_op_SpecLoopTripCount, i64 65536, i64 65536, i64 65536"   --->   Operation 35 'speclooptripcount' 'speclooptripcount_ln0' <Predicate = true> <Delay = 0.00>
ST_3 : Operation 36 [1/1] (0.00ns)   --->   "%specpipeline_ln117 = specpipeline void @_ssdm_op_SpecPipeline, i32 1, i32 0, i32 0, i32 0, void @empty_15" [top.cpp:117]   --->   Operation 36 'specpipeline' 'specpipeline_ln117' <Predicate = true> <Delay = 0.00>
ST_3 : Operation 37 [1/2] ( I:1.35ns O:1.35ns )   --->   "%cur_load = load i16 %cur_addr" [top.cpp:118]   --->   Operation 37 'load' 'cur_load' <Predicate = true> <Delay = 1.35> <CoreInst = "RAM">   --->   Core 82 'RAM' <Latency = 1> <II = 1> <Delay = 1.35> <Storage> <Opcode : 'load' 'store'> <Ports = 2> <Width = 24> <Depth = 65536> <RAM>
ST_3 : Operation 38 [1/1] ( I:2.16ns O:2.16ns )   --->   "%write_ln118 = write void @_ssdm_op_Write.ap_fifo.volatile.i24P0A, i24 %grid_final, i24 %cur_load" [top.cpp:118]   --->   Operation 38 'write' 'write_ln118' <Predicate = true> <Delay = 2.16> <CoreInst = "FIFO_SRL">   --->   Core 80 'FIFO_SRL' <Latency = 0> <II = 1> <Delay = 2.16> <Storage> <Opcode : 'read' 'write' 'nbread' 'nbwrite'> <Ports = 0> <Width = 24> <Depth = 2> <FIFO>
ST_3 : Operation 39 [1/1] (0.00ns)   --->   "%br_ln116 = br void %for.inc206" [top.cpp:116]   --->   Operation 39 'br' 'br_ln116' <Predicate = true> <Delay = 0.00>


============================================================
+ Verbose Summary: Timing violations
============================================================
Target clock period: 10.000ns, clock uncertainty: 2.700ns.

 <State 1>: 0.489ns
The critical path consists of the following:
	'alloca' operation 17 bit ('indvar_flatten20') [5]  (0.000 ns)
	'store' operation 0 bit ('store_ln0') of constant 0 on local variable 'indvar_flatten20' [7]  (0.489 ns)

 <State 2>: 3.746ns
The critical path consists of the following:
	'load' operation 9 bit ('j_load', top.cpp:116) on local variable 'j', top.cpp:116 [17]  (0.000 ns)
	'icmp' operation 1 bit ('icmp_ln116', top.cpp:116) [22]  (0.921 ns)
	'select' operation 9 bit ('select_ln115_1', top.cpp:115) [24]  (0.458 ns)
	'add' operation 16 bit ('add_ln118', top.cpp:118) [28]  (1.016 ns)
	'getelementptr' operation 16 bit ('cur_addr', top.cpp:118) [30]  (0.000 ns)
	'load' operation 24 bit ('cur_load', top.cpp:118) on array 'cur' [32]  (1.352 ns)

 <State 3>: 3.519ns
The critical path consists of the following:
	'load' operation 24 bit ('cur_load', top.cpp:118) on array 'cur' [32]  (1.352 ns)
	fifo write operation ('write_ln118', top.cpp:118) on port 'grid_final' (top.cpp:118) [33]  (2.167 ns)


============================================================
+ Verbose Summary: Binding
============================================================
N/A
* FSMD analyzer results:
  - Output states:
 - Input state : 
  - Chain level:
	State 1
	State 2
	State 3


============================================================
+ Verbose Summary: Datapath Resource usage 
============================================================
N/A
