

================================================================
== Vitis HLS Report for 'compute_Pipeline_VITIS_LOOP_37_4'
================================================================
* Date:           Thu Feb 19 22:36:33 2026

* Version:        2025.1.1 (Build 6214317 on Sep 11 2025)
* Project:        project_1
* Solution:       hls (Vivado IP Flow Target)
* Product family: zynquplus
* Target device:  xczu3eg-sbva484-1-e


================================================================
== Performance Estimates
================================================================
+ Timing: 
    * Summary: 
    +--------+----------+----------+------------+
    |  Clock |  Target  | Estimated| Uncertainty|
    +--------+----------+----------+------------+
    |ap_clk  |  10.00 ns|  5.279 ns|     2.70 ns|
    +--------+----------+----------+------------+

+ Latency: 
    * Summary: 
    +---------+---------+----------+----------+-----+-----+------------------------------------------------+
    |  Latency (cycles) |  Latency (absolute) |  Interval |                    Pipeline                    |
    |   min   |   max   |    min   |    max   | min | max |                      Type                      |
    +---------+---------+----------+----------+-----+-----+------------------------------------------------+
    |      258|      258|  2.580 us|  2.580 us|  257|  257|  loop auto-rewind stp (delay=0 clock cycles(s))|
    +---------+---------+----------+----------+-----+-----+------------------------------------------------+

    + Detail: 
        * Instance: 
        N/A

        * Loop: 
        +-------------------+---------+---------+----------+-----------+-----------+------+----------+
        |                   |  Latency (cycles) | Iteration|  Initiation Interval  | Trip |          |
        |     Loop Name     |   min   |   max   |  Latency |  achieved |   target  | Count| Pipelined|
        +-------------------+---------+---------+----------+-----------+-----------+------+----------+
        |- VITIS_LOOP_37_4  |      256|      256|         2|          1|          1|   256|       yes|
        +-------------------+---------+---------+----------+-----------+-----------+------+----------+

============================================================
+ Verbose Summary: Synthesis Manager
============================================================
InlineROM: 1
ExposeGlobal: 0
============================================================
+ Verbose Summary: CDFG Model
============================================================
IsTopModel: 0
ResetActiveHigh: 1
IsCombinational: 0
IsDatapathOnly: 0
HasWiredReturn: 1
HasMFsm: 2
HasVarLatency: 1
IsPipeline: 0
IsRtlPipelined: 0
IsInstanceOverlapped: 0
IsDontTouch: 0
HasImplIP: 0
IsGatedGlobalClock: 0

+ Individual pipeline summary: 
  * Pipeline-0: initiation interval (II) = 1, depth = 2


============================================================
+ Verbose Summary: Schedule
============================================================
* Number of FSM states : 2
* Pipeline : 1
  Pipeline-0 : II = 1, D = 2, States = { 1 2 }
* Dataflow Pipeline: 0

* FSM state transitions: 
1 --> 2 
2 --> 

* FSM state operations: 

State 1 <SV = 0> <Delay = 5.27>
ST_1 : Operation 5 [1/1] (0.00ns)   --->   "%phi_urem = alloca i32 1"   --->   Operation 5 'alloca' 'phi_urem' <Predicate = true> <Delay = 0.00>
ST_1 : Operation 6 [1/1] (0.00ns)   --->   "%j = alloca i32 1" [top.cpp:37]   --->   Operation 6 'alloca' 'j' <Predicate = true> <Delay = 0.00>
ST_1 : Operation 7 [1/1] (0.48ns)   --->   "%store_ln37 = store i9 0, i9 %j" [top.cpp:37]   --->   Operation 7 'store' 'store_ln37' <Predicate = true> <Delay = 0.48>
ST_1 : Operation 8 [1/1] (0.48ns)   --->   "%store_ln0 = store i9 0, i9 %phi_urem"   --->   Operation 8 'store' 'store_ln0' <Predicate = true> <Delay = 0.48>
ST_1 : Operation 9 [1/1] (0.00ns)   --->   "%br_ln0 = br void %for.inc35"   --->   Operation 9 'br' 'br_ln0' <Predicate = true> <Delay = 0.00>
ST_1 : Operation 10 [1/1] (0.00ns)   --->   "%j_1 = load i9 %j" [top.cpp:37]   --->   Operation 10 'load' 'j_1' <Predicate = true> <Delay = 0.00>
ST_1 : Operation 11 [1/1] (0.92ns)   --->   "%icmp_ln37 = icmp_eq  i9 %j_1, i9 256" [top.cpp:37]   --->   Operation 11 'icmp' 'icmp_ln37' <Predicate = true> <Delay = 0.92> <CoreInst = "Cmp">   --->   Core 9 'Cmp' <Latency = 0> <II = 1> <Delay = 0.92> <FuncUnit> <Opcode : 'seteq' 'setne' 'setle' 'setge' 'setlt' 'setgt'> <InPorts = 2> <OutPorts = 1>
ST_1 : Operation 12 [1/1] (0.92ns)   --->   "%add_ln37 = add i9 %j_1, i9 1" [top.cpp:37]   --->   Operation 12 'add' 'add_ln37' <Predicate = true> <Delay = 0.92> <CoreInst = "Adder">   --->   Core 1 'Adder' <Latency = 0> <II = 1> <Delay = 0.92> <FuncUnit> <Opcode : 'add' 'sub'> <InPorts = 2> <OutPorts = 1>
ST_1 : Operation 13 [1/1] (0.00ns)   --->   "%br_ln37 = br i1 %icmp_ln37, void %for.inc35.split, void %for.inc55.preheader.exitStub" [top.cpp:37]   --->   Operation 13 'br' 'br_ln37' <Predicate = true> <Delay = 0.00>
ST_1 : Operation 14 [1/1] (0.00ns)   --->   "%trunc_ln40 = trunc i9 %j_1" [top.cpp:40]   --->   Operation 14 'trunc' 'trunc_ln40' <Predicate = (!icmp_ln37)> <Delay = 0.00>
ST_1 : Operation 15 [1/1] (0.00ns)   --->   "%zext_ln37_2 = zext i8 %trunc_ln40" [top.cpp:37]   --->   Operation 15 'zext' 'zext_ln37_2' <Predicate = (!icmp_ln37)> <Delay = 0.00>
ST_1 : Operation 16 [1/1] (2.49ns)   --->   "%mul_ln37 = mul i17 %zext_ln37_2, i17 342" [top.cpp:37]   --->   Operation 16 'mul' 'mul_ln37' <Predicate = (!icmp_ln37)> <Delay = 2.49> <CoreInst = "Multiplier">   --->   Core 3 'Multiplier' <Latency = 0> <II = 1> <Delay = 2.49> <FuncUnit> <Opcode : 'mul'> <InPorts = 2> <OutPorts = 1>
ST_1 : Operation 17 [1/1] (0.00ns)   --->   "%tmp = partselect i7 @_ssdm_op_PartSelect.i7.i17.i32.i32, i17 %mul_ln37, i32 10, i32 16" [top.cpp:37]   --->   Operation 17 'partselect' 'tmp' <Predicate = (!icmp_ln37)> <Delay = 0.00>
ST_1 : Operation 18 [1/1] (0.00ns)   --->   "%zext_ln37_1 = zext i7 %tmp" [top.cpp:37]   --->   Operation 18 'zext' 'zext_ln37_1' <Predicate = (!icmp_ln37)> <Delay = 0.00>
ST_1 : Operation 19 [1/1] (0.00ns)   --->   "%zext_ln39 = zext i7 %tmp" [top.cpp:39]   --->   Operation 19 'zext' 'zext_ln39' <Predicate = (!icmp_ln37)> <Delay = 0.00>
ST_1 : Operation 20 [1/1] (0.00ns)   --->   "%cur_addr_1 = getelementptr i24 %cur, i64 0, i64 %zext_ln37_1" [top.cpp:39]   --->   Operation 20 'getelementptr' 'cur_addr_1' <Predicate = (!icmp_ln37)> <Delay = 0.00>
ST_1 : Operation 21 [1/1] (0.94ns)   --->   "%add_ln40 = add i11 %zext_ln39, i11 1166" [top.cpp:40]   --->   Operation 21 'add' 'add_ln40' <Predicate = (!icmp_ln37)> <Delay = 0.94> <CoreInst = "Adder">   --->   Core 1 'Adder' <Latency = 0> <II = 1> <Delay = 0.94> <FuncUnit> <Opcode : 'add' 'sub'> <InPorts = 2> <OutPorts = 1>
ST_1 : Operation 22 [1/1] (0.00ns)   --->   "%sext_ln40_1 = sext i11 %add_ln40" [top.cpp:40]   --->   Operation 22 'sext' 'sext_ln40_1' <Predicate = (!icmp_ln37)> <Delay = 0.00>
ST_1 : Operation 23 [1/1] (0.00ns)   --->   "%zext_ln40_1 = zext i13 %sext_ln40_1" [top.cpp:40]   --->   Operation 23 'zext' 'zext_ln40_1' <Predicate = (!icmp_ln37)> <Delay = 0.00>
ST_1 : Operation 24 [1/1] (0.00ns)   --->   "%cur_addr_2 = getelementptr i24 %cur, i64 0, i64 %zext_ln40_1" [top.cpp:40]   --->   Operation 24 'getelementptr' 'cur_addr_2' <Predicate = (!icmp_ln37)> <Delay = 0.00>
ST_1 : Operation 25 [1/1] (0.00ns)   --->   "%cur_1_addr_1 = getelementptr i24 %cur_1, i64 0, i64 %zext_ln37_1" [top.cpp:39]   --->   Operation 25 'getelementptr' 'cur_1_addr_1' <Predicate = (!icmp_ln37)> <Delay = 0.00>
ST_1 : Operation 26 [1/1] (0.00ns)   --->   "%cur_1_addr_2 = getelementptr i24 %cur_1, i64 0, i64 %zext_ln40_1" [top.cpp:40]   --->   Operation 26 'getelementptr' 'cur_1_addr_2' <Predicate = (!icmp_ln37)> <Delay = 0.00>
ST_1 : Operation 27 [1/1] (0.00ns)   --->   "%cur_2_addr_1 = getelementptr i24 %cur_2, i64 0, i64 %zext_ln37_1" [top.cpp:39]   --->   Operation 27 'getelementptr' 'cur_2_addr_1' <Predicate = (!icmp_ln37)> <Delay = 0.00>
ST_1 : Operation 28 [1/1] (0.00ns)   --->   "%cur_2_addr_2 = getelementptr i24 %cur_2, i64 0, i64 %zext_ln40_1" [top.cpp:40]   --->   Operation 28 'getelementptr' 'cur_2_addr_2' <Predicate = (!icmp_ln37)> <Delay = 0.00>
ST_1 : Operation 29 [2/2] (1.35ns)   --->   "%cur_load = load i13 %cur_addr_1" [top.cpp:39]   --->   Operation 29 'load' 'cur_load' <Predicate = (!icmp_ln37)> <Delay = 1.35> <CoreInst = "RAM">   --->   Core 82 'RAM' <Latency = 1> <II = 1> <Delay = 1.35> <Storage> <Opcode : 'load' 'store'> <Ports = 2> <Width = 24> <Depth = 7396> <RAM>
ST_1 : Operation 30 [2/2] (1.35ns)   --->   "%cur_1_load = load i13 %cur_1_addr_1" [top.cpp:39]   --->   Operation 30 'load' 'cur_1_load' <Predicate = (!icmp_ln37)> <Delay = 1.35> <CoreInst = "RAM">   --->   Core 82 'RAM' <Latency = 1> <II = 1> <Delay = 1.35> <Storage> <Opcode : 'load' 'store'> <Ports = 2> <Width = 24> <Depth = 7396> <RAM>
ST_1 : Operation 31 [2/2] (1.35ns)   --->   "%cur_2_load = load i13 %cur_2_addr_1" [top.cpp:39]   --->   Operation 31 'load' 'cur_2_load' <Predicate = (!icmp_ln37)> <Delay = 1.35> <CoreInst = "RAM">   --->   Core 82 'RAM' <Latency = 1> <II = 1> <Delay = 1.35> <Storage> <Opcode : 'load' 'store'> <Ports = 2> <Width = 24> <Depth = 7396> <RAM>
ST_1 : Operation 32 [2/2] (1.35ns)   --->   "%cur_load_1 = load i13 %cur_addr_2" [top.cpp:40]   --->   Operation 32 'load' 'cur_load_1' <Predicate = (!icmp_ln37)> <Delay = 1.35> <CoreInst = "RAM">   --->   Core 82 'RAM' <Latency = 1> <II = 1> <Delay = 1.35> <Storage> <Opcode : 'load' 'store'> <Ports = 2> <Width = 24> <Depth = 7396> <RAM>
ST_1 : Operation 33 [2/2] (1.35ns)   --->   "%cur_1_load_1 = load i13 %cur_1_addr_2" [top.cpp:40]   --->   Operation 33 'load' 'cur_1_load_1' <Predicate = (!icmp_ln37)> <Delay = 1.35> <CoreInst = "RAM">   --->   Core 82 'RAM' <Latency = 1> <II = 1> <Delay = 1.35> <Storage> <Opcode : 'load' 'store'> <Ports = 2> <Width = 24> <Depth = 7396> <RAM>
ST_1 : Operation 34 [2/2] (1.35ns)   --->   "%cur_2_load_1 = load i13 %cur_2_addr_2" [top.cpp:40]   --->   Operation 34 'load' 'cur_2_load_1' <Predicate = (!icmp_ln37)> <Delay = 1.35> <CoreInst = "RAM">   --->   Core 82 'RAM' <Latency = 1> <II = 1> <Delay = 1.35> <Storage> <Opcode : 'load' 'store'> <Ports = 2> <Width = 24> <Depth = 7396> <RAM>
ST_1 : Operation 35 [1/1] (0.48ns)   --->   "%store_ln37 = store i9 %add_ln37, i9 %j" [top.cpp:37]   --->   Operation 35 'store' 'store_ln37' <Predicate = (!icmp_ln37)> <Delay = 0.48>
ST_1 : Operation 62 [1/1] (0.48ns)   --->   "%ret_ln0 = ret"   --->   Operation 62 'ret' 'ret_ln0' <Predicate = (icmp_ln37)> <Delay = 0.48>

State 2 <SV = 1> <Delay = 3.19>
ST_2 : Operation 36 [1/1] (0.00ns)   --->   "%phi_urem_load = load i9 %phi_urem" [top.cpp:37]   --->   Operation 36 'load' 'phi_urem_load' <Predicate = true> <Delay = 0.00>
ST_2 : Operation 37 [1/1] (0.92ns)   --->   "%add_ln37_1 = add i9 %phi_urem_load, i9 1" [top.cpp:37]   --->   Operation 37 'add' 'add_ln37_1' <Predicate = true> <Delay = 0.92> <CoreInst = "Adder">   --->   Core 1 'Adder' <Latency = 0> <II = 1> <Delay = 0.92> <FuncUnit> <Opcode : 'add' 'sub'> <InPorts = 2> <OutPorts = 1>
ST_2 : Operation 38 [1/1] (0.92ns)   --->   "%icmp_ln37_1 = icmp_eq  i9 %phi_urem_load, i9 2" [top.cpp:37]   --->   Operation 38 'icmp' 'icmp_ln37_1' <Predicate = true> <Delay = 0.92> <CoreInst = "Cmp">   --->   Core 9 'Cmp' <Latency = 0> <II = 1> <Delay = 0.92> <FuncUnit> <Opcode : 'seteq' 'setne' 'setle' 'setge' 'setlt' 'setgt'> <InPorts = 2> <OutPorts = 1>
ST_2 : Operation 39 [1/1] (0.45ns)   --->   "%select_ln37 = select i1 %icmp_ln37_1, i9 0, i9 %add_ln37_1" [top.cpp:37]   --->   Operation 39 'select' 'select_ln37' <Predicate = true> <Delay = 0.45> <CoreInst = "Sel">   --->   Core 73 'Sel' <Latency = 0> <II = 1> <Delay = 0.45> <FuncUnit> <Opcode : 'select'> <InPorts = 3> <OutPorts = 1>
ST_2 : Operation 40 [1/1] (0.00ns)   --->   "%zext_ln37 = zext i9 %j_1" [top.cpp:37]   --->   Operation 40 'zext' 'zext_ln37' <Predicate = true> <Delay = 0.00>
ST_2 : Operation 41 [1/1] (0.00ns)   --->   "%nxt_addr = getelementptr i24 %nxt, i64 0, i64 %zext_ln37" [top.cpp:39]   --->   Operation 41 'getelementptr' 'nxt_addr' <Predicate = true> <Delay = 0.00>
ST_2 : Operation 42 [1/1] (0.00ns)   --->   "%add_ln = bitconcatenate i9 @_ssdm_op_BitConcatenate.i9.i1.i8, i1 1, i8 %trunc_ln40" [top.cpp:40]   --->   Operation 42 'bitconcatenate' 'add_ln' <Predicate = true> <Delay = 0.00>
ST_2 : Operation 43 [1/1] (0.00ns)   --->   "%sext_ln40 = sext i9 %add_ln" [top.cpp:40]   --->   Operation 43 'sext' 'sext_ln40' <Predicate = true> <Delay = 0.00>
ST_2 : Operation 44 [1/1] (0.00ns)   --->   "%zext_ln40 = zext i16 %sext_ln40" [top.cpp:40]   --->   Operation 44 'zext' 'zext_ln40' <Predicate = true> <Delay = 0.00>
ST_2 : Operation 45 [1/1] (0.00ns)   --->   "%nxt_addr_1 = getelementptr i24 %nxt, i64 0, i64 %zext_ln40" [top.cpp:40]   --->   Operation 45 'getelementptr' 'nxt_addr_1' <Predicate = true> <Delay = 0.00>
ST_2 : Operation 46 [1/1] (0.00ns)   --->   "%specpipeline_ln38 = specpipeline void @_ssdm_op_SpecPipeline, i32 1, i32 0, i32 0, i32 0, void @empty_13" [top.cpp:38]   --->   Operation 46 'specpipeline' 'specpipeline_ln38' <Predicate = true> <Delay = 0.00>
ST_2 : Operation 47 [1/1] (0.00ns)   --->   "%speclooptripcount_ln37 = speclooptripcount void @_ssdm_op_SpecLoopTripCount, i64 256, i64 256, i64 256" [top.cpp:37]   --->   Operation 47 'speclooptripcount' 'speclooptripcount_ln37' <Predicate = true> <Delay = 0.00>
ST_2 : Operation 48 [1/1] (0.00ns)   --->   "%specloopname_ln37 = specloopname void @_ssdm_op_SpecLoopName, void @empty_6" [top.cpp:37]   --->   Operation 48 'specloopname' 'specloopname_ln37' <Predicate = true> <Delay = 0.00>
ST_2 : Operation 49 [1/1] (0.00ns)   --->   "%trunc_ln37 = trunc i9 %phi_urem_load" [top.cpp:37]   --->   Operation 49 'trunc' 'trunc_ln37' <Predicate = true> <Delay = 0.00>
ST_2 : Operation 50 [1/2] ( I:1.35ns O:1.35ns )   --->   "%cur_load = load i13 %cur_addr_1" [top.cpp:39]   --->   Operation 50 'load' 'cur_load' <Predicate = true> <Delay = 1.35> <CoreInst = "RAM">   --->   Core 82 'RAM' <Latency = 1> <II = 1> <Delay = 1.35> <Storage> <Opcode : 'load' 'store'> <Ports = 2> <Width = 24> <Depth = 7396> <RAM>
ST_2 : Operation 51 [1/2] ( I:1.35ns O:1.35ns )   --->   "%cur_1_load = load i13 %cur_1_addr_1" [top.cpp:39]   --->   Operation 51 'load' 'cur_1_load' <Predicate = true> <Delay = 1.35> <CoreInst = "RAM">   --->   Core 82 'RAM' <Latency = 1> <II = 1> <Delay = 1.35> <Storage> <Opcode : 'load' 'store'> <Ports = 2> <Width = 24> <Depth = 7396> <RAM>
ST_2 : Operation 52 [1/2] ( I:1.35ns O:1.35ns )   --->   "%cur_2_load = load i13 %cur_2_addr_1" [top.cpp:39]   --->   Operation 52 'load' 'cur_2_load' <Predicate = true> <Delay = 1.35> <CoreInst = "RAM">   --->   Core 82 'RAM' <Latency = 1> <II = 1> <Delay = 1.35> <Storage> <Opcode : 'load' 'store'> <Ports = 2> <Width = 24> <Depth = 7396> <RAM>
ST_2 : Operation 53 [1/1] (0.48ns)   --->   "%tmp_1 = sparsemux i24 @_ssdm_op_SparseMux.ap_auto.3i24.i24.i2, i2 0, i24 %cur_load, i2 1, i24 %cur_1_load, i2 2, i24 %cur_2_load, i24 0, i2 %trunc_ln37" [top.cpp:39]   --->   Operation 53 'sparsemux' 'tmp_1' <Predicate = true> <Delay = 0.48> <CoreInst = "OneHotSparseMux_HasDef">   --->   Core 152 'OneHotSparseMux_HasDef' <Latency = 0> <II = 1> <Delay = 0.48> <FuncUnit> <Opcode : 'sparsemux'> <InPorts = 2> <OutPorts = 1>
ST_2 : Operation 54 [1/1] ( I:1.35ns O:1.35ns )   --->   "%store_ln39 = store i24 %tmp_1, i16 %nxt_addr" [top.cpp:39]   --->   Operation 54 'store' 'store_ln39' <Predicate = true> <Delay = 1.35> <CoreInst = "RAM">   --->   Core 82 'RAM' <Latency = 1> <II = 1> <Delay = 1.35> <Storage> <Opcode : 'load' 'store'> <Ports = 2> <Width = 24> <Depth = 65536> <RAM>
ST_2 : Operation 55 [1/2] ( I:1.35ns O:1.35ns )   --->   "%cur_load_1 = load i13 %cur_addr_2" [top.cpp:40]   --->   Operation 55 'load' 'cur_load_1' <Predicate = true> <Delay = 1.35> <CoreInst = "RAM">   --->   Core 82 'RAM' <Latency = 1> <II = 1> <Delay = 1.35> <Storage> <Opcode : 'load' 'store'> <Ports = 2> <Width = 24> <Depth = 7396> <RAM>
ST_2 : Operation 56 [1/2] ( I:1.35ns O:1.35ns )   --->   "%cur_1_load_1 = load i13 %cur_1_addr_2" [top.cpp:40]   --->   Operation 56 'load' 'cur_1_load_1' <Predicate = true> <Delay = 1.35> <CoreInst = "RAM">   --->   Core 82 'RAM' <Latency = 1> <II = 1> <Delay = 1.35> <Storage> <Opcode : 'load' 'store'> <Ports = 2> <Width = 24> <Depth = 7396> <RAM>
ST_2 : Operation 57 [1/2] ( I:1.35ns O:1.35ns )   --->   "%cur_2_load_1 = load i13 %cur_2_addr_2" [top.cpp:40]   --->   Operation 57 'load' 'cur_2_load_1' <Predicate = true> <Delay = 1.35> <CoreInst = "RAM">   --->   Core 82 'RAM' <Latency = 1> <II = 1> <Delay = 1.35> <Storage> <Opcode : 'load' 'store'> <Ports = 2> <Width = 24> <Depth = 7396> <RAM>
ST_2 : Operation 58 [1/1] (0.48ns)   --->   "%tmp_2 = sparsemux i24 @_ssdm_op_SparseMux.ap_auto.3i24.i24.i2, i2 0, i24 %cur_load_1, i2 1, i24 %cur_1_load_1, i2 2, i24 %cur_2_load_1, i24 0, i2 %trunc_ln37" [top.cpp:40]   --->   Operation 58 'sparsemux' 'tmp_2' <Predicate = true> <Delay = 0.48> <CoreInst = "OneHotSparseMux_HasDef">   --->   Core 152 'OneHotSparseMux_HasDef' <Latency = 0> <II = 1> <Delay = 0.48> <FuncUnit> <Opcode : 'sparsemux'> <InPorts = 2> <OutPorts = 1>
ST_2 : Operation 59 [1/1] ( I:1.35ns O:1.35ns )   --->   "%store_ln40 = store i24 %tmp_2, i16 %nxt_addr_1" [top.cpp:40]   --->   Operation 59 'store' 'store_ln40' <Predicate = true> <Delay = 1.35> <CoreInst = "RAM">   --->   Core 82 'RAM' <Latency = 1> <II = 1> <Delay = 1.35> <Storage> <Opcode : 'load' 'store'> <Ports = 2> <Width = 24> <Depth = 65536> <RAM>
ST_2 : Operation 60 [1/1] (0.48ns)   --->   "%store_ln37 = store i9 %select_ln37, i9 %phi_urem" [top.cpp:37]   --->   Operation 60 'store' 'store_ln37' <Predicate = true> <Delay = 0.48>
ST_2 : Operation 61 [1/1] (0.00ns)   --->   "%br_ln37 = br void %for.inc35" [top.cpp:37]   --->   Operation 61 'br' 'br_ln37' <Predicate = true> <Delay = 0.00>


============================================================
+ Verbose Summary: Binding
============================================================
STG Binding: 
---------------- STG Properties BEGIN ----------------
- Is combinational: 0
- Is one-state seq: 0
- Is datapath-only: 0
- Is pipelined: 0
- Is top level: 0
Port [ Return ] is wired: 1; IO mode=ap_ctrl_hs:ce=0
Port [ nxt]:  wired=1; compound=1; hidden=0; nouse=0; global=0; static=0; extern=0; dir=1; type=1; pingpong=0; private_global=0; MemPort=[00]; IO mode=ap_memory:ce=0
Port [ cur]:  wired=1; compound=1; hidden=0; nouse=0; global=0; static=0; extern=0; dir=0; type=1; pingpong=0; private_global=0; MemPort=[11]; IO mode=ap_memory:ce=0
Port [ cur_1]:  wired=1; compound=1; hidden=0; nouse=0; global=0; static=0; extern=0; dir=0; type=1; pingpong=0; private_global=0; MemPort=[11]; IO mode=ap_memory:ce=0
Port [ cur_2]:  wired=1; compound=1; hidden=0; nouse=0; global=0; static=0; extern=0; dir=0; type=1; pingpong=0; private_global=0; MemPort=[11]; IO mode=ap_memory:ce=0
---------------- STG Properties END ------------------

---------------- Datapath Model BEGIN ----------------

<LifeTime>
<method=bitvector/>
phi_urem               (alloca           ) [ 011]
j                      (alloca           ) [ 010]
store_ln37             (store            ) [ 000]
store_ln0              (store            ) [ 000]
br_ln0                 (br               ) [ 000]
j_1                    (load             ) [ 011]
icmp_ln37              (icmp             ) [ 010]
add_ln37               (add              ) [ 000]
br_ln37                (br               ) [ 000]
trunc_ln40             (trunc            ) [ 011]
zext_ln37_2            (zext             ) [ 000]
mul_ln37               (mul              ) [ 000]
tmp                    (partselect       ) [ 000]
zext_ln37_1            (zext             ) [ 000]
zext_ln39              (zext             ) [ 000]
cur_addr_1             (getelementptr    ) [ 011]
add_ln40               (add              ) [ 000]
sext_ln40_1            (sext             ) [ 000]
zext_ln40_1            (zext             ) [ 000]
cur_addr_2             (getelementptr    ) [ 011]
cur_1_addr_1           (getelementptr    ) [ 011]
cur_1_addr_2           (getelementptr    ) [ 011]
cur_2_addr_1           (getelementptr    ) [ 011]
cur_2_addr_2           (getelementptr    ) [ 011]
store_ln37             (store            ) [ 000]
phi_urem_load          (load             ) [ 000]
add_ln37_1             (add              ) [ 000]
icmp_ln37_1            (icmp             ) [ 000]
select_ln37            (select           ) [ 000]
zext_ln37              (zext             ) [ 000]
nxt_addr               (getelementptr    ) [ 000]
add_ln                 (bitconcatenate   ) [ 000]
sext_ln40              (sext             ) [ 000]
zext_ln40              (zext             ) [ 000]
nxt_addr_1             (getelementptr    ) [ 000]
specpipeline_ln38      (specpipeline     ) [ 000]
speclooptripcount_ln37 (speclooptripcount) [ 000]
specloopname_ln37      (specloopname     ) [ 000]
trunc_ln37             (trunc            ) [ 000]
cur_load               (load             ) [ 000]
cur_1_load             (load             ) [ 000]
cur_2_load             (load             ) [ 000]
tmp_1                  (sparsemux        ) [ 000]
store_ln39             (store            ) [ 000]
cur_load_1             (load             ) [ 000]
cur_1_load_1           (load             ) [ 000]
cur_2_load_1           (load             ) [ 000]
tmp_2                  (sparsemux        ) [ 000]
store_ln40             (store            ) [ 000]
store_ln37             (store            ) [ 000]
br_ln37                (br               ) [ 000]
ret_ln0                (ret              ) [ 000]
</LifeTime>

<model>

<comp_list>
<comp id="0" class="1000" name="nxt">
<pin_list>
<pin id="1" dir="1" index="0" bw="1" slack="0"/>
</pin_list>
<bind>
<StgValue><ssdm name="nxt"/><MemPortTyVec>0 0 </MemPortTyVec>
</StgValue>
</bind>
</comp>

<comp id="2" class="1000" name="cur">
<pin_list>
<pin id="3" dir="1" index="0" bw="1" slack="0"/>
</pin_list>
<bind>
<StgValue><ssdm name="cur"/><MemPortTyVec>1 1 </MemPortTyVec>
</StgValue>
</bind>
</comp>

<comp id="4" class="1000" name="cur_1">
<pin_list>
<pin id="5" dir="1" index="0" bw="1" slack="0"/>
</pin_list>
<bind>
<StgValue><ssdm name="cur_1"/><MemPortTyVec>1 1 </MemPortTyVec>
</StgValue>
</bind>
</comp>

<comp id="6" class="1000" name="cur_2">
<pin_list>
<pin id="7" dir="1" index="0" bw="1" slack="0"/>
</pin_list>
<bind>
<StgValue><ssdm name="cur_2"/><MemPortTyVec>1 1 </MemPortTyVec>
</StgValue>
</bind>
</comp>

<comp id="8" class="1001" name="const_8">
<pin_list>
<pin id="9" dir="1" index="0" bw="1" slack="0"/>
</pin_list>
<bind>
<StgValue><ssdm name=""/></StgValue>
</bind>
</comp>

<comp id="10" class="1001" name="const_10">
<pin_list>
<pin id="11" dir="1" index="0" bw="1" slack="0"/>
</pin_list>
<bind>
<StgValue><ssdm name=""/></StgValue>
</bind>
</comp>

<comp id="12" class="1001" name="const_12">
<pin_list>
<pin id="13" dir="1" index="0" bw="1" slack="0"/>
</pin_list>
<bind>
<StgValue><ssdm name=""/></StgValue>
</bind>
</comp>

<comp id="14" class="1001" name="const_14">
<pin_list>
<pin id="15" dir="1" index="0" bw="1" slack="0"/>
</pin_list>
<bind>
<StgValue><ssdm name=""/></StgValue>
</bind>
</comp>

<comp id="16" class="1001" name="const_16">
<pin_list>
<pin id="17" dir="1" index="0" bw="1" slack="0"/>
</pin_list>
<bind>
<StgValue><ssdm name=""/></StgValue>
</bind>
</comp>

<comp id="18" class="1001" name="const_18">
<pin_list>
<pin id="19" dir="1" index="0" bw="1" slack="0"/>
</pin_list>
<bind>
<StgValue><ssdm name="_ssdm_op_PartSelect.i7.i17.i32.i32"/></StgValue>
</bind>
</comp>

<comp id="20" class="1001" name="const_20">
<pin_list>
<pin id="21" dir="1" index="0" bw="1" slack="0"/>
</pin_list>
<bind>
<StgValue><ssdm name=""/></StgValue>
</bind>
</comp>

<comp id="22" class="1001" name="const_22">
<pin_list>
<pin id="23" dir="1" index="0" bw="1" slack="0"/>
</pin_list>
<bind>
<StgValue><ssdm name=""/></StgValue>
</bind>
</comp>

<comp id="24" class="1001" name="const_24">
<pin_list>
<pin id="25" dir="1" index="0" bw="1" slack="0"/>
</pin_list>
<bind>
<StgValue><ssdm name=""/></StgValue>
</bind>
</comp>

<comp id="26" class="1001" name="const_26">
<pin_list>
<pin id="27" dir="1" index="0" bw="1" slack="0"/>
</pin_list>
<bind>
<StgValue><ssdm name=""/></StgValue>
</bind>
</comp>

<comp id="28" class="1001" name="const_28">
<pin_list>
<pin id="29" dir="1" index="0" bw="1" slack="0"/>
</pin_list>
<bind>
<StgValue><ssdm name=""/></StgValue>
</bind>
</comp>

<comp id="30" class="1001" name="const_30">
<pin_list>
<pin id="31" dir="1" index="0" bw="1" slack="0"/>
</pin_list>
<bind>
<StgValue><ssdm name="_ssdm_op_BitConcatenate.i9.i1.i8"/></StgValue>
</bind>
</comp>

<comp id="32" class="1001" name="const_32">
<pin_list>
<pin id="33" dir="1" index="0" bw="1" slack="0"/>
</pin_list>
<bind>
<StgValue><ssdm name=""/></StgValue>
</bind>
</comp>

<comp id="34" class="1001" name="const_34">
<pin_list>
<pin id="35" dir="1" index="0" bw="1" slack="2147483647"/>
</pin_list>
<bind>
<StgValue><ssdm name="_ssdm_op_SpecPipeline"/></StgValue>
</bind>
</comp>

<comp id="36" class="1001" name="const_36">
<pin_list>
<pin id="37" dir="1" index="0" bw="1" slack="2147483647"/>
</pin_list>
<bind>
<StgValue><ssdm name=""/></StgValue>
</bind>
</comp>

<comp id="38" class="1001" name="const_38">
<pin_list>
<pin id="39" dir="1" index="0" bw="1" slack="2147483647"/>
</pin_list>
<bind>
<StgValue><ssdm name="empty_13"/></StgValue>
</bind>
</comp>

<comp id="40" class="1001" name="const_40">
<pin_list>
<pin id="41" dir="1" index="0" bw="1" slack="2147483647"/>
</pin_list>
<bind>
<StgValue><ssdm name="_ssdm_op_SpecLoopTripCount"/></StgValue>
</bind>
</comp>

<comp id="42" class="1001" name="const_42">
<pin_list>
<pin id="43" dir="1" index="0" bw="1" slack="2147483647"/>
</pin_list>
<bind>
<StgValue><ssdm name=""/></StgValue>
</bind>
</comp>

<comp id="44" class="1001" name="const_44">
<pin_list>
<pin id="45" dir="1" index="0" bw="1" slack="2147483647"/>
</pin_list>
<bind>
<StgValue><ssdm name="_ssdm_op_SpecLoopName"/></StgValue>
</bind>
</comp>

<comp id="46" class="1001" name="const_46">
<pin_list>
<pin id="47" dir="1" index="0" bw="1" slack="2147483647"/>
</pin_list>
<bind>
<StgValue><ssdm name="empty_6"/></StgValue>
</bind>
</comp>

<comp id="48" class="1001" name="const_48">
<pin_list>
<pin id="49" dir="1" index="0" bw="1" slack="0"/>
</pin_list>
<bind>
<StgValue><ssdm name="_ssdm_op_SparseMux.ap_auto.3i24.i24.i2"/></StgValue>
</bind>
</comp>

<comp id="50" class="1001" name="const_50">
<pin_list>
<pin id="51" dir="1" index="0" bw="1" slack="0"/>
</pin_list>
<bind>
<StgValue><ssdm name=""/></StgValue>
</bind>
</comp>

<comp id="52" class="1001" name="const_52">
<pin_list>
<pin id="53" dir="1" index="0" bw="1" slack="0"/>
</pin_list>
<bind>
<StgValue><ssdm name=""/></StgValue>
</bind>
</comp>

<comp id="54" class="1001" name="const_54">
<pin_list>
<pin id="55" dir="1" index="0" bw="1" slack="0"/>
</pin_list>
<bind>
<StgValue><ssdm name=""/></StgValue>
</bind>
</comp>

<comp id="56" class="1001" name="const_56">
<pin_list>
<pin id="57" dir="1" index="0" bw="1" slack="0"/>
</pin_list>
<bind>
<StgValue><ssdm name=""/></StgValue>
</bind>
</comp>

<comp id="58" class="1004" name="phi_urem_fu_58">
<pin_list>
<pin id="59" dir="0" index="0" bw="1" slack="0"/>
<pin id="60" dir="1" index="1" bw="9" slack="0"/>
</pin_list>
<bind>
<opcode="alloca(26) " fcode="alloca"/>
<opset="phi_urem/1 "/>
</bind>
</comp>

<comp id="62" class="1004" name="j_fu_62">
<pin_list>
<pin id="63" dir="0" index="0" bw="1" slack="0"/>
<pin id="64" dir="1" index="1" bw="9" slack="0"/>
</pin_list>
<bind>
<opcode="alloca(26) " fcode="alloca"/>
<opset="j/1 "/>
</bind>
</comp>

<comp id="66" class="1004" name="cur_addr_1_gep_fu_66">
<pin_list>
<pin id="67" dir="0" index="0" bw="24" slack="0"/>
<pin id="68" dir="0" index="1" bw="1" slack="0"/>
<pin id="69" dir="0" index="2" bw="7" slack="0"/>
<pin id="70" dir="1" index="3" bw="13" slack="0"/>
</pin_list>
<bind>
<opcode="getelementptr(29) " fcode="getelementptr"/>
<opset="cur_addr_1/1 "/>
</bind>
</comp>

<comp id="73" class="1004" name="cur_addr_2_gep_fu_73">
<pin_list>
<pin id="74" dir="0" index="0" bw="24" slack="0"/>
<pin id="75" dir="0" index="1" bw="1" slack="0"/>
<pin id="76" dir="0" index="2" bw="13" slack="0"/>
<pin id="77" dir="1" index="3" bw="13" slack="0"/>
</pin_list>
<bind>
<opcode="getelementptr(29) " fcode="getelementptr"/>
<opset="cur_addr_2/1 "/>
</bind>
</comp>

<comp id="80" class="1004" name="cur_1_addr_1_gep_fu_80">
<pin_list>
<pin id="81" dir="0" index="0" bw="24" slack="0"/>
<pin id="82" dir="0" index="1" bw="1" slack="0"/>
<pin id="83" dir="0" index="2" bw="7" slack="0"/>
<pin id="84" dir="1" index="3" bw="13" slack="0"/>
</pin_list>
<bind>
<opcode="getelementptr(29) " fcode="getelementptr"/>
<opset="cur_1_addr_1/1 "/>
</bind>
</comp>

<comp id="87" class="1004" name="cur_1_addr_2_gep_fu_87">
<pin_list>
<pin id="88" dir="0" index="0" bw="24" slack="0"/>
<pin id="89" dir="0" index="1" bw="1" slack="0"/>
<pin id="90" dir="0" index="2" bw="13" slack="0"/>
<pin id="91" dir="1" index="3" bw="13" slack="0"/>
</pin_list>
<bind>
<opcode="getelementptr(29) " fcode="getelementptr"/>
<opset="cur_1_addr_2/1 "/>
</bind>
</comp>

<comp id="94" class="1004" name="cur_2_addr_1_gep_fu_94">
<pin_list>
<pin id="95" dir="0" index="0" bw="24" slack="0"/>
<pin id="96" dir="0" index="1" bw="1" slack="0"/>
<pin id="97" dir="0" index="2" bw="7" slack="0"/>
<pin id="98" dir="1" index="3" bw="13" slack="0"/>
</pin_list>
<bind>
<opcode="getelementptr(29) " fcode="getelementptr"/>
<opset="cur_2_addr_1/1 "/>
</bind>
</comp>

<comp id="101" class="1004" name="cur_2_addr_2_gep_fu_101">
<pin_list>
<pin id="102" dir="0" index="0" bw="24" slack="0"/>
<pin id="103" dir="0" index="1" bw="1" slack="0"/>
<pin id="104" dir="0" index="2" bw="13" slack="0"/>
<pin id="105" dir="1" index="3" bw="13" slack="0"/>
</pin_list>
<bind>
<opcode="getelementptr(29) " fcode="getelementptr"/>
<opset="cur_2_addr_2/1 "/>
</bind>
</comp>

<comp id="108" class="1004" name="grp_access_fu_108">
<pin_list>
<pin id="109" dir="0" index="0" bw="13" slack="0"/>
<pin id="110" dir="0" index="1" bw="24" slack="2147483647"/>
<pin id="111" dir="0" index="2" bw="0" slack="0"/>
<pin id="113" dir="0" index="4" bw="13" slack="2147483647"/>
<pin id="114" dir="0" index="5" bw="24" slack="2147483647"/>
<pin id="115" dir="0" index="6" bw="0" slack="2147483647"/>
<pin id="112" dir="1" index="3" bw="24" slack="0"/>
<pin id="116" dir="1" index="7" bw="24" slack="0"/>
</pin_list>
<bind>
<opcode="load(27) " fcode="load"/>
<opset="cur_load/1 cur_load_1/1 "/>
</bind>
</comp>

<comp id="118" class="1004" name="grp_access_fu_118">
<pin_list>
<pin id="119" dir="0" index="0" bw="13" slack="0"/>
<pin id="120" dir="0" index="1" bw="24" slack="2147483647"/>
<pin id="121" dir="0" index="2" bw="0" slack="0"/>
<pin id="123" dir="0" index="4" bw="13" slack="2147483647"/>
<pin id="124" dir="0" index="5" bw="24" slack="2147483647"/>
<pin id="125" dir="0" index="6" bw="0" slack="2147483647"/>
<pin id="122" dir="1" index="3" bw="24" slack="0"/>
<pin id="126" dir="1" index="7" bw="24" slack="0"/>
</pin_list>
<bind>
<opcode="load(27) " fcode="load"/>
<opset="cur_1_load/1 cur_1_load_1/1 "/>
</bind>
</comp>

<comp id="128" class="1004" name="grp_access_fu_128">
<pin_list>
<pin id="129" dir="0" index="0" bw="13" slack="0"/>
<pin id="130" dir="0" index="1" bw="24" slack="2147483647"/>
<pin id="131" dir="0" index="2" bw="0" slack="0"/>
<pin id="133" dir="0" index="4" bw="13" slack="2147483647"/>
<pin id="134" dir="0" index="5" bw="24" slack="2147483647"/>
<pin id="135" dir="0" index="6" bw="0" slack="2147483647"/>
<pin id="132" dir="1" index="3" bw="24" slack="0"/>
<pin id="136" dir="1" index="7" bw="24" slack="0"/>
</pin_list>
<bind>
<opcode="load(27) " fcode="load"/>
<opset="cur_2_load/1 cur_2_load_1/1 "/>
</bind>
</comp>

<comp id="141" class="1004" name="nxt_addr_gep_fu_141">
<pin_list>
<pin id="142" dir="0" index="0" bw="24" slack="0"/>
<pin id="143" dir="0" index="1" bw="1" slack="0"/>
<pin id="144" dir="0" index="2" bw="9" slack="0"/>
<pin id="145" dir="1" index="3" bw="16" slack="0"/>
</pin_list>
<bind>
<opcode="getelementptr(29) " fcode="getelementptr"/>
<opset="nxt_addr/2 "/>
</bind>
</comp>

<comp id="148" class="1004" name="nxt_addr_1_gep_fu_148">
<pin_list>
<pin id="149" dir="0" index="0" bw="24" slack="0"/>
<pin id="150" dir="0" index="1" bw="1" slack="0"/>
<pin id="151" dir="0" index="2" bw="16" slack="0"/>
<pin id="152" dir="1" index="3" bw="16" slack="0"/>
</pin_list>
<bind>
<opcode="getelementptr(29) " fcode="getelementptr"/>
<opset="nxt_addr_1/2 "/>
</bind>
</comp>

<comp id="155" class="1004" name="grp_access_fu_155">
<pin_list>
<pin id="156" dir="0" index="0" bw="16" slack="0"/>
<pin id="157" dir="0" index="1" bw="24" slack="0"/>
<pin id="158" dir="0" index="2" bw="0" slack="0"/>
<pin id="160" dir="0" index="4" bw="16" slack="0"/>
<pin id="161" dir="0" index="5" bw="24" slack="2147483647"/>
<pin id="162" dir="0" index="6" bw="0" slack="2147483647"/>
<pin id="159" dir="1" index="3" bw="24" slack="2147483647"/>
<pin id="163" dir="1" index="7" bw="24" slack="2147483647"/>
</pin_list>
<bind>
<opcode="store(28) " fcode="store"/>
<opset="store_ln39/2 store_ln40/2 "/>
</bind>
</comp>

<comp id="166" class="1004" name="store_ln37_store_fu_166">
<pin_list>
<pin id="167" dir="0" index="0" bw="1" slack="0"/>
<pin id="168" dir="0" index="1" bw="9" slack="0"/>
<pin id="169" dir="1" index="2" bw="0" slack="2147483647"/>
</pin_list>
<bind>
<opcode="store(28) " fcode="store"/>
<opset="store_ln37/1 "/>
</bind>
</comp>

<comp id="171" class="1004" name="store_ln0_store_fu_171">
<pin_list>
<pin id="172" dir="0" index="0" bw="1" slack="0"/>
<pin id="173" dir="0" index="1" bw="9" slack="0"/>
<pin id="174" dir="1" index="2" bw="0" slack="2147483647"/>
</pin_list>
<bind>
<opcode="store(28) " fcode="store"/>
<opset="store_ln0/1 "/>
</bind>
</comp>

<comp id="176" class="1004" name="j_1_load_fu_176">
<pin_list>
<pin id="177" dir="0" index="0" bw="9" slack="0"/>
<pin id="178" dir="1" index="1" bw="9" slack="0"/>
</pin_list>
<bind>
<opcode="load(27) " fcode="load"/>
<opset="j_1/1 "/>
</bind>
</comp>

<comp id="179" class="1004" name="icmp_ln37_fu_179">
<pin_list>
<pin id="180" dir="0" index="0" bw="9" slack="0"/>
<pin id="181" dir="0" index="1" bw="9" slack="0"/>
<pin id="182" dir="1" index="2" bw="1" slack="2147483647"/>
</pin_list>
<bind>
<opcode="icmp(45) " fcode="icmp"/>
<opset="icmp_ln37/1 "/>
</bind>
</comp>

<comp id="185" class="1004" name="add_ln37_fu_185">
<pin_list>
<pin id="186" dir="0" index="0" bw="9" slack="0"/>
<pin id="187" dir="0" index="1" bw="1" slack="0"/>
<pin id="188" dir="1" index="2" bw="9" slack="0"/>
</pin_list>
<bind>
<opcode="add(8) " fcode="add"/>
<opset="add_ln37/1 "/>
</bind>
</comp>

<comp id="191" class="1004" name="trunc_ln40_fu_191">
<pin_list>
<pin id="192" dir="0" index="0" bw="9" slack="0"/>
<pin id="193" dir="1" index="1" bw="8" slack="0"/>
</pin_list>
<bind>
<opcode="trunc(33) " fcode="trunc"/>
<opset="trunc_ln40/1 "/>
</bind>
</comp>

<comp id="195" class="1004" name="zext_ln37_2_fu_195">
<pin_list>
<pin id="196" dir="0" index="0" bw="8" slack="0"/>
<pin id="197" dir="1" index="1" bw="17" slack="0"/>
</pin_list>
<bind>
<opcode="zext(34) " fcode="zext"/>
<opset="zext_ln37_2/1 "/>
</bind>
</comp>

<comp id="199" class="1004" name="mul_ln37_fu_199">
<pin_list>
<pin id="200" dir="0" index="0" bw="8" slack="0"/>
<pin id="201" dir="0" index="1" bw="10" slack="0"/>
<pin id="202" dir="1" index="2" bw="17" slack="0"/>
</pin_list>
<bind>
<opcode="mul(12) " fcode="mul"/>
<opset="mul_ln37/1 "/>
</bind>
</comp>

<comp id="205" class="1004" name="tmp_fu_205">
<pin_list>
<pin id="206" dir="0" index="0" bw="7" slack="0"/>
<pin id="207" dir="0" index="1" bw="17" slack="0"/>
<pin id="208" dir="0" index="2" bw="5" slack="0"/>
<pin id="209" dir="0" index="3" bw="6" slack="0"/>
<pin id="210" dir="1" index="4" bw="7" slack="0"/>
</pin_list>
<bind>
<opcode="partselect(1002) " fcode="partselect"/>
<opset="tmp/1 "/>
</bind>
</comp>

<comp id="215" class="1004" name="zext_ln37_1_fu_215">
<pin_list>
<pin id="216" dir="0" index="0" bw="7" slack="0"/>
<pin id="217" dir="1" index="1" bw="64" slack="0"/>
</pin_list>
<bind>
<opcode="zext(34) " fcode="zext"/>
<opset="zext_ln37_1/1 "/>
</bind>
</comp>

<comp id="222" class="1004" name="zext_ln39_fu_222">
<pin_list>
<pin id="223" dir="0" index="0" bw="7" slack="0"/>
<pin id="224" dir="1" index="1" bw="11" slack="0"/>
</pin_list>
<bind>
<opcode="zext(34) " fcode="zext"/>
<opset="zext_ln39/1 "/>
</bind>
</comp>

<comp id="226" class="1004" name="add_ln40_fu_226">
<pin_list>
<pin id="227" dir="0" index="0" bw="7" slack="0"/>
<pin id="228" dir="0" index="1" bw="11" slack="0"/>
<pin id="229" dir="1" index="2" bw="11" slack="0"/>
</pin_list>
<bind>
<opcode="add(8) " fcode="add"/>
<opset="add_ln40/1 "/>
</bind>
</comp>

<comp id="232" class="1004" name="sext_ln40_1_fu_232">
<pin_list>
<pin id="233" dir="0" index="0" bw="11" slack="0"/>
<pin id="234" dir="1" index="1" bw="13" slack="0"/>
</pin_list>
<bind>
<opcode="sext(35) " fcode="sext"/>
<opset="sext_ln40_1/1 "/>
</bind>
</comp>

<comp id="236" class="1004" name="zext_ln40_1_fu_236">
<pin_list>
<pin id="237" dir="0" index="0" bw="11" slack="0"/>
<pin id="238" dir="1" index="1" bw="64" slack="0"/>
</pin_list>
<bind>
<opcode="zext(34) " fcode="zext"/>
<opset="zext_ln40_1/1 "/>
</bind>
</comp>

<comp id="243" class="1004" name="store_ln37_store_fu_243">
<pin_list>
<pin id="244" dir="0" index="0" bw="9" slack="0"/>
<pin id="245" dir="0" index="1" bw="9" slack="0"/>
<pin id="246" dir="1" index="2" bw="0" slack="2147483647"/>
</pin_list>
<bind>
<opcode="store(28) " fcode="store"/>
<opset="store_ln37/1 "/>
</bind>
</comp>

<comp id="248" class="1004" name="phi_urem_load_load_fu_248">
<pin_list>
<pin id="249" dir="0" index="0" bw="9" slack="1"/>
<pin id="250" dir="1" index="1" bw="9" slack="0"/>
</pin_list>
<bind>
<opcode="load(27) " fcode="load"/>
<opset="phi_urem_load/2 "/>
</bind>
</comp>

<comp id="251" class="1004" name="add_ln37_1_fu_251">
<pin_list>
<pin id="252" dir="0" index="0" bw="9" slack="0"/>
<pin id="253" dir="0" index="1" bw="1" slack="0"/>
<pin id="254" dir="1" index="2" bw="9" slack="0"/>
</pin_list>
<bind>
<opcode="add(8) " fcode="add"/>
<opset="add_ln37_1/2 "/>
</bind>
</comp>

<comp id="257" class="1004" name="icmp_ln37_1_fu_257">
<pin_list>
<pin id="258" dir="0" index="0" bw="9" slack="0"/>
<pin id="259" dir="0" index="1" bw="3" slack="0"/>
<pin id="260" dir="1" index="2" bw="1" slack="0"/>
</pin_list>
<bind>
<opcode="icmp(45) " fcode="icmp"/>
<opset="icmp_ln37_1/2 "/>
</bind>
</comp>

<comp id="263" class="1004" name="select_ln37_fu_263">
<pin_list>
<pin id="264" dir="0" index="0" bw="1" slack="0"/>
<pin id="265" dir="0" index="1" bw="1" slack="0"/>
<pin id="266" dir="0" index="2" bw="9" slack="0"/>
<pin id="267" dir="1" index="3" bw="9" slack="0"/>
</pin_list>
<bind>
<opcode="select(49) " fcode="select"/>
<opset="select_ln37/2 "/>
</bind>
</comp>

<comp id="271" class="1004" name="zext_ln37_fu_271">
<pin_list>
<pin id="272" dir="0" index="0" bw="9" slack="1"/>
<pin id="273" dir="1" index="1" bw="64" slack="0"/>
</pin_list>
<bind>
<opcode="zext(34) " fcode="zext"/>
<opset="zext_ln37/2 "/>
</bind>
</comp>

<comp id="275" class="1004" name="add_ln_fu_275">
<pin_list>
<pin id="276" dir="0" index="0" bw="9" slack="0"/>
<pin id="277" dir="0" index="1" bw="1" slack="0"/>
<pin id="278" dir="0" index="2" bw="8" slack="1"/>
<pin id="279" dir="1" index="3" bw="9" slack="0"/>
</pin_list>
<bind>
<opcode="bitconcatenate(1004) " fcode="bitconcatenate"/>
<opset="add_ln/2 "/>
</bind>
</comp>

<comp id="282" class="1004" name="sext_ln40_fu_282">
<pin_list>
<pin id="283" dir="0" index="0" bw="9" slack="0"/>
<pin id="284" dir="1" index="1" bw="16" slack="0"/>
</pin_list>
<bind>
<opcode="sext(35) " fcode="sext"/>
<opset="sext_ln40/2 "/>
</bind>
</comp>

<comp id="286" class="1004" name="zext_ln40_fu_286">
<pin_list>
<pin id="287" dir="0" index="0" bw="9" slack="0"/>
<pin id="288" dir="1" index="1" bw="64" slack="0"/>
</pin_list>
<bind>
<opcode="zext(34) " fcode="zext"/>
<opset="zext_ln40/2 "/>
</bind>
</comp>

<comp id="291" class="1004" name="trunc_ln37_fu_291">
<pin_list>
<pin id="292" dir="0" index="0" bw="9" slack="0"/>
<pin id="293" dir="1" index="1" bw="2" slack="0"/>
</pin_list>
<bind>
<opcode="trunc(33) " fcode="trunc"/>
<opset="trunc_ln37/2 "/>
</bind>
</comp>

<comp id="295" class="1004" name="tmp_1_fu_295">
<pin_list>
<pin id="296" dir="0" index="0" bw="24" slack="0"/>
<pin id="297" dir="0" index="1" bw="2" slack="0"/>
<pin id="298" dir="0" index="2" bw="24" slack="0"/>
<pin id="299" dir="0" index="3" bw="2" slack="0"/>
<pin id="300" dir="0" index="4" bw="24" slack="0"/>
<pin id="301" dir="0" index="5" bw="2" slack="0"/>
<pin id="302" dir="0" index="6" bw="24" slack="0"/>
<pin id="303" dir="0" index="7" bw="24" slack="0"/>
<pin id="304" dir="0" index="8" bw="2" slack="0"/>
<pin id="305" dir="1" index="9" bw="24" slack="0"/>
</pin_list>
<bind>
<opcode="sparsemux(1197) " fcode="sparsemux"/>
<opset="tmp_1/2 "/>
</bind>
</comp>

<comp id="316" class="1004" name="tmp_2_fu_316">
<pin_list>
<pin id="317" dir="0" index="0" bw="24" slack="0"/>
<pin id="318" dir="0" index="1" bw="2" slack="0"/>
<pin id="319" dir="0" index="2" bw="24" slack="0"/>
<pin id="320" dir="0" index="3" bw="2" slack="0"/>
<pin id="321" dir="0" index="4" bw="24" slack="0"/>
<pin id="322" dir="0" index="5" bw="2" slack="0"/>
<pin id="323" dir="0" index="6" bw="24" slack="0"/>
<pin id="324" dir="0" index="7" bw="24" slack="0"/>
<pin id="325" dir="0" index="8" bw="2" slack="0"/>
<pin id="326" dir="1" index="9" bw="24" slack="0"/>
</pin_list>
<bind>
<opcode="sparsemux(1197) " fcode="sparsemux"/>
<opset="tmp_2/2 "/>
</bind>
</comp>

<comp id="337" class="1004" name="store_ln37_store_fu_337">
<pin_list>
<pin id="338" dir="0" index="0" bw="9" slack="0"/>
<pin id="339" dir="0" index="1" bw="9" slack="1"/>
<pin id="340" dir="1" index="2" bw="0" slack="2147483647"/>
</pin_list>
<bind>
<opcode="store(28) " fcode="store"/>
<opset="store_ln37/2 "/>
</bind>
</comp>

<comp id="342" class="1005" name="phi_urem_reg_342">
<pin_list>
<pin id="343" dir="0" index="0" bw="9" slack="0"/>
<pin id="344" dir="1" index="1" bw="9" slack="0"/>
</pin_list>
<bind>
<opset="phi_urem "/>
</bind>
</comp>

<comp id="349" class="1005" name="j_reg_349">
<pin_list>
<pin id="350" dir="0" index="0" bw="9" slack="0"/>
<pin id="351" dir="1" index="1" bw="9" slack="0"/>
</pin_list>
<bind>
<opset="j "/>
</bind>
</comp>

<comp id="356" class="1005" name="j_1_reg_356">
<pin_list>
<pin id="357" dir="0" index="0" bw="9" slack="1"/>
<pin id="358" dir="1" index="1" bw="9" slack="1"/>
</pin_list>
<bind>
<opset="j_1 "/>
</bind>
</comp>

<comp id="364" class="1005" name="trunc_ln40_reg_364">
<pin_list>
<pin id="365" dir="0" index="0" bw="8" slack="1"/>
<pin id="366" dir="1" index="1" bw="8" slack="1"/>
</pin_list>
<bind>
<opset="trunc_ln40 "/>
</bind>
</comp>

<comp id="369" class="1005" name="cur_addr_1_reg_369">
<pin_list>
<pin id="370" dir="0" index="0" bw="13" slack="1"/>
<pin id="371" dir="1" index="1" bw="13" slack="1"/>
</pin_list>
<bind>
<opset="cur_addr_1 "/>
</bind>
</comp>

<comp id="374" class="1005" name="cur_addr_2_reg_374">
<pin_list>
<pin id="375" dir="0" index="0" bw="13" slack="1"/>
<pin id="376" dir="1" index="1" bw="13" slack="1"/>
</pin_list>
<bind>
<opset="cur_addr_2 "/>
</bind>
</comp>

<comp id="379" class="1005" name="cur_1_addr_1_reg_379">
<pin_list>
<pin id="380" dir="0" index="0" bw="13" slack="1"/>
<pin id="381" dir="1" index="1" bw="13" slack="1"/>
</pin_list>
<bind>
<opset="cur_1_addr_1 "/>
</bind>
</comp>

<comp id="384" class="1005" name="cur_1_addr_2_reg_384">
<pin_list>
<pin id="385" dir="0" index="0" bw="13" slack="1"/>
<pin id="386" dir="1" index="1" bw="13" slack="1"/>
</pin_list>
<bind>
<opset="cur_1_addr_2 "/>
</bind>
</comp>

<comp id="389" class="1005" name="cur_2_addr_1_reg_389">
<pin_list>
<pin id="390" dir="0" index="0" bw="13" slack="1"/>
<pin id="391" dir="1" index="1" bw="13" slack="1"/>
</pin_list>
<bind>
<opset="cur_2_addr_1 "/>
</bind>
</comp>

<comp id="394" class="1005" name="cur_2_addr_2_reg_394">
<pin_list>
<pin id="395" dir="0" index="0" bw="13" slack="1"/>
<pin id="396" dir="1" index="1" bw="13" slack="1"/>
</pin_list>
<bind>
<opset="cur_2_addr_2 "/>
</bind>
</comp>

</comp_list>

<net_list>
<net id="61"><net_src comp="8" pin="0"/><net_sink comp="58" pin=0"/></net>

<net id="65"><net_src comp="8" pin="0"/><net_sink comp="62" pin=0"/></net>

<net id="71"><net_src comp="2" pin="0"/><net_sink comp="66" pin=0"/></net>

<net id="72"><net_src comp="24" pin="0"/><net_sink comp="66" pin=1"/></net>

<net id="78"><net_src comp="2" pin="0"/><net_sink comp="73" pin=0"/></net>

<net id="79"><net_src comp="24" pin="0"/><net_sink comp="73" pin=1"/></net>

<net id="85"><net_src comp="4" pin="0"/><net_sink comp="80" pin=0"/></net>

<net id="86"><net_src comp="24" pin="0"/><net_sink comp="80" pin=1"/></net>

<net id="92"><net_src comp="4" pin="0"/><net_sink comp="87" pin=0"/></net>

<net id="93"><net_src comp="24" pin="0"/><net_sink comp="87" pin=1"/></net>

<net id="99"><net_src comp="6" pin="0"/><net_sink comp="94" pin=0"/></net>

<net id="100"><net_src comp="24" pin="0"/><net_sink comp="94" pin=1"/></net>

<net id="106"><net_src comp="6" pin="0"/><net_sink comp="101" pin=0"/></net>

<net id="107"><net_src comp="24" pin="0"/><net_sink comp="101" pin=1"/></net>

<net id="117"><net_src comp="66" pin="3"/><net_sink comp="108" pin=2"/></net>

<net id="127"><net_src comp="80" pin="3"/><net_sink comp="118" pin=2"/></net>

<net id="137"><net_src comp="94" pin="3"/><net_sink comp="128" pin=2"/></net>

<net id="138"><net_src comp="73" pin="3"/><net_sink comp="108" pin=0"/></net>

<net id="139"><net_src comp="87" pin="3"/><net_sink comp="118" pin=0"/></net>

<net id="140"><net_src comp="101" pin="3"/><net_sink comp="128" pin=0"/></net>

<net id="146"><net_src comp="0" pin="0"/><net_sink comp="141" pin=0"/></net>

<net id="147"><net_src comp="24" pin="0"/><net_sink comp="141" pin=1"/></net>

<net id="153"><net_src comp="0" pin="0"/><net_sink comp="148" pin=0"/></net>

<net id="154"><net_src comp="24" pin="0"/><net_sink comp="148" pin=1"/></net>

<net id="164"><net_src comp="141" pin="3"/><net_sink comp="155" pin=2"/></net>

<net id="165"><net_src comp="148" pin="3"/><net_sink comp="155" pin=0"/></net>

<net id="170"><net_src comp="10" pin="0"/><net_sink comp="166" pin=0"/></net>

<net id="175"><net_src comp="10" pin="0"/><net_sink comp="171" pin=0"/></net>

<net id="183"><net_src comp="176" pin="1"/><net_sink comp="179" pin=0"/></net>

<net id="184"><net_src comp="12" pin="0"/><net_sink comp="179" pin=1"/></net>

<net id="189"><net_src comp="176" pin="1"/><net_sink comp="185" pin=0"/></net>

<net id="190"><net_src comp="14" pin="0"/><net_sink comp="185" pin=1"/></net>

<net id="194"><net_src comp="176" pin="1"/><net_sink comp="191" pin=0"/></net>

<net id="198"><net_src comp="191" pin="1"/><net_sink comp="195" pin=0"/></net>

<net id="203"><net_src comp="195" pin="1"/><net_sink comp="199" pin=0"/></net>

<net id="204"><net_src comp="16" pin="0"/><net_sink comp="199" pin=1"/></net>

<net id="211"><net_src comp="18" pin="0"/><net_sink comp="205" pin=0"/></net>

<net id="212"><net_src comp="199" pin="2"/><net_sink comp="205" pin=1"/></net>

<net id="213"><net_src comp="20" pin="0"/><net_sink comp="205" pin=2"/></net>

<net id="214"><net_src comp="22" pin="0"/><net_sink comp="205" pin=3"/></net>

<net id="218"><net_src comp="205" pin="4"/><net_sink comp="215" pin=0"/></net>

<net id="219"><net_src comp="215" pin="1"/><net_sink comp="66" pin=2"/></net>

<net id="220"><net_src comp="215" pin="1"/><net_sink comp="80" pin=2"/></net>

<net id="221"><net_src comp="215" pin="1"/><net_sink comp="94" pin=2"/></net>

<net id="225"><net_src comp="205" pin="4"/><net_sink comp="222" pin=0"/></net>

<net id="230"><net_src comp="222" pin="1"/><net_sink comp="226" pin=0"/></net>

<net id="231"><net_src comp="26" pin="0"/><net_sink comp="226" pin=1"/></net>

<net id="235"><net_src comp="226" pin="2"/><net_sink comp="232" pin=0"/></net>

<net id="239"><net_src comp="232" pin="1"/><net_sink comp="236" pin=0"/></net>

<net id="240"><net_src comp="236" pin="1"/><net_sink comp="73" pin=2"/></net>

<net id="241"><net_src comp="236" pin="1"/><net_sink comp="87" pin=2"/></net>

<net id="242"><net_src comp="236" pin="1"/><net_sink comp="101" pin=2"/></net>

<net id="247"><net_src comp="185" pin="2"/><net_sink comp="243" pin=0"/></net>

<net id="255"><net_src comp="248" pin="1"/><net_sink comp="251" pin=0"/></net>

<net id="256"><net_src comp="14" pin="0"/><net_sink comp="251" pin=1"/></net>

<net id="261"><net_src comp="248" pin="1"/><net_sink comp="257" pin=0"/></net>

<net id="262"><net_src comp="28" pin="0"/><net_sink comp="257" pin=1"/></net>

<net id="268"><net_src comp="257" pin="2"/><net_sink comp="263" pin=0"/></net>

<net id="269"><net_src comp="10" pin="0"/><net_sink comp="263" pin=1"/></net>

<net id="270"><net_src comp="251" pin="2"/><net_sink comp="263" pin=2"/></net>

<net id="274"><net_src comp="271" pin="1"/><net_sink comp="141" pin=2"/></net>

<net id="280"><net_src comp="30" pin="0"/><net_sink comp="275" pin=0"/></net>

<net id="281"><net_src comp="32" pin="0"/><net_sink comp="275" pin=1"/></net>

<net id="285"><net_src comp="275" pin="3"/><net_sink comp="282" pin=0"/></net>

<net id="289"><net_src comp="282" pin="1"/><net_sink comp="286" pin=0"/></net>

<net id="290"><net_src comp="286" pin="1"/><net_sink comp="148" pin=2"/></net>

<net id="294"><net_src comp="248" pin="1"/><net_sink comp="291" pin=0"/></net>

<net id="306"><net_src comp="48" pin="0"/><net_sink comp="295" pin=0"/></net>

<net id="307"><net_src comp="50" pin="0"/><net_sink comp="295" pin=1"/></net>

<net id="308"><net_src comp="108" pin="7"/><net_sink comp="295" pin=2"/></net>

<net id="309"><net_src comp="52" pin="0"/><net_sink comp="295" pin=3"/></net>

<net id="310"><net_src comp="118" pin="7"/><net_sink comp="295" pin=4"/></net>

<net id="311"><net_src comp="54" pin="0"/><net_sink comp="295" pin=5"/></net>

<net id="312"><net_src comp="128" pin="7"/><net_sink comp="295" pin=6"/></net>

<net id="313"><net_src comp="56" pin="0"/><net_sink comp="295" pin=7"/></net>

<net id="314"><net_src comp="291" pin="1"/><net_sink comp="295" pin=8"/></net>

<net id="315"><net_src comp="295" pin="9"/><net_sink comp="155" pin=4"/></net>

<net id="327"><net_src comp="48" pin="0"/><net_sink comp="316" pin=0"/></net>

<net id="328"><net_src comp="50" pin="0"/><net_sink comp="316" pin=1"/></net>

<net id="329"><net_src comp="108" pin="3"/><net_sink comp="316" pin=2"/></net>

<net id="330"><net_src comp="52" pin="0"/><net_sink comp="316" pin=3"/></net>

<net id="331"><net_src comp="118" pin="3"/><net_sink comp="316" pin=4"/></net>

<net id="332"><net_src comp="54" pin="0"/><net_sink comp="316" pin=5"/></net>

<net id="333"><net_src comp="128" pin="3"/><net_sink comp="316" pin=6"/></net>

<net id="334"><net_src comp="56" pin="0"/><net_sink comp="316" pin=7"/></net>

<net id="335"><net_src comp="291" pin="1"/><net_sink comp="316" pin=8"/></net>

<net id="336"><net_src comp="316" pin="9"/><net_sink comp="155" pin=1"/></net>

<net id="341"><net_src comp="263" pin="3"/><net_sink comp="337" pin=0"/></net>

<net id="345"><net_src comp="58" pin="1"/><net_sink comp="342" pin=0"/></net>

<net id="346"><net_src comp="342" pin="1"/><net_sink comp="171" pin=1"/></net>

<net id="347"><net_src comp="342" pin="1"/><net_sink comp="248" pin=0"/></net>

<net id="348"><net_src comp="342" pin="1"/><net_sink comp="337" pin=1"/></net>

<net id="352"><net_src comp="62" pin="1"/><net_sink comp="349" pin=0"/></net>

<net id="353"><net_src comp="349" pin="1"/><net_sink comp="166" pin=1"/></net>

<net id="354"><net_src comp="349" pin="1"/><net_sink comp="176" pin=0"/></net>

<net id="355"><net_src comp="349" pin="1"/><net_sink comp="243" pin=1"/></net>

<net id="359"><net_src comp="176" pin="1"/><net_sink comp="356" pin=0"/></net>

<net id="360"><net_src comp="356" pin="1"/><net_sink comp="271" pin=0"/></net>

<net id="367"><net_src comp="191" pin="1"/><net_sink comp="364" pin=0"/></net>

<net id="368"><net_src comp="364" pin="1"/><net_sink comp="275" pin=2"/></net>

<net id="372"><net_src comp="66" pin="3"/><net_sink comp="369" pin=0"/></net>

<net id="373"><net_src comp="369" pin="1"/><net_sink comp="108" pin=2"/></net>

<net id="377"><net_src comp="73" pin="3"/><net_sink comp="374" pin=0"/></net>

<net id="378"><net_src comp="374" pin="1"/><net_sink comp="108" pin=0"/></net>

<net id="382"><net_src comp="80" pin="3"/><net_sink comp="379" pin=0"/></net>

<net id="383"><net_src comp="379" pin="1"/><net_sink comp="118" pin=2"/></net>

<net id="387"><net_src comp="87" pin="3"/><net_sink comp="384" pin=0"/></net>

<net id="388"><net_src comp="384" pin="1"/><net_sink comp="118" pin=0"/></net>

<net id="392"><net_src comp="94" pin="3"/><net_sink comp="389" pin=0"/></net>

<net id="393"><net_src comp="389" pin="1"/><net_sink comp="128" pin=2"/></net>

<net id="397"><net_src comp="101" pin="3"/><net_sink comp="394" pin=0"/></net>

<net id="398"><net_src comp="394" pin="1"/><net_sink comp="128" pin=0"/></net>

</net_list>

</model> 
---------------- Datapath Model END ------------------

* FSMD analyzer results:
  - Output states:
	Port: nxt | {2 }
 - Input state : 
	Port: compute_Pipeline_VITIS_LOOP_37_4 : cur | {1 2 }
	Port: compute_Pipeline_VITIS_LOOP_37_4 : cur_1 | {1 2 }
	Port: compute_Pipeline_VITIS_LOOP_37_4 : cur_2 | {1 2 }
  - Chain level:
	State 1
		store_ln37 : 1
		store_ln0 : 1
		j_1 : 1
		icmp_ln37 : 2
		add_ln37 : 2
		br_ln37 : 3
		trunc_ln40 : 2
		zext_ln37_2 : 3
		mul_ln37 : 4
		tmp : 5
		zext_ln37_1 : 6
		zext_ln39 : 6
		cur_addr_1 : 7
		add_ln40 : 7
		sext_ln40_1 : 8
		zext_ln40_1 : 9
		cur_addr_2 : 10
		cur_1_addr_1 : 7
		cur_1_addr_2 : 10
		cur_2_addr_1 : 7
		cur_2_addr_2 : 10
		cur_load : 8
		cur_1_load : 8
		cur_2_load : 8
		cur_load_1 : 11
		cur_1_load_1 : 11
		cur_2_load_1 : 11
		store_ln37 : 3
	State 2
		add_ln37_1 : 1
		icmp_ln37_1 : 1
		select_ln37 : 2
		nxt_addr : 1
		sext_ln40 : 1
		zext_ln40 : 2
		nxt_addr_1 : 3
		trunc_ln37 : 1
		tmp_1 : 2
		store_ln39 : 3
		tmp_2 : 2
		store_ln40 : 4
		store_ln37 : 3


============================================================
+ Verbose Summary: Datapath Resource usage 
============================================================

* Functional unit list:
|----------|--------------------|---------|---------|---------|
| Operation|   Functional Unit  |   DSP   |    FF   |   LUT   |
|----------|--------------------|---------|---------|---------|
|    mul   |   mul_ln37_fu_199  |    0    |    0    |    62   |
|----------|--------------------|---------|---------|---------|
|          |   add_ln37_fu_185  |    0    |    0    |    16   |
|    add   |   add_ln40_fu_226  |    0    |    0    |    18   |
|          |  add_ln37_1_fu_251 |    0    |    0    |    16   |
|----------|--------------------|---------|---------|---------|
|   icmp   |  icmp_ln37_fu_179  |    0    |    0    |    16   |
|          | icmp_ln37_1_fu_257 |    0    |    0    |    16   |
|----------|--------------------|---------|---------|---------|
| sparsemux|    tmp_1_fu_295    |    0    |    0    |    9    |
|          |    tmp_2_fu_316    |    0    |    0    |    9    |
|----------|--------------------|---------|---------|---------|
|  select  | select_ln37_fu_263 |    0    |    0    |    8    |
|----------|--------------------|---------|---------|---------|
|   trunc  |  trunc_ln40_fu_191 |    0    |    0    |    0    |
|          |  trunc_ln37_fu_291 |    0    |    0    |    0    |
|----------|--------------------|---------|---------|---------|
|          | zext_ln37_2_fu_195 |    0    |    0    |    0    |
|          | zext_ln37_1_fu_215 |    0    |    0    |    0    |
|   zext   |  zext_ln39_fu_222  |    0    |    0    |    0    |
|          | zext_ln40_1_fu_236 |    0    |    0    |    0    |
|          |  zext_ln37_fu_271  |    0    |    0    |    0    |
|          |  zext_ln40_fu_286  |    0    |    0    |    0    |
|----------|--------------------|---------|---------|---------|
|partselect|     tmp_fu_205     |    0    |    0    |    0    |
|----------|--------------------|---------|---------|---------|
|   sext   | sext_ln40_1_fu_232 |    0    |    0    |    0    |
|          |  sext_ln40_fu_282  |    0    |    0    |    0    |
|----------|--------------------|---------|---------|---------|
|bitconcatenate|    add_ln_fu_275   |    0    |    0    |    0    |
|----------|--------------------|---------|---------|---------|
|   Total  |                    |    0    |    0    |   170   |
|----------|--------------------|---------|---------|---------|

Memories:
N/A

* Register list:
+--------------------+--------+
|                    |   FF   |
+--------------------+--------+
|cur_1_addr_1_reg_379|   13   |
|cur_1_addr_2_reg_384|   13   |
|cur_2_addr_1_reg_389|   13   |
|cur_2_addr_2_reg_394|   13   |
| cur_addr_1_reg_369 |   13   |
| cur_addr_2_reg_374 |   13   |
|     j_1_reg_356    |    9   |
|      j_reg_349     |    9   |
|  phi_urem_reg_342  |    9   |
| trunc_ln40_reg_364 |    8   |
+--------------------+--------+
|        Total       |   113  |
+--------------------+--------+

* Multiplexer (MUX) list: 
|-------------------|------|------|------|--------||---------||---------||---------|
|        Comp       |  Pin | Size |  BW  | S x BW ||  Delay  ||    FF   ||   LUT   |
|-------------------|------|------|------|--------||---------||---------||---------|
| grp_access_fu_108 |  p0  |   2  |  13  |   26   ||    0    ||    9    |
| grp_access_fu_108 |  p2  |   2  |   0  |    0   ||    0    ||    9    |
| grp_access_fu_118 |  p0  |   2  |  13  |   26   ||    0    ||    9    |
| grp_access_fu_118 |  p2  |   2  |   0  |    0   ||    0    ||    9    |
| grp_access_fu_128 |  p0  |   2  |  13  |   26   ||    0    ||    9    |
| grp_access_fu_128 |  p2  |   2  |   0  |    0   ||    0    ||    9    |
|-------------------|------|------|------|--------||---------||---------||---------|
|       Total       |      |      |      |   78   ||  2.934  ||    0    ||    54   |
|-------------------|------|------|------|--------||---------||---------||---------|



* Summary:
+-----------+--------+--------+--------+--------+
|           |   DSP  |  Delay |   FF   |   LUT  |
+-----------+--------+--------+--------+--------+
|  Function |    0   |    -   |    0   |   170  |
|   Memory  |    -   |    -   |    -   |    -   |
|Multiplexer|    -   |    2   |    0   |   54   |
|  Register |    -   |    -   |   113  |    -   |
+-----------+--------+--------+--------+--------+
|   Total   |    0   |    2   |   113  |   224  |
+-----------+--------+--------+--------+--------+
