

================================================================
== Vitis HLS Report for 'compute_Pipeline_VITIS_LOOP_33_1_VITIS_LOOP_34_2'
================================================================
* Date:           Fri Feb 20 12:56:39 2026

* Version:        2025.1.1 (Build 6214317 on Sep 11 2025)
* Project:        project_1
* Solution:       hls (Vivado IP Flow Target)
* Product family: zynquplus
* Target device:  xczu3eg-sbva484-1-e


================================================================
== Performance Estimates
================================================================
+ Timing: 
    * Summary: 
    +--------+----------+----------+------------+
    |  Clock |  Target  | Estimated| Uncertainty|
    +--------+----------+----------+------------+
    |ap_clk  |  10.00 ns|  3.519 ns|     2.70 ns|
    +--------+----------+----------+------------+

+ Latency: 
    * Summary: 
    +---------+---------+----------+----------+-------+-------+------------------------------------------------+
    |  Latency (cycles) |  Latency (absolute) |    Interval   |                    Pipeline                    |
    |   min   |   max   |    min   |    max   |  min  |  max  |                      Type                      |
    +---------+---------+----------+----------+-------+-------+------------------------------------------------+
    |    65538|    65538|  0.655 ms|  0.655 ms|  65537|  65537|  loop auto-rewind stp (delay=0 clock cycles(s))|
    +---------+---------+----------+----------+-------+-------+------------------------------------------------+

    + Detail: 
        * Instance: 
        N/A

        * Loop: 
        +-----------------------------------+---------+---------+----------+-----------+-----------+-------+----------+
        |                                   |  Latency (cycles) | Iteration|  Initiation Interval  |  Trip |          |
        |             Loop Name             |   min   |   max   |  Latency |  achieved |   target  | Count | Pipelined|
        +-----------------------------------+---------+---------+----------+-----------+-----------+-------+----------+
        |- VITIS_LOOP_33_1_VITIS_LOOP_34_2  |    65536|    65536|         2|          1|          1|  65536|       yes|
        +-----------------------------------+---------+---------+----------+-----------+-----------+-------+----------+

============================================================
+ Verbose Summary: Synthesis Manager
============================================================
InlineROM: 1
ExposeGlobal: 0
============================================================
+ Verbose Summary: CDFG Model
============================================================
IsTopModel: 0
ResetActiveHigh: 1
IsCombinational: 0
IsDatapathOnly: 0
HasWiredReturn: 1
HasMFsm: 2
HasVarLatency: 1
IsPipeline: 0
IsRtlPipelined: 0
IsInstanceOverlapped: 0
IsDontTouch: 0
HasImplIP: 0
IsGatedGlobalClock: 0

+ Individual pipeline summary: 
  * Pipeline-0: initiation interval (II) = 1, depth = 2


============================================================
+ Verbose Summary: Schedule
============================================================
* Number of FSM states : 2
* Pipeline : 1
  Pipeline-0 : II = 1, D = 2, States = { 1 2 }
* Dataflow Pipeline: 0

* FSM state transitions: 
1 --> 2 
2 --> 

* FSM state operations: 

State 1 <SV = 0> <Delay = 2.00>
ST_1 : Operation 5 [1/1] (0.00ns)   --->   "%j = alloca i32 1" [top.cpp:34]   --->   Operation 5 'alloca' 'j' <Predicate = true> <Delay = 0.00>
ST_1 : Operation 6 [1/1] (0.00ns)   --->   "%i = alloca i32 1" [top.cpp:33]   --->   Operation 6 'alloca' 'i' <Predicate = true> <Delay = 0.00>
ST_1 : Operation 7 [1/1] (0.00ns)   --->   "%indvar_flatten = alloca i32 1"   --->   Operation 7 'alloca' 'indvar_flatten' <Predicate = true> <Delay = 0.00>
ST_1 : Operation 8 [1/1] (0.00ns)   --->   "%specinterface_ln0 = specinterface void @_ssdm_op_SpecInterface, i24 %grid_initial, void @empty_18, i32 0, i32 0, void @empty_14, i32 0, i32 0, void @empty_14, void @empty_14, void @empty_14, i32 0, i32 0, i32 0, i32 0, void @empty_14, void @empty_14, i32 4294967295, i32 0, i32 0"   --->   Operation 8 'specinterface' 'specinterface_ln0' <Predicate = true> <Delay = 0.00>
ST_1 : Operation 9 [1/1] (0.48ns)   --->   "%store_ln0 = store i17 0, i17 %indvar_flatten"   --->   Operation 9 'store' 'store_ln0' <Predicate = true> <Delay = 0.48>
ST_1 : Operation 10 [1/1] (0.48ns)   --->   "%store_ln33 = store i9 0, i9 %i" [top.cpp:33]   --->   Operation 10 'store' 'store_ln33' <Predicate = true> <Delay = 0.48>
ST_1 : Operation 11 [1/1] (0.48ns)   --->   "%store_ln34 = store i9 0, i9 %j" [top.cpp:34]   --->   Operation 11 'store' 'store_ln34' <Predicate = true> <Delay = 0.48>
ST_1 : Operation 12 [1/1] (0.00ns)   --->   "%br_ln33 = br void %for.inc" [top.cpp:33]   --->   Operation 12 'br' 'br_ln33' <Predicate = true> <Delay = 0.00>
ST_1 : Operation 13 [1/1] (0.00ns)   --->   "%indvar_flatten_load = load i17 %indvar_flatten" [top.cpp:33]   --->   Operation 13 'load' 'indvar_flatten_load' <Predicate = true> <Delay = 0.00>
ST_1 : Operation 14 [1/1] (1.02ns)   --->   "%icmp_ln33 = icmp_eq  i17 %indvar_flatten_load, i17 65536" [top.cpp:33]   --->   Operation 14 'icmp' 'icmp_ln33' <Predicate = true> <Delay = 1.02> <CoreInst = "Cmp">   --->   Core 9 'Cmp' <Latency = 0> <II = 1> <Delay = 1.02> <FuncUnit> <Opcode : 'seteq' 'setne' 'setle' 'setge' 'setlt' 'setgt'> <InPorts = 2> <OutPorts = 1>
ST_1 : Operation 15 [1/1] (1.02ns)   --->   "%add_ln33_1 = add i17 %indvar_flatten_load, i17 1" [top.cpp:33]   --->   Operation 15 'add' 'add_ln33_1' <Predicate = true> <Delay = 1.02> <CoreInst = "Adder">   --->   Core 1 'Adder' <Latency = 0> <II = 1> <Delay = 1.02> <FuncUnit> <Opcode : 'add' 'sub'> <InPorts = 2> <OutPorts = 1>
ST_1 : Operation 16 [1/1] (0.00ns)   --->   "%br_ln33 = br i1 %icmp_ln33, void %for.inc12, void %VITIS_LOOP_50_4.preheader.exitStub" [top.cpp:33]   --->   Operation 16 'br' 'br_ln33' <Predicate = true> <Delay = 0.00>
ST_1 : Operation 17 [1/1] (0.48ns)   --->   "%store_ln33 = store i17 %add_ln33_1, i17 %indvar_flatten" [top.cpp:33]   --->   Operation 17 'store' 'store_ln33' <Predicate = (!icmp_ln33)> <Delay = 0.48>
ST_1 : Operation 55 [1/1] (0.48ns)   --->   "%ret_ln0 = ret"   --->   Operation 55 'ret' 'ret_ln0' <Predicate = (icmp_ln33)> <Delay = 0.48>

State 2 <SV = 1> <Delay = 3.51>
ST_2 : Operation 18 [1/1] (0.00ns)   --->   "%j_load = load i9 %j" [top.cpp:34]   --->   Operation 18 'load' 'j_load' <Predicate = true> <Delay = 0.00>
ST_2 : Operation 19 [1/1] (0.00ns)   --->   "%i_load = load i9 %i" [top.cpp:33]   --->   Operation 19 'load' 'i_load' <Predicate = true> <Delay = 0.00>
ST_2 : Operation 20 [1/1] (0.92ns)   --->   "%add_ln33 = add i9 %i_load, i9 1" [top.cpp:33]   --->   Operation 20 'add' 'add_ln33' <Predicate = true> <Delay = 0.92> <CoreInst = "Adder">   --->   Core 1 'Adder' <Latency = 0> <II = 1> <Delay = 0.92> <FuncUnit> <Opcode : 'add' 'sub'> <InPorts = 2> <OutPorts = 1>
ST_2 : Operation 21 [1/1] (0.00ns)   --->   "%specloopname_ln0 = specloopname void @_ssdm_op_SpecLoopName, void @VITIS_LOOP_33_1_VITIS_LOOP_34_2_str"   --->   Operation 21 'specloopname' 'specloopname_ln0' <Predicate = true> <Delay = 0.00>
ST_2 : Operation 22 [1/1] (0.00ns)   --->   "%speclooptripcount_ln0 = speclooptripcount void @_ssdm_op_SpecLoopTripCount, i64 65536, i64 65536, i64 65536"   --->   Operation 22 'speclooptripcount' 'speclooptripcount_ln0' <Predicate = true> <Delay = 0.00>
ST_2 : Operation 23 [1/1] (0.92ns)   --->   "%icmp_ln34 = icmp_eq  i9 %j_load, i9 256" [top.cpp:34]   --->   Operation 23 'icmp' 'icmp_ln34' <Predicate = true> <Delay = 0.92> <CoreInst = "Cmp">   --->   Core 9 'Cmp' <Latency = 0> <II = 1> <Delay = 0.92> <FuncUnit> <Opcode : 'seteq' 'setne' 'setle' 'setge' 'setlt' 'setgt'> <InPorts = 2> <OutPorts = 1>
ST_2 : Operation 24 [1/1] (0.45ns)   --->   "%select_ln33 = select i1 %icmp_ln34, i9 0, i9 %j_load" [top.cpp:33]   --->   Operation 24 'select' 'select_ln33' <Predicate = true> <Delay = 0.45> <CoreInst = "Sel">   --->   Core 73 'Sel' <Latency = 0> <II = 1> <Delay = 0.45> <FuncUnit> <Opcode : 'select'> <InPorts = 3> <OutPorts = 1>
ST_2 : Operation 25 [1/1] (0.45ns)   --->   "%select_ln33_1 = select i1 %icmp_ln34, i9 %add_ln33, i9 %i_load" [top.cpp:33]   --->   Operation 25 'select' 'select_ln33_1' <Predicate = true> <Delay = 0.45> <CoreInst = "Sel">   --->   Core 73 'Sel' <Latency = 0> <II = 1> <Delay = 0.45> <FuncUnit> <Opcode : 'select'> <InPorts = 3> <OutPorts = 1>
ST_2 : Operation 26 [1/1] (0.00ns)   --->   "%trunc_ln33 = trunc i9 %select_ln33_1" [top.cpp:33]   --->   Operation 26 'trunc' 'trunc_ln33' <Predicate = true> <Delay = 0.00>
ST_2 : Operation 27 [1/1] (0.00ns)   --->   "%trunc_ln34 = trunc i9 %select_ln33" [top.cpp:34]   --->   Operation 27 'trunc' 'trunc_ln34' <Predicate = true> <Delay = 0.00>
ST_2 : Operation 28 [1/1] (0.00ns)   --->   "%specpipeline_ln35 = specpipeline void @_ssdm_op_SpecPipeline, i32 1, i32 0, i32 0, i32 0, void @empty_14" [top.cpp:35]   --->   Operation 28 'specpipeline' 'specpipeline_ln35' <Predicate = true> <Delay = 0.00>
ST_2 : Operation 29 [1/1] (0.00ns)   --->   "%lshr_ln = partselect i7 @_ssdm_op_PartSelect.i7.i9.i32.i32, i9 %select_ln33, i32 1, i32 7" [top.cpp:34]   --->   Operation 29 'partselect' 'lshr_ln' <Predicate = true> <Delay = 0.00>
ST_2 : Operation 30 [1/1] (0.00ns)   --->   "%tmp_20 = partselect i7 @_ssdm_op_PartSelect.i7.i9.i32.i32, i9 %select_ln33_1, i32 1, i32 7" [top.cpp:36]   --->   Operation 30 'partselect' 'tmp_20' <Predicate = true> <Delay = 0.00>
ST_2 : Operation 31 [1/1] (0.00ns)   --->   "%tmp_21 = bitconcatenate i14 @_ssdm_op_BitConcatenate.i14.i7.i7, i7 %tmp_20, i7 %lshr_ln" [top.cpp:36]   --->   Operation 31 'bitconcatenate' 'tmp_21' <Predicate = true> <Delay = 0.00>
ST_2 : Operation 32 [1/1] (0.00ns)   --->   "%zext_ln36 = zext i14 %tmp_21" [top.cpp:36]   --->   Operation 32 'zext' 'zext_ln36' <Predicate = true> <Delay = 0.00>
ST_2 : Operation 33 [1/1] (0.00ns)   --->   "%buffer_addr = getelementptr i24 %buffer_r, i64 0, i64 %zext_ln36" [top.cpp:36]   --->   Operation 33 'getelementptr' 'buffer_addr' <Predicate = true> <Delay = 0.00>
ST_2 : Operation 34 [1/1] (0.00ns)   --->   "%buffer_1_addr = getelementptr i24 %buffer_1, i64 0, i64 %zext_ln36" [top.cpp:36]   --->   Operation 34 'getelementptr' 'buffer_1_addr' <Predicate = true> <Delay = 0.00>
ST_2 : Operation 35 [1/1] (0.00ns)   --->   "%buffer_2_addr = getelementptr i24 %buffer_2, i64 0, i64 %zext_ln36" [top.cpp:36]   --->   Operation 35 'getelementptr' 'buffer_2_addr' <Predicate = true> <Delay = 0.00>
ST_2 : Operation 36 [1/1] (0.00ns)   --->   "%buffer_3_addr = getelementptr i24 %buffer_3, i64 0, i64 %zext_ln36" [top.cpp:36]   --->   Operation 36 'getelementptr' 'buffer_3_addr' <Predicate = true> <Delay = 0.00>
ST_2 : Operation 37 [1/1] ( I:2.16ns O:2.16ns )   --->   "%grid_initial_read = read i24 @_ssdm_op_Read.ap_fifo.volatile.i24P0A, i24 %grid_initial" [top.cpp:36]   --->   Operation 37 'read' 'grid_initial_read' <Predicate = true> <Delay = 2.16> <CoreInst = "FIFO_SRL">   --->   Core 80 'FIFO_SRL' <Latency = 0> <II = 1> <Delay = 2.16> <Storage> <Opcode : 'read' 'write' 'nbread' 'nbwrite'> <Ports = 0> <Width = 24> <Depth = 2> <FIFO>
ST_2 : Operation 38 [1/1] (0.00ns)   --->   "%br_ln36 = br i1 %trunc_ln33, void %arrayidx1146.case.0, void %arrayidx1146.case.1" [top.cpp:36]   --->   Operation 38 'br' 'br_ln36' <Predicate = true> <Delay = 0.00>
ST_2 : Operation 39 [1/1] (0.00ns)   --->   "%br_ln36 = br i1 %trunc_ln34, void %arrayidx1146.case.06, void %arrayidx1146.case.17" [top.cpp:36]   --->   Operation 39 'br' 'br_ln36' <Predicate = (!trunc_ln33)> <Delay = 0.00>
ST_2 : Operation 40 [1/1] ( I:1.35ns O:1.35ns )   --->   "%store_ln36 = store i24 %grid_initial_read, i15 %buffer_addr" [top.cpp:36]   --->   Operation 40 'store' 'store_ln36' <Predicate = (!trunc_ln33 & !trunc_ln34)> <Delay = 1.35> <CoreInst = "RAM">   --->   Core 82 'RAM' <Latency = 1> <II = 1> <Delay = 1.35> <Storage> <Opcode : 'load' 'store'> <Ports = 2> <Width = 24> <Depth = 32768> <RAM>
ST_2 : Operation 41 [1/1] (0.00ns)   --->   "%br_ln36 = br void %arrayidx1146.exit5" [top.cpp:36]   --->   Operation 41 'br' 'br_ln36' <Predicate = (!trunc_ln33 & !trunc_ln34)> <Delay = 0.00>
ST_2 : Operation 42 [1/1] ( I:1.35ns O:1.35ns )   --->   "%store_ln36 = store i24 %grid_initial_read, i15 %buffer_1_addr" [top.cpp:36]   --->   Operation 42 'store' 'store_ln36' <Predicate = (!trunc_ln33 & trunc_ln34)> <Delay = 1.35> <CoreInst = "RAM">   --->   Core 82 'RAM' <Latency = 1> <II = 1> <Delay = 1.35> <Storage> <Opcode : 'load' 'store'> <Ports = 2> <Width = 24> <Depth = 32768> <RAM>
ST_2 : Operation 43 [1/1] (0.00ns)   --->   "%br_ln36 = br void %arrayidx1146.exit5" [top.cpp:36]   --->   Operation 43 'br' 'br_ln36' <Predicate = (!trunc_ln33 & trunc_ln34)> <Delay = 0.00>
ST_2 : Operation 44 [1/1] (0.00ns)   --->   "%br_ln36 = br void %arrayidx1146.exit" [top.cpp:36]   --->   Operation 44 'br' 'br_ln36' <Predicate = (!trunc_ln33)> <Delay = 0.00>
ST_2 : Operation 45 [1/1] (0.00ns)   --->   "%br_ln36 = br i1 %trunc_ln34, void %arrayidx1146.case.010, void %arrayidx1146.case.111" [top.cpp:36]   --->   Operation 45 'br' 'br_ln36' <Predicate = (trunc_ln33)> <Delay = 0.00>
ST_2 : Operation 46 [1/1] ( I:1.35ns O:1.35ns )   --->   "%store_ln36 = store i24 %grid_initial_read, i15 %buffer_2_addr" [top.cpp:36]   --->   Operation 46 'store' 'store_ln36' <Predicate = (trunc_ln33 & !trunc_ln34)> <Delay = 1.35> <CoreInst = "RAM">   --->   Core 82 'RAM' <Latency = 1> <II = 1> <Delay = 1.35> <Storage> <Opcode : 'load' 'store'> <Ports = 2> <Width = 24> <Depth = 32768> <RAM>
ST_2 : Operation 47 [1/1] (0.00ns)   --->   "%br_ln36 = br void %arrayidx1146.exit9" [top.cpp:36]   --->   Operation 47 'br' 'br_ln36' <Predicate = (trunc_ln33 & !trunc_ln34)> <Delay = 0.00>
ST_2 : Operation 48 [1/1] ( I:1.35ns O:1.35ns )   --->   "%store_ln36 = store i24 %grid_initial_read, i15 %buffer_3_addr" [top.cpp:36]   --->   Operation 48 'store' 'store_ln36' <Predicate = (trunc_ln33 & trunc_ln34)> <Delay = 1.35> <CoreInst = "RAM">   --->   Core 82 'RAM' <Latency = 1> <II = 1> <Delay = 1.35> <Storage> <Opcode : 'load' 'store'> <Ports = 2> <Width = 24> <Depth = 32768> <RAM>
ST_2 : Operation 49 [1/1] (0.00ns)   --->   "%br_ln36 = br void %arrayidx1146.exit9" [top.cpp:36]   --->   Operation 49 'br' 'br_ln36' <Predicate = (trunc_ln33 & trunc_ln34)> <Delay = 0.00>
ST_2 : Operation 50 [1/1] (0.00ns)   --->   "%br_ln36 = br void %arrayidx1146.exit" [top.cpp:36]   --->   Operation 50 'br' 'br_ln36' <Predicate = (trunc_ln33)> <Delay = 0.00>
ST_2 : Operation 51 [1/1] (0.92ns)   --->   "%add_ln34 = add i9 %select_ln33, i9 1" [top.cpp:34]   --->   Operation 51 'add' 'add_ln34' <Predicate = true> <Delay = 0.92> <CoreInst = "Adder">   --->   Core 1 'Adder' <Latency = 0> <II = 1> <Delay = 0.92> <FuncUnit> <Opcode : 'add' 'sub'> <InPorts = 2> <OutPorts = 1>
ST_2 : Operation 52 [1/1] (0.48ns)   --->   "%store_ln33 = store i9 %select_ln33_1, i9 %i" [top.cpp:33]   --->   Operation 52 'store' 'store_ln33' <Predicate = true> <Delay = 0.48>
ST_2 : Operation 53 [1/1] (0.48ns)   --->   "%store_ln34 = store i9 %add_ln34, i9 %j" [top.cpp:34]   --->   Operation 53 'store' 'store_ln34' <Predicate = true> <Delay = 0.48>
ST_2 : Operation 54 [1/1] (0.00ns)   --->   "%br_ln34 = br void %for.inc" [top.cpp:34]   --->   Operation 54 'br' 'br_ln34' <Predicate = true> <Delay = 0.00>


============================================================
+ Verbose Summary: Binding
============================================================
STG Binding: 
---------------- STG Properties BEGIN ----------------
- Is combinational: 0
- Is one-state seq: 0
- Is datapath-only: 0
- Is pipelined: 0
- Is top level: 0
Port [ Return ] is wired: 1; IO mode=ap_ctrl_hs:ce=0
Port [ buffer_r]:  wired=1; compound=1; hidden=0; nouse=0; global=0; static=0; extern=0; dir=1; type=1; pingpong=0; private_global=0; MemPort=[03]; IO mode=ap_memory:ce=0
Port [ buffer_1]:  wired=1; compound=1; hidden=0; nouse=0; global=0; static=0; extern=0; dir=1; type=1; pingpong=0; private_global=0; MemPort=[03]; IO mode=ap_memory:ce=0
Port [ buffer_2]:  wired=1; compound=1; hidden=0; nouse=0; global=0; static=0; extern=0; dir=1; type=1; pingpong=0; private_global=0; MemPort=[03]; IO mode=ap_memory:ce=0
Port [ buffer_3]:  wired=1; compound=1; hidden=0; nouse=0; global=0; static=0; extern=0; dir=1; type=1; pingpong=0; private_global=0; MemPort=[03]; IO mode=ap_memory:ce=0
Port [ grid_initial]:  wired=1; compound=1; hidden=0; nouse=0; global=0; static=0; extern=0; dir=0; type=3; pingpong=0; private_global=0; IO mode=ap_fifo:ce=0
---------------- STG Properties END ------------------

---------------- Datapath Model BEGIN ----------------

<LifeTime>
<method=bitvector/>
j                     (alloca           ) [ 011]
i                     (alloca           ) [ 011]
indvar_flatten        (alloca           ) [ 010]
specinterface_ln0     (specinterface    ) [ 000]
store_ln0             (store            ) [ 000]
store_ln33            (store            ) [ 000]
store_ln34            (store            ) [ 000]
br_ln33               (br               ) [ 000]
indvar_flatten_load   (load             ) [ 000]
icmp_ln33             (icmp             ) [ 010]
add_ln33_1            (add              ) [ 000]
br_ln33               (br               ) [ 000]
store_ln33            (store            ) [ 000]
j_load                (load             ) [ 000]
i_load                (load             ) [ 000]
add_ln33              (add              ) [ 000]
specloopname_ln0      (specloopname     ) [ 000]
speclooptripcount_ln0 (speclooptripcount) [ 000]
icmp_ln34             (icmp             ) [ 000]
select_ln33           (select           ) [ 000]
select_ln33_1         (select           ) [ 000]
trunc_ln33            (trunc            ) [ 011]
trunc_ln34            (trunc            ) [ 011]
specpipeline_ln35     (specpipeline     ) [ 000]
lshr_ln               (partselect       ) [ 000]
tmp_20                (partselect       ) [ 000]
tmp_21                (bitconcatenate   ) [ 000]
zext_ln36             (zext             ) [ 000]
buffer_addr           (getelementptr    ) [ 000]
buffer_1_addr         (getelementptr    ) [ 000]
buffer_2_addr         (getelementptr    ) [ 000]
buffer_3_addr         (getelementptr    ) [ 000]
grid_initial_read     (read             ) [ 000]
br_ln36               (br               ) [ 000]
br_ln36               (br               ) [ 000]
store_ln36            (store            ) [ 000]
br_ln36               (br               ) [ 000]
store_ln36            (store            ) [ 000]
br_ln36               (br               ) [ 000]
br_ln36               (br               ) [ 000]
br_ln36               (br               ) [ 000]
store_ln36            (store            ) [ 000]
br_ln36               (br               ) [ 000]
store_ln36            (store            ) [ 000]
br_ln36               (br               ) [ 000]
br_ln36               (br               ) [ 000]
add_ln34              (add              ) [ 000]
store_ln33            (store            ) [ 000]
store_ln34            (store            ) [ 000]
br_ln34               (br               ) [ 000]
ret_ln0               (ret              ) [ 000]
</LifeTime>

<model>

<comp_list>
<comp id="0" class="1000" name="buffer_r">
<pin_list>
<pin id="1" dir="1" index="0" bw="1" slack="0"/>
</pin_list>
<bind>
<StgValue><ssdm name="buffer_r"/><MemPortTyVec>0 3 </MemPortTyVec>
</StgValue>
</bind>
</comp>

<comp id="2" class="1000" name="buffer_1">
<pin_list>
<pin id="3" dir="1" index="0" bw="1" slack="0"/>
</pin_list>
<bind>
<StgValue><ssdm name="buffer_1"/><MemPortTyVec>0 3 </MemPortTyVec>
</StgValue>
</bind>
</comp>

<comp id="4" class="1000" name="buffer_2">
<pin_list>
<pin id="5" dir="1" index="0" bw="1" slack="0"/>
</pin_list>
<bind>
<StgValue><ssdm name="buffer_2"/><MemPortTyVec>0 3 </MemPortTyVec>
</StgValue>
</bind>
</comp>

<comp id="6" class="1000" name="buffer_3">
<pin_list>
<pin id="7" dir="1" index="0" bw="1" slack="0"/>
</pin_list>
<bind>
<StgValue><ssdm name="buffer_3"/><MemPortTyVec>0 3 </MemPortTyVec>
</StgValue>
</bind>
</comp>

<comp id="8" class="1000" name="grid_initial">
<pin_list>
<pin id="9" dir="1" index="0" bw="1" slack="0"/>
</pin_list>
<bind>
<StgValue><ssdm name="grid_initial"/></StgValue>
</bind>
</comp>

<comp id="10" class="1001" name="const_10">
<pin_list>
<pin id="11" dir="1" index="0" bw="1" slack="0"/>
</pin_list>
<bind>
<StgValue><ssdm name=""/></StgValue>
</bind>
</comp>

<comp id="12" class="1001" name="const_12">
<pin_list>
<pin id="13" dir="1" index="0" bw="1" slack="2147483647"/>
</pin_list>
<bind>
<StgValue><ssdm name="_ssdm_op_SpecInterface"/></StgValue>
</bind>
</comp>

<comp id="14" class="1001" name="const_14">
<pin_list>
<pin id="15" dir="1" index="0" bw="1" slack="2147483647"/>
</pin_list>
<bind>
<StgValue><ssdm name="empty_18"/></StgValue>
</bind>
</comp>

<comp id="16" class="1001" name="const_16">
<pin_list>
<pin id="17" dir="1" index="0" bw="1" slack="2147483647"/>
</pin_list>
<bind>
<StgValue><ssdm name=""/></StgValue>
</bind>
</comp>

<comp id="18" class="1001" name="const_18">
<pin_list>
<pin id="19" dir="1" index="0" bw="1" slack="2147483647"/>
</pin_list>
<bind>
<StgValue><ssdm name="empty_14"/></StgValue>
</bind>
</comp>

<comp id="20" class="1001" name="const_20">
<pin_list>
<pin id="21" dir="1" index="0" bw="1" slack="2147483647"/>
</pin_list>
<bind>
<StgValue><ssdm name=""/></StgValue>
</bind>
</comp>

<comp id="22" class="1001" name="const_22">
<pin_list>
<pin id="23" dir="1" index="0" bw="1" slack="0"/>
</pin_list>
<bind>
<StgValue><ssdm name=""/></StgValue>
</bind>
</comp>

<comp id="24" class="1001" name="const_24">
<pin_list>
<pin id="25" dir="1" index="0" bw="1" slack="0"/>
</pin_list>
<bind>
<StgValue><ssdm name=""/></StgValue>
</bind>
</comp>

<comp id="26" class="1001" name="const_26">
<pin_list>
<pin id="27" dir="1" index="0" bw="1" slack="0"/>
</pin_list>
<bind>
<StgValue><ssdm name=""/></StgValue>
</bind>
</comp>

<comp id="28" class="1001" name="const_28">
<pin_list>
<pin id="29" dir="1" index="0" bw="1" slack="0"/>
</pin_list>
<bind>
<StgValue><ssdm name=""/></StgValue>
</bind>
</comp>

<comp id="30" class="1001" name="const_30">
<pin_list>
<pin id="31" dir="1" index="0" bw="1" slack="0"/>
</pin_list>
<bind>
<StgValue><ssdm name=""/></StgValue>
</bind>
</comp>

<comp id="32" class="1001" name="const_32">
<pin_list>
<pin id="33" dir="1" index="0" bw="1" slack="2147483647"/>
</pin_list>
<bind>
<StgValue><ssdm name="_ssdm_op_SpecLoopName"/></StgValue>
</bind>
</comp>

<comp id="34" class="1001" name="const_34">
<pin_list>
<pin id="35" dir="1" index="0" bw="1" slack="2147483647"/>
</pin_list>
<bind>
<StgValue><ssdm name="VITIS_LOOP_33_1_VITIS_LOOP_34_2_str"/></StgValue>
</bind>
</comp>

<comp id="36" class="1001" name="const_36">
<pin_list>
<pin id="37" dir="1" index="0" bw="1" slack="2147483647"/>
</pin_list>
<bind>
<StgValue><ssdm name="_ssdm_op_SpecLoopTripCount"/></StgValue>
</bind>
</comp>

<comp id="38" class="1001" name="const_38">
<pin_list>
<pin id="39" dir="1" index="0" bw="1" slack="2147483647"/>
</pin_list>
<bind>
<StgValue><ssdm name=""/></StgValue>
</bind>
</comp>

<comp id="40" class="1001" name="const_40">
<pin_list>
<pin id="41" dir="1" index="0" bw="1" slack="0"/>
</pin_list>
<bind>
<StgValue><ssdm name=""/></StgValue>
</bind>
</comp>

<comp id="42" class="1001" name="const_42">
<pin_list>
<pin id="43" dir="1" index="0" bw="1" slack="2147483647"/>
</pin_list>
<bind>
<StgValue><ssdm name="_ssdm_op_SpecPipeline"/></StgValue>
</bind>
</comp>

<comp id="44" class="1001" name="const_44">
<pin_list>
<pin id="45" dir="1" index="0" bw="1" slack="0"/>
</pin_list>
<bind>
<StgValue><ssdm name="_ssdm_op_PartSelect.i7.i9.i32.i32"/></StgValue>
</bind>
</comp>

<comp id="46" class="1001" name="const_46">
<pin_list>
<pin id="47" dir="1" index="0" bw="1" slack="0"/>
</pin_list>
<bind>
<StgValue><ssdm name=""/></StgValue>
</bind>
</comp>

<comp id="48" class="1001" name="const_48">
<pin_list>
<pin id="49" dir="1" index="0" bw="1" slack="0"/>
</pin_list>
<bind>
<StgValue><ssdm name="_ssdm_op_BitConcatenate.i14.i7.i7"/></StgValue>
</bind>
</comp>

<comp id="50" class="1001" name="const_50">
<pin_list>
<pin id="51" dir="1" index="0" bw="1" slack="0"/>
</pin_list>
<bind>
<StgValue><ssdm name=""/></StgValue>
</bind>
</comp>

<comp id="52" class="1001" name="const_52">
<pin_list>
<pin id="53" dir="1" index="0" bw="1" slack="0"/>
</pin_list>
<bind>
<StgValue><ssdm name="_ssdm_op_Read.ap_fifo.volatile.i24P0A"/></StgValue>
</bind>
</comp>

<comp id="54" class="1004" name="j_fu_54">
<pin_list>
<pin id="55" dir="0" index="0" bw="1" slack="0"/>
<pin id="56" dir="1" index="1" bw="9" slack="0"/>
</pin_list>
<bind>
<opcode="alloca(26) " fcode="alloca"/>
<opset="j/1 "/>
</bind>
</comp>

<comp id="58" class="1004" name="i_fu_58">
<pin_list>
<pin id="59" dir="0" index="0" bw="1" slack="0"/>
<pin id="60" dir="1" index="1" bw="9" slack="0"/>
</pin_list>
<bind>
<opcode="alloca(26) " fcode="alloca"/>
<opset="i/1 "/>
</bind>
</comp>

<comp id="62" class="1004" name="indvar_flatten_fu_62">
<pin_list>
<pin id="63" dir="0" index="0" bw="1" slack="0"/>
<pin id="64" dir="1" index="1" bw="17" slack="0"/>
</pin_list>
<bind>
<opcode="alloca(26) " fcode="alloca"/>
<opset="indvar_flatten/1 "/>
</bind>
</comp>

<comp id="66" class="1004" name="grid_initial_read_read_fu_66">
<pin_list>
<pin id="67" dir="0" index="0" bw="24" slack="0"/>
<pin id="68" dir="0" index="1" bw="24" slack="0"/>
<pin id="69" dir="1" index="2" bw="24" slack="0"/>
</pin_list>
<bind>
<opcode="read(1150) " fcode="read"/>
<opset="grid_initial_read/2 "/>
</bind>
</comp>

<comp id="72" class="1004" name="buffer_addr_gep_fu_72">
<pin_list>
<pin id="73" dir="0" index="0" bw="24" slack="0"/>
<pin id="74" dir="0" index="1" bw="1" slack="0"/>
<pin id="75" dir="0" index="2" bw="14" slack="0"/>
<pin id="76" dir="1" index="3" bw="15" slack="0"/>
</pin_list>
<bind>
<opcode="getelementptr(29) " fcode="getelementptr"/>
<opset="buffer_addr/2 "/>
</bind>
</comp>

<comp id="79" class="1004" name="buffer_1_addr_gep_fu_79">
<pin_list>
<pin id="80" dir="0" index="0" bw="24" slack="0"/>
<pin id="81" dir="0" index="1" bw="1" slack="0"/>
<pin id="82" dir="0" index="2" bw="14" slack="0"/>
<pin id="83" dir="1" index="3" bw="15" slack="0"/>
</pin_list>
<bind>
<opcode="getelementptr(29) " fcode="getelementptr"/>
<opset="buffer_1_addr/2 "/>
</bind>
</comp>

<comp id="86" class="1004" name="buffer_2_addr_gep_fu_86">
<pin_list>
<pin id="87" dir="0" index="0" bw="24" slack="0"/>
<pin id="88" dir="0" index="1" bw="1" slack="0"/>
<pin id="89" dir="0" index="2" bw="14" slack="0"/>
<pin id="90" dir="1" index="3" bw="15" slack="0"/>
</pin_list>
<bind>
<opcode="getelementptr(29) " fcode="getelementptr"/>
<opset="buffer_2_addr/2 "/>
</bind>
</comp>

<comp id="93" class="1004" name="buffer_3_addr_gep_fu_93">
<pin_list>
<pin id="94" dir="0" index="0" bw="24" slack="0"/>
<pin id="95" dir="0" index="1" bw="1" slack="0"/>
<pin id="96" dir="0" index="2" bw="14" slack="0"/>
<pin id="97" dir="1" index="3" bw="15" slack="0"/>
</pin_list>
<bind>
<opcode="getelementptr(29) " fcode="getelementptr"/>
<opset="buffer_3_addr/2 "/>
</bind>
</comp>

<comp id="100" class="1004" name="store_ln36_access_fu_100">
<pin_list>
<pin id="101" dir="0" index="0" bw="15" slack="0"/>
<pin id="102" dir="0" index="1" bw="24" slack="0"/>
<pin id="103" dir="0" index="2" bw="0" slack="2147483647"/>
<pin id="104" dir="1" index="3" bw="24" slack="2147483647"/>
</pin_list>
<bind>
<opcode="store(28) " fcode="store"/>
<opset="store_ln36/2 "/>
</bind>
</comp>

<comp id="107" class="1004" name="store_ln36_access_fu_107">
<pin_list>
<pin id="108" dir="0" index="0" bw="15" slack="0"/>
<pin id="109" dir="0" index="1" bw="24" slack="0"/>
<pin id="110" dir="0" index="2" bw="0" slack="2147483647"/>
<pin id="111" dir="1" index="3" bw="24" slack="2147483647"/>
</pin_list>
<bind>
<opcode="store(28) " fcode="store"/>
<opset="store_ln36/2 "/>
</bind>
</comp>

<comp id="114" class="1004" name="store_ln36_access_fu_114">
<pin_list>
<pin id="115" dir="0" index="0" bw="15" slack="0"/>
<pin id="116" dir="0" index="1" bw="24" slack="0"/>
<pin id="117" dir="0" index="2" bw="0" slack="2147483647"/>
<pin id="118" dir="1" index="3" bw="24" slack="2147483647"/>
</pin_list>
<bind>
<opcode="store(28) " fcode="store"/>
<opset="store_ln36/2 "/>
</bind>
</comp>

<comp id="121" class="1004" name="store_ln36_access_fu_121">
<pin_list>
<pin id="122" dir="0" index="0" bw="15" slack="0"/>
<pin id="123" dir="0" index="1" bw="24" slack="0"/>
<pin id="124" dir="0" index="2" bw="0" slack="2147483647"/>
<pin id="125" dir="1" index="3" bw="24" slack="2147483647"/>
</pin_list>
<bind>
<opcode="store(28) " fcode="store"/>
<opset="store_ln36/2 "/>
</bind>
</comp>

<comp id="128" class="1004" name="store_ln0_store_fu_128">
<pin_list>
<pin id="129" dir="0" index="0" bw="1" slack="0"/>
<pin id="130" dir="0" index="1" bw="17" slack="0"/>
<pin id="131" dir="1" index="2" bw="0" slack="2147483647"/>
</pin_list>
<bind>
<opcode="store(28) " fcode="store"/>
<opset="store_ln0/1 "/>
</bind>
</comp>

<comp id="133" class="1004" name="store_ln33_store_fu_133">
<pin_list>
<pin id="134" dir="0" index="0" bw="1" slack="0"/>
<pin id="135" dir="0" index="1" bw="9" slack="0"/>
<pin id="136" dir="1" index="2" bw="0" slack="2147483647"/>
</pin_list>
<bind>
<opcode="store(28) " fcode="store"/>
<opset="store_ln33/1 "/>
</bind>
</comp>

<comp id="138" class="1004" name="store_ln34_store_fu_138">
<pin_list>
<pin id="139" dir="0" index="0" bw="1" slack="0"/>
<pin id="140" dir="0" index="1" bw="9" slack="0"/>
<pin id="141" dir="1" index="2" bw="0" slack="2147483647"/>
</pin_list>
<bind>
<opcode="store(28) " fcode="store"/>
<opset="store_ln34/1 "/>
</bind>
</comp>

<comp id="143" class="1004" name="indvar_flatten_load_load_fu_143">
<pin_list>
<pin id="144" dir="0" index="0" bw="17" slack="0"/>
<pin id="145" dir="1" index="1" bw="17" slack="0"/>
</pin_list>
<bind>
<opcode="load(27) " fcode="load"/>
<opset="indvar_flatten_load/1 "/>
</bind>
</comp>

<comp id="146" class="1004" name="icmp_ln33_fu_146">
<pin_list>
<pin id="147" dir="0" index="0" bw="17" slack="0"/>
<pin id="148" dir="0" index="1" bw="17" slack="0"/>
<pin id="149" dir="1" index="2" bw="1" slack="2147483647"/>
</pin_list>
<bind>
<opcode="icmp(45) " fcode="icmp"/>
<opset="icmp_ln33/1 "/>
</bind>
</comp>

<comp id="152" class="1004" name="add_ln33_1_fu_152">
<pin_list>
<pin id="153" dir="0" index="0" bw="17" slack="0"/>
<pin id="154" dir="0" index="1" bw="1" slack="0"/>
<pin id="155" dir="1" index="2" bw="17" slack="0"/>
</pin_list>
<bind>
<opcode="add(8) " fcode="add"/>
<opset="add_ln33_1/1 "/>
</bind>
</comp>

<comp id="158" class="1004" name="store_ln33_store_fu_158">
<pin_list>
<pin id="159" dir="0" index="0" bw="17" slack="0"/>
<pin id="160" dir="0" index="1" bw="17" slack="0"/>
<pin id="161" dir="1" index="2" bw="0" slack="2147483647"/>
</pin_list>
<bind>
<opcode="store(28) " fcode="store"/>
<opset="store_ln33/1 "/>
</bind>
</comp>

<comp id="163" class="1004" name="j_load_load_fu_163">
<pin_list>
<pin id="164" dir="0" index="0" bw="9" slack="1"/>
<pin id="165" dir="1" index="1" bw="9" slack="0"/>
</pin_list>
<bind>
<opcode="load(27) " fcode="load"/>
<opset="j_load/2 "/>
</bind>
</comp>

<comp id="166" class="1004" name="i_load_load_fu_166">
<pin_list>
<pin id="167" dir="0" index="0" bw="9" slack="1"/>
<pin id="168" dir="1" index="1" bw="9" slack="0"/>
</pin_list>
<bind>
<opcode="load(27) " fcode="load"/>
<opset="i_load/2 "/>
</bind>
</comp>

<comp id="169" class="1004" name="add_ln33_fu_169">
<pin_list>
<pin id="170" dir="0" index="0" bw="9" slack="0"/>
<pin id="171" dir="0" index="1" bw="1" slack="0"/>
<pin id="172" dir="1" index="2" bw="9" slack="0"/>
</pin_list>
<bind>
<opcode="add(8) " fcode="add"/>
<opset="add_ln33/2 "/>
</bind>
</comp>

<comp id="175" class="1004" name="icmp_ln34_fu_175">
<pin_list>
<pin id="176" dir="0" index="0" bw="9" slack="0"/>
<pin id="177" dir="0" index="1" bw="9" slack="0"/>
<pin id="178" dir="1" index="2" bw="1" slack="0"/>
</pin_list>
<bind>
<opcode="icmp(45) " fcode="icmp"/>
<opset="icmp_ln34/2 "/>
</bind>
</comp>

<comp id="181" class="1004" name="select_ln33_fu_181">
<pin_list>
<pin id="182" dir="0" index="0" bw="1" slack="0"/>
<pin id="183" dir="0" index="1" bw="1" slack="0"/>
<pin id="184" dir="0" index="2" bw="9" slack="0"/>
<pin id="185" dir="1" index="3" bw="9" slack="0"/>
</pin_list>
<bind>
<opcode="select(49) " fcode="select"/>
<opset="select_ln33/2 "/>
</bind>
</comp>

<comp id="189" class="1004" name="select_ln33_1_fu_189">
<pin_list>
<pin id="190" dir="0" index="0" bw="1" slack="0"/>
<pin id="191" dir="0" index="1" bw="9" slack="0"/>
<pin id="192" dir="0" index="2" bw="9" slack="0"/>
<pin id="193" dir="1" index="3" bw="9" slack="0"/>
</pin_list>
<bind>
<opcode="select(49) " fcode="select"/>
<opset="select_ln33_1/2 "/>
</bind>
</comp>

<comp id="197" class="1004" name="trunc_ln33_fu_197">
<pin_list>
<pin id="198" dir="0" index="0" bw="9" slack="0"/>
<pin id="199" dir="1" index="1" bw="1" slack="2147483647"/>
</pin_list>
<bind>
<opcode="trunc(33) " fcode="trunc"/>
<opset="trunc_ln33/2 "/>
</bind>
</comp>

<comp id="201" class="1004" name="trunc_ln34_fu_201">
<pin_list>
<pin id="202" dir="0" index="0" bw="9" slack="0"/>
<pin id="203" dir="1" index="1" bw="1" slack="2147483647"/>
</pin_list>
<bind>
<opcode="trunc(33) " fcode="trunc"/>
<opset="trunc_ln34/2 "/>
</bind>
</comp>

<comp id="205" class="1004" name="lshr_ln_fu_205">
<pin_list>
<pin id="206" dir="0" index="0" bw="7" slack="0"/>
<pin id="207" dir="0" index="1" bw="9" slack="0"/>
<pin id="208" dir="0" index="2" bw="1" slack="0"/>
<pin id="209" dir="0" index="3" bw="4" slack="0"/>
<pin id="210" dir="1" index="4" bw="7" slack="0"/>
</pin_list>
<bind>
<opcode="partselect(1002) " fcode="partselect"/>
<opset="lshr_ln/2 "/>
</bind>
</comp>

<comp id="215" class="1004" name="tmp_20_fu_215">
<pin_list>
<pin id="216" dir="0" index="0" bw="7" slack="0"/>
<pin id="217" dir="0" index="1" bw="9" slack="0"/>
<pin id="218" dir="0" index="2" bw="1" slack="0"/>
<pin id="219" dir="0" index="3" bw="4" slack="0"/>
<pin id="220" dir="1" index="4" bw="7" slack="0"/>
</pin_list>
<bind>
<opcode="partselect(1002) " fcode="partselect"/>
<opset="tmp_20/2 "/>
</bind>
</comp>

<comp id="225" class="1004" name="tmp_21_fu_225">
<pin_list>
<pin id="226" dir="0" index="0" bw="14" slack="0"/>
<pin id="227" dir="0" index="1" bw="7" slack="0"/>
<pin id="228" dir="0" index="2" bw="7" slack="0"/>
<pin id="229" dir="1" index="3" bw="14" slack="0"/>
</pin_list>
<bind>
<opcode="bitconcatenate(1004) " fcode="bitconcatenate"/>
<opset="tmp_21/2 "/>
</bind>
</comp>

<comp id="233" class="1004" name="zext_ln36_fu_233">
<pin_list>
<pin id="234" dir="0" index="0" bw="14" slack="0"/>
<pin id="235" dir="1" index="1" bw="64" slack="0"/>
</pin_list>
<bind>
<opcode="zext(34) " fcode="zext"/>
<opset="zext_ln36/2 "/>
</bind>
</comp>

<comp id="241" class="1004" name="add_ln34_fu_241">
<pin_list>
<pin id="242" dir="0" index="0" bw="9" slack="0"/>
<pin id="243" dir="0" index="1" bw="1" slack="0"/>
<pin id="244" dir="1" index="2" bw="9" slack="0"/>
</pin_list>
<bind>
<opcode="add(8) " fcode="add"/>
<opset="add_ln34/2 "/>
</bind>
</comp>

<comp id="247" class="1004" name="store_ln33_store_fu_247">
<pin_list>
<pin id="248" dir="0" index="0" bw="9" slack="0"/>
<pin id="249" dir="0" index="1" bw="9" slack="1"/>
<pin id="250" dir="1" index="2" bw="0" slack="2147483647"/>
</pin_list>
<bind>
<opcode="store(28) " fcode="store"/>
<opset="store_ln33/2 "/>
</bind>
</comp>

<comp id="252" class="1004" name="store_ln34_store_fu_252">
<pin_list>
<pin id="253" dir="0" index="0" bw="9" slack="0"/>
<pin id="254" dir="0" index="1" bw="9" slack="1"/>
<pin id="255" dir="1" index="2" bw="0" slack="2147483647"/>
</pin_list>
<bind>
<opcode="store(28) " fcode="store"/>
<opset="store_ln34/2 "/>
</bind>
</comp>

<comp id="257" class="1005" name="j_reg_257">
<pin_list>
<pin id="258" dir="0" index="0" bw="9" slack="0"/>
<pin id="259" dir="1" index="1" bw="9" slack="0"/>
</pin_list>
<bind>
<opset="j "/>
</bind>
</comp>

<comp id="264" class="1005" name="i_reg_264">
<pin_list>
<pin id="265" dir="0" index="0" bw="9" slack="0"/>
<pin id="266" dir="1" index="1" bw="9" slack="0"/>
</pin_list>
<bind>
<opset="i "/>
</bind>
</comp>

<comp id="271" class="1005" name="indvar_flatten_reg_271">
<pin_list>
<pin id="272" dir="0" index="0" bw="17" slack="0"/>
<pin id="273" dir="1" index="1" bw="17" slack="0"/>
</pin_list>
<bind>
<opset="indvar_flatten "/>
</bind>
</comp>

</comp_list>

<net_list>
<net id="57"><net_src comp="10" pin="0"/><net_sink comp="54" pin=0"/></net>

<net id="61"><net_src comp="10" pin="0"/><net_sink comp="58" pin=0"/></net>

<net id="65"><net_src comp="10" pin="0"/><net_sink comp="62" pin=0"/></net>

<net id="70"><net_src comp="52" pin="0"/><net_sink comp="66" pin=0"/></net>

<net id="71"><net_src comp="8" pin="0"/><net_sink comp="66" pin=1"/></net>

<net id="77"><net_src comp="0" pin="0"/><net_sink comp="72" pin=0"/></net>

<net id="78"><net_src comp="50" pin="0"/><net_sink comp="72" pin=1"/></net>

<net id="84"><net_src comp="2" pin="0"/><net_sink comp="79" pin=0"/></net>

<net id="85"><net_src comp="50" pin="0"/><net_sink comp="79" pin=1"/></net>

<net id="91"><net_src comp="4" pin="0"/><net_sink comp="86" pin=0"/></net>

<net id="92"><net_src comp="50" pin="0"/><net_sink comp="86" pin=1"/></net>

<net id="98"><net_src comp="6" pin="0"/><net_sink comp="93" pin=0"/></net>

<net id="99"><net_src comp="50" pin="0"/><net_sink comp="93" pin=1"/></net>

<net id="105"><net_src comp="66" pin="2"/><net_sink comp="100" pin=1"/></net>

<net id="106"><net_src comp="72" pin="3"/><net_sink comp="100" pin=0"/></net>

<net id="112"><net_src comp="66" pin="2"/><net_sink comp="107" pin=1"/></net>

<net id="113"><net_src comp="79" pin="3"/><net_sink comp="107" pin=0"/></net>

<net id="119"><net_src comp="66" pin="2"/><net_sink comp="114" pin=1"/></net>

<net id="120"><net_src comp="86" pin="3"/><net_sink comp="114" pin=0"/></net>

<net id="126"><net_src comp="66" pin="2"/><net_sink comp="121" pin=1"/></net>

<net id="127"><net_src comp="93" pin="3"/><net_sink comp="121" pin=0"/></net>

<net id="132"><net_src comp="22" pin="0"/><net_sink comp="128" pin=0"/></net>

<net id="137"><net_src comp="24" pin="0"/><net_sink comp="133" pin=0"/></net>

<net id="142"><net_src comp="24" pin="0"/><net_sink comp="138" pin=0"/></net>

<net id="150"><net_src comp="143" pin="1"/><net_sink comp="146" pin=0"/></net>

<net id="151"><net_src comp="26" pin="0"/><net_sink comp="146" pin=1"/></net>

<net id="156"><net_src comp="143" pin="1"/><net_sink comp="152" pin=0"/></net>

<net id="157"><net_src comp="28" pin="0"/><net_sink comp="152" pin=1"/></net>

<net id="162"><net_src comp="152" pin="2"/><net_sink comp="158" pin=0"/></net>

<net id="173"><net_src comp="166" pin="1"/><net_sink comp="169" pin=0"/></net>

<net id="174"><net_src comp="30" pin="0"/><net_sink comp="169" pin=1"/></net>

<net id="179"><net_src comp="163" pin="1"/><net_sink comp="175" pin=0"/></net>

<net id="180"><net_src comp="40" pin="0"/><net_sink comp="175" pin=1"/></net>

<net id="186"><net_src comp="175" pin="2"/><net_sink comp="181" pin=0"/></net>

<net id="187"><net_src comp="24" pin="0"/><net_sink comp="181" pin=1"/></net>

<net id="188"><net_src comp="163" pin="1"/><net_sink comp="181" pin=2"/></net>

<net id="194"><net_src comp="175" pin="2"/><net_sink comp="189" pin=0"/></net>

<net id="195"><net_src comp="169" pin="2"/><net_sink comp="189" pin=1"/></net>

<net id="196"><net_src comp="166" pin="1"/><net_sink comp="189" pin=2"/></net>

<net id="200"><net_src comp="189" pin="3"/><net_sink comp="197" pin=0"/></net>

<net id="204"><net_src comp="181" pin="3"/><net_sink comp="201" pin=0"/></net>

<net id="211"><net_src comp="44" pin="0"/><net_sink comp="205" pin=0"/></net>

<net id="212"><net_src comp="181" pin="3"/><net_sink comp="205" pin=1"/></net>

<net id="213"><net_src comp="10" pin="0"/><net_sink comp="205" pin=2"/></net>

<net id="214"><net_src comp="46" pin="0"/><net_sink comp="205" pin=3"/></net>

<net id="221"><net_src comp="44" pin="0"/><net_sink comp="215" pin=0"/></net>

<net id="222"><net_src comp="189" pin="3"/><net_sink comp="215" pin=1"/></net>

<net id="223"><net_src comp="10" pin="0"/><net_sink comp="215" pin=2"/></net>

<net id="224"><net_src comp="46" pin="0"/><net_sink comp="215" pin=3"/></net>

<net id="230"><net_src comp="48" pin="0"/><net_sink comp="225" pin=0"/></net>

<net id="231"><net_src comp="215" pin="4"/><net_sink comp="225" pin=1"/></net>

<net id="232"><net_src comp="205" pin="4"/><net_sink comp="225" pin=2"/></net>

<net id="236"><net_src comp="225" pin="3"/><net_sink comp="233" pin=0"/></net>

<net id="237"><net_src comp="233" pin="1"/><net_sink comp="72" pin=2"/></net>

<net id="238"><net_src comp="233" pin="1"/><net_sink comp="79" pin=2"/></net>

<net id="239"><net_src comp="233" pin="1"/><net_sink comp="86" pin=2"/></net>

<net id="240"><net_src comp="233" pin="1"/><net_sink comp="93" pin=2"/></net>

<net id="245"><net_src comp="181" pin="3"/><net_sink comp="241" pin=0"/></net>

<net id="246"><net_src comp="30" pin="0"/><net_sink comp="241" pin=1"/></net>

<net id="251"><net_src comp="189" pin="3"/><net_sink comp="247" pin=0"/></net>

<net id="256"><net_src comp="241" pin="2"/><net_sink comp="252" pin=0"/></net>

<net id="260"><net_src comp="54" pin="1"/><net_sink comp="257" pin=0"/></net>

<net id="261"><net_src comp="257" pin="1"/><net_sink comp="138" pin=1"/></net>

<net id="262"><net_src comp="257" pin="1"/><net_sink comp="163" pin=0"/></net>

<net id="263"><net_src comp="257" pin="1"/><net_sink comp="252" pin=1"/></net>

<net id="267"><net_src comp="58" pin="1"/><net_sink comp="264" pin=0"/></net>

<net id="268"><net_src comp="264" pin="1"/><net_sink comp="133" pin=1"/></net>

<net id="269"><net_src comp="264" pin="1"/><net_sink comp="166" pin=0"/></net>

<net id="270"><net_src comp="264" pin="1"/><net_sink comp="247" pin=1"/></net>

<net id="274"><net_src comp="62" pin="1"/><net_sink comp="271" pin=0"/></net>

<net id="275"><net_src comp="271" pin="1"/><net_sink comp="128" pin=1"/></net>

<net id="276"><net_src comp="271" pin="1"/><net_sink comp="143" pin=0"/></net>

<net id="277"><net_src comp="271" pin="1"/><net_sink comp="158" pin=1"/></net>

</net_list>

</model> 
---------------- Datapath Model END ------------------

* FSMD analyzer results:
  - Output states:
	Port: buffer_r | {2 }
	Port: buffer_1 | {2 }
	Port: buffer_2 | {2 }
	Port: buffer_3 | {2 }
 - Input state : 
	Port: compute_Pipeline_VITIS_LOOP_33_1_VITIS_LOOP_34_2 : grid_initial | {2 }
  - Chain level:
	State 1
		store_ln0 : 1
		store_ln33 : 1
		store_ln34 : 1
		indvar_flatten_load : 1
		icmp_ln33 : 2
		add_ln33_1 : 2
		br_ln33 : 3
		store_ln33 : 3
	State 2
		add_ln33 : 1
		icmp_ln34 : 1
		select_ln33 : 2
		select_ln33_1 : 2
		trunc_ln33 : 3
		trunc_ln34 : 3
		lshr_ln : 3
		tmp_20 : 3
		tmp_21 : 4
		zext_ln36 : 5
		buffer_addr : 6
		buffer_1_addr : 6
		buffer_2_addr : 6
		buffer_3_addr : 6
		br_ln36 : 4
		br_ln36 : 4
		store_ln36 : 7
		store_ln36 : 7
		br_ln36 : 4
		store_ln36 : 7
		store_ln36 : 7
		add_ln34 : 3
		store_ln33 : 3
		store_ln34 : 4


============================================================
+ Verbose Summary: Datapath Resource usage 
============================================================

* Functional unit list:
|----------|------------------------------|---------|---------|
| Operation|        Functional Unit       |    FF   |   LUT   |
|----------|------------------------------|---------|---------|
|          |       add_ln33_1_fu_152      |    0    |    24   |
|    add   |        add_ln33_fu_169       |    0    |    16   |
|          |        add_ln34_fu_241       |    0    |    16   |
|----------|------------------------------|---------|---------|
|   icmp   |       icmp_ln33_fu_146       |    0    |    24   |
|          |       icmp_ln34_fu_175       |    0    |    16   |
|----------|------------------------------|---------|---------|
|  select  |      select_ln33_fu_181      |    0    |    8    |
|          |     select_ln33_1_fu_189     |    0    |    8    |
|----------|------------------------------|---------|---------|
|   read   | grid_initial_read_read_fu_66 |    0    |    0    |
|----------|------------------------------|---------|---------|
|   trunc  |       trunc_ln33_fu_197      |    0    |    0    |
|          |       trunc_ln34_fu_201      |    0    |    0    |
|----------|------------------------------|---------|---------|
|partselect|        lshr_ln_fu_205        |    0    |    0    |
|          |         tmp_20_fu_215        |    0    |    0    |
|----------|------------------------------|---------|---------|
|bitconcatenate|         tmp_21_fu_225        |    0    |    0    |
|----------|------------------------------|---------|---------|
|   zext   |       zext_ln36_fu_233       |    0    |    0    |
|----------|------------------------------|---------|---------|
|   Total  |                              |    0    |   112   |
|----------|------------------------------|---------|---------|

Memories:
N/A

* Register list:
+----------------------+--------+
|                      |   FF   |
+----------------------+--------+
|       i_reg_264      |    9   |
|indvar_flatten_reg_271|   17   |
|       j_reg_257      |    9   |
+----------------------+--------+
|         Total        |   35   |
+----------------------+--------+

* Multiplexer (MUX) list: 
|--------|------|------|------|--------|
|  Comp  |  Pin | Size |  BW  | S x BW |
|--------|------|------|------|--------|
|  Total |      |      |      |    0   |
|--------|------|------|------|--------|



* Summary:
+-----------+--------+--------+
|           |   FF   |   LUT  |
+-----------+--------+--------+
|  Function |    0   |   112  |
|   Memory  |    -   |    -   |
|Multiplexer|    -   |    -   |
|  Register |   35   |    -   |
+-----------+--------+--------+
|   Total   |   35   |   112  |
+-----------+--------+--------+
