

================================================================
== Vitis HLS Report for 'compute_Pipeline_VITIS_LOOP_55_5'
================================================================
* Date:           Fri Feb 20 12:00:28 2026

* Version:        2025.1.1 (Build 6214317 on Sep 11 2025)
* Project:        project_1
* Solution:       hls (Vivado IP Flow Target)
* Product family: zynquplus
* Target device:  xczu3eg-sbva484-1-e


================================================================
== Performance Estimates
================================================================
+ Timing: 
    * Summary: 
    +--------+----------+----------+------------+
    |  Clock |  Target  | Estimated| Uncertainty|
    +--------+----------+----------+------------+
    |ap_clk  |  10.00 ns|  3.139 ns|     2.70 ns|
    +--------+----------+----------+------------+

+ Latency: 
    * Summary: 
    +---------+---------+----------+----------+-----+-----+------------------------------------------------+
    |  Latency (cycles) |  Latency (absolute) |  Interval |                    Pipeline                    |
    |   min   |   max   |    min   |    max   | min | max |                      Type                      |
    +---------+---------+----------+----------+-----+-----+------------------------------------------------+
    |      258|      258|  2.580 us|  2.580 us|  257|  257|  loop auto-rewind stp (delay=0 clock cycles(s))|
    +---------+---------+----------+----------+-----+-----+------------------------------------------------+

    + Detail: 
        * Instance: 
        N/A

        * Loop: 
        +-------------------+---------+---------+----------+-----------+-----------+------+----------+
        |                   |  Latency (cycles) | Iteration|  Initiation Interval  | Trip |          |
        |     Loop Name     |   min   |   max   |  Latency |  achieved |   target  | Count| Pipelined|
        +-------------------+---------+---------+----------+-----------+-----------+------+----------+
        |- VITIS_LOOP_55_5  |      256|      256|         2|          1|          1|   256|       yes|
        +-------------------+---------+---------+----------+-----------+-----------+------+----------+



================================================================
== Utilization Estimates
================================================================
* Summary: 
+-----------------+---------+-----+--------+-------+-----+
|       Name      | BRAM_18K| DSP |   FF   |  LUT  | URAM|
+-----------------+---------+-----+--------+-------+-----+
|DSP              |        -|    -|       -|      -|    -|
|Expression       |        -|    -|       0|     83|    -|
|FIFO             |        -|    -|       -|      -|    -|
|Instance         |        -|    -|       -|      -|    -|
|Memory           |        -|    -|       -|      -|    -|
|Multiplexer      |        -|    -|       0|     36|    -|
|Register         |        -|    -|      20|      -|    -|
+-----------------+---------+-----+--------+-------+-----+
|Total            |        0|    0|      20|    119|    0|
+-----------------+---------+-----+--------+-------+-----+
|Available        |      432|  360|  141120|  70560|    0|
+-----------------+---------+-----+--------+-------+-----+
|Utilization (%)  |        0|    0|      ~0|     ~0|    0|
+-----------------+---------+-----+--------+-------+-----+

+ Detail: 
    * Instance: 
    N/A

    * DSP: 
    N/A

    * Memory: 
    N/A

    * FIFO: 
    N/A

    * Expression: 
    +-----------------------+----------+----+---+----+------------+------------+
    |     Variable Name     | Operation| DSP| FF| LUT| Bitwidth P0| Bitwidth P1|
    +-----------------------+----------+----+---+----+------------+------------+
    |add_ln55_fu_178_p2     |         +|   0|  0|  16|           9|           1|
    |icmp_ln55_fu_172_p2    |      icmp|   0|  0|  17|           9|          10|
    |select_ln57_fu_263_p3  |    select|   0|  0|  24|           1|          24|
    |select_ln58_fu_272_p3  |    select|   0|  0|  24|           1|          24|
    |ap_enable_pp0          |       xor|   0|  0|   2|           1|           2|
    +-----------------------+----------+----+---+----+------------+------------+
    |Total                  |          |   0|  0|  83|          21|          61|
    +-----------------------+----------+----+---+----+------------+------------+

    * Multiplexer: 
    +-------------------------+----+-----------+-----+-----------+
    |           Name          | LUT| Input Size| Bits| Total Bits|
    +-------------------------+----+-----------+-----+-----------+
    |ap_done_int              |   9|          2|    1|          2|
    |ap_enable_reg_pp0_iter1  |   9|          2|    1|          2|
    |ap_sig_allocacmp_i_2     |   9|          2|    9|         18|
    |i_fu_48                  |   9|          2|    9|         18|
    +-------------------------+----+-----------+-----+-----------+
    |Total                    |  36|          8|   20|         40|
    +-------------------------+----+-----------+-----+-----------+

    * Register: 
    +-------------------------+---+----+-----+-----------+
    |           Name          | FF| LUT| Bits| Const Bits|
    +-------------------------+---+----+-----+-----------+
    |ap_CS_fsm                |  1|   0|    1|          0|
    |ap_done_reg              |  1|   0|    1|          0|
    |ap_enable_reg_pp0_iter1  |  1|   0|    1|          0|
    |i_fu_48                  |  9|   0|    9|          0|
    |lshr_ln3_reg_303         |  7|   0|    7|          0|
    |trunc_ln55_reg_297       |  1|   0|    1|          0|
    +-------------------------+---+----+-----+-----------+
    |Total                    | 20|   0|   20|          0|
    +-------------------------+---+----+-----+-----------+



================================================================
== Interface
================================================================
* Summary: 
+-------------------+-----+-----+------------+----------------------------------+--------------+
|     RTL Ports     | Dir | Bits|  Protocol  |           Source Object          |    C Type    |
+-------------------+-----+-----+------------+----------------------------------+--------------+
|ap_clk             |   in|    1|  ap_ctrl_hs|  compute_Pipeline_VITIS_LOOP_55_5|  return value|
|ap_rst             |   in|    1|  ap_ctrl_hs|  compute_Pipeline_VITIS_LOOP_55_5|  return value|
|ap_start           |   in|    1|  ap_ctrl_hs|  compute_Pipeline_VITIS_LOOP_55_5|  return value|
|ap_done            |  out|    1|  ap_ctrl_hs|  compute_Pipeline_VITIS_LOOP_55_5|  return value|
|ap_idle            |  out|    1|  ap_ctrl_hs|  compute_Pipeline_VITIS_LOOP_55_5|  return value|
|ap_ready           |  out|    1|  ap_ctrl_hs|  compute_Pipeline_VITIS_LOOP_55_5|  return value|
|empty_30           |   in|    1|     ap_none|                          empty_30|        scalar|
|buffer_r_address0  |  out|   15|   ap_memory|                          buffer_r|         array|
|buffer_r_ce0       |  out|    1|   ap_memory|                          buffer_r|         array|
|buffer_r_we0       |  out|    1|   ap_memory|                          buffer_r|         array|
|buffer_r_d0        |  out|   24|   ap_memory|                          buffer_r|         array|
|buffer_r_address1  |  out|   15|   ap_memory|                          buffer_r|         array|
|buffer_r_ce1       |  out|    1|   ap_memory|                          buffer_r|         array|
|buffer_r_q1        |   in|   24|   ap_memory|                          buffer_r|         array|
|empty              |   in|    1|     ap_none|                             empty|        scalar|
|buffer_1_address0  |  out|   15|   ap_memory|                          buffer_1|         array|
|buffer_1_ce0       |  out|    1|   ap_memory|                          buffer_1|         array|
|buffer_1_we0       |  out|    1|   ap_memory|                          buffer_1|         array|
|buffer_1_d0        |  out|   24|   ap_memory|                          buffer_1|         array|
|buffer_1_address1  |  out|   15|   ap_memory|                          buffer_1|         array|
|buffer_1_ce1       |  out|    1|   ap_memory|                          buffer_1|         array|
|buffer_1_q1        |   in|   24|   ap_memory|                          buffer_1|         array|
|buffer_2_address0  |  out|   15|   ap_memory|                          buffer_2|         array|
|buffer_2_ce0       |  out|    1|   ap_memory|                          buffer_2|         array|
|buffer_2_we0       |  out|    1|   ap_memory|                          buffer_2|         array|
|buffer_2_d0        |  out|   24|   ap_memory|                          buffer_2|         array|
|buffer_2_address1  |  out|   15|   ap_memory|                          buffer_2|         array|
|buffer_2_ce1       |  out|    1|   ap_memory|                          buffer_2|         array|
|buffer_2_q1        |   in|   24|   ap_memory|                          buffer_2|         array|
|buffer_3_address0  |  out|   15|   ap_memory|                          buffer_3|         array|
|buffer_3_ce0       |  out|    1|   ap_memory|                          buffer_3|         array|
|buffer_3_we0       |  out|    1|   ap_memory|                          buffer_3|         array|
|buffer_3_d0        |  out|   24|   ap_memory|                          buffer_3|         array|
|buffer_3_address1  |  out|   15|   ap_memory|                          buffer_3|         array|
|buffer_3_ce1       |  out|    1|   ap_memory|                          buffer_3|         array|
|buffer_3_q1        |   in|   24|   ap_memory|                          buffer_3|         array|
+-------------------+-----+-----+------------+----------------------------------+--------------+

============================================================
+ Verbose Summary: Synthesis Manager
============================================================
InlineROM: 1
ExposeGlobal: 0
============================================================
+ Verbose Summary: CDFG Model
============================================================
IsTopModel: 0
ResetActiveHigh: 1
IsCombinational: 2
IsDatapathOnly: 2
HasWiredReturn: 1
HasMFsm: 2
HasVarLatency: 1
IsPipeline: 0
IsRtlPipelined: 0
IsInstanceOverlapped: 0
IsDontTouch: 0
HasImplIP: 0
IsGatedGlobalClock: 0

+ Individual pipeline summary: 
  * Pipeline-0: initiation interval (II) = 1, depth = 2


============================================================
+ Verbose Summary: Schedule
============================================================
* Number of FSM states : 2
* Pipeline : 1
  Pipeline-0 : II = 1, D = 2, States = { 1 2 }
* Dataflow Pipeline: 0

* FSM state transitions: 
1 --> 2 
2 --> 

* FSM state operations: 

State 1 <SV = 0> <Delay = 1.89>
ST_1 : Operation 5 [1/1] (0.00ns)   --->   "%i = alloca i32 1" [top.cpp:55]   --->   Operation 5 'alloca' 'i' <Predicate = true> <Delay = 0.00>
ST_1 : Operation 6 [1/1] (0.00ns)   --->   "%tmp = read i1 @_ssdm_op_Read.ap_auto.i1, i1 %empty"   --->   Operation 6 'read' 'tmp' <Predicate = true> <Delay = 0.00>
ST_1 : Operation 7 [1/1] (0.00ns)   --->   "%tmp_18 = read i1 @_ssdm_op_Read.ap_auto.i1, i1 %empty_30"   --->   Operation 7 'read' 'tmp_18' <Predicate = true> <Delay = 0.00>
ST_1 : Operation 8 [1/1] (0.48ns)   --->   "%store_ln55 = store i9 0, i9 %i" [top.cpp:55]   --->   Operation 8 'store' 'store_ln55' <Predicate = true> <Delay = 0.48>
ST_1 : Operation 9 [1/1] (0.00ns)   --->   "%br_ln0 = br void %for.inc73"   --->   Operation 9 'br' 'br_ln0' <Predicate = true> <Delay = 0.00>
ST_1 : Operation 10 [1/1] (0.00ns)   --->   "%i_2 = load i9 %i" [top.cpp:55]   --->   Operation 10 'load' 'i_2' <Predicate = true> <Delay = 0.00>
ST_1 : Operation 11 [1/1] (0.92ns)   --->   "%icmp_ln55 = icmp_eq  i9 %i_2, i9 256" [top.cpp:55]   --->   Operation 11 'icmp' 'icmp_ln55' <Predicate = true> <Delay = 0.92> <CoreInst = "Cmp">   --->   Core 9 'Cmp' <Latency = 0> <II = 1> <Delay = 0.93> <FuncUnit> <Opcode : 'seteq' 'setne' 'setle' 'setge' 'setlt' 'setgt'> <InPorts = 2> <OutPorts = 1>
ST_1 : Operation 12 [1/1] (0.92ns)   --->   "%add_ln55 = add i9 %i_2, i9 1" [top.cpp:55]   --->   Operation 12 'add' 'add_ln55' <Predicate = true> <Delay = 0.92> <CoreInst = "Adder">   --->   Core 1 'Adder' <Latency = 0> <II = 1> <Delay = 0.92> <FuncUnit> <Opcode : 'add' 'sub'> <InPorts = 2> <OutPorts = 1>
ST_1 : Operation 13 [1/1] (0.00ns)   --->   "%br_ln55 = br i1 %icmp_ln55, void %for.inc73.split, void %VITIS_LOOP_67_8.preheader.exitStub" [top.cpp:55]   --->   Operation 13 'br' 'br_ln55' <Predicate = true> <Delay = 0.00>
ST_1 : Operation 14 [1/1] (0.00ns)   --->   "%trunc_ln55 = trunc i9 %i_2" [top.cpp:55]   --->   Operation 14 'trunc' 'trunc_ln55' <Predicate = (!icmp_ln55)> <Delay = 0.00>
ST_1 : Operation 15 [1/1] (0.00ns)   --->   "%lshr_ln3 = partselect i7 @_ssdm_op_PartSelect.i7.i9.i32.i32, i9 %i_2, i32 1, i32 7" [top.cpp:55]   --->   Operation 15 'partselect' 'lshr_ln3' <Predicate = (!icmp_ln55)> <Delay = 0.00>
ST_1 : Operation 16 [1/1] (0.00ns)   --->   "%tmp_s = bitconcatenate i15 @_ssdm_op_BitConcatenate.i15.i1.i7.i7, i1 %tmp_18, i7 %lshr_ln3, i7 0" [top.cpp:57]   --->   Operation 16 'bitconcatenate' 'tmp_s' <Predicate = (!icmp_ln55)> <Delay = 0.00>
ST_1 : Operation 17 [1/1] (0.00ns)   --->   "%zext_ln57 = zext i15 %tmp_s" [top.cpp:57]   --->   Operation 17 'zext' 'zext_ln57' <Predicate = (!icmp_ln55)> <Delay = 0.00>
ST_1 : Operation 18 [1/1] (0.00ns)   --->   "%buffer_addr = getelementptr i24 %buffer_r, i64 0, i64 %zext_ln57" [top.cpp:57]   --->   Operation 18 'getelementptr' 'buffer_addr' <Predicate = (!icmp_ln55)> <Delay = 0.00>
ST_1 : Operation 19 [1/1] (0.00ns)   --->   "%tmp_15 = bitconcatenate i15 @_ssdm_op_BitConcatenate.i15.i1.i7.i7, i1 %tmp_18, i7 %lshr_ln3, i7 127" [top.cpp:58]   --->   Operation 19 'bitconcatenate' 'tmp_15' <Predicate = (!icmp_ln55)> <Delay = 0.00>
ST_1 : Operation 20 [1/1] (0.00ns)   --->   "%zext_ln58 = zext i15 %tmp_15" [top.cpp:58]   --->   Operation 20 'zext' 'zext_ln58' <Predicate = (!icmp_ln55)> <Delay = 0.00>
ST_1 : Operation 21 [1/1] (0.00ns)   --->   "%buffer_1_addr = getelementptr i24 %buffer_1, i64 0, i64 %zext_ln58" [top.cpp:58]   --->   Operation 21 'getelementptr' 'buffer_1_addr' <Predicate = (!icmp_ln55)> <Delay = 0.00>
ST_1 : Operation 22 [1/1] (0.00ns)   --->   "%buffer_2_addr = getelementptr i24 %buffer_2, i64 0, i64 %zext_ln57" [top.cpp:57]   --->   Operation 22 'getelementptr' 'buffer_2_addr' <Predicate = (!icmp_ln55)> <Delay = 0.00>
ST_1 : Operation 23 [1/1] (0.00ns)   --->   "%buffer_3_addr = getelementptr i24 %buffer_3, i64 0, i64 %zext_ln58" [top.cpp:58]   --->   Operation 23 'getelementptr' 'buffer_3_addr' <Predicate = (!icmp_ln55)> <Delay = 0.00>
ST_1 : Operation 24 [2/2] (1.35ns)   --->   "%buffer_load = load i15 %buffer_addr" [top.cpp:57]   --->   Operation 24 'load' 'buffer_load' <Predicate = (!icmp_ln55)> <Delay = 1.35> <CoreInst = "RAM">   --->   Core 82 'RAM' <Latency = 1> <II = 1> <Delay = 1.35> <Storage> <Opcode : 'load' 'store'> <Ports = 2> <Width = 24> <Depth = 32768> <RAM>
ST_1 : Operation 25 [2/2] (1.35ns)   --->   "%buffer_2_load = load i15 %buffer_2_addr" [top.cpp:57]   --->   Operation 25 'load' 'buffer_2_load' <Predicate = (!icmp_ln55)> <Delay = 1.35> <CoreInst = "RAM">   --->   Core 82 'RAM' <Latency = 1> <II = 1> <Delay = 1.35> <Storage> <Opcode : 'load' 'store'> <Ports = 2> <Width = 24> <Depth = 32768> <RAM>
ST_1 : Operation 26 [2/2] (1.35ns)   --->   "%buffer_1_load = load i15 %buffer_1_addr" [top.cpp:58]   --->   Operation 26 'load' 'buffer_1_load' <Predicate = (!icmp_ln55)> <Delay = 1.35> <CoreInst = "RAM">   --->   Core 82 'RAM' <Latency = 1> <II = 1> <Delay = 1.35> <Storage> <Opcode : 'load' 'store'> <Ports = 2> <Width = 24> <Depth = 32768> <RAM>
ST_1 : Operation 27 [2/2] (1.35ns)   --->   "%buffer_3_load = load i15 %buffer_3_addr" [top.cpp:58]   --->   Operation 27 'load' 'buffer_3_load' <Predicate = (!icmp_ln55)> <Delay = 1.35> <CoreInst = "RAM">   --->   Core 82 'RAM' <Latency = 1> <II = 1> <Delay = 1.35> <Storage> <Opcode : 'load' 'store'> <Ports = 2> <Width = 24> <Depth = 32768> <RAM>
ST_1 : Operation 28 [1/1] (0.00ns)   --->   "%br_ln57 = br i1 %trunc_ln55, void %arrayidx7235.case.0, void %arrayidx7235.case.1" [top.cpp:57]   --->   Operation 28 'br' 'br_ln57' <Predicate = (!icmp_ln55)> <Delay = 0.00>
ST_1 : Operation 29 [1/1] (0.48ns)   --->   "%store_ln55 = store i9 %add_ln55, i9 %i" [top.cpp:55]   --->   Operation 29 'store' 'store_ln55' <Predicate = (!icmp_ln55)> <Delay = 0.48>
ST_1 : Operation 30 [1/1] (0.00ns)   --->   "%br_ln55 = br void %for.inc73" [top.cpp:55]   --->   Operation 30 'br' 'br_ln55' <Predicate = (!icmp_ln55)> <Delay = 0.00>
ST_1 : Operation 54 [1/1] (0.48ns)   --->   "%ret_ln0 = ret"   --->   Operation 54 'ret' 'ret_ln0' <Predicate = (icmp_ln55)> <Delay = 0.48>

State 2 <SV = 1> <Delay = 3.13>
ST_2 : Operation 31 [1/1] (0.00ns)   --->   "%specpipeline_ln56 = specpipeline void @_ssdm_op_SpecPipeline, i32 1, i32 0, i32 0, i32 0, void @empty_14" [top.cpp:56]   --->   Operation 31 'specpipeline' 'specpipeline_ln56' <Predicate = true> <Delay = 0.00>
ST_2 : Operation 32 [1/1] (0.00ns)   --->   "%speclooptripcount_ln55 = speclooptripcount void @_ssdm_op_SpecLoopTripCount, i64 256, i64 256, i64 256" [top.cpp:55]   --->   Operation 32 'speclooptripcount' 'speclooptripcount_ln55' <Predicate = true> <Delay = 0.00>
ST_2 : Operation 33 [1/1] (0.00ns)   --->   "%specloopname_ln55 = specloopname void @_ssdm_op_SpecLoopName, void @empty_0" [top.cpp:55]   --->   Operation 33 'specloopname' 'specloopname_ln55' <Predicate = true> <Delay = 0.00>
ST_2 : Operation 34 [1/1] (0.00ns)   --->   "%tmp_14 = bitconcatenate i15 @_ssdm_op_BitConcatenate.i15.i1.i7.i7, i1 %tmp, i7 %lshr_ln3, i7 0" [top.cpp:57]   --->   Operation 34 'bitconcatenate' 'tmp_14' <Predicate = true> <Delay = 0.00>
ST_2 : Operation 35 [1/1] (0.00ns)   --->   "%zext_ln57_1 = zext i15 %tmp_14" [top.cpp:57]   --->   Operation 35 'zext' 'zext_ln57_1' <Predicate = true> <Delay = 0.00>
ST_2 : Operation 36 [1/1] (0.00ns)   --->   "%buffer_addr_2 = getelementptr i24 %buffer_r, i64 0, i64 %zext_ln57_1" [top.cpp:57]   --->   Operation 36 'getelementptr' 'buffer_addr_2' <Predicate = true> <Delay = 0.00>
ST_2 : Operation 37 [1/1] (0.00ns)   --->   "%tmp_16 = bitconcatenate i15 @_ssdm_op_BitConcatenate.i15.i1.i7.i7, i1 %tmp, i7 %lshr_ln3, i7 127" [top.cpp:58]   --->   Operation 37 'bitconcatenate' 'tmp_16' <Predicate = true> <Delay = 0.00>
ST_2 : Operation 38 [1/1] (0.00ns)   --->   "%zext_ln58_1 = zext i15 %tmp_16" [top.cpp:58]   --->   Operation 38 'zext' 'zext_ln58_1' <Predicate = true> <Delay = 0.00>
ST_2 : Operation 39 [1/1] (0.00ns)   --->   "%buffer_1_addr_2 = getelementptr i24 %buffer_1, i64 0, i64 %zext_ln58_1" [top.cpp:58]   --->   Operation 39 'getelementptr' 'buffer_1_addr_2' <Predicate = true> <Delay = 0.00>
ST_2 : Operation 40 [1/1] (0.00ns)   --->   "%buffer_2_addr_2 = getelementptr i24 %buffer_2, i64 0, i64 %zext_ln57_1" [top.cpp:57]   --->   Operation 40 'getelementptr' 'buffer_2_addr_2' <Predicate = true> <Delay = 0.00>
ST_2 : Operation 41 [1/1] (0.00ns)   --->   "%buffer_3_addr_2 = getelementptr i24 %buffer_3, i64 0, i64 %zext_ln58_1" [top.cpp:58]   --->   Operation 41 'getelementptr' 'buffer_3_addr_2' <Predicate = true> <Delay = 0.00>
ST_2 : Operation 42 [1/2] ( I:1.35ns O:1.35ns )   --->   "%buffer_load = load i15 %buffer_addr" [top.cpp:57]   --->   Operation 42 'load' 'buffer_load' <Predicate = true> <Delay = 1.35> <CoreInst = "RAM">   --->   Core 82 'RAM' <Latency = 1> <II = 1> <Delay = 1.35> <Storage> <Opcode : 'load' 'store'> <Ports = 2> <Width = 24> <Depth = 32768> <RAM>
ST_2 : Operation 43 [1/2] ( I:1.35ns O:1.35ns )   --->   "%buffer_2_load = load i15 %buffer_2_addr" [top.cpp:57]   --->   Operation 43 'load' 'buffer_2_load' <Predicate = true> <Delay = 1.35> <CoreInst = "RAM">   --->   Core 82 'RAM' <Latency = 1> <II = 1> <Delay = 1.35> <Storage> <Opcode : 'load' 'store'> <Ports = 2> <Width = 24> <Depth = 32768> <RAM>
ST_2 : Operation 44 [1/1] (0.43ns)   --->   "%select_ln57 = select i1 %trunc_ln55, i24 %buffer_2_load, i24 %buffer_load" [top.cpp:57]   --->   Operation 44 'select' 'select_ln57' <Predicate = true> <Delay = 0.43> <CoreInst = "Sel">   --->   Core 73 'Sel' <Latency = 0> <II = 1> <Delay = 0.43> <FuncUnit> <Opcode : 'select'> <InPorts = 3> <OutPorts = 1>
ST_2 : Operation 45 [1/2] ( I:1.35ns O:1.35ns )   --->   "%buffer_1_load = load i15 %buffer_1_addr" [top.cpp:58]   --->   Operation 45 'load' 'buffer_1_load' <Predicate = true> <Delay = 1.35> <CoreInst = "RAM">   --->   Core 82 'RAM' <Latency = 1> <II = 1> <Delay = 1.35> <Storage> <Opcode : 'load' 'store'> <Ports = 2> <Width = 24> <Depth = 32768> <RAM>
ST_2 : Operation 46 [1/2] ( I:1.35ns O:1.35ns )   --->   "%buffer_3_load = load i15 %buffer_3_addr" [top.cpp:58]   --->   Operation 46 'load' 'buffer_3_load' <Predicate = true> <Delay = 1.35> <CoreInst = "RAM">   --->   Core 82 'RAM' <Latency = 1> <II = 1> <Delay = 1.35> <Storage> <Opcode : 'load' 'store'> <Ports = 2> <Width = 24> <Depth = 32768> <RAM>
ST_2 : Operation 47 [1/1] (0.43ns)   --->   "%select_ln58 = select i1 %trunc_ln55, i24 %buffer_3_load, i24 %buffer_1_load" [top.cpp:58]   --->   Operation 47 'select' 'select_ln58' <Predicate = true> <Delay = 0.43> <CoreInst = "Sel">   --->   Core 73 'Sel' <Latency = 0> <II = 1> <Delay = 0.43> <FuncUnit> <Opcode : 'select'> <InPorts = 3> <OutPorts = 1>
ST_2 : Operation 48 [1/1] ( I:1.35ns O:1.35ns )   --->   "%store_ln57 = store i24 %select_ln57, i15 %buffer_addr_2" [top.cpp:57]   --->   Operation 48 'store' 'store_ln57' <Predicate = (!trunc_ln55)> <Delay = 1.35> <CoreInst = "RAM">   --->   Core 82 'RAM' <Latency = 1> <II = 1> <Delay = 1.35> <Storage> <Opcode : 'load' 'store'> <Ports = 2> <Width = 24> <Depth = 32768> <RAM>
ST_2 : Operation 49 [1/1] ( I:1.35ns O:1.35ns )   --->   "%store_ln58 = store i24 %select_ln58, i15 %buffer_1_addr_2" [top.cpp:58]   --->   Operation 49 'store' 'store_ln58' <Predicate = (!trunc_ln55)> <Delay = 1.35> <CoreInst = "RAM">   --->   Core 82 'RAM' <Latency = 1> <II = 1> <Delay = 1.35> <Storage> <Opcode : 'load' 'store'> <Ports = 2> <Width = 24> <Depth = 32768> <RAM>
ST_2 : Operation 50 [1/1] (0.00ns)   --->   "%br_ln58 = br void %arrayidx7235.exit" [top.cpp:58]   --->   Operation 50 'br' 'br_ln58' <Predicate = (!trunc_ln55)> <Delay = 0.00>
ST_2 : Operation 51 [1/1] ( I:1.35ns O:1.35ns )   --->   "%store_ln57 = store i24 %select_ln57, i15 %buffer_2_addr_2" [top.cpp:57]   --->   Operation 51 'store' 'store_ln57' <Predicate = (trunc_ln55)> <Delay = 1.35> <CoreInst = "RAM">   --->   Core 82 'RAM' <Latency = 1> <II = 1> <Delay = 1.35> <Storage> <Opcode : 'load' 'store'> <Ports = 2> <Width = 24> <Depth = 32768> <RAM>
ST_2 : Operation 52 [1/1] ( I:1.35ns O:1.35ns )   --->   "%store_ln58 = store i24 %select_ln58, i15 %buffer_3_addr_2" [top.cpp:58]   --->   Operation 52 'store' 'store_ln58' <Predicate = (trunc_ln55)> <Delay = 1.35> <CoreInst = "RAM">   --->   Core 82 'RAM' <Latency = 1> <II = 1> <Delay = 1.35> <Storage> <Opcode : 'load' 'store'> <Ports = 2> <Width = 24> <Depth = 32768> <RAM>
ST_2 : Operation 53 [1/1] (0.00ns)   --->   "%br_ln58 = br void %arrayidx7235.exit" [top.cpp:58]   --->   Operation 53 'br' 'br_ln58' <Predicate = (trunc_ln55)> <Delay = 0.00>


============================================================
+ Verbose Summary: Binding
============================================================
STG Binding: 
---------------- STG Properties BEGIN ----------------
- Is combinational: 0
- Is one-state seq: 0
- Is datapath-only: 0
- Is pipelined: 0
- Is top level: 0
Port [ Return ] is wired: 1; IO mode=ap_ctrl_hs:ce=0
Port [ empty_30]:  wired=1; compound=0; hidden=0; nouse=0; global=0; static=0; extern=0; dir=0; type=0; pingpong=0; private_global=0; IO mode=ap_none:ce=0
Port [ buffer_r]:  wired=1; compound=1; hidden=0; nouse=0; global=0; static=0; extern=0; dir=2; type=1; pingpong=0; private_global=0; MemPort=[01]; IO mode=ap_memory:ce=0
Port [ empty]:  wired=1; compound=0; hidden=0; nouse=0; global=0; static=0; extern=0; dir=0; type=0; pingpong=0; private_global=0; IO mode=ap_none:ce=0
Port [ buffer_1]:  wired=1; compound=1; hidden=0; nouse=0; global=0; static=0; extern=0; dir=2; type=1; pingpong=0; private_global=0; MemPort=[01]; IO mode=ap_memory:ce=0
Port [ buffer_2]:  wired=1; compound=1; hidden=0; nouse=0; global=0; static=0; extern=0; dir=2; type=1; pingpong=0; private_global=0; MemPort=[01]; IO mode=ap_memory:ce=0
Port [ buffer_3]:  wired=1; compound=1; hidden=0; nouse=0; global=0; static=0; extern=0; dir=2; type=1; pingpong=0; private_global=0; MemPort=[01]; IO mode=ap_memory:ce=0
---------------- STG Properties END ------------------

---------------- Datapath Model BEGIN ----------------

<LifeTime>
<method=bitvector/>
i                      (alloca           ) [ 010]
tmp                    (read             ) [ 011]
tmp_18                 (read             ) [ 000]
store_ln55             (store            ) [ 000]
br_ln0                 (br               ) [ 000]
i_2                    (load             ) [ 000]
icmp_ln55              (icmp             ) [ 010]
add_ln55               (add              ) [ 000]
br_ln55                (br               ) [ 000]
trunc_ln55             (trunc            ) [ 011]
lshr_ln3               (partselect       ) [ 011]
tmp_s                  (bitconcatenate   ) [ 000]
zext_ln57              (zext             ) [ 000]
buffer_addr            (getelementptr    ) [ 011]
tmp_15                 (bitconcatenate   ) [ 000]
zext_ln58              (zext             ) [ 000]
buffer_1_addr          (getelementptr    ) [ 011]
buffer_2_addr          (getelementptr    ) [ 011]
buffer_3_addr          (getelementptr    ) [ 011]
br_ln57                (br               ) [ 000]
store_ln55             (store            ) [ 000]
br_ln55                (br               ) [ 000]
specpipeline_ln56      (specpipeline     ) [ 000]
speclooptripcount_ln55 (speclooptripcount) [ 000]
specloopname_ln55      (specloopname     ) [ 000]
tmp_14                 (bitconcatenate   ) [ 000]
zext_ln57_1            (zext             ) [ 000]
buffer_addr_2          (getelementptr    ) [ 000]
tmp_16                 (bitconcatenate   ) [ 000]
zext_ln58_1            (zext             ) [ 000]
buffer_1_addr_2        (getelementptr    ) [ 000]
buffer_2_addr_2        (getelementptr    ) [ 000]
buffer_3_addr_2        (getelementptr    ) [ 000]
buffer_load            (load             ) [ 000]
buffer_2_load          (load             ) [ 000]
select_ln57            (select           ) [ 000]
buffer_1_load          (load             ) [ 000]
buffer_3_load          (load             ) [ 000]
select_ln58            (select           ) [ 000]
store_ln57             (store            ) [ 000]
store_ln58             (store            ) [ 000]
br_ln58                (br               ) [ 000]
store_ln57             (store            ) [ 000]
store_ln58             (store            ) [ 000]
br_ln58                (br               ) [ 000]
ret_ln0                (ret              ) [ 000]
</LifeTime>

<model>

<comp_list>
<comp id="0" class="1000" name="empty_30">
<pin_list>
<pin id="1" dir="1" index="0" bw="1" slack="0"/>
</pin_list>
<bind>
<StgValue><ssdm name="empty_30"/></StgValue>
</bind>
</comp>

<comp id="2" class="1000" name="buffer_r">
<pin_list>
<pin id="3" dir="1" index="0" bw="1" slack="0"/>
</pin_list>
<bind>
<StgValue><ssdm name="buffer_r"/><MemPortTyVec>0 1 </MemPortTyVec>
</StgValue>
</bind>
</comp>

<comp id="4" class="1000" name="empty">
<pin_list>
<pin id="5" dir="1" index="0" bw="1" slack="0"/>
</pin_list>
<bind>
<StgValue><ssdm name="empty"/></StgValue>
</bind>
</comp>

<comp id="6" class="1000" name="buffer_1">
<pin_list>
<pin id="7" dir="1" index="0" bw="1" slack="0"/>
</pin_list>
<bind>
<StgValue><ssdm name="buffer_1"/><MemPortTyVec>0 1 </MemPortTyVec>
</StgValue>
</bind>
</comp>

<comp id="8" class="1000" name="buffer_2">
<pin_list>
<pin id="9" dir="1" index="0" bw="1" slack="0"/>
</pin_list>
<bind>
<StgValue><ssdm name="buffer_2"/><MemPortTyVec>0 1 </MemPortTyVec>
</StgValue>
</bind>
</comp>

<comp id="10" class="1000" name="buffer_3">
<pin_list>
<pin id="11" dir="1" index="0" bw="1" slack="0"/>
</pin_list>
<bind>
<StgValue><ssdm name="buffer_3"/><MemPortTyVec>0 1 </MemPortTyVec>
</StgValue>
</bind>
</comp>

<comp id="12" class="1001" name="const_12">
<pin_list>
<pin id="13" dir="1" index="0" bw="1" slack="0"/>
</pin_list>
<bind>
<StgValue><ssdm name=""/></StgValue>
</bind>
</comp>

<comp id="14" class="1001" name="const_14">
<pin_list>
<pin id="15" dir="1" index="0" bw="1" slack="0"/>
</pin_list>
<bind>
<StgValue><ssdm name="_ssdm_op_Read.ap_auto.i1"/></StgValue>
</bind>
</comp>

<comp id="16" class="1001" name="const_16">
<pin_list>
<pin id="17" dir="1" index="0" bw="1" slack="0"/>
</pin_list>
<bind>
<StgValue><ssdm name=""/></StgValue>
</bind>
</comp>

<comp id="18" class="1001" name="const_18">
<pin_list>
<pin id="19" dir="1" index="0" bw="1" slack="0"/>
</pin_list>
<bind>
<StgValue><ssdm name=""/></StgValue>
</bind>
</comp>

<comp id="20" class="1001" name="const_20">
<pin_list>
<pin id="21" dir="1" index="0" bw="1" slack="0"/>
</pin_list>
<bind>
<StgValue><ssdm name=""/></StgValue>
</bind>
</comp>

<comp id="22" class="1001" name="const_22">
<pin_list>
<pin id="23" dir="1" index="0" bw="1" slack="0"/>
</pin_list>
<bind>
<StgValue><ssdm name="_ssdm_op_PartSelect.i7.i9.i32.i32"/></StgValue>
</bind>
</comp>

<comp id="24" class="1001" name="const_24">
<pin_list>
<pin id="25" dir="1" index="0" bw="1" slack="0"/>
</pin_list>
<bind>
<StgValue><ssdm name=""/></StgValue>
</bind>
</comp>

<comp id="26" class="1001" name="const_26">
<pin_list>
<pin id="27" dir="1" index="0" bw="1" slack="0"/>
</pin_list>
<bind>
<StgValue><ssdm name="_ssdm_op_BitConcatenate.i15.i1.i7.i7"/></StgValue>
</bind>
</comp>

<comp id="28" class="1001" name="const_28">
<pin_list>
<pin id="29" dir="1" index="0" bw="1" slack="0"/>
</pin_list>
<bind>
<StgValue><ssdm name=""/></StgValue>
</bind>
</comp>

<comp id="30" class="1001" name="const_30">
<pin_list>
<pin id="31" dir="1" index="0" bw="1" slack="0"/>
</pin_list>
<bind>
<StgValue><ssdm name=""/></StgValue>
</bind>
</comp>

<comp id="32" class="1001" name="const_32">
<pin_list>
<pin id="33" dir="1" index="0" bw="1" slack="0"/>
</pin_list>
<bind>
<StgValue><ssdm name=""/></StgValue>
</bind>
</comp>

<comp id="34" class="1001" name="const_34">
<pin_list>
<pin id="35" dir="1" index="0" bw="1" slack="2147483647"/>
</pin_list>
<bind>
<StgValue><ssdm name="_ssdm_op_SpecPipeline"/></StgValue>
</bind>
</comp>

<comp id="36" class="1001" name="const_36">
<pin_list>
<pin id="37" dir="1" index="0" bw="1" slack="2147483647"/>
</pin_list>
<bind>
<StgValue><ssdm name=""/></StgValue>
</bind>
</comp>

<comp id="38" class="1001" name="const_38">
<pin_list>
<pin id="39" dir="1" index="0" bw="1" slack="2147483647"/>
</pin_list>
<bind>
<StgValue><ssdm name="empty_14"/></StgValue>
</bind>
</comp>

<comp id="40" class="1001" name="const_40">
<pin_list>
<pin id="41" dir="1" index="0" bw="1" slack="2147483647"/>
</pin_list>
<bind>
<StgValue><ssdm name="_ssdm_op_SpecLoopTripCount"/></StgValue>
</bind>
</comp>

<comp id="42" class="1001" name="const_42">
<pin_list>
<pin id="43" dir="1" index="0" bw="1" slack="2147483647"/>
</pin_list>
<bind>
<StgValue><ssdm name=""/></StgValue>
</bind>
</comp>

<comp id="44" class="1001" name="const_44">
<pin_list>
<pin id="45" dir="1" index="0" bw="1" slack="2147483647"/>
</pin_list>
<bind>
<StgValue><ssdm name="_ssdm_op_SpecLoopName"/></StgValue>
</bind>
</comp>

<comp id="46" class="1001" name="const_46">
<pin_list>
<pin id="47" dir="1" index="0" bw="1" slack="2147483647"/>
</pin_list>
<bind>
<StgValue><ssdm name="empty_0"/></StgValue>
</bind>
</comp>

<comp id="48" class="1004" name="i_fu_48">
<pin_list>
<pin id="49" dir="0" index="0" bw="1" slack="0"/>
<pin id="50" dir="1" index="1" bw="9" slack="0"/>
</pin_list>
<bind>
<opcode="alloca(26) " fcode="alloca"/>
<opset="i/1 "/>
</bind>
</comp>

<comp id="52" class="1004" name="tmp_read_fu_52">
<pin_list>
<pin id="53" dir="0" index="0" bw="1" slack="0"/>
<pin id="54" dir="0" index="1" bw="1" slack="0"/>
<pin id="55" dir="1" index="2" bw="1" slack="1"/>
</pin_list>
<bind>
<opcode="read(1150) " fcode="read"/>
<opset="tmp/1 "/>
</bind>
</comp>

<comp id="58" class="1004" name="tmp_18_read_fu_58">
<pin_list>
<pin id="59" dir="0" index="0" bw="1" slack="0"/>
<pin id="60" dir="0" index="1" bw="1" slack="0"/>
<pin id="61" dir="1" index="2" bw="1" slack="0"/>
</pin_list>
<bind>
<opcode="read(1150) " fcode="read"/>
<opset="tmp_18/1 "/>
</bind>
</comp>

<comp id="64" class="1004" name="buffer_addr_gep_fu_64">
<pin_list>
<pin id="65" dir="0" index="0" bw="24" slack="0"/>
<pin id="66" dir="0" index="1" bw="1" slack="0"/>
<pin id="67" dir="0" index="2" bw="15" slack="0"/>
<pin id="68" dir="1" index="3" bw="15" slack="0"/>
</pin_list>
<bind>
<opcode="getelementptr(29) " fcode="getelementptr"/>
<opset="buffer_addr/1 "/>
</bind>
</comp>

<comp id="71" class="1004" name="buffer_1_addr_gep_fu_71">
<pin_list>
<pin id="72" dir="0" index="0" bw="24" slack="0"/>
<pin id="73" dir="0" index="1" bw="1" slack="0"/>
<pin id="74" dir="0" index="2" bw="15" slack="0"/>
<pin id="75" dir="1" index="3" bw="15" slack="0"/>
</pin_list>
<bind>
<opcode="getelementptr(29) " fcode="getelementptr"/>
<opset="buffer_1_addr/1 "/>
</bind>
</comp>

<comp id="78" class="1004" name="buffer_2_addr_gep_fu_78">
<pin_list>
<pin id="79" dir="0" index="0" bw="24" slack="0"/>
<pin id="80" dir="0" index="1" bw="1" slack="0"/>
<pin id="81" dir="0" index="2" bw="15" slack="0"/>
<pin id="82" dir="1" index="3" bw="15" slack="0"/>
</pin_list>
<bind>
<opcode="getelementptr(29) " fcode="getelementptr"/>
<opset="buffer_2_addr/1 "/>
</bind>
</comp>

<comp id="85" class="1004" name="buffer_3_addr_gep_fu_85">
<pin_list>
<pin id="86" dir="0" index="0" bw="24" slack="0"/>
<pin id="87" dir="0" index="1" bw="1" slack="0"/>
<pin id="88" dir="0" index="2" bw="15" slack="0"/>
<pin id="89" dir="1" index="3" bw="15" slack="0"/>
</pin_list>
<bind>
<opcode="getelementptr(29) " fcode="getelementptr"/>
<opset="buffer_3_addr/1 "/>
</bind>
</comp>

<comp id="92" class="1004" name="grp_access_fu_92">
<pin_list>
<pin id="93" dir="0" index="0" bw="15" slack="0"/>
<pin id="94" dir="0" index="1" bw="24" slack="0"/>
<pin id="95" dir="0" index="2" bw="0" slack="0"/>
<pin id="97" dir="0" index="4" bw="15" slack="2147483647"/>
<pin id="98" dir="0" index="5" bw="24" slack="2147483647"/>
<pin id="99" dir="0" index="6" bw="0" slack="2147483647"/>
<pin id="96" dir="1" index="3" bw="24" slack="2147483647"/>
<pin id="100" dir="1" index="7" bw="24" slack="0"/>
</pin_list>
<bind>
<opcode="load(27) store(28) " fcode="store"/>
<opset="buffer_load/1 store_ln57/2 "/>
</bind>
</comp>

<comp id="102" class="1004" name="grp_access_fu_102">
<pin_list>
<pin id="103" dir="0" index="0" bw="15" slack="0"/>
<pin id="104" dir="0" index="1" bw="24" slack="0"/>
<pin id="105" dir="0" index="2" bw="0" slack="0"/>
<pin id="107" dir="0" index="4" bw="15" slack="2147483647"/>
<pin id="108" dir="0" index="5" bw="24" slack="2147483647"/>
<pin id="109" dir="0" index="6" bw="0" slack="2147483647"/>
<pin id="106" dir="1" index="3" bw="24" slack="2147483647"/>
<pin id="110" dir="1" index="7" bw="24" slack="0"/>
</pin_list>
<bind>
<opcode="load(27) store(28) " fcode="store"/>
<opset="buffer_2_load/1 store_ln57/2 "/>
</bind>
</comp>

<comp id="112" class="1004" name="grp_access_fu_112">
<pin_list>
<pin id="113" dir="0" index="0" bw="15" slack="0"/>
<pin id="114" dir="0" index="1" bw="24" slack="0"/>
<pin id="115" dir="0" index="2" bw="0" slack="0"/>
<pin id="117" dir="0" index="4" bw="15" slack="2147483647"/>
<pin id="118" dir="0" index="5" bw="24" slack="2147483647"/>
<pin id="119" dir="0" index="6" bw="0" slack="2147483647"/>
<pin id="116" dir="1" index="3" bw="24" slack="2147483647"/>
<pin id="120" dir="1" index="7" bw="24" slack="0"/>
</pin_list>
<bind>
<opcode="load(27) store(28) " fcode="store"/>
<opset="buffer_1_load/1 store_ln58/2 "/>
</bind>
</comp>

<comp id="122" class="1004" name="grp_access_fu_122">
<pin_list>
<pin id="123" dir="0" index="0" bw="15" slack="0"/>
<pin id="124" dir="0" index="1" bw="24" slack="0"/>
<pin id="125" dir="0" index="2" bw="0" slack="0"/>
<pin id="127" dir="0" index="4" bw="15" slack="2147483647"/>
<pin id="128" dir="0" index="5" bw="24" slack="2147483647"/>
<pin id="129" dir="0" index="6" bw="0" slack="2147483647"/>
<pin id="126" dir="1" index="3" bw="24" slack="2147483647"/>
<pin id="130" dir="1" index="7" bw="24" slack="0"/>
</pin_list>
<bind>
<opcode="load(27) store(28) " fcode="store"/>
<opset="buffer_3_load/1 store_ln58/2 "/>
</bind>
</comp>

<comp id="132" class="1004" name="buffer_addr_2_gep_fu_132">
<pin_list>
<pin id="133" dir="0" index="0" bw="24" slack="0"/>
<pin id="134" dir="0" index="1" bw="1" slack="0"/>
<pin id="135" dir="0" index="2" bw="15" slack="0"/>
<pin id="136" dir="1" index="3" bw="15" slack="0"/>
</pin_list>
<bind>
<opcode="getelementptr(29) " fcode="getelementptr"/>
<opset="buffer_addr_2/2 "/>
</bind>
</comp>

<comp id="139" class="1004" name="buffer_1_addr_2_gep_fu_139">
<pin_list>
<pin id="140" dir="0" index="0" bw="24" slack="0"/>
<pin id="141" dir="0" index="1" bw="1" slack="0"/>
<pin id="142" dir="0" index="2" bw="15" slack="0"/>
<pin id="143" dir="1" index="3" bw="15" slack="0"/>
</pin_list>
<bind>
<opcode="getelementptr(29) " fcode="getelementptr"/>
<opset="buffer_1_addr_2/2 "/>
</bind>
</comp>

<comp id="146" class="1004" name="buffer_2_addr_2_gep_fu_146">
<pin_list>
<pin id="147" dir="0" index="0" bw="24" slack="0"/>
<pin id="148" dir="0" index="1" bw="1" slack="0"/>
<pin id="149" dir="0" index="2" bw="15" slack="0"/>
<pin id="150" dir="1" index="3" bw="15" slack="0"/>
</pin_list>
<bind>
<opcode="getelementptr(29) " fcode="getelementptr"/>
<opset="buffer_2_addr_2/2 "/>
</bind>
</comp>

<comp id="153" class="1004" name="buffer_3_addr_2_gep_fu_153">
<pin_list>
<pin id="154" dir="0" index="0" bw="24" slack="0"/>
<pin id="155" dir="0" index="1" bw="1" slack="0"/>
<pin id="156" dir="0" index="2" bw="15" slack="0"/>
<pin id="157" dir="1" index="3" bw="15" slack="0"/>
</pin_list>
<bind>
<opcode="getelementptr(29) " fcode="getelementptr"/>
<opset="buffer_3_addr_2/2 "/>
</bind>
</comp>

<comp id="164" class="1004" name="store_ln55_store_fu_164">
<pin_list>
<pin id="165" dir="0" index="0" bw="1" slack="0"/>
<pin id="166" dir="0" index="1" bw="9" slack="0"/>
<pin id="167" dir="1" index="2" bw="0" slack="2147483647"/>
</pin_list>
<bind>
<opcode="store(28) " fcode="store"/>
<opset="store_ln55/1 "/>
</bind>
</comp>

<comp id="169" class="1004" name="i_2_load_fu_169">
<pin_list>
<pin id="170" dir="0" index="0" bw="9" slack="0"/>
<pin id="171" dir="1" index="1" bw="9" slack="0"/>
</pin_list>
<bind>
<opcode="load(27) " fcode="load"/>
<opset="i_2/1 "/>
</bind>
</comp>

<comp id="172" class="1004" name="icmp_ln55_fu_172">
<pin_list>
<pin id="173" dir="0" index="0" bw="9" slack="0"/>
<pin id="174" dir="0" index="1" bw="9" slack="0"/>
<pin id="175" dir="1" index="2" bw="1" slack="2147483647"/>
</pin_list>
<bind>
<opcode="icmp(45) " fcode="icmp"/>
<opset="icmp_ln55/1 "/>
</bind>
</comp>

<comp id="178" class="1004" name="add_ln55_fu_178">
<pin_list>
<pin id="179" dir="0" index="0" bw="9" slack="0"/>
<pin id="180" dir="0" index="1" bw="1" slack="0"/>
<pin id="181" dir="1" index="2" bw="9" slack="0"/>
</pin_list>
<bind>
<opcode="add(8) " fcode="add"/>
<opset="add_ln55/1 "/>
</bind>
</comp>

<comp id="184" class="1004" name="trunc_ln55_fu_184">
<pin_list>
<pin id="185" dir="0" index="0" bw="9" slack="0"/>
<pin id="186" dir="1" index="1" bw="1" slack="1"/>
</pin_list>
<bind>
<opcode="trunc(33) " fcode="trunc"/>
<opset="trunc_ln55/1 "/>
</bind>
</comp>

<comp id="188" class="1004" name="lshr_ln3_fu_188">
<pin_list>
<pin id="189" dir="0" index="0" bw="7" slack="0"/>
<pin id="190" dir="0" index="1" bw="9" slack="0"/>
<pin id="191" dir="0" index="2" bw="1" slack="0"/>
<pin id="192" dir="0" index="3" bw="4" slack="0"/>
<pin id="193" dir="1" index="4" bw="7" slack="0"/>
</pin_list>
<bind>
<opcode="partselect(1002) " fcode="partselect"/>
<opset="lshr_ln3/1 "/>
</bind>
</comp>

<comp id="198" class="1004" name="tmp_s_fu_198">
<pin_list>
<pin id="199" dir="0" index="0" bw="15" slack="0"/>
<pin id="200" dir="0" index="1" bw="1" slack="0"/>
<pin id="201" dir="0" index="2" bw="7" slack="0"/>
<pin id="202" dir="0" index="3" bw="1" slack="0"/>
<pin id="203" dir="1" index="4" bw="15" slack="0"/>
</pin_list>
<bind>
<opcode="bitconcatenate(1004) " fcode="bitconcatenate"/>
<opset="tmp_s/1 "/>
</bind>
</comp>

<comp id="208" class="1004" name="zext_ln57_fu_208">
<pin_list>
<pin id="209" dir="0" index="0" bw="15" slack="0"/>
<pin id="210" dir="1" index="1" bw="64" slack="0"/>
</pin_list>
<bind>
<opcode="zext(34) " fcode="zext"/>
<opset="zext_ln57/1 "/>
</bind>
</comp>

<comp id="214" class="1004" name="tmp_15_fu_214">
<pin_list>
<pin id="215" dir="0" index="0" bw="15" slack="0"/>
<pin id="216" dir="0" index="1" bw="1" slack="0"/>
<pin id="217" dir="0" index="2" bw="7" slack="0"/>
<pin id="218" dir="0" index="3" bw="1" slack="0"/>
<pin id="219" dir="1" index="4" bw="15" slack="0"/>
</pin_list>
<bind>
<opcode="bitconcatenate(1004) " fcode="bitconcatenate"/>
<opset="tmp_15/1 "/>
</bind>
</comp>

<comp id="224" class="1004" name="zext_ln58_fu_224">
<pin_list>
<pin id="225" dir="0" index="0" bw="15" slack="0"/>
<pin id="226" dir="1" index="1" bw="64" slack="0"/>
</pin_list>
<bind>
<opcode="zext(34) " fcode="zext"/>
<opset="zext_ln58/1 "/>
</bind>
</comp>

<comp id="230" class="1004" name="store_ln55_store_fu_230">
<pin_list>
<pin id="231" dir="0" index="0" bw="9" slack="0"/>
<pin id="232" dir="0" index="1" bw="9" slack="0"/>
<pin id="233" dir="1" index="2" bw="0" slack="2147483647"/>
</pin_list>
<bind>
<opcode="store(28) " fcode="store"/>
<opset="store_ln55/1 "/>
</bind>
</comp>

<comp id="235" class="1004" name="tmp_14_fu_235">
<pin_list>
<pin id="236" dir="0" index="0" bw="15" slack="0"/>
<pin id="237" dir="0" index="1" bw="1" slack="1"/>
<pin id="238" dir="0" index="2" bw="7" slack="1"/>
<pin id="239" dir="0" index="3" bw="1" slack="0"/>
<pin id="240" dir="1" index="4" bw="15" slack="0"/>
</pin_list>
<bind>
<opcode="bitconcatenate(1004) " fcode="bitconcatenate"/>
<opset="tmp_14/2 "/>
</bind>
</comp>

<comp id="243" class="1004" name="zext_ln57_1_fu_243">
<pin_list>
<pin id="244" dir="0" index="0" bw="15" slack="0"/>
<pin id="245" dir="1" index="1" bw="64" slack="0"/>
</pin_list>
<bind>
<opcode="zext(34) " fcode="zext"/>
<opset="zext_ln57_1/2 "/>
</bind>
</comp>

<comp id="249" class="1004" name="tmp_16_fu_249">
<pin_list>
<pin id="250" dir="0" index="0" bw="15" slack="0"/>
<pin id="251" dir="0" index="1" bw="1" slack="1"/>
<pin id="252" dir="0" index="2" bw="7" slack="1"/>
<pin id="253" dir="0" index="3" bw="1" slack="0"/>
<pin id="254" dir="1" index="4" bw="15" slack="0"/>
</pin_list>
<bind>
<opcode="bitconcatenate(1004) " fcode="bitconcatenate"/>
<opset="tmp_16/2 "/>
</bind>
</comp>

<comp id="257" class="1004" name="zext_ln58_1_fu_257">
<pin_list>
<pin id="258" dir="0" index="0" bw="15" slack="0"/>
<pin id="259" dir="1" index="1" bw="64" slack="0"/>
</pin_list>
<bind>
<opcode="zext(34) " fcode="zext"/>
<opset="zext_ln58_1/2 "/>
</bind>
</comp>

<comp id="263" class="1004" name="select_ln57_fu_263">
<pin_list>
<pin id="264" dir="0" index="0" bw="1" slack="1"/>
<pin id="265" dir="0" index="1" bw="24" slack="0"/>
<pin id="266" dir="0" index="2" bw="24" slack="0"/>
<pin id="267" dir="1" index="3" bw="24" slack="0"/>
</pin_list>
<bind>
<opcode="select(49) " fcode="select"/>
<opset="select_ln57/2 "/>
</bind>
</comp>

<comp id="272" class="1004" name="select_ln58_fu_272">
<pin_list>
<pin id="273" dir="0" index="0" bw="1" slack="1"/>
<pin id="274" dir="0" index="1" bw="24" slack="0"/>
<pin id="275" dir="0" index="2" bw="24" slack="0"/>
<pin id="276" dir="1" index="3" bw="24" slack="0"/>
</pin_list>
<bind>
<opcode="select(49) " fcode="select"/>
<opset="select_ln58/2 "/>
</bind>
</comp>

<comp id="281" class="1005" name="i_reg_281">
<pin_list>
<pin id="282" dir="0" index="0" bw="9" slack="0"/>
<pin id="283" dir="1" index="1" bw="9" slack="0"/>
</pin_list>
<bind>
<opset="i "/>
</bind>
</comp>

<comp id="288" class="1005" name="tmp_reg_288">
<pin_list>
<pin id="289" dir="0" index="0" bw="1" slack="1"/>
<pin id="290" dir="1" index="1" bw="1" slack="1"/>
</pin_list>
<bind>
<opset="tmp "/>
</bind>
</comp>

<comp id="297" class="1005" name="trunc_ln55_reg_297">
<pin_list>
<pin id="298" dir="0" index="0" bw="1" slack="1"/>
<pin id="299" dir="1" index="1" bw="1" slack="1"/>
</pin_list>
<bind>
<opset="trunc_ln55 "/>
</bind>
</comp>

<comp id="303" class="1005" name="lshr_ln3_reg_303">
<pin_list>
<pin id="304" dir="0" index="0" bw="7" slack="1"/>
<pin id="305" dir="1" index="1" bw="7" slack="1"/>
</pin_list>
<bind>
<opset="lshr_ln3 "/>
</bind>
</comp>

<comp id="309" class="1005" name="buffer_addr_reg_309">
<pin_list>
<pin id="310" dir="0" index="0" bw="15" slack="1"/>
<pin id="311" dir="1" index="1" bw="15" slack="1"/>
</pin_list>
<bind>
<opset="buffer_addr "/>
</bind>
</comp>

<comp id="314" class="1005" name="buffer_1_addr_reg_314">
<pin_list>
<pin id="315" dir="0" index="0" bw="15" slack="1"/>
<pin id="316" dir="1" index="1" bw="15" slack="1"/>
</pin_list>
<bind>
<opset="buffer_1_addr "/>
</bind>
</comp>

<comp id="319" class="1005" name="buffer_2_addr_reg_319">
<pin_list>
<pin id="320" dir="0" index="0" bw="15" slack="1"/>
<pin id="321" dir="1" index="1" bw="15" slack="1"/>
</pin_list>
<bind>
<opset="buffer_2_addr "/>
</bind>
</comp>

<comp id="324" class="1005" name="buffer_3_addr_reg_324">
<pin_list>
<pin id="325" dir="0" index="0" bw="15" slack="1"/>
<pin id="326" dir="1" index="1" bw="15" slack="1"/>
</pin_list>
<bind>
<opset="buffer_3_addr "/>
</bind>
</comp>

</comp_list>

<net_list>
<net id="51"><net_src comp="12" pin="0"/><net_sink comp="48" pin=0"/></net>

<net id="56"><net_src comp="14" pin="0"/><net_sink comp="52" pin=0"/></net>

<net id="57"><net_src comp="4" pin="0"/><net_sink comp="52" pin=1"/></net>

<net id="62"><net_src comp="14" pin="0"/><net_sink comp="58" pin=0"/></net>

<net id="63"><net_src comp="0" pin="0"/><net_sink comp="58" pin=1"/></net>

<net id="69"><net_src comp="2" pin="0"/><net_sink comp="64" pin=0"/></net>

<net id="70"><net_src comp="30" pin="0"/><net_sink comp="64" pin=1"/></net>

<net id="76"><net_src comp="6" pin="0"/><net_sink comp="71" pin=0"/></net>

<net id="77"><net_src comp="30" pin="0"/><net_sink comp="71" pin=1"/></net>

<net id="83"><net_src comp="8" pin="0"/><net_sink comp="78" pin=0"/></net>

<net id="84"><net_src comp="30" pin="0"/><net_sink comp="78" pin=1"/></net>

<net id="90"><net_src comp="10" pin="0"/><net_sink comp="85" pin=0"/></net>

<net id="91"><net_src comp="30" pin="0"/><net_sink comp="85" pin=1"/></net>

<net id="101"><net_src comp="64" pin="3"/><net_sink comp="92" pin=2"/></net>

<net id="111"><net_src comp="78" pin="3"/><net_sink comp="102" pin=2"/></net>

<net id="121"><net_src comp="71" pin="3"/><net_sink comp="112" pin=2"/></net>

<net id="131"><net_src comp="85" pin="3"/><net_sink comp="122" pin=2"/></net>

<net id="137"><net_src comp="2" pin="0"/><net_sink comp="132" pin=0"/></net>

<net id="138"><net_src comp="30" pin="0"/><net_sink comp="132" pin=1"/></net>

<net id="144"><net_src comp="6" pin="0"/><net_sink comp="139" pin=0"/></net>

<net id="145"><net_src comp="30" pin="0"/><net_sink comp="139" pin=1"/></net>

<net id="151"><net_src comp="8" pin="0"/><net_sink comp="146" pin=0"/></net>

<net id="152"><net_src comp="30" pin="0"/><net_sink comp="146" pin=1"/></net>

<net id="158"><net_src comp="10" pin="0"/><net_sink comp="153" pin=0"/></net>

<net id="159"><net_src comp="30" pin="0"/><net_sink comp="153" pin=1"/></net>

<net id="160"><net_src comp="132" pin="3"/><net_sink comp="92" pin=0"/></net>

<net id="161"><net_src comp="139" pin="3"/><net_sink comp="112" pin=0"/></net>

<net id="162"><net_src comp="146" pin="3"/><net_sink comp="102" pin=0"/></net>

<net id="163"><net_src comp="153" pin="3"/><net_sink comp="122" pin=0"/></net>

<net id="168"><net_src comp="16" pin="0"/><net_sink comp="164" pin=0"/></net>

<net id="176"><net_src comp="169" pin="1"/><net_sink comp="172" pin=0"/></net>

<net id="177"><net_src comp="18" pin="0"/><net_sink comp="172" pin=1"/></net>

<net id="182"><net_src comp="169" pin="1"/><net_sink comp="178" pin=0"/></net>

<net id="183"><net_src comp="20" pin="0"/><net_sink comp="178" pin=1"/></net>

<net id="187"><net_src comp="169" pin="1"/><net_sink comp="184" pin=0"/></net>

<net id="194"><net_src comp="22" pin="0"/><net_sink comp="188" pin=0"/></net>

<net id="195"><net_src comp="169" pin="1"/><net_sink comp="188" pin=1"/></net>

<net id="196"><net_src comp="12" pin="0"/><net_sink comp="188" pin=2"/></net>

<net id="197"><net_src comp="24" pin="0"/><net_sink comp="188" pin=3"/></net>

<net id="204"><net_src comp="26" pin="0"/><net_sink comp="198" pin=0"/></net>

<net id="205"><net_src comp="58" pin="2"/><net_sink comp="198" pin=1"/></net>

<net id="206"><net_src comp="188" pin="4"/><net_sink comp="198" pin=2"/></net>

<net id="207"><net_src comp="28" pin="0"/><net_sink comp="198" pin=3"/></net>

<net id="211"><net_src comp="198" pin="4"/><net_sink comp="208" pin=0"/></net>

<net id="212"><net_src comp="208" pin="1"/><net_sink comp="64" pin=2"/></net>

<net id="213"><net_src comp="208" pin="1"/><net_sink comp="78" pin=2"/></net>

<net id="220"><net_src comp="26" pin="0"/><net_sink comp="214" pin=0"/></net>

<net id="221"><net_src comp="58" pin="2"/><net_sink comp="214" pin=1"/></net>

<net id="222"><net_src comp="188" pin="4"/><net_sink comp="214" pin=2"/></net>

<net id="223"><net_src comp="32" pin="0"/><net_sink comp="214" pin=3"/></net>

<net id="227"><net_src comp="214" pin="4"/><net_sink comp="224" pin=0"/></net>

<net id="228"><net_src comp="224" pin="1"/><net_sink comp="71" pin=2"/></net>

<net id="229"><net_src comp="224" pin="1"/><net_sink comp="85" pin=2"/></net>

<net id="234"><net_src comp="178" pin="2"/><net_sink comp="230" pin=0"/></net>

<net id="241"><net_src comp="26" pin="0"/><net_sink comp="235" pin=0"/></net>

<net id="242"><net_src comp="28" pin="0"/><net_sink comp="235" pin=3"/></net>

<net id="246"><net_src comp="235" pin="4"/><net_sink comp="243" pin=0"/></net>

<net id="247"><net_src comp="243" pin="1"/><net_sink comp="132" pin=2"/></net>

<net id="248"><net_src comp="243" pin="1"/><net_sink comp="146" pin=2"/></net>

<net id="255"><net_src comp="26" pin="0"/><net_sink comp="249" pin=0"/></net>

<net id="256"><net_src comp="32" pin="0"/><net_sink comp="249" pin=3"/></net>

<net id="260"><net_src comp="249" pin="4"/><net_sink comp="257" pin=0"/></net>

<net id="261"><net_src comp="257" pin="1"/><net_sink comp="139" pin=2"/></net>

<net id="262"><net_src comp="257" pin="1"/><net_sink comp="153" pin=2"/></net>

<net id="268"><net_src comp="102" pin="7"/><net_sink comp="263" pin=1"/></net>

<net id="269"><net_src comp="92" pin="7"/><net_sink comp="263" pin=2"/></net>

<net id="270"><net_src comp="263" pin="3"/><net_sink comp="92" pin=1"/></net>

<net id="271"><net_src comp="263" pin="3"/><net_sink comp="102" pin=1"/></net>

<net id="277"><net_src comp="122" pin="7"/><net_sink comp="272" pin=1"/></net>

<net id="278"><net_src comp="112" pin="7"/><net_sink comp="272" pin=2"/></net>

<net id="279"><net_src comp="272" pin="3"/><net_sink comp="112" pin=1"/></net>

<net id="280"><net_src comp="272" pin="3"/><net_sink comp="122" pin=1"/></net>

<net id="284"><net_src comp="48" pin="1"/><net_sink comp="281" pin=0"/></net>

<net id="285"><net_src comp="281" pin="1"/><net_sink comp="164" pin=1"/></net>

<net id="286"><net_src comp="281" pin="1"/><net_sink comp="169" pin=0"/></net>

<net id="287"><net_src comp="281" pin="1"/><net_sink comp="230" pin=1"/></net>

<net id="291"><net_src comp="52" pin="2"/><net_sink comp="288" pin=0"/></net>

<net id="292"><net_src comp="288" pin="1"/><net_sink comp="235" pin=1"/></net>

<net id="293"><net_src comp="288" pin="1"/><net_sink comp="249" pin=1"/></net>

<net id="300"><net_src comp="184" pin="1"/><net_sink comp="297" pin=0"/></net>

<net id="301"><net_src comp="297" pin="1"/><net_sink comp="263" pin=0"/></net>

<net id="302"><net_src comp="297" pin="1"/><net_sink comp="272" pin=0"/></net>

<net id="306"><net_src comp="188" pin="4"/><net_sink comp="303" pin=0"/></net>

<net id="307"><net_src comp="303" pin="1"/><net_sink comp="235" pin=2"/></net>

<net id="308"><net_src comp="303" pin="1"/><net_sink comp="249" pin=2"/></net>

<net id="312"><net_src comp="64" pin="3"/><net_sink comp="309" pin=0"/></net>

<net id="313"><net_src comp="309" pin="1"/><net_sink comp="92" pin=2"/></net>

<net id="317"><net_src comp="71" pin="3"/><net_sink comp="314" pin=0"/></net>

<net id="318"><net_src comp="314" pin="1"/><net_sink comp="112" pin=2"/></net>

<net id="322"><net_src comp="78" pin="3"/><net_sink comp="319" pin=0"/></net>

<net id="323"><net_src comp="319" pin="1"/><net_sink comp="102" pin=2"/></net>

<net id="327"><net_src comp="85" pin="3"/><net_sink comp="324" pin=0"/></net>

<net id="328"><net_src comp="324" pin="1"/><net_sink comp="122" pin=2"/></net>

</net_list>

</model> 
---------------- Datapath Model END ------------------

* FSMD analyzer results:
  - Output states:
	Port: buffer_r | {2 }
	Port: buffer_1 | {2 }
	Port: buffer_2 | {2 }
	Port: buffer_3 | {2 }
 - Input state : 
	Port: compute_Pipeline_VITIS_LOOP_55_5 : empty_30 | {1 }
	Port: compute_Pipeline_VITIS_LOOP_55_5 : buffer_r | {1 2 }
	Port: compute_Pipeline_VITIS_LOOP_55_5 : empty | {1 }
	Port: compute_Pipeline_VITIS_LOOP_55_5 : buffer_1 | {1 2 }
	Port: compute_Pipeline_VITIS_LOOP_55_5 : buffer_2 | {1 2 }
	Port: compute_Pipeline_VITIS_LOOP_55_5 : buffer_3 | {1 2 }
  - Chain level:
	State 1
		store_ln55 : 1
		i_2 : 1
		icmp_ln55 : 2
		add_ln55 : 2
		br_ln55 : 3
		trunc_ln55 : 2
		lshr_ln3 : 2
		tmp_s : 3
		zext_ln57 : 4
		buffer_addr : 5
		tmp_15 : 3
		zext_ln58 : 4
		buffer_1_addr : 5
		buffer_2_addr : 5
		buffer_3_addr : 5
		buffer_load : 6
		buffer_2_load : 6
		buffer_1_load : 6
		buffer_3_load : 6
		br_ln57 : 3
		store_ln55 : 3
	State 2
		zext_ln57_1 : 1
		buffer_addr_2 : 2
		zext_ln58_1 : 1
		buffer_1_addr_2 : 2
		buffer_2_addr_2 : 2
		buffer_3_addr_2 : 2
		select_ln57 : 1
		select_ln58 : 1
		store_ln57 : 3
		store_ln58 : 3
		store_ln57 : 3
		store_ln58 : 3


============================================================
+ Verbose Summary: Datapath Resource usage 
============================================================

* Functional unit list:
|----------|--------------------|---------|---------|
| Operation|   Functional Unit  |    FF   |   LUT   |
|----------|--------------------|---------|---------|
|  select  | select_ln57_fu_263 |    0    |    24   |
|          | select_ln58_fu_272 |    0    |    24   |
|----------|--------------------|---------|---------|
|   icmp   |  icmp_ln55_fu_172  |    0    |    16   |
|----------|--------------------|---------|---------|
|    add   |   add_ln55_fu_178  |    0    |    16   |
|----------|--------------------|---------|---------|
|   read   |   tmp_read_fu_52   |    0    |    0    |
|          |  tmp_18_read_fu_58 |    0    |    0    |
|----------|--------------------|---------|---------|
|   trunc  |  trunc_ln55_fu_184 |    0    |    0    |
|----------|--------------------|---------|---------|
|partselect|   lshr_ln3_fu_188  |    0    |    0    |
|----------|--------------------|---------|---------|
|          |    tmp_s_fu_198    |    0    |    0    |
|bitconcatenate|    tmp_15_fu_214   |    0    |    0    |
|          |    tmp_14_fu_235   |    0    |    0    |
|          |    tmp_16_fu_249   |    0    |    0    |
|----------|--------------------|---------|---------|
|          |  zext_ln57_fu_208  |    0    |    0    |
|   zext   |  zext_ln58_fu_224  |    0    |    0    |
|          | zext_ln57_1_fu_243 |    0    |    0    |
|          | zext_ln58_1_fu_257 |    0    |    0    |
|----------|--------------------|---------|---------|
|   Total  |                    |    0    |    80   |
|----------|--------------------|---------|---------|

Memories:
N/A

* Register list:
+---------------------+--------+
|                     |   FF   |
+---------------------+--------+
|buffer_1_addr_reg_314|   15   |
|buffer_2_addr_reg_319|   15   |
|buffer_3_addr_reg_324|   15   |
| buffer_addr_reg_309 |   15   |
|      i_reg_281      |    9   |
|   lshr_ln3_reg_303  |    7   |
|     tmp_reg_288     |    1   |
|  trunc_ln55_reg_297 |    1   |
+---------------------+--------+
|        Total        |   78   |
+---------------------+--------+

* Multiplexer (MUX) list: 
|-------------------|------|------|------|--------||---------||---------||---------|
|        Comp       |  Pin | Size |  BW  | S x BW ||  Delay  ||    FF   ||   LUT   |
|-------------------|------|------|------|--------||---------||---------||---------|
|  grp_access_fu_92 |  p2  |   2  |   0  |    0   ||    0    ||    9    |
| grp_access_fu_102 |  p2  |   2  |   0  |    0   ||    0    ||    9    |
| grp_access_fu_112 |  p2  |   2  |   0  |    0   ||    0    ||    9    |
| grp_access_fu_122 |  p2  |   2  |   0  |    0   ||    0    ||    9    |
|-------------------|------|------|------|--------||---------||---------||---------|
|       Total       |      |      |      |    0   ||  1.956  ||    0    ||    36   |
|-------------------|------|------|------|--------||---------||---------||---------|



* Summary:
+-----------+--------+--------+--------+
|           |  Delay |   FF   |   LUT  |
+-----------+--------+--------+--------+
|  Function |    -   |    0   |   80   |
|   Memory  |    -   |    -   |    -   |
|Multiplexer|    1   |    0   |   36   |
|  Register |    -   |   78   |    -   |
+-----------+--------+--------+--------+
|   Total   |    1   |   78   |   116  |
+-----------+--------+--------+--------+
