

================================================================
== Vitis HLS Report for 'compute_Pipeline_VITIS_LOOP_62_6_VITIS_LOOP_63_7'
================================================================
* Date:           Fri Feb 20 12:00:27 2026

* Version:        2025.1.1 (Build 6214317 on Sep 11 2025)
* Project:        project_1
* Solution:       hls (Vivado IP Flow Target)
* Product family: zynquplus
* Target device:  xczu3eg-sbva484-1-e


================================================================
== Performance Estimates
================================================================
+ Timing: 
    * Summary: 
    +--------+----------+----------+------------+
    |  Clock |  Target  | Estimated| Uncertainty|
    +--------+----------+----------+------------+
    |ap_clk  |  10.00 ns|  6.855 ns|     2.70 ns|
    +--------+----------+----------+------------+

+ Latency: 
    * Summary: 
    +---------+---------+----------+----------+-------+-------+------------------------------------------------+
    |  Latency (cycles) |  Latency (absolute) |    Interval   |                    Pipeline                    |
    |   min   |   max   |    min   |    max   |  min  |  max  |                      Type                      |
    +---------+---------+----------+----------+-------+-------+------------------------------------------------+
    |    65540|    65540|  0.655 ms|  0.655 ms|  65537|  65537|  loop auto-rewind stp (delay=0 clock cycles(s))|
    +---------+---------+----------+----------+-------+-------+------------------------------------------------+

    + Detail: 
        * Instance: 
        N/A

        * Loop: 
        +-----------------------------------+---------+---------+----------+-----------+-----------+-------+----------+
        |                                   |  Latency (cycles) | Iteration|  Initiation Interval  |  Trip |          |
        |             Loop Name             |   min   |   max   |  Latency |  achieved |   target  | Count | Pipelined|
        +-----------------------------------+---------+---------+----------+-----------+-----------+-------+----------+
        |- VITIS_LOOP_62_6_VITIS_LOOP_63_7  |    65538|    65538|         4|          1|          1|  65536|       yes|
        +-----------------------------------+---------+---------+----------+-----------+-----------+-------+----------+

============================================================
+ Verbose Summary: Synthesis Manager
============================================================
InlineROM: 1
ExposeGlobal: 0
============================================================
+ Verbose Summary: CDFG Model
============================================================
IsTopModel: 0
ResetActiveHigh: 1
IsCombinational: 0
IsDatapathOnly: 0
HasWiredReturn: 1
HasMFsm: 2
HasVarLatency: 1
IsPipeline: 0
IsRtlPipelined: 0
IsInstanceOverlapped: 0
IsDontTouch: 0
HasImplIP: 0
IsGatedGlobalClock: 0

+ Individual pipeline summary: 
  * Pipeline-0: initiation interval (II) = 1, depth = 5


============================================================
+ Verbose Summary: Schedule
============================================================
* Number of FSM states : 5
* Pipeline : 1
  Pipeline-0 : II = 1, D = 5, States = { 1 2 3 4 5 }
* Dataflow Pipeline: 0

* FSM state transitions: 
1 --> 2 
2 --> 3 
3 --> 4 
4 --> 5 
5 --> 

* FSM state operations: 

State 1 <SV = 0> <Delay = 0.48>
ST_1 : Operation 7 [1/1] (0.00ns)   --->   "%j = alloca i32 1" [top.cpp:63]   --->   Operation 7 'alloca' 'j' <Predicate = true> <Delay = 0.00>
ST_1 : Operation 8 [1/1] (0.00ns)   --->   "%i = alloca i32 1" [top.cpp:62]   --->   Operation 8 'alloca' 'i' <Predicate = true> <Delay = 0.00>
ST_1 : Operation 9 [1/1] (0.00ns)   --->   "%indvar_flatten6 = alloca i32 1"   --->   Operation 9 'alloca' 'indvar_flatten6' <Predicate = true> <Delay = 0.00>
ST_1 : Operation 10 [1/1] (0.00ns)   --->   "%p_0_0_0117848 = alloca i32 1"   --->   Operation 10 'alloca' 'p_0_0_0117848' <Predicate = true> <Delay = 0.00>
ST_1 : Operation 11 [1/1] (0.00ns)   --->   "%p_0_0_01178_150 = alloca i32 1"   --->   Operation 11 'alloca' 'p_0_0_01178_150' <Predicate = true> <Delay = 0.00>
ST_1 : Operation 12 [1/1] (0.00ns)   --->   "%p_0_0_01178_252 = alloca i32 1"   --->   Operation 12 'alloca' 'p_0_0_01178_252' <Predicate = true> <Delay = 0.00>
ST_1 : Operation 13 [1/1] (0.00ns)   --->   "%tmp = read i1 @_ssdm_op_Read.ap_auto.i1, i1 %empty"   --->   Operation 13 'read' 'tmp' <Predicate = true> <Delay = 0.00>
ST_1 : Operation 14 [1/1] (0.00ns)   --->   "%zext_ln52_read = read i8 @_ssdm_op_Read.ap_auto.i8, i8 %zext_ln52"   --->   Operation 14 'read' 'zext_ln52_read' <Predicate = true> <Delay = 0.00>
ST_1 : Operation 15 [1/1] (0.00ns)   --->   "%tmp_18_read = read i1 @_ssdm_op_Read.ap_auto.i1, i1 %tmp_18"   --->   Operation 15 'read' 'tmp_18_read' <Predicate = true> <Delay = 0.00>
ST_1 : Operation 16 [1/1] (0.00ns)   --->   "%p_0_0_01173_lcssa_lcssa66_read = read i24 @_ssdm_op_Read.ap_auto.i24, i24 %p_0_0_01173_lcssa_lcssa66"   --->   Operation 16 'read' 'p_0_0_01173_lcssa_lcssa66_read' <Predicate = true> <Delay = 0.00>
ST_1 : Operation 17 [1/1] (0.00ns)   --->   "%p_0_0_01172_lcssa_lcssa68_read = read i24 @_ssdm_op_Read.ap_auto.i24, i24 %p_0_0_01172_lcssa_lcssa68"   --->   Operation 17 'read' 'p_0_0_01172_lcssa_lcssa68_read' <Predicate = true> <Delay = 0.00>
ST_1 : Operation 18 [1/1] (0.00ns)   --->   "%p_0_0_01171_lcssa_lcssa70_read = read i24 @_ssdm_op_Read.ap_auto.i24, i24 %p_0_0_01171_lcssa_lcssa70"   --->   Operation 18 'read' 'p_0_0_01171_lcssa_lcssa70_read' <Predicate = true> <Delay = 0.00>
ST_1 : Operation 19 [1/1] (0.00ns)   --->   "%line_buf_1 = alloca i64 1" [top.cpp:22]   --->   Operation 19 'alloca' 'line_buf_1' <Predicate = true> <Delay = 0.00> <CoreInst = "RAM">   --->   Core 82 'RAM' <Latency = 1> <II = 1> <Delay = 1.35> <Storage> <Opcode : 'load' 'store'> <Ports = 2> <Width = 24> <Depth = 256> <RAM>
ST_1 : Operation 20 [1/1] (0.00ns)   --->   "%line_buf = alloca i64 1" [top.cpp:22]   --->   Operation 20 'alloca' 'line_buf' <Predicate = true> <Delay = 0.00> <CoreInst = "RAM">   --->   Core 82 'RAM' <Latency = 1> <II = 1> <Delay = 1.35> <Storage> <Opcode : 'load' 'store'> <Ports = 2> <Width = 24> <Depth = 256> <RAM>
ST_1 : Operation 21 [1/1] (0.48ns)   --->   "%store_ln0 = store i24 %p_0_0_01171_lcssa_lcssa70_read, i24 %p_0_0_01178_252"   --->   Operation 21 'store' 'store_ln0' <Predicate = true> <Delay = 0.48>
ST_1 : Operation 22 [1/1] (0.48ns)   --->   "%store_ln0 = store i24 %p_0_0_01172_lcssa_lcssa68_read, i24 %p_0_0_01178_150"   --->   Operation 22 'store' 'store_ln0' <Predicate = true> <Delay = 0.48>
ST_1 : Operation 23 [1/1] (0.48ns)   --->   "%store_ln0 = store i24 %p_0_0_01173_lcssa_lcssa66_read, i24 %p_0_0_0117848"   --->   Operation 23 'store' 'store_ln0' <Predicate = true> <Delay = 0.48>
ST_1 : Operation 24 [1/1] (0.48ns)   --->   "%store_ln0 = store i17 0, i17 %indvar_flatten6"   --->   Operation 24 'store' 'store_ln0' <Predicate = true> <Delay = 0.48>
ST_1 : Operation 25 [1/1] (0.48ns)   --->   "%store_ln62 = store i9 0, i9 %i" [top.cpp:62]   --->   Operation 25 'store' 'store_ln62' <Predicate = true> <Delay = 0.48>
ST_1 : Operation 26 [1/1] (0.48ns)   --->   "%store_ln63 = store i9 0, i9 %j" [top.cpp:63]   --->   Operation 26 'store' 'store_ln63' <Predicate = true> <Delay = 0.48>
ST_1 : Operation 27 [1/1] (0.00ns)   --->   "%br_ln62 = br void %VITIS_LOOP_67_8" [top.cpp:62]   --->   Operation 27 'br' 'br_ln62' <Predicate = true> <Delay = 0.00>

State 2 <SV = 1> <Delay = 3.20>
ST_2 : Operation 28 [1/1] (0.00ns)   --->   "%indvar_flatten6_load = load i17 %indvar_flatten6" [top.cpp:62]   --->   Operation 28 'load' 'indvar_flatten6_load' <Predicate = true> <Delay = 0.00>
ST_2 : Operation 29 [1/1] (1.02ns)   --->   "%icmp_ln62 = icmp_eq  i17 %indvar_flatten6_load, i17 65536" [top.cpp:62]   --->   Operation 29 'icmp' 'icmp_ln62' <Predicate = true> <Delay = 1.02> <CoreInst = "Cmp">   --->   Core 9 'Cmp' <Latency = 0> <II = 1> <Delay = 1.02> <FuncUnit> <Opcode : 'seteq' 'setne' 'setle' 'setge' 'setlt' 'setgt'> <InPorts = 2> <OutPorts = 1>
ST_2 : Operation 30 [1/1] (1.02ns)   --->   "%add_ln62_1 = add i17 %indvar_flatten6_load, i17 1" [top.cpp:62]   --->   Operation 30 'add' 'add_ln62_1' <Predicate = true> <Delay = 1.02> <CoreInst = "Adder">   --->   Core 1 'Adder' <Latency = 0> <II = 1> <Delay = 1.02> <FuncUnit> <Opcode : 'add' 'sub'> <InPorts = 2> <OutPorts = 1>
ST_2 : Operation 31 [1/1] (0.00ns)   --->   "%br_ln62 = br i1 %icmp_ln62, void %for.inc180, void %for.inc183.exitStub" [top.cpp:62]   --->   Operation 31 'br' 'br_ln62' <Predicate = true> <Delay = 0.00>
ST_2 : Operation 32 [1/1] (0.00ns)   --->   "%j_load = load i9 %j" [top.cpp:63]   --->   Operation 32 'load' 'j_load' <Predicate = (!icmp_ln62)> <Delay = 0.00>
ST_2 : Operation 33 [1/1] (0.00ns)   --->   "%i_load = load i9 %i" [top.cpp:62]   --->   Operation 33 'load' 'i_load' <Predicate = (!icmp_ln62)> <Delay = 0.00>
ST_2 : Operation 34 [1/1] (0.92ns)   --->   "%add_ln62 = add i9 %i_load, i9 1" [top.cpp:62]   --->   Operation 34 'add' 'add_ln62' <Predicate = (!icmp_ln62)> <Delay = 0.92> <CoreInst = "Adder">   --->   Core 1 'Adder' <Latency = 0> <II = 1> <Delay = 0.92> <FuncUnit> <Opcode : 'add' 'sub'> <InPorts = 2> <OutPorts = 1>
ST_2 : Operation 35 [1/1] (0.92ns)   --->   "%icmp_ln63 = icmp_eq  i9 %j_load, i9 256" [top.cpp:63]   --->   Operation 35 'icmp' 'icmp_ln63' <Predicate = (!icmp_ln62)> <Delay = 0.92> <CoreInst = "Cmp">   --->   Core 9 'Cmp' <Latency = 0> <II = 1> <Delay = 0.92> <FuncUnit> <Opcode : 'seteq' 'setne' 'setle' 'setge' 'setlt' 'setgt'> <InPorts = 2> <OutPorts = 1>
ST_2 : Operation 36 [1/1] (0.45ns)   --->   "%select_ln62 = select i1 %icmp_ln63, i9 0, i9 %j_load" [top.cpp:62]   --->   Operation 36 'select' 'select_ln62' <Predicate = (!icmp_ln62)> <Delay = 0.45> <CoreInst = "Sel">   --->   Core 73 'Sel' <Latency = 0> <II = 1> <Delay = 0.45> <FuncUnit> <Opcode : 'select'> <InPorts = 3> <OutPorts = 1>
ST_2 : Operation 37 [1/1] (0.45ns)   --->   "%select_ln62_1 = select i1 %icmp_ln63, i9 %add_ln62, i9 %i_load" [top.cpp:62]   --->   Operation 37 'select' 'select_ln62_1' <Predicate = (!icmp_ln62)> <Delay = 0.45> <CoreInst = "Sel">   --->   Core 73 'Sel' <Latency = 0> <II = 1> <Delay = 0.45> <FuncUnit> <Opcode : 'select'> <InPorts = 3> <OutPorts = 1>
ST_2 : Operation 38 [1/1] (0.00ns)   --->   "%trunc_ln62 = trunc i9 %select_ln62_1" [top.cpp:62]   --->   Operation 38 'trunc' 'trunc_ln62' <Predicate = (!icmp_ln62)> <Delay = 0.00>
ST_2 : Operation 39 [1/1] (0.00ns)   --->   "%tmp_1 = partselect i8 @_ssdm_op_PartSelect.i8.i9.i32.i32, i9 %select_ln62_1, i32 1, i32 8" [top.cpp:62]   --->   Operation 39 'partselect' 'tmp_1' <Predicate = (!icmp_ln62)> <Delay = 0.00>
ST_2 : Operation 40 [1/1] (0.90ns)   --->   "%icmp = icmp_ne  i8 %tmp_1, i8 0" [top.cpp:62]   --->   Operation 40 'icmp' 'icmp' <Predicate = (!icmp_ln62)> <Delay = 0.90> <CoreInst = "Cmp">   --->   Core 9 'Cmp' <Latency = 0> <II = 1> <Delay = 0.90> <FuncUnit> <Opcode : 'seteq' 'setne' 'setle' 'setge' 'setlt' 'setgt'> <InPorts = 2> <OutPorts = 1>
ST_2 : Operation 41 [1/1] (0.92ns)   --->   "%empty_37 = add i9 %select_ln62_1, i9 511" [top.cpp:62]   --->   Operation 41 'add' 'empty_37' <Predicate = (!icmp_ln62)> <Delay = 0.92> <CoreInst = "Adder">   --->   Core 1 'Adder' <Latency = 0> <II = 1> <Delay = 0.92> <FuncUnit> <Opcode : 'add' 'sub'> <InPorts = 2> <OutPorts = 1>
ST_2 : Operation 42 [1/1] (0.00ns)   --->   "%lshr_ln4 = partselect i8 @_ssdm_op_PartSelect.i8.i9.i32.i32, i9 %empty_37, i32 1, i32 8" [top.cpp:63]   --->   Operation 42 'partselect' 'lshr_ln4' <Predicate = (!icmp_ln62)> <Delay = 0.00>
ST_2 : Operation 43 [1/1] (0.00ns)   --->   "%tmp_2 = bitselect i1 @_ssdm_op_BitSelect.i1.i9.i32, i9 %empty_37, i32 1" [top.cpp:62]   --->   Operation 43 'bitselect' 'tmp_2' <Predicate = (!icmp_ln62)> <Delay = 0.00>
ST_2 : Operation 44 [1/1] (0.33ns)   --->   "%xor_ln102_5 = xor i1 %tmp_18_read, i1 %tmp_2" [top.cpp:102]   --->   Operation 44 'xor' 'xor_ln102_5' <Predicate = (!icmp_ln62)> <Delay = 0.33> <CoreInst = "LogicGate">   --->   Core 74 'LogicGate' <Latency = 0> <II = 1> <Delay = 0.33> <FuncUnit> <Opcode : 'and' 'or' 'xor'> <InPorts = 2> <OutPorts = 1>
ST_2 : Operation 45 [1/1] (0.90ns)   --->   "%add_ln102_1 = add i8 %zext_ln52_read, i8 %lshr_ln4" [top.cpp:102]   --->   Operation 45 'add' 'add_ln102_1' <Predicate = (!icmp_ln62)> <Delay = 0.90> <CoreInst = "Adder">   --->   Core 1 'Adder' <Latency = 0> <II = 1> <Delay = 0.90> <FuncUnit> <Opcode : 'add' 'sub'> <InPorts = 2> <OutPorts = 1>
ST_2 : Operation 46 [1/1] (0.00ns)   --->   "%zext_ln63 = zext i9 %select_ln62" [top.cpp:63]   --->   Operation 46 'zext' 'zext_ln63' <Predicate = (!icmp_ln62)> <Delay = 0.00>
ST_2 : Operation 47 [1/1] (0.00ns)   --->   "%trunc_ln63 = trunc i9 %select_ln62" [top.cpp:63]   --->   Operation 47 'trunc' 'trunc_ln63' <Predicate = (!icmp_ln62)> <Delay = 0.00>
ST_2 : Operation 48 [1/1] (0.00ns)   --->   "%trunc_ln63_1 = trunc i9 %select_ln62" [top.cpp:63]   --->   Operation 48 'trunc' 'trunc_ln63_1' <Predicate = (!icmp_ln62)> <Delay = 0.00>
ST_2 : Operation 49 [1/1] (0.00ns)   --->   "%lshr_ln63_1 = partselect i7 @_ssdm_op_PartSelect.i7.i9.i32.i32, i9 %select_ln62, i32 1, i32 7" [top.cpp:63]   --->   Operation 49 'partselect' 'lshr_ln63_1' <Predicate = (!icmp_ln62)> <Delay = 0.00>
ST_2 : Operation 50 [1/1] (0.00ns)   --->   "%tmp_s = partselect i7 @_ssdm_op_PartSelect.i7.i9.i32.i32, i9 %select_ln62_1, i32 1, i32 7" [top.cpp:73]   --->   Operation 50 'partselect' 'tmp_s' <Predicate = (!icmp_ln62)> <Delay = 0.00>
ST_2 : Operation 51 [1/1] (0.00ns)   --->   "%tmp_3 = bitconcatenate i15 @_ssdm_op_BitConcatenate.i15.i1.i7.i7, i1 %tmp, i7 %tmp_s, i7 %lshr_ln63_1" [top.cpp:73]   --->   Operation 51 'bitconcatenate' 'tmp_3' <Predicate = (!icmp_ln62)> <Delay = 0.00>
ST_2 : Operation 52 [1/1] (0.00ns)   --->   "%zext_ln73 = zext i15 %tmp_3" [top.cpp:73]   --->   Operation 52 'zext' 'zext_ln73' <Predicate = (!icmp_ln62)> <Delay = 0.00>
ST_2 : Operation 53 [1/1] (0.00ns)   --->   "%buffer_addr = getelementptr i24 %buffer_r, i64 0, i64 %zext_ln73" [top.cpp:73]   --->   Operation 53 'getelementptr' 'buffer_addr' <Predicate = (!icmp_ln62)> <Delay = 0.00>
ST_2 : Operation 54 [1/1] (0.00ns)   --->   "%buffer_1_addr = getelementptr i24 %buffer_1, i64 0, i64 %zext_ln73" [top.cpp:73]   --->   Operation 54 'getelementptr' 'buffer_1_addr' <Predicate = (!icmp_ln62)> <Delay = 0.00>
ST_2 : Operation 55 [1/1] (0.00ns)   --->   "%buffer_2_addr = getelementptr i24 %buffer_2, i64 0, i64 %zext_ln73" [top.cpp:73]   --->   Operation 55 'getelementptr' 'buffer_2_addr' <Predicate = (!icmp_ln62)> <Delay = 0.00>
ST_2 : Operation 56 [1/1] (0.00ns)   --->   "%buffer_3_addr = getelementptr i24 %buffer_3, i64 0, i64 %zext_ln73" [top.cpp:73]   --->   Operation 56 'getelementptr' 'buffer_3_addr' <Predicate = (!icmp_ln62)> <Delay = 0.00>
ST_2 : Operation 57 [2/2] (1.35ns)   --->   "%buffer_load = load i15 %buffer_addr" [top.cpp:84]   --->   Operation 57 'load' 'buffer_load' <Predicate = (!icmp_ln62)> <Delay = 1.35> <CoreInst = "RAM">   --->   Core 82 'RAM' <Latency = 1> <II = 1> <Delay = 1.35> <Storage> <Opcode : 'load' 'store'> <Ports = 2> <Width = 24> <Depth = 32768> <RAM>
ST_2 : Operation 58 [2/2] (1.35ns)   --->   "%buffer_1_load = load i15 %buffer_1_addr" [top.cpp:84]   --->   Operation 58 'load' 'buffer_1_load' <Predicate = (!icmp_ln62)> <Delay = 1.35> <CoreInst = "RAM">   --->   Core 82 'RAM' <Latency = 1> <II = 1> <Delay = 1.35> <Storage> <Opcode : 'load' 'store'> <Ports = 2> <Width = 24> <Depth = 32768> <RAM>
ST_2 : Operation 59 [2/2] (1.35ns)   --->   "%buffer_2_load = load i15 %buffer_2_addr" [top.cpp:84]   --->   Operation 59 'load' 'buffer_2_load' <Predicate = (!icmp_ln62)> <Delay = 1.35> <CoreInst = "RAM">   --->   Core 82 'RAM' <Latency = 1> <II = 1> <Delay = 1.35> <Storage> <Opcode : 'load' 'store'> <Ports = 2> <Width = 24> <Depth = 32768> <RAM>
ST_2 : Operation 60 [2/2] (1.35ns)   --->   "%buffer_3_load = load i15 %buffer_3_addr" [top.cpp:84]   --->   Operation 60 'load' 'buffer_3_load' <Predicate = (!icmp_ln62)> <Delay = 1.35> <CoreInst = "RAM">   --->   Core 82 'RAM' <Latency = 1> <II = 1> <Delay = 1.35> <Storage> <Opcode : 'load' 'store'> <Ports = 2> <Width = 24> <Depth = 32768> <RAM>
ST_2 : Operation 61 [1/1] (0.00ns)   --->   "%line_buf_addr = getelementptr i24 %line_buf, i64 0, i64 %zext_ln63" [top.cpp:74]   --->   Operation 61 'getelementptr' 'line_buf_addr' <Predicate = (!icmp_ln62)> <Delay = 0.00>
ST_2 : Operation 62 [2/2] (1.35ns)   --->   "%line_buf_load = load i8 %line_buf_addr" [top.cpp:82]   --->   Operation 62 'load' 'line_buf_load' <Predicate = (!icmp_ln62)> <Delay = 1.35> <CoreInst = "RAM">   --->   Core 82 'RAM' <Latency = 1> <II = 1> <Delay = 1.35> <Storage> <Opcode : 'load' 'store'> <Ports = 2> <Width = 24> <Depth = 256> <RAM>
ST_2 : Operation 63 [1/1] (0.00ns)   --->   "%line_buf_1_addr = getelementptr i24 %line_buf_1, i64 0, i64 %zext_ln63" [top.cpp:75]   --->   Operation 63 'getelementptr' 'line_buf_1_addr' <Predicate = (!icmp_ln62)> <Delay = 0.00>
ST_2 : Operation 64 [2/2] (1.35ns)   --->   "%line_buf_1_load = load i8 %line_buf_1_addr" [top.cpp:83]   --->   Operation 64 'load' 'line_buf_1_load' <Predicate = (!icmp_ln62)> <Delay = 1.35> <CoreInst = "RAM">   --->   Core 82 'RAM' <Latency = 1> <II = 1> <Delay = 1.35> <Storage> <Opcode : 'load' 'store'> <Ports = 2> <Width = 24> <Depth = 256> <RAM>
ST_2 : Operation 65 [1/1] (0.00ns)   --->   "%tmp_4 = partselect i8 @_ssdm_op_PartSelect.i8.i9.i32.i32, i9 %select_ln62, i32 1, i32 8" [top.cpp:87]   --->   Operation 65 'partselect' 'tmp_4' <Predicate = (!icmp_ln62)> <Delay = 0.00>
ST_2 : Operation 66 [1/1] (0.90ns)   --->   "%icmp_ln87 = icmp_ne  i8 %tmp_4, i8 0" [top.cpp:87]   --->   Operation 66 'icmp' 'icmp_ln87' <Predicate = (!icmp_ln62)> <Delay = 0.90> <CoreInst = "Cmp">   --->   Core 9 'Cmp' <Latency = 0> <II = 1> <Delay = 0.90> <FuncUnit> <Opcode : 'seteq' 'setne' 'setle' 'setge' 'setlt' 'setgt'> <InPorts = 2> <OutPorts = 1>
ST_2 : Operation 67 [1/1] (0.33ns)   --->   "%and_ln87 = and i1 %icmp, i1 %icmp_ln87" [top.cpp:87]   --->   Operation 67 'and' 'and_ln87' <Predicate = (!icmp_ln62)> <Delay = 0.33> <CoreInst = "LogicGate">   --->   Core 74 'LogicGate' <Latency = 0> <II = 1> <Delay = 0.33> <FuncUnit> <Opcode : 'and' 'or' 'xor'> <InPorts = 2> <OutPorts = 1>
ST_2 : Operation 68 [1/1] (0.00ns)   --->   "%br_ln87 = br i1 %and_ln87, void %for.inc177, void %if.then" [top.cpp:87]   --->   Operation 68 'br' 'br_ln87' <Predicate = (!icmp_ln62)> <Delay = 0.00>
ST_2 : Operation 69 [1/1] (0.90ns)   --->   "%add_ln89 = add i8 %trunc_ln63, i8 255" [top.cpp:89]   --->   Operation 69 'add' 'add_ln89' <Predicate = (!icmp_ln62 & and_ln87)> <Delay = 0.90> <CoreInst = "Adder">   --->   Core 1 'Adder' <Latency = 0> <II = 1> <Delay = 0.90> <FuncUnit> <Opcode : 'add' 'sub'> <InPorts = 2> <OutPorts = 1>
ST_2 : Operation 70 [1/1] (0.00ns)   --->   "%lshr_ln5 = partselect i7 @_ssdm_op_PartSelect.i7.i8.i32.i32, i8 %add_ln89, i32 1, i32 7" [top.cpp:91]   --->   Operation 70 'partselect' 'lshr_ln5' <Predicate = (!icmp_ln62 & and_ln87)> <Delay = 0.00>
ST_2 : Operation 71 [1/1] (0.00ns)   --->   "%tmp_35_cast = partselect i7 @_ssdm_op_PartSelect.i7.i8.i32.i32, i8 %add_ln102_1, i32 1, i32 7" [top.cpp:102]   --->   Operation 71 'partselect' 'tmp_35_cast' <Predicate = (!icmp_ln62 & and_ln87)> <Delay = 0.00>
ST_2 : Operation 72 [1/1] (0.00ns)   --->   "%br_ln102 = br i1 %trunc_ln62, void %arrayidx17623.case.1, void %arrayidx17623.case.0" [top.cpp:102]   --->   Operation 72 'br' 'br_ln102' <Predicate = (!icmp_ln62 & and_ln87)> <Delay = 0.00>
ST_2 : Operation 73 [1/1] (0.00ns)   --->   "%br_ln102 = br i1 %trunc_ln63_1, void %arrayidx17623.case.137, void %arrayidx17623.case.036" [top.cpp:102]   --->   Operation 73 'br' 'br_ln102' <Predicate = (!icmp_ln62 & and_ln87 & !trunc_ln62)> <Delay = 0.00>
ST_2 : Operation 74 [1/1] (0.00ns)   --->   "%br_ln102 = br void %arrayidx17623.exit" [top.cpp:102]   --->   Operation 74 'br' 'br_ln102' <Predicate = (!icmp_ln62 & and_ln87 & !trunc_ln62)> <Delay = 0.00>
ST_2 : Operation 75 [1/1] (0.00ns)   --->   "%br_ln102 = br i1 %trunc_ln63_1, void %arrayidx17623.case.133, void %arrayidx17623.case.032" [top.cpp:102]   --->   Operation 75 'br' 'br_ln102' <Predicate = (!icmp_ln62 & and_ln87 & trunc_ln62)> <Delay = 0.00>
ST_2 : Operation 76 [1/1] (0.00ns)   --->   "%br_ln102 = br void %arrayidx17623.exit" [top.cpp:102]   --->   Operation 76 'br' 'br_ln102' <Predicate = (!icmp_ln62 & and_ln87 & trunc_ln62)> <Delay = 0.00>
ST_2 : Operation 77 [1/1] (0.00ns)   --->   "%br_ln103 = br void %for.inc177" [top.cpp:103]   --->   Operation 77 'br' 'br_ln103' <Predicate = (!icmp_ln62 & and_ln87)> <Delay = 0.00>
ST_2 : Operation 78 [1/1] (0.92ns)   --->   "%add_ln63 = add i9 %select_ln62, i9 1" [top.cpp:63]   --->   Operation 78 'add' 'add_ln63' <Predicate = (!icmp_ln62)> <Delay = 0.92> <CoreInst = "Adder">   --->   Core 1 'Adder' <Latency = 0> <II = 1> <Delay = 0.92> <FuncUnit> <Opcode : 'add' 'sub'> <InPorts = 2> <OutPorts = 1>
ST_2 : Operation 79 [1/1] (0.48ns)   --->   "%store_ln62 = store i17 %add_ln62_1, i17 %indvar_flatten6" [top.cpp:62]   --->   Operation 79 'store' 'store_ln62' <Predicate = (!icmp_ln62)> <Delay = 0.48>
ST_2 : Operation 80 [1/1] (0.48ns)   --->   "%store_ln62 = store i9 %select_ln62_1, i9 %i" [top.cpp:62]   --->   Operation 80 'store' 'store_ln62' <Predicate = (!icmp_ln62)> <Delay = 0.48>
ST_2 : Operation 81 [1/1] (0.48ns)   --->   "%store_ln63 = store i9 %add_ln63, i9 %j" [top.cpp:63]   --->   Operation 81 'store' 'store_ln63' <Predicate = (!icmp_ln62)> <Delay = 0.48>

State 3 <SV = 2> <Delay = 3.69>
ST_3 : Operation 82 [1/1] (0.00ns)   --->   "%p_0_0_0117848_load = load i24 %p_0_0_0117848"   --->   Operation 82 'load' 'p_0_0_0117848_load' <Predicate = true> <Delay = 0.00>
ST_3 : Operation 83 [1/1] (0.00ns)   --->   "%p_0_0_01178_150_load = load i24 %p_0_0_01178_150"   --->   Operation 83 'load' 'p_0_0_01178_150_load' <Predicate = true> <Delay = 0.00>
ST_3 : Operation 84 [1/1] (0.00ns)   --->   "%p_0_0_01178_252_load = load i24 %p_0_0_01178_252"   --->   Operation 84 'load' 'p_0_0_01178_252_load' <Predicate = true> <Delay = 0.00>
ST_3 : Operation 85 [1/1] (0.00ns)   --->   "%specloopname_ln0 = specloopname void @_ssdm_op_SpecLoopName, void @VITIS_LOOP_62_6_VITIS_LOOP_63_7_str"   --->   Operation 85 'specloopname' 'specloopname_ln0' <Predicate = (!icmp_ln62)> <Delay = 0.00>
ST_3 : Operation 86 [1/1] (0.00ns)   --->   "%speclooptripcount_ln0 = speclooptripcount void @_ssdm_op_SpecLoopTripCount, i64 65536, i64 65536, i64 65536"   --->   Operation 86 'speclooptripcount' 'speclooptripcount_ln0' <Predicate = (!icmp_ln62)> <Delay = 0.00>
ST_3 : Operation 87 [1/1] (0.00ns)   --->   "%specpipeline_ln64 = specpipeline void @_ssdm_op_SpecPipeline, i32 1, i32 0, i32 0, i32 0, void @empty_14" [top.cpp:64]   --->   Operation 87 'specpipeline' 'specpipeline_ln64' <Predicate = (!icmp_ln62)> <Delay = 0.00>
ST_3 : Operation 88 [1/2] ( I:1.35ns O:1.35ns )   --->   "%buffer_load = load i15 %buffer_addr" [top.cpp:84]   --->   Operation 88 'load' 'buffer_load' <Predicate = (!icmp_ln62)> <Delay = 1.35> <CoreInst = "RAM">   --->   Core 82 'RAM' <Latency = 1> <II = 1> <Delay = 1.35> <Storage> <Opcode : 'load' 'store'> <Ports = 2> <Width = 24> <Depth = 32768> <RAM>
ST_3 : Operation 89 [1/2] ( I:1.35ns O:1.35ns )   --->   "%buffer_1_load = load i15 %buffer_1_addr" [top.cpp:84]   --->   Operation 89 'load' 'buffer_1_load' <Predicate = (!icmp_ln62)> <Delay = 1.35> <CoreInst = "RAM">   --->   Core 82 'RAM' <Latency = 1> <II = 1> <Delay = 1.35> <Storage> <Opcode : 'load' 'store'> <Ports = 2> <Width = 24> <Depth = 32768> <RAM>
ST_3 : Operation 90 [1/1] (0.43ns)   --->   "%select_ln84 = select i1 %trunc_ln63_1, i24 %buffer_1_load, i24 %buffer_load" [top.cpp:84]   --->   Operation 90 'select' 'select_ln84' <Predicate = (!icmp_ln62 & !trunc_ln62)> <Delay = 0.43> <CoreInst = "Sel">   --->   Core 73 'Sel' <Latency = 0> <II = 1> <Delay = 0.43> <FuncUnit> <Opcode : 'select'> <InPorts = 3> <OutPorts = 1>
ST_3 : Operation 91 [1/2] ( I:1.35ns O:1.35ns )   --->   "%buffer_2_load = load i15 %buffer_2_addr" [top.cpp:84]   --->   Operation 91 'load' 'buffer_2_load' <Predicate = (!icmp_ln62)> <Delay = 1.35> <CoreInst = "RAM">   --->   Core 82 'RAM' <Latency = 1> <II = 1> <Delay = 1.35> <Storage> <Opcode : 'load' 'store'> <Ports = 2> <Width = 24> <Depth = 32768> <RAM>
ST_3 : Operation 92 [1/2] ( I:1.35ns O:1.35ns )   --->   "%buffer_3_load = load i15 %buffer_3_addr" [top.cpp:84]   --->   Operation 92 'load' 'buffer_3_load' <Predicate = (!icmp_ln62)> <Delay = 1.35> <CoreInst = "RAM">   --->   Core 82 'RAM' <Latency = 1> <II = 1> <Delay = 1.35> <Storage> <Opcode : 'load' 'store'> <Ports = 2> <Width = 24> <Depth = 32768> <RAM>
ST_3 : Operation 93 [1/1] (0.43ns)   --->   "%select_ln84_1 = select i1 %trunc_ln63_1, i24 %buffer_3_load, i24 %buffer_2_load" [top.cpp:84]   --->   Operation 93 'select' 'select_ln84_1' <Predicate = (!icmp_ln62 & trunc_ln62)> <Delay = 0.43> <CoreInst = "Sel">   --->   Core 73 'Sel' <Latency = 0> <II = 1> <Delay = 0.43> <FuncUnit> <Opcode : 'select'> <InPorts = 3> <OutPorts = 1>
ST_3 : Operation 94 [1/1] (0.43ns)   --->   "%select_ln84_2 = select i1 %trunc_ln62, i24 %select_ln84_1, i24 %select_ln84" [top.cpp:84]   --->   Operation 94 'select' 'select_ln84_2' <Predicate = (!icmp_ln62)> <Delay = 0.43> <CoreInst = "Sel">   --->   Core 73 'Sel' <Latency = 0> <II = 1> <Delay = 0.43> <FuncUnit> <Opcode : 'select'> <InPorts = 3> <OutPorts = 1>
ST_3 : Operation 95 [1/2] ( I:1.35ns O:1.35ns )   --->   "%line_buf_load = load i8 %line_buf_addr" [top.cpp:82]   --->   Operation 95 'load' 'line_buf_load' <Predicate = (!icmp_ln62)> <Delay = 1.35> <CoreInst = "RAM">   --->   Core 82 'RAM' <Latency = 1> <II = 1> <Delay = 1.35> <Storage> <Opcode : 'load' 'store'> <Ports = 2> <Width = 24> <Depth = 256> <RAM>
ST_3 : Operation 96 [1/2] ( I:1.35ns O:1.35ns )   --->   "%line_buf_1_load = load i8 %line_buf_1_addr" [top.cpp:83]   --->   Operation 96 'load' 'line_buf_1_load' <Predicate = (!icmp_ln62)> <Delay = 1.35> <CoreInst = "RAM">   --->   Core 82 'RAM' <Latency = 1> <II = 1> <Delay = 1.35> <Storage> <Opcode : 'load' 'store'> <Ports = 2> <Width = 24> <Depth = 256> <RAM>
ST_3 : Operation 97 [1/1] ( I:1.35ns O:1.35ns )   --->   "%store_ln78 = store i24 %line_buf_1_load, i8 %line_buf_addr" [top.cpp:78]   --->   Operation 97 'store' 'store_ln78' <Predicate = (!icmp_ln62)> <Delay = 1.35> <CoreInst = "RAM">   --->   Core 82 'RAM' <Latency = 1> <II = 1> <Delay = 1.35> <Storage> <Opcode : 'load' 'store'> <Ports = 2> <Width = 24> <Depth = 256> <RAM>
ST_3 : Operation 98 [1/1] ( I:1.35ns O:1.35ns )   --->   "%store_ln79 = store i24 %select_ln84_2, i8 %line_buf_1_addr" [top.cpp:79]   --->   Operation 98 'store' 'store_ln79' <Predicate = (!icmp_ln62)> <Delay = 1.35> <CoreInst = "RAM">   --->   Core 82 'RAM' <Latency = 1> <II = 1> <Delay = 1.35> <Storage> <Opcode : 'load' 'store'> <Ports = 2> <Width = 24> <Depth = 256> <RAM>
ST_3 : Operation 99 [1/1] (0.00ns)   --->   "%p_0_0_0117847_out_load = load i24 %p_0_0_0117847_out"   --->   Operation 99 'load' 'p_0_0_0117847_out_load' <Predicate = (!icmp_ln62 & and_ln87)> <Delay = 0.00>
ST_3 : Operation 100 [1/1] (0.00ns)   --->   "%p_0_0_01178_149_out_load = load i24 %p_0_0_01178_149_out"   --->   Operation 100 'load' 'p_0_0_01178_149_out_load' <Predicate = (!icmp_ln62 & and_ln87)> <Delay = 0.00>
ST_3 : Operation 101 [1/1] (0.00ns)   --->   "%p_0_0_01178_251_out_load = load i24 %p_0_0_01178_251_out"   --->   Operation 101 'load' 'p_0_0_01178_251_out_load' <Predicate = (!icmp_ln62 & and_ln87)> <Delay = 0.00>
ST_3 : Operation 102 [1/1] (0.00ns)   --->   "%p_0_0_01178_252_cast = sext i24 %p_0_0_01178_252_load"   --->   Operation 102 'sext' 'p_0_0_01178_252_cast' <Predicate = (!icmp_ln62 & and_ln87)> <Delay = 0.00>
ST_3 : Operation 103 [1/1] (0.00ns)   --->   "%p_0_0_01178_149_cast = sext i24 %p_0_0_01178_149_out_load"   --->   Operation 103 'sext' 'p_0_0_01178_149_cast' <Predicate = (!icmp_ln62 & and_ln87)> <Delay = 0.00>
ST_3 : Operation 104 [1/1] (0.00ns)   --->   "%p_0_0_0117848_cast = sext i24 %p_0_0_0117848_load"   --->   Operation 104 'sext' 'p_0_0_0117848_cast' <Predicate = (!icmp_ln62 & and_ln87)> <Delay = 0.00>
ST_3 : Operation 105 [1/1] (1.10ns)   --->   "%empty_38 = add i25 %p_0_0_01178_149_cast, i25 %p_0_0_01178_252_cast"   --->   Operation 105 'add' 'empty_38' <Predicate = (!icmp_ln62 & and_ln87)> <Delay = 1.10> <CoreInst = "Adder">   --->   Core 1 'Adder' <Latency = 0> <II = 1> <Delay = 1.10> <FuncUnit> <Opcode : 'add' 'sub'> <InPorts = 2> <OutPorts = 1>
ST_3 : Operation 106 [1/1] (0.00ns)   --->   "%sext_ln91 = sext i25 %empty_38" [top.cpp:91]   --->   Operation 106 'sext' 'sext_ln91' <Predicate = (!icmp_ln62 & and_ln87)> <Delay = 0.00>
ST_3 : Operation 107 [1/1] (1.12ns)   --->   "%add_ln91 = add i26 %sext_ln91, i26 %p_0_0_0117848_cast" [top.cpp:91]   --->   Operation 107 'add' 'add_ln91' <Predicate = (!icmp_ln62 & and_ln87)> <Delay = 1.12> <CoreInst = "Adder">   --->   Core 1 'Adder' <Latency = 0> <II = 1> <Delay = 1.12> <FuncUnit> <Opcode : 'add' 'sub'> <InPorts = 2> <OutPorts = 1>
ST_3 : Operation 108 [1/1] (0.00ns)   --->   "%tmp_6 = bitconcatenate i38 @_ssdm_op_BitConcatenate.i38.i26.i12, i26 %add_ln91, i12 0" [top.cpp:91]   --->   Operation 108 'bitconcatenate' 'tmp_6' <Predicate = (!icmp_ln62 & and_ln87)> <Delay = 0.00>
ST_3 : Operation 109 [1/1] (0.00ns)   --->   "%sext_ln92 = sext i38 %tmp_6" [top.cpp:92]   --->   Operation 109 'sext' 'sext_ln92' <Predicate = (!icmp_ln62 & and_ln87)> <Delay = 0.00>
ST_3 : Operation 110 [1/1] (0.00ns)   --->   "%shl_ln = bitconcatenate i36 @_ssdm_op_BitConcatenate.i36.i24.i12, i24 %line_buf_1_load, i12 0" [top.cpp:92]   --->   Operation 110 'bitconcatenate' 'shl_ln' <Predicate = (!icmp_ln62 & and_ln87)> <Delay = 0.00>
ST_3 : Operation 111 [1/1] (0.00ns)   --->   "%sext_ln92_1 = sext i36 %shl_ln" [top.cpp:92]   --->   Operation 111 'sext' 'sext_ln92_1' <Predicate = (!icmp_ln62 & and_ln87)> <Delay = 0.00>
ST_3 : Operation 112 [1/1] (1.22ns)   --->   "%sum_axis = add i39 %sext_ln92, i39 %sext_ln92_1" [top.cpp:92]   --->   Operation 112 'add' 'sum_axis' <Predicate = (!icmp_ln62 & and_ln87)> <Delay = 1.22> <CoreInst = "Adder">   --->   Core 1 'Adder' <Latency = 0> <II = 1> <Delay = 1.22> <FuncUnit> <Opcode : 'add' 'sub'> <InPorts = 2> <OutPorts = 1>
ST_3 : Operation 113 [1/1] (0.00ns)   --->   "%p_0_0_01178_251_cast = sext i24 %p_0_0_01178_251_out_load"   --->   Operation 113 'sext' 'p_0_0_01178_251_cast' <Predicate = (!icmp_ln62 & and_ln87)> <Delay = 0.00>
ST_3 : Operation 114 [1/1] (0.00ns)   --->   "%p_0_0_0117847_cast = sext i24 %p_0_0_0117847_out_load"   --->   Operation 114 'sext' 'p_0_0_0117847_cast' <Predicate = (!icmp_ln62 & and_ln87)> <Delay = 0.00>
ST_3 : Operation 115 [1/1] (0.00ns)   --->   "%line_buf_load_cast = sext i24 %line_buf_load" [top.cpp:82]   --->   Operation 115 'sext' 'line_buf_load_cast' <Predicate = (!icmp_ln62 & and_ln87)> <Delay = 0.00>
ST_3 : Operation 116 [1/1] (1.10ns)   --->   "%empty_39 = add i25 %p_0_0_0117847_cast, i25 %p_0_0_01178_251_cast"   --->   Operation 116 'add' 'empty_39' <Predicate = (!icmp_ln62 & and_ln87)> <Delay = 1.10> <CoreInst = "Adder">   --->   Core 1 'Adder' <Latency = 0> <II = 1> <Delay = 1.10> <FuncUnit> <Opcode : 'add' 'sub'> <InPorts = 2> <OutPorts = 1>
ST_3 : Operation 117 [1/1] (0.00ns)   --->   "%sext_ln94 = sext i25 %empty_39" [top.cpp:94]   --->   Operation 117 'sext' 'sext_ln94' <Predicate = (!icmp_ln62 & and_ln87)> <Delay = 0.00>
ST_3 : Operation 118 [1/1] (1.12ns)   --->   "%add_ln94 = add i26 %sext_ln94, i26 %line_buf_load_cast" [top.cpp:94]   --->   Operation 118 'add' 'add_ln94' <Predicate = (!icmp_ln62 & and_ln87)> <Delay = 1.12> <CoreInst = "Adder">   --->   Core 1 'Adder' <Latency = 0> <II = 1> <Delay = 1.12> <FuncUnit> <Opcode : 'add' 'sub'> <InPorts = 2> <OutPorts = 1>
ST_3 : Operation 119 [1/1] (0.00ns)   --->   "%tmp_7 = bitconcatenate i38 @_ssdm_op_BitConcatenate.i38.i26.i12, i26 %add_ln94, i12 0" [top.cpp:94]   --->   Operation 119 'bitconcatenate' 'tmp_7' <Predicate = (!icmp_ln62 & and_ln87)> <Delay = 0.00>
ST_3 : Operation 120 [1/1] (0.00ns)   --->   "%sext_ln95 = sext i38 %tmp_7" [top.cpp:95]   --->   Operation 120 'sext' 'sext_ln95' <Predicate = (!icmp_ln62 & and_ln87)> <Delay = 0.00>
ST_3 : Operation 121 [1/1] (0.00ns)   --->   "%shl_ln1 = bitconcatenate i36 @_ssdm_op_BitConcatenate.i36.i24.i12, i24 %select_ln84_2, i12 0" [top.cpp:95]   --->   Operation 121 'bitconcatenate' 'shl_ln1' <Predicate = (!icmp_ln62 & and_ln87)> <Delay = 0.00>
ST_3 : Operation 122 [1/1] (0.00ns)   --->   "%sext_ln95_1 = sext i36 %shl_ln1" [top.cpp:95]   --->   Operation 122 'sext' 'sext_ln95_1' <Predicate = (!icmp_ln62 & and_ln87)> <Delay = 0.00>
ST_3 : Operation 123 [1/1] (1.22ns)   --->   "%sum_diag = add i39 %sext_ln95, i39 %sext_ln95_1" [top.cpp:95]   --->   Operation 123 'add' 'sum_diag' <Predicate = (!icmp_ln62 & and_ln87)> <Delay = 1.22> <CoreInst = "Adder">   --->   Core 1 'Adder' <Latency = 0> <II = 1> <Delay = 1.22> <FuncUnit> <Opcode : 'add' 'sub'> <InPorts = 2> <OutPorts = 1>
ST_3 : Operation 124 [1/1] (0.48ns)   --->   "%store_ln84 = store i24 %select_ln84_2, i24 %p_0_0_01178_252" [top.cpp:84]   --->   Operation 124 'store' 'store_ln84' <Predicate = (!icmp_ln62)> <Delay = 0.48>
ST_3 : Operation 125 [1/1] (0.48ns)   --->   "%store_ln83 = store i24 %line_buf_1_load, i24 %p_0_0_01178_150" [top.cpp:83]   --->   Operation 125 'store' 'store_ln83' <Predicate = (!icmp_ln62)> <Delay = 0.48>
ST_3 : Operation 126 [1/1] (0.48ns)   --->   "%store_ln82 = store i24 %line_buf_load, i24 %p_0_0_0117848" [top.cpp:82]   --->   Operation 126 'store' 'store_ln82' <Predicate = (!icmp_ln62)> <Delay = 0.48>
ST_3 : Operation 127 [1/1] (0.00ns)   --->   "%store_ln0 = store i24 %p_0_0_01178_252_load, i24 %p_0_0_01178_251_out"   --->   Operation 127 'store' 'store_ln0' <Predicate = (!icmp_ln62)> <Delay = 0.00>
ST_3 : Operation 128 [1/1] (0.00ns)   --->   "%store_ln0 = store i24 %p_0_0_01178_150_load, i24 %p_0_0_01178_149_out"   --->   Operation 128 'store' 'store_ln0' <Predicate = (!icmp_ln62)> <Delay = 0.00>
ST_3 : Operation 129 [1/1] (0.00ns)   --->   "%store_ln0 = store i24 %p_0_0_0117848_load, i24 %p_0_0_0117847_out"   --->   Operation 129 'store' 'store_ln0' <Predicate = (!icmp_ln62)> <Delay = 0.00>
ST_3 : Operation 130 [1/1] (0.00ns)   --->   "%br_ln63 = br void %VITIS_LOOP_67_8" [top.cpp:63]   --->   Operation 130 'br' 'br_ln63' <Predicate = (!icmp_ln62)> <Delay = 0.00>

State 4 <SV = 3> <Delay = 6.85>
ST_4 : Operation 131 [1/1] (0.00ns)   --->   "%shl_ln2 = bitconcatenate i63 @_ssdm_op_BitConcatenate.i63.i24.i39, i24 %p_0_0_01178_150_load, i39 0" [top.cpp:99]   --->   Operation 131 'bitconcatenate' 'shl_ln2' <Predicate = (and_ln87)> <Delay = 0.00>
ST_4 : Operation 132 [1/1] (0.00ns)   --->   "%sext_ln99 = sext i39 %sum_axis" [top.cpp:99]   --->   Operation 132 'sext' 'sext_ln99' <Predicate = (and_ln87)> <Delay = 0.00>
ST_4 : Operation 133 [1/1] (3.92ns)   --->   "%mul_ln99 = mul i65 %sext_ln99, i65 26845184" [top.cpp:99]   --->   Operation 133 'mul' 'mul_ln99' <Predicate = (and_ln87)> <Delay = 3.92> <CoreInst = "Multiplier">   --->   Core 3 'Multiplier' <Latency = 0> <II = 1> <Delay = 3.92> <FuncUnit> <Opcode : 'mul'> <InPorts = 2> <OutPorts = 1>
ST_4 : Operation 134 [1/1] (0.00ns)   --->   "%sext_ln99_1 = sext i63 %shl_ln2" [top.cpp:99]   --->   Operation 134 'sext' 'sext_ln99_1' <Predicate = (and_ln87)> <Delay = 0.00>
ST_4 : Operation 135 [1/1] (0.00ns)   --->   "%sext_ln99_2 = sext i65 %mul_ln99" [top.cpp:99]   --->   Operation 135 'sext' 'sext_ln99_2' <Predicate = (and_ln87)> <Delay = 0.00>
ST_4 : Operation 136 [1/1] (0.00ns)   --->   "%sext_ln99_3 = sext i39 %sum_diag" [top.cpp:99]   --->   Operation 136 'sext' 'sext_ln99_3' <Predicate = (and_ln87)> <Delay = 0.00>
ST_4 : Operation 137 [1/1] (3.92ns)   --->   "%mul_ln99_1 = mul i63 %sext_ln99_3, i63 6709248" [top.cpp:99]   --->   Operation 137 'mul' 'mul_ln99_1' <Predicate = (and_ln87)> <Delay = 3.92> <CoreInst = "Multiplier">   --->   Core 3 'Multiplier' <Latency = 0> <II = 1> <Delay = 3.92> <FuncUnit> <Opcode : 'mul'> <InPorts = 2> <OutPorts = 1>
ST_4 : Operation 138 [1/1] (0.00ns)   --->   "%sext_ln99_4 = sext i63 %mul_ln99_1" [top.cpp:99]   --->   Operation 138 'sext' 'sext_ln99_4' <Predicate = (and_ln87)> <Delay = 0.00>
ST_4 : Operation 139 [1/1] (1.45ns)   --->   "%add_ln99 = add i64 %sext_ln99_1, i64 %sext_ln99_4" [top.cpp:99]   --->   Operation 139 'add' 'add_ln99' <Predicate = (and_ln87)> <Delay = 1.45> <CoreInst = "Adder">   --->   Core 1 'Adder' <Latency = 0> <II = 1> <Delay = 1.45> <FuncUnit> <Opcode : 'add' 'sub'> <InPorts = 2> <OutPorts = 1>
ST_4 : Operation 140 [1/1] (0.00ns)   --->   "%sext_ln99_5 = sext i64 %add_ln99" [top.cpp:99]   --->   Operation 140 'sext' 'sext_ln99_5' <Predicate = (and_ln87)> <Delay = 0.00>
ST_4 : Operation 141 [1/1] (1.47ns)   --->   "%add_ln99_1 = add i66 %sext_ln99_5, i66 %sext_ln99_2" [top.cpp:99]   --->   Operation 141 'add' 'add_ln99_1' <Predicate = (and_ln87)> <Delay = 1.47> <CoreInst = "Adder">   --->   Core 1 'Adder' <Latency = 0> <II = 1> <Delay = 1.47> <FuncUnit> <Opcode : 'add' 'sub'> <InPorts = 2> <OutPorts = 1>
ST_4 : Operation 142 [1/1] (0.00ns)   --->   "%tmp_8 = bitselect i1 @_ssdm_op_BitSelect.i1.i66.i32, i66 %add_ln99_1, i32 65" [top.cpp:99]   --->   Operation 142 'bitselect' 'tmp_8' <Predicate = (and_ln87)> <Delay = 0.00>
ST_4 : Operation 143 [1/1] (0.00ns)   --->   "%out = partselect i38 @_ssdm_op_PartSelect.i38.i66.i32.i32, i66 %add_ln99_1, i32 28, i32 65" [top.cpp:99]   --->   Operation 143 'partselect' 'out' <Predicate = (and_ln87)> <Delay = 0.00>
ST_4 : Operation 144 [1/1] (0.00ns)   --->   "%tmp_9 = bitselect i1 @_ssdm_op_BitSelect.i1.i66.i32, i66 %add_ln99_1, i32 27" [top.cpp:99]   --->   Operation 144 'bitselect' 'tmp_9' <Predicate = (and_ln87)> <Delay = 0.00>
ST_4 : Operation 202 [1/1] (0.00ns)   --->   "%store_ln0 = store i24 %p_0_0_01178_252_load, i24 %p_0_0_01178_252_out"   --->   Operation 202 'store' 'store_ln0' <Predicate = (icmp_ln62)> <Delay = 0.00>
ST_4 : Operation 203 [1/1] (0.00ns)   --->   "%store_ln0 = store i24 %p_0_0_01178_150_load, i24 %p_0_0_01178_150_out"   --->   Operation 203 'store' 'store_ln0' <Predicate = (icmp_ln62)> <Delay = 0.00>
ST_4 : Operation 204 [1/1] (0.00ns)   --->   "%store_ln0 = store i24 %p_0_0_0117848_load, i24 %p_0_0_0117848_out"   --->   Operation 204 'store' 'store_ln0' <Predicate = (icmp_ln62)> <Delay = 0.00>
ST_4 : Operation 205 [1/1] (0.48ns)   --->   "%ret_ln0 = ret"   --->   Operation 205 'ret' 'ret_ln0' <Predicate = (icmp_ln62)> <Delay = 0.48>

State 5 <SV = 4> <Delay = 5.48>
ST_5 : Operation 145 [1/1] (0.00ns)   --->   "%tmp_5 = bitconcatenate i15 @_ssdm_op_BitConcatenate.i15.i7.i1.i7, i7 %tmp_35_cast, i1 %xor_ln102_5, i7 %lshr_ln5" [top.cpp:102]   --->   Operation 145 'bitconcatenate' 'tmp_5' <Predicate = (and_ln87)> <Delay = 0.00>
ST_5 : Operation 146 [1/1] (0.00ns)   --->   "%zext_ln102_1 = zext i15 %tmp_5" [top.cpp:102]   --->   Operation 146 'zext' 'zext_ln102_1' <Predicate = (and_ln87)> <Delay = 0.00>
ST_5 : Operation 147 [1/1] (0.00ns)   --->   "%buffer_addr_1 = getelementptr i24 %buffer_r, i64 0, i64 %zext_ln102_1" [top.cpp:102]   --->   Operation 147 'getelementptr' 'buffer_addr_1' <Predicate = (and_ln87)> <Delay = 0.00>
ST_5 : Operation 148 [1/1] (0.00ns)   --->   "%buffer_1_addr_1 = getelementptr i24 %buffer_1, i64 0, i64 %zext_ln102_1" [top.cpp:102]   --->   Operation 148 'getelementptr' 'buffer_1_addr_1' <Predicate = (and_ln87)> <Delay = 0.00>
ST_5 : Operation 149 [1/1] (0.00ns)   --->   "%buffer_2_addr_1 = getelementptr i24 %buffer_2, i64 0, i64 %zext_ln102_1" [top.cpp:102]   --->   Operation 149 'getelementptr' 'buffer_2_addr_1' <Predicate = (and_ln87)> <Delay = 0.00>
ST_5 : Operation 150 [1/1] (0.00ns)   --->   "%buffer_3_addr_1 = getelementptr i24 %buffer_3, i64 0, i64 %zext_ln102_1" [top.cpp:102]   --->   Operation 150 'getelementptr' 'buffer_3_addr_1' <Predicate = (and_ln87)> <Delay = 0.00>
ST_5 : Operation 151 [1/1] (0.00ns)   --->   "%sext_ln99_6 = sext i38 %out" [top.cpp:99]   --->   Operation 151 'sext' 'sext_ln99_6' <Predicate = (and_ln87)> <Delay = 0.00>
ST_5 : Operation 152 [1/1] (0.00ns)   --->   "%zext_ln99 = zext i1 %tmp_9" [top.cpp:99]   --->   Operation 152 'zext' 'zext_ln99' <Predicate = (and_ln87)> <Delay = 0.00>
ST_5 : Operation 153 [1/1] (1.22ns)   --->   "%out_1 = add i39 %sext_ln99_6, i39 %zext_ln99" [top.cpp:99]   --->   Operation 153 'add' 'out_1' <Predicate = (and_ln87)> <Delay = 1.22> <CoreInst = "Adder">   --->   Core 1 'Adder' <Latency = 0> <II = 1> <Delay = 1.22> <FuncUnit> <Opcode : 'add' 'sub'> <InPorts = 2> <OutPorts = 1>
ST_5 : Operation 154 [1/1] (0.00ns) (grouped into LUT with out node out_2)   --->   "%sext_ln99_7 = sext i39 %out_1" [top.cpp:99]   --->   Operation 154 'sext' 'sext_ln99_7' <Predicate = (and_ln87)> <Delay = 0.00>
ST_5 : Operation 155 [1/1] (0.00ns)   --->   "%tmp_10 = bitselect i1 @_ssdm_op_BitSelect.i1.i39.i32, i39 %out_1, i32 38" [top.cpp:99]   --->   Operation 155 'bitselect' 'tmp_10' <Predicate = (and_ln87)> <Delay = 0.00>
ST_5 : Operation 156 [1/1] (0.33ns)   --->   "%xor_ln99 = xor i1 %tmp_8, i1 1" [top.cpp:99]   --->   Operation 156 'xor' 'xor_ln99' <Predicate = (and_ln87)> <Delay = 0.33> <CoreInst = "LogicGate">   --->   Core 74 'LogicGate' <Latency = 0> <II = 1> <Delay = 0.33> <FuncUnit> <Opcode : 'and' 'or' 'xor'> <InPorts = 2> <OutPorts = 1>
ST_5 : Operation 157 [1/1] (0.00ns) (grouped into LUT with out node out_2)   --->   "%or_ln99_1 = or i1 %tmp_10, i1 %xor_ln99" [top.cpp:99]   --->   Operation 157 'or' 'or_ln99_1' <Predicate = (and_ln87)> <Delay = 0.00> <CoreInst = "LogicGate">   --->   Core 74 'LogicGate' <Latency = 0> <II = 1> <Delay = 0.33> <FuncUnit> <Opcode : 'and' 'or' 'xor'> <InPorts = 2> <OutPorts = 1>
ST_5 : Operation 158 [1/1] (0.00ns) (grouped into LUT with out node out_2)   --->   "%xor_ln99_1 = xor i1 %tmp_8, i1 %or_ln99_1" [top.cpp:99]   --->   Operation 158 'xor' 'xor_ln99_1' <Predicate = (and_ln87)> <Delay = 0.00> <CoreInst = "LogicGate">   --->   Core 74 'LogicGate' <Latency = 0> <II = 1> <Delay = 0.33> <FuncUnit> <Opcode : 'and' 'or' 'xor'> <InPorts = 2> <OutPorts = 1>
ST_5 : Operation 159 [1/1] (0.00ns) (grouped into LUT with out node out_2)   --->   "%xor_ln99_2 = xor i1 %xor_ln99_1, i1 1" [top.cpp:99]   --->   Operation 159 'xor' 'xor_ln99_2' <Predicate = (and_ln87)> <Delay = 0.00> <CoreInst = "LogicGate">   --->   Core 74 'LogicGate' <Latency = 0> <II = 1> <Delay = 0.33> <FuncUnit> <Opcode : 'and' 'or' 'xor'> <InPorts = 2> <OutPorts = 1>
ST_5 : Operation 160 [1/1] (0.00ns) (grouped into LUT with out node out_2)   --->   "%or_ln99 = or i1 %tmp_10, i1 %xor_ln99_2" [top.cpp:99]   --->   Operation 160 'or' 'or_ln99' <Predicate = (and_ln87)> <Delay = 0.00> <CoreInst = "LogicGate">   --->   Core 74 'LogicGate' <Latency = 0> <II = 1> <Delay = 0.33> <FuncUnit> <Opcode : 'and' 'or' 'xor'> <InPorts = 2> <OutPorts = 1>
ST_5 : Operation 161 [1/1] (0.00ns) (grouped into LUT with out node out_2)   --->   "%and_ln99 = and i1 %or_ln99, i1 %xor_ln99" [top.cpp:99]   --->   Operation 161 'and' 'and_ln99' <Predicate = (and_ln87)> <Delay = 0.00> <CoreInst = "LogicGate">   --->   Core 74 'LogicGate' <Latency = 0> <II = 1> <Delay = 0.33> <FuncUnit> <Opcode : 'and' 'or' 'xor'> <InPorts = 2> <OutPorts = 1>
ST_5 : Operation 162 [1/1] (0.36ns) (out node of the LUT)   --->   "%out_2 = select i1 %and_ln99, i40 549755813887, i40 %sext_ln99_7" [top.cpp:99]   --->   Operation 162 'select' 'out_2' <Predicate = (and_ln87)> <Delay = 0.36> <CoreInst = "Sel">   --->   Core 73 'Sel' <Latency = 0> <II = 1> <Delay = 0.36> <FuncUnit> <Opcode : 'select'> <InPorts = 3> <OutPorts = 1>
ST_5 : Operation 163 [1/1] (0.00ns)   --->   "%tmp_11 = bitselect i1 @_ssdm_op_BitSelect.i1.i40.i32, i40 %out_2, i32 39" [top.cpp:102]   --->   Operation 163 'bitselect' 'tmp_11' <Predicate = (and_ln87)> <Delay = 0.00>
ST_5 : Operation 164 [1/1] (0.00ns)   --->   "%trunc_ln1 = partselect i24 @_ssdm_op_PartSelect.i24.i40.i32.i32, i40 %out_2, i32 12, i32 35" [top.cpp:102]   --->   Operation 164 'partselect' 'trunc_ln1' <Predicate = (and_ln87)> <Delay = 0.00>
ST_5 : Operation 165 [1/1] (0.00ns)   --->   "%tmp_14 = bitselect i1 @_ssdm_op_BitSelect.i1.i40.i32, i40 %out_2, i32 11" [top.cpp:102]   --->   Operation 165 'bitselect' 'tmp_14' <Predicate = (and_ln87)> <Delay = 0.00>
ST_5 : Operation 166 [1/1] (0.00ns) (grouped into LUT with out node and_ln102)   --->   "%tmp_15 = bitselect i1 @_ssdm_op_BitSelect.i1.i40.i32, i40 %out_2, i32 35" [top.cpp:102]   --->   Operation 166 'bitselect' 'tmp_15' <Predicate = (and_ln87)> <Delay = 0.00>
ST_5 : Operation 167 [1/1] (0.00ns)   --->   "%zext_ln102 = zext i1 %tmp_14" [top.cpp:102]   --->   Operation 167 'zext' 'zext_ln102' <Predicate = (and_ln87)> <Delay = 0.00>
ST_5 : Operation 168 [1/1] (1.10ns)   --->   "%add_ln102 = add i24 %trunc_ln1, i24 %zext_ln102" [top.cpp:102]   --->   Operation 168 'add' 'add_ln102' <Predicate = (and_ln87)> <Delay = 1.10> <CoreInst = "Adder">   --->   Core 1 'Adder' <Latency = 0> <II = 1> <Delay = 1.10> <FuncUnit> <Opcode : 'add' 'sub'> <InPorts = 2> <OutPorts = 1>
ST_5 : Operation 169 [1/1] (0.00ns)   --->   "%tmp_16 = bitselect i1 @_ssdm_op_BitSelect.i1.i24.i32, i24 %add_ln102, i32 23" [top.cpp:102]   --->   Operation 169 'bitselect' 'tmp_16' <Predicate = (and_ln87)> <Delay = 0.00>
ST_5 : Operation 170 [1/1] (0.00ns) (grouped into LUT with out node and_ln102)   --->   "%xor_ln102 = xor i1 %tmp_16, i1 1" [top.cpp:102]   --->   Operation 170 'xor' 'xor_ln102' <Predicate = (and_ln87)> <Delay = 0.00> <CoreInst = "LogicGate">   --->   Core 74 'LogicGate' <Latency = 0> <II = 1> <Delay = 0.33> <FuncUnit> <Opcode : 'and' 'or' 'xor'> <InPorts = 2> <OutPorts = 1>
ST_5 : Operation 171 [1/1] (0.33ns) (out node of the LUT)   --->   "%and_ln102 = and i1 %tmp_15, i1 %xor_ln102" [top.cpp:102]   --->   Operation 171 'and' 'and_ln102' <Predicate = (and_ln87)> <Delay = 0.33> <CoreInst = "LogicGate">   --->   Core 74 'LogicGate' <Latency = 0> <II = 1> <Delay = 0.33> <FuncUnit> <Opcode : 'and' 'or' 'xor'> <InPorts = 2> <OutPorts = 1>
ST_5 : Operation 172 [1/1] (0.00ns) (grouped into LUT with out node and_ln102_4)   --->   "%tmp_17 = bitselect i1 @_ssdm_op_BitSelect.i1.i40.i32, i40 %out_2, i32 36" [top.cpp:102]   --->   Operation 172 'bitselect' 'tmp_17' <Predicate = (and_ln87)> <Delay = 0.00>
ST_5 : Operation 173 [1/1] (0.00ns)   --->   "%tmp_12 = partselect i3 @_ssdm_op_PartSelect.i3.i40.i32, i40 %out_2, i32 37" [top.cpp:102]   --->   Operation 173 'partselect' 'tmp_12' <Predicate = (and_ln87)> <Delay = 0.00>
ST_5 : Operation 174 [1/1] (0.74ns)   --->   "%icmp_ln102 = icmp_eq  i3 %tmp_12, i3 7" [top.cpp:102]   --->   Operation 174 'icmp' 'icmp_ln102' <Predicate = (and_ln87)> <Delay = 0.74> <CoreInst = "Cmp">   --->   Core 9 'Cmp' <Latency = 0> <II = 1> <Delay = 0.74> <FuncUnit> <Opcode : 'seteq' 'setne' 'setle' 'setge' 'setlt' 'setgt'> <InPorts = 2> <OutPorts = 1>
ST_5 : Operation 175 [1/1] (0.00ns)   --->   "%tmp_13 = partselect i4 @_ssdm_op_PartSelect.i4.i40.i32, i40 %out_2, i32 36" [top.cpp:102]   --->   Operation 175 'partselect' 'tmp_13' <Predicate = (and_ln87)> <Delay = 0.00>
ST_5 : Operation 176 [1/1] (0.86ns)   --->   "%icmp_ln102_1 = icmp_eq  i4 %tmp_13, i4 15" [top.cpp:102]   --->   Operation 176 'icmp' 'icmp_ln102_1' <Predicate = (and_ln87)> <Delay = 0.86> <CoreInst = "Cmp">   --->   Core 9 'Cmp' <Latency = 0> <II = 1> <Delay = 0.86> <FuncUnit> <Opcode : 'seteq' 'setne' 'setle' 'setge' 'setlt' 'setgt'> <InPorts = 2> <OutPorts = 1>
ST_5 : Operation 177 [1/1] (0.86ns)   --->   "%icmp_ln102_2 = icmp_eq  i4 %tmp_13, i4 0" [top.cpp:102]   --->   Operation 177 'icmp' 'icmp_ln102_2' <Predicate = (and_ln87)> <Delay = 0.86> <CoreInst = "Cmp">   --->   Core 9 'Cmp' <Latency = 0> <II = 1> <Delay = 0.86> <FuncUnit> <Opcode : 'seteq' 'setne' 'setle' 'setge' 'setlt' 'setgt'> <InPorts = 2> <OutPorts = 1>
ST_5 : Operation 178 [1/1] (0.00ns) (grouped into LUT with out node and_ln102_3)   --->   "%select_ln102 = select i1 %and_ln102, i1 %icmp_ln102_1, i1 %icmp_ln102_2" [top.cpp:102]   --->   Operation 178 'select' 'select_ln102' <Predicate = (and_ln87)> <Delay = 0.00> <CoreInst = "Sel">   --->   Core 73 'Sel' <Latency = 0> <II = 1> <Delay = 0.26> <FuncUnit> <Opcode : 'select'> <InPorts = 3> <OutPorts = 1>
ST_5 : Operation 179 [1/1] (0.00ns) (grouped into LUT with out node and_ln102_4)   --->   "%xor_ln102_1 = xor i1 %tmp_17, i1 1" [top.cpp:102]   --->   Operation 179 'xor' 'xor_ln102_1' <Predicate = (and_ln87)> <Delay = 0.00> <CoreInst = "LogicGate">   --->   Core 74 'LogicGate' <Latency = 0> <II = 1> <Delay = 0.33> <FuncUnit> <Opcode : 'and' 'or' 'xor'> <InPorts = 2> <OutPorts = 1>
ST_5 : Operation 180 [1/1] (0.00ns) (grouped into LUT with out node and_ln102_4)   --->   "%and_ln102_1 = and i1 %icmp_ln102, i1 %xor_ln102_1" [top.cpp:102]   --->   Operation 180 'and' 'and_ln102_1' <Predicate = (and_ln87)> <Delay = 0.00> <CoreInst = "LogicGate">   --->   Core 74 'LogicGate' <Latency = 0> <II = 1> <Delay = 0.33> <FuncUnit> <Opcode : 'and' 'or' 'xor'> <InPorts = 2> <OutPorts = 1>
ST_5 : Operation 181 [1/1] (0.00ns) (grouped into LUT with out node and_ln102_4)   --->   "%select_ln102_1 = select i1 %and_ln102, i1 %and_ln102_1, i1 %icmp_ln102_1" [top.cpp:102]   --->   Operation 181 'select' 'select_ln102_1' <Predicate = (and_ln87)> <Delay = 0.00> <CoreInst = "Sel">   --->   Core 73 'Sel' <Latency = 0> <II = 1> <Delay = 0.26> <FuncUnit> <Opcode : 'select'> <InPorts = 3> <OutPorts = 1>
ST_5 : Operation 182 [1/1] (0.00ns) (grouped into LUT with out node or_ln102_1)   --->   "%and_ln102_2 = and i1 %and_ln102, i1 %icmp_ln102_1" [top.cpp:102]   --->   Operation 182 'and' 'and_ln102_2' <Predicate = (and_ln87)> <Delay = 0.00> <CoreInst = "LogicGate">   --->   Core 74 'LogicGate' <Latency = 0> <II = 1> <Delay = 0.33> <FuncUnit> <Opcode : 'and' 'or' 'xor'> <InPorts = 2> <OutPorts = 1>
ST_5 : Operation 183 [1/1] (0.00ns) (grouped into LUT with out node and_ln102_3)   --->   "%xor_ln102_2 = xor i1 %select_ln102, i1 1" [top.cpp:102]   --->   Operation 183 'xor' 'xor_ln102_2' <Predicate = (and_ln87)> <Delay = 0.00> <CoreInst = "LogicGate">   --->   Core 74 'LogicGate' <Latency = 0> <II = 1> <Delay = 0.33> <FuncUnit> <Opcode : 'and' 'or' 'xor'> <InPorts = 2> <OutPorts = 1>
ST_5 : Operation 184 [1/1] (0.00ns) (grouped into LUT with out node and_ln102_3)   --->   "%or_ln102 = or i1 %tmp_16, i1 %xor_ln102_2" [top.cpp:102]   --->   Operation 184 'or' 'or_ln102' <Predicate = (and_ln87)> <Delay = 0.00> <CoreInst = "LogicGate">   --->   Core 74 'LogicGate' <Latency = 0> <II = 1> <Delay = 0.33> <FuncUnit> <Opcode : 'and' 'or' 'xor'> <InPorts = 2> <OutPorts = 1>
ST_5 : Operation 185 [1/1] (0.00ns) (grouped into LUT with out node and_ln102_3)   --->   "%xor_ln102_3 = xor i1 %tmp_11, i1 1" [top.cpp:102]   --->   Operation 185 'xor' 'xor_ln102_3' <Predicate = (and_ln87)> <Delay = 0.00> <CoreInst = "LogicGate">   --->   Core 74 'LogicGate' <Latency = 0> <II = 1> <Delay = 0.33> <FuncUnit> <Opcode : 'and' 'or' 'xor'> <InPorts = 2> <OutPorts = 1>
ST_5 : Operation 186 [1/1] (0.33ns) (out node of the LUT)   --->   "%and_ln102_3 = and i1 %or_ln102, i1 %xor_ln102_3" [top.cpp:102]   --->   Operation 186 'and' 'and_ln102_3' <Predicate = (and_ln87)> <Delay = 0.33> <CoreInst = "LogicGate">   --->   Core 74 'LogicGate' <Latency = 0> <II = 1> <Delay = 0.33> <FuncUnit> <Opcode : 'and' 'or' 'xor'> <InPorts = 2> <OutPorts = 1>
ST_5 : Operation 187 [1/1] (0.33ns) (out node of the LUT)   --->   "%and_ln102_4 = and i1 %tmp_16, i1 %select_ln102_1" [top.cpp:102]   --->   Operation 187 'and' 'and_ln102_4' <Predicate = (and_ln87)> <Delay = 0.33> <CoreInst = "LogicGate">   --->   Core 74 'LogicGate' <Latency = 0> <II = 1> <Delay = 0.33> <FuncUnit> <Opcode : 'and' 'or' 'xor'> <InPorts = 2> <OutPorts = 1>
ST_5 : Operation 188 [1/1] (0.00ns) (grouped into LUT with out node or_ln102_1)   --->   "%or_ln102_2 = or i1 %and_ln102_2, i1 %and_ln102_4" [top.cpp:102]   --->   Operation 188 'or' 'or_ln102_2' <Predicate = (and_ln87)> <Delay = 0.00> <CoreInst = "LogicGate">   --->   Core 74 'LogicGate' <Latency = 0> <II = 1> <Delay = 0.33> <FuncUnit> <Opcode : 'and' 'or' 'xor'> <InPorts = 2> <OutPorts = 1>
ST_5 : Operation 189 [1/1] (0.00ns) (grouped into LUT with out node or_ln102_1)   --->   "%xor_ln102_4 = xor i1 %or_ln102_2, i1 1" [top.cpp:102]   --->   Operation 189 'xor' 'xor_ln102_4' <Predicate = (and_ln87)> <Delay = 0.00> <CoreInst = "LogicGate">   --->   Core 74 'LogicGate' <Latency = 0> <II = 1> <Delay = 0.33> <FuncUnit> <Opcode : 'and' 'or' 'xor'> <InPorts = 2> <OutPorts = 1>
ST_5 : Operation 190 [1/1] (0.00ns) (grouped into LUT with out node or_ln102_1)   --->   "%and_ln102_5 = and i1 %tmp_11, i1 %xor_ln102_4" [top.cpp:102]   --->   Operation 190 'and' 'and_ln102_5' <Predicate = (and_ln87)> <Delay = 0.00> <CoreInst = "LogicGate">   --->   Core 74 'LogicGate' <Latency = 0> <II = 1> <Delay = 0.33> <FuncUnit> <Opcode : 'and' 'or' 'xor'> <InPorts = 2> <OutPorts = 1>
ST_5 : Operation 191 [1/1] (0.00ns) (grouped into LUT with out node select_ln102_3)   --->   "%select_ln102_2 = select i1 %and_ln102_3, i24 8388607, i24 8388608" [top.cpp:102]   --->   Operation 191 'select' 'select_ln102_2' <Predicate = (and_ln87)> <Delay = 0.00> <CoreInst = "Sel">   --->   Core 73 'Sel' <Latency = 0> <II = 1> <Delay = 0.43> <FuncUnit> <Opcode : 'select'> <InPorts = 3> <OutPorts = 1>
ST_5 : Operation 192 [1/1] (0.33ns) (out node of the LUT)   --->   "%or_ln102_1 = or i1 %and_ln102_3, i1 %and_ln102_5" [top.cpp:102]   --->   Operation 192 'or' 'or_ln102_1' <Predicate = (and_ln87)> <Delay = 0.33> <CoreInst = "LogicGate">   --->   Core 74 'LogicGate' <Latency = 0> <II = 1> <Delay = 0.33> <FuncUnit> <Opcode : 'and' 'or' 'xor'> <InPorts = 2> <OutPorts = 1>
ST_5 : Operation 193 [1/1] (0.43ns) (out node of the LUT)   --->   "%select_ln102_3 = select i1 %or_ln102_1, i24 %select_ln102_2, i24 %add_ln102" [top.cpp:102]   --->   Operation 193 'select' 'select_ln102_3' <Predicate = (and_ln87)> <Delay = 0.43> <CoreInst = "Sel">   --->   Core 73 'Sel' <Latency = 0> <II = 1> <Delay = 0.43> <FuncUnit> <Opcode : 'select'> <InPorts = 3> <OutPorts = 1>
ST_5 : Operation 194 [1/1] ( I:1.35ns O:1.35ns )   --->   "%store_ln102 = store i24 %select_ln102_3, i15 %buffer_3_addr_1" [top.cpp:102]   --->   Operation 194 'store' 'store_ln102' <Predicate = (and_ln87 & !trunc_ln62 & !trunc_ln63_1)> <Delay = 1.35> <CoreInst = "RAM">   --->   Core 82 'RAM' <Latency = 1> <II = 1> <Delay = 1.35> <Storage> <Opcode : 'load' 'store'> <Ports = 2> <Width = 24> <Depth = 32768> <RAM>
ST_5 : Operation 195 [1/1] (0.00ns)   --->   "%br_ln102 = br void %arrayidx17623.exit35" [top.cpp:102]   --->   Operation 195 'br' 'br_ln102' <Predicate = (and_ln87 & !trunc_ln62 & !trunc_ln63_1)> <Delay = 0.00>
ST_5 : Operation 196 [1/1] ( I:1.35ns O:1.35ns )   --->   "%store_ln102 = store i24 %select_ln102_3, i15 %buffer_2_addr_1" [top.cpp:102]   --->   Operation 196 'store' 'store_ln102' <Predicate = (and_ln87 & !trunc_ln62 & trunc_ln63_1)> <Delay = 1.35> <CoreInst = "RAM">   --->   Core 82 'RAM' <Latency = 1> <II = 1> <Delay = 1.35> <Storage> <Opcode : 'load' 'store'> <Ports = 2> <Width = 24> <Depth = 32768> <RAM>
ST_5 : Operation 197 [1/1] (0.00ns)   --->   "%br_ln102 = br void %arrayidx17623.exit35" [top.cpp:102]   --->   Operation 197 'br' 'br_ln102' <Predicate = (and_ln87 & !trunc_ln62 & trunc_ln63_1)> <Delay = 0.00>
ST_5 : Operation 198 [1/1] ( I:1.35ns O:1.35ns )   --->   "%store_ln102 = store i24 %select_ln102_3, i15 %buffer_1_addr_1" [top.cpp:102]   --->   Operation 198 'store' 'store_ln102' <Predicate = (and_ln87 & trunc_ln62 & !trunc_ln63_1)> <Delay = 1.35> <CoreInst = "RAM">   --->   Core 82 'RAM' <Latency = 1> <II = 1> <Delay = 1.35> <Storage> <Opcode : 'load' 'store'> <Ports = 2> <Width = 24> <Depth = 32768> <RAM>
ST_5 : Operation 199 [1/1] (0.00ns)   --->   "%br_ln102 = br void %arrayidx17623.exit31" [top.cpp:102]   --->   Operation 199 'br' 'br_ln102' <Predicate = (and_ln87 & trunc_ln62 & !trunc_ln63_1)> <Delay = 0.00>
ST_5 : Operation 200 [1/1] ( I:1.35ns O:1.35ns )   --->   "%store_ln102 = store i24 %select_ln102_3, i15 %buffer_addr_1" [top.cpp:102]   --->   Operation 200 'store' 'store_ln102' <Predicate = (and_ln87 & trunc_ln62 & trunc_ln63_1)> <Delay = 1.35> <CoreInst = "RAM">   --->   Core 82 'RAM' <Latency = 1> <II = 1> <Delay = 1.35> <Storage> <Opcode : 'load' 'store'> <Ports = 2> <Width = 24> <Depth = 32768> <RAM>
ST_5 : Operation 201 [1/1] (0.00ns)   --->   "%br_ln102 = br void %arrayidx17623.exit31" [top.cpp:102]   --->   Operation 201 'br' 'br_ln102' <Predicate = (and_ln87 & trunc_ln62 & trunc_ln63_1)> <Delay = 0.00>


============================================================
+ Verbose Summary: Timing violations
============================================================
Target clock period: 10.000ns, clock uncertainty: 2.700ns.

 <State 1>: 0.489ns
The critical path consists of the following:
	'alloca' operation 24 bit ('p_0_0_01178_252') [22]  (0.000 ns)
	'store' operation 0 bit ('store_ln0') of variable 'p_0_0_01171_lcssa_lcssa70_read' on local variable 'p_0_0_01178_252' [31]  (0.489 ns)

 <State 2>: 3.206ns
The critical path consists of the following:
	'load' operation 9 bit ('j_load', top.cpp:63) on local variable 'j', top.cpp:63 [47]  (0.000 ns)
	'icmp' operation 1 bit ('icmp_ln63', top.cpp:63) [52]  (0.921 ns)
	'select' operation 9 bit ('select_ln62_1', top.cpp:62) [54]  (0.458 ns)
	'add' operation 9 bit ('empty_37', top.cpp:62) [58]  (0.921 ns)
	'add' operation 8 bit ('add_ln102_1', top.cpp:102) [62]  (0.907 ns)

 <State 3>: 3.700ns
The critical path consists of the following:
	'load' operation 24 bit ('line_buf_load', top.cpp:82) on array 'line_buf', top.cpp:22 [83]  (1.352 ns)
	'add' operation 26 bit ('add_ln94', top.cpp:94) [121]  (1.121 ns)
	'add' operation 39 bit ('sum_diag', top.cpp:95) [126]  (1.227 ns)

 <State 4>: 6.855ns
The critical path consists of the following:
	'mul' operation 63 bit ('mul_ln99_1', top.cpp:99) [133]  (3.925 ns)
	'add' operation 64 bit ('add_ln99', top.cpp:99) [135]  (1.456 ns)
	'add' operation 66 bit ('add_ln99_1', top.cpp:99) [137]  (1.474 ns)

 <State 5>: 5.480ns
The critical path consists of the following:
	'add' operation 39 bit ('out', top.cpp:99) [143]  (1.227 ns)
	'select' operation 40 bit ('out', top.cpp:99) [152]  (0.364 ns)
	'add' operation 24 bit ('add_ln102', top.cpp:102) [158]  (1.110 ns)
	'xor' operation 1 bit ('xor_ln102', top.cpp:102) [160]  (0.000 ns)
	'and' operation 1 bit ('and_ln102', top.cpp:102) [161]  (0.331 ns)
	'select' operation 1 bit ('select_ln102', top.cpp:102) [168]  (0.000 ns)
	'xor' operation 1 bit ('xor_ln102_2', top.cpp:102) [173]  (0.000 ns)
	'or' operation 1 bit ('or_ln102', top.cpp:102) [174]  (0.000 ns)
	'and' operation 1 bit ('and_ln102_3', top.cpp:102) [176]  (0.331 ns)
	'or' operation 1 bit ('or_ln102_1', top.cpp:102) [182]  (0.331 ns)
	'select' operation 24 bit ('select_ln102_3', top.cpp:102) [183]  (0.435 ns)
	'store' operation 0 bit ('store_ln102', top.cpp:102) of variable 'select_ln102_3', top.cpp:102 on array 'buffer_3' [188]  (1.352 ns)


============================================================
+ Verbose Summary: Binding
============================================================
N/A
* FSMD analyzer results:
  - Output states:
 - Input state : 
  - Chain level:
	State 1
	State 2
	State 3
	State 4
	State 5


============================================================
+ Verbose Summary: Datapath Resource usage 
============================================================
N/A
