

================================================================
== Vitis HLS Report for 'compute_Pipeline_VITIS_LOOP_114_9_VITIS_LOOP_115_10'
================================================================
* Date:           Fri Feb 20 12:00:27 2026

* Version:        2025.1.1 (Build 6214317 on Sep 11 2025)
* Project:        project_1
* Solution:       hls (Vivado IP Flow Target)
* Product family: zynquplus
* Target device:  xczu3eg-sbva484-1-e


================================================================
== Performance Estimates
================================================================
+ Timing: 
    * Summary: 
    +--------+----------+----------+------------+
    |  Clock |  Target  | Estimated| Uncertainty|
    +--------+----------+----------+------------+
    |ap_clk  |  10.00 ns|  4.389 ns|     2.70 ns|
    +--------+----------+----------+------------+

+ Latency: 
    * Summary: 
    +---------+---------+----------+----------+-------+-------+------------------------------------------------+
    |  Latency (cycles) |  Latency (absolute) |    Interval   |                    Pipeline                    |
    |   min   |   max   |    min   |    max   |  min  |  max  |                      Type                      |
    +---------+---------+----------+----------+-------+-------+------------------------------------------------+
    |    65538|    65538|  0.655 ms|  0.655 ms|  65537|  65537|  loop auto-rewind stp (delay=0 clock cycles(s))|
    +---------+---------+----------+----------+-------+-------+------------------------------------------------+

    + Detail: 
        * Instance: 
        N/A

        * Loop: 
        +--------------------------------------+---------+---------+----------+-----------+-----------+-------+----------+
        |                                      |  Latency (cycles) | Iteration|  Initiation Interval  |  Trip |          |
        |               Loop Name              |   min   |   max   |  Latency |  achieved |   target  | Count | Pipelined|
        +--------------------------------------+---------+---------+----------+-----------+-----------+-------+----------+
        |- VITIS_LOOP_114_9_VITIS_LOOP_115_10  |    65536|    65536|         2|          1|          1|  65536|       yes|
        +--------------------------------------+---------+---------+----------+-----------+-----------+-------+----------+

============================================================
+ Verbose Summary: Synthesis Manager
============================================================
InlineROM: 1
ExposeGlobal: 0
============================================================
+ Verbose Summary: CDFG Model
============================================================
IsTopModel: 0
ResetActiveHigh: 1
IsCombinational: 0
IsDatapathOnly: 0
HasWiredReturn: 1
HasMFsm: 2
HasVarLatency: 1
IsPipeline: 0
IsRtlPipelined: 0
IsInstanceOverlapped: 0
IsDontTouch: 0
HasImplIP: 0
IsGatedGlobalClock: 0

+ Individual pipeline summary: 
  * Pipeline-0: initiation interval (II) = 1, depth = 3


============================================================
+ Verbose Summary: Schedule
============================================================
* Number of FSM states : 3
* Pipeline : 1
  Pipeline-0 : II = 1, D = 3, States = { 1 2 3 }
* Dataflow Pipeline: 0

* FSM state transitions: 
1 --> 2 
2 --> 3 
3 --> 

* FSM state operations: 

State 1 <SV = 0> <Delay = 0.48>
ST_1 : Operation 5 [1/1] (0.00ns)   --->   "%j = alloca i32 1" [top.cpp:115]   --->   Operation 5 'alloca' 'j' <Predicate = true> <Delay = 0.00>
ST_1 : Operation 6 [1/1] (0.00ns)   --->   "%i_1 = alloca i32 1" [top.cpp:114]   --->   Operation 6 'alloca' 'i_1' <Predicate = true> <Delay = 0.00>
ST_1 : Operation 7 [1/1] (0.00ns)   --->   "%indvar_flatten13 = alloca i32 1"   --->   Operation 7 'alloca' 'indvar_flatten13' <Predicate = true> <Delay = 0.00>
ST_1 : Operation 8 [1/1] (0.00ns)   --->   "%specinterface_ln0 = specinterface void @_ssdm_op_SpecInterface, i24 %grid_final, void @empty_1, i32 0, i32 0, void @empty_14, i32 0, i32 0, void @empty_14, void @empty_14, void @empty_14, i32 0, i32 0, i32 0, i32 0, void @empty_14, void @empty_14, i32 4294967295, i32 0, i32 0"   --->   Operation 8 'specinterface' 'specinterface_ln0' <Predicate = true> <Delay = 0.00>
ST_1 : Operation 9 [1/1] (0.48ns)   --->   "%store_ln0 = store i17 0, i17 %indvar_flatten13"   --->   Operation 9 'store' 'store_ln0' <Predicate = true> <Delay = 0.48>
ST_1 : Operation 10 [1/1] (0.48ns)   --->   "%store_ln114 = store i9 0, i9 %i_1" [top.cpp:114]   --->   Operation 10 'store' 'store_ln114' <Predicate = true> <Delay = 0.48>
ST_1 : Operation 11 [1/1] (0.48ns)   --->   "%store_ln115 = store i9 0, i9 %j" [top.cpp:115]   --->   Operation 11 'store' 'store_ln115' <Predicate = true> <Delay = 0.48>
ST_1 : Operation 12 [1/1] (0.00ns)   --->   "%br_ln0 = br void %for.inc206"   --->   Operation 12 'br' 'br_ln0' <Predicate = true> <Delay = 0.00>

State 2 <SV = 1> <Delay = 2.78>
ST_2 : Operation 13 [1/1] (0.00ns)   --->   "%indvar_flatten13_load = load i17 %indvar_flatten13" [top.cpp:114]   --->   Operation 13 'load' 'indvar_flatten13_load' <Predicate = true> <Delay = 0.00>
ST_2 : Operation 14 [1/1] (1.02ns)   --->   "%icmp_ln114 = icmp_eq  i17 %indvar_flatten13_load, i17 65536" [top.cpp:114]   --->   Operation 14 'icmp' 'icmp_ln114' <Predicate = true> <Delay = 1.02> <CoreInst = "Cmp">   --->   Core 9 'Cmp' <Latency = 0> <II = 1> <Delay = 1.02> <FuncUnit> <Opcode : 'seteq' 'setne' 'setle' 'setge' 'setlt' 'setgt'> <InPorts = 2> <OutPorts = 1>
ST_2 : Operation 15 [1/1] (1.02ns)   --->   "%add_ln114_1 = add i17 %indvar_flatten13_load, i17 1" [top.cpp:114]   --->   Operation 15 'add' 'add_ln114_1' <Predicate = true> <Delay = 1.02> <CoreInst = "Adder">   --->   Core 1 'Adder' <Latency = 0> <II = 1> <Delay = 1.02> <FuncUnit> <Opcode : 'add' 'sub'> <InPorts = 2> <OutPorts = 1>
ST_2 : Operation 16 [1/1] (0.00ns)   --->   "%br_ln114 = br i1 %icmp_ln114, void %for.inc209, void %for.end211.exitStub" [top.cpp:114]   --->   Operation 16 'br' 'br_ln114' <Predicate = true> <Delay = 0.00>
ST_2 : Operation 17 [1/1] (0.00ns)   --->   "%j_load = load i9 %j" [top.cpp:115]   --->   Operation 17 'load' 'j_load' <Predicate = (!icmp_ln114)> <Delay = 0.00>
ST_2 : Operation 18 [1/1] (0.00ns)   --->   "%i_1_load = load i9 %i_1" [top.cpp:114]   --->   Operation 18 'load' 'i_1_load' <Predicate = (!icmp_ln114)> <Delay = 0.00>
ST_2 : Operation 19 [1/1] (0.92ns)   --->   "%add_ln114 = add i9 %i_1_load, i9 1" [top.cpp:114]   --->   Operation 19 'add' 'add_ln114' <Predicate = (!icmp_ln114)> <Delay = 0.92> <CoreInst = "Adder">   --->   Core 1 'Adder' <Latency = 0> <II = 1> <Delay = 0.92> <FuncUnit> <Opcode : 'add' 'sub'> <InPorts = 2> <OutPorts = 1>
ST_2 : Operation 20 [1/1] (0.92ns)   --->   "%icmp_ln115 = icmp_eq  i9 %j_load, i9 256" [top.cpp:115]   --->   Operation 20 'icmp' 'icmp_ln115' <Predicate = (!icmp_ln114)> <Delay = 0.92> <CoreInst = "Cmp">   --->   Core 9 'Cmp' <Latency = 0> <II = 1> <Delay = 0.92> <FuncUnit> <Opcode : 'seteq' 'setne' 'setle' 'setge' 'setlt' 'setgt'> <InPorts = 2> <OutPorts = 1>
ST_2 : Operation 21 [1/1] (0.45ns)   --->   "%select_ln114 = select i1 %icmp_ln115, i9 0, i9 %j_load" [top.cpp:114]   --->   Operation 21 'select' 'select_ln114' <Predicate = (!icmp_ln114)> <Delay = 0.45> <CoreInst = "Sel">   --->   Core 73 'Sel' <Latency = 0> <II = 1> <Delay = 0.45> <FuncUnit> <Opcode : 'select'> <InPorts = 3> <OutPorts = 1>
ST_2 : Operation 22 [1/1] (0.45ns)   --->   "%select_ln114_1 = select i1 %icmp_ln115, i9 %add_ln114, i9 %i_1_load" [top.cpp:114]   --->   Operation 22 'select' 'select_ln114_1' <Predicate = (!icmp_ln114)> <Delay = 0.45> <CoreInst = "Sel">   --->   Core 73 'Sel' <Latency = 0> <II = 1> <Delay = 0.45> <FuncUnit> <Opcode : 'select'> <InPorts = 3> <OutPorts = 1>
ST_2 : Operation 23 [1/1] (0.00ns)   --->   "%trunc_ln114 = trunc i9 %select_ln114_1" [top.cpp:114]   --->   Operation 23 'trunc' 'trunc_ln114' <Predicate = (!icmp_ln114)> <Delay = 0.00>
ST_2 : Operation 24 [1/1] (0.00ns)   --->   "%trunc_ln115 = trunc i9 %select_ln114" [top.cpp:115]   --->   Operation 24 'trunc' 'trunc_ln115' <Predicate = (!icmp_ln114)> <Delay = 0.00>
ST_2 : Operation 25 [1/1] (0.00ns)   --->   "%lshr_ln1 = partselect i7 @_ssdm_op_PartSelect.i7.i9.i32.i32, i9 %select_ln114, i32 1, i32 7" [top.cpp:115]   --->   Operation 25 'partselect' 'lshr_ln1' <Predicate = (!icmp_ln114)> <Delay = 0.00>
ST_2 : Operation 26 [1/1] (0.00ns)   --->   "%tmp_20 = partselect i7 @_ssdm_op_PartSelect.i7.i9.i32.i32, i9 %select_ln114_1, i32 1, i32 7" [top.cpp:117]   --->   Operation 26 'partselect' 'tmp_20' <Predicate = (!icmp_ln114)> <Delay = 0.00>
ST_2 : Operation 27 [1/1] (0.00ns)   --->   "%tmp_s = bitconcatenate i14 @_ssdm_op_BitConcatenate.i14.i7.i7, i7 %tmp_20, i7 %lshr_ln1" [top.cpp:117]   --->   Operation 27 'bitconcatenate' 'tmp_s' <Predicate = (!icmp_ln114)> <Delay = 0.00>
ST_2 : Operation 28 [1/1] (0.00ns)   --->   "%zext_ln117 = zext i14 %tmp_s" [top.cpp:117]   --->   Operation 28 'zext' 'zext_ln117' <Predicate = (!icmp_ln114)> <Delay = 0.00>
ST_2 : Operation 29 [1/1] (0.00ns)   --->   "%buffer_addr = getelementptr i24 %buffer_r, i64 0, i64 %zext_ln117" [top.cpp:117]   --->   Operation 29 'getelementptr' 'buffer_addr' <Predicate = (!icmp_ln114)> <Delay = 0.00>
ST_2 : Operation 30 [1/1] (0.00ns)   --->   "%buffer_1_addr = getelementptr i24 %buffer_1, i64 0, i64 %zext_ln117" [top.cpp:117]   --->   Operation 30 'getelementptr' 'buffer_1_addr' <Predicate = (!icmp_ln114)> <Delay = 0.00>
ST_2 : Operation 31 [1/1] (0.00ns)   --->   "%buffer_2_addr = getelementptr i24 %buffer_2, i64 0, i64 %zext_ln117" [top.cpp:117]   --->   Operation 31 'getelementptr' 'buffer_2_addr' <Predicate = (!icmp_ln114)> <Delay = 0.00>
ST_2 : Operation 32 [1/1] (0.00ns)   --->   "%buffer_3_addr = getelementptr i24 %buffer_3, i64 0, i64 %zext_ln117" [top.cpp:117]   --->   Operation 32 'getelementptr' 'buffer_3_addr' <Predicate = (!icmp_ln114)> <Delay = 0.00>
ST_2 : Operation 33 [2/2] (1.35ns)   --->   "%buffer_load = load i15 %buffer_addr" [top.cpp:117]   --->   Operation 33 'load' 'buffer_load' <Predicate = (!icmp_ln114)> <Delay = 1.35> <CoreInst = "RAM">   --->   Core 82 'RAM' <Latency = 1> <II = 1> <Delay = 1.35> <Storage> <Opcode : 'load' 'store'> <Ports = 2> <Width = 24> <Depth = 32768> <RAM>
ST_2 : Operation 34 [2/2] (1.35ns)   --->   "%buffer_1_load = load i15 %buffer_1_addr" [top.cpp:117]   --->   Operation 34 'load' 'buffer_1_load' <Predicate = (!icmp_ln114)> <Delay = 1.35> <CoreInst = "RAM">   --->   Core 82 'RAM' <Latency = 1> <II = 1> <Delay = 1.35> <Storage> <Opcode : 'load' 'store'> <Ports = 2> <Width = 24> <Depth = 32768> <RAM>
ST_2 : Operation 35 [2/2] (1.35ns)   --->   "%buffer_2_load = load i15 %buffer_2_addr" [top.cpp:117]   --->   Operation 35 'load' 'buffer_2_load' <Predicate = (!icmp_ln114)> <Delay = 1.35> <CoreInst = "RAM">   --->   Core 82 'RAM' <Latency = 1> <II = 1> <Delay = 1.35> <Storage> <Opcode : 'load' 'store'> <Ports = 2> <Width = 24> <Depth = 32768> <RAM>
ST_2 : Operation 36 [2/2] (1.35ns)   --->   "%buffer_3_load = load i15 %buffer_3_addr" [top.cpp:117]   --->   Operation 36 'load' 'buffer_3_load' <Predicate = (!icmp_ln114)> <Delay = 1.35> <CoreInst = "RAM">   --->   Core 82 'RAM' <Latency = 1> <II = 1> <Delay = 1.35> <Storage> <Opcode : 'load' 'store'> <Ports = 2> <Width = 24> <Depth = 32768> <RAM>
ST_2 : Operation 37 [1/1] (0.92ns)   --->   "%add_ln115 = add i9 %select_ln114, i9 1" [top.cpp:115]   --->   Operation 37 'add' 'add_ln115' <Predicate = (!icmp_ln114)> <Delay = 0.92> <CoreInst = "Adder">   --->   Core 1 'Adder' <Latency = 0> <II = 1> <Delay = 0.92> <FuncUnit> <Opcode : 'add' 'sub'> <InPorts = 2> <OutPorts = 1>
ST_2 : Operation 38 [1/1] (0.48ns)   --->   "%store_ln114 = store i17 %add_ln114_1, i17 %indvar_flatten13" [top.cpp:114]   --->   Operation 38 'store' 'store_ln114' <Predicate = (!icmp_ln114)> <Delay = 0.48>
ST_2 : Operation 39 [1/1] (0.48ns)   --->   "%store_ln114 = store i9 %select_ln114_1, i9 %i_1" [top.cpp:114]   --->   Operation 39 'store' 'store_ln114' <Predicate = (!icmp_ln114)> <Delay = 0.48>
ST_2 : Operation 40 [1/1] (0.48ns)   --->   "%store_ln115 = store i9 %add_ln115, i9 %j" [top.cpp:115]   --->   Operation 40 'store' 'store_ln115' <Predicate = (!icmp_ln114)> <Delay = 0.48>
ST_2 : Operation 53 [1/1] (0.48ns)   --->   "%ret_ln0 = ret"   --->   Operation 53 'ret' 'ret_ln0' <Predicate = (icmp_ln114)> <Delay = 0.48>

State 3 <SV = 2> <Delay = 4.38>
ST_3 : Operation 41 [1/1] (0.00ns)   --->   "%specloopname_ln0 = specloopname void @_ssdm_op_SpecLoopName, void @VITIS_LOOP_114_9_VITIS_LOOP_115_10_str"   --->   Operation 41 'specloopname' 'specloopname_ln0' <Predicate = true> <Delay = 0.00>
ST_3 : Operation 42 [1/1] (0.00ns)   --->   "%speclooptripcount_ln0 = speclooptripcount void @_ssdm_op_SpecLoopTripCount, i64 65536, i64 65536, i64 65536"   --->   Operation 42 'speclooptripcount' 'speclooptripcount_ln0' <Predicate = true> <Delay = 0.00>
ST_3 : Operation 43 [1/1] (0.00ns)   --->   "%specpipeline_ln116 = specpipeline void @_ssdm_op_SpecPipeline, i32 1, i32 0, i32 0, i32 0, void @empty_14" [top.cpp:116]   --->   Operation 43 'specpipeline' 'specpipeline_ln116' <Predicate = true> <Delay = 0.00>
ST_3 : Operation 44 [1/2] ( I:1.35ns O:1.35ns )   --->   "%buffer_load = load i15 %buffer_addr" [top.cpp:117]   --->   Operation 44 'load' 'buffer_load' <Predicate = true> <Delay = 1.35> <CoreInst = "RAM">   --->   Core 82 'RAM' <Latency = 1> <II = 1> <Delay = 1.35> <Storage> <Opcode : 'load' 'store'> <Ports = 2> <Width = 24> <Depth = 32768> <RAM>
ST_3 : Operation 45 [1/2] ( I:1.35ns O:1.35ns )   --->   "%buffer_1_load = load i15 %buffer_1_addr" [top.cpp:117]   --->   Operation 45 'load' 'buffer_1_load' <Predicate = true> <Delay = 1.35> <CoreInst = "RAM">   --->   Core 82 'RAM' <Latency = 1> <II = 1> <Delay = 1.35> <Storage> <Opcode : 'load' 'store'> <Ports = 2> <Width = 24> <Depth = 32768> <RAM>
ST_3 : Operation 46 [1/1] (0.43ns)   --->   "%select_ln117 = select i1 %trunc_ln115, i24 %buffer_1_load, i24 %buffer_load" [top.cpp:117]   --->   Operation 46 'select' 'select_ln117' <Predicate = (!trunc_ln114)> <Delay = 0.43> <CoreInst = "Sel">   --->   Core 73 'Sel' <Latency = 0> <II = 1> <Delay = 0.43> <FuncUnit> <Opcode : 'select'> <InPorts = 3> <OutPorts = 1>
ST_3 : Operation 47 [1/2] ( I:1.35ns O:1.35ns )   --->   "%buffer_2_load = load i15 %buffer_2_addr" [top.cpp:117]   --->   Operation 47 'load' 'buffer_2_load' <Predicate = true> <Delay = 1.35> <CoreInst = "RAM">   --->   Core 82 'RAM' <Latency = 1> <II = 1> <Delay = 1.35> <Storage> <Opcode : 'load' 'store'> <Ports = 2> <Width = 24> <Depth = 32768> <RAM>
ST_3 : Operation 48 [1/2] ( I:1.35ns O:1.35ns )   --->   "%buffer_3_load = load i15 %buffer_3_addr" [top.cpp:117]   --->   Operation 48 'load' 'buffer_3_load' <Predicate = true> <Delay = 1.35> <CoreInst = "RAM">   --->   Core 82 'RAM' <Latency = 1> <II = 1> <Delay = 1.35> <Storage> <Opcode : 'load' 'store'> <Ports = 2> <Width = 24> <Depth = 32768> <RAM>
ST_3 : Operation 49 [1/1] (0.43ns)   --->   "%select_ln117_1 = select i1 %trunc_ln115, i24 %buffer_3_load, i24 %buffer_2_load" [top.cpp:117]   --->   Operation 49 'select' 'select_ln117_1' <Predicate = (trunc_ln114)> <Delay = 0.43> <CoreInst = "Sel">   --->   Core 73 'Sel' <Latency = 0> <II = 1> <Delay = 0.43> <FuncUnit> <Opcode : 'select'> <InPorts = 3> <OutPorts = 1>
ST_3 : Operation 50 [1/1] (0.43ns)   --->   "%select_ln117_2 = select i1 %trunc_ln114, i24 %select_ln117_1, i24 %select_ln117" [top.cpp:117]   --->   Operation 50 'select' 'select_ln117_2' <Predicate = true> <Delay = 0.43> <CoreInst = "Sel">   --->   Core 73 'Sel' <Latency = 0> <II = 1> <Delay = 0.43> <FuncUnit> <Opcode : 'select'> <InPorts = 3> <OutPorts = 1>
ST_3 : Operation 51 [1/1] ( I:2.16ns O:2.16ns )   --->   "%write_ln117 = write void @_ssdm_op_Write.ap_fifo.volatile.i24P0A, i24 %grid_final, i24 %select_ln117_2" [top.cpp:117]   --->   Operation 51 'write' 'write_ln117' <Predicate = true> <Delay = 2.16> <CoreInst = "FIFO_SRL">   --->   Core 80 'FIFO_SRL' <Latency = 0> <II = 1> <Delay = 2.16> <Storage> <Opcode : 'read' 'write' 'nbread' 'nbwrite'> <Ports = 0> <Width = 24> <Depth = 2> <FIFO>
ST_3 : Operation 52 [1/1] (0.00ns)   --->   "%br_ln115 = br void %for.inc206" [top.cpp:115]   --->   Operation 52 'br' 'br_ln115' <Predicate = true> <Delay = 0.00>


============================================================
+ Verbose Summary: Binding
============================================================
STG Binding: 
---------------- STG Properties BEGIN ----------------
- Is combinational: 0
- Is one-state seq: 0
- Is datapath-only: 0
- Is pipelined: 0
- Is top level: 0
Port [ Return ] is wired: 1; IO mode=ap_ctrl_hs:ce=0
Port [ buffer_r]:  wired=1; compound=1; hidden=0; nouse=0; global=0; static=0; extern=0; dir=0; type=1; pingpong=0; private_global=0; MemPort=[13]; IO mode=ap_memory:ce=0
Port [ buffer_1]:  wired=1; compound=1; hidden=0; nouse=0; global=0; static=0; extern=0; dir=0; type=1; pingpong=0; private_global=0; MemPort=[13]; IO mode=ap_memory:ce=0
Port [ buffer_2]:  wired=1; compound=1; hidden=0; nouse=0; global=0; static=0; extern=0; dir=0; type=1; pingpong=0; private_global=0; MemPort=[13]; IO mode=ap_memory:ce=0
Port [ buffer_3]:  wired=1; compound=1; hidden=0; nouse=0; global=0; static=0; extern=0; dir=0; type=1; pingpong=0; private_global=0; MemPort=[13]; IO mode=ap_memory:ce=0
Port [ grid_final]:  wired=1; compound=1; hidden=0; nouse=0; global=0; static=0; extern=0; dir=1; type=3; pingpong=0; private_global=0; IO mode=ap_fifo:ce=0
---------------- STG Properties END ------------------

---------------- Datapath Model BEGIN ----------------

<LifeTime>
<method=bitvector/>
j                     (alloca           ) [ 0110]
i_1                   (alloca           ) [ 0110]
indvar_flatten13      (alloca           ) [ 0110]
specinterface_ln0     (specinterface    ) [ 0000]
store_ln0             (store            ) [ 0000]
store_ln114           (store            ) [ 0000]
store_ln115           (store            ) [ 0000]
br_ln0                (br               ) [ 0000]
indvar_flatten13_load (load             ) [ 0000]
icmp_ln114            (icmp             ) [ 0110]
add_ln114_1           (add              ) [ 0000]
br_ln114              (br               ) [ 0000]
j_load                (load             ) [ 0000]
i_1_load              (load             ) [ 0000]
add_ln114             (add              ) [ 0000]
icmp_ln115            (icmp             ) [ 0000]
select_ln114          (select           ) [ 0000]
select_ln114_1        (select           ) [ 0000]
trunc_ln114           (trunc            ) [ 0101]
trunc_ln115           (trunc            ) [ 0101]
lshr_ln1              (partselect       ) [ 0000]
tmp_20                (partselect       ) [ 0000]
tmp_s                 (bitconcatenate   ) [ 0000]
zext_ln117            (zext             ) [ 0000]
buffer_addr           (getelementptr    ) [ 0101]
buffer_1_addr         (getelementptr    ) [ 0101]
buffer_2_addr         (getelementptr    ) [ 0101]
buffer_3_addr         (getelementptr    ) [ 0101]
add_ln115             (add              ) [ 0000]
store_ln114           (store            ) [ 0000]
store_ln114           (store            ) [ 0000]
store_ln115           (store            ) [ 0000]
specloopname_ln0      (specloopname     ) [ 0000]
speclooptripcount_ln0 (speclooptripcount) [ 0000]
specpipeline_ln116    (specpipeline     ) [ 0000]
buffer_load           (load             ) [ 0000]
buffer_1_load         (load             ) [ 0000]
select_ln117          (select           ) [ 0000]
buffer_2_load         (load             ) [ 0000]
buffer_3_load         (load             ) [ 0000]
select_ln117_1        (select           ) [ 0000]
select_ln117_2        (select           ) [ 0000]
write_ln117           (write            ) [ 0000]
br_ln115              (br               ) [ 0000]
ret_ln0               (ret              ) [ 0000]
</LifeTime>

<model>

<comp_list>
<comp id="0" class="1000" name="buffer_r">
<pin_list>
<pin id="1" dir="1" index="0" bw="1" slack="0"/>
</pin_list>
<bind>
<StgValue><ssdm name="buffer_r"/><MemPortTyVec>1 3 </MemPortTyVec>
</StgValue>
</bind>
</comp>

<comp id="2" class="1000" name="buffer_1">
<pin_list>
<pin id="3" dir="1" index="0" bw="1" slack="0"/>
</pin_list>
<bind>
<StgValue><ssdm name="buffer_1"/><MemPortTyVec>1 3 </MemPortTyVec>
</StgValue>
</bind>
</comp>

<comp id="4" class="1000" name="buffer_2">
<pin_list>
<pin id="5" dir="1" index="0" bw="1" slack="0"/>
</pin_list>
<bind>
<StgValue><ssdm name="buffer_2"/><MemPortTyVec>1 3 </MemPortTyVec>
</StgValue>
</bind>
</comp>

<comp id="6" class="1000" name="buffer_3">
<pin_list>
<pin id="7" dir="1" index="0" bw="1" slack="0"/>
</pin_list>
<bind>
<StgValue><ssdm name="buffer_3"/><MemPortTyVec>1 3 </MemPortTyVec>
</StgValue>
</bind>
</comp>

<comp id="8" class="1000" name="grid_final">
<pin_list>
<pin id="9" dir="1" index="0" bw="1" slack="0"/>
</pin_list>
<bind>
<StgValue><ssdm name="grid_final"/></StgValue>
</bind>
</comp>

<comp id="10" class="1001" name="const_10">
<pin_list>
<pin id="11" dir="1" index="0" bw="1" slack="0"/>
</pin_list>
<bind>
<StgValue><ssdm name=""/></StgValue>
</bind>
</comp>

<comp id="12" class="1001" name="const_12">
<pin_list>
<pin id="13" dir="1" index="0" bw="1" slack="2147483647"/>
</pin_list>
<bind>
<StgValue><ssdm name="_ssdm_op_SpecInterface"/></StgValue>
</bind>
</comp>

<comp id="14" class="1001" name="const_14">
<pin_list>
<pin id="15" dir="1" index="0" bw="1" slack="2147483647"/>
</pin_list>
<bind>
<StgValue><ssdm name="empty_1"/></StgValue>
</bind>
</comp>

<comp id="16" class="1001" name="const_16">
<pin_list>
<pin id="17" dir="1" index="0" bw="1" slack="2147483647"/>
</pin_list>
<bind>
<StgValue><ssdm name=""/></StgValue>
</bind>
</comp>

<comp id="18" class="1001" name="const_18">
<pin_list>
<pin id="19" dir="1" index="0" bw="1" slack="2147483647"/>
</pin_list>
<bind>
<StgValue><ssdm name="empty_14"/></StgValue>
</bind>
</comp>

<comp id="20" class="1001" name="const_20">
<pin_list>
<pin id="21" dir="1" index="0" bw="1" slack="2147483647"/>
</pin_list>
<bind>
<StgValue><ssdm name=""/></StgValue>
</bind>
</comp>

<comp id="22" class="1001" name="const_22">
<pin_list>
<pin id="23" dir="1" index="0" bw="1" slack="0"/>
</pin_list>
<bind>
<StgValue><ssdm name=""/></StgValue>
</bind>
</comp>

<comp id="24" class="1001" name="const_24">
<pin_list>
<pin id="25" dir="1" index="0" bw="1" slack="0"/>
</pin_list>
<bind>
<StgValue><ssdm name=""/></StgValue>
</bind>
</comp>

<comp id="26" class="1001" name="const_26">
<pin_list>
<pin id="27" dir="1" index="0" bw="1" slack="0"/>
</pin_list>
<bind>
<StgValue><ssdm name=""/></StgValue>
</bind>
</comp>

<comp id="28" class="1001" name="const_28">
<pin_list>
<pin id="29" dir="1" index="0" bw="1" slack="0"/>
</pin_list>
<bind>
<StgValue><ssdm name=""/></StgValue>
</bind>
</comp>

<comp id="30" class="1001" name="const_30">
<pin_list>
<pin id="31" dir="1" index="0" bw="1" slack="0"/>
</pin_list>
<bind>
<StgValue><ssdm name=""/></StgValue>
</bind>
</comp>

<comp id="32" class="1001" name="const_32">
<pin_list>
<pin id="33" dir="1" index="0" bw="1" slack="0"/>
</pin_list>
<bind>
<StgValue><ssdm name=""/></StgValue>
</bind>
</comp>

<comp id="34" class="1001" name="const_34">
<pin_list>
<pin id="35" dir="1" index="0" bw="1" slack="0"/>
</pin_list>
<bind>
<StgValue><ssdm name="_ssdm_op_PartSelect.i7.i9.i32.i32"/></StgValue>
</bind>
</comp>

<comp id="36" class="1001" name="const_36">
<pin_list>
<pin id="37" dir="1" index="0" bw="1" slack="0"/>
</pin_list>
<bind>
<StgValue><ssdm name=""/></StgValue>
</bind>
</comp>

<comp id="38" class="1001" name="const_38">
<pin_list>
<pin id="39" dir="1" index="0" bw="1" slack="0"/>
</pin_list>
<bind>
<StgValue><ssdm name="_ssdm_op_BitConcatenate.i14.i7.i7"/></StgValue>
</bind>
</comp>

<comp id="40" class="1001" name="const_40">
<pin_list>
<pin id="41" dir="1" index="0" bw="1" slack="0"/>
</pin_list>
<bind>
<StgValue><ssdm name=""/></StgValue>
</bind>
</comp>

<comp id="42" class="1001" name="const_42">
<pin_list>
<pin id="43" dir="1" index="0" bw="1" slack="2147483647"/>
</pin_list>
<bind>
<StgValue><ssdm name="_ssdm_op_SpecLoopName"/></StgValue>
</bind>
</comp>

<comp id="44" class="1001" name="const_44">
<pin_list>
<pin id="45" dir="1" index="0" bw="1" slack="2147483647"/>
</pin_list>
<bind>
<StgValue><ssdm name="VITIS_LOOP_114_9_VITIS_LOOP_115_10_str"/></StgValue>
</bind>
</comp>

<comp id="46" class="1001" name="const_46">
<pin_list>
<pin id="47" dir="1" index="0" bw="1" slack="2147483647"/>
</pin_list>
<bind>
<StgValue><ssdm name="_ssdm_op_SpecLoopTripCount"/></StgValue>
</bind>
</comp>

<comp id="48" class="1001" name="const_48">
<pin_list>
<pin id="49" dir="1" index="0" bw="1" slack="2147483647"/>
</pin_list>
<bind>
<StgValue><ssdm name=""/></StgValue>
</bind>
</comp>

<comp id="50" class="1001" name="const_50">
<pin_list>
<pin id="51" dir="1" index="0" bw="1" slack="2147483647"/>
</pin_list>
<bind>
<StgValue><ssdm name="_ssdm_op_SpecPipeline"/></StgValue>
</bind>
</comp>

<comp id="52" class="1001" name="const_52">
<pin_list>
<pin id="53" dir="1" index="0" bw="1" slack="0"/>
</pin_list>
<bind>
<StgValue><ssdm name="_ssdm_op_Write.ap_fifo.volatile.i24P0A"/></StgValue>
</bind>
</comp>

<comp id="54" class="1004" name="j_fu_54">
<pin_list>
<pin id="55" dir="0" index="0" bw="1" slack="0"/>
<pin id="56" dir="1" index="1" bw="9" slack="0"/>
</pin_list>
<bind>
<opcode="alloca(26) " fcode="alloca"/>
<opset="j/1 "/>
</bind>
</comp>

<comp id="58" class="1004" name="i_1_fu_58">
<pin_list>
<pin id="59" dir="0" index="0" bw="1" slack="0"/>
<pin id="60" dir="1" index="1" bw="9" slack="0"/>
</pin_list>
<bind>
<opcode="alloca(26) " fcode="alloca"/>
<opset="i_1/1 "/>
</bind>
</comp>

<comp id="62" class="1004" name="indvar_flatten13_fu_62">
<pin_list>
<pin id="63" dir="0" index="0" bw="1" slack="0"/>
<pin id="64" dir="1" index="1" bw="17" slack="0"/>
</pin_list>
<bind>
<opcode="alloca(26) " fcode="alloca"/>
<opset="indvar_flatten13/1 "/>
</bind>
</comp>

<comp id="66" class="1004" name="write_ln117_write_fu_66">
<pin_list>
<pin id="67" dir="0" index="0" bw="0" slack="0"/>
<pin id="68" dir="0" index="1" bw="24" slack="0"/>
<pin id="69" dir="0" index="2" bw="24" slack="0"/>
<pin id="70" dir="1" index="3" bw="0" slack="2147483647"/>
</pin_list>
<bind>
<opcode="write(1151) " fcode="write"/>
<opset="write_ln117/3 "/>
</bind>
</comp>

<comp id="73" class="1004" name="buffer_addr_gep_fu_73">
<pin_list>
<pin id="74" dir="0" index="0" bw="24" slack="0"/>
<pin id="75" dir="0" index="1" bw="1" slack="0"/>
<pin id="76" dir="0" index="2" bw="14" slack="0"/>
<pin id="77" dir="1" index="3" bw="15" slack="0"/>
</pin_list>
<bind>
<opcode="getelementptr(29) " fcode="getelementptr"/>
<opset="buffer_addr/2 "/>
</bind>
</comp>

<comp id="80" class="1004" name="buffer_1_addr_gep_fu_80">
<pin_list>
<pin id="81" dir="0" index="0" bw="24" slack="0"/>
<pin id="82" dir="0" index="1" bw="1" slack="0"/>
<pin id="83" dir="0" index="2" bw="14" slack="0"/>
<pin id="84" dir="1" index="3" bw="15" slack="0"/>
</pin_list>
<bind>
<opcode="getelementptr(29) " fcode="getelementptr"/>
<opset="buffer_1_addr/2 "/>
</bind>
</comp>

<comp id="87" class="1004" name="buffer_2_addr_gep_fu_87">
<pin_list>
<pin id="88" dir="0" index="0" bw="24" slack="0"/>
<pin id="89" dir="0" index="1" bw="1" slack="0"/>
<pin id="90" dir="0" index="2" bw="14" slack="0"/>
<pin id="91" dir="1" index="3" bw="15" slack="0"/>
</pin_list>
<bind>
<opcode="getelementptr(29) " fcode="getelementptr"/>
<opset="buffer_2_addr/2 "/>
</bind>
</comp>

<comp id="94" class="1004" name="buffer_3_addr_gep_fu_94">
<pin_list>
<pin id="95" dir="0" index="0" bw="24" slack="0"/>
<pin id="96" dir="0" index="1" bw="1" slack="0"/>
<pin id="97" dir="0" index="2" bw="14" slack="0"/>
<pin id="98" dir="1" index="3" bw="15" slack="0"/>
</pin_list>
<bind>
<opcode="getelementptr(29) " fcode="getelementptr"/>
<opset="buffer_3_addr/2 "/>
</bind>
</comp>

<comp id="101" class="1004" name="grp_access_fu_101">
<pin_list>
<pin id="102" dir="0" index="0" bw="15" slack="0"/>
<pin id="103" dir="0" index="1" bw="24" slack="2147483647"/>
<pin id="104" dir="0" index="2" bw="0" slack="2147483647"/>
<pin id="105" dir="1" index="3" bw="24" slack="0"/>
</pin_list>
<bind>
<opcode="load(27) " fcode="load"/>
<opset="buffer_load/2 "/>
</bind>
</comp>

<comp id="107" class="1004" name="grp_access_fu_107">
<pin_list>
<pin id="108" dir="0" index="0" bw="15" slack="0"/>
<pin id="109" dir="0" index="1" bw="24" slack="2147483647"/>
<pin id="110" dir="0" index="2" bw="0" slack="2147483647"/>
<pin id="111" dir="1" index="3" bw="24" slack="0"/>
</pin_list>
<bind>
<opcode="load(27) " fcode="load"/>
<opset="buffer_1_load/2 "/>
</bind>
</comp>

<comp id="113" class="1004" name="grp_access_fu_113">
<pin_list>
<pin id="114" dir="0" index="0" bw="15" slack="0"/>
<pin id="115" dir="0" index="1" bw="24" slack="2147483647"/>
<pin id="116" dir="0" index="2" bw="0" slack="2147483647"/>
<pin id="117" dir="1" index="3" bw="24" slack="0"/>
</pin_list>
<bind>
<opcode="load(27) " fcode="load"/>
<opset="buffer_2_load/2 "/>
</bind>
</comp>

<comp id="119" class="1004" name="grp_access_fu_119">
<pin_list>
<pin id="120" dir="0" index="0" bw="15" slack="0"/>
<pin id="121" dir="0" index="1" bw="24" slack="2147483647"/>
<pin id="122" dir="0" index="2" bw="0" slack="2147483647"/>
<pin id="123" dir="1" index="3" bw="24" slack="0"/>
</pin_list>
<bind>
<opcode="load(27) " fcode="load"/>
<opset="buffer_3_load/2 "/>
</bind>
</comp>

<comp id="125" class="1004" name="store_ln0_store_fu_125">
<pin_list>
<pin id="126" dir="0" index="0" bw="1" slack="0"/>
<pin id="127" dir="0" index="1" bw="17" slack="0"/>
<pin id="128" dir="1" index="2" bw="0" slack="2147483647"/>
</pin_list>
<bind>
<opcode="store(28) " fcode="store"/>
<opset="store_ln0/1 "/>
</bind>
</comp>

<comp id="130" class="1004" name="store_ln114_store_fu_130">
<pin_list>
<pin id="131" dir="0" index="0" bw="1" slack="0"/>
<pin id="132" dir="0" index="1" bw="9" slack="0"/>
<pin id="133" dir="1" index="2" bw="0" slack="2147483647"/>
</pin_list>
<bind>
<opcode="store(28) " fcode="store"/>
<opset="store_ln114/1 "/>
</bind>
</comp>

<comp id="135" class="1004" name="store_ln115_store_fu_135">
<pin_list>
<pin id="136" dir="0" index="0" bw="1" slack="0"/>
<pin id="137" dir="0" index="1" bw="9" slack="0"/>
<pin id="138" dir="1" index="2" bw="0" slack="2147483647"/>
</pin_list>
<bind>
<opcode="store(28) " fcode="store"/>
<opset="store_ln115/1 "/>
</bind>
</comp>

<comp id="140" class="1004" name="indvar_flatten13_load_load_fu_140">
<pin_list>
<pin id="141" dir="0" index="0" bw="17" slack="1"/>
<pin id="142" dir="1" index="1" bw="17" slack="0"/>
</pin_list>
<bind>
<opcode="load(27) " fcode="load"/>
<opset="indvar_flatten13_load/2 "/>
</bind>
</comp>

<comp id="143" class="1004" name="icmp_ln114_fu_143">
<pin_list>
<pin id="144" dir="0" index="0" bw="17" slack="0"/>
<pin id="145" dir="0" index="1" bw="17" slack="0"/>
<pin id="146" dir="1" index="2" bw="1" slack="2147483647"/>
</pin_list>
<bind>
<opcode="icmp(45) " fcode="icmp"/>
<opset="icmp_ln114/2 "/>
</bind>
</comp>

<comp id="149" class="1004" name="add_ln114_1_fu_149">
<pin_list>
<pin id="150" dir="0" index="0" bw="17" slack="0"/>
<pin id="151" dir="0" index="1" bw="1" slack="0"/>
<pin id="152" dir="1" index="2" bw="17" slack="0"/>
</pin_list>
<bind>
<opcode="add(8) " fcode="add"/>
<opset="add_ln114_1/2 "/>
</bind>
</comp>

<comp id="155" class="1004" name="j_load_load_fu_155">
<pin_list>
<pin id="156" dir="0" index="0" bw="9" slack="1"/>
<pin id="157" dir="1" index="1" bw="9" slack="0"/>
</pin_list>
<bind>
<opcode="load(27) " fcode="load"/>
<opset="j_load/2 "/>
</bind>
</comp>

<comp id="158" class="1004" name="i_1_load_load_fu_158">
<pin_list>
<pin id="159" dir="0" index="0" bw="9" slack="1"/>
<pin id="160" dir="1" index="1" bw="9" slack="0"/>
</pin_list>
<bind>
<opcode="load(27) " fcode="load"/>
<opset="i_1_load/2 "/>
</bind>
</comp>

<comp id="161" class="1004" name="add_ln114_fu_161">
<pin_list>
<pin id="162" dir="0" index="0" bw="9" slack="0"/>
<pin id="163" dir="0" index="1" bw="1" slack="0"/>
<pin id="164" dir="1" index="2" bw="9" slack="0"/>
</pin_list>
<bind>
<opcode="add(8) " fcode="add"/>
<opset="add_ln114/2 "/>
</bind>
</comp>

<comp id="167" class="1004" name="icmp_ln115_fu_167">
<pin_list>
<pin id="168" dir="0" index="0" bw="9" slack="0"/>
<pin id="169" dir="0" index="1" bw="9" slack="0"/>
<pin id="170" dir="1" index="2" bw="1" slack="0"/>
</pin_list>
<bind>
<opcode="icmp(45) " fcode="icmp"/>
<opset="icmp_ln115/2 "/>
</bind>
</comp>

<comp id="173" class="1004" name="select_ln114_fu_173">
<pin_list>
<pin id="174" dir="0" index="0" bw="1" slack="0"/>
<pin id="175" dir="0" index="1" bw="1" slack="0"/>
<pin id="176" dir="0" index="2" bw="9" slack="0"/>
<pin id="177" dir="1" index="3" bw="9" slack="0"/>
</pin_list>
<bind>
<opcode="select(49) " fcode="select"/>
<opset="select_ln114/2 "/>
</bind>
</comp>

<comp id="181" class="1004" name="select_ln114_1_fu_181">
<pin_list>
<pin id="182" dir="0" index="0" bw="1" slack="0"/>
<pin id="183" dir="0" index="1" bw="9" slack="0"/>
<pin id="184" dir="0" index="2" bw="9" slack="0"/>
<pin id="185" dir="1" index="3" bw="9" slack="0"/>
</pin_list>
<bind>
<opcode="select(49) " fcode="select"/>
<opset="select_ln114_1/2 "/>
</bind>
</comp>

<comp id="189" class="1004" name="trunc_ln114_fu_189">
<pin_list>
<pin id="190" dir="0" index="0" bw="9" slack="0"/>
<pin id="191" dir="1" index="1" bw="1" slack="1"/>
</pin_list>
<bind>
<opcode="trunc(33) " fcode="trunc"/>
<opset="trunc_ln114/2 "/>
</bind>
</comp>

<comp id="193" class="1004" name="trunc_ln115_fu_193">
<pin_list>
<pin id="194" dir="0" index="0" bw="9" slack="0"/>
<pin id="195" dir="1" index="1" bw="1" slack="1"/>
</pin_list>
<bind>
<opcode="trunc(33) " fcode="trunc"/>
<opset="trunc_ln115/2 "/>
</bind>
</comp>

<comp id="197" class="1004" name="lshr_ln1_fu_197">
<pin_list>
<pin id="198" dir="0" index="0" bw="7" slack="0"/>
<pin id="199" dir="0" index="1" bw="9" slack="0"/>
<pin id="200" dir="0" index="2" bw="1" slack="0"/>
<pin id="201" dir="0" index="3" bw="4" slack="0"/>
<pin id="202" dir="1" index="4" bw="7" slack="0"/>
</pin_list>
<bind>
<opcode="partselect(1002) " fcode="partselect"/>
<opset="lshr_ln1/2 "/>
</bind>
</comp>

<comp id="207" class="1004" name="tmp_20_fu_207">
<pin_list>
<pin id="208" dir="0" index="0" bw="7" slack="0"/>
<pin id="209" dir="0" index="1" bw="9" slack="0"/>
<pin id="210" dir="0" index="2" bw="1" slack="0"/>
<pin id="211" dir="0" index="3" bw="4" slack="0"/>
<pin id="212" dir="1" index="4" bw="7" slack="0"/>
</pin_list>
<bind>
<opcode="partselect(1002) " fcode="partselect"/>
<opset="tmp_20/2 "/>
</bind>
</comp>

<comp id="217" class="1004" name="tmp_s_fu_217">
<pin_list>
<pin id="218" dir="0" index="0" bw="14" slack="0"/>
<pin id="219" dir="0" index="1" bw="7" slack="0"/>
<pin id="220" dir="0" index="2" bw="7" slack="0"/>
<pin id="221" dir="1" index="3" bw="14" slack="0"/>
</pin_list>
<bind>
<opcode="bitconcatenate(1004) " fcode="bitconcatenate"/>
<opset="tmp_s/2 "/>
</bind>
</comp>

<comp id="225" class="1004" name="zext_ln117_fu_225">
<pin_list>
<pin id="226" dir="0" index="0" bw="14" slack="0"/>
<pin id="227" dir="1" index="1" bw="64" slack="0"/>
</pin_list>
<bind>
<opcode="zext(34) " fcode="zext"/>
<opset="zext_ln117/2 "/>
</bind>
</comp>

<comp id="233" class="1004" name="add_ln115_fu_233">
<pin_list>
<pin id="234" dir="0" index="0" bw="9" slack="0"/>
<pin id="235" dir="0" index="1" bw="1" slack="0"/>
<pin id="236" dir="1" index="2" bw="9" slack="0"/>
</pin_list>
<bind>
<opcode="add(8) " fcode="add"/>
<opset="add_ln115/2 "/>
</bind>
</comp>

<comp id="239" class="1004" name="store_ln114_store_fu_239">
<pin_list>
<pin id="240" dir="0" index="0" bw="17" slack="0"/>
<pin id="241" dir="0" index="1" bw="17" slack="1"/>
<pin id="242" dir="1" index="2" bw="0" slack="2147483647"/>
</pin_list>
<bind>
<opcode="store(28) " fcode="store"/>
<opset="store_ln114/2 "/>
</bind>
</comp>

<comp id="244" class="1004" name="store_ln114_store_fu_244">
<pin_list>
<pin id="245" dir="0" index="0" bw="9" slack="0"/>
<pin id="246" dir="0" index="1" bw="9" slack="1"/>
<pin id="247" dir="1" index="2" bw="0" slack="2147483647"/>
</pin_list>
<bind>
<opcode="store(28) " fcode="store"/>
<opset="store_ln114/2 "/>
</bind>
</comp>

<comp id="249" class="1004" name="store_ln115_store_fu_249">
<pin_list>
<pin id="250" dir="0" index="0" bw="9" slack="0"/>
<pin id="251" dir="0" index="1" bw="9" slack="1"/>
<pin id="252" dir="1" index="2" bw="0" slack="2147483647"/>
</pin_list>
<bind>
<opcode="store(28) " fcode="store"/>
<opset="store_ln115/2 "/>
</bind>
</comp>

<comp id="254" class="1004" name="select_ln117_fu_254">
<pin_list>
<pin id="255" dir="0" index="0" bw="1" slack="1"/>
<pin id="256" dir="0" index="1" bw="24" slack="0"/>
<pin id="257" dir="0" index="2" bw="24" slack="0"/>
<pin id="258" dir="1" index="3" bw="24" slack="0"/>
</pin_list>
<bind>
<opcode="select(49) " fcode="select"/>
<opset="select_ln117/3 "/>
</bind>
</comp>

<comp id="261" class="1004" name="select_ln117_1_fu_261">
<pin_list>
<pin id="262" dir="0" index="0" bw="1" slack="1"/>
<pin id="263" dir="0" index="1" bw="24" slack="0"/>
<pin id="264" dir="0" index="2" bw="24" slack="0"/>
<pin id="265" dir="1" index="3" bw="24" slack="0"/>
</pin_list>
<bind>
<opcode="select(49) " fcode="select"/>
<opset="select_ln117_1/3 "/>
</bind>
</comp>

<comp id="268" class="1004" name="select_ln117_2_fu_268">
<pin_list>
<pin id="269" dir="0" index="0" bw="1" slack="1"/>
<pin id="270" dir="0" index="1" bw="24" slack="0"/>
<pin id="271" dir="0" index="2" bw="24" slack="0"/>
<pin id="272" dir="1" index="3" bw="24" slack="0"/>
</pin_list>
<bind>
<opcode="select(49) " fcode="select"/>
<opset="select_ln117_2/3 "/>
</bind>
</comp>

<comp id="276" class="1005" name="j_reg_276">
<pin_list>
<pin id="277" dir="0" index="0" bw="9" slack="0"/>
<pin id="278" dir="1" index="1" bw="9" slack="0"/>
</pin_list>
<bind>
<opset="j "/>
</bind>
</comp>

<comp id="283" class="1005" name="i_1_reg_283">
<pin_list>
<pin id="284" dir="0" index="0" bw="9" slack="0"/>
<pin id="285" dir="1" index="1" bw="9" slack="0"/>
</pin_list>
<bind>
<opset="i_1 "/>
</bind>
</comp>

<comp id="290" class="1005" name="indvar_flatten13_reg_290">
<pin_list>
<pin id="291" dir="0" index="0" bw="17" slack="0"/>
<pin id="292" dir="1" index="1" bw="17" slack="0"/>
</pin_list>
<bind>
<opset="indvar_flatten13 "/>
</bind>
</comp>

<comp id="300" class="1005" name="trunc_ln114_reg_300">
<pin_list>
<pin id="301" dir="0" index="0" bw="1" slack="1"/>
<pin id="302" dir="1" index="1" bw="1" slack="1"/>
</pin_list>
<bind>
<opset="trunc_ln114 "/>
</bind>
</comp>

<comp id="305" class="1005" name="trunc_ln115_reg_305">
<pin_list>
<pin id="306" dir="0" index="0" bw="1" slack="1"/>
<pin id="307" dir="1" index="1" bw="1" slack="1"/>
</pin_list>
<bind>
<opset="trunc_ln115 "/>
</bind>
</comp>

<comp id="311" class="1005" name="buffer_addr_reg_311">
<pin_list>
<pin id="312" dir="0" index="0" bw="15" slack="1"/>
<pin id="313" dir="1" index="1" bw="15" slack="1"/>
</pin_list>
<bind>
<opset="buffer_addr "/>
</bind>
</comp>

<comp id="316" class="1005" name="buffer_1_addr_reg_316">
<pin_list>
<pin id="317" dir="0" index="0" bw="15" slack="1"/>
<pin id="318" dir="1" index="1" bw="15" slack="1"/>
</pin_list>
<bind>
<opset="buffer_1_addr "/>
</bind>
</comp>

<comp id="321" class="1005" name="buffer_2_addr_reg_321">
<pin_list>
<pin id="322" dir="0" index="0" bw="15" slack="1"/>
<pin id="323" dir="1" index="1" bw="15" slack="1"/>
</pin_list>
<bind>
<opset="buffer_2_addr "/>
</bind>
</comp>

<comp id="326" class="1005" name="buffer_3_addr_reg_326">
<pin_list>
<pin id="327" dir="0" index="0" bw="15" slack="1"/>
<pin id="328" dir="1" index="1" bw="15" slack="1"/>
</pin_list>
<bind>
<opset="buffer_3_addr "/>
</bind>
</comp>

</comp_list>

<net_list>
<net id="57"><net_src comp="10" pin="0"/><net_sink comp="54" pin=0"/></net>

<net id="61"><net_src comp="10" pin="0"/><net_sink comp="58" pin=0"/></net>

<net id="65"><net_src comp="10" pin="0"/><net_sink comp="62" pin=0"/></net>

<net id="71"><net_src comp="52" pin="0"/><net_sink comp="66" pin=0"/></net>

<net id="72"><net_src comp="8" pin="0"/><net_sink comp="66" pin=1"/></net>

<net id="78"><net_src comp="0" pin="0"/><net_sink comp="73" pin=0"/></net>

<net id="79"><net_src comp="40" pin="0"/><net_sink comp="73" pin=1"/></net>

<net id="85"><net_src comp="2" pin="0"/><net_sink comp="80" pin=0"/></net>

<net id="86"><net_src comp="40" pin="0"/><net_sink comp="80" pin=1"/></net>

<net id="92"><net_src comp="4" pin="0"/><net_sink comp="87" pin=0"/></net>

<net id="93"><net_src comp="40" pin="0"/><net_sink comp="87" pin=1"/></net>

<net id="99"><net_src comp="6" pin="0"/><net_sink comp="94" pin=0"/></net>

<net id="100"><net_src comp="40" pin="0"/><net_sink comp="94" pin=1"/></net>

<net id="106"><net_src comp="73" pin="3"/><net_sink comp="101" pin=0"/></net>

<net id="112"><net_src comp="80" pin="3"/><net_sink comp="107" pin=0"/></net>

<net id="118"><net_src comp="87" pin="3"/><net_sink comp="113" pin=0"/></net>

<net id="124"><net_src comp="94" pin="3"/><net_sink comp="119" pin=0"/></net>

<net id="129"><net_src comp="22" pin="0"/><net_sink comp="125" pin=0"/></net>

<net id="134"><net_src comp="24" pin="0"/><net_sink comp="130" pin=0"/></net>

<net id="139"><net_src comp="24" pin="0"/><net_sink comp="135" pin=0"/></net>

<net id="147"><net_src comp="140" pin="1"/><net_sink comp="143" pin=0"/></net>

<net id="148"><net_src comp="26" pin="0"/><net_sink comp="143" pin=1"/></net>

<net id="153"><net_src comp="140" pin="1"/><net_sink comp="149" pin=0"/></net>

<net id="154"><net_src comp="28" pin="0"/><net_sink comp="149" pin=1"/></net>

<net id="165"><net_src comp="158" pin="1"/><net_sink comp="161" pin=0"/></net>

<net id="166"><net_src comp="30" pin="0"/><net_sink comp="161" pin=1"/></net>

<net id="171"><net_src comp="155" pin="1"/><net_sink comp="167" pin=0"/></net>

<net id="172"><net_src comp="32" pin="0"/><net_sink comp="167" pin=1"/></net>

<net id="178"><net_src comp="167" pin="2"/><net_sink comp="173" pin=0"/></net>

<net id="179"><net_src comp="24" pin="0"/><net_sink comp="173" pin=1"/></net>

<net id="180"><net_src comp="155" pin="1"/><net_sink comp="173" pin=2"/></net>

<net id="186"><net_src comp="167" pin="2"/><net_sink comp="181" pin=0"/></net>

<net id="187"><net_src comp="161" pin="2"/><net_sink comp="181" pin=1"/></net>

<net id="188"><net_src comp="158" pin="1"/><net_sink comp="181" pin=2"/></net>

<net id="192"><net_src comp="181" pin="3"/><net_sink comp="189" pin=0"/></net>

<net id="196"><net_src comp="173" pin="3"/><net_sink comp="193" pin=0"/></net>

<net id="203"><net_src comp="34" pin="0"/><net_sink comp="197" pin=0"/></net>

<net id="204"><net_src comp="173" pin="3"/><net_sink comp="197" pin=1"/></net>

<net id="205"><net_src comp="10" pin="0"/><net_sink comp="197" pin=2"/></net>

<net id="206"><net_src comp="36" pin="0"/><net_sink comp="197" pin=3"/></net>

<net id="213"><net_src comp="34" pin="0"/><net_sink comp="207" pin=0"/></net>

<net id="214"><net_src comp="181" pin="3"/><net_sink comp="207" pin=1"/></net>

<net id="215"><net_src comp="10" pin="0"/><net_sink comp="207" pin=2"/></net>

<net id="216"><net_src comp="36" pin="0"/><net_sink comp="207" pin=3"/></net>

<net id="222"><net_src comp="38" pin="0"/><net_sink comp="217" pin=0"/></net>

<net id="223"><net_src comp="207" pin="4"/><net_sink comp="217" pin=1"/></net>

<net id="224"><net_src comp="197" pin="4"/><net_sink comp="217" pin=2"/></net>

<net id="228"><net_src comp="217" pin="3"/><net_sink comp="225" pin=0"/></net>

<net id="229"><net_src comp="225" pin="1"/><net_sink comp="73" pin=2"/></net>

<net id="230"><net_src comp="225" pin="1"/><net_sink comp="80" pin=2"/></net>

<net id="231"><net_src comp="225" pin="1"/><net_sink comp="87" pin=2"/></net>

<net id="232"><net_src comp="225" pin="1"/><net_sink comp="94" pin=2"/></net>

<net id="237"><net_src comp="173" pin="3"/><net_sink comp="233" pin=0"/></net>

<net id="238"><net_src comp="30" pin="0"/><net_sink comp="233" pin=1"/></net>

<net id="243"><net_src comp="149" pin="2"/><net_sink comp="239" pin=0"/></net>

<net id="248"><net_src comp="181" pin="3"/><net_sink comp="244" pin=0"/></net>

<net id="253"><net_src comp="233" pin="2"/><net_sink comp="249" pin=0"/></net>

<net id="259"><net_src comp="107" pin="3"/><net_sink comp="254" pin=1"/></net>

<net id="260"><net_src comp="101" pin="3"/><net_sink comp="254" pin=2"/></net>

<net id="266"><net_src comp="119" pin="3"/><net_sink comp="261" pin=1"/></net>

<net id="267"><net_src comp="113" pin="3"/><net_sink comp="261" pin=2"/></net>

<net id="273"><net_src comp="261" pin="3"/><net_sink comp="268" pin=1"/></net>

<net id="274"><net_src comp="254" pin="3"/><net_sink comp="268" pin=2"/></net>

<net id="275"><net_src comp="268" pin="3"/><net_sink comp="66" pin=2"/></net>

<net id="279"><net_src comp="54" pin="1"/><net_sink comp="276" pin=0"/></net>

<net id="280"><net_src comp="276" pin="1"/><net_sink comp="135" pin=1"/></net>

<net id="281"><net_src comp="276" pin="1"/><net_sink comp="155" pin=0"/></net>

<net id="282"><net_src comp="276" pin="1"/><net_sink comp="249" pin=1"/></net>

<net id="286"><net_src comp="58" pin="1"/><net_sink comp="283" pin=0"/></net>

<net id="287"><net_src comp="283" pin="1"/><net_sink comp="130" pin=1"/></net>

<net id="288"><net_src comp="283" pin="1"/><net_sink comp="158" pin=0"/></net>

<net id="289"><net_src comp="283" pin="1"/><net_sink comp="244" pin=1"/></net>

<net id="293"><net_src comp="62" pin="1"/><net_sink comp="290" pin=0"/></net>

<net id="294"><net_src comp="290" pin="1"/><net_sink comp="125" pin=1"/></net>

<net id="295"><net_src comp="290" pin="1"/><net_sink comp="140" pin=0"/></net>

<net id="296"><net_src comp="290" pin="1"/><net_sink comp="239" pin=1"/></net>

<net id="303"><net_src comp="189" pin="1"/><net_sink comp="300" pin=0"/></net>

<net id="304"><net_src comp="300" pin="1"/><net_sink comp="268" pin=0"/></net>

<net id="308"><net_src comp="193" pin="1"/><net_sink comp="305" pin=0"/></net>

<net id="309"><net_src comp="305" pin="1"/><net_sink comp="254" pin=0"/></net>

<net id="310"><net_src comp="305" pin="1"/><net_sink comp="261" pin=0"/></net>

<net id="314"><net_src comp="73" pin="3"/><net_sink comp="311" pin=0"/></net>

<net id="315"><net_src comp="311" pin="1"/><net_sink comp="101" pin=0"/></net>

<net id="319"><net_src comp="80" pin="3"/><net_sink comp="316" pin=0"/></net>

<net id="320"><net_src comp="316" pin="1"/><net_sink comp="107" pin=0"/></net>

<net id="324"><net_src comp="87" pin="3"/><net_sink comp="321" pin=0"/></net>

<net id="325"><net_src comp="321" pin="1"/><net_sink comp="113" pin=0"/></net>

<net id="329"><net_src comp="94" pin="3"/><net_sink comp="326" pin=0"/></net>

<net id="330"><net_src comp="326" pin="1"/><net_sink comp="119" pin=0"/></net>

</net_list>

</model> 
---------------- Datapath Model END ------------------

* FSMD analyzer results:
  - Output states:
	Port: grid_final | {3 }
 - Input state : 
	Port: compute_Pipeline_VITIS_LOOP_114_9_VITIS_LOOP_115_10 : buffer_r | {2 3 }
	Port: compute_Pipeline_VITIS_LOOP_114_9_VITIS_LOOP_115_10 : buffer_1 | {2 3 }
	Port: compute_Pipeline_VITIS_LOOP_114_9_VITIS_LOOP_115_10 : buffer_2 | {2 3 }
	Port: compute_Pipeline_VITIS_LOOP_114_9_VITIS_LOOP_115_10 : buffer_3 | {2 3 }
  - Chain level:
	State 1
		store_ln0 : 1
		store_ln114 : 1
		store_ln115 : 1
	State 2
		icmp_ln114 : 1
		add_ln114_1 : 1
		br_ln114 : 2
		add_ln114 : 1
		icmp_ln115 : 1
		select_ln114 : 2
		select_ln114_1 : 2
		trunc_ln114 : 3
		trunc_ln115 : 3
		lshr_ln1 : 3
		tmp_20 : 3
		tmp_s : 4
		zext_ln117 : 5
		buffer_addr : 6
		buffer_1_addr : 6
		buffer_2_addr : 6
		buffer_3_addr : 6
		buffer_load : 7
		buffer_1_load : 7
		buffer_2_load : 7
		buffer_3_load : 7
		add_ln115 : 3
		store_ln114 : 2
		store_ln114 : 3
		store_ln115 : 4
	State 3
		select_ln117 : 1
		select_ln117_1 : 1
		select_ln117_2 : 2
		write_ln117 : 3


============================================================
+ Verbose Summary: Datapath Resource usage 
============================================================

* Functional unit list:
|----------|-------------------------|---------|---------|
| Operation|     Functional Unit     |    FF   |   LUT   |
|----------|-------------------------|---------|---------|
|          |   select_ln114_fu_173   |    0    |    8    |
|          |  select_ln114_1_fu_181  |    0    |    8    |
|  select  |   select_ln117_fu_254   |    0    |    24   |
|          |  select_ln117_1_fu_261  |    0    |    24   |
|          |  select_ln117_2_fu_268  |    0    |    24   |
|----------|-------------------------|---------|---------|
|          |    add_ln114_1_fu_149   |    0    |    24   |
|    add   |     add_ln114_fu_161    |    0    |    16   |
|          |     add_ln115_fu_233    |    0    |    16   |
|----------|-------------------------|---------|---------|
|   icmp   |    icmp_ln114_fu_143    |    0    |    24   |
|          |    icmp_ln115_fu_167    |    0    |    16   |
|----------|-------------------------|---------|---------|
|   write  | write_ln117_write_fu_66 |    0    |    0    |
|----------|-------------------------|---------|---------|
|   trunc  |    trunc_ln114_fu_189   |    0    |    0    |
|          |    trunc_ln115_fu_193   |    0    |    0    |
|----------|-------------------------|---------|---------|
|partselect|     lshr_ln1_fu_197     |    0    |    0    |
|          |      tmp_20_fu_207      |    0    |    0    |
|----------|-------------------------|---------|---------|
|bitconcatenate|       tmp_s_fu_217      |    0    |    0    |
|----------|-------------------------|---------|---------|
|   zext   |    zext_ln117_fu_225    |    0    |    0    |
|----------|-------------------------|---------|---------|
|   Total  |                         |    0    |   184   |
|----------|-------------------------|---------|---------|

Memories:
N/A

* Register list:
+------------------------+--------+
|                        |   FF   |
+------------------------+--------+
|  buffer_1_addr_reg_316 |   15   |
|  buffer_2_addr_reg_321 |   15   |
|  buffer_3_addr_reg_326 |   15   |
|   buffer_addr_reg_311  |   15   |
|       i_1_reg_283      |    9   |
|indvar_flatten13_reg_290|   17   |
|        j_reg_276       |    9   |
|   trunc_ln114_reg_300  |    1   |
|   trunc_ln115_reg_305  |    1   |
+------------------------+--------+
|          Total         |   97   |
+------------------------+--------+

* Multiplexer (MUX) list: 
|-------------------|------|------|------|--------||---------||---------||---------|
|        Comp       |  Pin | Size |  BW  | S x BW ||  Delay  ||    FF   ||   LUT   |
|-------------------|------|------|------|--------||---------||---------||---------|
| grp_access_fu_101 |  p0  |   2  |  15  |   30   ||    0    ||    9    |
| grp_access_fu_107 |  p0  |   2  |  15  |   30   ||    0    ||    9    |
| grp_access_fu_113 |  p0  |   2  |  15  |   30   ||    0    ||    9    |
| grp_access_fu_119 |  p0  |   2  |  15  |   30   ||    0    ||    9    |
|-------------------|------|------|------|--------||---------||---------||---------|
|       Total       |      |      |      |   120  ||  1.956  ||    0    ||    36   |
|-------------------|------|------|------|--------||---------||---------||---------|



* Summary:
+-----------+--------+--------+--------+
|           |  Delay |   FF   |   LUT  |
+-----------+--------+--------+--------+
|  Function |    -   |    0   |   184  |
|   Memory  |    -   |    -   |    -   |
|Multiplexer|    1   |    0   |   36   |
|  Register |    -   |   97   |    -   |
+-----------+--------+--------+--------+
|   Total   |    1   |   97   |   220  |
+-----------+--------+--------+--------+
