

================================================================
== Vitis HLS Report for 'compute_Pipeline_VITIS_LOOP_50_4'
================================================================
* Date:           Fri Feb 20 13:28:01 2026

* Version:        2025.1.1 (Build 6214317 on Sep 11 2025)
* Project:        project_1
* Solution:       hls (Vivado IP Flow Target)
* Product family: zynquplus
* Target device:  xczu3eg-sbva484-1-e


================================================================
== Performance Estimates
================================================================
+ Timing: 
    * Summary: 
    +--------+----------+----------+------------+
    |  Clock |  Target  | Estimated| Uncertainty|
    +--------+----------+----------+------------+
    |ap_clk  |  10.00 ns|  3.139 ns|     2.70 ns|
    +--------+----------+----------+------------+

+ Latency: 
    * Summary: 
    +---------+---------+----------+----------+-----+-----+------------------------------------------------+
    |  Latency (cycles) |  Latency (absolute) |  Interval |                    Pipeline                    |
    |   min   |   max   |    min   |    max   | min | max |                      Type                      |
    +---------+---------+----------+----------+-----+-----+------------------------------------------------+
    |      258|      258|  2.580 us|  2.580 us|  257|  257|  loop auto-rewind stp (delay=0 clock cycles(s))|
    +---------+---------+----------+----------+-----+-----+------------------------------------------------+

    + Detail: 
        * Instance: 
        N/A

        * Loop: 
        +-------------------+---------+---------+----------+-----------+-----------+------+----------+
        |                   |  Latency (cycles) | Iteration|  Initiation Interval  | Trip |          |
        |     Loop Name     |   min   |   max   |  Latency |  achieved |   target  | Count| Pipelined|
        +-------------------+---------+---------+----------+-----------+-----------+------+----------+
        |- VITIS_LOOP_50_4  |      256|      256|         2|          1|          1|   256|       yes|
        +-------------------+---------+---------+----------+-----------+-----------+------+----------+

============================================================
+ Verbose Summary: Synthesis Manager
============================================================
InlineROM: 1
ExposeGlobal: 0
============================================================
+ Verbose Summary: CDFG Model
============================================================
IsTopModel: 0
ResetActiveHigh: 1
IsCombinational: 0
IsDatapathOnly: 0
HasWiredReturn: 1
HasMFsm: 2
HasVarLatency: 1
IsPipeline: 0
IsRtlPipelined: 0
IsInstanceOverlapped: 0
IsDontTouch: 0
HasImplIP: 0
IsGatedGlobalClock: 0

+ Individual pipeline summary: 
  * Pipeline-0: initiation interval (II) = 1, depth = 2


============================================================
+ Verbose Summary: Schedule
============================================================
* Number of FSM states : 2
* Pipeline : 1
  Pipeline-0 : II = 1, D = 2, States = { 1 2 }
* Dataflow Pipeline: 0

* FSM state transitions: 
1 --> 2 
2 --> 

* FSM state operations: 

State 1 <SV = 0> <Delay = 1.89>
ST_1 : Operation 5 [1/1] (0.00ns)   --->   "%j = alloca i32 1" [top.cpp:50]   --->   Operation 5 'alloca' 'j' <Predicate = true> <Delay = 0.00>
ST_1 : Operation 6 [1/1] (0.00ns)   --->   "%tmp = read i1 @_ssdm_op_Read.ap_auto.i1, i1 %empty"   --->   Operation 6 'read' 'tmp' <Predicate = true> <Delay = 0.00>
ST_1 : Operation 7 [1/1] (0.48ns)   --->   "%store_ln50 = store i9 0, i9 %j" [top.cpp:50]   --->   Operation 7 'store' 'store_ln50' <Predicate = true> <Delay = 0.48>
ST_1 : Operation 8 [1/1] (0.00ns)   --->   "%br_ln0 = br void %for.body23"   --->   Operation 8 'br' 'br_ln0' <Predicate = true> <Delay = 0.00>
ST_1 : Operation 9 [1/1] (0.00ns)   --->   "%j_1 = load i9 %j" [top.cpp:50]   --->   Operation 9 'load' 'j_1' <Predicate = true> <Delay = 0.00>
ST_1 : Operation 10 [1/1] (0.92ns)   --->   "%icmp_ln50 = icmp_eq  i9 %j_1, i9 256" [top.cpp:50]   --->   Operation 10 'icmp' 'icmp_ln50' <Predicate = true> <Delay = 0.92> <CoreInst = "Cmp">   --->   Core 9 'Cmp' <Latency = 0> <II = 1> <Delay = 0.92> <FuncUnit> <Opcode : 'seteq' 'setne' 'setle' 'setge' 'setlt' 'setgt'> <InPorts = 2> <OutPorts = 1>
ST_1 : Operation 11 [1/1] (0.92ns)   --->   "%add_ln50 = add i9 %j_1, i9 1" [top.cpp:50]   --->   Operation 11 'add' 'add_ln50' <Predicate = true> <Delay = 0.92> <CoreInst = "Adder">   --->   Core 1 'Adder' <Latency = 0> <II = 1> <Delay = 0.92> <FuncUnit> <Opcode : 'add' 'sub'> <InPorts = 2> <OutPorts = 1>
ST_1 : Operation 12 [1/1] (0.00ns)   --->   "%br_ln50 = br i1 %icmp_ln50, void %for.body23.split, void %for.body55.preheader.exitStub" [top.cpp:50]   --->   Operation 12 'br' 'br_ln50' <Predicate = true> <Delay = 0.00>
ST_1 : Operation 13 [1/1] (0.00ns)   --->   "%trunc_ln50 = trunc i9 %j_1" [top.cpp:50]   --->   Operation 13 'trunc' 'trunc_ln50' <Predicate = (!icmp_ln50)> <Delay = 0.00>
ST_1 : Operation 14 [1/1] (0.00ns)   --->   "%specpipeline_ln51 = specpipeline void @_ssdm_op_SpecPipeline, i32 1, i32 0, i32 0, i32 0, void @empty_14" [top.cpp:51]   --->   Operation 14 'specpipeline' 'specpipeline_ln51' <Predicate = (!icmp_ln50)> <Delay = 0.00>
ST_1 : Operation 15 [1/1] (0.00ns)   --->   "%speclooptripcount_ln50 = speclooptripcount void @_ssdm_op_SpecLoopTripCount, i64 256, i64 256, i64 256" [top.cpp:50]   --->   Operation 15 'speclooptripcount' 'speclooptripcount_ln50' <Predicate = (!icmp_ln50)> <Delay = 0.00>
ST_1 : Operation 16 [1/1] (0.00ns)   --->   "%specloopname_ln50 = specloopname void @_ssdm_op_SpecLoopName, void @empty" [top.cpp:50]   --->   Operation 16 'specloopname' 'specloopname_ln50' <Predicate = (!icmp_ln50)> <Delay = 0.00>
ST_1 : Operation 17 [1/1] (0.00ns)   --->   "%lshr_ln2 = partselect i7 @_ssdm_op_PartSelect.i7.i9.i32.i32, i9 %j_1, i32 1, i32 7" [top.cpp:50]   --->   Operation 17 'partselect' 'lshr_ln2' <Predicate = (!icmp_ln50)> <Delay = 0.00>
ST_1 : Operation 18 [1/1] (0.00ns)   --->   "%zext_ln50 = zext i7 %lshr_ln2" [top.cpp:50]   --->   Operation 18 'zext' 'zext_ln50' <Predicate = (!icmp_ln50)> <Delay = 0.00>
ST_1 : Operation 19 [1/1] (0.00ns)   --->   "%bufferA_addr_1 = getelementptr i24 %bufferA, i64 0, i64 %zext_ln50" [top.cpp:56]   --->   Operation 19 'getelementptr' 'bufferA_addr_1' <Predicate = (!icmp_ln50)> <Delay = 0.00>
ST_1 : Operation 20 [1/1] (0.00ns)   --->   "%bufferA_1_addr_1 = getelementptr i24 %bufferA_1, i64 0, i64 %zext_ln50" [top.cpp:56]   --->   Operation 20 'getelementptr' 'bufferA_1_addr_1' <Predicate = (!icmp_ln50)> <Delay = 0.00>
ST_1 : Operation 21 [1/1] (0.00ns)   --->   "%tmp_s = bitconcatenate i8 @_ssdm_op_BitConcatenate.i8.i1.i7, i1 1, i7 %lshr_ln2" [top.cpp:57]   --->   Operation 21 'bitconcatenate' 'tmp_s' <Predicate = (!icmp_ln50)> <Delay = 0.00>
ST_1 : Operation 22 [1/1] (0.00ns)   --->   "%sext_ln57 = sext i8 %tmp_s" [top.cpp:57]   --->   Operation 22 'sext' 'sext_ln57' <Predicate = (!icmp_ln50)> <Delay = 0.00>
ST_1 : Operation 23 [1/1] (0.00ns)   --->   "%zext_ln57 = zext i14 %sext_ln57" [top.cpp:57]   --->   Operation 23 'zext' 'zext_ln57' <Predicate = (!icmp_ln50)> <Delay = 0.00>
ST_1 : Operation 24 [1/1] (0.00ns)   --->   "%bufferA_2_addr_1 = getelementptr i24 %bufferA_2, i64 0, i64 %zext_ln57" [top.cpp:57]   --->   Operation 24 'getelementptr' 'bufferA_2_addr_1' <Predicate = (!icmp_ln50)> <Delay = 0.00>
ST_1 : Operation 25 [1/1] (0.00ns)   --->   "%bufferA_3_addr_1 = getelementptr i24 %bufferA_3, i64 0, i64 %zext_ln57" [top.cpp:57]   --->   Operation 25 'getelementptr' 'bufferA_3_addr_1' <Predicate = (!icmp_ln50)> <Delay = 0.00>
ST_1 : Operation 26 [1/1] (0.00ns)   --->   "%bufferB_addr = getelementptr i24 %bufferB, i64 0, i64 %zext_ln50" [top.cpp:56]   --->   Operation 26 'getelementptr' 'bufferB_addr' <Predicate = (!icmp_ln50)> <Delay = 0.00>
ST_1 : Operation 27 [1/1] (0.00ns)   --->   "%bufferB_1_addr = getelementptr i24 %bufferB_1, i64 0, i64 %zext_ln50" [top.cpp:56]   --->   Operation 27 'getelementptr' 'bufferB_1_addr' <Predicate = (!icmp_ln50)> <Delay = 0.00>
ST_1 : Operation 28 [1/1] (0.00ns)   --->   "%bufferB_2_addr = getelementptr i24 %bufferB_2, i64 0, i64 %zext_ln57" [top.cpp:57]   --->   Operation 28 'getelementptr' 'bufferB_2_addr' <Predicate = (!icmp_ln50)> <Delay = 0.00>
ST_1 : Operation 29 [1/1] (0.00ns)   --->   "%bufferB_3_addr = getelementptr i24 %bufferB_3, i64 0, i64 %zext_ln57" [top.cpp:57]   --->   Operation 29 'getelementptr' 'bufferB_3_addr' <Predicate = (!icmp_ln50)> <Delay = 0.00>
ST_1 : Operation 30 [1/1] (0.00ns)   --->   "%br_ln52 = br i1 %tmp, void %if.then, void %if.else" [top.cpp:52]   --->   Operation 30 'br' 'br_ln52' <Predicate = (!icmp_ln50)> <Delay = 0.00>
ST_1 : Operation 31 [2/2] (1.35ns)   --->   "%bufferA_load = load i14 %bufferA_addr_1" [top.cpp:53]   --->   Operation 31 'load' 'bufferA_load' <Predicate = (!icmp_ln50 & !tmp)> <Delay = 1.35> <CoreInst = "RAM">   --->   Core 82 'RAM' <Latency = 1> <II = 1> <Delay = 1.35> <Storage> <Opcode : 'load' 'store'> <Ports = 2> <Width = 24> <Depth = 16384> <RAM>
ST_1 : Operation 32 [2/2] (1.35ns)   --->   "%bufferA_1_load = load i14 %bufferA_1_addr_1" [top.cpp:53]   --->   Operation 32 'load' 'bufferA_1_load' <Predicate = (!icmp_ln50 & !tmp)> <Delay = 1.35> <CoreInst = "RAM">   --->   Core 82 'RAM' <Latency = 1> <II = 1> <Delay = 1.35> <Storage> <Opcode : 'load' 'store'> <Ports = 2> <Width = 24> <Depth = 16384> <RAM>
ST_1 : Operation 33 [2/2] (1.35ns)   --->   "%bufferA_2_load = load i14 %bufferA_2_addr_1" [top.cpp:54]   --->   Operation 33 'load' 'bufferA_2_load' <Predicate = (!icmp_ln50 & !tmp)> <Delay = 1.35> <CoreInst = "RAM">   --->   Core 82 'RAM' <Latency = 1> <II = 1> <Delay = 1.35> <Storage> <Opcode : 'load' 'store'> <Ports = 2> <Width = 24> <Depth = 16384> <RAM>
ST_1 : Operation 34 [2/2] (1.35ns)   --->   "%bufferA_3_load = load i14 %bufferA_3_addr_1" [top.cpp:54]   --->   Operation 34 'load' 'bufferA_3_load' <Predicate = (!icmp_ln50 & !tmp)> <Delay = 1.35> <CoreInst = "RAM">   --->   Core 82 'RAM' <Latency = 1> <II = 1> <Delay = 1.35> <Storage> <Opcode : 'load' 'store'> <Ports = 2> <Width = 24> <Depth = 16384> <RAM>
ST_1 : Operation 35 [1/1] (0.00ns)   --->   "%br_ln53 = br i1 %trunc_ln50, void %arrayidx4437.case.0, void %arrayidx4437.case.1" [top.cpp:53]   --->   Operation 35 'br' 'br_ln53' <Predicate = (!icmp_ln50 & !tmp)> <Delay = 0.00>
ST_1 : Operation 36 [1/1] (0.00ns)   --->   "%br_ln55 = br void %for.inc48" [top.cpp:55]   --->   Operation 36 'br' 'br_ln55' <Predicate = (!icmp_ln50 & !tmp)> <Delay = 0.00>
ST_1 : Operation 37 [2/2] (1.35ns)   --->   "%bufferB_load = load i14 %bufferB_addr" [top.cpp:56]   --->   Operation 37 'load' 'bufferB_load' <Predicate = (!icmp_ln50 & tmp)> <Delay = 1.35> <CoreInst = "RAM">   --->   Core 82 'RAM' <Latency = 1> <II = 1> <Delay = 1.35> <Storage> <Opcode : 'load' 'store'> <Ports = 2> <Width = 24> <Depth = 16384> <RAM>
ST_1 : Operation 38 [2/2] (1.35ns)   --->   "%bufferB_1_load = load i14 %bufferB_1_addr" [top.cpp:56]   --->   Operation 38 'load' 'bufferB_1_load' <Predicate = (!icmp_ln50 & tmp)> <Delay = 1.35> <CoreInst = "RAM">   --->   Core 82 'RAM' <Latency = 1> <II = 1> <Delay = 1.35> <Storage> <Opcode : 'load' 'store'> <Ports = 2> <Width = 24> <Depth = 16384> <RAM>
ST_1 : Operation 39 [2/2] (1.35ns)   --->   "%bufferB_2_load = load i14 %bufferB_2_addr" [top.cpp:57]   --->   Operation 39 'load' 'bufferB_2_load' <Predicate = (!icmp_ln50 & tmp)> <Delay = 1.35> <CoreInst = "RAM">   --->   Core 82 'RAM' <Latency = 1> <II = 1> <Delay = 1.35> <Storage> <Opcode : 'load' 'store'> <Ports = 2> <Width = 24> <Depth = 16384> <RAM>
ST_1 : Operation 40 [2/2] (1.35ns)   --->   "%bufferB_3_load = load i14 %bufferB_3_addr" [top.cpp:57]   --->   Operation 40 'load' 'bufferB_3_load' <Predicate = (!icmp_ln50 & tmp)> <Delay = 1.35> <CoreInst = "RAM">   --->   Core 82 'RAM' <Latency = 1> <II = 1> <Delay = 1.35> <Storage> <Opcode : 'load' 'store'> <Ports = 2> <Width = 24> <Depth = 16384> <RAM>
ST_1 : Operation 41 [1/1] (0.00ns)   --->   "%br_ln56 = br i1 %trunc_ln50, void %arrayidx4738.case.0, void %arrayidx4738.case.1" [top.cpp:56]   --->   Operation 41 'br' 'br_ln56' <Predicate = (!icmp_ln50 & tmp)> <Delay = 0.00>
ST_1 : Operation 42 [1/1] (0.00ns)   --->   "%br_ln0 = br void %for.inc48"   --->   Operation 42 'br' 'br_ln0' <Predicate = (!icmp_ln50 & tmp)> <Delay = 0.00>
ST_1 : Operation 43 [1/1] (0.48ns)   --->   "%store_ln50 = store i9 %add_ln50, i9 %j" [top.cpp:50]   --->   Operation 43 'store' 'store_ln50' <Predicate = (!icmp_ln50)> <Delay = 0.48>
ST_1 : Operation 44 [1/1] (0.00ns)   --->   "%br_ln50 = br void %for.body23" [top.cpp:50]   --->   Operation 44 'br' 'br_ln50' <Predicate = (!icmp_ln50)> <Delay = 0.00>
ST_1 : Operation 69 [1/1] (0.48ns)   --->   "%ret_ln0 = ret"   --->   Operation 69 'ret' 'ret_ln0' <Predicate = (icmp_ln50)> <Delay = 0.48>

State 2 <SV = 1> <Delay = 3.13>
ST_2 : Operation 45 [1/2] ( I:1.35ns O:1.35ns )   --->   "%bufferA_load = load i14 %bufferA_addr_1" [top.cpp:53]   --->   Operation 45 'load' 'bufferA_load' <Predicate = (!tmp)> <Delay = 1.35> <CoreInst = "RAM">   --->   Core 82 'RAM' <Latency = 1> <II = 1> <Delay = 1.35> <Storage> <Opcode : 'load' 'store'> <Ports = 2> <Width = 24> <Depth = 16384> <RAM>
ST_2 : Operation 46 [1/2] ( I:1.35ns O:1.35ns )   --->   "%bufferA_1_load = load i14 %bufferA_1_addr_1" [top.cpp:53]   --->   Operation 46 'load' 'bufferA_1_load' <Predicate = (!tmp)> <Delay = 1.35> <CoreInst = "RAM">   --->   Core 82 'RAM' <Latency = 1> <II = 1> <Delay = 1.35> <Storage> <Opcode : 'load' 'store'> <Ports = 2> <Width = 24> <Depth = 16384> <RAM>
ST_2 : Operation 47 [1/1] (0.43ns)   --->   "%select_ln53 = select i1 %trunc_ln50, i24 %bufferA_1_load, i24 %bufferA_load" [top.cpp:53]   --->   Operation 47 'select' 'select_ln53' <Predicate = (!tmp)> <Delay = 0.43> <CoreInst = "Sel">   --->   Core 73 'Sel' <Latency = 0> <II = 1> <Delay = 0.43> <FuncUnit> <Opcode : 'select'> <InPorts = 3> <OutPorts = 1>
ST_2 : Operation 48 [1/2] ( I:1.35ns O:1.35ns )   --->   "%bufferA_2_load = load i14 %bufferA_2_addr_1" [top.cpp:54]   --->   Operation 48 'load' 'bufferA_2_load' <Predicate = (!tmp)> <Delay = 1.35> <CoreInst = "RAM">   --->   Core 82 'RAM' <Latency = 1> <II = 1> <Delay = 1.35> <Storage> <Opcode : 'load' 'store'> <Ports = 2> <Width = 24> <Depth = 16384> <RAM>
ST_2 : Operation 49 [1/2] ( I:1.35ns O:1.35ns )   --->   "%bufferA_3_load = load i14 %bufferA_3_addr_1" [top.cpp:54]   --->   Operation 49 'load' 'bufferA_3_load' <Predicate = (!tmp)> <Delay = 1.35> <CoreInst = "RAM">   --->   Core 82 'RAM' <Latency = 1> <II = 1> <Delay = 1.35> <Storage> <Opcode : 'load' 'store'> <Ports = 2> <Width = 24> <Depth = 16384> <RAM>
ST_2 : Operation 50 [1/1] (0.43ns)   --->   "%select_ln54 = select i1 %trunc_ln50, i24 %bufferA_3_load, i24 %bufferA_2_load" [top.cpp:54]   --->   Operation 50 'select' 'select_ln54' <Predicate = (!tmp)> <Delay = 0.43> <CoreInst = "Sel">   --->   Core 73 'Sel' <Latency = 0> <II = 1> <Delay = 0.43> <FuncUnit> <Opcode : 'select'> <InPorts = 3> <OutPorts = 1>
ST_2 : Operation 51 [1/1] ( I:1.35ns O:1.35ns )   --->   "%store_ln53 = store i24 %select_ln53, i14 %bufferB_addr" [top.cpp:53]   --->   Operation 51 'store' 'store_ln53' <Predicate = (!tmp & !trunc_ln50)> <Delay = 1.35> <CoreInst = "RAM">   --->   Core 82 'RAM' <Latency = 1> <II = 1> <Delay = 1.35> <Storage> <Opcode : 'load' 'store'> <Ports = 2> <Width = 24> <Depth = 16384> <RAM>
ST_2 : Operation 52 [1/1] ( I:1.35ns O:1.35ns )   --->   "%store_ln54 = store i24 %select_ln54, i14 %bufferB_2_addr" [top.cpp:54]   --->   Operation 52 'store' 'store_ln54' <Predicate = (!tmp & !trunc_ln50)> <Delay = 1.35> <CoreInst = "RAM">   --->   Core 82 'RAM' <Latency = 1> <II = 1> <Delay = 1.35> <Storage> <Opcode : 'load' 'store'> <Ports = 2> <Width = 24> <Depth = 16384> <RAM>
ST_2 : Operation 53 [1/1] (0.00ns)   --->   "%br_ln54 = br void %arrayidx4437.exit" [top.cpp:54]   --->   Operation 53 'br' 'br_ln54' <Predicate = (!tmp & !trunc_ln50)> <Delay = 0.00>
ST_2 : Operation 54 [1/1] ( I:1.35ns O:1.35ns )   --->   "%store_ln53 = store i24 %select_ln53, i14 %bufferB_1_addr" [top.cpp:53]   --->   Operation 54 'store' 'store_ln53' <Predicate = (!tmp & trunc_ln50)> <Delay = 1.35> <CoreInst = "RAM">   --->   Core 82 'RAM' <Latency = 1> <II = 1> <Delay = 1.35> <Storage> <Opcode : 'load' 'store'> <Ports = 2> <Width = 24> <Depth = 16384> <RAM>
ST_2 : Operation 55 [1/1] ( I:1.35ns O:1.35ns )   --->   "%store_ln54 = store i24 %select_ln54, i14 %bufferB_3_addr" [top.cpp:54]   --->   Operation 55 'store' 'store_ln54' <Predicate = (!tmp & trunc_ln50)> <Delay = 1.35> <CoreInst = "RAM">   --->   Core 82 'RAM' <Latency = 1> <II = 1> <Delay = 1.35> <Storage> <Opcode : 'load' 'store'> <Ports = 2> <Width = 24> <Depth = 16384> <RAM>
ST_2 : Operation 56 [1/1] (0.00ns)   --->   "%br_ln54 = br void %arrayidx4437.exit" [top.cpp:54]   --->   Operation 56 'br' 'br_ln54' <Predicate = (!tmp & trunc_ln50)> <Delay = 0.00>
ST_2 : Operation 57 [1/2] ( I:1.35ns O:1.35ns )   --->   "%bufferB_load = load i14 %bufferB_addr" [top.cpp:56]   --->   Operation 57 'load' 'bufferB_load' <Predicate = (tmp)> <Delay = 1.35> <CoreInst = "RAM">   --->   Core 82 'RAM' <Latency = 1> <II = 1> <Delay = 1.35> <Storage> <Opcode : 'load' 'store'> <Ports = 2> <Width = 24> <Depth = 16384> <RAM>
ST_2 : Operation 58 [1/2] ( I:1.35ns O:1.35ns )   --->   "%bufferB_1_load = load i14 %bufferB_1_addr" [top.cpp:56]   --->   Operation 58 'load' 'bufferB_1_load' <Predicate = (tmp)> <Delay = 1.35> <CoreInst = "RAM">   --->   Core 82 'RAM' <Latency = 1> <II = 1> <Delay = 1.35> <Storage> <Opcode : 'load' 'store'> <Ports = 2> <Width = 24> <Depth = 16384> <RAM>
ST_2 : Operation 59 [1/1] (0.43ns)   --->   "%select_ln56 = select i1 %trunc_ln50, i24 %bufferB_1_load, i24 %bufferB_load" [top.cpp:56]   --->   Operation 59 'select' 'select_ln56' <Predicate = (tmp)> <Delay = 0.43> <CoreInst = "Sel">   --->   Core 73 'Sel' <Latency = 0> <II = 1> <Delay = 0.43> <FuncUnit> <Opcode : 'select'> <InPorts = 3> <OutPorts = 1>
ST_2 : Operation 60 [1/2] ( I:1.35ns O:1.35ns )   --->   "%bufferB_2_load = load i14 %bufferB_2_addr" [top.cpp:57]   --->   Operation 60 'load' 'bufferB_2_load' <Predicate = (tmp)> <Delay = 1.35> <CoreInst = "RAM">   --->   Core 82 'RAM' <Latency = 1> <II = 1> <Delay = 1.35> <Storage> <Opcode : 'load' 'store'> <Ports = 2> <Width = 24> <Depth = 16384> <RAM>
ST_2 : Operation 61 [1/2] ( I:1.35ns O:1.35ns )   --->   "%bufferB_3_load = load i14 %bufferB_3_addr" [top.cpp:57]   --->   Operation 61 'load' 'bufferB_3_load' <Predicate = (tmp)> <Delay = 1.35> <CoreInst = "RAM">   --->   Core 82 'RAM' <Latency = 1> <II = 1> <Delay = 1.35> <Storage> <Opcode : 'load' 'store'> <Ports = 2> <Width = 24> <Depth = 16384> <RAM>
ST_2 : Operation 62 [1/1] (0.43ns)   --->   "%select_ln57 = select i1 %trunc_ln50, i24 %bufferB_3_load, i24 %bufferB_2_load" [top.cpp:57]   --->   Operation 62 'select' 'select_ln57' <Predicate = (tmp)> <Delay = 0.43> <CoreInst = "Sel">   --->   Core 73 'Sel' <Latency = 0> <II = 1> <Delay = 0.43> <FuncUnit> <Opcode : 'select'> <InPorts = 3> <OutPorts = 1>
ST_2 : Operation 63 [1/1] ( I:1.35ns O:1.35ns )   --->   "%store_ln56 = store i24 %select_ln56, i14 %bufferA_addr_1" [top.cpp:56]   --->   Operation 63 'store' 'store_ln56' <Predicate = (tmp & !trunc_ln50)> <Delay = 1.35> <CoreInst = "RAM">   --->   Core 82 'RAM' <Latency = 1> <II = 1> <Delay = 1.35> <Storage> <Opcode : 'load' 'store'> <Ports = 2> <Width = 24> <Depth = 16384> <RAM>
ST_2 : Operation 64 [1/1] ( I:1.35ns O:1.35ns )   --->   "%store_ln57 = store i24 %select_ln57, i14 %bufferA_2_addr_1" [top.cpp:57]   --->   Operation 64 'store' 'store_ln57' <Predicate = (tmp & !trunc_ln50)> <Delay = 1.35> <CoreInst = "RAM">   --->   Core 82 'RAM' <Latency = 1> <II = 1> <Delay = 1.35> <Storage> <Opcode : 'load' 'store'> <Ports = 2> <Width = 24> <Depth = 16384> <RAM>
ST_2 : Operation 65 [1/1] (0.00ns)   --->   "%br_ln57 = br void %arrayidx4738.exit" [top.cpp:57]   --->   Operation 65 'br' 'br_ln57' <Predicate = (tmp & !trunc_ln50)> <Delay = 0.00>
ST_2 : Operation 66 [1/1] ( I:1.35ns O:1.35ns )   --->   "%store_ln56 = store i24 %select_ln56, i14 %bufferA_1_addr_1" [top.cpp:56]   --->   Operation 66 'store' 'store_ln56' <Predicate = (tmp & trunc_ln50)> <Delay = 1.35> <CoreInst = "RAM">   --->   Core 82 'RAM' <Latency = 1> <II = 1> <Delay = 1.35> <Storage> <Opcode : 'load' 'store'> <Ports = 2> <Width = 24> <Depth = 16384> <RAM>
ST_2 : Operation 67 [1/1] ( I:1.35ns O:1.35ns )   --->   "%store_ln57 = store i24 %select_ln57, i14 %bufferA_3_addr_1" [top.cpp:57]   --->   Operation 67 'store' 'store_ln57' <Predicate = (tmp & trunc_ln50)> <Delay = 1.35> <CoreInst = "RAM">   --->   Core 82 'RAM' <Latency = 1> <II = 1> <Delay = 1.35> <Storage> <Opcode : 'load' 'store'> <Ports = 2> <Width = 24> <Depth = 16384> <RAM>
ST_2 : Operation 68 [1/1] (0.00ns)   --->   "%br_ln57 = br void %arrayidx4738.exit" [top.cpp:57]   --->   Operation 68 'br' 'br_ln57' <Predicate = (tmp & trunc_ln50)> <Delay = 0.00>


============================================================
+ Verbose Summary: Timing violations
============================================================
Target clock period: 10.000ns, clock uncertainty: 2.700ns.

 <State 1>: 1.899ns
The critical path consists of the following:
	'store' operation 0 bit ('store_ln50', top.cpp:50) of constant 0 on local variable 'j', top.cpp:50 [12]  (0.489 ns)
	'load' operation 9 bit ('j', top.cpp:50) on local variable 'j', top.cpp:50 [15]  (0.000 ns)
	'add' operation 9 bit ('add_ln50', top.cpp:50) [17]  (0.921 ns)
	'store' operation 0 bit ('store_ln50', top.cpp:50) of variable 'add_ln50', top.cpp:50 on local variable 'j', top.cpp:50 [75]  (0.489 ns)

 <State 2>: 3.139ns
The critical path consists of the following:
	'load' operation 24 bit ('bufferB_load', top.cpp:56) on array 'bufferB' [57]  (1.352 ns)
	'select' operation 24 bit ('select_ln56', top.cpp:56) [59]  (0.435 ns)
	'store' operation 0 bit ('store_ln56', top.cpp:56) of variable 'select_ln56', top.cpp:56 on array 'bufferA' [65]  (1.352 ns)


============================================================
+ Verbose Summary: Binding
============================================================
N/A
* FSMD analyzer results:
  - Output states:
 - Input state : 
  - Chain level:
	State 1
	State 2


============================================================
+ Verbose Summary: Datapath Resource usage 
============================================================
N/A
