

================================================================
== Vitis HLS Report for 'read_input'
================================================================
* Date:           Thu Feb 19 22:36:34 2026

* Version:        2025.1.1 (Build 6214317 on Sep 11 2025)
* Project:        project_1
* Solution:       hls (Vivado IP Flow Target)
* Product family: zynquplus
* Target device:  xczu3eg-sbva484-1-e


================================================================
== Performance Estimates
================================================================
+ Timing: 
    * Summary: 
    +--------+----------+----------+------------+
    |  Clock |  Target  | Estimated| Uncertainty|
    +--------+----------+----------+------------+
    |ap_clk  |  10.00 ns|  7.300 ns|     2.70 ns|
    +--------+----------+----------+------------+

+ Latency: 
    * Summary: 
    +---------+---------+----------+----------+--------+--------+---------+
    |  Latency (cycles) |  Latency (absolute) |     Interval    | Pipeline|
    |   min   |   max   |    min   |    max   |   min  |   max  |   Type  |
    +---------+---------+----------+----------+--------+--------+---------+
    |   197128|   197128|  1.971 ms|  1.971 ms|  197128|  197128|       no|
    +---------+---------+----------+----------+--------+--------+---------+

    + Detail: 
        * Instance: 
        N/A

        * Loop: 
        +-------------------+---------+---------+----------+-----------+-----------+------+----------+
        |                   |  Latency (cycles) | Iteration|  Initiation Interval  | Trip |          |
        |     Loop Name     |   min   |   max   |  Latency |  achieved |   target  | Count| Pipelined|
        +-------------------+---------+---------+----------+-----------+-----------+------+----------+
        |- VITIS_LOOP_7_1   |   197120|   197120|       770|          -|          -|   256|        no|
        | + VITIS_LOOP_8_2  |      768|      768|         3|          -|          -|   256|        no|
        +-------------------+---------+---------+----------+-----------+-----------+------+----------+



================================================================
== Utilization Estimates
================================================================
* Summary: 
+-----------------+---------+-----+--------+-------+-----+
|       Name      | BRAM_18K| DSP |   FF   |  LUT  | URAM|
+-----------------+---------+-----+--------+-------+-----+
|DSP              |        -|    -|       -|      -|    -|
|Expression       |        -|    -|       0|     91|    -|
|FIFO             |        -|    -|       -|      -|    -|
|Instance         |        -|    -|       -|      -|    -|
|Memory           |        -|    -|       -|      -|    -|
|Multiplexer      |        -|    -|       0|    110|    -|
|Register         |        -|    -|      97|      -|    -|
+-----------------+---------+-----+--------+-------+-----+
|Total            |        0|    0|      97|    201|    0|
+-----------------+---------+-----+--------+-------+-----+
|Available        |      432|  360|  141120|  70560|    0|
+-----------------+---------+-----+--------+-------+-----+
|Utilization (%)  |        0|    0|      ~0|     ~0|    0|
+-----------------+---------+-----+--------+-------+-----+

+ Detail: 
    * Instance: 
    N/A

    * DSP: 
    N/A

    * Memory: 
    N/A

    * FIFO: 
    N/A

    * Expression: 
    +--------------------+----------+----+---+----+------------+------------+
    |    Variable Name   | Operation| DSP| FF| LUT| Bitwidth P0| Bitwidth P1|
    +--------------------+----------+----+---+----+------------+------------+
    |add_ln7_fu_141_p2   |         +|   0|  0|  16|           9|           1|
    |add_ln8_fu_165_p2   |         +|   0|  0|  16|           9|           1|
    |add_ln9_fu_175_p2   |         +|   0|  0|  23|          16|          16|
    |icmp_ln7_fu_135_p2  |      icmp|   0|  0|  17|           9|          10|
    |icmp_ln8_fu_159_p2  |      icmp|   0|  0|  17|           9|          10|
    |ap_block_state1     |        or|   0|  0|   2|           1|           1|
    +--------------------+----------+----+---+----+------------+------------+
    |Total               |          |   0|  0|  91|          53|          39|
    +--------------------+----------+----+---+----+------------+------------+

    * Multiplexer: 
    +---------------+----+-----------+-----+-----------+
    |      Name     | LUT| Input Size| Bits| Total Bits|
    +---------------+----+-----------+-----+-----------+
    |A_in_blk_n_AR  |   9|          2|    1|          2|
    |A_in_blk_n_R   |   9|          2|    1|          2|
    |ap_NS_fsm      |  65|         13|    1|         13|
    |ap_done        |   9|          2|    1|          2|
    |i_fu_60        |   9|          2|    9|         18|
    |j_reg_95       |   9|          2|    9|         18|
    +---------------+----+-----------+-----+-----------+
    |Total          | 110|         23|   22|         55|
    +---------------+----+-----------+-----+-----------+

    * Register: 
    +-------------------+----+----+-----+-----------+
    |        Name       | FF | LUT| Bits| Const Bits|
    +-------------------+----+----+-----+-----------+
    |add_ln7_reg_208    |   9|   0|    9|          0|
    |add_ln8_reg_221    |   9|   0|    9|          0|
    |add_ln9_reg_226    |  16|   0|   16|          0|
    |ap_CS_fsm          |  12|   0|   12|          0|
    |ap_done_reg        |   1|   0|    1|          0|
    |i_fu_60            |   9|   0|    9|          0|
    |j_reg_95           |   9|   0|    9|          0|
    |tmp_reg_213        |   8|   0|   16|          8|
    |trunc_ln9_reg_231  |  24|   0|   24|          0|
    +-------------------+----+----+-----+-----------+
    |Total              |  97|   0|  105|          8|
    +-------------------+----+----+-----+-----------+



================================================================
== Interface
================================================================
* Summary: 
+-----------------------+-----+-----+------------+--------------+--------------+
|       RTL Ports       | Dir | Bits|  Protocol  | Source Object|    C Type    |
+-----------------------+-----+-----+------------+--------------+--------------+
|ap_clk                 |   in|    1|  ap_ctrl_hs|    read_input|  return value|
|ap_rst                 |   in|    1|  ap_ctrl_hs|    read_input|  return value|
|ap_start               |   in|    1|  ap_ctrl_hs|    read_input|  return value|
|ap_done                |  out|    1|  ap_ctrl_hs|    read_input|  return value|
|ap_continue            |   in|    1|  ap_ctrl_hs|    read_input|  return value|
|ap_idle                |  out|    1|  ap_ctrl_hs|    read_input|  return value|
|ap_ready               |  out|    1|  ap_ctrl_hs|    read_input|  return value|
|m_axi_A_in_0_AWVALID   |  out|    1|       m_axi|          A_in|       pointer|
|m_axi_A_in_0_AWREADY   |   in|    1|       m_axi|          A_in|       pointer|
|m_axi_A_in_0_AWADDR    |  out|   64|       m_axi|          A_in|       pointer|
|m_axi_A_in_0_AWID      |  out|    1|       m_axi|          A_in|       pointer|
|m_axi_A_in_0_AWLEN     |  out|   32|       m_axi|          A_in|       pointer|
|m_axi_A_in_0_AWSIZE    |  out|    3|       m_axi|          A_in|       pointer|
|m_axi_A_in_0_AWBURST   |  out|    2|       m_axi|          A_in|       pointer|
|m_axi_A_in_0_AWLOCK    |  out|    2|       m_axi|          A_in|       pointer|
|m_axi_A_in_0_AWCACHE   |  out|    4|       m_axi|          A_in|       pointer|
|m_axi_A_in_0_AWPROT    |  out|    3|       m_axi|          A_in|       pointer|
|m_axi_A_in_0_AWQOS     |  out|    4|       m_axi|          A_in|       pointer|
|m_axi_A_in_0_AWREGION  |  out|    4|       m_axi|          A_in|       pointer|
|m_axi_A_in_0_AWUSER    |  out|    1|       m_axi|          A_in|       pointer|
|m_axi_A_in_0_WVALID    |  out|    1|       m_axi|          A_in|       pointer|
|m_axi_A_in_0_WREADY    |   in|    1|       m_axi|          A_in|       pointer|
|m_axi_A_in_0_WDATA     |  out|   32|       m_axi|          A_in|       pointer|
|m_axi_A_in_0_WSTRB     |  out|    4|       m_axi|          A_in|       pointer|
|m_axi_A_in_0_WLAST     |  out|    1|       m_axi|          A_in|       pointer|
|m_axi_A_in_0_WID       |  out|    1|       m_axi|          A_in|       pointer|
|m_axi_A_in_0_WUSER     |  out|    1|       m_axi|          A_in|       pointer|
|m_axi_A_in_0_ARVALID   |  out|    1|       m_axi|          A_in|       pointer|
|m_axi_A_in_0_ARREADY   |   in|    1|       m_axi|          A_in|       pointer|
|m_axi_A_in_0_ARADDR    |  out|   64|       m_axi|          A_in|       pointer|
|m_axi_A_in_0_ARID      |  out|    1|       m_axi|          A_in|       pointer|
|m_axi_A_in_0_ARLEN     |  out|   32|       m_axi|          A_in|       pointer|
|m_axi_A_in_0_ARSIZE    |  out|    3|       m_axi|          A_in|       pointer|
|m_axi_A_in_0_ARBURST   |  out|    2|       m_axi|          A_in|       pointer|
|m_axi_A_in_0_ARLOCK    |  out|    2|       m_axi|          A_in|       pointer|
|m_axi_A_in_0_ARCACHE   |  out|    4|       m_axi|          A_in|       pointer|
|m_axi_A_in_0_ARPROT    |  out|    3|       m_axi|          A_in|       pointer|
|m_axi_A_in_0_ARQOS     |  out|    4|       m_axi|          A_in|       pointer|
|m_axi_A_in_0_ARREGION  |  out|    4|       m_axi|          A_in|       pointer|
|m_axi_A_in_0_ARUSER    |  out|    1|       m_axi|          A_in|       pointer|
|m_axi_A_in_0_RVALID    |   in|    1|       m_axi|          A_in|       pointer|
|m_axi_A_in_0_RREADY    |  out|    1|       m_axi|          A_in|       pointer|
|m_axi_A_in_0_RDATA     |   in|   32|       m_axi|          A_in|       pointer|
|m_axi_A_in_0_RLAST     |   in|    1|       m_axi|          A_in|       pointer|
|m_axi_A_in_0_RID       |   in|    1|       m_axi|          A_in|       pointer|
|m_axi_A_in_0_RFIFONUM  |   in|    9|       m_axi|          A_in|       pointer|
|m_axi_A_in_0_RUSER     |   in|    1|       m_axi|          A_in|       pointer|
|m_axi_A_in_0_RRESP     |   in|    2|       m_axi|          A_in|       pointer|
|m_axi_A_in_0_BVALID    |   in|    1|       m_axi|          A_in|       pointer|
|m_axi_A_in_0_BREADY    |  out|    1|       m_axi|          A_in|       pointer|
|m_axi_A_in_0_BRESP     |   in|    2|       m_axi|          A_in|       pointer|
|m_axi_A_in_0_BID       |   in|    1|       m_axi|          A_in|       pointer|
|m_axi_A_in_0_BUSER     |   in|    1|       m_axi|          A_in|       pointer|
|A_in1                  |   in|   64|     ap_none|         A_in1|        scalar|
|stream_out_address0    |  out|   16|   ap_memory|    stream_out|         array|
|stream_out_ce0         |  out|    1|   ap_memory|    stream_out|         array|
|stream_out_we0         |  out|    1|   ap_memory|    stream_out|         array|
|stream_out_d0          |  out|   24|   ap_memory|    stream_out|         array|
+-----------------------+-----+-----+------------+--------------+--------------+

============================================================
+ Verbose Summary: Synthesis Manager
============================================================
InlineROM: 1
ExposeGlobal: 0
============================================================
+ Verbose Summary: CDFG Model
============================================================
IsTopModel: 0
ResetActiveHigh: 1
IsCombinational: 2
IsDatapathOnly: 0
HasWiredReturn: 1
HasMFsm: 0
HasVarLatency: 1
IsPipeline: 0
IsRtlPipelined: 0
IsInstanceOverlapped: 0
IsDontTouch: 0
HasImplIP: 0
IsGatedGlobalClock: 0


============================================================
+ Verbose Summary: Schedule
============================================================
* Number of FSM states : 12
* Pipeline : 0
* Dataflow Pipeline: 0

* FSM state transitions: 
1 --> 2 
2 --> 3 
3 --> 4 
4 --> 5 
5 --> 6 
6 --> 7 
7 --> 8 
8 --> 9 
9 --> 10 
10 --> 11 9 
11 --> 12 
12 --> 10 

* FSM state operations: 

State 1 <SV = 0> <Delay = 7.30>
ST_1 : Operation 13 [1/1] (0.00ns)   --->   "%i = alloca i32 1" [top.cpp:7]   --->   Operation 13 'alloca' 'i' <Predicate = true> <Delay = 0.00>
ST_1 : Operation 14 [1/1] (0.00ns)   --->   "%A_in1_read = read i64 @_ssdm_op_Read.ap_auto.i64, i64 %A_in1" [top.cpp:6]   --->   Operation 14 'read' 'A_in1_read' <Predicate = true> <Delay = 0.00>
ST_1 : Operation 15 [1/1] (0.00ns)   --->   "%trunc_ln7 = partselect i62 @_ssdm_op_PartSelect.i62.i64.i32.i32, i64 %A_in1_read, i32 2, i32 63" [top.cpp:7]   --->   Operation 15 'partselect' 'trunc_ln7' <Predicate = true> <Delay = 0.00>
ST_1 : Operation 16 [1/1] (0.00ns)   --->   "%sext_ln7 = sext i62 %trunc_ln7" [top.cpp:7]   --->   Operation 16 'sext' 'sext_ln7' <Predicate = true> <Delay = 0.00>
ST_1 : Operation 17 [1/1] (0.00ns)   --->   "%A_in_addr = getelementptr i32 %A_in, i64 %sext_ln7" [top.cpp:7]   --->   Operation 17 'getelementptr' 'A_in_addr' <Predicate = true> <Delay = 0.00>
ST_1 : Operation 18 [8/8] (7.30ns)   --->   "%empty = readreq i1 @_ssdm_op_ReadReq.m_axi.p1i32, i64 %A_in_addr, i64 65536" [top.cpp:7]   --->   Operation 18 'readreq' 'empty' <Predicate = true> <Delay = 7.30> <CoreInst = "m_axi">   --->   Core 119 'm_axi' <Latency = 6> <II = 1> <Delay = 1.00> <Adapter> <Opcode : 'read' 'write' 'readreq' 'writereq' 'writeresp'>
ST_1 : Operation 19 [1/1] (0.48ns)   --->   "%store_ln7 = store i9 0, i9 %i" [top.cpp:7]   --->   Operation 19 'store' 'store_ln7' <Predicate = true> <Delay = 0.48>

State 2 <SV = 1> <Delay = 7.30>
ST_2 : Operation 20 [7/8] (7.30ns)   --->   "%empty = readreq i1 @_ssdm_op_ReadReq.m_axi.p1i32, i64 %A_in_addr, i64 65536" [top.cpp:7]   --->   Operation 20 'readreq' 'empty' <Predicate = true> <Delay = 7.30> <CoreInst = "m_axi">   --->   Core 119 'm_axi' <Latency = 6> <II = 1> <Delay = 1.00> <Adapter> <Opcode : 'read' 'write' 'readreq' 'writereq' 'writeresp'>

State 3 <SV = 2> <Delay = 7.30>
ST_3 : Operation 21 [6/8] (7.30ns)   --->   "%empty = readreq i1 @_ssdm_op_ReadReq.m_axi.p1i32, i64 %A_in_addr, i64 65536" [top.cpp:7]   --->   Operation 21 'readreq' 'empty' <Predicate = true> <Delay = 7.30> <CoreInst = "m_axi">   --->   Core 119 'm_axi' <Latency = 6> <II = 1> <Delay = 1.00> <Adapter> <Opcode : 'read' 'write' 'readreq' 'writereq' 'writeresp'>

State 4 <SV = 3> <Delay = 7.30>
ST_4 : Operation 22 [5/8] (7.30ns)   --->   "%empty = readreq i1 @_ssdm_op_ReadReq.m_axi.p1i32, i64 %A_in_addr, i64 65536" [top.cpp:7]   --->   Operation 22 'readreq' 'empty' <Predicate = true> <Delay = 7.30> <CoreInst = "m_axi">   --->   Core 119 'm_axi' <Latency = 6> <II = 1> <Delay = 1.00> <Adapter> <Opcode : 'read' 'write' 'readreq' 'writereq' 'writeresp'>

State 5 <SV = 4> <Delay = 7.30>
ST_5 : Operation 23 [4/8] (7.30ns)   --->   "%empty = readreq i1 @_ssdm_op_ReadReq.m_axi.p1i32, i64 %A_in_addr, i64 65536" [top.cpp:7]   --->   Operation 23 'readreq' 'empty' <Predicate = true> <Delay = 7.30> <CoreInst = "m_axi">   --->   Core 119 'm_axi' <Latency = 6> <II = 1> <Delay = 1.00> <Adapter> <Opcode : 'read' 'write' 'readreq' 'writereq' 'writeresp'>

State 6 <SV = 5> <Delay = 7.30>
ST_6 : Operation 24 [3/8] (7.30ns)   --->   "%empty = readreq i1 @_ssdm_op_ReadReq.m_axi.p1i32, i64 %A_in_addr, i64 65536" [top.cpp:7]   --->   Operation 24 'readreq' 'empty' <Predicate = true> <Delay = 7.30> <CoreInst = "m_axi">   --->   Core 119 'm_axi' <Latency = 6> <II = 1> <Delay = 1.00> <Adapter> <Opcode : 'read' 'write' 'readreq' 'writereq' 'writeresp'>

State 7 <SV = 6> <Delay = 7.30>
ST_7 : Operation 25 [2/8] (7.30ns)   --->   "%empty = readreq i1 @_ssdm_op_ReadReq.m_axi.p1i32, i64 %A_in_addr, i64 65536" [top.cpp:7]   --->   Operation 25 'readreq' 'empty' <Predicate = true> <Delay = 7.30> <CoreInst = "m_axi">   --->   Core 119 'm_axi' <Latency = 6> <II = 1> <Delay = 1.00> <Adapter> <Opcode : 'read' 'write' 'readreq' 'writereq' 'writeresp'>

State 8 <SV = 7> <Delay = 7.30>
ST_8 : Operation 26 [1/1] (0.00ns)   --->   "%specinterface_ln0 = specinterface void @_ssdm_op_SpecInterface, i32 %A_in, void @empty_14, i32 0, i32 0, void @empty_13, i32 0, i32 0, void @empty_2, void @empty_1, void @empty_13, i32 16, i32 16, i32 16, i32 16, void @empty_13, void @empty_13, i32 4294967295, i32 0, i32 0"   --->   Operation 26 'specinterface' 'specinterface_ln0' <Predicate = true> <Delay = 0.00>
ST_8 : Operation 27 [1/8] (7.30ns)   --->   "%empty = readreq i1 @_ssdm_op_ReadReq.m_axi.p1i32, i64 %A_in_addr, i64 65536" [top.cpp:7]   --->   Operation 27 'readreq' 'empty' <Predicate = true> <Delay = 7.30> <CoreInst = "m_axi">   --->   Core 119 'm_axi' <Latency = 6> <II = 1> <Delay = 1.00> <Adapter> <Opcode : 'read' 'write' 'readreq' 'writereq' 'writeresp'>
ST_8 : Operation 28 [1/1] (0.00ns)   --->   "%br_ln7 = br void %VITIS_LOOP_8_2" [top.cpp:7]   --->   Operation 28 'br' 'br_ln7' <Predicate = true> <Delay = 0.00>

State 9 <SV = 8> <Delay = 1.40>
ST_9 : Operation 29 [1/1] (0.00ns)   --->   "%i_1 = load i9 %i" [top.cpp:7]   --->   Operation 29 'load' 'i_1' <Predicate = true> <Delay = 0.00>
ST_9 : Operation 30 [1/1] (0.92ns)   --->   "%icmp_ln7 = icmp_eq  i9 %i_1, i9 256" [top.cpp:7]   --->   Operation 30 'icmp' 'icmp_ln7' <Predicate = true> <Delay = 0.92> <CoreInst = "Cmp">   --->   Core 9 'Cmp' <Latency = 0> <II = 1> <Delay = 0.93> <FuncUnit> <Opcode : 'seteq' 'setne' 'setle' 'setge' 'setlt' 'setgt'> <InPorts = 2> <OutPorts = 1>
ST_9 : Operation 31 [1/1] (0.92ns)   --->   "%add_ln7 = add i9 %i_1, i9 1" [top.cpp:7]   --->   Operation 31 'add' 'add_ln7' <Predicate = true> <Delay = 0.92> <CoreInst = "Adder">   --->   Core 1 'Adder' <Latency = 0> <II = 1> <Delay = 0.92> <FuncUnit> <Opcode : 'add' 'sub'> <InPorts = 2> <OutPorts = 1>
ST_9 : Operation 32 [1/1] (0.00ns)   --->   "%br_ln7 = br i1 %icmp_ln7, void %VITIS_LOOP_8_2.split, void %for.end13" [top.cpp:7]   --->   Operation 32 'br' 'br_ln7' <Predicate = true> <Delay = 0.00>
ST_9 : Operation 33 [1/1] (0.00ns)   --->   "%trunc_ln7_1 = trunc i9 %i_1" [top.cpp:7]   --->   Operation 33 'trunc' 'trunc_ln7_1' <Predicate = (!icmp_ln7)> <Delay = 0.00>
ST_9 : Operation 34 [1/1] (0.00ns)   --->   "%tmp = bitconcatenate i16 @_ssdm_op_BitConcatenate.i16.i8.i8, i8 %trunc_ln7_1, i8 0" [top.cpp:9]   --->   Operation 34 'bitconcatenate' 'tmp' <Predicate = (!icmp_ln7)> <Delay = 0.00>
ST_9 : Operation 35 [1/1] (0.00ns)   --->   "%speclooptripcount_ln7 = speclooptripcount void @_ssdm_op_SpecLoopTripCount, i64 256, i64 256, i64 256" [top.cpp:7]   --->   Operation 35 'speclooptripcount' 'speclooptripcount_ln7' <Predicate = (!icmp_ln7)> <Delay = 0.00>
ST_9 : Operation 36 [1/1] (0.00ns)   --->   "%specloopname_ln7 = specloopname void @_ssdm_op_SpecLoopName, void @empty_8" [top.cpp:7]   --->   Operation 36 'specloopname' 'specloopname_ln7' <Predicate = (!icmp_ln7)> <Delay = 0.00>
ST_9 : Operation 37 [1/1] (0.48ns)   --->   "%br_ln8 = br void %for.inc" [top.cpp:8]   --->   Operation 37 'br' 'br_ln8' <Predicate = (!icmp_ln7)> <Delay = 0.48>
ST_9 : Operation 38 [1/1] (0.00ns)   --->   "%ret_ln12 = ret" [top.cpp:12]   --->   Operation 38 'ret' 'ret_ln12' <Predicate = (icmp_ln7)> <Delay = 0.00>

State 10 <SV = 9> <Delay = 1.40>
ST_10 : Operation 39 [1/1] (0.00ns)   --->   "%j = phi i9 0, void %VITIS_LOOP_8_2.split, i9 %add_ln8, void %for.inc.split" [top.cpp:8]   --->   Operation 39 'phi' 'j' <Predicate = true> <Delay = 0.00>
ST_10 : Operation 40 [1/1] (0.92ns)   --->   "%icmp_ln8 = icmp_eq  i9 %j, i9 256" [top.cpp:8]   --->   Operation 40 'icmp' 'icmp_ln8' <Predicate = true> <Delay = 0.92> <CoreInst = "Cmp">   --->   Core 9 'Cmp' <Latency = 0> <II = 1> <Delay = 0.93> <FuncUnit> <Opcode : 'seteq' 'setne' 'setle' 'setge' 'setlt' 'setgt'> <InPorts = 2> <OutPorts = 1>
ST_10 : Operation 41 [1/1] (0.92ns)   --->   "%add_ln8 = add i9 %j, i9 1" [top.cpp:8]   --->   Operation 41 'add' 'add_ln8' <Predicate = true> <Delay = 0.92> <CoreInst = "Adder">   --->   Core 1 'Adder' <Latency = 0> <II = 1> <Delay = 0.92> <FuncUnit> <Opcode : 'add' 'sub'> <InPorts = 2> <OutPorts = 1>
ST_10 : Operation 42 [1/1] (0.00ns)   --->   "%br_ln8 = br i1 %icmp_ln8, void %for.inc.split, void %for.inc11" [top.cpp:8]   --->   Operation 42 'br' 'br_ln8' <Predicate = true> <Delay = 0.00>
ST_10 : Operation 43 [1/1] (0.00ns)   --->   "%zext_ln9 = zext i9 %j" [top.cpp:9]   --->   Operation 43 'zext' 'zext_ln9' <Predicate = (!icmp_ln8)> <Delay = 0.00>
ST_10 : Operation 44 [1/1] (1.01ns)   --->   "%add_ln9 = add i16 %tmp, i16 %zext_ln9" [top.cpp:9]   --->   Operation 44 'add' 'add_ln9' <Predicate = (!icmp_ln8)> <Delay = 1.01> <CoreInst = "Adder">   --->   Core 1 'Adder' <Latency = 0> <II = 1> <Delay = 1.01> <FuncUnit> <Opcode : 'add' 'sub'> <InPorts = 2> <OutPorts = 1>
ST_10 : Operation 45 [1/1] (0.48ns)   --->   "%store_ln7 = store i9 %add_ln7, i9 %i" [top.cpp:7]   --->   Operation 45 'store' 'store_ln7' <Predicate = (icmp_ln8)> <Delay = 0.48>
ST_10 : Operation 46 [1/1] (0.00ns)   --->   "%br_ln7 = br void %VITIS_LOOP_8_2" [top.cpp:7]   --->   Operation 46 'br' 'br_ln7' <Predicate = (icmp_ln8)> <Delay = 0.00>

State 11 <SV = 10> <Delay = 7.30>
ST_11 : Operation 47 [1/1] (7.30ns)   --->   "%A_in_addr_read = read i32 @_ssdm_op_Read.m_axi.p1i32, i64 %A_in_addr" [top.cpp:9]   --->   Operation 47 'read' 'A_in_addr_read' <Predicate = true> <Delay = 7.30> <CoreInst = "m_axi">   --->   Core 119 'm_axi' <Latency = 3> <II = 1> <Delay = 1.00> <Adapter> <Opcode : 'read' 'write' 'readreq' 'writereq' 'writeresp'>
ST_11 : Operation 48 [1/1] (0.00ns)   --->   "%trunc_ln9 = trunc i32 %A_in_addr_read" [top.cpp:9]   --->   Operation 48 'trunc' 'trunc_ln9' <Predicate = true> <Delay = 0.00>

State 12 <SV = 11> <Delay = 1.35>
ST_12 : Operation 49 [1/1] (0.00ns)   --->   "%zext_ln9_1 = zext i16 %add_ln9" [top.cpp:9]   --->   Operation 49 'zext' 'zext_ln9_1' <Predicate = true> <Delay = 0.00>
ST_12 : Operation 50 [1/1] (0.00ns)   --->   "%stream_out_addr = getelementptr i24 %stream_out, i64 0, i64 %zext_ln9_1" [top.cpp:9]   --->   Operation 50 'getelementptr' 'stream_out_addr' <Predicate = true> <Delay = 0.00>
ST_12 : Operation 51 [1/1] (0.00ns)   --->   "%speclooptripcount_ln8 = speclooptripcount void @_ssdm_op_SpecLoopTripCount, i64 256, i64 256, i64 256" [top.cpp:8]   --->   Operation 51 'speclooptripcount' 'speclooptripcount_ln8' <Predicate = true> <Delay = 0.00>
ST_12 : Operation 52 [1/1] (0.00ns)   --->   "%specloopname_ln8 = specloopname void @_ssdm_op_SpecLoopName, void @empty_9" [top.cpp:8]   --->   Operation 52 'specloopname' 'specloopname_ln8' <Predicate = true> <Delay = 0.00>
ST_12 : Operation 53 [1/1] ( I:1.35ns O:1.35ns )   --->   "%store_ln9 = store i24 %trunc_ln9, i16 %stream_out_addr" [top.cpp:9]   --->   Operation 53 'store' 'store_ln9' <Predicate = true> <Delay = 1.35> <CoreInst = "RAM">   --->   Core 82 'RAM' <Latency = 1> <II = 1> <Delay = 1.35> <Storage> <Opcode : 'load' 'store'> <Ports = 2> <Width = 24> <Depth = 65536> <RAM>
ST_12 : Operation 54 [1/1] (0.00ns)   --->   "%br_ln8 = br void %for.inc" [top.cpp:8]   --->   Operation 54 'br' 'br_ln8' <Predicate = true> <Delay = 0.00>


============================================================
+ Verbose Summary: Binding
============================================================
STG Binding: 
---------------- STG Properties BEGIN ----------------
- Is combinational: 0
- Is one-state seq: 0
- Is datapath-only: 0
- Is pipelined: 0
- Is top level: 0
Port [ Return ] is wired: 1; IO mode=ap_ctrl_hs:ce=0
Port [ A_in]:  wired=1; compound=1; hidden=0; nouse=0; global=0; static=0; extern=0; dir=0; type=4; pingpong=0; private_global=0; IO mode=m_axi:ce=0
Port [ A_in1]:  wired=1; compound=0; hidden=0; nouse=0; global=0; static=0; extern=0; dir=0; type=0; pingpong=0; private_global=0; IO mode=ap_none:ce=0
Port [ stream_out]:  wired=1; compound=1; hidden=0; nouse=0; global=0; static=0; extern=0; dir=1; type=1; pingpong=1; private_global=0; MemPort=[03]; IO mode=ap_memory:ce=0
---------------- STG Properties END ------------------

---------------- Datapath Model BEGIN ----------------

<LifeTime>
<method=bitvector/>
i                     (alloca           ) [ 0111111111111]
A_in1_read            (read             ) [ 0000000000000]
trunc_ln7             (partselect       ) [ 0000000000000]
sext_ln7              (sext             ) [ 0000000000000]
A_in_addr             (getelementptr    ) [ 0011111111111]
store_ln7             (store            ) [ 0000000000000]
specinterface_ln0     (specinterface    ) [ 0000000000000]
empty                 (readreq          ) [ 0000000000000]
br_ln7                (br               ) [ 0000000000000]
i_1                   (load             ) [ 0000000000000]
icmp_ln7              (icmp             ) [ 0000000001111]
add_ln7               (add              ) [ 0000000000111]
br_ln7                (br               ) [ 0000000000000]
trunc_ln7_1           (trunc            ) [ 0000000000000]
tmp                   (bitconcatenate   ) [ 0000000000111]
speclooptripcount_ln7 (speclooptripcount) [ 0000000000000]
specloopname_ln7      (specloopname     ) [ 0000000000000]
br_ln8                (br               ) [ 0000000001111]
ret_ln12              (ret              ) [ 0000000000000]
j                     (phi              ) [ 0000000000100]
icmp_ln8              (icmp             ) [ 0000000001111]
add_ln8               (add              ) [ 0000000001111]
br_ln8                (br               ) [ 0000000000000]
zext_ln9              (zext             ) [ 0000000000000]
add_ln9               (add              ) [ 0000000000011]
store_ln7             (store            ) [ 0000000000000]
br_ln7                (br               ) [ 0000000000000]
A_in_addr_read        (read             ) [ 0000000000000]
trunc_ln9             (trunc            ) [ 0000000000001]
zext_ln9_1            (zext             ) [ 0000000000000]
stream_out_addr       (getelementptr    ) [ 0000000000000]
speclooptripcount_ln8 (speclooptripcount) [ 0000000000000]
specloopname_ln8      (specloopname     ) [ 0000000000000]
store_ln9             (store            ) [ 0000000000000]
br_ln8                (br               ) [ 0000000001111]
</LifeTime>

<model>

<comp_list>
<comp id="0" class="1000" name="A_in">
<pin_list>
<pin id="1" dir="1" index="0" bw="1" slack="0"/>
</pin_list>
<bind>
<StgValue><ssdm name="A_in"/><MemPortTyVec>0 </MemPortTyVec>
</StgValue>
</bind>
</comp>

<comp id="2" class="1000" name="A_in1">
<pin_list>
<pin id="3" dir="1" index="0" bw="1" slack="0"/>
</pin_list>
<bind>
<StgValue><ssdm name="A_in1"/></StgValue>
</bind>
</comp>

<comp id="4" class="1000" name="stream_out">
<pin_list>
<pin id="5" dir="1" index="0" bw="1" slack="0"/>
</pin_list>
<bind>
<StgValue><ssdm name="stream_out"/><MemPortTyVec>0 3 </MemPortTyVec>
</StgValue>
</bind>
</comp>

<comp id="6" class="1001" name="const_6">
<pin_list>
<pin id="7" dir="1" index="0" bw="1" slack="0"/>
</pin_list>
<bind>
<StgValue><ssdm name=""/></StgValue>
</bind>
</comp>

<comp id="8" class="1001" name="const_8">
<pin_list>
<pin id="9" dir="1" index="0" bw="1" slack="0"/>
</pin_list>
<bind>
<StgValue><ssdm name="_ssdm_op_Read.ap_auto.i64"/></StgValue>
</bind>
</comp>

<comp id="10" class="1001" name="const_10">
<pin_list>
<pin id="11" dir="1" index="0" bw="1" slack="0"/>
</pin_list>
<bind>
<StgValue><ssdm name="_ssdm_op_PartSelect.i62.i64.i32.i32"/></StgValue>
</bind>
</comp>

<comp id="12" class="1001" name="const_12">
<pin_list>
<pin id="13" dir="1" index="0" bw="1" slack="0"/>
</pin_list>
<bind>
<StgValue><ssdm name=""/></StgValue>
</bind>
</comp>

<comp id="14" class="1001" name="const_14">
<pin_list>
<pin id="15" dir="1" index="0" bw="1" slack="0"/>
</pin_list>
<bind>
<StgValue><ssdm name=""/></StgValue>
</bind>
</comp>

<comp id="16" class="1001" name="const_16">
<pin_list>
<pin id="17" dir="1" index="0" bw="1" slack="0"/>
</pin_list>
<bind>
<StgValue><ssdm name="_ssdm_op_ReadReq.m_axi.p1i32"/></StgValue>
</bind>
</comp>

<comp id="18" class="1001" name="const_18">
<pin_list>
<pin id="19" dir="1" index="0" bw="1" slack="0"/>
</pin_list>
<bind>
<StgValue><ssdm name=""/></StgValue>
</bind>
</comp>

<comp id="20" class="1001" name="const_20">
<pin_list>
<pin id="21" dir="1" index="0" bw="1" slack="0"/>
</pin_list>
<bind>
<StgValue><ssdm name=""/></StgValue>
</bind>
</comp>

<comp id="22" class="1001" name="const_22">
<pin_list>
<pin id="23" dir="1" index="0" bw="1" slack="2147483647"/>
</pin_list>
<bind>
<StgValue><ssdm name="_ssdm_op_SpecInterface"/></StgValue>
</bind>
</comp>

<comp id="24" class="1001" name="const_24">
<pin_list>
<pin id="25" dir="1" index="0" bw="1" slack="2147483647"/>
</pin_list>
<bind>
<StgValue><ssdm name="empty_14"/></StgValue>
</bind>
</comp>

<comp id="26" class="1001" name="const_26">
<pin_list>
<pin id="27" dir="1" index="0" bw="1" slack="2147483647"/>
</pin_list>
<bind>
<StgValue><ssdm name=""/></StgValue>
</bind>
</comp>

<comp id="28" class="1001" name="const_28">
<pin_list>
<pin id="29" dir="1" index="0" bw="1" slack="2147483647"/>
</pin_list>
<bind>
<StgValue><ssdm name="empty_13"/></StgValue>
</bind>
</comp>

<comp id="30" class="1001" name="const_30">
<pin_list>
<pin id="31" dir="1" index="0" bw="1" slack="2147483647"/>
</pin_list>
<bind>
<StgValue><ssdm name="empty_2"/></StgValue>
</bind>
</comp>

<comp id="32" class="1001" name="const_32">
<pin_list>
<pin id="33" dir="1" index="0" bw="1" slack="2147483647"/>
</pin_list>
<bind>
<StgValue><ssdm name="empty_1"/></StgValue>
</bind>
</comp>

<comp id="34" class="1001" name="const_34">
<pin_list>
<pin id="35" dir="1" index="0" bw="1" slack="2147483647"/>
</pin_list>
<bind>
<StgValue><ssdm name=""/></StgValue>
</bind>
</comp>

<comp id="36" class="1001" name="const_36">
<pin_list>
<pin id="37" dir="1" index="0" bw="1" slack="2147483647"/>
</pin_list>
<bind>
<StgValue><ssdm name=""/></StgValue>
</bind>
</comp>

<comp id="38" class="1001" name="const_38">
<pin_list>
<pin id="39" dir="1" index="0" bw="1" slack="0"/>
</pin_list>
<bind>
<StgValue><ssdm name=""/></StgValue>
</bind>
</comp>

<comp id="40" class="1001" name="const_40">
<pin_list>
<pin id="41" dir="1" index="0" bw="1" slack="0"/>
</pin_list>
<bind>
<StgValue><ssdm name=""/></StgValue>
</bind>
</comp>

<comp id="42" class="1001" name="const_42">
<pin_list>
<pin id="43" dir="1" index="0" bw="1" slack="0"/>
</pin_list>
<bind>
<StgValue><ssdm name="_ssdm_op_BitConcatenate.i16.i8.i8"/></StgValue>
</bind>
</comp>

<comp id="44" class="1001" name="const_44">
<pin_list>
<pin id="45" dir="1" index="0" bw="1" slack="0"/>
</pin_list>
<bind>
<StgValue><ssdm name=""/></StgValue>
</bind>
</comp>

<comp id="46" class="1001" name="const_46">
<pin_list>
<pin id="47" dir="1" index="0" bw="1" slack="2147483647"/>
</pin_list>
<bind>
<StgValue><ssdm name="_ssdm_op_SpecLoopTripCount"/></StgValue>
</bind>
</comp>

<comp id="48" class="1001" name="const_48">
<pin_list>
<pin id="49" dir="1" index="0" bw="1" slack="2147483647"/>
</pin_list>
<bind>
<StgValue><ssdm name=""/></StgValue>
</bind>
</comp>

<comp id="50" class="1001" name="const_50">
<pin_list>
<pin id="51" dir="1" index="0" bw="1" slack="2147483647"/>
</pin_list>
<bind>
<StgValue><ssdm name="_ssdm_op_SpecLoopName"/></StgValue>
</bind>
</comp>

<comp id="52" class="1001" name="const_52">
<pin_list>
<pin id="53" dir="1" index="0" bw="1" slack="2147483647"/>
</pin_list>
<bind>
<StgValue><ssdm name="empty_8"/></StgValue>
</bind>
</comp>

<comp id="54" class="1001" name="const_54">
<pin_list>
<pin id="55" dir="1" index="0" bw="1" slack="0"/>
</pin_list>
<bind>
<StgValue><ssdm name="_ssdm_op_Read.m_axi.p1i32"/></StgValue>
</bind>
</comp>

<comp id="56" class="1001" name="const_56">
<pin_list>
<pin id="57" dir="1" index="0" bw="1" slack="0"/>
</pin_list>
<bind>
<StgValue><ssdm name=""/></StgValue>
</bind>
</comp>

<comp id="58" class="1001" name="const_58">
<pin_list>
<pin id="59" dir="1" index="0" bw="1" slack="2147483647"/>
</pin_list>
<bind>
<StgValue><ssdm name="empty_9"/></StgValue>
</bind>
</comp>

<comp id="60" class="1004" name="i_fu_60">
<pin_list>
<pin id="61" dir="0" index="0" bw="1" slack="0"/>
<pin id="62" dir="1" index="1" bw="9" slack="0"/>
</pin_list>
<bind>
<opcode="alloca(26) " fcode="alloca"/>
<opset="i/1 "/>
</bind>
</comp>

<comp id="64" class="1004" name="A_in1_read_read_fu_64">
<pin_list>
<pin id="65" dir="0" index="0" bw="64" slack="0"/>
<pin id="66" dir="0" index="1" bw="64" slack="0"/>
<pin id="67" dir="1" index="2" bw="64" slack="0"/>
</pin_list>
<bind>
<opcode="read(1150) " fcode="read"/>
<opset="A_in1_read/1 "/>
</bind>
</comp>

<comp id="70" class="1004" name="stream_out_addr_gep_fu_70">
<pin_list>
<pin id="71" dir="0" index="0" bw="24" slack="0"/>
<pin id="72" dir="0" index="1" bw="1" slack="0"/>
<pin id="73" dir="0" index="2" bw="16" slack="0"/>
<pin id="74" dir="1" index="3" bw="16" slack="0"/>
</pin_list>
<bind>
<opcode="getelementptr(29) " fcode="getelementptr"/>
<opset="stream_out_addr/12 "/>
</bind>
</comp>

<comp id="77" class="1004" name="store_ln9_access_fu_77">
<pin_list>
<pin id="78" dir="0" index="0" bw="16" slack="0"/>
<pin id="79" dir="0" index="1" bw="24" slack="1"/>
<pin id="80" dir="0" index="2" bw="0" slack="2147483647"/>
<pin id="81" dir="1" index="3" bw="24" slack="2147483647"/>
</pin_list>
<bind>
<opcode="store(28) " fcode="store"/>
<opset="store_ln9/12 "/>
</bind>
</comp>

<comp id="83" class="1004" name="grp_readreq_fu_83">
<pin_list>
<pin id="84" dir="0" index="0" bw="1" slack="0"/>
<pin id="85" dir="0" index="1" bw="32" slack="0"/>
<pin id="86" dir="0" index="2" bw="18" slack="0"/>
<pin id="87" dir="1" index="3" bw="1" slack="2147483647"/>
</pin_list>
<bind>
<opcode="readreq(1154) " fcode="readreq"/>
<opset="empty/1 "/>
</bind>
</comp>

<comp id="90" class="1004" name="A_in_addr_read_read_fu_90">
<pin_list>
<pin id="91" dir="0" index="0" bw="32" slack="0"/>
<pin id="92" dir="0" index="1" bw="32" slack="10"/>
<pin id="93" dir="1" index="2" bw="32" slack="0"/>
</pin_list>
<bind>
<opcode="read(1150) " fcode="read"/>
<opset="A_in_addr_read/11 "/>
</bind>
</comp>

<comp id="95" class="1005" name="j_reg_95">
<pin_list>
<pin id="96" dir="0" index="0" bw="9" slack="1"/>
<pin id="97" dir="1" index="1" bw="9" slack="1"/>
</pin_list>
<bind>
<opset="j (phireg) "/>
</bind>
</comp>

<comp id="99" class="1004" name="j_phi_fu_99">
<pin_list>
<pin id="100" dir="0" index="0" bw="1" slack="1"/>
<pin id="101" dir="0" index="1" bw="0" slack="2147483647"/>
<pin id="102" dir="0" index="2" bw="9" slack="0"/>
<pin id="103" dir="0" index="3" bw="0" slack="2147483647"/>
<pin id="104" dir="1" index="4" bw="9" slack="0"/>
</pin_list>
<bind>
<opcode="phi(47) " fcode="phi"/>
<opset="j/10 "/>
</bind>
</comp>

<comp id="106" class="1004" name="trunc_ln7_fu_106">
<pin_list>
<pin id="107" dir="0" index="0" bw="62" slack="0"/>
<pin id="108" dir="0" index="1" bw="64" slack="0"/>
<pin id="109" dir="0" index="2" bw="3" slack="0"/>
<pin id="110" dir="0" index="3" bw="7" slack="0"/>
<pin id="111" dir="1" index="4" bw="62" slack="0"/>
</pin_list>
<bind>
<opcode="partselect(1002) " fcode="partselect"/>
<opset="trunc_ln7/1 "/>
</bind>
</comp>

<comp id="116" class="1004" name="sext_ln7_fu_116">
<pin_list>
<pin id="117" dir="0" index="0" bw="62" slack="0"/>
<pin id="118" dir="1" index="1" bw="64" slack="0"/>
</pin_list>
<bind>
<opcode="sext(35) " fcode="sext"/>
<opset="sext_ln7/1 "/>
</bind>
</comp>

<comp id="120" class="1004" name="A_in_addr_fu_120">
<pin_list>
<pin id="121" dir="0" index="0" bw="64" slack="0"/>
<pin id="122" dir="0" index="1" bw="64" slack="0"/>
<pin id="123" dir="1" index="2" bw="64" slack="0"/>
</pin_list>
<bind>
<opcode="getelementptr(29) " fcode="getelementptr"/>
<opset="A_in_addr/1 "/>
</bind>
</comp>

<comp id="127" class="1004" name="store_ln7_store_fu_127">
<pin_list>
<pin id="128" dir="0" index="0" bw="1" slack="0"/>
<pin id="129" dir="0" index="1" bw="9" slack="0"/>
<pin id="130" dir="1" index="2" bw="0" slack="2147483647"/>
</pin_list>
<bind>
<opcode="store(28) " fcode="store"/>
<opset="store_ln7/1 "/>
</bind>
</comp>

<comp id="132" class="1004" name="i_1_load_fu_132">
<pin_list>
<pin id="133" dir="0" index="0" bw="9" slack="8"/>
<pin id="134" dir="1" index="1" bw="9" slack="0"/>
</pin_list>
<bind>
<opcode="load(27) " fcode="load"/>
<opset="i_1/9 "/>
</bind>
</comp>

<comp id="135" class="1004" name="icmp_ln7_fu_135">
<pin_list>
<pin id="136" dir="0" index="0" bw="9" slack="0"/>
<pin id="137" dir="0" index="1" bw="9" slack="0"/>
<pin id="138" dir="1" index="2" bw="1" slack="2147483647"/>
</pin_list>
<bind>
<opcode="icmp(45) " fcode="icmp"/>
<opset="icmp_ln7/9 "/>
</bind>
</comp>

<comp id="141" class="1004" name="add_ln7_fu_141">
<pin_list>
<pin id="142" dir="0" index="0" bw="9" slack="0"/>
<pin id="143" dir="0" index="1" bw="1" slack="0"/>
<pin id="144" dir="1" index="2" bw="9" slack="1"/>
</pin_list>
<bind>
<opcode="add(8) " fcode="add"/>
<opset="add_ln7/9 "/>
</bind>
</comp>

<comp id="147" class="1004" name="trunc_ln7_1_fu_147">
<pin_list>
<pin id="148" dir="0" index="0" bw="9" slack="0"/>
<pin id="149" dir="1" index="1" bw="8" slack="0"/>
</pin_list>
<bind>
<opcode="trunc(33) " fcode="trunc"/>
<opset="trunc_ln7_1/9 "/>
</bind>
</comp>

<comp id="151" class="1004" name="tmp_fu_151">
<pin_list>
<pin id="152" dir="0" index="0" bw="16" slack="0"/>
<pin id="153" dir="0" index="1" bw="8" slack="0"/>
<pin id="154" dir="0" index="2" bw="1" slack="0"/>
<pin id="155" dir="1" index="3" bw="16" slack="1"/>
</pin_list>
<bind>
<opcode="bitconcatenate(1004) " fcode="bitconcatenate"/>
<opset="tmp/9 "/>
</bind>
</comp>

<comp id="159" class="1004" name="icmp_ln8_fu_159">
<pin_list>
<pin id="160" dir="0" index="0" bw="9" slack="0"/>
<pin id="161" dir="0" index="1" bw="9" slack="0"/>
<pin id="162" dir="1" index="2" bw="1" slack="2147483647"/>
</pin_list>
<bind>
<opcode="icmp(45) " fcode="icmp"/>
<opset="icmp_ln8/10 "/>
</bind>
</comp>

<comp id="165" class="1004" name="add_ln8_fu_165">
<pin_list>
<pin id="166" dir="0" index="0" bw="9" slack="0"/>
<pin id="167" dir="0" index="1" bw="1" slack="0"/>
<pin id="168" dir="1" index="2" bw="9" slack="0"/>
</pin_list>
<bind>
<opcode="add(8) " fcode="add"/>
<opset="add_ln8/10 "/>
</bind>
</comp>

<comp id="171" class="1004" name="zext_ln9_fu_171">
<pin_list>
<pin id="172" dir="0" index="0" bw="9" slack="0"/>
<pin id="173" dir="1" index="1" bw="16" slack="0"/>
</pin_list>
<bind>
<opcode="zext(34) " fcode="zext"/>
<opset="zext_ln9/10 "/>
</bind>
</comp>

<comp id="175" class="1004" name="add_ln9_fu_175">
<pin_list>
<pin id="176" dir="0" index="0" bw="16" slack="1"/>
<pin id="177" dir="0" index="1" bw="9" slack="0"/>
<pin id="178" dir="1" index="2" bw="16" slack="2"/>
</pin_list>
<bind>
<opcode="add(8) " fcode="add"/>
<opset="add_ln9/10 "/>
</bind>
</comp>

<comp id="180" class="1004" name="store_ln7_store_fu_180">
<pin_list>
<pin id="181" dir="0" index="0" bw="9" slack="1"/>
<pin id="182" dir="0" index="1" bw="9" slack="9"/>
<pin id="183" dir="1" index="2" bw="0" slack="2147483647"/>
</pin_list>
<bind>
<opcode="store(28) " fcode="store"/>
<opset="store_ln7/10 "/>
</bind>
</comp>

<comp id="184" class="1004" name="trunc_ln9_fu_184">
<pin_list>
<pin id="185" dir="0" index="0" bw="32" slack="0"/>
<pin id="186" dir="1" index="1" bw="24" slack="1"/>
</pin_list>
<bind>
<opcode="trunc(33) " fcode="trunc"/>
<opset="trunc_ln9/11 "/>
</bind>
</comp>

<comp id="188" class="1004" name="zext_ln9_1_fu_188">
<pin_list>
<pin id="189" dir="0" index="0" bw="16" slack="2"/>
<pin id="190" dir="1" index="1" bw="64" slack="0"/>
</pin_list>
<bind>
<opcode="zext(34) " fcode="zext"/>
<opset="zext_ln9_1/12 "/>
</bind>
</comp>

<comp id="192" class="1005" name="i_reg_192">
<pin_list>
<pin id="193" dir="0" index="0" bw="9" slack="0"/>
<pin id="194" dir="1" index="1" bw="9" slack="0"/>
</pin_list>
<bind>
<opset="i "/>
</bind>
</comp>

<comp id="199" class="1005" name="A_in_addr_reg_199">
<pin_list>
<pin id="200" dir="0" index="0" bw="32" slack="1"/>
<pin id="201" dir="1" index="1" bw="32" slack="1"/>
</pin_list>
<bind>
<opset="A_in_addr "/>
</bind>
</comp>

<comp id="208" class="1005" name="add_ln7_reg_208">
<pin_list>
<pin id="209" dir="0" index="0" bw="9" slack="1"/>
<pin id="210" dir="1" index="1" bw="9" slack="1"/>
</pin_list>
<bind>
<opset="add_ln7 "/>
</bind>
</comp>

<comp id="213" class="1005" name="tmp_reg_213">
<pin_list>
<pin id="214" dir="0" index="0" bw="16" slack="1"/>
<pin id="215" dir="1" index="1" bw="16" slack="1"/>
</pin_list>
<bind>
<opset="tmp "/>
</bind>
</comp>

<comp id="221" class="1005" name="add_ln8_reg_221">
<pin_list>
<pin id="222" dir="0" index="0" bw="9" slack="0"/>
<pin id="223" dir="1" index="1" bw="9" slack="0"/>
</pin_list>
<bind>
<opset="add_ln8 "/>
</bind>
</comp>

<comp id="226" class="1005" name="add_ln9_reg_226">
<pin_list>
<pin id="227" dir="0" index="0" bw="16" slack="2"/>
<pin id="228" dir="1" index="1" bw="16" slack="2"/>
</pin_list>
<bind>
<opset="add_ln9 "/>
</bind>
</comp>

<comp id="231" class="1005" name="trunc_ln9_reg_231">
<pin_list>
<pin id="232" dir="0" index="0" bw="24" slack="1"/>
<pin id="233" dir="1" index="1" bw="24" slack="1"/>
</pin_list>
<bind>
<opset="trunc_ln9 "/>
</bind>
</comp>

</comp_list>

<net_list>
<net id="63"><net_src comp="6" pin="0"/><net_sink comp="60" pin=0"/></net>

<net id="68"><net_src comp="8" pin="0"/><net_sink comp="64" pin=0"/></net>

<net id="69"><net_src comp="2" pin="0"/><net_sink comp="64" pin=1"/></net>

<net id="75"><net_src comp="4" pin="0"/><net_sink comp="70" pin=0"/></net>

<net id="76"><net_src comp="56" pin="0"/><net_sink comp="70" pin=1"/></net>

<net id="82"><net_src comp="70" pin="3"/><net_sink comp="77" pin=0"/></net>

<net id="88"><net_src comp="16" pin="0"/><net_sink comp="83" pin=0"/></net>

<net id="89"><net_src comp="18" pin="0"/><net_sink comp="83" pin=2"/></net>

<net id="94"><net_src comp="54" pin="0"/><net_sink comp="90" pin=0"/></net>

<net id="98"><net_src comp="20" pin="0"/><net_sink comp="95" pin=0"/></net>

<net id="105"><net_src comp="95" pin="1"/><net_sink comp="99" pin=0"/></net>

<net id="112"><net_src comp="10" pin="0"/><net_sink comp="106" pin=0"/></net>

<net id="113"><net_src comp="64" pin="2"/><net_sink comp="106" pin=1"/></net>

<net id="114"><net_src comp="12" pin="0"/><net_sink comp="106" pin=2"/></net>

<net id="115"><net_src comp="14" pin="0"/><net_sink comp="106" pin=3"/></net>

<net id="119"><net_src comp="106" pin="4"/><net_sink comp="116" pin=0"/></net>

<net id="124"><net_src comp="0" pin="0"/><net_sink comp="120" pin=0"/></net>

<net id="125"><net_src comp="116" pin="1"/><net_sink comp="120" pin=1"/></net>

<net id="126"><net_src comp="120" pin="2"/><net_sink comp="83" pin=1"/></net>

<net id="131"><net_src comp="20" pin="0"/><net_sink comp="127" pin=0"/></net>

<net id="139"><net_src comp="132" pin="1"/><net_sink comp="135" pin=0"/></net>

<net id="140"><net_src comp="38" pin="0"/><net_sink comp="135" pin=1"/></net>

<net id="145"><net_src comp="132" pin="1"/><net_sink comp="141" pin=0"/></net>

<net id="146"><net_src comp="40" pin="0"/><net_sink comp="141" pin=1"/></net>

<net id="150"><net_src comp="132" pin="1"/><net_sink comp="147" pin=0"/></net>

<net id="156"><net_src comp="42" pin="0"/><net_sink comp="151" pin=0"/></net>

<net id="157"><net_src comp="147" pin="1"/><net_sink comp="151" pin=1"/></net>

<net id="158"><net_src comp="44" pin="0"/><net_sink comp="151" pin=2"/></net>

<net id="163"><net_src comp="99" pin="4"/><net_sink comp="159" pin=0"/></net>

<net id="164"><net_src comp="38" pin="0"/><net_sink comp="159" pin=1"/></net>

<net id="169"><net_src comp="99" pin="4"/><net_sink comp="165" pin=0"/></net>

<net id="170"><net_src comp="40" pin="0"/><net_sink comp="165" pin=1"/></net>

<net id="174"><net_src comp="99" pin="4"/><net_sink comp="171" pin=0"/></net>

<net id="179"><net_src comp="171" pin="1"/><net_sink comp="175" pin=1"/></net>

<net id="187"><net_src comp="90" pin="2"/><net_sink comp="184" pin=0"/></net>

<net id="191"><net_src comp="188" pin="1"/><net_sink comp="70" pin=2"/></net>

<net id="195"><net_src comp="60" pin="1"/><net_sink comp="192" pin=0"/></net>

<net id="196"><net_src comp="192" pin="1"/><net_sink comp="127" pin=1"/></net>

<net id="197"><net_src comp="192" pin="1"/><net_sink comp="132" pin=0"/></net>

<net id="198"><net_src comp="192" pin="1"/><net_sink comp="180" pin=1"/></net>

<net id="202"><net_src comp="120" pin="2"/><net_sink comp="199" pin=0"/></net>

<net id="203"><net_src comp="199" pin="1"/><net_sink comp="83" pin=1"/></net>

<net id="204"><net_src comp="199" pin="1"/><net_sink comp="90" pin=1"/></net>

<net id="211"><net_src comp="141" pin="2"/><net_sink comp="208" pin=0"/></net>

<net id="212"><net_src comp="208" pin="1"/><net_sink comp="180" pin=0"/></net>

<net id="216"><net_src comp="151" pin="3"/><net_sink comp="213" pin=0"/></net>

<net id="217"><net_src comp="213" pin="1"/><net_sink comp="175" pin=0"/></net>

<net id="224"><net_src comp="165" pin="2"/><net_sink comp="221" pin=0"/></net>

<net id="225"><net_src comp="221" pin="1"/><net_sink comp="99" pin=2"/></net>

<net id="229"><net_src comp="175" pin="2"/><net_sink comp="226" pin=0"/></net>

<net id="230"><net_src comp="226" pin="1"/><net_sink comp="188" pin=0"/></net>

<net id="234"><net_src comp="184" pin="1"/><net_sink comp="231" pin=0"/></net>

<net id="235"><net_src comp="231" pin="1"/><net_sink comp="77" pin=1"/></net>

</net_list>

</model> 
---------------- Datapath Model END ------------------

* FSMD analyzer results:
  - Output states:
	Port: A_in | {}
	Port: stream_out | {12 }
 - Input state : 
	Port: read_input : A_in | {1 2 3 4 5 6 7 8 11 }
	Port: read_input : A_in1 | {1 }
  - Chain level:
	State 1
		sext_ln7 : 1
		A_in_addr : 2
		empty : 3
		store_ln7 : 1
	State 2
	State 3
	State 4
	State 5
	State 6
	State 7
	State 8
	State 9
		icmp_ln7 : 1
		add_ln7 : 1
		br_ln7 : 2
		trunc_ln7_1 : 1
		tmp : 2
	State 10
		icmp_ln8 : 1
		add_ln8 : 1
		br_ln8 : 2
		zext_ln9 : 1
		add_ln9 : 2
	State 11
	State 12
		stream_out_addr : 1
		store_ln9 : 2


============================================================
+ Verbose Summary: Datapath Resource usage 
============================================================

* Functional unit list:
|----------|---------------------------|---------|---------|
| Operation|      Functional Unit      |    FF   |   LUT   |
|----------|---------------------------|---------|---------|
|          |       add_ln7_fu_141      |    0    |    16   |
|    add   |       add_ln8_fu_165      |    0    |    16   |
|          |       add_ln9_fu_175      |    0    |    23   |
|----------|---------------------------|---------|---------|
|   icmp   |      icmp_ln7_fu_135      |    0    |    16   |
|          |      icmp_ln8_fu_159      |    0    |    16   |
|----------|---------------------------|---------|---------|
|   read   |   A_in1_read_read_fu_64   |    0    |    0    |
|          | A_in_addr_read_read_fu_90 |    0    |    0    |
|----------|---------------------------|---------|---------|
|  readreq |     grp_readreq_fu_83     |    0    |    0    |
|----------|---------------------------|---------|---------|
|partselect|      trunc_ln7_fu_106     |    0    |    0    |
|----------|---------------------------|---------|---------|
|   sext   |      sext_ln7_fu_116      |    0    |    0    |
|----------|---------------------------|---------|---------|
|   trunc  |     trunc_ln7_1_fu_147    |    0    |    0    |
|          |      trunc_ln9_fu_184     |    0    |    0    |
|----------|---------------------------|---------|---------|
|bitconcatenate|         tmp_fu_151        |    0    |    0    |
|----------|---------------------------|---------|---------|
|   zext   |      zext_ln9_fu_171      |    0    |    0    |
|          |     zext_ln9_1_fu_188     |    0    |    0    |
|----------|---------------------------|---------|---------|
|   Total  |                           |    0    |    87   |
|----------|---------------------------|---------|---------|

Memories:
N/A

* Register list:
+-----------------+--------+
|                 |   FF   |
+-----------------+--------+
|A_in_addr_reg_199|   32   |
| add_ln7_reg_208 |    9   |
| add_ln8_reg_221 |    9   |
| add_ln9_reg_226 |   16   |
|    i_reg_192    |    9   |
|     j_reg_95    |    9   |
|   tmp_reg_213   |   16   |
|trunc_ln9_reg_231|   24   |
+-----------------+--------+
|      Total      |   124  |
+-----------------+--------+

* Multiplexer (MUX) list: 
|-------------------|------|------|------|--------||---------||---------||---------|
|        Comp       |  Pin | Size |  BW  | S x BW ||  Delay  ||    FF   ||   LUT   |
|-------------------|------|------|------|--------||---------||---------||---------|
| grp_readreq_fu_83 |  p1  |   2  |  32  |   64   ||    0    ||    9    |
|-------------------|------|------|------|--------||---------||---------||---------|
|       Total       |      |      |      |   64   ||  0.489  ||    0    ||    9    |
|-------------------|------|------|------|--------||---------||---------||---------|



* Summary:
+-----------+--------+--------+--------+
|           |  Delay |   FF   |   LUT  |
+-----------+--------+--------+--------+
|  Function |    -   |    0   |   87   |
|   Memory  |    -   |    -   |    -   |
|Multiplexer|    0   |    0   |    9   |
|  Register |    -   |   124  |    -   |
+-----------+--------+--------+--------+
|   Total   |    0   |   124  |   96   |
+-----------+--------+--------+--------+
