/nethome/shanda34/FPGA_ECE8893_SJH/2026_Spring/lab2/project_1/hls/.autopilot/db/top.pp.0.cpp:2565:5: warning: Added loop label VITIS_LOOP_676_1:   [xilinx-label-all-loops]
    for (unsigned i = low; i != high+1; ++i) {
    ^~~
    VITIS_LOOP_676_1: 
/nethome/shanda34/FPGA_ECE8893_SJH/2026_Spring/lab2/project_1/hls/.autopilot/db/top.pp.0.cpp:2565:5: note: FIX-IT applied suggested code changes
/nethome/shanda34/FPGA_ECE8893_SJH/2026_Spring/lab2/project_1/hls/.autopilot/db/top.pp.0.cpp:2579:5: warning: Added loop label VITIS_LOOP_690_1:   [xilinx-label-all-loops]
    for (unsigned i = low; i != high+1; ++i) {
    ^~~
    VITIS_LOOP_690_1: 
/nethome/shanda34/FPGA_ECE8893_SJH/2026_Spring/lab2/project_1/hls/.autopilot/db/top.pp.0.cpp:2579:5: note: FIX-IT applied suggested code changes
/nethome/shanda34/FPGA_ECE8893_SJH/2026_Spring/lab2/project_1/hls/.autopilot/db/top.pp.0.cpp:2593:5: warning: Added loop label VITIS_LOOP_704_1:   [xilinx-label-all-loops]
    for (unsigned i = low; i != high+1; ++i) {
    ^~~
    VITIS_LOOP_704_1: 
/nethome/shanda34/FPGA_ECE8893_SJH/2026_Spring/lab2/project_1/hls/.autopilot/db/top.pp.0.cpp:2593:5: note: FIX-IT applied suggested code changes
/nethome/shanda34/FPGA_ECE8893_SJH/2026_Spring/lab2/project_1/hls/.autopilot/db/top.pp.0.cpp:4549:7: warning: Added loop label VITIS_LOOP_1248_1:   [xilinx-label-all-loops]
      for (i = 0; i < __N - 1; ++i) {
      ^~~
      VITIS_LOOP_1248_1: 
/nethome/shanda34/FPGA_ECE8893_SJH/2026_Spring/lab2/project_1/hls/.autopilot/db/top.pp.0.cpp:4549:7: note: FIX-IT applied suggested code changes
/nethome/shanda34/FPGA_ECE8893_SJH/2026_Spring/lab2/project_1/hls/.autopilot/db/top.pp.0.cpp:6514:5: warning: Added loop label VITIS_LOOP_7_1:   [xilinx-label-all-loops]
    for (int i = 0; i < 256; i++) {
    ^~~
    VITIS_LOOP_7_1: 
/nethome/shanda34/FPGA_ECE8893_SJH/2026_Spring/lab2/project_1/hls/.autopilot/db/top.pp.0.cpp:6514:5: note: FIX-IT applied suggested code changes
/nethome/shanda34/FPGA_ECE8893_SJH/2026_Spring/lab2/project_1/hls/.autopilot/db/top.pp.0.cpp:6515:9: warning: Added loop label VITIS_LOOP_8_2:   [xilinx-label-all-loops]
        for (int j = 0; j < 256; j++) {
        ^~~
        VITIS_LOOP_8_2: 
/nethome/shanda34/FPGA_ECE8893_SJH/2026_Spring/lab2/project_1/hls/.autopilot/db/top.pp.0.cpp:6515:9: note: FIX-IT applied suggested code changes
/nethome/shanda34/FPGA_ECE8893_SJH/2026_Spring/lab2/project_1/hls/.autopilot/db/top.pp.0.cpp:6541:5: warning: Added loop label VITIS_LOOP_34_1:   [xilinx-label-all-loops]
    for (int i = 0; i < 256; i++) {
    ^~~
    VITIS_LOOP_34_1: 
/nethome/shanda34/FPGA_ECE8893_SJH/2026_Spring/lab2/project_1/hls/.autopilot/db/top.pp.0.cpp:6541:5: note: FIX-IT applied suggested code changes
/nethome/shanda34/FPGA_ECE8893_SJH/2026_Spring/lab2/project_1/hls/.autopilot/db/top.pp.0.cpp:6542:9: warning: Added loop label VITIS_LOOP_35_2:   [xilinx-label-all-loops]
        for (int j = 0; j < 256; j++) {
        ^~~
        VITIS_LOOP_35_2: 
/nethome/shanda34/FPGA_ECE8893_SJH/2026_Spring/lab2/project_1/hls/.autopilot/db/top.pp.0.cpp:6542:9: note: FIX-IT applied suggested code changes
/nethome/shanda34/FPGA_ECE8893_SJH/2026_Spring/lab2/project_1/hls/.autopilot/db/top.pp.0.cpp:6549:5: warning: Added loop label VITIS_LOOP_42_3:   [xilinx-label-all-loops]
    for (int t = 0; t < 30; t++) {
    ^~~
    VITIS_LOOP_42_3: 
/nethome/shanda34/FPGA_ECE8893_SJH/2026_Spring/lab2/project_1/hls/.autopilot/db/top.pp.0.cpp:6549:5: note: FIX-IT applied suggested code changes
/nethome/shanda34/FPGA_ECE8893_SJH/2026_Spring/lab2/project_1/hls/.autopilot/db/top.pp.0.cpp:6552:9: warning: Added loop label VITIS_LOOP_45_4:   [xilinx-label-all-loops]
        for (int j = 0; j < 256; j++) {
        ^~~
        VITIS_LOOP_45_4: 
/nethome/shanda34/FPGA_ECE8893_SJH/2026_Spring/lab2/project_1/hls/.autopilot/db/top.pp.0.cpp:6552:9: note: FIX-IT applied suggested code changes
/nethome/shanda34/FPGA_ECE8893_SJH/2026_Spring/lab2/project_1/hls/.autopilot/db/top.pp.0.cpp:6557:9: warning: Added loop label VITIS_LOOP_50_5:   [xilinx-label-all-loops]
        for (int i = 0; i < 256; i++) {
        ^~~
        VITIS_LOOP_50_5: 
/nethome/shanda34/FPGA_ECE8893_SJH/2026_Spring/lab2/project_1/hls/.autopilot/db/top.pp.0.cpp:6557:9: note: FIX-IT applied suggested code changes
/nethome/shanda34/FPGA_ECE8893_SJH/2026_Spring/lab2/project_1/hls/.autopilot/db/top.pp.0.cpp:6564:9: warning: Added loop label VITIS_LOOP_57_6:   [xilinx-label-all-loops]
        for (int i = 0; i < 256; i++) {
        ^~~
        VITIS_LOOP_57_6: 
/nethome/shanda34/FPGA_ECE8893_SJH/2026_Spring/lab2/project_1/hls/.autopilot/db/top.pp.0.cpp:6564:9: note: FIX-IT applied suggested code changes
/nethome/shanda34/FPGA_ECE8893_SJH/2026_Spring/lab2/project_1/hls/.autopilot/db/top.pp.0.cpp:6565:13: warning: Added loop label VITIS_LOOP_58_7:   [xilinx-label-all-loops]
            for (int j = 0; j < 256; j++) {
            ^~~
            VITIS_LOOP_58_7: 
/nethome/shanda34/FPGA_ECE8893_SJH/2026_Spring/lab2/project_1/hls/.autopilot/db/top.pp.0.cpp:6565:13: note: FIX-IT applied suggested code changes
/nethome/shanda34/FPGA_ECE8893_SJH/2026_Spring/lab2/project_1/hls/.autopilot/db/top.pp.0.cpp:6570:2: warning: Added loop label VITIS_LOOP_63_8:   [xilinx-label-all-loops]
 for (int r = 0; r < 3; r++) {
 ^~~
 VITIS_LOOP_63_8: 
/nethome/shanda34/FPGA_ECE8893_SJH/2026_Spring/lab2/project_1/hls/.autopilot/db/top.pp.0.cpp:6570:2: note: FIX-IT applied suggested code changes
/nethome/shanda34/FPGA_ECE8893_SJH/2026_Spring/lab2/project_1/hls/.autopilot/db/top.pp.0.cpp:6612:9: warning: Added loop label VITIS_LOOP_105_9:   [xilinx-label-all-loops]
        for (int i = 0; i < 256; i++) {
        ^~~
        VITIS_LOOP_105_9: 
/nethome/shanda34/FPGA_ECE8893_SJH/2026_Spring/lab2/project_1/hls/.autopilot/db/top.pp.0.cpp:6612:9: note: FIX-IT applied suggested code changes
/nethome/shanda34/FPGA_ECE8893_SJH/2026_Spring/lab2/project_1/hls/.autopilot/db/top.pp.0.cpp:6613:13: warning: Added loop label VITIS_LOOP_106_10:   [xilinx-label-all-loops]
            for (int j = 0; j < 256; j++) {
            ^~~
            VITIS_LOOP_106_10: 
/nethome/shanda34/FPGA_ECE8893_SJH/2026_Spring/lab2/project_1/hls/.autopilot/db/top.pp.0.cpp:6613:13: note: FIX-IT applied suggested code changes
/nethome/shanda34/FPGA_ECE8893_SJH/2026_Spring/lab2/project_1/hls/.autopilot/db/top.pp.0.cpp:6621:5: warning: Added loop label VITIS_LOOP_114_11:   [xilinx-label-all-loops]
    for (int i = 0; i < 256; i++) {
    ^~~
    VITIS_LOOP_114_11: 
/nethome/shanda34/FPGA_ECE8893_SJH/2026_Spring/lab2/project_1/hls/.autopilot/db/top.pp.0.cpp:6621:5: note: FIX-IT applied suggested code changes
/nethome/shanda34/FPGA_ECE8893_SJH/2026_Spring/lab2/project_1/hls/.autopilot/db/top.pp.0.cpp:6622:9: warning: Added loop label VITIS_LOOP_115_12:   [xilinx-label-all-loops]
        for (int j = 0; j < 256; j++) {
        ^~~
        VITIS_LOOP_115_12: 
/nethome/shanda34/FPGA_ECE8893_SJH/2026_Spring/lab2/project_1/hls/.autopilot/db/top.pp.0.cpp:6622:9: note: FIX-IT applied suggested code changes
/nethome/shanda34/FPGA_ECE8893_SJH/2026_Spring/lab2/project_1/hls/.autopilot/db/top.pp.0.cpp:6633:5: warning: Added loop label VITIS_LOOP_126_1:   [xilinx-label-all-loops]
    for (int i = 0; i < 256; i++) {
    ^~~
    VITIS_LOOP_126_1: 
/nethome/shanda34/FPGA_ECE8893_SJH/2026_Spring/lab2/project_1/hls/.autopilot/db/top.pp.0.cpp:6633:5: note: FIX-IT applied suggested code changes
/nethome/shanda34/FPGA_ECE8893_SJH/2026_Spring/lab2/project_1/hls/.autopilot/db/top.pp.0.cpp:6634:9: warning: Added loop label VITIS_LOOP_127_2:   [xilinx-label-all-loops]
        for (int j = 0; j < 256; j++) {
        ^~~
        VITIS_LOOP_127_2: 
/nethome/shanda34/FPGA_ECE8893_SJH/2026_Spring/lab2/project_1/hls/.autopilot/db/top.pp.0.cpp:6634:9: note: FIX-IT applied suggested code changes
