

================================================================
== Vitis HLS Report for 'top_kernel_Pipeline_VITIS_LOOP_35_4'
================================================================
* Date:           Tue Feb 17 22:20:40 2026

* Version:        2025.1.1 (Build 6214317 on Sep 11 2025)
* Project:        project_1
* Solution:       hls (Vivado IP Flow Target)
* Product family: zynquplus
* Target device:  xczu3eg-sbva484-1-e


================================================================
== Performance Estimates
================================================================
+ Timing: 
    * Summary: 
    +--------+----------+----------+------------+
    |  Clock |  Target  | Estimated| Uncertainty|
    +--------+----------+----------+------------+
    |ap_clk  |  10.00 ns|  2.704 ns|     2.70 ns|
    +--------+----------+----------+------------+

+ Latency: 
    * Summary: 
    +---------+---------+----------+----------+-----+-----+------------------------------------------------+
    |  Latency (cycles) |  Latency (absolute) |  Interval |                    Pipeline                    |
    |   min   |   max   |    min   |    max   | min | max |                      Type                      |
    +---------+---------+----------+----------+-----+-----+------------------------------------------------+
    |      258|      258|  2.580 us|  2.580 us|  257|  257|  loop auto-rewind stp (delay=0 clock cycles(s))|
    +---------+---------+----------+----------+-----+-----+------------------------------------------------+

    + Detail: 
        * Instance: 
        N/A

        * Loop: 
        +-------------------+---------+---------+----------+-----------+-----------+------+----------+
        |                   |  Latency (cycles) | Iteration|  Initiation Interval  | Trip |          |
        |     Loop Name     |   min   |   max   |  Latency |  achieved |   target  | Count| Pipelined|
        +-------------------+---------+---------+----------+-----------+-----------+------+----------+
        |- VITIS_LOOP_35_4  |      256|      256|         2|          1|          1|   256|       yes|
        +-------------------+---------+---------+----------+-----------+-----------+------+----------+

============================================================
+ Verbose Summary: Synthesis Manager
============================================================
InlineROM: 1
ExposeGlobal: 0
============================================================
+ Verbose Summary: CDFG Model
============================================================
IsTopModel: 0
ResetActiveHigh: 1
IsCombinational: 0
IsDatapathOnly: 0
HasWiredReturn: 1
HasMFsm: 2
HasVarLatency: 1
IsPipeline: 0
IsRtlPipelined: 0
IsInstanceOverlapped: 0
IsDontTouch: 0
HasImplIP: 0
IsGatedGlobalClock: 0

+ Individual pipeline summary: 
  * Pipeline-0: initiation interval (II) = 1, depth = 2


============================================================
+ Verbose Summary: Schedule
============================================================
* Number of FSM states : 2
* Pipeline : 1
  Pipeline-0 : II = 1, D = 2, States = { 1 2 }
* Dataflow Pipeline: 0

* FSM state transitions: 
1 --> 2 
2 --> 

* FSM state operations: 

State 1 <SV = 0> <Delay = 1.89>
ST_1 : Operation 5 [1/1] (0.00ns)   --->   "%j = alloca i32 1" [top.cpp:35]   --->   Operation 5 'alloca' 'j' <Predicate = true> <Delay = 0.00>
ST_1 : Operation 6 [1/1] (0.48ns)   --->   "%store_ln35 = store i9 0, i9 %j" [top.cpp:35]   --->   Operation 6 'store' 'store_ln35' <Predicate = true> <Delay = 0.48>
ST_1 : Operation 7 [1/1] (0.00ns)   --->   "%br_ln0 = br void %for.inc31"   --->   Operation 7 'br' 'br_ln0' <Predicate = true> <Delay = 0.00>
ST_1 : Operation 8 [1/1] (0.00ns)   --->   "%j_1 = load i9 %j" [top.cpp:35]   --->   Operation 8 'load' 'j_1' <Predicate = true> <Delay = 0.00>
ST_1 : Operation 9 [1/1] (0.92ns)   --->   "%icmp_ln35 = icmp_eq  i9 %j_1, i9 256" [top.cpp:35]   --->   Operation 9 'icmp' 'icmp_ln35' <Predicate = true> <Delay = 0.92> <CoreInst = "Cmp">   --->   Core 9 'Cmp' <Latency = 0> <II = 1> <Delay = 0.92> <FuncUnit> <Opcode : 'seteq' 'setne' 'setle' 'setge' 'setlt' 'setgt'> <InPorts = 2> <OutPorts = 1>
ST_1 : Operation 10 [1/1] (0.92ns)   --->   "%add_ln35 = add i9 %j_1, i9 1" [top.cpp:35]   --->   Operation 10 'add' 'add_ln35' <Predicate = true> <Delay = 0.92> <CoreInst = "Adder">   --->   Core 1 'Adder' <Latency = 0> <II = 1> <Delay = 0.92> <FuncUnit> <Opcode : 'add' 'sub'> <InPorts = 2> <OutPorts = 1>
ST_1 : Operation 11 [1/1] (0.00ns)   --->   "%br_ln35 = br i1 %icmp_ln35, void %for.inc31.split, void %for.inc51.preheader.exitStub" [top.cpp:35]   --->   Operation 11 'br' 'br_ln35' <Predicate = true> <Delay = 0.00>
ST_1 : Operation 12 [1/1] (0.00ns)   --->   "%zext_ln35 = zext i9 %j_1" [top.cpp:35]   --->   Operation 12 'zext' 'zext_ln35' <Predicate = (!icmp_ln35)> <Delay = 0.00>
ST_1 : Operation 13 [1/1] (0.00ns)   --->   "%cur_addr = getelementptr i24 %cur, i64 0, i64 %zext_ln35" [top.cpp:37]   --->   Operation 13 'getelementptr' 'cur_addr' <Predicate = (!icmp_ln35)> <Delay = 0.00>
ST_1 : Operation 14 [1/1] (0.00ns)   --->   "%trunc_ln38 = trunc i9 %j_1" [top.cpp:38]   --->   Operation 14 'trunc' 'trunc_ln38' <Predicate = (!icmp_ln35)> <Delay = 0.00>
ST_1 : Operation 15 [1/1] (0.00ns)   --->   "%add_ln = bitconcatenate i9 @_ssdm_op_BitConcatenate.i9.i1.i8, i1 1, i8 %trunc_ln38" [top.cpp:38]   --->   Operation 15 'bitconcatenate' 'add_ln' <Predicate = (!icmp_ln35)> <Delay = 0.00>
ST_1 : Operation 16 [1/1] (0.00ns)   --->   "%sext_ln38 = sext i9 %add_ln" [top.cpp:38]   --->   Operation 16 'sext' 'sext_ln38' <Predicate = (!icmp_ln35)> <Delay = 0.00>
ST_1 : Operation 17 [1/1] (0.00ns)   --->   "%zext_ln38 = zext i16 %sext_ln38" [top.cpp:38]   --->   Operation 17 'zext' 'zext_ln38' <Predicate = (!icmp_ln35)> <Delay = 0.00>
ST_1 : Operation 18 [1/1] (0.00ns)   --->   "%cur_addr_1 = getelementptr i24 %cur, i64 0, i64 %zext_ln38" [top.cpp:38]   --->   Operation 18 'getelementptr' 'cur_addr_1' <Predicate = (!icmp_ln35)> <Delay = 0.00>
ST_1 : Operation 19 [2/2] (1.35ns)   --->   "%cur_load = load i16 %cur_addr" [top.cpp:37]   --->   Operation 19 'load' 'cur_load' <Predicate = (!icmp_ln35)> <Delay = 1.35> <CoreInst = "RAM">   --->   Core 82 'RAM' <Latency = 1> <II = 1> <Delay = 1.35> <Storage> <Opcode : 'load' 'store'> <Ports = 2> <Width = 24> <Depth = 65536> <RAM>
ST_1 : Operation 20 [2/2] (1.35ns)   --->   "%cur_load_1 = load i16 %cur_addr_1" [top.cpp:38]   --->   Operation 20 'load' 'cur_load_1' <Predicate = (!icmp_ln35)> <Delay = 1.35> <CoreInst = "RAM">   --->   Core 82 'RAM' <Latency = 1> <II = 1> <Delay = 1.35> <Storage> <Opcode : 'load' 'store'> <Ports = 2> <Width = 24> <Depth = 65536> <RAM>
ST_1 : Operation 21 [1/1] (0.48ns)   --->   "%store_ln35 = store i9 %add_ln35, i9 %j" [top.cpp:35]   --->   Operation 21 'store' 'store_ln35' <Predicate = (!icmp_ln35)> <Delay = 0.48>
ST_1 : Operation 32 [1/1] (0.48ns)   --->   "%ret_ln0 = ret"   --->   Operation 32 'ret' 'ret_ln0' <Predicate = (icmp_ln35)> <Delay = 0.48>

State 2 <SV = 1> <Delay = 2.70>
ST_2 : Operation 22 [1/1] (0.00ns)   --->   "%nxt_addr = getelementptr i24 %nxt, i64 0, i64 %zext_ln35" [top.cpp:37]   --->   Operation 22 'getelementptr' 'nxt_addr' <Predicate = true> <Delay = 0.00>
ST_2 : Operation 23 [1/1] (0.00ns)   --->   "%nxt_addr_1 = getelementptr i24 %nxt, i64 0, i64 %zext_ln38" [top.cpp:38]   --->   Operation 23 'getelementptr' 'nxt_addr_1' <Predicate = true> <Delay = 0.00>
ST_2 : Operation 24 [1/1] (0.00ns)   --->   "%specpipeline_ln36 = specpipeline void @_ssdm_op_SpecPipeline, i32 1, i32 0, i32 0, i32 0, void @empty_18" [top.cpp:36]   --->   Operation 24 'specpipeline' 'specpipeline_ln36' <Predicate = true> <Delay = 0.00>
ST_2 : Operation 25 [1/1] (0.00ns)   --->   "%speclooptripcount_ln35 = speclooptripcount void @_ssdm_op_SpecLoopTripCount, i64 256, i64 256, i64 256" [top.cpp:35]   --->   Operation 25 'speclooptripcount' 'speclooptripcount_ln35' <Predicate = true> <Delay = 0.00>
ST_2 : Operation 26 [1/1] (0.00ns)   --->   "%specloopname_ln35 = specloopname void @_ssdm_op_SpecLoopName, void @empty_12" [top.cpp:35]   --->   Operation 26 'specloopname' 'specloopname_ln35' <Predicate = true> <Delay = 0.00>
ST_2 : Operation 27 [1/2] ( I:1.35ns O:1.35ns )   --->   "%cur_load = load i16 %cur_addr" [top.cpp:37]   --->   Operation 27 'load' 'cur_load' <Predicate = true> <Delay = 1.35> <CoreInst = "RAM">   --->   Core 82 'RAM' <Latency = 1> <II = 1> <Delay = 1.35> <Storage> <Opcode : 'load' 'store'> <Ports = 2> <Width = 24> <Depth = 65536> <RAM>
ST_2 : Operation 28 [1/1] ( I:1.35ns O:1.35ns )   --->   "%store_ln37 = store i24 %cur_load, i16 %nxt_addr" [top.cpp:37]   --->   Operation 28 'store' 'store_ln37' <Predicate = true> <Delay = 1.35> <CoreInst = "RAM">   --->   Core 82 'RAM' <Latency = 1> <II = 1> <Delay = 1.35> <Storage> <Opcode : 'load' 'store'> <Ports = 2> <Width = 24> <Depth = 65536> <RAM>
ST_2 : Operation 29 [1/2] ( I:1.35ns O:1.35ns )   --->   "%cur_load_1 = load i16 %cur_addr_1" [top.cpp:38]   --->   Operation 29 'load' 'cur_load_1' <Predicate = true> <Delay = 1.35> <CoreInst = "RAM">   --->   Core 82 'RAM' <Latency = 1> <II = 1> <Delay = 1.35> <Storage> <Opcode : 'load' 'store'> <Ports = 2> <Width = 24> <Depth = 65536> <RAM>
ST_2 : Operation 30 [1/1] ( I:1.35ns O:1.35ns )   --->   "%store_ln38 = store i24 %cur_load_1, i16 %nxt_addr_1" [top.cpp:38]   --->   Operation 30 'store' 'store_ln38' <Predicate = true> <Delay = 1.35> <CoreInst = "RAM">   --->   Core 82 'RAM' <Latency = 1> <II = 1> <Delay = 1.35> <Storage> <Opcode : 'load' 'store'> <Ports = 2> <Width = 24> <Depth = 65536> <RAM>
ST_2 : Operation 31 [1/1] (0.00ns)   --->   "%br_ln35 = br void %for.inc31" [top.cpp:35]   --->   Operation 31 'br' 'br_ln35' <Predicate = true> <Delay = 0.00>


============================================================
+ Verbose Summary: Timing violations
============================================================
Target clock period: 10.000ns, clock uncertainty: 2.700ns.

 <State 1>: 1.899ns
The critical path consists of the following:
	'store' operation 0 bit ('store_ln35', top.cpp:35) of constant 0 on local variable 'j', top.cpp:35 [4]  (0.489 ns)
	'load' operation 9 bit ('j', top.cpp:35) on local variable 'j', top.cpp:35 [7]  (0.000 ns)
	'add' operation 9 bit ('add_ln35', top.cpp:35) [9]  (0.921 ns)
	'store' operation 0 bit ('store_ln35', top.cpp:35) of variable 'add_ln35', top.cpp:35 on local variable 'j', top.cpp:35 [28]  (0.489 ns)

 <State 2>: 2.704ns
The critical path consists of the following:
	'load' operation 24 bit ('cur_load', top.cpp:37) on array 'cur' [24]  (1.352 ns)
	'store' operation 0 bit ('store_ln37', top.cpp:37) of variable 'cur_load', top.cpp:37 on array 'nxt' [25]  (1.352 ns)


============================================================
+ Verbose Summary: Binding
============================================================
N/A
* FSMD analyzer results:
  - Output states:
 - Input state : 
  - Chain level:
	State 1
	State 2


============================================================
+ Verbose Summary: Datapath Resource usage 
============================================================
N/A
