

================================================================
== Vitis HLS Report for 'top_kernel'
================================================================
* Date:           Tue Feb 17 22:20:40 2026

* Version:        2025.1.1 (Build 6214317 on Sep 11 2025)
* Project:        project_1
* Solution:       hls (Vivado IP Flow Target)
* Product family: zynquplus
* Target device:  xczu3eg-sbva484-1-e


================================================================
== Performance Estimates
================================================================
+ Timing: 
    * Summary: 
    +--------+----------+----------+------------+
    |  Clock |  Target  | Estimated| Uncertainty|
    +--------+----------+----------+------------+
    |ap_clk  |  10.00 ns|  7.300 ns|     2.70 ns|
    +--------+----------+----------+------------+

+ Latency: 
    * Summary: 
    +----------+----------+-----------+-----------+----------+----------+---------+
    |   Latency (cycles)  |   Latency (absolute)  |       Interval      | Pipeline|
    |    min   |    max   |    min    |    max    |    min   |    max   |   Type  |
    +----------+----------+-----------+-----------+----------+----------+---------+
    |  17928627|  17928627|  0.179 sec|  0.179 sec|  17928628|  17928628|       no|
    +----------+----------+-----------+-----------+----------+----------+---------+

    + Detail: 
        * Instance: 
        N/A

        * Loop: 
        +----------------------+----------+----------+----------+-----------+-----------+------+----------+
        |                      |   Latency (cycles)  | Iteration|  Initiation Interval  | Trip |          |
        |       Loop Name      |    min   |    max   |  Latency |  achieved |   target  | Count| Pipelined|
        +----------------------+----------+----------+----------+-----------+-----------+------+----------+
        |- VITIS_LOOP_26_1     |    197120|    197120|       770|          -|          -|   256|        no|
        | + VITIS_LOOP_27_2    |       768|       768|         3|          -|          -|   256|        no|
        |- VITIS_LOOP_33_3     |  17534370|  17534370|    584479|          -|          -|    30|        no|
        | + VITIS_LOOP_40_5    |       512|       512|         2|          -|          -|   256|        no|
        | + VITIS_LOOP_46_6    |    452120|    452120|      1780|          -|          -|   254|        no|
        |  ++ VITIS_LOOP_47_7  |      1778|      1778|         7|          -|          -|   254|        no|
        | + VITIS_LOOP_64_8    |    131584|    131584|       514|          -|          -|   256|        no|
        |  ++ VITIS_LOOP_65_9  |       512|       512|         2|          -|          -|   256|        no|
        |- VITIS_LOOP_72_10    |    197120|    197120|       770|          -|          -|   256|        no|
        | + VITIS_LOOP_73_11   |       768|       768|         3|          -|          -|   256|        no|
        +----------------------+----------+----------+----------+-----------+-----------+------+----------+

============================================================
+ Verbose Summary: Synthesis Manager
============================================================
InlineROM: 1
ExposeGlobal: 0
============================================================
+ Verbose Summary: CDFG Model
============================================================
IsTopModel: 1
ResetActiveHigh: 1
IsCombinational: 0
IsDatapathOnly: 0
HasWiredReturn: 1
HasMFsm: 0
HasVarLatency: 1
IsPipeline: 0
IsRtlPipelined: 0
IsInstanceOverlapped: 0
IsDontTouch: 0
HasImplIP: 0
IsGatedGlobalClock: 0


============================================================
+ Verbose Summary: Schedule
============================================================
* Number of FSM states : 38
* Pipeline : 0
* Dataflow Pipeline: 0

* FSM state transitions: 
1 --> 2 
2 --> 3 
3 --> 4 
4 --> 5 
5 --> 6 
6 --> 7 
7 --> 8 
8 --> 9 
9 --> 10 
10 --> 11 14 
11 --> 12 10 
12 --> 13 
13 --> 11 
14 --> 15 29 
15 --> 16 
16 --> 17 18 
17 --> 16 
18 --> 19 26 
19 --> 20 18 
20 --> 21 
21 --> 22 
22 --> 23 
23 --> 24 
24 --> 25 
25 --> 19 
26 --> 27 14 
27 --> 28 26 
28 --> 27 
29 --> 30 
30 --> 34 31 
31 --> 32 30 
32 --> 33 
33 --> 31 
34 --> 35 
35 --> 36 
36 --> 37 
37 --> 38 
38 --> 

* FSM state operations: 

State 1 <SV = 0> <Delay = 1.00>
ST_1 : Operation 39 [1/1] (0.00ns)   --->   "%i = alloca i32 1" [top.cpp:26]   --->   Operation 39 'alloca' 'i' <Predicate = true> <Delay = 0.00>
ST_1 : Operation 40 [1/1] (1.00ns)   --->   "%A_out_r_read = read i64 @_ssdm_op_Read.s_axilite.i64, i64 %A_out_r" [top.cpp:26]   --->   Operation 40 'read' 'A_out_r_read' <Predicate = true> <Delay = 1.00> <CoreInst = "s_axilite">   --->   Core 120 's_axilite' <Latency = 0> <II = 1> <Delay = 1.00> <Adapter> <Opcode : 'read' 'write'>
ST_1 : Operation 41 [1/1] (1.00ns)   --->   "%A_in_r_read = read i64 @_ssdm_op_Read.s_axilite.i64, i64 %A_in_r" [top.cpp:26]   --->   Operation 41 'read' 'A_in_r_read' <Predicate = true> <Delay = 1.00> <CoreInst = "s_axilite">   --->   Core 120 's_axilite' <Latency = 0> <II = 1> <Delay = 1.00> <Adapter> <Opcode : 'read' 'write'>
ST_1 : Operation 42 [1/1] (0.00ns)   --->   "%trunc_ln = partselect i62 @_ssdm_op_PartSelect.i62.i64.i32.i32, i64 %A_in_r_read, i32 2, i32 63" [top.cpp:26]   --->   Operation 42 'partselect' 'trunc_ln' <Predicate = true> <Delay = 0.00>
ST_1 : Operation 43 [1/1] (0.00ns)   --->   "%sext_ln26 = sext i62 %trunc_ln" [top.cpp:26]   --->   Operation 43 'sext' 'sext_ln26' <Predicate = true> <Delay = 0.00>
ST_1 : Operation 44 [1/1] (0.00ns)   --->   "%A_in_addr = getelementptr i32 %A_in, i64 %sext_ln26" [top.cpp:26]   --->   Operation 44 'getelementptr' 'A_in_addr' <Predicate = true> <Delay = 0.00>
ST_1 : Operation 45 [1/1] (0.48ns)   --->   "%store_ln26 = store i9 0, i9 %i" [top.cpp:26]   --->   Operation 45 'store' 'store_ln26' <Predicate = true> <Delay = 0.48>

State 2 <SV = 1> <Delay = 7.30>
ST_2 : Operation 46 [8/8] (7.30ns)   --->   "%empty = readreq i1 @_ssdm_op_ReadReq.m_axi.p1i32, i32 %A_in_addr, i64 65536" [top.cpp:26]   --->   Operation 46 'readreq' 'empty' <Predicate = true> <Delay = 7.30> <CoreInst = "m_axi">   --->   Core 119 'm_axi' <Latency = 6> <II = 1> <Delay = 1.00> <Adapter> <Opcode : 'read' 'write' 'readreq' 'writereq' 'writeresp'>

State 3 <SV = 2> <Delay = 7.30>
ST_3 : Operation 47 [7/8] (7.30ns)   --->   "%empty = readreq i1 @_ssdm_op_ReadReq.m_axi.p1i32, i32 %A_in_addr, i64 65536" [top.cpp:26]   --->   Operation 47 'readreq' 'empty' <Predicate = true> <Delay = 7.30> <CoreInst = "m_axi">   --->   Core 119 'm_axi' <Latency = 6> <II = 1> <Delay = 1.00> <Adapter> <Opcode : 'read' 'write' 'readreq' 'writereq' 'writeresp'>

State 4 <SV = 3> <Delay = 7.30>
ST_4 : Operation 48 [6/8] (7.30ns)   --->   "%empty = readreq i1 @_ssdm_op_ReadReq.m_axi.p1i32, i32 %A_in_addr, i64 65536" [top.cpp:26]   --->   Operation 48 'readreq' 'empty' <Predicate = true> <Delay = 7.30> <CoreInst = "m_axi">   --->   Core 119 'm_axi' <Latency = 6> <II = 1> <Delay = 1.00> <Adapter> <Opcode : 'read' 'write' 'readreq' 'writereq' 'writeresp'>

State 5 <SV = 4> <Delay = 7.30>
ST_5 : Operation 49 [5/8] (7.30ns)   --->   "%empty = readreq i1 @_ssdm_op_ReadReq.m_axi.p1i32, i32 %A_in_addr, i64 65536" [top.cpp:26]   --->   Operation 49 'readreq' 'empty' <Predicate = true> <Delay = 7.30> <CoreInst = "m_axi">   --->   Core 119 'm_axi' <Latency = 6> <II = 1> <Delay = 1.00> <Adapter> <Opcode : 'read' 'write' 'readreq' 'writereq' 'writeresp'>

State 6 <SV = 5> <Delay = 7.30>
ST_6 : Operation 50 [4/8] (7.30ns)   --->   "%empty = readreq i1 @_ssdm_op_ReadReq.m_axi.p1i32, i32 %A_in_addr, i64 65536" [top.cpp:26]   --->   Operation 50 'readreq' 'empty' <Predicate = true> <Delay = 7.30> <CoreInst = "m_axi">   --->   Core 119 'm_axi' <Latency = 6> <II = 1> <Delay = 1.00> <Adapter> <Opcode : 'read' 'write' 'readreq' 'writereq' 'writeresp'>

State 7 <SV = 6> <Delay = 7.30>
ST_7 : Operation 51 [3/8] (7.30ns)   --->   "%empty = readreq i1 @_ssdm_op_ReadReq.m_axi.p1i32, i32 %A_in_addr, i64 65536" [top.cpp:26]   --->   Operation 51 'readreq' 'empty' <Predicate = true> <Delay = 7.30> <CoreInst = "m_axi">   --->   Core 119 'm_axi' <Latency = 6> <II = 1> <Delay = 1.00> <Adapter> <Opcode : 'read' 'write' 'readreq' 'writereq' 'writeresp'>

State 8 <SV = 7> <Delay = 7.30>
ST_8 : Operation 52 [2/8] (7.30ns)   --->   "%empty = readreq i1 @_ssdm_op_ReadReq.m_axi.p1i32, i32 %A_in_addr, i64 65536" [top.cpp:26]   --->   Operation 52 'readreq' 'empty' <Predicate = true> <Delay = 7.30> <CoreInst = "m_axi">   --->   Core 119 'm_axi' <Latency = 6> <II = 1> <Delay = 1.00> <Adapter> <Opcode : 'read' 'write' 'readreq' 'writereq' 'writeresp'>

State 9 <SV = 8> <Delay = 7.30>
ST_9 : Operation 53 [1/1] (0.00ns)   --->   "%spectopmodule_ln10 = spectopmodule void @_ssdm_op_SpecTopModule, void @empty_9" [top.cpp:10]   --->   Operation 53 'spectopmodule' 'spectopmodule_ln10' <Predicate = true> <Delay = 0.00>
ST_9 : Operation 54 [1/1] (0.00ns)   --->   "%specinterface_ln0 = specinterface void @_ssdm_op_SpecInterface, i32 %A_in, void @empty, i32 0, i32 0, void @empty_18, i32 0, i32 0, void @empty_0, void @empty_1, void @empty_18, i32 16, i32 16, i32 16, i32 16, void @empty_18, void @empty_18, i32 4294967295, i32 0, i32 0"   --->   Operation 54 'specinterface' 'specinterface_ln0' <Predicate = true> <Delay = 0.00>
ST_9 : Operation 55 [1/1] (0.00ns)   --->   "%specbitsmap_ln0 = specbitsmap void @_ssdm_op_SpecBitsMap, i32 %A_in"   --->   Operation 55 'specbitsmap' 'specbitsmap_ln0' <Predicate = true> <Delay = 0.00>
ST_9 : Operation 56 [1/1] (0.00ns)   --->   "%specinterface_ln0 = specinterface void @_ssdm_op_SpecInterface, i32 %A_out, void @empty, i32 0, i32 0, void @empty_18, i32 0, i32 0, void @empty_2, void @empty_1, void @empty_18, i32 16, i32 16, i32 16, i32 16, void @empty_18, void @empty_18, i32 4294967295, i32 0, i32 0"   --->   Operation 56 'specinterface' 'specinterface_ln0' <Predicate = true> <Delay = 0.00>
ST_9 : Operation 57 [1/1] (0.00ns)   --->   "%specbitsmap_ln0 = specbitsmap void @_ssdm_op_SpecBitsMap, i32 %A_out"   --->   Operation 57 'specbitsmap' 'specbitsmap_ln0' <Predicate = true> <Delay = 0.00>
ST_9 : Operation 58 [1/1] (0.00ns)   --->   "%specinterface_ln0 = specinterface void @_ssdm_op_SpecInterface, i64 %A_in_r, void @empty_3, i32 0, i32 0, void @empty_18, i32 0, i32 0, void @empty_4, void @empty_5, void @empty_18, i32 0, i32 0, i32 0, i32 0, void @empty_18, void @empty_6, i32 4294967295, i32 0, i32 0"   --->   Operation 58 'specinterface' 'specinterface_ln0' <Predicate = true> <Delay = 0.00>
ST_9 : Operation 59 [1/1] (0.00ns)   --->   "%specinterface_ln0 = specinterface void @_ssdm_op_SpecInterface, i64 %A_in_r, void @empty_15, i32 0, i32 0, void @empty_18, i32 0, i32 0, void @empty_18, void @empty_18, void @empty_18, i32 0, i32 0, i32 0, i32 0, void @empty_18, void @empty_6, i32 4294967295, i32 0, i32 0"   --->   Operation 59 'specinterface' 'specinterface_ln0' <Predicate = true> <Delay = 0.00>
ST_9 : Operation 60 [1/1] (0.00ns)   --->   "%specinterface_ln0 = specinterface void @_ssdm_op_SpecInterface, i64 %A_out_r, void @empty_3, i32 0, i32 0, void @empty_18, i32 0, i32 0, void @empty_4, void @empty_21, void @empty_18, i32 0, i32 0, i32 0, i32 0, void @empty_18, void @empty_6, i32 4294967295, i32 0, i32 0"   --->   Operation 60 'specinterface' 'specinterface_ln0' <Predicate = true> <Delay = 0.00>
ST_9 : Operation 61 [1/1] (0.00ns)   --->   "%specinterface_ln0 = specinterface void @_ssdm_op_SpecInterface, i64 %A_out_r, void @empty_15, i32 0, i32 0, void @empty_18, i32 0, i32 0, void @empty_18, void @empty_18, void @empty_18, i32 0, i32 0, i32 0, i32 0, void @empty_18, void @empty_6, i32 4294967295, i32 0, i32 0"   --->   Operation 61 'specinterface' 'specinterface_ln0' <Predicate = true> <Delay = 0.00>
ST_9 : Operation 62 [1/1] (0.00ns)   --->   "%specinterface_ln0 = specinterface void @_ssdm_op_SpecInterface, i32 0, void @empty_3, i32 0, i32 0, void @empty_18, i32 0, i32 0, void @empty_4, void @empty_18, void @empty_18, i32 0, i32 0, i32 0, i32 0, void @empty_18, void @empty_18, i32 4294967295, i32 0, i32 0"   --->   Operation 62 'specinterface' 'specinterface_ln0' <Predicate = true> <Delay = 0.00>
ST_9 : Operation 63 [1/8] (7.30ns)   --->   "%empty = readreq i1 @_ssdm_op_ReadReq.m_axi.p1i32, i32 %A_in_addr, i64 65536" [top.cpp:26]   --->   Operation 63 'readreq' 'empty' <Predicate = true> <Delay = 7.30> <CoreInst = "m_axi">   --->   Core 119 'm_axi' <Latency = 6> <II = 1> <Delay = 1.00> <Adapter> <Opcode : 'read' 'write' 'readreq' 'writereq' 'writeresp'>
ST_9 : Operation 64 [1/1] (0.00ns)   --->   "%br_ln26 = br void %VITIS_LOOP_27_2" [top.cpp:26]   --->   Operation 64 'br' 'br_ln26' <Predicate = true> <Delay = 0.00>

State 10 <SV = 9> <Delay = 1.40>
ST_10 : Operation 65 [1/1] (0.00ns)   --->   "%i_5 = load i9 %i" [top.cpp:26]   --->   Operation 65 'load' 'i_5' <Predicate = true> <Delay = 0.00>
ST_10 : Operation 66 [1/1] (0.92ns)   --->   "%icmp_ln26 = icmp_eq  i9 %i_5, i9 256" [top.cpp:26]   --->   Operation 66 'icmp' 'icmp_ln26' <Predicate = true> <Delay = 0.92> <CoreInst = "Cmp">   --->   Core 9 'Cmp' <Latency = 0> <II = 1> <Delay = 0.92> <FuncUnit> <Opcode : 'seteq' 'setne' 'setle' 'setge' 'setlt' 'setgt'> <InPorts = 2> <OutPorts = 1>
ST_10 : Operation 67 [1/1] (0.92ns)   --->   "%add_ln26 = add i9 %i_5, i9 1" [top.cpp:26]   --->   Operation 67 'add' 'add_ln26' <Predicate = true> <Delay = 0.92> <CoreInst = "Adder">   --->   Core 1 'Adder' <Latency = 0> <II = 1> <Delay = 0.92> <FuncUnit> <Opcode : 'add' 'sub'> <InPorts = 2> <OutPorts = 1>
ST_10 : Operation 68 [1/1] (0.00ns)   --->   "%br_ln26 = br i1 %icmp_ln26, void %VITIS_LOOP_27_2.split, void %VITIS_LOOP_35_4.preheader" [top.cpp:26]   --->   Operation 68 'br' 'br_ln26' <Predicate = true> <Delay = 0.00>
ST_10 : Operation 69 [1/1] (0.00ns)   --->   "%trunc_ln26 = trunc i9 %i_5" [top.cpp:26]   --->   Operation 69 'trunc' 'trunc_ln26' <Predicate = (!icmp_ln26)> <Delay = 0.00>
ST_10 : Operation 70 [1/1] (0.00ns)   --->   "%tmp = bitconcatenate i16 @_ssdm_op_BitConcatenate.i16.i8.i8, i8 %trunc_ln26, i8 0" [top.cpp:28]   --->   Operation 70 'bitconcatenate' 'tmp' <Predicate = (!icmp_ln26)> <Delay = 0.00>
ST_10 : Operation 71 [1/1] (0.00ns)   --->   "%speclooptripcount_ln26 = speclooptripcount void @_ssdm_op_SpecLoopTripCount, i64 256, i64 256, i64 256" [top.cpp:26]   --->   Operation 71 'speclooptripcount' 'speclooptripcount_ln26' <Predicate = (!icmp_ln26)> <Delay = 0.00>
ST_10 : Operation 72 [1/1] (0.00ns)   --->   "%specloopname_ln26 = specloopname void @_ssdm_op_SpecLoopName, void @empty_20" [top.cpp:26]   --->   Operation 72 'specloopname' 'specloopname_ln26' <Predicate = (!icmp_ln26)> <Delay = 0.00>
ST_10 : Operation 73 [1/1] (0.48ns)   --->   "%br_ln27 = br void %for.inc" [top.cpp:27]   --->   Operation 73 'br' 'br_ln27' <Predicate = (!icmp_ln26)> <Delay = 0.48>
ST_10 : Operation 74 [1/1] (0.00ns)   --->   "%t = alloca i32 1" [top.cpp:33]   --->   Operation 74 'alloca' 't' <Predicate = (icmp_ln26)> <Delay = 0.00>
ST_10 : Operation 75 [1/1] (0.48ns)   --->   "%store_ln33 = store i5 0, i5 %t" [top.cpp:33]   --->   Operation 75 'store' 'store_ln33' <Predicate = (icmp_ln26)> <Delay = 0.48>
ST_10 : Operation 76 [1/1] (0.00ns)   --->   "%br_ln33 = br void %VITIS_LOOP_35_4" [top.cpp:33]   --->   Operation 76 'br' 'br_ln33' <Predicate = (icmp_ln26)> <Delay = 0.00>

State 11 <SV = 10> <Delay = 1.40>
ST_11 : Operation 77 [1/1] (0.00ns)   --->   "%j = phi i9 0, void %VITIS_LOOP_27_2.split, i9 %add_ln27, void %for.inc.split" [top.cpp:27]   --->   Operation 77 'phi' 'j' <Predicate = true> <Delay = 0.00>
ST_11 : Operation 78 [1/1] (0.92ns)   --->   "%icmp_ln27 = icmp_eq  i9 %j, i9 256" [top.cpp:27]   --->   Operation 78 'icmp' 'icmp_ln27' <Predicate = true> <Delay = 0.92> <CoreInst = "Cmp">   --->   Core 9 'Cmp' <Latency = 0> <II = 1> <Delay = 0.92> <FuncUnit> <Opcode : 'seteq' 'setne' 'setle' 'setge' 'setlt' 'setgt'> <InPorts = 2> <OutPorts = 1>
ST_11 : Operation 79 [1/1] (0.92ns)   --->   "%add_ln27 = add i9 %j, i9 1" [top.cpp:27]   --->   Operation 79 'add' 'add_ln27' <Predicate = true> <Delay = 0.92> <CoreInst = "Adder">   --->   Core 1 'Adder' <Latency = 0> <II = 1> <Delay = 0.92> <FuncUnit> <Opcode : 'add' 'sub'> <InPorts = 2> <OutPorts = 1>
ST_11 : Operation 80 [1/1] (0.00ns)   --->   "%br_ln27 = br i1 %icmp_ln27, void %for.inc.split, void %for.inc11" [top.cpp:27]   --->   Operation 80 'br' 'br_ln27' <Predicate = true> <Delay = 0.00>
ST_11 : Operation 81 [1/1] (0.00ns)   --->   "%zext_ln28 = zext i9 %j" [top.cpp:28]   --->   Operation 81 'zext' 'zext_ln28' <Predicate = (!icmp_ln27)> <Delay = 0.00>
ST_11 : Operation 82 [1/1] (1.01ns)   --->   "%add_ln28 = add i16 %tmp, i16 %zext_ln28" [top.cpp:28]   --->   Operation 82 'add' 'add_ln28' <Predicate = (!icmp_ln27)> <Delay = 1.01> <CoreInst = "Adder">   --->   Core 1 'Adder' <Latency = 0> <II = 1> <Delay = 1.01> <FuncUnit> <Opcode : 'add' 'sub'> <InPorts = 2> <OutPorts = 1>
ST_11 : Operation 83 [1/1] (0.48ns)   --->   "%store_ln26 = store i9 %add_ln26, i9 %i" [top.cpp:26]   --->   Operation 83 'store' 'store_ln26' <Predicate = (icmp_ln27)> <Delay = 0.48>
ST_11 : Operation 84 [1/1] (0.00ns)   --->   "%br_ln26 = br void %VITIS_LOOP_27_2" [top.cpp:26]   --->   Operation 84 'br' 'br_ln26' <Predicate = (icmp_ln27)> <Delay = 0.00>

State 12 <SV = 11> <Delay = 7.30>
ST_12 : Operation 85 [1/1] (7.30ns)   --->   "%A_in_addr_read = read i32 @_ssdm_op_Read.m_axi.p1i32, i32 %A_in_addr" [top.cpp:28]   --->   Operation 85 'read' 'A_in_addr_read' <Predicate = true> <Delay = 7.30> <CoreInst = "m_axi">   --->   Core 119 'm_axi' <Latency = 3> <II = 1> <Delay = 1.00> <Adapter> <Opcode : 'read' 'write' 'readreq' 'writereq' 'writeresp'>
ST_12 : Operation 86 [1/1] (0.00ns)   --->   "%trunc_ln28 = trunc i32 %A_in_addr_read" [top.cpp:28]   --->   Operation 86 'trunc' 'trunc_ln28' <Predicate = true> <Delay = 0.00>

State 13 <SV = 12> <Delay = 1.35>
ST_13 : Operation 87 [1/1] (0.00ns)   --->   "%zext_ln28_1 = zext i16 %add_ln28" [top.cpp:28]   --->   Operation 87 'zext' 'zext_ln28_1' <Predicate = true> <Delay = 0.00>
ST_13 : Operation 88 [1/1] (0.00ns)   --->   "%cur_addr = getelementptr i24 %cur, i64 0, i64 %zext_ln28_1" [top.cpp:28]   --->   Operation 88 'getelementptr' 'cur_addr' <Predicate = true> <Delay = 0.00>
ST_13 : Operation 89 [1/1] (0.00ns)   --->   "%speclooptripcount_ln27 = speclooptripcount void @_ssdm_op_SpecLoopTripCount, i64 256, i64 256, i64 256" [top.cpp:27]   --->   Operation 89 'speclooptripcount' 'speclooptripcount_ln27' <Predicate = true> <Delay = 0.00>
ST_13 : Operation 90 [1/1] (0.00ns)   --->   "%specloopname_ln27 = specloopname void @_ssdm_op_SpecLoopName, void @empty_19" [top.cpp:27]   --->   Operation 90 'specloopname' 'specloopname_ln27' <Predicate = true> <Delay = 0.00>
ST_13 : Operation 91 [1/1] ( I:1.35ns O:1.35ns )   --->   "%store_ln28 = store i24 %trunc_ln28, i16 %cur_addr" [top.cpp:28]   --->   Operation 91 'store' 'store_ln28' <Predicate = true> <Delay = 1.35> <CoreInst = "RAM">   --->   Core 82 'RAM' <Latency = 1> <II = 1> <Delay = 1.35> <Storage> <Opcode : 'load' 'store'> <Ports = 2> <Width = 24> <Depth = 65536> <RAM>
ST_13 : Operation 92 [1/1] (0.00ns)   --->   "%br_ln27 = br void %for.inc" [top.cpp:27]   --->   Operation 92 'br' 'br_ln27' <Predicate = true> <Delay = 0.00>

State 14 <SV = 10> <Delay = 1.36>
ST_14 : Operation 93 [1/1] (0.00ns)   --->   "%t_1 = load i5 %t" [top.cpp:33]   --->   Operation 93 'load' 't_1' <Predicate = true> <Delay = 0.00>
ST_14 : Operation 94 [1/1] (0.87ns)   --->   "%icmp_ln33 = icmp_eq  i5 %t_1, i5 30" [top.cpp:33]   --->   Operation 94 'icmp' 'icmp_ln33' <Predicate = true> <Delay = 0.87> <CoreInst = "Cmp">   --->   Core 9 'Cmp' <Latency = 0> <II = 1> <Delay = 0.87> <FuncUnit> <Opcode : 'seteq' 'setne' 'setle' 'setge' 'setlt' 'setgt'> <InPorts = 2> <OutPorts = 1>
ST_14 : Operation 95 [1/1] (0.87ns)   --->   "%t_2 = add i5 %t_1, i5 1" [top.cpp:33]   --->   Operation 95 'add' 't_2' <Predicate = true> <Delay = 0.87> <CoreInst = "Adder">   --->   Core 1 'Adder' <Latency = 0> <II = 1> <Delay = 0.87> <FuncUnit> <Opcode : 'add' 'sub'> <InPorts = 2> <OutPorts = 1>
ST_14 : Operation 96 [1/1] (0.00ns)   --->   "%br_ln33 = br i1 %icmp_ln33, void %VITIS_LOOP_35_4.split, void %VITIS_LOOP_72_10" [top.cpp:33]   --->   Operation 96 'br' 'br_ln33' <Predicate = true> <Delay = 0.00>
ST_14 : Operation 97 [2/2] (0.00ns)   --->   "%call_ln0 = call void @top_kernel_Pipeline_VITIS_LOOP_35_4, i24 %cur, i24 %nxt"   --->   Operation 97 'call' 'call_ln0' <Predicate = (!icmp_ln33)> <Delay = 0.00> <CoreType = "Generic">   --->   Generic Core
ST_14 : Operation 98 [1/1] (0.00ns)   --->   "%i_1 = alloca i32 1" [top.cpp:72]   --->   Operation 98 'alloca' 'i_1' <Predicate = (icmp_ln33)> <Delay = 0.00>
ST_14 : Operation 99 [1/1] (0.00ns)   --->   "%trunc_ln1 = partselect i62 @_ssdm_op_PartSelect.i62.i64.i32.i32, i64 %A_out_r_read, i32 2, i32 63" [top.cpp:72]   --->   Operation 99 'partselect' 'trunc_ln1' <Predicate = (icmp_ln33)> <Delay = 0.00>
ST_14 : Operation 100 [1/1] (0.00ns)   --->   "%sext_ln72 = sext i62 %trunc_ln1" [top.cpp:72]   --->   Operation 100 'sext' 'sext_ln72' <Predicate = (icmp_ln33)> <Delay = 0.00>
ST_14 : Operation 101 [1/1] (0.00ns)   --->   "%A_out_addr = getelementptr i32 %A_out, i64 %sext_ln72" [top.cpp:72]   --->   Operation 101 'getelementptr' 'A_out_addr' <Predicate = (icmp_ln33)> <Delay = 0.00>
ST_14 : Operation 102 [1/1] (0.48ns)   --->   "%store_ln72 = store i9 0, i9 %i_1" [top.cpp:72]   --->   Operation 102 'store' 'store_ln72' <Predicate = (icmp_ln33)> <Delay = 0.48>

State 15 <SV = 11> <Delay = 1.89>
ST_15 : Operation 103 [1/1] (0.00ns)   --->   "%speclooptripcount_ln33 = speclooptripcount void @_ssdm_op_SpecLoopTripCount, i64 30, i64 30, i64 30" [top.cpp:33]   --->   Operation 103 'speclooptripcount' 'speclooptripcount_ln33' <Predicate = true> <Delay = 0.00>
ST_15 : Operation 104 [1/1] (0.00ns)   --->   "%specloopname_ln33 = specloopname void @_ssdm_op_SpecLoopName, void @empty_8" [top.cpp:33]   --->   Operation 104 'specloopname' 'specloopname_ln33' <Predicate = true> <Delay = 0.00>
ST_15 : Operation 105 [1/2] (1.89ns)   --->   "%call_ln0 = call void @top_kernel_Pipeline_VITIS_LOOP_35_4, i24 %cur, i24 %nxt"   --->   Operation 105 'call' 'call_ln0' <Predicate = true> <Delay = 1.89> <CoreType = "Generic">   --->   Generic Core
ST_15 : Operation 106 [1/1] (0.48ns)   --->   "%br_ln40 = br void %for.inc51" [top.cpp:40]   --->   Operation 106 'br' 'br_ln40' <Predicate = true> <Delay = 0.48>

State 16 <SV = 12> <Delay = 1.40>
ST_16 : Operation 107 [1/1] (0.00ns)   --->   "%i_2 = phi i9 %add_ln40, void %for.inc51.split, i9 0, void %VITIS_LOOP_35_4.split" [top.cpp:40]   --->   Operation 107 'phi' 'i_2' <Predicate = true> <Delay = 0.00>
ST_16 : Operation 108 [1/1] (0.92ns)   --->   "%icmp_ln40 = icmp_eq  i9 %i_2, i9 256" [top.cpp:40]   --->   Operation 108 'icmp' 'icmp_ln40' <Predicate = true> <Delay = 0.92> <CoreInst = "Cmp">   --->   Core 9 'Cmp' <Latency = 0> <II = 1> <Delay = 0.92> <FuncUnit> <Opcode : 'seteq' 'setne' 'setle' 'setge' 'setlt' 'setgt'> <InPorts = 2> <OutPorts = 1>
ST_16 : Operation 109 [1/1] (0.92ns)   --->   "%add_ln40 = add i9 %i_2, i9 1" [top.cpp:40]   --->   Operation 109 'add' 'add_ln40' <Predicate = true> <Delay = 0.92> <CoreInst = "Adder">   --->   Core 1 'Adder' <Latency = 0> <II = 1> <Delay = 0.92> <FuncUnit> <Opcode : 'add' 'sub'> <InPorts = 2> <OutPorts = 1>
ST_16 : Operation 110 [1/1] (0.00ns)   --->   "%br_ln40 = br i1 %icmp_ln40, void %for.inc51.split, void %VITIS_LOOP_47_7.preheader" [top.cpp:40]   --->   Operation 110 'br' 'br_ln40' <Predicate = true> <Delay = 0.00>
ST_16 : Operation 111 [1/1] (0.00ns)   --->   "%trunc_ln40 = trunc i9 %i_2" [top.cpp:40]   --->   Operation 111 'trunc' 'trunc_ln40' <Predicate = (!icmp_ln40)> <Delay = 0.00>
ST_16 : Operation 112 [1/1] (0.00ns)   --->   "%tmp_6 = bitconcatenate i16 @_ssdm_op_BitConcatenate.i16.i8.i8, i8 %trunc_ln40, i8 0" [top.cpp:41]   --->   Operation 112 'bitconcatenate' 'tmp_6' <Predicate = (!icmp_ln40)> <Delay = 0.00>
ST_16 : Operation 113 [1/1] (0.00ns)   --->   "%zext_ln41 = zext i16 %tmp_6" [top.cpp:41]   --->   Operation 113 'zext' 'zext_ln41' <Predicate = (!icmp_ln40)> <Delay = 0.00>
ST_16 : Operation 114 [1/1] (0.00ns)   --->   "%cur_addr_2 = getelementptr i24 %cur, i64 0, i64 %zext_ln41" [top.cpp:41]   --->   Operation 114 'getelementptr' 'cur_addr_2' <Predicate = (!icmp_ln40)> <Delay = 0.00>
ST_16 : Operation 115 [1/1] (0.00ns)   --->   "%tmp_9 = bitconcatenate i16 @_ssdm_op_BitConcatenate.i16.i8.i8, i8 %trunc_ln40, i8 255" [top.cpp:42]   --->   Operation 115 'bitconcatenate' 'tmp_9' <Predicate = (!icmp_ln40)> <Delay = 0.00>
ST_16 : Operation 116 [1/1] (0.00ns)   --->   "%zext_ln42 = zext i16 %tmp_9" [top.cpp:42]   --->   Operation 116 'zext' 'zext_ln42' <Predicate = (!icmp_ln40)> <Delay = 0.00>
ST_16 : Operation 117 [1/1] (0.00ns)   --->   "%cur_addr_4 = getelementptr i24 %cur, i64 0, i64 %zext_ln42" [top.cpp:42]   --->   Operation 117 'getelementptr' 'cur_addr_4' <Predicate = (!icmp_ln40)> <Delay = 0.00>
ST_16 : Operation 118 [2/2] (1.35ns)   --->   "%cur_load = load i16 %cur_addr_2" [top.cpp:41]   --->   Operation 118 'load' 'cur_load' <Predicate = (!icmp_ln40)> <Delay = 1.35> <CoreInst = "RAM">   --->   Core 82 'RAM' <Latency = 1> <II = 1> <Delay = 1.35> <Storage> <Opcode : 'load' 'store'> <Ports = 2> <Width = 24> <Depth = 65536> <RAM>
ST_16 : Operation 119 [2/2] (1.35ns)   --->   "%cur_load_3 = load i16 %cur_addr_4" [top.cpp:42]   --->   Operation 119 'load' 'cur_load_3' <Predicate = (!icmp_ln40)> <Delay = 1.35> <CoreInst = "RAM">   --->   Core 82 'RAM' <Latency = 1> <II = 1> <Delay = 1.35> <Storage> <Opcode : 'load' 'store'> <Ports = 2> <Width = 24> <Depth = 65536> <RAM>
ST_16 : Operation 120 [1/1] (0.48ns)   --->   "%br_ln46 = br void %VITIS_LOOP_47_7" [top.cpp:46]   --->   Operation 120 'br' 'br_ln46' <Predicate = (icmp_ln40)> <Delay = 0.48>

State 17 <SV = 13> <Delay = 2.70>
ST_17 : Operation 121 [1/1] (0.00ns)   --->   "%nxt_addr = getelementptr i24 %nxt, i64 0, i64 %zext_ln41" [top.cpp:41]   --->   Operation 121 'getelementptr' 'nxt_addr' <Predicate = true> <Delay = 0.00>
ST_17 : Operation 122 [1/1] (0.00ns)   --->   "%nxt_addr_2 = getelementptr i24 %nxt, i64 0, i64 %zext_ln42" [top.cpp:42]   --->   Operation 122 'getelementptr' 'nxt_addr_2' <Predicate = true> <Delay = 0.00>
ST_17 : Operation 123 [1/1] (0.00ns)   --->   "%speclooptripcount_ln40 = speclooptripcount void @_ssdm_op_SpecLoopTripCount, i64 256, i64 256, i64 256" [top.cpp:40]   --->   Operation 123 'speclooptripcount' 'speclooptripcount_ln40' <Predicate = true> <Delay = 0.00>
ST_17 : Operation 124 [1/1] (0.00ns)   --->   "%specloopname_ln40 = specloopname void @_ssdm_op_SpecLoopName, void @empty_13" [top.cpp:40]   --->   Operation 124 'specloopname' 'specloopname_ln40' <Predicate = true> <Delay = 0.00>
ST_17 : Operation 125 [1/2] ( I:1.35ns O:1.35ns )   --->   "%cur_load = load i16 %cur_addr_2" [top.cpp:41]   --->   Operation 125 'load' 'cur_load' <Predicate = true> <Delay = 1.35> <CoreInst = "RAM">   --->   Core 82 'RAM' <Latency = 1> <II = 1> <Delay = 1.35> <Storage> <Opcode : 'load' 'store'> <Ports = 2> <Width = 24> <Depth = 65536> <RAM>
ST_17 : Operation 126 [1/1] ( I:1.35ns O:1.35ns )   --->   "%store_ln41 = store i24 %cur_load, i16 %nxt_addr" [top.cpp:41]   --->   Operation 126 'store' 'store_ln41' <Predicate = true> <Delay = 1.35> <CoreInst = "RAM">   --->   Core 82 'RAM' <Latency = 1> <II = 1> <Delay = 1.35> <Storage> <Opcode : 'load' 'store'> <Ports = 2> <Width = 24> <Depth = 65536> <RAM>
ST_17 : Operation 127 [1/2] ( I:1.35ns O:1.35ns )   --->   "%cur_load_3 = load i16 %cur_addr_4" [top.cpp:42]   --->   Operation 127 'load' 'cur_load_3' <Predicate = true> <Delay = 1.35> <CoreInst = "RAM">   --->   Core 82 'RAM' <Latency = 1> <II = 1> <Delay = 1.35> <Storage> <Opcode : 'load' 'store'> <Ports = 2> <Width = 24> <Depth = 65536> <RAM>
ST_17 : Operation 128 [1/1] ( I:1.35ns O:1.35ns )   --->   "%store_ln42 = store i24 %cur_load_3, i16 %nxt_addr_2" [top.cpp:42]   --->   Operation 128 'store' 'store_ln42' <Predicate = true> <Delay = 1.35> <CoreInst = "RAM">   --->   Core 82 'RAM' <Latency = 1> <II = 1> <Delay = 1.35> <Storage> <Opcode : 'load' 'store'> <Ports = 2> <Width = 24> <Depth = 65536> <RAM>
ST_17 : Operation 129 [1/1] (0.00ns)   --->   "%br_ln40 = br void %for.inc51" [top.cpp:40]   --->   Operation 129 'br' 'br_ln40' <Predicate = true> <Delay = 0.00>

State 18 <SV = 13> <Delay = 1.39>
ST_18 : Operation 130 [1/1] (0.00ns)   --->   "%i_3 = phi i8 %indvars_iv_next1347, void %for.inc138, i8 1, void %VITIS_LOOP_47_7.preheader"   --->   Operation 130 'phi' 'i_3' <Predicate = true> <Delay = 0.00>
ST_18 : Operation 131 [1/1] (0.90ns)   --->   "%icmp_ln46 = icmp_eq  i8 %i_3, i8 255" [top.cpp:46]   --->   Operation 131 'icmp' 'icmp_ln46' <Predicate = true> <Delay = 0.90> <CoreInst = "Cmp">   --->   Core 9 'Cmp' <Latency = 0> <II = 1> <Delay = 0.90> <FuncUnit> <Opcode : 'seteq' 'setne' 'setle' 'setge' 'setlt' 'setgt'> <InPorts = 2> <OutPorts = 1>
ST_18 : Operation 132 [1/1] (0.00ns)   --->   "%br_ln46 = br i1 %icmp_ln46, void %VITIS_LOOP_47_7.split, void %VITIS_LOOP_65_9.preheader" [top.cpp:46]   --->   Operation 132 'br' 'br_ln46' <Predicate = true> <Delay = 0.00>
ST_18 : Operation 133 [1/1] (0.00ns)   --->   "%speclooptripcount_ln46 = speclooptripcount void @_ssdm_op_SpecLoopTripCount, i64 254, i64 254, i64 254" [top.cpp:46]   --->   Operation 133 'speclooptripcount' 'speclooptripcount_ln46' <Predicate = (!icmp_ln46)> <Delay = 0.00>
ST_18 : Operation 134 [1/1] (0.00ns)   --->   "%specloopname_ln46 = specloopname void @_ssdm_op_SpecLoopName, void @empty_7" [top.cpp:46]   --->   Operation 134 'specloopname' 'specloopname_ln46' <Predicate = (!icmp_ln46)> <Delay = 0.00>
ST_18 : Operation 135 [1/1] (0.90ns)   --->   "%empty_31 = add i8 %i_3, i8 255"   --->   Operation 135 'add' 'empty_31' <Predicate = (!icmp_ln46)> <Delay = 0.90> <CoreInst = "Adder">   --->   Core 1 'Adder' <Latency = 0> <II = 1> <Delay = 0.90> <FuncUnit> <Opcode : 'add' 'sub'> <InPorts = 2> <OutPorts = 1>
ST_18 : Operation 136 [1/1] (0.90ns)   --->   "%indvars_iv_next1347 = add i8 %i_3, i8 1"   --->   Operation 136 'add' 'indvars_iv_next1347' <Predicate = (!icmp_ln46)> <Delay = 0.90> <CoreInst = "Adder">   --->   Core 1 'Adder' <Latency = 0> <II = 1> <Delay = 0.90> <FuncUnit> <Opcode : 'add' 'sub'> <InPorts = 2> <OutPorts = 1>
ST_18 : Operation 137 [1/1] (0.48ns)   --->   "%br_ln47 = br void %for.body63" [top.cpp:47]   --->   Operation 137 'br' 'br_ln47' <Predicate = (!icmp_ln46)> <Delay = 0.48>
ST_18 : Operation 138 [1/1] (0.48ns)   --->   "%br_ln64 = br void %VITIS_LOOP_65_9" [top.cpp:64]   --->   Operation 138 'br' 'br_ln64' <Predicate = (icmp_ln46)> <Delay = 0.48>

State 19 <SV = 14> <Delay = 1.35>
ST_19 : Operation 139 [1/1] (0.00ns)   --->   "%j_3 = phi i8 1, void %VITIS_LOOP_47_7.split, i8 %add_ln50_1, void %for.body63.split" [top.cpp:50]   --->   Operation 139 'phi' 'j_3' <Predicate = true> <Delay = 0.00>
ST_19 : Operation 140 [1/1] (0.90ns)   --->   "%icmp_ln47 = icmp_eq  i8 %j_3, i8 255" [top.cpp:47]   --->   Operation 140 'icmp' 'icmp_ln47' <Predicate = true> <Delay = 0.90> <CoreInst = "Cmp">   --->   Core 9 'Cmp' <Latency = 0> <II = 1> <Delay = 0.90> <FuncUnit> <Opcode : 'seteq' 'setne' 'setle' 'setge' 'setlt' 'setgt'> <InPorts = 2> <OutPorts = 1>
ST_19 : Operation 141 [1/1] (0.00ns)   --->   "%br_ln47 = br i1 %icmp_ln47, void %for.body63.split, void %for.inc138" [top.cpp:47]   --->   Operation 141 'br' 'br_ln47' <Predicate = true> <Delay = 0.00>
ST_19 : Operation 142 [1/1] (0.00ns)   --->   "%tmp_1 = bitconcatenate i16 @_ssdm_op_BitConcatenate.i16.i8.i8, i8 %empty_31, i8 %j_3" [top.cpp:49]   --->   Operation 142 'bitconcatenate' 'tmp_1' <Predicate = (!icmp_ln47)> <Delay = 0.00>
ST_19 : Operation 143 [1/1] (0.00ns)   --->   "%zext_ln49 = zext i16 %tmp_1" [top.cpp:49]   --->   Operation 143 'zext' 'zext_ln49' <Predicate = (!icmp_ln47)> <Delay = 0.00>
ST_19 : Operation 144 [1/1] (0.00ns)   --->   "%cur_addr_5 = getelementptr i24 %cur, i64 0, i64 %zext_ln49" [top.cpp:49]   --->   Operation 144 'getelementptr' 'cur_addr_5' <Predicate = (!icmp_ln47)> <Delay = 0.00>
ST_19 : Operation 145 [1/1] (0.00ns)   --->   "%tmp_2 = bitconcatenate i16 @_ssdm_op_BitConcatenate.i16.i8.i8, i8 %indvars_iv_next1347, i8 %j_3" [top.cpp:49]   --->   Operation 145 'bitconcatenate' 'tmp_2' <Predicate = (!icmp_ln47)> <Delay = 0.00>
ST_19 : Operation 146 [1/1] (0.00ns)   --->   "%zext_ln49_1 = zext i16 %tmp_2" [top.cpp:49]   --->   Operation 146 'zext' 'zext_ln49_1' <Predicate = (!icmp_ln47)> <Delay = 0.00>
ST_19 : Operation 147 [1/1] (0.00ns)   --->   "%cur_addr_6 = getelementptr i24 %cur, i64 0, i64 %zext_ln49_1" [top.cpp:49]   --->   Operation 147 'getelementptr' 'cur_addr_6' <Predicate = (!icmp_ln47)> <Delay = 0.00>
ST_19 : Operation 148 [2/2] (1.35ns)   --->   "%cur_load_4 = load i16 %cur_addr_5" [top.cpp:49]   --->   Operation 148 'load' 'cur_load_4' <Predicate = (!icmp_ln47)> <Delay = 1.35> <CoreInst = "RAM">   --->   Core 82 'RAM' <Latency = 1> <II = 1> <Delay = 1.35> <Storage> <Opcode : 'load' 'store'> <Ports = 2> <Width = 24> <Depth = 65536> <RAM>
ST_19 : Operation 149 [2/2] (1.35ns)   --->   "%cur_load_5 = load i16 %cur_addr_6" [top.cpp:49]   --->   Operation 149 'load' 'cur_load_5' <Predicate = (!icmp_ln47)> <Delay = 1.35> <CoreInst = "RAM">   --->   Core 82 'RAM' <Latency = 1> <II = 1> <Delay = 1.35> <Storage> <Opcode : 'load' 'store'> <Ports = 2> <Width = 24> <Depth = 65536> <RAM>
ST_19 : Operation 150 [1/1] (0.00ns)   --->   "%br_ln46 = br void %VITIS_LOOP_47_7" [top.cpp:46]   --->   Operation 150 'br' 'br_ln46' <Predicate = (icmp_ln47)> <Delay = 0.00>

State 20 <SV = 15> <Delay = 2.25>
ST_20 : Operation 151 [1/2] ( I:1.35ns O:1.35ns )   --->   "%cur_load_4 = load i16 %cur_addr_5" [top.cpp:49]   --->   Operation 151 'load' 'cur_load_4' <Predicate = true> <Delay = 1.35> <CoreInst = "RAM">   --->   Core 82 'RAM' <Latency = 1> <II = 1> <Delay = 1.35> <Storage> <Opcode : 'load' 'store'> <Ports = 2> <Width = 24> <Depth = 65536> <RAM>
ST_20 : Operation 152 [1/2] ( I:1.35ns O:1.35ns )   --->   "%cur_load_5 = load i16 %cur_addr_6" [top.cpp:49]   --->   Operation 152 'load' 'cur_load_5' <Predicate = true> <Delay = 1.35> <CoreInst = "RAM">   --->   Core 82 'RAM' <Latency = 1> <II = 1> <Delay = 1.35> <Storage> <Opcode : 'load' 'store'> <Ports = 2> <Width = 24> <Depth = 65536> <RAM>
ST_20 : Operation 153 [1/1] (0.90ns)   --->   "%add_ln50 = add i8 %j_3, i8 255" [top.cpp:50]   --->   Operation 153 'add' 'add_ln50' <Predicate = true> <Delay = 0.90> <CoreInst = "Adder">   --->   Core 1 'Adder' <Latency = 0> <II = 1> <Delay = 0.90> <FuncUnit> <Opcode : 'add' 'sub'> <InPorts = 2> <OutPorts = 1>
ST_20 : Operation 154 [1/1] (0.00ns)   --->   "%tmp_5 = bitconcatenate i16 @_ssdm_op_BitConcatenate.i16.i8.i8, i8 %i_3, i8 %add_ln50" [top.cpp:50]   --->   Operation 154 'bitconcatenate' 'tmp_5' <Predicate = true> <Delay = 0.00>
ST_20 : Operation 155 [1/1] (0.00ns)   --->   "%zext_ln50 = zext i16 %tmp_5" [top.cpp:50]   --->   Operation 155 'zext' 'zext_ln50' <Predicate = true> <Delay = 0.00>
ST_20 : Operation 156 [1/1] (0.00ns)   --->   "%cur_addr_8 = getelementptr i24 %cur, i64 0, i64 %zext_ln50" [top.cpp:50]   --->   Operation 156 'getelementptr' 'cur_addr_8' <Predicate = true> <Delay = 0.00>
ST_20 : Operation 157 [2/2] (1.35ns)   --->   "%cur_load_6 = load i16 %cur_addr_8" [top.cpp:50]   --->   Operation 157 'load' 'cur_load_6' <Predicate = true> <Delay = 1.35> <CoreInst = "RAM">   --->   Core 82 'RAM' <Latency = 1> <II = 1> <Delay = 1.35> <Storage> <Opcode : 'load' 'store'> <Ports = 2> <Width = 24> <Depth = 65536> <RAM>
ST_20 : Operation 158 [1/1] (0.90ns)   --->   "%add_ln50_1 = add i8 %j_3, i8 1" [top.cpp:50]   --->   Operation 158 'add' 'add_ln50_1' <Predicate = true> <Delay = 0.90> <CoreInst = "Adder">   --->   Core 1 'Adder' <Latency = 0> <II = 1> <Delay = 0.90> <FuncUnit> <Opcode : 'add' 'sub'> <InPorts = 2> <OutPorts = 1>
ST_20 : Operation 159 [1/1] (0.00ns)   --->   "%tmp_11 = bitconcatenate i16 @_ssdm_op_BitConcatenate.i16.i8.i8, i8 %i_3, i8 %add_ln50_1" [top.cpp:50]   --->   Operation 159 'bitconcatenate' 'tmp_11' <Predicate = true> <Delay = 0.00>
ST_20 : Operation 160 [1/1] (0.00ns)   --->   "%zext_ln50_1 = zext i16 %tmp_11" [top.cpp:50]   --->   Operation 160 'zext' 'zext_ln50_1' <Predicate = true> <Delay = 0.00>
ST_20 : Operation 161 [1/1] (0.00ns)   --->   "%cur_addr_9 = getelementptr i24 %cur, i64 0, i64 %zext_ln50_1" [top.cpp:50]   --->   Operation 161 'getelementptr' 'cur_addr_9' <Predicate = true> <Delay = 0.00>
ST_20 : Operation 162 [2/2] (1.35ns)   --->   "%cur_load_7 = load i16 %cur_addr_9" [top.cpp:50]   --->   Operation 162 'load' 'cur_load_7' <Predicate = true> <Delay = 1.35> <CoreInst = "RAM">   --->   Core 82 'RAM' <Latency = 1> <II = 1> <Delay = 1.35> <Storage> <Opcode : 'load' 'store'> <Ports = 2> <Width = 24> <Depth = 65536> <RAM>

State 21 <SV = 16> <Delay = 4.80>
ST_21 : Operation 163 [1/1] (0.00ns)   --->   "%tmp_7 = bitconcatenate i16 @_ssdm_op_BitConcatenate.i16.i8.i8, i8 %empty_31, i8 %add_ln50" [top.cpp:53]   --->   Operation 163 'bitconcatenate' 'tmp_7' <Predicate = true> <Delay = 0.00>
ST_21 : Operation 164 [1/1] (0.00ns)   --->   "%zext_ln53 = zext i16 %tmp_7" [top.cpp:53]   --->   Operation 164 'zext' 'zext_ln53' <Predicate = true> <Delay = 0.00>
ST_21 : Operation 165 [1/1] (0.00ns)   --->   "%cur_addr_10 = getelementptr i24 %cur, i64 0, i64 %zext_ln53" [top.cpp:53]   --->   Operation 165 'getelementptr' 'cur_addr_10' <Predicate = true> <Delay = 0.00>
ST_21 : Operation 166 [1/2] ( I:1.35ns O:1.35ns )   --->   "%cur_load_6 = load i16 %cur_addr_8" [top.cpp:50]   --->   Operation 166 'load' 'cur_load_6' <Predicate = true> <Delay = 1.35> <CoreInst = "RAM">   --->   Core 82 'RAM' <Latency = 1> <II = 1> <Delay = 1.35> <Storage> <Opcode : 'load' 'store'> <Ports = 2> <Width = 24> <Depth = 65536> <RAM>
ST_21 : Operation 167 [1/1] (0.00ns)   --->   "%cur_load_5_cast = sext i24 %cur_load_4" [top.cpp:49]   --->   Operation 167 'sext' 'cur_load_5_cast' <Predicate = true> <Delay = 0.00>
ST_21 : Operation 168 [1/1] (0.00ns)   --->   "%cur_load_6_cast = sext i24 %cur_load_5" [top.cpp:49]   --->   Operation 168 'sext' 'cur_load_6_cast' <Predicate = true> <Delay = 0.00>
ST_21 : Operation 169 [1/1] (0.00ns)   --->   "%sext_ln49 = sext i24 %cur_load_6" [top.cpp:49]   --->   Operation 169 'sext' 'sext_ln49' <Predicate = true> <Delay = 0.00>
ST_21 : Operation 170 [1/1] (1.10ns)   --->   "%add_ln49_1 = add i25 %cur_load_5_cast, i25 %sext_ln49" [top.cpp:49]   --->   Operation 170 'add' 'add_ln49_1' <Predicate = true> <Delay = 1.10> <CoreInst = "Adder">   --->   Core 1 'Adder' <Latency = 0> <II = 1> <Delay = 1.10> <FuncUnit> <Opcode : 'add' 'sub'> <InPorts = 2> <OutPorts = 1>
ST_21 : Operation 171 [1/1] (0.00ns)   --->   "%sext_ln49_1 = sext i25 %add_ln49_1" [top.cpp:49]   --->   Operation 171 'sext' 'sext_ln49_1' <Predicate = true> <Delay = 0.00>
ST_21 : Operation 172 [1/1] (1.12ns)   --->   "%add_ln49 = add i26 %sext_ln49_1, i26 %cur_load_6_cast" [top.cpp:49]   --->   Operation 172 'add' 'add_ln49' <Predicate = true> <Delay = 1.12> <CoreInst = "Adder">   --->   Core 1 'Adder' <Latency = 0> <II = 1> <Delay = 1.12> <FuncUnit> <Opcode : 'add' 'sub'> <InPorts = 2> <OutPorts = 1>
ST_21 : Operation 173 [1/1] (0.00ns)   --->   "%tmp_10 = bitconcatenate i38 @_ssdm_op_BitConcatenate.i38.i26.i12, i26 %add_ln49, i12 0" [top.cpp:49]   --->   Operation 173 'bitconcatenate' 'tmp_10' <Predicate = true> <Delay = 0.00>
ST_21 : Operation 174 [1/1] (0.00ns)   --->   "%sext_ln50 = sext i38 %tmp_10" [top.cpp:50]   --->   Operation 174 'sext' 'sext_ln50' <Predicate = true> <Delay = 0.00>
ST_21 : Operation 175 [1/1] (0.00ns)   --->   "%tmp_12 = bitconcatenate i16 @_ssdm_op_BitConcatenate.i16.i8.i8, i8 %empty_31, i8 %add_ln50_1" [top.cpp:53]   --->   Operation 175 'bitconcatenate' 'tmp_12' <Predicate = true> <Delay = 0.00>
ST_21 : Operation 176 [1/1] (0.00ns)   --->   "%zext_ln53_1 = zext i16 %tmp_12" [top.cpp:53]   --->   Operation 176 'zext' 'zext_ln53_1' <Predicate = true> <Delay = 0.00>
ST_21 : Operation 177 [1/1] (0.00ns)   --->   "%cur_addr_11 = getelementptr i24 %cur, i64 0, i64 %zext_ln53_1" [top.cpp:53]   --->   Operation 177 'getelementptr' 'cur_addr_11' <Predicate = true> <Delay = 0.00>
ST_21 : Operation 178 [1/2] ( I:1.35ns O:1.35ns )   --->   "%cur_load_7 = load i16 %cur_addr_9" [top.cpp:50]   --->   Operation 178 'load' 'cur_load_7' <Predicate = true> <Delay = 1.35> <CoreInst = "RAM">   --->   Core 82 'RAM' <Latency = 1> <II = 1> <Delay = 1.35> <Storage> <Opcode : 'load' 'store'> <Ports = 2> <Width = 24> <Depth = 65536> <RAM>
ST_21 : Operation 179 [1/1] (0.00ns)   --->   "%shl_ln = bitconcatenate i36 @_ssdm_op_BitConcatenate.i36.i24.i12, i24 %cur_load_7, i12 0" [top.cpp:50]   --->   Operation 179 'bitconcatenate' 'shl_ln' <Predicate = true> <Delay = 0.00>
ST_21 : Operation 180 [1/1] (0.00ns)   --->   "%sext_ln50_1 = sext i36 %shl_ln" [top.cpp:50]   --->   Operation 180 'sext' 'sext_ln50_1' <Predicate = true> <Delay = 0.00>
ST_21 : Operation 181 [1/1] (1.22ns)   --->   "%sum_axis = add i39 %sext_ln50_1, i39 %sext_ln50" [top.cpp:50]   --->   Operation 181 'add' 'sum_axis' <Predicate = true> <Delay = 1.22> <CoreInst = "Adder">   --->   Core 1 'Adder' <Latency = 0> <II = 1> <Delay = 1.22> <FuncUnit> <Opcode : 'add' 'sub'> <InPorts = 2> <OutPorts = 1>
ST_21 : Operation 182 [2/2] (1.35ns)   --->   "%cur_load_8 = load i16 %cur_addr_10" [top.cpp:53]   --->   Operation 182 'load' 'cur_load_8' <Predicate = true> <Delay = 1.35> <CoreInst = "RAM">   --->   Core 82 'RAM' <Latency = 1> <II = 1> <Delay = 1.35> <Storage> <Opcode : 'load' 'store'> <Ports = 2> <Width = 24> <Depth = 65536> <RAM>
ST_21 : Operation 183 [2/2] (1.35ns)   --->   "%cur_load_9 = load i16 %cur_addr_11" [top.cpp:53]   --->   Operation 183 'load' 'cur_load_9' <Predicate = true> <Delay = 1.35> <CoreInst = "RAM">   --->   Core 82 'RAM' <Latency = 1> <II = 1> <Delay = 1.35> <Storage> <Opcode : 'load' 'store'> <Ports = 2> <Width = 24> <Depth = 65536> <RAM>

State 22 <SV = 17> <Delay = 1.35>
ST_22 : Operation 184 [1/1] (0.00ns)   --->   "%tmp_8 = bitconcatenate i16 @_ssdm_op_BitConcatenate.i16.i8.i8, i8 %indvars_iv_next1347, i8 %add_ln50" [top.cpp:54]   --->   Operation 184 'bitconcatenate' 'tmp_8' <Predicate = true> <Delay = 0.00>
ST_22 : Operation 185 [1/1] (0.00ns)   --->   "%zext_ln54 = zext i16 %tmp_8" [top.cpp:54]   --->   Operation 185 'zext' 'zext_ln54' <Predicate = true> <Delay = 0.00>
ST_22 : Operation 186 [1/1] (0.00ns)   --->   "%cur_addr_12 = getelementptr i24 %cur, i64 0, i64 %zext_ln54" [top.cpp:54]   --->   Operation 186 'getelementptr' 'cur_addr_12' <Predicate = true> <Delay = 0.00>
ST_22 : Operation 187 [1/1] (0.00ns)   --->   "%tmp_13 = bitconcatenate i16 @_ssdm_op_BitConcatenate.i16.i8.i8, i8 %indvars_iv_next1347, i8 %add_ln50_1" [top.cpp:54]   --->   Operation 187 'bitconcatenate' 'tmp_13' <Predicate = true> <Delay = 0.00>
ST_22 : Operation 188 [1/1] (0.00ns)   --->   "%zext_ln54_1 = zext i16 %tmp_13" [top.cpp:54]   --->   Operation 188 'zext' 'zext_ln54_1' <Predicate = true> <Delay = 0.00>
ST_22 : Operation 189 [1/1] (0.00ns)   --->   "%cur_addr_13 = getelementptr i24 %cur, i64 0, i64 %zext_ln54_1" [top.cpp:54]   --->   Operation 189 'getelementptr' 'cur_addr_13' <Predicate = true> <Delay = 0.00>
ST_22 : Operation 190 [1/2] ( I:1.35ns O:1.35ns )   --->   "%cur_load_8 = load i16 %cur_addr_10" [top.cpp:53]   --->   Operation 190 'load' 'cur_load_8' <Predicate = true> <Delay = 1.35> <CoreInst = "RAM">   --->   Core 82 'RAM' <Latency = 1> <II = 1> <Delay = 1.35> <Storage> <Opcode : 'load' 'store'> <Ports = 2> <Width = 24> <Depth = 65536> <RAM>
ST_22 : Operation 191 [1/2] ( I:1.35ns O:1.35ns )   --->   "%cur_load_9 = load i16 %cur_addr_11" [top.cpp:53]   --->   Operation 191 'load' 'cur_load_9' <Predicate = true> <Delay = 1.35> <CoreInst = "RAM">   --->   Core 82 'RAM' <Latency = 1> <II = 1> <Delay = 1.35> <Storage> <Opcode : 'load' 'store'> <Ports = 2> <Width = 24> <Depth = 65536> <RAM>
ST_22 : Operation 192 [2/2] (1.35ns)   --->   "%cur_load_10 = load i16 %cur_addr_12" [top.cpp:54]   --->   Operation 192 'load' 'cur_load_10' <Predicate = true> <Delay = 1.35> <CoreInst = "RAM">   --->   Core 82 'RAM' <Latency = 1> <II = 1> <Delay = 1.35> <Storage> <Opcode : 'load' 'store'> <Ports = 2> <Width = 24> <Depth = 65536> <RAM>
ST_22 : Operation 193 [2/2] (1.35ns)   --->   "%cur_load_11 = load i16 %cur_addr_13" [top.cpp:54]   --->   Operation 193 'load' 'cur_load_11' <Predicate = true> <Delay = 1.35> <CoreInst = "RAM">   --->   Core 82 'RAM' <Latency = 1> <II = 1> <Delay = 1.35> <Storage> <Opcode : 'load' 'store'> <Ports = 2> <Width = 24> <Depth = 65536> <RAM>

State 23 <SV = 18> <Delay = 4.80>
ST_23 : Operation 194 [1/1] (0.00ns)   --->   "%tmp_4 = bitconcatenate i16 @_ssdm_op_BitConcatenate.i16.i8.i8, i8 %i_3, i8 %j_3" [top.cpp:56]   --->   Operation 194 'bitconcatenate' 'tmp_4' <Predicate = true> <Delay = 0.00>
ST_23 : Operation 195 [1/1] (0.00ns)   --->   "%zext_ln56 = zext i16 %tmp_4" [top.cpp:56]   --->   Operation 195 'zext' 'zext_ln56' <Predicate = true> <Delay = 0.00>
ST_23 : Operation 196 [1/1] (0.00ns)   --->   "%cur_addr_7 = getelementptr i24 %cur, i64 0, i64 %zext_ln56" [top.cpp:56]   --->   Operation 196 'getelementptr' 'cur_addr_7' <Predicate = true> <Delay = 0.00>
ST_23 : Operation 197 [1/2] ( I:1.35ns O:1.35ns )   --->   "%cur_load_10 = load i16 %cur_addr_12" [top.cpp:54]   --->   Operation 197 'load' 'cur_load_10' <Predicate = true> <Delay = 1.35> <CoreInst = "RAM">   --->   Core 82 'RAM' <Latency = 1> <II = 1> <Delay = 1.35> <Storage> <Opcode : 'load' 'store'> <Ports = 2> <Width = 24> <Depth = 65536> <RAM>
ST_23 : Operation 198 [1/1] (0.00ns)   --->   "%cur_load_9_cast = sext i24 %cur_load_8" [top.cpp:53]   --->   Operation 198 'sext' 'cur_load_9_cast' <Predicate = true> <Delay = 0.00>
ST_23 : Operation 199 [1/1] (0.00ns)   --->   "%cur_load_10_cast = sext i24 %cur_load_9" [top.cpp:53]   --->   Operation 199 'sext' 'cur_load_10_cast' <Predicate = true> <Delay = 0.00>
ST_23 : Operation 200 [1/1] (0.00ns)   --->   "%sext_ln53 = sext i24 %cur_load_10" [top.cpp:53]   --->   Operation 200 'sext' 'sext_ln53' <Predicate = true> <Delay = 0.00>
ST_23 : Operation 201 [1/1] (1.10ns)   --->   "%add_ln53_1 = add i25 %cur_load_9_cast, i25 %sext_ln53" [top.cpp:53]   --->   Operation 201 'add' 'add_ln53_1' <Predicate = true> <Delay = 1.10> <CoreInst = "Adder">   --->   Core 1 'Adder' <Latency = 0> <II = 1> <Delay = 1.10> <FuncUnit> <Opcode : 'add' 'sub'> <InPorts = 2> <OutPorts = 1>
ST_23 : Operation 202 [1/1] (0.00ns)   --->   "%sext_ln53_1 = sext i25 %add_ln53_1" [top.cpp:53]   --->   Operation 202 'sext' 'sext_ln53_1' <Predicate = true> <Delay = 0.00>
ST_23 : Operation 203 [1/1] (1.12ns)   --->   "%add_ln53 = add i26 %sext_ln53_1, i26 %cur_load_10_cast" [top.cpp:53]   --->   Operation 203 'add' 'add_ln53' <Predicate = true> <Delay = 1.12> <CoreInst = "Adder">   --->   Core 1 'Adder' <Latency = 0> <II = 1> <Delay = 1.12> <FuncUnit> <Opcode : 'add' 'sub'> <InPorts = 2> <OutPorts = 1>
ST_23 : Operation 204 [1/1] (0.00ns)   --->   "%tmp_14 = bitconcatenate i38 @_ssdm_op_BitConcatenate.i38.i26.i12, i26 %add_ln53, i12 0" [top.cpp:53]   --->   Operation 204 'bitconcatenate' 'tmp_14' <Predicate = true> <Delay = 0.00>
ST_23 : Operation 205 [1/1] (0.00ns)   --->   "%sext_ln54 = sext i38 %tmp_14" [top.cpp:54]   --->   Operation 205 'sext' 'sext_ln54' <Predicate = true> <Delay = 0.00>
ST_23 : Operation 206 [1/2] ( I:1.35ns O:1.35ns )   --->   "%cur_load_11 = load i16 %cur_addr_13" [top.cpp:54]   --->   Operation 206 'load' 'cur_load_11' <Predicate = true> <Delay = 1.35> <CoreInst = "RAM">   --->   Core 82 'RAM' <Latency = 1> <II = 1> <Delay = 1.35> <Storage> <Opcode : 'load' 'store'> <Ports = 2> <Width = 24> <Depth = 65536> <RAM>
ST_23 : Operation 207 [1/1] (0.00ns)   --->   "%shl_ln1 = bitconcatenate i36 @_ssdm_op_BitConcatenate.i36.i24.i12, i24 %cur_load_11, i12 0" [top.cpp:54]   --->   Operation 207 'bitconcatenate' 'shl_ln1' <Predicate = true> <Delay = 0.00>
ST_23 : Operation 208 [1/1] (0.00ns)   --->   "%sext_ln54_1 = sext i36 %shl_ln1" [top.cpp:54]   --->   Operation 208 'sext' 'sext_ln54_1' <Predicate = true> <Delay = 0.00>
ST_23 : Operation 209 [1/1] (1.22ns)   --->   "%sum_diag = add i39 %sext_ln54_1, i39 %sext_ln54" [top.cpp:54]   --->   Operation 209 'add' 'sum_diag' <Predicate = true> <Delay = 1.22> <CoreInst = "Adder">   --->   Core 1 'Adder' <Latency = 0> <II = 1> <Delay = 1.22> <FuncUnit> <Opcode : 'add' 'sub'> <InPorts = 2> <OutPorts = 1>
ST_23 : Operation 210 [2/2] (1.35ns)   --->   "%cur_load_12 = load i16 %cur_addr_7" [top.cpp:56]   --->   Operation 210 'load' 'cur_load_12' <Predicate = true> <Delay = 1.35> <CoreInst = "RAM">   --->   Core 82 'RAM' <Latency = 1> <II = 1> <Delay = 1.35> <Storage> <Opcode : 'load' 'store'> <Ports = 2> <Width = 24> <Depth = 65536> <RAM>

State 24 <SV = 19> <Delay = 4.94>
ST_24 : Operation 211 [1/2] ( I:1.35ns O:1.35ns )   --->   "%cur_load_12 = load i16 %cur_addr_7" [top.cpp:56]   --->   Operation 211 'load' 'cur_load_12' <Predicate = true> <Delay = 1.35> <CoreInst = "RAM">   --->   Core 82 'RAM' <Latency = 1> <II = 1> <Delay = 1.35> <Storage> <Opcode : 'load' 'store'> <Ports = 2> <Width = 24> <Depth = 65536> <RAM>
ST_24 : Operation 212 [1/1] (0.00ns)   --->   "%shl_ln2 = bitconcatenate i63 @_ssdm_op_BitConcatenate.i63.i24.i39, i24 %cur_load_12, i39 0" [top.cpp:58]   --->   Operation 212 'bitconcatenate' 'shl_ln2' <Predicate = true> <Delay = 0.00>
ST_24 : Operation 213 [1/1] (0.00ns)   --->   "%sext_ln58 = sext i39 %sum_axis" [top.cpp:58]   --->   Operation 213 'sext' 'sext_ln58' <Predicate = true> <Delay = 0.00>
ST_24 : Operation 214 [1/1] (3.92ns)   --->   "%mul_ln58 = mul i65 %sext_ln58, i65 26845184" [top.cpp:58]   --->   Operation 214 'mul' 'mul_ln58' <Predicate = true> <Delay = 3.92> <CoreInst = "Multiplier">   --->   Core 3 'Multiplier' <Latency = 0> <II = 1> <Delay = 3.92> <FuncUnit> <Opcode : 'mul'> <InPorts = 2> <OutPorts = 1>
ST_24 : Operation 215 [1/1] (0.00ns)   --->   "%sext_ln58_1 = sext i63 %shl_ln2" [top.cpp:58]   --->   Operation 215 'sext' 'sext_ln58_1' <Predicate = true> <Delay = 0.00>
ST_24 : Operation 216 [1/1] (0.00ns)   --->   "%sext_ln58_2 = sext i65 %mul_ln58" [top.cpp:58]   --->   Operation 216 'sext' 'sext_ln58_2' <Predicate = true> <Delay = 0.00>
ST_24 : Operation 217 [1/1] (0.00ns) (grouped into TernaryAdder)   --->   "%add_ln58 = add i66 %sext_ln58_1, i66 %sext_ln58_2" [top.cpp:58]   --->   Operation 217 'add' 'add_ln58' <Predicate = true> <Delay = 0.00> <CoreInst = "TAddSub">   --->   Core 10 'TAddSub' <Latency = 0> <II = 1> <Delay = 0.50> <IPBlock> <Opcode : 'add' 'sub'> <InPorts = 3> <OutPorts = 1> <Sync> <CReg>
ST_24 : Operation 218 [1/1] (0.00ns)   --->   "%sext_ln58_3 = sext i39 %sum_diag" [top.cpp:58]   --->   Operation 218 'sext' 'sext_ln58_3' <Predicate = true> <Delay = 0.00>
ST_24 : Operation 219 [1/1] (3.92ns)   --->   "%mul_ln58_1 = mul i63 %sext_ln58_3, i63 6709248" [top.cpp:58]   --->   Operation 219 'mul' 'mul_ln58_1' <Predicate = true> <Delay = 3.92> <CoreInst = "Multiplier">   --->   Core 3 'Multiplier' <Latency = 0> <II = 1> <Delay = 3.92> <FuncUnit> <Opcode : 'mul'> <InPorts = 2> <OutPorts = 1>
ST_24 : Operation 220 [1/1] (0.00ns)   --->   "%sext_ln58_4 = sext i63 %mul_ln58_1" [top.cpp:58]   --->   Operation 220 'sext' 'sext_ln58_4' <Predicate = true> <Delay = 0.00>
ST_24 : Operation 221 [1/1] (1.01ns) (root node of TernaryAdder)   --->   "%add_ln58_1 = add i66 %add_ln58, i66 %sext_ln58_4" [top.cpp:58]   --->   Operation 221 'add' 'add_ln58_1' <Predicate = true> <Delay = 1.01> <CoreInst = "TAddSub">   --->   Core 10 'TAddSub' <Latency = 0> <II = 1> <Delay = 0.50> <IPBlock> <Opcode : 'add' 'sub'> <InPorts = 3> <OutPorts = 1> <Sync> <CReg>
ST_24 : Operation 222 [1/1] (0.00ns)   --->   "%tmp_17 = bitselect i1 @_ssdm_op_BitSelect.i1.i66.i32, i66 %add_ln58_1, i32 65" [top.cpp:58]   --->   Operation 222 'bitselect' 'tmp_17' <Predicate = true> <Delay = 0.00>
ST_24 : Operation 223 [1/1] (0.00ns)   --->   "%out = partselect i38 @_ssdm_op_PartSelect.i38.i66.i32.i32, i66 %add_ln58_1, i32 28, i32 65" [top.cpp:58]   --->   Operation 223 'partselect' 'out' <Predicate = true> <Delay = 0.00>
ST_24 : Operation 224 [1/1] (0.00ns)   --->   "%tmp_18 = bitselect i1 @_ssdm_op_BitSelect.i1.i66.i32, i66 %add_ln58_1, i32 27" [top.cpp:58]   --->   Operation 224 'bitselect' 'tmp_18' <Predicate = true> <Delay = 0.00>

State 25 <SV = 20> <Delay = 6.14>
ST_25 : Operation 225 [1/1] (0.00ns)   --->   "%nxt_addr_3 = getelementptr i24 %nxt, i64 0, i64 %zext_ln56" [top.cpp:59]   --->   Operation 225 'getelementptr' 'nxt_addr_3' <Predicate = true> <Delay = 0.00>
ST_25 : Operation 226 [1/1] (0.00ns)   --->   "%speclooptripcount_ln47 = speclooptripcount void @_ssdm_op_SpecLoopTripCount, i64 254, i64 254, i64 254" [top.cpp:47]   --->   Operation 226 'speclooptripcount' 'speclooptripcount_ln47' <Predicate = true> <Delay = 0.00>
ST_25 : Operation 227 [1/1] (0.00ns)   --->   "%specloopname_ln47 = specloopname void @_ssdm_op_SpecLoopName, void @empty_14" [top.cpp:47]   --->   Operation 227 'specloopname' 'specloopname_ln47' <Predicate = true> <Delay = 0.00>
ST_25 : Operation 228 [1/1] (0.00ns)   --->   "%sext_ln58_5 = sext i38 %out" [top.cpp:58]   --->   Operation 228 'sext' 'sext_ln58_5' <Predicate = true> <Delay = 0.00>
ST_25 : Operation 229 [1/1] (0.00ns)   --->   "%zext_ln58 = zext i1 %tmp_18" [top.cpp:58]   --->   Operation 229 'zext' 'zext_ln58' <Predicate = true> <Delay = 0.00>
ST_25 : Operation 230 [1/1] (1.22ns)   --->   "%out_1 = add i39 %sext_ln58_5, i39 %zext_ln58" [top.cpp:58]   --->   Operation 230 'add' 'out_1' <Predicate = true> <Delay = 1.22> <CoreInst = "Adder">   --->   Core 1 'Adder' <Latency = 0> <II = 1> <Delay = 1.22> <FuncUnit> <Opcode : 'add' 'sub'> <InPorts = 2> <OutPorts = 1>
ST_25 : Operation 231 [1/1] (0.00ns)   --->   "%sext_ln58_6 = sext i39 %out_1" [top.cpp:58]   --->   Operation 231 'sext' 'sext_ln58_6' <Predicate = true> <Delay = 0.00>
ST_25 : Operation 232 [1/1] (0.00ns)   --->   "%tmp_19 = bitselect i1 @_ssdm_op_BitSelect.i1.i40.i32, i40 %sext_ln58_6, i32 39" [top.cpp:58]   --->   Operation 232 'bitselect' 'tmp_19' <Predicate = true> <Delay = 0.00>
ST_25 : Operation 233 [1/1] (0.00ns) (grouped into LUT with out node and_ln58)   --->   "%xor_ln58 = xor i1 %tmp_19, i1 1" [top.cpp:58]   --->   Operation 233 'xor' 'xor_ln58' <Predicate = true> <Delay = 0.00> <CoreInst = "LogicGate">   --->   Core 74 'LogicGate' <Latency = 0> <II = 1> <Delay = 0.33> <FuncUnit> <Opcode : 'and' 'or' 'xor'> <InPorts = 2> <OutPorts = 1>
ST_25 : Operation 234 [1/1] (0.33ns) (out node of the LUT)   --->   "%and_ln58 = and i1 %tmp_17, i1 %xor_ln58" [top.cpp:58]   --->   Operation 234 'and' 'and_ln58' <Predicate = true> <Delay = 0.33> <CoreInst = "LogicGate">   --->   Core 74 'LogicGate' <Latency = 0> <II = 1> <Delay = 0.33> <FuncUnit> <Opcode : 'and' 'or' 'xor'> <InPorts = 2> <OutPorts = 1>
ST_25 : Operation 235 [1/1] (0.33ns)   --->   "%xor_ln58_1 = xor i1 %tmp_17, i1 1" [top.cpp:58]   --->   Operation 235 'xor' 'xor_ln58_1' <Predicate = true> <Delay = 0.33> <CoreInst = "LogicGate">   --->   Core 74 'LogicGate' <Latency = 0> <II = 1> <Delay = 0.33> <FuncUnit> <Opcode : 'and' 'or' 'xor'> <InPorts = 2> <OutPorts = 1>
ST_25 : Operation 236 [1/1] (0.00ns) (grouped into LUT with out node and_ln58_1)   --->   "%or_ln58_2 = or i1 %tmp_19, i1 %xor_ln58_1" [top.cpp:58]   --->   Operation 236 'or' 'or_ln58_2' <Predicate = true> <Delay = 0.00> <CoreInst = "LogicGate">   --->   Core 74 'LogicGate' <Latency = 0> <II = 1> <Delay = 0.33> <FuncUnit> <Opcode : 'and' 'or' 'xor'> <InPorts = 2> <OutPorts = 1>
ST_25 : Operation 237 [1/1] (0.00ns) (grouped into LUT with out node and_ln58_1)   --->   "%xor_ln58_2 = xor i1 %tmp_17, i1 %or_ln58_2" [top.cpp:58]   --->   Operation 237 'xor' 'xor_ln58_2' <Predicate = true> <Delay = 0.00> <CoreInst = "LogicGate">   --->   Core 74 'LogicGate' <Latency = 0> <II = 1> <Delay = 0.33> <FuncUnit> <Opcode : 'and' 'or' 'xor'> <InPorts = 2> <OutPorts = 1>
ST_25 : Operation 238 [1/1] (0.00ns) (grouped into LUT with out node or_ln58_1)   --->   "%xor_ln58_4 = xor i1 %and_ln58, i1 %tmp_17" [top.cpp:58]   --->   Operation 238 'xor' 'xor_ln58_4' <Predicate = true> <Delay = 0.00> <CoreInst = "LogicGate">   --->   Core 74 'LogicGate' <Latency = 0> <II = 1> <Delay = 0.33> <FuncUnit> <Opcode : 'and' 'or' 'xor'> <InPorts = 2> <OutPorts = 1>
ST_25 : Operation 239 [1/1] (0.00ns) (grouped into LUT with out node and_ln58_1)   --->   "%xor_ln58_3 = xor i1 %xor_ln58_2, i1 1" [top.cpp:58]   --->   Operation 239 'xor' 'xor_ln58_3' <Predicate = true> <Delay = 0.00> <CoreInst = "LogicGate">   --->   Core 74 'LogicGate' <Latency = 0> <II = 1> <Delay = 0.33> <FuncUnit> <Opcode : 'and' 'or' 'xor'> <InPorts = 2> <OutPorts = 1>
ST_25 : Operation 240 [1/1] (0.00ns) (grouped into LUT with out node and_ln58_1)   --->   "%or_ln58 = or i1 %tmp_19, i1 %xor_ln58_3" [top.cpp:58]   --->   Operation 240 'or' 'or_ln58' <Predicate = true> <Delay = 0.00> <CoreInst = "LogicGate">   --->   Core 74 'LogicGate' <Latency = 0> <II = 1> <Delay = 0.33> <FuncUnit> <Opcode : 'and' 'or' 'xor'> <InPorts = 2> <OutPorts = 1>
ST_25 : Operation 241 [1/1] (0.33ns) (out node of the LUT)   --->   "%and_ln58_1 = and i1 %or_ln58, i1 %xor_ln58_1" [top.cpp:58]   --->   Operation 241 'and' 'and_ln58_1' <Predicate = true> <Delay = 0.33> <CoreInst = "LogicGate">   --->   Core 74 'LogicGate' <Latency = 0> <II = 1> <Delay = 0.33> <FuncUnit> <Opcode : 'and' 'or' 'xor'> <InPorts = 2> <OutPorts = 1>
ST_25 : Operation 242 [1/1] (0.00ns) (grouped into LUT with out node or_ln58_1)   --->   "%and_ln58_2 = and i1 %tmp_19, i1 %xor_ln58_4" [top.cpp:58]   --->   Operation 242 'and' 'and_ln58_2' <Predicate = true> <Delay = 0.00> <CoreInst = "LogicGate">   --->   Core 74 'LogicGate' <Latency = 0> <II = 1> <Delay = 0.33> <FuncUnit> <Opcode : 'and' 'or' 'xor'> <InPorts = 2> <OutPorts = 1>
ST_25 : Operation 243 [1/1] (0.00ns) (grouped into LUT with out node or_ln58_1)   --->   "%or_ln58_3 = or i1 %and_ln58, i1 %and_ln58_2" [top.cpp:58]   --->   Operation 243 'or' 'or_ln58_3' <Predicate = true> <Delay = 0.00> <CoreInst = "LogicGate">   --->   Core 74 'LogicGate' <Latency = 0> <II = 1> <Delay = 0.33> <FuncUnit> <Opcode : 'and' 'or' 'xor'> <InPorts = 2> <OutPorts = 1>
ST_25 : Operation 244 [1/1] (0.00ns) (grouped into LUT with out node or_ln58_1)   --->   "%xor_ln58_5 = xor i1 %or_ln58_3, i1 1" [top.cpp:58]   --->   Operation 244 'xor' 'xor_ln58_5' <Predicate = true> <Delay = 0.00> <CoreInst = "LogicGate">   --->   Core 74 'LogicGate' <Latency = 0> <II = 1> <Delay = 0.33> <FuncUnit> <Opcode : 'and' 'or' 'xor'> <InPorts = 2> <OutPorts = 1>
ST_25 : Operation 245 [1/1] (0.00ns) (grouped into LUT with out node or_ln58_1)   --->   "%and_ln58_3 = and i1 %tmp_17, i1 %xor_ln58_5" [top.cpp:58]   --->   Operation 245 'and' 'and_ln58_3' <Predicate = true> <Delay = 0.00> <CoreInst = "LogicGate">   --->   Core 74 'LogicGate' <Latency = 0> <II = 1> <Delay = 0.33> <FuncUnit> <Opcode : 'and' 'or' 'xor'> <InPorts = 2> <OutPorts = 1>
ST_25 : Operation 246 [1/1] (0.00ns) (grouped into LUT with out node out_2)   --->   "%select_ln58 = select i1 %and_ln58_1, i40 549755813887, i40 549755813888" [top.cpp:58]   --->   Operation 246 'select' 'select_ln58' <Predicate = true> <Delay = 0.00> <CoreInst = "Sel">   --->   Core 73 'Sel' <Latency = 0> <II = 1> <Delay = 0.36> <FuncUnit> <Opcode : 'select'> <InPorts = 3> <OutPorts = 1>
ST_25 : Operation 247 [1/1] (0.33ns) (out node of the LUT)   --->   "%or_ln58_1 = or i1 %and_ln58_1, i1 %and_ln58_3" [top.cpp:58]   --->   Operation 247 'or' 'or_ln58_1' <Predicate = true> <Delay = 0.33> <CoreInst = "LogicGate">   --->   Core 74 'LogicGate' <Latency = 0> <II = 1> <Delay = 0.33> <FuncUnit> <Opcode : 'and' 'or' 'xor'> <InPorts = 2> <OutPorts = 1>
ST_25 : Operation 248 [1/1] (0.36ns) (out node of the LUT)   --->   "%out_2 = select i1 %or_ln58_1, i40 %select_ln58, i40 %sext_ln58_6" [top.cpp:58]   --->   Operation 248 'select' 'out_2' <Predicate = true> <Delay = 0.36> <CoreInst = "Sel">   --->   Core 73 'Sel' <Latency = 0> <II = 1> <Delay = 0.36> <FuncUnit> <Opcode : 'select'> <InPorts = 3> <OutPorts = 1>
ST_25 : Operation 249 [1/1] (0.00ns)   --->   "%tmp_20 = bitselect i1 @_ssdm_op_BitSelect.i1.i40.i32, i40 %out_2, i32 39" [top.cpp:59]   --->   Operation 249 'bitselect' 'tmp_20' <Predicate = true> <Delay = 0.00>
ST_25 : Operation 250 [1/1] (0.00ns)   --->   "%trunc_ln4 = partselect i24 @_ssdm_op_PartSelect.i24.i40.i32.i32, i40 %out_2, i32 12, i32 35" [top.cpp:59]   --->   Operation 250 'partselect' 'trunc_ln4' <Predicate = true> <Delay = 0.00>
ST_25 : Operation 251 [1/1] (0.00ns)   --->   "%tmp_21 = bitselect i1 @_ssdm_op_BitSelect.i1.i40.i32, i40 %out_2, i32 11" [top.cpp:59]   --->   Operation 251 'bitselect' 'tmp_21' <Predicate = true> <Delay = 0.00>
ST_25 : Operation 252 [1/1] (0.00ns) (grouped into LUT with out node and_ln59)   --->   "%tmp_22 = bitselect i1 @_ssdm_op_BitSelect.i1.i40.i32, i40 %out_2, i32 35" [top.cpp:59]   --->   Operation 252 'bitselect' 'tmp_22' <Predicate = true> <Delay = 0.00>
ST_25 : Operation 253 [1/1] (0.00ns)   --->   "%zext_ln59 = zext i1 %tmp_21" [top.cpp:59]   --->   Operation 253 'zext' 'zext_ln59' <Predicate = true> <Delay = 0.00>
ST_25 : Operation 254 [1/1] (1.10ns)   --->   "%add_ln59 = add i24 %trunc_ln4, i24 %zext_ln59" [top.cpp:59]   --->   Operation 254 'add' 'add_ln59' <Predicate = true> <Delay = 1.10> <CoreInst = "Adder">   --->   Core 1 'Adder' <Latency = 0> <II = 1> <Delay = 1.10> <FuncUnit> <Opcode : 'add' 'sub'> <InPorts = 2> <OutPorts = 1>
ST_25 : Operation 255 [1/1] (0.00ns)   --->   "%tmp_23 = bitselect i1 @_ssdm_op_BitSelect.i1.i24.i32, i24 %add_ln59, i32 23" [top.cpp:59]   --->   Operation 255 'bitselect' 'tmp_23' <Predicate = true> <Delay = 0.00>
ST_25 : Operation 256 [1/1] (0.00ns) (grouped into LUT with out node and_ln59)   --->   "%xor_ln59 = xor i1 %tmp_23, i1 1" [top.cpp:59]   --->   Operation 256 'xor' 'xor_ln59' <Predicate = true> <Delay = 0.00> <CoreInst = "LogicGate">   --->   Core 74 'LogicGate' <Latency = 0> <II = 1> <Delay = 0.33> <FuncUnit> <Opcode : 'and' 'or' 'xor'> <InPorts = 2> <OutPorts = 1>
ST_25 : Operation 257 [1/1] (0.33ns) (out node of the LUT)   --->   "%and_ln59 = and i1 %tmp_22, i1 %xor_ln59" [top.cpp:59]   --->   Operation 257 'and' 'and_ln59' <Predicate = true> <Delay = 0.33> <CoreInst = "LogicGate">   --->   Core 74 'LogicGate' <Latency = 0> <II = 1> <Delay = 0.33> <FuncUnit> <Opcode : 'and' 'or' 'xor'> <InPorts = 2> <OutPorts = 1>
ST_25 : Operation 258 [1/1] (0.00ns) (grouped into LUT with out node and_ln59_4)   --->   "%tmp_24 = bitselect i1 @_ssdm_op_BitSelect.i1.i40.i32, i40 %out_2, i32 36" [top.cpp:59]   --->   Operation 258 'bitselect' 'tmp_24' <Predicate = true> <Delay = 0.00>
ST_25 : Operation 259 [1/1] (0.00ns)   --->   "%tmp_15 = partselect i3 @_ssdm_op_PartSelect.i3.i40.i32, i40 %out_2, i32 37" [top.cpp:59]   --->   Operation 259 'partselect' 'tmp_15' <Predicate = true> <Delay = 0.00>
ST_25 : Operation 260 [1/1] (0.74ns)   --->   "%icmp_ln59 = icmp_eq  i3 %tmp_15, i3 7" [top.cpp:59]   --->   Operation 260 'icmp' 'icmp_ln59' <Predicate = true> <Delay = 0.74> <CoreInst = "Cmp">   --->   Core 9 'Cmp' <Latency = 0> <II = 1> <Delay = 0.74> <FuncUnit> <Opcode : 'seteq' 'setne' 'setle' 'setge' 'setlt' 'setgt'> <InPorts = 2> <OutPorts = 1>
ST_25 : Operation 261 [1/1] (0.00ns)   --->   "%tmp_16 = partselect i4 @_ssdm_op_PartSelect.i4.i40.i32, i40 %out_2, i32 36" [top.cpp:59]   --->   Operation 261 'partselect' 'tmp_16' <Predicate = true> <Delay = 0.00>
ST_25 : Operation 262 [1/1] (0.86ns)   --->   "%icmp_ln59_1 = icmp_eq  i4 %tmp_16, i4 15" [top.cpp:59]   --->   Operation 262 'icmp' 'icmp_ln59_1' <Predicate = true> <Delay = 0.86> <CoreInst = "Cmp">   --->   Core 9 'Cmp' <Latency = 0> <II = 1> <Delay = 0.86> <FuncUnit> <Opcode : 'seteq' 'setne' 'setle' 'setge' 'setlt' 'setgt'> <InPorts = 2> <OutPorts = 1>
ST_25 : Operation 263 [1/1] (0.86ns)   --->   "%icmp_ln59_2 = icmp_eq  i4 %tmp_16, i4 0" [top.cpp:59]   --->   Operation 263 'icmp' 'icmp_ln59_2' <Predicate = true> <Delay = 0.86> <CoreInst = "Cmp">   --->   Core 9 'Cmp' <Latency = 0> <II = 1> <Delay = 0.86> <FuncUnit> <Opcode : 'seteq' 'setne' 'setle' 'setge' 'setlt' 'setgt'> <InPorts = 2> <OutPorts = 1>
ST_25 : Operation 264 [1/1] (0.00ns) (grouped into LUT with out node and_ln59_3)   --->   "%select_ln59 = select i1 %and_ln59, i1 %icmp_ln59_1, i1 %icmp_ln59_2" [top.cpp:59]   --->   Operation 264 'select' 'select_ln59' <Predicate = true> <Delay = 0.00> <CoreInst = "Sel">   --->   Core 73 'Sel' <Latency = 0> <II = 1> <Delay = 0.26> <FuncUnit> <Opcode : 'select'> <InPorts = 3> <OutPorts = 1>
ST_25 : Operation 265 [1/1] (0.00ns) (grouped into LUT with out node and_ln59_4)   --->   "%xor_ln59_1 = xor i1 %tmp_24, i1 1" [top.cpp:59]   --->   Operation 265 'xor' 'xor_ln59_1' <Predicate = true> <Delay = 0.00> <CoreInst = "LogicGate">   --->   Core 74 'LogicGate' <Latency = 0> <II = 1> <Delay = 0.33> <FuncUnit> <Opcode : 'and' 'or' 'xor'> <InPorts = 2> <OutPorts = 1>
ST_25 : Operation 266 [1/1] (0.00ns) (grouped into LUT with out node and_ln59_4)   --->   "%and_ln59_1 = and i1 %icmp_ln59, i1 %xor_ln59_1" [top.cpp:59]   --->   Operation 266 'and' 'and_ln59_1' <Predicate = true> <Delay = 0.00> <CoreInst = "LogicGate">   --->   Core 74 'LogicGate' <Latency = 0> <II = 1> <Delay = 0.33> <FuncUnit> <Opcode : 'and' 'or' 'xor'> <InPorts = 2> <OutPorts = 1>
ST_25 : Operation 267 [1/1] (0.00ns) (grouped into LUT with out node and_ln59_4)   --->   "%select_ln59_1 = select i1 %and_ln59, i1 %and_ln59_1, i1 %icmp_ln59_1" [top.cpp:59]   --->   Operation 267 'select' 'select_ln59_1' <Predicate = true> <Delay = 0.00> <CoreInst = "Sel">   --->   Core 73 'Sel' <Latency = 0> <II = 1> <Delay = 0.26> <FuncUnit> <Opcode : 'select'> <InPorts = 3> <OutPorts = 1>
ST_25 : Operation 268 [1/1] (0.00ns) (grouped into LUT with out node or_ln59_1)   --->   "%and_ln59_2 = and i1 %and_ln59, i1 %icmp_ln59_1" [top.cpp:59]   --->   Operation 268 'and' 'and_ln59_2' <Predicate = true> <Delay = 0.00> <CoreInst = "LogicGate">   --->   Core 74 'LogicGate' <Latency = 0> <II = 1> <Delay = 0.33> <FuncUnit> <Opcode : 'and' 'or' 'xor'> <InPorts = 2> <OutPorts = 1>
ST_25 : Operation 269 [1/1] (0.00ns) (grouped into LUT with out node and_ln59_3)   --->   "%xor_ln59_2 = xor i1 %select_ln59, i1 1" [top.cpp:59]   --->   Operation 269 'xor' 'xor_ln59_2' <Predicate = true> <Delay = 0.00> <CoreInst = "LogicGate">   --->   Core 74 'LogicGate' <Latency = 0> <II = 1> <Delay = 0.33> <FuncUnit> <Opcode : 'and' 'or' 'xor'> <InPorts = 2> <OutPorts = 1>
ST_25 : Operation 270 [1/1] (0.00ns) (grouped into LUT with out node and_ln59_3)   --->   "%or_ln59 = or i1 %tmp_23, i1 %xor_ln59_2" [top.cpp:59]   --->   Operation 270 'or' 'or_ln59' <Predicate = true> <Delay = 0.00> <CoreInst = "LogicGate">   --->   Core 74 'LogicGate' <Latency = 0> <II = 1> <Delay = 0.33> <FuncUnit> <Opcode : 'and' 'or' 'xor'> <InPorts = 2> <OutPorts = 1>
ST_25 : Operation 271 [1/1] (0.00ns) (grouped into LUT with out node and_ln59_3)   --->   "%xor_ln59_3 = xor i1 %tmp_20, i1 1" [top.cpp:59]   --->   Operation 271 'xor' 'xor_ln59_3' <Predicate = true> <Delay = 0.00> <CoreInst = "LogicGate">   --->   Core 74 'LogicGate' <Latency = 0> <II = 1> <Delay = 0.33> <FuncUnit> <Opcode : 'and' 'or' 'xor'> <InPorts = 2> <OutPorts = 1>
ST_25 : Operation 272 [1/1] (0.33ns) (out node of the LUT)   --->   "%and_ln59_3 = and i1 %or_ln59, i1 %xor_ln59_3" [top.cpp:59]   --->   Operation 272 'and' 'and_ln59_3' <Predicate = true> <Delay = 0.33> <CoreInst = "LogicGate">   --->   Core 74 'LogicGate' <Latency = 0> <II = 1> <Delay = 0.33> <FuncUnit> <Opcode : 'and' 'or' 'xor'> <InPorts = 2> <OutPorts = 1>
ST_25 : Operation 273 [1/1] (0.33ns) (out node of the LUT)   --->   "%and_ln59_4 = and i1 %tmp_23, i1 %select_ln59_1" [top.cpp:59]   --->   Operation 273 'and' 'and_ln59_4' <Predicate = true> <Delay = 0.33> <CoreInst = "LogicGate">   --->   Core 74 'LogicGate' <Latency = 0> <II = 1> <Delay = 0.33> <FuncUnit> <Opcode : 'and' 'or' 'xor'> <InPorts = 2> <OutPorts = 1>
ST_25 : Operation 274 [1/1] (0.00ns) (grouped into LUT with out node or_ln59_1)   --->   "%or_ln59_2 = or i1 %and_ln59_2, i1 %and_ln59_4" [top.cpp:59]   --->   Operation 274 'or' 'or_ln59_2' <Predicate = true> <Delay = 0.00> <CoreInst = "LogicGate">   --->   Core 74 'LogicGate' <Latency = 0> <II = 1> <Delay = 0.33> <FuncUnit> <Opcode : 'and' 'or' 'xor'> <InPorts = 2> <OutPorts = 1>
ST_25 : Operation 275 [1/1] (0.00ns) (grouped into LUT with out node or_ln59_1)   --->   "%xor_ln59_4 = xor i1 %or_ln59_2, i1 1" [top.cpp:59]   --->   Operation 275 'xor' 'xor_ln59_4' <Predicate = true> <Delay = 0.00> <CoreInst = "LogicGate">   --->   Core 74 'LogicGate' <Latency = 0> <II = 1> <Delay = 0.33> <FuncUnit> <Opcode : 'and' 'or' 'xor'> <InPorts = 2> <OutPorts = 1>
ST_25 : Operation 276 [1/1] (0.00ns) (grouped into LUT with out node or_ln59_1)   --->   "%and_ln59_5 = and i1 %tmp_20, i1 %xor_ln59_4" [top.cpp:59]   --->   Operation 276 'and' 'and_ln59_5' <Predicate = true> <Delay = 0.00> <CoreInst = "LogicGate">   --->   Core 74 'LogicGate' <Latency = 0> <II = 1> <Delay = 0.33> <FuncUnit> <Opcode : 'and' 'or' 'xor'> <InPorts = 2> <OutPorts = 1>
ST_25 : Operation 277 [1/1] (0.00ns) (grouped into LUT with out node select_ln59_3)   --->   "%select_ln59_2 = select i1 %and_ln59_3, i24 8388607, i24 8388608" [top.cpp:59]   --->   Operation 277 'select' 'select_ln59_2' <Predicate = true> <Delay = 0.00> <CoreInst = "Sel">   --->   Core 73 'Sel' <Latency = 0> <II = 1> <Delay = 0.43> <FuncUnit> <Opcode : 'select'> <InPorts = 3> <OutPorts = 1>
ST_25 : Operation 278 [1/1] (0.33ns) (out node of the LUT)   --->   "%or_ln59_1 = or i1 %and_ln59_3, i1 %and_ln59_5" [top.cpp:59]   --->   Operation 278 'or' 'or_ln59_1' <Predicate = true> <Delay = 0.33> <CoreInst = "LogicGate">   --->   Core 74 'LogicGate' <Latency = 0> <II = 1> <Delay = 0.33> <FuncUnit> <Opcode : 'and' 'or' 'xor'> <InPorts = 2> <OutPorts = 1>
ST_25 : Operation 279 [1/1] (0.43ns) (out node of the LUT)   --->   "%select_ln59_3 = select i1 %or_ln59_1, i24 %select_ln59_2, i24 %add_ln59" [top.cpp:59]   --->   Operation 279 'select' 'select_ln59_3' <Predicate = true> <Delay = 0.43> <CoreInst = "Sel">   --->   Core 73 'Sel' <Latency = 0> <II = 1> <Delay = 0.43> <FuncUnit> <Opcode : 'select'> <InPorts = 3> <OutPorts = 1>
ST_25 : Operation 280 [1/1] ( I:1.35ns O:1.35ns )   --->   "%store_ln59 = store i24 %select_ln59_3, i16 %nxt_addr_3" [top.cpp:59]   --->   Operation 280 'store' 'store_ln59' <Predicate = true> <Delay = 1.35> <CoreInst = "RAM">   --->   Core 82 'RAM' <Latency = 1> <II = 1> <Delay = 1.35> <Storage> <Opcode : 'load' 'store'> <Ports = 2> <Width = 24> <Depth = 65536> <RAM>
ST_25 : Operation 281 [1/1] (0.00ns)   --->   "%br_ln47 = br void %for.body63" [top.cpp:47]   --->   Operation 281 'br' 'br_ln47' <Predicate = true> <Delay = 0.00>

State 26 <SV = 14> <Delay = 1.40>
ST_26 : Operation 282 [1/1] (0.00ns)   --->   "%i_4 = phi i9 %add_ln64, void %for.inc162, i9 0, void %VITIS_LOOP_65_9.preheader" [top.cpp:64]   --->   Operation 282 'phi' 'i_4' <Predicate = true> <Delay = 0.00>
ST_26 : Operation 283 [1/1] (0.92ns)   --->   "%icmp_ln64 = icmp_eq  i9 %i_4, i9 256" [top.cpp:64]   --->   Operation 283 'icmp' 'icmp_ln64' <Predicate = true> <Delay = 0.92> <CoreInst = "Cmp">   --->   Core 9 'Cmp' <Latency = 0> <II = 1> <Delay = 0.92> <FuncUnit> <Opcode : 'seteq' 'setne' 'setle' 'setge' 'setlt' 'setgt'> <InPorts = 2> <OutPorts = 1>
ST_26 : Operation 284 [1/1] (0.92ns)   --->   "%add_ln64 = add i9 %i_4, i9 1" [top.cpp:64]   --->   Operation 284 'add' 'add_ln64' <Predicate = true> <Delay = 0.92> <CoreInst = "Adder">   --->   Core 1 'Adder' <Latency = 0> <II = 1> <Delay = 0.92> <FuncUnit> <Opcode : 'add' 'sub'> <InPorts = 2> <OutPorts = 1>
ST_26 : Operation 285 [1/1] (0.00ns)   --->   "%br_ln64 = br i1 %icmp_ln64, void %VITIS_LOOP_65_9.split, void %for.inc165" [top.cpp:64]   --->   Operation 285 'br' 'br_ln64' <Predicate = true> <Delay = 0.00>
ST_26 : Operation 286 [1/1] (0.00ns)   --->   "%trunc_ln64 = trunc i9 %i_4" [top.cpp:64]   --->   Operation 286 'trunc' 'trunc_ln64' <Predicate = (!icmp_ln64)> <Delay = 0.00>
ST_26 : Operation 287 [1/1] (0.00ns)   --->   "%tmp_s = bitconcatenate i16 @_ssdm_op_BitConcatenate.i16.i8.i8, i8 %trunc_ln64, i8 0" [top.cpp:66]   --->   Operation 287 'bitconcatenate' 'tmp_s' <Predicate = (!icmp_ln64)> <Delay = 0.00>
ST_26 : Operation 288 [1/1] (0.00ns)   --->   "%speclooptripcount_ln64 = speclooptripcount void @_ssdm_op_SpecLoopTripCount, i64 256, i64 256, i64 256" [top.cpp:64]   --->   Operation 288 'speclooptripcount' 'speclooptripcount_ln64' <Predicate = (!icmp_ln64)> <Delay = 0.00>
ST_26 : Operation 289 [1/1] (0.00ns)   --->   "%specloopname_ln64 = specloopname void @_ssdm_op_SpecLoopName, void @empty_17" [top.cpp:64]   --->   Operation 289 'specloopname' 'specloopname_ln64' <Predicate = (!icmp_ln64)> <Delay = 0.00>
ST_26 : Operation 290 [1/1] (0.48ns)   --->   "%br_ln65 = br void %for.inc159" [top.cpp:65]   --->   Operation 290 'br' 'br_ln65' <Predicate = (!icmp_ln64)> <Delay = 0.48>
ST_26 : Operation 291 [1/1] (0.48ns)   --->   "%store_ln33 = store i5 %t_2, i5 %t" [top.cpp:33]   --->   Operation 291 'store' 'store_ln33' <Predicate = (icmp_ln64)> <Delay = 0.48>
ST_26 : Operation 292 [1/1] (0.00ns)   --->   "%br_ln33 = br void %VITIS_LOOP_35_4" [top.cpp:33]   --->   Operation 292 'br' 'br_ln33' <Predicate = (icmp_ln64)> <Delay = 0.00>

State 27 <SV = 15> <Delay = 2.36>
ST_27 : Operation 293 [1/1] (0.00ns)   --->   "%j_4 = phi i9 0, void %VITIS_LOOP_65_9.split, i9 %add_ln65, void %for.inc159.split" [top.cpp:65]   --->   Operation 293 'phi' 'j_4' <Predicate = true> <Delay = 0.00>
ST_27 : Operation 294 [1/1] (0.92ns)   --->   "%icmp_ln65 = icmp_eq  i9 %j_4, i9 256" [top.cpp:65]   --->   Operation 294 'icmp' 'icmp_ln65' <Predicate = true> <Delay = 0.92> <CoreInst = "Cmp">   --->   Core 9 'Cmp' <Latency = 0> <II = 1> <Delay = 0.92> <FuncUnit> <Opcode : 'seteq' 'setne' 'setle' 'setge' 'setlt' 'setgt'> <InPorts = 2> <OutPorts = 1>
ST_27 : Operation 295 [1/1] (0.92ns)   --->   "%add_ln65 = add i9 %j_4, i9 1" [top.cpp:65]   --->   Operation 295 'add' 'add_ln65' <Predicate = true> <Delay = 0.92> <CoreInst = "Adder">   --->   Core 1 'Adder' <Latency = 0> <II = 1> <Delay = 0.92> <FuncUnit> <Opcode : 'add' 'sub'> <InPorts = 2> <OutPorts = 1>
ST_27 : Operation 296 [1/1] (0.00ns)   --->   "%br_ln65 = br i1 %icmp_ln65, void %for.inc159.split, void %for.inc162" [top.cpp:65]   --->   Operation 296 'br' 'br_ln65' <Predicate = true> <Delay = 0.00>
ST_27 : Operation 297 [1/1] (0.00ns)   --->   "%zext_ln66 = zext i9 %j_4" [top.cpp:66]   --->   Operation 297 'zext' 'zext_ln66' <Predicate = (!icmp_ln65)> <Delay = 0.00>
ST_27 : Operation 298 [1/1] (1.01ns)   --->   "%add_ln66 = add i16 %tmp_s, i16 %zext_ln66" [top.cpp:66]   --->   Operation 298 'add' 'add_ln66' <Predicate = (!icmp_ln65)> <Delay = 1.01> <CoreInst = "Adder">   --->   Core 1 'Adder' <Latency = 0> <II = 1> <Delay = 1.01> <FuncUnit> <Opcode : 'add' 'sub'> <InPorts = 2> <OutPorts = 1>
ST_27 : Operation 299 [1/1] (0.00ns)   --->   "%zext_ln66_1 = zext i16 %add_ln66" [top.cpp:66]   --->   Operation 299 'zext' 'zext_ln66_1' <Predicate = (!icmp_ln65)> <Delay = 0.00>
ST_27 : Operation 300 [1/1] (0.00ns)   --->   "%nxt_addr_4 = getelementptr i24 %nxt, i64 0, i64 %zext_ln66_1" [top.cpp:66]   --->   Operation 300 'getelementptr' 'nxt_addr_4' <Predicate = (!icmp_ln65)> <Delay = 0.00>
ST_27 : Operation 301 [2/2] (1.35ns)   --->   "%nxt_load = load i16 %nxt_addr_4" [top.cpp:66]   --->   Operation 301 'load' 'nxt_load' <Predicate = (!icmp_ln65)> <Delay = 1.35> <CoreInst = "RAM">   --->   Core 82 'RAM' <Latency = 1> <II = 1> <Delay = 1.35> <Storage> <Opcode : 'load' 'store'> <Ports = 2> <Width = 24> <Depth = 65536> <RAM>
ST_27 : Operation 302 [1/1] (0.00ns)   --->   "%br_ln64 = br void %VITIS_LOOP_65_9" [top.cpp:64]   --->   Operation 302 'br' 'br_ln64' <Predicate = (icmp_ln65)> <Delay = 0.00>

State 28 <SV = 16> <Delay = 2.70>
ST_28 : Operation 303 [1/1] (0.00ns)   --->   "%cur_addr_14 = getelementptr i24 %cur, i64 0, i64 %zext_ln66_1" [top.cpp:66]   --->   Operation 303 'getelementptr' 'cur_addr_14' <Predicate = true> <Delay = 0.00>
ST_28 : Operation 304 [1/1] (0.00ns)   --->   "%speclooptripcount_ln65 = speclooptripcount void @_ssdm_op_SpecLoopTripCount, i64 256, i64 256, i64 256" [top.cpp:65]   --->   Operation 304 'speclooptripcount' 'speclooptripcount_ln65' <Predicate = true> <Delay = 0.00>
ST_28 : Operation 305 [1/1] (0.00ns)   --->   "%specloopname_ln65 = specloopname void @_ssdm_op_SpecLoopName, void @empty_16" [top.cpp:65]   --->   Operation 305 'specloopname' 'specloopname_ln65' <Predicate = true> <Delay = 0.00>
ST_28 : Operation 306 [1/2] ( I:1.35ns O:1.35ns )   --->   "%nxt_load = load i16 %nxt_addr_4" [top.cpp:66]   --->   Operation 306 'load' 'nxt_load' <Predicate = true> <Delay = 1.35> <CoreInst = "RAM">   --->   Core 82 'RAM' <Latency = 1> <II = 1> <Delay = 1.35> <Storage> <Opcode : 'load' 'store'> <Ports = 2> <Width = 24> <Depth = 65536> <RAM>
ST_28 : Operation 307 [1/1] ( I:1.35ns O:1.35ns )   --->   "%store_ln66 = store i24 %nxt_load, i16 %cur_addr_14" [top.cpp:66]   --->   Operation 307 'store' 'store_ln66' <Predicate = true> <Delay = 1.35> <CoreInst = "RAM">   --->   Core 82 'RAM' <Latency = 1> <II = 1> <Delay = 1.35> <Storage> <Opcode : 'load' 'store'> <Ports = 2> <Width = 24> <Depth = 65536> <RAM>
ST_28 : Operation 308 [1/1] (0.00ns)   --->   "%br_ln65 = br void %for.inc159" [top.cpp:65]   --->   Operation 308 'br' 'br_ln65' <Predicate = true> <Delay = 0.00>

State 29 <SV = 11> <Delay = 7.30>
ST_29 : Operation 309 [1/1] (7.30ns)   --->   "%empty_32 = writereq i1 @_ssdm_op_WriteReq.m_axi.p1i32, i32 %A_out_addr, i64 65536" [top.cpp:72]   --->   Operation 309 'writereq' 'empty_32' <Predicate = true> <Delay = 7.30> <CoreInst = "m_axi">   --->   Core 119 'm_axi' <Latency = 9> <II = 1> <Delay = 1.00> <Adapter> <Opcode : 'read' 'write' 'readreq' 'writereq' 'writeresp'>
ST_29 : Operation 310 [1/1] (0.00ns)   --->   "%br_ln72 = br void %VITIS_LOOP_73_11" [top.cpp:72]   --->   Operation 310 'br' 'br_ln72' <Predicate = true> <Delay = 0.00>

State 30 <SV = 12> <Delay = 1.40>
ST_30 : Operation 311 [1/1] (0.00ns)   --->   "%i_6 = load i9 %i_1" [top.cpp:72]   --->   Operation 311 'load' 'i_6' <Predicate = true> <Delay = 0.00>
ST_30 : Operation 312 [1/1] (0.92ns)   --->   "%icmp_ln72 = icmp_eq  i9 %i_6, i9 256" [top.cpp:72]   --->   Operation 312 'icmp' 'icmp_ln72' <Predicate = true> <Delay = 0.92> <CoreInst = "Cmp">   --->   Core 9 'Cmp' <Latency = 0> <II = 1> <Delay = 0.92> <FuncUnit> <Opcode : 'seteq' 'setne' 'setle' 'setge' 'setlt' 'setgt'> <InPorts = 2> <OutPorts = 1>
ST_30 : Operation 313 [1/1] (0.92ns)   --->   "%add_ln72 = add i9 %i_6, i9 1" [top.cpp:72]   --->   Operation 313 'add' 'add_ln72' <Predicate = true> <Delay = 0.92> <CoreInst = "Adder">   --->   Core 1 'Adder' <Latency = 0> <II = 1> <Delay = 0.92> <FuncUnit> <Opcode : 'add' 'sub'> <InPorts = 2> <OutPorts = 1>
ST_30 : Operation 314 [1/1] (0.00ns)   --->   "%br_ln72 = br i1 %icmp_ln72, void %VITIS_LOOP_73_11.split, void %for.end191" [top.cpp:72]   --->   Operation 314 'br' 'br_ln72' <Predicate = true> <Delay = 0.00>
ST_30 : Operation 315 [1/1] (0.00ns)   --->   "%trunc_ln72 = trunc i9 %i_6" [top.cpp:72]   --->   Operation 315 'trunc' 'trunc_ln72' <Predicate = (!icmp_ln72)> <Delay = 0.00>
ST_30 : Operation 316 [1/1] (0.00ns)   --->   "%tmp_3 = bitconcatenate i16 @_ssdm_op_BitConcatenate.i16.i8.i8, i8 %trunc_ln72, i8 0" [top.cpp:74]   --->   Operation 316 'bitconcatenate' 'tmp_3' <Predicate = (!icmp_ln72)> <Delay = 0.00>
ST_30 : Operation 317 [1/1] (0.00ns)   --->   "%speclooptripcount_ln72 = speclooptripcount void @_ssdm_op_SpecLoopTripCount, i64 256, i64 256, i64 256" [top.cpp:72]   --->   Operation 317 'speclooptripcount' 'speclooptripcount_ln72' <Predicate = (!icmp_ln72)> <Delay = 0.00>
ST_30 : Operation 318 [1/1] (0.00ns)   --->   "%specloopname_ln72 = specloopname void @_ssdm_op_SpecLoopName, void @empty_11" [top.cpp:72]   --->   Operation 318 'specloopname' 'specloopname_ln72' <Predicate = (!icmp_ln72)> <Delay = 0.00>
ST_30 : Operation 319 [1/1] (0.48ns)   --->   "%br_ln73 = br void %for.inc186" [top.cpp:73]   --->   Operation 319 'br' 'br_ln73' <Predicate = (!icmp_ln72)> <Delay = 0.48>

State 31 <SV = 13> <Delay = 2.36>
ST_31 : Operation 320 [1/1] (0.00ns)   --->   "%j_2 = phi i9 0, void %VITIS_LOOP_73_11.split, i9 %add_ln73, void %for.inc186.split" [top.cpp:73]   --->   Operation 320 'phi' 'j_2' <Predicate = true> <Delay = 0.00>
ST_31 : Operation 321 [1/1] (0.92ns)   --->   "%icmp_ln73 = icmp_eq  i9 %j_2, i9 256" [top.cpp:73]   --->   Operation 321 'icmp' 'icmp_ln73' <Predicate = true> <Delay = 0.92> <CoreInst = "Cmp">   --->   Core 9 'Cmp' <Latency = 0> <II = 1> <Delay = 0.92> <FuncUnit> <Opcode : 'seteq' 'setne' 'setle' 'setge' 'setlt' 'setgt'> <InPorts = 2> <OutPorts = 1>
ST_31 : Operation 322 [1/1] (0.92ns)   --->   "%add_ln73 = add i9 %j_2, i9 1" [top.cpp:73]   --->   Operation 322 'add' 'add_ln73' <Predicate = true> <Delay = 0.92> <CoreInst = "Adder">   --->   Core 1 'Adder' <Latency = 0> <II = 1> <Delay = 0.92> <FuncUnit> <Opcode : 'add' 'sub'> <InPorts = 2> <OutPorts = 1>
ST_31 : Operation 323 [1/1] (0.00ns)   --->   "%br_ln73 = br i1 %icmp_ln73, void %for.inc186.split, void %for.inc189" [top.cpp:73]   --->   Operation 323 'br' 'br_ln73' <Predicate = true> <Delay = 0.00>
ST_31 : Operation 324 [1/1] (0.00ns)   --->   "%zext_ln74_1 = zext i9 %j_2" [top.cpp:74]   --->   Operation 324 'zext' 'zext_ln74_1' <Predicate = (!icmp_ln73)> <Delay = 0.00>
ST_31 : Operation 325 [1/1] (1.01ns)   --->   "%add_ln74 = add i16 %tmp_3, i16 %zext_ln74_1" [top.cpp:74]   --->   Operation 325 'add' 'add_ln74' <Predicate = (!icmp_ln73)> <Delay = 1.01> <CoreInst = "Adder">   --->   Core 1 'Adder' <Latency = 0> <II = 1> <Delay = 1.01> <FuncUnit> <Opcode : 'add' 'sub'> <InPorts = 2> <OutPorts = 1>
ST_31 : Operation 326 [1/1] (0.00ns)   --->   "%zext_ln74_2 = zext i16 %add_ln74" [top.cpp:74]   --->   Operation 326 'zext' 'zext_ln74_2' <Predicate = (!icmp_ln73)> <Delay = 0.00>
ST_31 : Operation 327 [1/1] (0.00ns)   --->   "%cur_addr_3 = getelementptr i24 %cur, i64 0, i64 %zext_ln74_2" [top.cpp:74]   --->   Operation 327 'getelementptr' 'cur_addr_3' <Predicate = (!icmp_ln73)> <Delay = 0.00>
ST_31 : Operation 328 [2/2] (1.35ns)   --->   "%cur_load_2 = load i16 %cur_addr_3" [top.cpp:74]   --->   Operation 328 'load' 'cur_load_2' <Predicate = (!icmp_ln73)> <Delay = 1.35> <CoreInst = "RAM">   --->   Core 82 'RAM' <Latency = 1> <II = 1> <Delay = 1.35> <Storage> <Opcode : 'load' 'store'> <Ports = 2> <Width = 24> <Depth = 65536> <RAM>
ST_31 : Operation 329 [1/1] (0.48ns)   --->   "%store_ln72 = store i9 %add_ln72, i9 %i_1" [top.cpp:72]   --->   Operation 329 'store' 'store_ln72' <Predicate = (icmp_ln73)> <Delay = 0.48>
ST_31 : Operation 330 [1/1] (0.00ns)   --->   "%br_ln72 = br void %VITIS_LOOP_73_11" [top.cpp:72]   --->   Operation 330 'br' 'br_ln72' <Predicate = (icmp_ln73)> <Delay = 0.00>

State 32 <SV = 14> <Delay = 1.35>
ST_32 : Operation 331 [1/2] ( I:1.35ns O:1.35ns )   --->   "%cur_load_2 = load i16 %cur_addr_3" [top.cpp:74]   --->   Operation 331 'load' 'cur_load_2' <Predicate = true> <Delay = 1.35> <CoreInst = "RAM">   --->   Core 82 'RAM' <Latency = 1> <II = 1> <Delay = 1.35> <Storage> <Opcode : 'load' 'store'> <Ports = 2> <Width = 24> <Depth = 65536> <RAM>

State 33 <SV = 15> <Delay = 7.30>
ST_33 : Operation 332 [1/1] (0.00ns)   --->   "%speclooptripcount_ln73 = speclooptripcount void @_ssdm_op_SpecLoopTripCount, i64 256, i64 256, i64 256" [top.cpp:73]   --->   Operation 332 'speclooptripcount' 'speclooptripcount_ln73' <Predicate = true> <Delay = 0.00>
ST_33 : Operation 333 [1/1] (0.00ns)   --->   "%specloopname_ln73 = specloopname void @_ssdm_op_SpecLoopName, void @empty_10" [top.cpp:73]   --->   Operation 333 'specloopname' 'specloopname_ln73' <Predicate = true> <Delay = 0.00>
ST_33 : Operation 334 [1/1] (0.00ns)   --->   "%zext_ln74 = zext i24 %cur_load_2" [top.cpp:74]   --->   Operation 334 'zext' 'zext_ln74' <Predicate = true> <Delay = 0.00>
ST_33 : Operation 335 [1/1] (7.30ns)   --->   "%write_ln74 = write void @_ssdm_op_Write.m_axi.p1i32, i32 %A_out_addr, i32 %zext_ln74, i4 15" [top.cpp:74]   --->   Operation 335 'write' 'write_ln74' <Predicate = true> <Delay = 7.30> <CoreInst = "m_axi">   --->   Core 119 'm_axi' <Latency = 5> <II = 1> <Delay = 1.00> <Adapter> <Opcode : 'read' 'write' 'readreq' 'writereq' 'writeresp'>
ST_33 : Operation 336 [1/1] (0.00ns)   --->   "%br_ln73 = br void %for.inc186" [top.cpp:73]   --->   Operation 336 'br' 'br_ln73' <Predicate = true> <Delay = 0.00>

State 34 <SV = 13> <Delay = 7.30>
ST_34 : Operation 337 [5/5] (7.30ns)   --->   "%empty_33 = writeresp i1 @_ssdm_op_WriteResp.m_axi.p1i32, i32 %A_out_addr" [top.cpp:77]   --->   Operation 337 'writeresp' 'empty_33' <Predicate = true> <Delay = 7.30> <CoreInst = "m_axi">   --->   Core 119 'm_axi' <Latency = 3> <II = 1> <Delay = 1.00> <Adapter> <Opcode : 'read' 'write' 'readreq' 'writereq' 'writeresp'>

State 35 <SV = 14> <Delay = 7.30>
ST_35 : Operation 338 [4/5] (7.30ns)   --->   "%empty_33 = writeresp i1 @_ssdm_op_WriteResp.m_axi.p1i32, i32 %A_out_addr" [top.cpp:77]   --->   Operation 338 'writeresp' 'empty_33' <Predicate = true> <Delay = 7.30> <CoreInst = "m_axi">   --->   Core 119 'm_axi' <Latency = 3> <II = 1> <Delay = 1.00> <Adapter> <Opcode : 'read' 'write' 'readreq' 'writereq' 'writeresp'>

State 36 <SV = 15> <Delay = 7.30>
ST_36 : Operation 339 [3/5] (7.30ns)   --->   "%empty_33 = writeresp i1 @_ssdm_op_WriteResp.m_axi.p1i32, i32 %A_out_addr" [top.cpp:77]   --->   Operation 339 'writeresp' 'empty_33' <Predicate = true> <Delay = 7.30> <CoreInst = "m_axi">   --->   Core 119 'm_axi' <Latency = 3> <II = 1> <Delay = 1.00> <Adapter> <Opcode : 'read' 'write' 'readreq' 'writereq' 'writeresp'>

State 37 <SV = 16> <Delay = 7.30>
ST_37 : Operation 340 [2/5] (7.30ns)   --->   "%empty_33 = writeresp i1 @_ssdm_op_WriteResp.m_axi.p1i32, i32 %A_out_addr" [top.cpp:77]   --->   Operation 340 'writeresp' 'empty_33' <Predicate = true> <Delay = 7.30> <CoreInst = "m_axi">   --->   Core 119 'm_axi' <Latency = 3> <II = 1> <Delay = 1.00> <Adapter> <Opcode : 'read' 'write' 'readreq' 'writereq' 'writeresp'>

State 38 <SV = 17> <Delay = 7.30>
ST_38 : Operation 341 [1/5] (7.30ns)   --->   "%empty_33 = writeresp i1 @_ssdm_op_WriteResp.m_axi.p1i32, i32 %A_out_addr" [top.cpp:77]   --->   Operation 341 'writeresp' 'empty_33' <Predicate = true> <Delay = 7.30> <CoreInst = "m_axi">   --->   Core 119 'm_axi' <Latency = 3> <II = 1> <Delay = 1.00> <Adapter> <Opcode : 'read' 'write' 'readreq' 'writereq' 'writeresp'>
ST_38 : Operation 342 [1/1] (0.00ns)   --->   "%ret_ln77 = ret" [top.cpp:77]   --->   Operation 342 'ret' 'ret_ln77' <Predicate = true> <Delay = 0.00>


============================================================
+ Verbose Summary: Timing violations
============================================================
Target clock period: 10.000ns, clock uncertainty: 2.700ns.

 <State 1>: 1.000ns
The critical path consists of the following:
	s_axi read operation ('A_out_r_read', top.cpp:26) on port 'A_out_r' (top.cpp:26) [18]  (1.000 ns)

 <State 2>: 7.300ns
The critical path consists of the following:
	bus request operation ('empty', top.cpp:26) on port 'A_in' (top.cpp:26) [23]  (7.300 ns)

 <State 3>: 7.300ns
The critical path consists of the following:
	bus request operation ('empty', top.cpp:26) on port 'A_in' (top.cpp:26) [23]  (7.300 ns)

 <State 4>: 7.300ns
The critical path consists of the following:
	bus request operation ('empty', top.cpp:26) on port 'A_in' (top.cpp:26) [23]  (7.300 ns)

 <State 5>: 7.300ns
The critical path consists of the following:
	bus request operation ('empty', top.cpp:26) on port 'A_in' (top.cpp:26) [23]  (7.300 ns)

 <State 6>: 7.300ns
The critical path consists of the following:
	bus request operation ('empty', top.cpp:26) on port 'A_in' (top.cpp:26) [23]  (7.300 ns)

 <State 7>: 7.300ns
The critical path consists of the following:
	bus request operation ('empty', top.cpp:26) on port 'A_in' (top.cpp:26) [23]  (7.300 ns)

 <State 8>: 7.300ns
The critical path consists of the following:
	bus request operation ('empty', top.cpp:26) on port 'A_in' (top.cpp:26) [23]  (7.300 ns)

 <State 9>: 7.300ns
The critical path consists of the following:
	bus request operation ('empty', top.cpp:26) on port 'A_in' (top.cpp:26) [23]  (7.300 ns)

 <State 10>: 1.410ns
The critical path consists of the following:
	'load' operation 9 bit ('i', top.cpp:26) on local variable 'i', top.cpp:26 [27]  (0.000 ns)
	'icmp' operation 1 bit ('icmp_ln26', top.cpp:26) [28]  (0.921 ns)
	'store' operation 0 bit ('store_ln33', top.cpp:33) of constant 0 on local variable 't', top.cpp:33 [58]  (0.489 ns)

 <State 11>: 1.410ns
The critical path consists of the following:
	'phi' operation 9 bit ('j', top.cpp:27) with incoming values : ('add_ln27', top.cpp:27) [38]  (0.000 ns)
	'add' operation 16 bit ('add_ln28', top.cpp:28) [44]  (1.016 ns)
	blocking operation 0.393625 ns on control path)

 <State 12>: 7.300ns
The critical path consists of the following:
	bus read operation ('A_in_addr_read', top.cpp:28) on port 'A_in' (top.cpp:28) [49]  (7.300 ns)

 <State 13>: 1.352ns
The critical path consists of the following:
	'getelementptr' operation 16 bit ('cur_addr', top.cpp:28) [46]  (0.000 ns)
	'store' operation 0 bit ('store_ln28', top.cpp:28) of variable 'trunc_ln28', top.cpp:28 on array 'cur' [51]  (1.352 ns)

 <State 14>: 1.367ns
The critical path consists of the following:
	'load' operation 5 bit ('t', top.cpp:33) on local variable 't', top.cpp:33 [61]  (0.000 ns)
	'icmp' operation 1 bit ('icmp_ln33', top.cpp:33) [62]  (0.878 ns)
	'store' operation 0 bit ('store_ln72', top.cpp:72) of constant 0 on local variable 'i', top.cpp:72 [281]  (0.489 ns)

 <State 15>: 1.899ns
The critical path consists of the following:
	'call' operation 0 bit ('call_ln0') to 'top_kernel_Pipeline_VITIS_LOOP_35_4' [68]  (1.899 ns)

 <State 16>: 1.410ns
The critical path consists of the following:
	'phi' operation 9 bit ('i', top.cpp:40) with incoming values : ('add_ln40', top.cpp:40) [71]  (0.000 ns)
	'getelementptr' operation 16 bit ('cur_addr_2', top.cpp:41) [79]  (0.000 ns)
	'load' operation 24 bit ('cur_load', top.cpp:41) on array 'cur' [87]  (1.352 ns)
	blocking operation 0.057625 ns on control path)

 <State 17>: 2.704ns
The critical path consists of the following:
	'load' operation 24 bit ('cur_load', top.cpp:41) on array 'cur' [87]  (1.352 ns)
	'store' operation 0 bit ('store_ln41', top.cpp:41) of variable 'cur_load', top.cpp:41 on array 'nxt' [88]  (1.352 ns)

 <State 18>: 1.396ns
The critical path consists of the following:
	'phi' operation 8 bit ('i') with incoming values : ('indvars_iv_next1347') [95]  (0.000 ns)
	'icmp' operation 1 bit ('icmp_ln46', top.cpp:46) [96]  (0.907 ns)
	blocking operation 0.489 ns on control path)

 <State 19>: 1.352ns
The critical path consists of the following:
	'phi' operation 8 bit ('j', top.cpp:50) with incoming values : ('add_ln50_1', top.cpp:50) [105]  (0.000 ns)
	'getelementptr' operation 16 bit ('cur_addr_5', top.cpp:49) [111]  (0.000 ns)
	'load' operation 24 bit ('cur_load_4', top.cpp:49) on array 'cur' [121]  (1.352 ns)

 <State 20>: 2.259ns
The critical path consists of the following:
	'add' operation 8 bit ('add_ln50', top.cpp:50) [123]  (0.907 ns)
	'getelementptr' operation 16 bit ('cur_addr_8', top.cpp:50) [126]  (0.000 ns)
	'load' operation 24 bit ('cur_load_6', top.cpp:50) on array 'cur' [133]  (1.352 ns)

 <State 21>: 4.809ns
The critical path consists of the following:
	'load' operation 24 bit ('cur_load_6', top.cpp:50) on array 'cur' [133]  (1.352 ns)
	'add' operation 25 bit ('add_ln49_1', top.cpp:49) [137]  (1.110 ns)
	'add' operation 26 bit ('add_ln49', top.cpp:49) [139]  (1.121 ns)
	'add' operation 39 bit ('sum_axis', top.cpp:50) [155]  (1.227 ns)

 <State 22>: 1.352ns
The critical path consists of the following:
	'load' operation 24 bit ('cur_load_8', top.cpp:53) on array 'cur' [156]  (1.352 ns)

 <State 23>: 4.809ns
The critical path consists of the following:
	'load' operation 24 bit ('cur_load_10', top.cpp:54) on array 'cur' [158]  (1.352 ns)
	'add' operation 25 bit ('add_ln53_1', top.cpp:53) [162]  (1.110 ns)
	'add' operation 26 bit ('add_ln53', top.cpp:53) [164]  (1.121 ns)
	'add' operation 39 bit ('sum_diag', top.cpp:54) [170]  (1.227 ns)

 <State 24>: 4.941ns
The critical path consists of the following:
	'mul' operation 65 bit ('mul_ln58', top.cpp:58) [174]  (3.925 ns)
	'add' operation 66 bit ('add_ln58', top.cpp:58) [177]  (0.000 ns)
	'add' operation 66 bit ('add_ln58_1', top.cpp:58) [181]  (1.016 ns)

 <State 25>: 6.142ns
The critical path consists of the following:
	'add' operation 39 bit ('out', top.cpp:58) [187]  (1.227 ns)
	'or' operation 1 bit ('or_ln58', top.cpp:58) [197]  (0.000 ns)
	'and' operation 1 bit ('and_ln58_1', top.cpp:58) [198]  (0.331 ns)
	'or' operation 1 bit ('or_ln58_1', top.cpp:58) [204]  (0.331 ns)
	'select' operation 40 bit ('out', top.cpp:58) [205]  (0.364 ns)
	'add' operation 24 bit ('add_ln59', top.cpp:59) [211]  (1.110 ns)
	'xor' operation 1 bit ('xor_ln59', top.cpp:59) [213]  (0.000 ns)
	'and' operation 1 bit ('and_ln59', top.cpp:59) [214]  (0.331 ns)
	'select' operation 1 bit ('select_ln59', top.cpp:59) [221]  (0.000 ns)
	'xor' operation 1 bit ('xor_ln59_2', top.cpp:59) [226]  (0.000 ns)
	'or' operation 1 bit ('or_ln59', top.cpp:59) [227]  (0.000 ns)
	'and' operation 1 bit ('and_ln59_3', top.cpp:59) [229]  (0.331 ns)
	'or' operation 1 bit ('or_ln59_1', top.cpp:59) [235]  (0.331 ns)
	'select' operation 24 bit ('select_ln59_3', top.cpp:59) [236]  (0.435 ns)
	'store' operation 0 bit ('store_ln59', top.cpp:59) of variable 'select_ln59_3', top.cpp:59 on array 'nxt' [237]  (1.352 ns)

 <State 26>: 1.410ns
The critical path consists of the following:
	'phi' operation 9 bit ('i', top.cpp:64) with incoming values : ('add_ln64', top.cpp:64) [244]  (0.000 ns)
	'icmp' operation 1 bit ('icmp_ln64', top.cpp:64) [245]  (0.921 ns)
	blocking operation 0.489 ns on control path)

 <State 27>: 2.368ns
The critical path consists of the following:
	'phi' operation 9 bit ('j', top.cpp:65) with incoming values : ('add_ln65', top.cpp:65) [255]  (0.000 ns)
	'add' operation 16 bit ('add_ln66', top.cpp:66) [261]  (1.016 ns)
	'getelementptr' operation 16 bit ('nxt_addr_4', top.cpp:66) [264]  (0.000 ns)
	'load' operation 24 bit ('nxt_load', top.cpp:66) on array 'nxt' [267]  (1.352 ns)

 <State 28>: 2.704ns
The critical path consists of the following:
	'load' operation 24 bit ('nxt_load', top.cpp:66) on array 'nxt' [267]  (1.352 ns)
	'store' operation 0 bit ('store_ln66', top.cpp:66) of variable 'nxt_load', top.cpp:66 on array 'cur' [268]  (1.352 ns)

 <State 29>: 7.300ns
The critical path consists of the following:
	bus request operation ('empty_32', top.cpp:72) on port 'A_out' (top.cpp:72) [280]  (7.300 ns)

 <State 30>: 1.410ns
The critical path consists of the following:
	'load' operation 9 bit ('i', top.cpp:72) on local variable 'i', top.cpp:72 [284]  (0.000 ns)
	'icmp' operation 1 bit ('icmp_ln72', top.cpp:72) [285]  (0.921 ns)
	blocking operation 0.489 ns on control path)

 <State 31>: 2.368ns
The critical path consists of the following:
	'phi' operation 9 bit ('j', top.cpp:73) with incoming values : ('add_ln73', top.cpp:73) [295]  (0.000 ns)
	'add' operation 16 bit ('add_ln74', top.cpp:74) [301]  (1.016 ns)
	'getelementptr' operation 16 bit ('cur_addr_3', top.cpp:74) [303]  (0.000 ns)
	'load' operation 24 bit ('cur_load_2', top.cpp:74) on array 'cur' [306]  (1.352 ns)

 <State 32>: 1.352ns
The critical path consists of the following:
	'load' operation 24 bit ('cur_load_2', top.cpp:74) on array 'cur' [306]  (1.352 ns)

 <State 33>: 7.300ns
The critical path consists of the following:
	bus write operation ('write_ln74', top.cpp:74) on port 'A_out' (top.cpp:74) [308]  (7.300 ns)

 <State 34>: 7.300ns
The critical path consists of the following:
	bus response operation ('empty_33', top.cpp:77) on port 'A_out' (top.cpp:77) [314]  (7.300 ns)

 <State 35>: 7.300ns
The critical path consists of the following:
	bus response operation ('empty_33', top.cpp:77) on port 'A_out' (top.cpp:77) [314]  (7.300 ns)

 <State 36>: 7.300ns
The critical path consists of the following:
	bus response operation ('empty_33', top.cpp:77) on port 'A_out' (top.cpp:77) [314]  (7.300 ns)

 <State 37>: 7.300ns
The critical path consists of the following:
	bus response operation ('empty_33', top.cpp:77) on port 'A_out' (top.cpp:77) [314]  (7.300 ns)

 <State 38>: 7.300ns
The critical path consists of the following:
	bus response operation ('empty_33', top.cpp:77) on port 'A_out' (top.cpp:77) [314]  (7.300 ns)


============================================================
+ Verbose Summary: Binding
============================================================
N/A
* FSMD analyzer results:
  - Output states:
 - Input state : 
  - Chain level:
	State 1
	State 2
	State 3
	State 4
	State 5
	State 6
	State 7
	State 8
	State 9
	State 10
	State 11
	State 12
	State 13
	State 14
	State 15
	State 16
	State 17
	State 18
	State 19
	State 20
	State 21
	State 22
	State 23
	State 24
	State 25
	State 26
	State 27
	State 28
	State 29
	State 30
	State 31
	State 32
	State 33
	State 34
	State 35
	State 36
	State 37
	State 38


============================================================
+ Verbose Summary: Datapath Resource usage 
============================================================
N/A
