

================================================================
== Vitis HLS Report for 'top_kernel'
================================================================
* Date:           Thu Feb 19 22:36:36 2026

* Version:        2025.1.1 (Build 6214317 on Sep 11 2025)
* Project:        project_1
* Solution:       hls (Vivado IP Flow Target)
* Product family: zynquplus
* Target device:  xczu3eg-sbva484-1-e


================================================================
== Performance Estimates
================================================================
+ Timing: 
    * Summary: 
    +--------+----------+----------+------------+
    |  Clock |  Target  | Estimated| Uncertainty|
    +--------+----------+----------+------------+
    |ap_clk  |  10.00 ns|  7.300 ns|     2.70 ns|
    +--------+----------+----------+------------+

+ Latency: 
    * Summary: 
    +---------+---------+-----------+-----------+---------+---------+----------+
    |  Latency (cycles) |   Latency (absolute)  |      Interval     | Pipeline |
    |   min   |   max   |    min    |    max    |   min   |   max   |   Type   |
    +---------+---------+-----------+-----------+---------+---------+----------+
    |  4311956|  4311956|  43.120 ms|  43.120 ms|  4049282|  4049282|  dataflow|
    +---------+---------+-----------+-----------+---------+---------+----------+

    + Detail: 
        * Instance: 
        +-----------------+--------------+---------+---------+-----------+-----------+---------+---------+------------------------------------------------+
        |                 |              |  Latency (cycles) |   Latency (absolute)  |      Interval     |                    Pipeline                    |
        |     Instance    |    Module    |   min   |   max   |    min    |    max    |   min   |   max   |                      Type                      |
        +-----------------+--------------+---------+---------+-----------+-----------+---------+---------+------------------------------------------------+
        |entry_proc_U0    |entry_proc    |        0|        0|       0 ns|       0 ns|        0|        0|                                              no|
        |read_input_U0    |read_input    |   197128|   197128|   1.971 ms|   1.971 ms|   197128|   197128|                                              no|
        |compute_U0       |compute       |  4049281|  4049281|  40.493 ms|  40.493 ms|  4049281|  4049281|                                              no|
        |write_output_U0  |write_output  |    65545|    65545|   0.655 ms|   0.655 ms|    65536|    65536|  loop auto-rewind stp (delay=0 clock cycles(s))|
        +-----------------+--------------+---------+---------+-----------+-----------+---------+---------+------------------------------------------------+

        * Loop: 
        N/A



================================================================
== Utilization Estimates
================================================================
* Summary: 
+-----------------+---------+-----+--------+-------+-----+
|       Name      | BRAM_18K| DSP |   FF   |  LUT  | URAM|
+-----------------+---------+-----+--------+-------+-----+
|DSP              |        -|    -|       -|      -|    -|
|Expression       |        -|    -|       0|     12|    -|
|FIFO             |        -|    -|      99|     67|    -|
|Instance         |      198|   15|    5151|   8264|    0|
|Memory           |      352|    -|       0|      0|    0|
|Multiplexer      |        -|    -|       0|     18|    -|
|Register         |        -|    -|       2|      -|    -|
+-----------------+---------+-----+--------+-------+-----+
|Total            |      550|   15|    5252|   8361|    0|
+-----------------+---------+-----+--------+-------+-----+
|Available        |      432|  360|  141120|  70560|    0|
+-----------------+---------+-----+--------+-------+-----+
|Utilization (%)  |      127|    4|       3|     11|    0|
+-----------------+---------+-----+--------+-------+-----+

+ Detail: 
    * Instance: 
    +-----------------+---------------+---------+----+------+------+-----+
    |     Instance    |     Module    | BRAM_18K| DSP|  FF  |  LUT | URAM|
    +-----------------+---------------+---------+----+------+------+-----+
    |A_in_m_axi_U     |A_in_m_axi     |        2|   0|   671|   637|    0|
    |A_out_m_axi_U    |A_out_m_axi    |        0|   0|   611|   666|    0|
    |compute_U0       |compute        |      196|  15|  3364|  6141|    0|
    |control_s_axi_U  |control_s_axi  |        0|   0|   176|   296|    0|
    |entry_proc_U0    |entry_proc     |        0|   0|     2|    20|    0|
    |read_input_U0    |read_input     |        0|   0|    97|   201|    0|
    |write_output_U0  |write_output   |        0|   0|   230|   303|    0|
    +-----------------+---------------+---------+----+------+------+-----+
    |Total            |               |      198|  15|  5151|  8264|    0|
    +-----------------+---------------+---------+----+------+------+-----+

    * DSP: 
    N/A

    * Memory: 
    +----------------+----------------------------+---------+---+----+-----+-------+-----+------+-------------+
    |     Memory     |           Module           | BRAM_18K| FF| LUT| URAM| Words | Bits| Banks| W*Bits*Banks|
    +----------------+----------------------------+---------+---+----+-----+-------+-----+------+-------------+
    |grid_initial_U  |grid_initial_RAM_AUTO_1R1W  |      176|  0|   0|    0|  65536|   24|     1|      1572864|
    |grid_final_U    |grid_initial_RAM_AUTO_1R1W  |      176|  0|   0|    0|  65536|   24|     1|      1572864|
    +----------------+----------------------------+---------+---+----+-----+-------+-----+------+-------------+
    |Total           |                            |      352|  0|   0|    0| 131072|   48|     2|      3145728|
    +----------------+----------------------------+---------+---+----+-----+-------+-----+------+-------------+

    * FIFO: 
    +-------------+---------+----+----+-----+------+-----+---------+
    |     Name    | BRAM_18K| FF | LUT| URAM| Depth| Bits| Size:D*B|
    +-------------+---------+----+----+-----+------+-----+---------+
    |A_out_r_c_U  |        0|  99|   0|    -|     4|   64|      256|
    +-------------+---------+----+----+-----+------+-----+---------+
    |Total        |        0|  99|   0|    0|     4|   64|      256|
    +-------------+---------+----+----+-----+------+-----+---------+

    * Expression: 
    +--------------------------------+----------+----+---+----+------------+------------+
    |          Variable Name         | Operation| DSP| FF| LUT| Bitwidth P0| Bitwidth P1|
    +--------------------------------+----------+----+---+----+------------+------------+
    |ap_idle                         |       and|   0|  0|   2|           1|           1|
    |ap_sync_ready                   |       and|   0|  0|   2|           1|           1|
    |entry_proc_U0_ap_start          |       and|   0|  0|   2|           1|           1|
    |read_input_U0_ap_start          |       and|   0|  0|   2|           1|           1|
    |ap_sync_entry_proc_U0_ap_ready  |        or|   0|  0|   2|           1|           1|
    |ap_sync_read_input_U0_ap_ready  |        or|   0|  0|   2|           1|           1|
    +--------------------------------+----------+----+---+----+------------+------------+
    |Total                           |          |   0|  0|  12|           6|           6|
    +--------------------------------+----------+----+---+----+------------+------------+

    * Multiplexer: 
    +------------------------------------+----+-----------+-----+-----------+
    |                Name                | LUT| Input Size| Bits| Total Bits|
    +------------------------------------+----+-----------+-----+-----------+
    |ap_sync_reg_entry_proc_U0_ap_ready  |   9|          2|    1|          2|
    |ap_sync_reg_read_input_U0_ap_ready  |   9|          2|    1|          2|
    +------------------------------------+----+-----------+-----+-----------+
    |Total                               |  18|          4|    2|          4|
    +------------------------------------+----+-----------+-----+-----------+

    * Register: 
    +------------------------------------+---+----+-----+-----------+
    |                Name                | FF| LUT| Bits| Const Bits|
    +------------------------------------+---+----+-----+-----------+
    |ap_sync_reg_entry_proc_U0_ap_ready  |  1|   0|    1|          0|
    |ap_sync_reg_read_input_U0_ap_ready  |  1|   0|    1|          0|
    +------------------------------------+---+----+-----+-----------+
    |Total                               |  2|   0|    2|          0|
    +------------------------------------+---+----+-----+-----------+



================================================================
== Interface
================================================================
* Summary: 
+-----------------------+-----+-----+------------+--------------+--------------+
|       RTL Ports       | Dir | Bits|  Protocol  | Source Object|    C Type    |
+-----------------------+-----+-----+------------+--------------+--------------+
|s_axi_control_AWVALID  |   in|    1|       s_axi|       control|        scalar|
|s_axi_control_AWREADY  |  out|    1|       s_axi|       control|        scalar|
|s_axi_control_AWADDR   |   in|    6|       s_axi|       control|        scalar|
|s_axi_control_WVALID   |   in|    1|       s_axi|       control|        scalar|
|s_axi_control_WREADY   |  out|    1|       s_axi|       control|        scalar|
|s_axi_control_WDATA    |   in|   32|       s_axi|       control|        scalar|
|s_axi_control_WSTRB    |   in|    4|       s_axi|       control|        scalar|
|s_axi_control_ARVALID  |   in|    1|       s_axi|       control|        scalar|
|s_axi_control_ARREADY  |  out|    1|       s_axi|       control|        scalar|
|s_axi_control_ARADDR   |   in|    6|       s_axi|       control|        scalar|
|s_axi_control_RVALID   |  out|    1|       s_axi|       control|        scalar|
|s_axi_control_RREADY   |   in|    1|       s_axi|       control|        scalar|
|s_axi_control_RDATA    |  out|   32|       s_axi|       control|        scalar|
|s_axi_control_RRESP    |  out|    2|       s_axi|       control|        scalar|
|s_axi_control_BVALID   |  out|    1|       s_axi|       control|        scalar|
|s_axi_control_BREADY   |   in|    1|       s_axi|       control|        scalar|
|s_axi_control_BRESP    |  out|    2|       s_axi|       control|        scalar|
|ap_clk                 |   in|    1|  ap_ctrl_hs|    top_kernel|  return value|
|ap_rst_n               |   in|    1|  ap_ctrl_hs|    top_kernel|  return value|
|interrupt              |  out|    1|  ap_ctrl_hs|    top_kernel|  return value|
|m_axi_A_in_AWVALID     |  out|    1|       m_axi|          A_in|       pointer|
|m_axi_A_in_AWREADY     |   in|    1|       m_axi|          A_in|       pointer|
|m_axi_A_in_AWADDR      |  out|   64|       m_axi|          A_in|       pointer|
|m_axi_A_in_AWID        |  out|    1|       m_axi|          A_in|       pointer|
|m_axi_A_in_AWLEN       |  out|    8|       m_axi|          A_in|       pointer|
|m_axi_A_in_AWSIZE      |  out|    3|       m_axi|          A_in|       pointer|
|m_axi_A_in_AWBURST     |  out|    2|       m_axi|          A_in|       pointer|
|m_axi_A_in_AWLOCK      |  out|    2|       m_axi|          A_in|       pointer|
|m_axi_A_in_AWCACHE     |  out|    4|       m_axi|          A_in|       pointer|
|m_axi_A_in_AWPROT      |  out|    3|       m_axi|          A_in|       pointer|
|m_axi_A_in_AWQOS       |  out|    4|       m_axi|          A_in|       pointer|
|m_axi_A_in_AWREGION    |  out|    4|       m_axi|          A_in|       pointer|
|m_axi_A_in_AWUSER      |  out|    1|       m_axi|          A_in|       pointer|
|m_axi_A_in_WVALID      |  out|    1|       m_axi|          A_in|       pointer|
|m_axi_A_in_WREADY      |   in|    1|       m_axi|          A_in|       pointer|
|m_axi_A_in_WDATA       |  out|   32|       m_axi|          A_in|       pointer|
|m_axi_A_in_WSTRB       |  out|    4|       m_axi|          A_in|       pointer|
|m_axi_A_in_WLAST       |  out|    1|       m_axi|          A_in|       pointer|
|m_axi_A_in_WID         |  out|    1|       m_axi|          A_in|       pointer|
|m_axi_A_in_WUSER       |  out|    1|       m_axi|          A_in|       pointer|
|m_axi_A_in_ARVALID     |  out|    1|       m_axi|          A_in|       pointer|
|m_axi_A_in_ARREADY     |   in|    1|       m_axi|          A_in|       pointer|
|m_axi_A_in_ARADDR      |  out|   64|       m_axi|          A_in|       pointer|
|m_axi_A_in_ARID        |  out|    1|       m_axi|          A_in|       pointer|
|m_axi_A_in_ARLEN       |  out|    8|       m_axi|          A_in|       pointer|
|m_axi_A_in_ARSIZE      |  out|    3|       m_axi|          A_in|       pointer|
|m_axi_A_in_ARBURST     |  out|    2|       m_axi|          A_in|       pointer|
|m_axi_A_in_ARLOCK      |  out|    2|       m_axi|          A_in|       pointer|
|m_axi_A_in_ARCACHE     |  out|    4|       m_axi|          A_in|       pointer|
|m_axi_A_in_ARPROT      |  out|    3|       m_axi|          A_in|       pointer|
|m_axi_A_in_ARQOS       |  out|    4|       m_axi|          A_in|       pointer|
|m_axi_A_in_ARREGION    |  out|    4|       m_axi|          A_in|       pointer|
|m_axi_A_in_ARUSER      |  out|    1|       m_axi|          A_in|       pointer|
|m_axi_A_in_RVALID      |   in|    1|       m_axi|          A_in|       pointer|
|m_axi_A_in_RREADY      |  out|    1|       m_axi|          A_in|       pointer|
|m_axi_A_in_RDATA       |   in|   32|       m_axi|          A_in|       pointer|
|m_axi_A_in_RLAST       |   in|    1|       m_axi|          A_in|       pointer|
|m_axi_A_in_RID         |   in|    1|       m_axi|          A_in|       pointer|
|m_axi_A_in_RUSER       |   in|    1|       m_axi|          A_in|       pointer|
|m_axi_A_in_RRESP       |   in|    2|       m_axi|          A_in|       pointer|
|m_axi_A_in_BVALID      |   in|    1|       m_axi|          A_in|       pointer|
|m_axi_A_in_BREADY      |  out|    1|       m_axi|          A_in|       pointer|
|m_axi_A_in_BRESP       |   in|    2|       m_axi|          A_in|       pointer|
|m_axi_A_in_BID         |   in|    1|       m_axi|          A_in|       pointer|
|m_axi_A_in_BUSER       |   in|    1|       m_axi|          A_in|       pointer|
|m_axi_A_out_AWVALID    |  out|    1|       m_axi|         A_out|       pointer|
|m_axi_A_out_AWREADY    |   in|    1|       m_axi|         A_out|       pointer|
|m_axi_A_out_AWADDR     |  out|   64|       m_axi|         A_out|       pointer|
|m_axi_A_out_AWID       |  out|    1|       m_axi|         A_out|       pointer|
|m_axi_A_out_AWLEN      |  out|    8|       m_axi|         A_out|       pointer|
|m_axi_A_out_AWSIZE     |  out|    3|       m_axi|         A_out|       pointer|
|m_axi_A_out_AWBURST    |  out|    2|       m_axi|         A_out|       pointer|
|m_axi_A_out_AWLOCK     |  out|    2|       m_axi|         A_out|       pointer|
|m_axi_A_out_AWCACHE    |  out|    4|       m_axi|         A_out|       pointer|
|m_axi_A_out_AWPROT     |  out|    3|       m_axi|         A_out|       pointer|
|m_axi_A_out_AWQOS      |  out|    4|       m_axi|         A_out|       pointer|
|m_axi_A_out_AWREGION   |  out|    4|       m_axi|         A_out|       pointer|
|m_axi_A_out_AWUSER     |  out|    1|       m_axi|         A_out|       pointer|
|m_axi_A_out_WVALID     |  out|    1|       m_axi|         A_out|       pointer|
|m_axi_A_out_WREADY     |   in|    1|       m_axi|         A_out|       pointer|
|m_axi_A_out_WDATA      |  out|   32|       m_axi|         A_out|       pointer|
|m_axi_A_out_WSTRB      |  out|    4|       m_axi|         A_out|       pointer|
|m_axi_A_out_WLAST      |  out|    1|       m_axi|         A_out|       pointer|
|m_axi_A_out_WID        |  out|    1|       m_axi|         A_out|       pointer|
|m_axi_A_out_WUSER      |  out|    1|       m_axi|         A_out|       pointer|
|m_axi_A_out_ARVALID    |  out|    1|       m_axi|         A_out|       pointer|
|m_axi_A_out_ARREADY    |   in|    1|       m_axi|         A_out|       pointer|
|m_axi_A_out_ARADDR     |  out|   64|       m_axi|         A_out|       pointer|
|m_axi_A_out_ARID       |  out|    1|       m_axi|         A_out|       pointer|
|m_axi_A_out_ARLEN      |  out|    8|       m_axi|         A_out|       pointer|
|m_axi_A_out_ARSIZE     |  out|    3|       m_axi|         A_out|       pointer|
|m_axi_A_out_ARBURST    |  out|    2|       m_axi|         A_out|       pointer|
|m_axi_A_out_ARLOCK     |  out|    2|       m_axi|         A_out|       pointer|
|m_axi_A_out_ARCACHE    |  out|    4|       m_axi|         A_out|       pointer|
|m_axi_A_out_ARPROT     |  out|    3|       m_axi|         A_out|       pointer|
|m_axi_A_out_ARQOS      |  out|    4|       m_axi|         A_out|       pointer|
|m_axi_A_out_ARREGION   |  out|    4|       m_axi|         A_out|       pointer|
|m_axi_A_out_ARUSER     |  out|    1|       m_axi|         A_out|       pointer|
|m_axi_A_out_RVALID     |   in|    1|       m_axi|         A_out|       pointer|
|m_axi_A_out_RREADY     |  out|    1|       m_axi|         A_out|       pointer|
|m_axi_A_out_RDATA      |   in|   32|       m_axi|         A_out|       pointer|
|m_axi_A_out_RLAST      |   in|    1|       m_axi|         A_out|       pointer|
|m_axi_A_out_RID        |   in|    1|       m_axi|         A_out|       pointer|
|m_axi_A_out_RUSER      |   in|    1|       m_axi|         A_out|       pointer|
|m_axi_A_out_RRESP      |   in|    2|       m_axi|         A_out|       pointer|
|m_axi_A_out_BVALID     |   in|    1|       m_axi|         A_out|       pointer|
|m_axi_A_out_BREADY     |  out|    1|       m_axi|         A_out|       pointer|
|m_axi_A_out_BRESP      |   in|    2|       m_axi|         A_out|       pointer|
|m_axi_A_out_BID        |   in|    1|       m_axi|         A_out|       pointer|
|m_axi_A_out_BUSER      |   in|    1|       m_axi|         A_out|       pointer|
+-----------------------+-----+-----+------------+--------------+--------------+

============================================================
+ Verbose Summary: Synthesis Manager
============================================================
InlineROM: 1
ExposeGlobal: 0
============================================================
+ Verbose Summary: CDFG Model
============================================================
IsTopModel: 1
ResetActiveHigh: 1
IsCombinational: 2
IsDatapathOnly: 2
HasWiredReturn: 1
HasMFsm: 0
HasVarLatency: 1
IsPipeline: 0
IsRtlPipelined: 0
IsInstanceOverlapped: 0
IsDontTouch: 0
HasImplIP: 0
IsGatedGlobalClock: 0


============================================================
+ Verbose Summary: Schedule
============================================================
* Number of FSM states : 7
* Pipeline : 0
* Dataflow Pipeline: 1
  DF-Pipeline-0: Size = 7, States = { 1 2 3 4 5 6 7 }

* FSM state transitions: 
1 --> 2 
2 --> 3 
3 --> 4 
4 --> 5 
5 --> 6 
6 --> 7 
7 --> 

* FSM state operations: 

State 1 <SV = 0> <Delay = 3.16>
ST_1 : Operation 8 [1/1] (1.00ns)   --->   "%A_out_r_read = read i64 @_ssdm_op_Read.s_axilite.i64, i64 %A_out_r" [top.cpp:106]   --->   Operation 8 'read' 'A_out_r_read' <Predicate = true> <Delay = 1.00> <CoreInst = "s_axilite">   --->   Core 120 's_axilite' <Latency = 0> <II = 1> <Delay = 1.00> <Adapter> <Opcode : 'read' 'write'>
ST_1 : Operation 9 [1/1] (1.00ns)   --->   "%A_in_r_read = read i64 @_ssdm_op_Read.s_axilite.i64, i64 %A_in_r" [top.cpp:106]   --->   Operation 9 'read' 'A_in_r_read' <Predicate = true> <Delay = 1.00> <CoreInst = "s_axilite">   --->   Core 120 's_axilite' <Latency = 0> <II = 1> <Delay = 1.00> <Adapter> <Opcode : 'read' 'write'>
ST_1 : Operation 10 [1/1] (0.00ns)   --->   "%A_out_r_c = alloca i64 1" [top.cpp:106]   --->   Operation 10 'alloca' 'A_out_r_c' <Predicate = true> <Delay = 0.00> <CoreInst = "FIFO_SRL">   --->   Core 80 'FIFO_SRL' <Latency = 0> <II = 1> <Delay = 2.16> <Storage> <Opcode : 'read' 'write' 'nbread' 'nbwrite'> <Ports = 0> <Width = 64> <Depth = 4> <FIFO>
ST_1 : Operation 11 [1/1] (1.35ns)   --->   "%grid_initial = alloca i64 1" [top.cpp:109]   --->   Operation 11 'alloca' 'grid_initial' <Predicate = true> <Delay = 1.35>
ST_1 : Operation 12 [1/1] (1.35ns)   --->   "%grid_final = alloca i64 1" [top.cpp:110]   --->   Operation 12 'alloca' 'grid_final' <Predicate = true> <Delay = 1.35>
ST_1 : Operation 13 [1/1] (2.16ns)   --->   "%call_ln106 = call void @entry_proc, i64 %A_out_r_read, i64 %A_out_r_c" [top.cpp:106]   --->   Operation 13 'call' 'call_ln106' <Predicate = true> <Delay = 2.16> <CoreType = "Generic">   --->   Generic Core

State 2 <SV = 1> <Delay = 7.30>
ST_2 : Operation 14 [2/2] (7.30ns)   --->   "%call_ln113 = call void @read_input, i32 %A_in, i64 %A_in_r_read, i24 %grid_initial" [top.cpp:113]   --->   Operation 14 'call' 'call_ln113' <Predicate = true> <Delay = 7.30> <CoreType = "Generic">   --->   Generic Core

State 3 <SV = 2> <Delay = 0.92>
ST_3 : Operation 15 [1/2] (0.92ns)   --->   "%call_ln113 = call void @read_input, i32 %A_in, i64 %A_in_r_read, i24 %grid_initial" [top.cpp:113]   --->   Operation 15 'call' 'call_ln113' <Predicate = true> <Delay = 0.92> <CoreType = "Generic">   --->   Generic Core

State 4 <SV = 3> <Delay = 0.00>
ST_4 : Operation 16 [2/2] (0.00ns)   --->   "%call_ln114 = call void @compute, i24 %grid_initial, i24 %grid_final" [top.cpp:114]   --->   Operation 16 'call' 'call_ln114' <Predicate = true> <Delay = 0.00> <CoreType = "Generic">   --->   Generic Core

State 5 <SV = 4> <Delay = 0.00>
ST_5 : Operation 17 [1/2] (0.00ns)   --->   "%call_ln114 = call void @compute, i24 %grid_initial, i24 %grid_final" [top.cpp:114]   --->   Operation 17 'call' 'call_ln114' <Predicate = true> <Delay = 0.00> <CoreType = "Generic">   --->   Generic Core

State 6 <SV = 5> <Delay = 0.00>
ST_6 : Operation 18 [2/2] (0.00ns)   --->   "%call_ln115 = call void @write_output, i24 %grid_final, i32 %A_out, i64 %A_out_r_c" [top.cpp:115]   --->   Operation 18 'call' 'call_ln115' <Predicate = true> <Delay = 0.00> <CoreType = "Generic">   --->   Generic Core

State 7 <SV = 6> <Delay = 0.00>
ST_7 : Operation 19 [1/1] (0.00ns)   --->   "%empty = specchannel i32 @_ssdm_op_SpecChannel, void @A_out_r_c_str, i32 1, void @p_str, void @p_str, i32 4, i32 0, i64 %A_out_r_c, i64 %A_out_r_c" [top.cpp:106]   --->   Operation 19 'specchannel' 'empty' <Predicate = true> <Delay = 0.00>
ST_7 : Operation 20 [1/1] (0.00ns)   --->   "%specinterface_ln106 = specinterface void @_ssdm_op_SpecInterface, i64 %A_out_r_c, void @ap_fifo_str, i32 0, i32 0, void @p_str, i32 0, i32 0, void @p_str, void @p_str, void @p_str, i32 2, i32 2, i32 16, i32 16, void @p_str, void @p_str, i32 4294967295, i32 0, i32 0" [top.cpp:106]   --->   Operation 20 'specinterface' 'specinterface_ln106' <Predicate = true> <Delay = 0.00>
ST_7 : Operation 21 [1/1] (0.00ns)   --->   "%specdataflowpipeline_ln106 = specdataflowpipeline void @_ssdm_op_SpecDataflowPipeline, i32 4294967295, i32 0, void @empty_13" [top.cpp:106]   --->   Operation 21 'specdataflowpipeline' 'specdataflowpipeline_ln106' <Predicate = true> <Delay = 0.00>
ST_7 : Operation 22 [1/1] (0.00ns)   --->   "%spectopmodule_ln100 = spectopmodule void @_ssdm_op_SpecTopModule, void @empty_15" [top.cpp:100]   --->   Operation 22 'spectopmodule' 'spectopmodule_ln100' <Predicate = true> <Delay = 0.00>
ST_7 : Operation 23 [1/1] (0.00ns)   --->   "%specinterface_ln0 = specinterface void @_ssdm_op_SpecInterface, i32 %A_in, void @empty_14, i32 0, i32 0, void @empty_13, i32 0, i32 0, void @empty_2, void @empty_1, void @empty_13, i32 16, i32 16, i32 16, i32 16, void @empty_13, void @empty_13, i32 4294967295, i32 0, i32 0"   --->   Operation 23 'specinterface' 'specinterface_ln0' <Predicate = true> <Delay = 0.00>
ST_7 : Operation 24 [1/1] (0.00ns)   --->   "%specbitsmap_ln0 = specbitsmap void @_ssdm_op_SpecBitsMap, i32 %A_in"   --->   Operation 24 'specbitsmap' 'specbitsmap_ln0' <Predicate = true> <Delay = 0.00>
ST_7 : Operation 25 [1/1] (0.00ns)   --->   "%specinterface_ln0 = specinterface void @_ssdm_op_SpecInterface, i32 %A_out, void @empty_14, i32 0, i32 0, void @empty_13, i32 0, i32 0, void @empty_0, void @empty_1, void @empty_13, i32 16, i32 16, i32 16, i32 16, void @empty_13, void @empty_13, i32 4294967295, i32 0, i32 0"   --->   Operation 25 'specinterface' 'specinterface_ln0' <Predicate = true> <Delay = 0.00>
ST_7 : Operation 26 [1/1] (0.00ns)   --->   "%specbitsmap_ln0 = specbitsmap void @_ssdm_op_SpecBitsMap, i32 %A_out"   --->   Operation 26 'specbitsmap' 'specbitsmap_ln0' <Predicate = true> <Delay = 0.00>
ST_7 : Operation 27 [1/1] (0.00ns)   --->   "%specinterface_ln0 = specinterface void @_ssdm_op_SpecInterface, i64 %A_in_r, void @empty_11, i32 0, i32 0, void @empty_13, i32 0, i32 0, void @empty, void @empty_4, void @empty_13, i32 0, i32 0, i32 0, i32 0, void @empty_13, void @empty_7, i32 4294967295, i32 0, i32 0"   --->   Operation 27 'specinterface' 'specinterface_ln0' <Predicate = true> <Delay = 0.00>
ST_7 : Operation 28 [1/1] (0.00ns)   --->   "%specinterface_ln0 = specinterface void @_ssdm_op_SpecInterface, i64 %A_in_r, void @empty_3, i32 0, i32 0, void @empty_13, i32 0, i32 0, void @empty_13, void @empty_13, void @empty_13, i32 0, i32 0, i32 0, i32 0, void @empty_13, void @empty_7, i32 4294967295, i32 0, i32 0"   --->   Operation 28 'specinterface' 'specinterface_ln0' <Predicate = true> <Delay = 0.00>
ST_7 : Operation 29 [1/1] (0.00ns)   --->   "%specinterface_ln0 = specinterface void @_ssdm_op_SpecInterface, i64 %A_out_r, void @empty_11, i32 0, i32 0, void @empty_13, i32 0, i32 0, void @empty, void @empty_12, void @empty_13, i32 0, i32 0, i32 0, i32 0, void @empty_13, void @empty_7, i32 4294967295, i32 0, i32 0"   --->   Operation 29 'specinterface' 'specinterface_ln0' <Predicate = true> <Delay = 0.00>
ST_7 : Operation 30 [1/1] (0.00ns)   --->   "%specinterface_ln0 = specinterface void @_ssdm_op_SpecInterface, i64 %A_out_r, void @empty_3, i32 0, i32 0, void @empty_13, i32 0, i32 0, void @empty_13, void @empty_13, void @empty_13, i32 0, i32 0, i32 0, i32 0, void @empty_13, void @empty_7, i32 4294967295, i32 0, i32 0"   --->   Operation 30 'specinterface' 'specinterface_ln0' <Predicate = true> <Delay = 0.00>
ST_7 : Operation 31 [1/1] (0.00ns)   --->   "%specinterface_ln0 = specinterface void @_ssdm_op_SpecInterface, i32 0, void @empty_11, i32 0, i32 0, void @empty_13, i32 0, i32 0, void @empty, void @empty_13, void @empty_13, i32 0, i32 0, i32 0, i32 0, void @empty_13, void @empty_13, i32 4294967295, i32 0, i32 0"   --->   Operation 31 'specinterface' 'specinterface_ln0' <Predicate = true> <Delay = 0.00>
ST_7 : Operation 32 [1/2] (0.00ns)   --->   "%call_ln115 = call void @write_output, i24 %grid_final, i32 %A_out, i64 %A_out_r_c" [top.cpp:115]   --->   Operation 32 'call' 'call_ln115' <Predicate = true> <Delay = 0.00> <CoreType = "Generic">   --->   Generic Core
ST_7 : Operation 33 [1/1] (0.00ns)   --->   "%ret_ln116 = ret" [top.cpp:116]   --->   Operation 33 'ret' 'ret_ln116' <Predicate = true> <Delay = 0.00>


============================================================
+ Verbose Summary: Binding
============================================================
STG Binding: 
---------------- STG Properties BEGIN ----------------
- Is combinational: 0
- Is one-state seq: 0
- Is datapath-only: 0
- Is pipelined: 0
- Is top level: 1
Port [ Return ] is wired: 1; IO mode=ap_ctrl_hs:ce=0
Port [ A_in]:  wired=1; compound=1; hidden=0; nouse=0; global=0; static=0; extern=0; dir=0; type=4; pingpong=0; private_global=0; IO mode=m_axi:ce=0
Port [ A_out]:  wired=1; compound=1; hidden=0; nouse=0; global=0; static=0; extern=0; dir=1; type=4; pingpong=0; private_global=0; IO mode=m_axi:ce=0
Port [ A_in_r]:  wired=1; compound=0; hidden=0; nouse=0; global=0; static=0; extern=0; dir=0; type=0; pingpong=0; private_global=0; IO mode=ap_none:ce=0
Port [ A_out_r]:  wired=1; compound=0; hidden=0; nouse=0; global=0; static=0; extern=0; dir=0; type=0; pingpong=0; private_global=0; IO mode=ap_none:ce=0
---------------- STG Properties END ------------------

---------------- Datapath Model BEGIN ----------------

<LifeTime>
<method=bitvector/>
A_out_r_read               (read                ) [ 00000000]
A_in_r_read                (read                ) [ 00110000]
A_out_r_c                  (alloca              ) [ 01111111]
grid_initial               (alloca              ) [ 00111100]
grid_final                 (alloca              ) [ 00111111]
call_ln106                 (call                ) [ 00000000]
call_ln113                 (call                ) [ 00000000]
call_ln114                 (call                ) [ 00000000]
empty                      (specchannel         ) [ 00000000]
specinterface_ln106        (specinterface       ) [ 00000000]
specdataflowpipeline_ln106 (specdataflowpipeline) [ 00000000]
spectopmodule_ln100        (spectopmodule       ) [ 00000000]
specinterface_ln0          (specinterface       ) [ 00000000]
specbitsmap_ln0            (specbitsmap         ) [ 00000000]
specinterface_ln0          (specinterface       ) [ 00000000]
specbitsmap_ln0            (specbitsmap         ) [ 00000000]
specinterface_ln0          (specinterface       ) [ 00000000]
specinterface_ln0          (specinterface       ) [ 00000000]
specinterface_ln0          (specinterface       ) [ 00000000]
specinterface_ln0          (specinterface       ) [ 00000000]
specinterface_ln0          (specinterface       ) [ 00000000]
call_ln115                 (call                ) [ 00000000]
ret_ln116                  (ret                 ) [ 00000000]
</LifeTime>

<model>

<comp_list>
<comp id="0" class="1000" name="A_in">
<pin_list>
<pin id="1" dir="1" index="0" bw="1" slack="0"/>
</pin_list>
<bind>
<StgValue><ssdm name="A_in"/><MemPortTyVec>0 </MemPortTyVec>
</StgValue>
</bind>
</comp>

<comp id="2" class="1000" name="A_out">
<pin_list>
<pin id="3" dir="1" index="0" bw="1" slack="0"/>
</pin_list>
<bind>
<StgValue><ssdm name="A_out"/><MemPortTyVec>1 </MemPortTyVec>
</StgValue>
</bind>
</comp>

<comp id="4" class="1000" name="A_in_r">
<pin_list>
<pin id="5" dir="1" index="0" bw="1" slack="0"/>
</pin_list>
<bind>
<StgValue><ssdm name="A_in_r"/></StgValue>
</bind>
</comp>

<comp id="6" class="1000" name="A_out_r">
<pin_list>
<pin id="7" dir="1" index="0" bw="1" slack="0"/>
</pin_list>
<bind>
<StgValue><ssdm name="A_out_r"/></StgValue>
</bind>
</comp>

<comp id="8" class="1001" name="const_8">
<pin_list>
<pin id="9" dir="1" index="0" bw="1" slack="0"/>
</pin_list>
<bind>
<StgValue><ssdm name="_ssdm_op_Read.s_axilite.i64"/></StgValue>
</bind>
</comp>

<comp id="10" class="1001" name="const_10">
<pin_list>
<pin id="11" dir="1" index="0" bw="1" slack="0"/>
</pin_list>
<bind>
<StgValue><ssdm name=""/></StgValue>
</bind>
</comp>

<comp id="12" class="1001" name="const_12">
<pin_list>
<pin id="13" dir="1" index="0" bw="1" slack="0"/>
</pin_list>
<bind>
<StgValue><ssdm name="entry_proc"/></StgValue>
</bind>
</comp>

<comp id="14" class="1001" name="const_14">
<pin_list>
<pin id="15" dir="1" index="0" bw="1" slack="0"/>
</pin_list>
<bind>
<StgValue><ssdm name="read_input"/></StgValue>
</bind>
</comp>

<comp id="16" class="1001" name="const_16">
<pin_list>
<pin id="17" dir="1" index="0" bw="1" slack="0"/>
</pin_list>
<bind>
<StgValue><ssdm name="compute"/></StgValue>
</bind>
</comp>

<comp id="18" class="1001" name="const_18">
<pin_list>
<pin id="19" dir="1" index="0" bw="1" slack="0"/>
</pin_list>
<bind>
<StgValue><ssdm name="write_output"/></StgValue>
</bind>
</comp>

<comp id="20" class="1001" name="const_20">
<pin_list>
<pin id="21" dir="1" index="0" bw="1" slack="2147483647"/>
</pin_list>
<bind>
<StgValue><ssdm name="_ssdm_op_SpecChannel"/></StgValue>
</bind>
</comp>

<comp id="22" class="1001" name="const_22">
<pin_list>
<pin id="23" dir="1" index="0" bw="1" slack="2147483647"/>
</pin_list>
<bind>
<StgValue><ssdm name="A_out_r_c_str"/></StgValue>
</bind>
</comp>

<comp id="24" class="1001" name="const_24">
<pin_list>
<pin id="25" dir="1" index="0" bw="1" slack="2147483647"/>
</pin_list>
<bind>
<StgValue><ssdm name=""/></StgValue>
</bind>
</comp>

<comp id="26" class="1001" name="const_26">
<pin_list>
<pin id="27" dir="1" index="0" bw="1" slack="2147483647"/>
</pin_list>
<bind>
<StgValue><ssdm name="p_str"/></StgValue>
</bind>
</comp>

<comp id="28" class="1001" name="const_28">
<pin_list>
<pin id="29" dir="1" index="0" bw="1" slack="2147483647"/>
</pin_list>
<bind>
<StgValue><ssdm name=""/></StgValue>
</bind>
</comp>

<comp id="30" class="1001" name="const_30">
<pin_list>
<pin id="31" dir="1" index="0" bw="1" slack="2147483647"/>
</pin_list>
<bind>
<StgValue><ssdm name=""/></StgValue>
</bind>
</comp>

<comp id="32" class="1001" name="const_32">
<pin_list>
<pin id="33" dir="1" index="0" bw="1" slack="2147483647"/>
</pin_list>
<bind>
<StgValue><ssdm name="_ssdm_op_SpecInterface"/></StgValue>
</bind>
</comp>

<comp id="34" class="1001" name="const_34">
<pin_list>
<pin id="35" dir="1" index="0" bw="1" slack="2147483647"/>
</pin_list>
<bind>
<StgValue><ssdm name="ap_fifo_str"/></StgValue>
</bind>
</comp>

<comp id="36" class="1001" name="const_36">
<pin_list>
<pin id="37" dir="1" index="0" bw="1" slack="2147483647"/>
</pin_list>
<bind>
<StgValue><ssdm name=""/></StgValue>
</bind>
</comp>

<comp id="38" class="1001" name="const_38">
<pin_list>
<pin id="39" dir="1" index="0" bw="1" slack="2147483647"/>
</pin_list>
<bind>
<StgValue><ssdm name=""/></StgValue>
</bind>
</comp>

<comp id="40" class="1001" name="const_40">
<pin_list>
<pin id="41" dir="1" index="0" bw="1" slack="2147483647"/>
</pin_list>
<bind>
<StgValue><ssdm name=""/></StgValue>
</bind>
</comp>

<comp id="42" class="1001" name="const_42">
<pin_list>
<pin id="43" dir="1" index="0" bw="1" slack="2147483647"/>
</pin_list>
<bind>
<StgValue><ssdm name="_ssdm_op_SpecDataflowPipeline"/></StgValue>
</bind>
</comp>

<comp id="44" class="1001" name="const_44">
<pin_list>
<pin id="45" dir="1" index="0" bw="1" slack="2147483647"/>
</pin_list>
<bind>
<StgValue><ssdm name="empty_13"/></StgValue>
</bind>
</comp>

<comp id="46" class="1001" name="const_46">
<pin_list>
<pin id="47" dir="1" index="0" bw="1" slack="2147483647"/>
</pin_list>
<bind>
<StgValue><ssdm name="_ssdm_op_SpecTopModule"/></StgValue>
</bind>
</comp>

<comp id="48" class="1001" name="const_48">
<pin_list>
<pin id="49" dir="1" index="0" bw="1" slack="2147483647"/>
</pin_list>
<bind>
<StgValue><ssdm name="empty_15"/></StgValue>
</bind>
</comp>

<comp id="50" class="1001" name="const_50">
<pin_list>
<pin id="51" dir="1" index="0" bw="1" slack="2147483647"/>
</pin_list>
<bind>
<StgValue><ssdm name="empty_14"/></StgValue>
</bind>
</comp>

<comp id="52" class="1001" name="const_52">
<pin_list>
<pin id="53" dir="1" index="0" bw="1" slack="2147483647"/>
</pin_list>
<bind>
<StgValue><ssdm name="empty_2"/></StgValue>
</bind>
</comp>

<comp id="54" class="1001" name="const_54">
<pin_list>
<pin id="55" dir="1" index="0" bw="1" slack="2147483647"/>
</pin_list>
<bind>
<StgValue><ssdm name="empty_1"/></StgValue>
</bind>
</comp>

<comp id="56" class="1001" name="const_56">
<pin_list>
<pin id="57" dir="1" index="0" bw="1" slack="2147483647"/>
</pin_list>
<bind>
<StgValue><ssdm name="_ssdm_op_SpecBitsMap"/></StgValue>
</bind>
</comp>

<comp id="58" class="1001" name="const_58">
<pin_list>
<pin id="59" dir="1" index="0" bw="1" slack="2147483647"/>
</pin_list>
<bind>
<StgValue><ssdm name="empty_0"/></StgValue>
</bind>
</comp>

<comp id="60" class="1001" name="const_60">
<pin_list>
<pin id="61" dir="1" index="0" bw="1" slack="2147483647"/>
</pin_list>
<bind>
<StgValue><ssdm name="empty_11"/></StgValue>
</bind>
</comp>

<comp id="62" class="1001" name="const_62">
<pin_list>
<pin id="63" dir="1" index="0" bw="1" slack="2147483647"/>
</pin_list>
<bind>
<StgValue><ssdm name="empty"/></StgValue>
</bind>
</comp>

<comp id="64" class="1001" name="const_64">
<pin_list>
<pin id="65" dir="1" index="0" bw="1" slack="2147483647"/>
</pin_list>
<bind>
<StgValue><ssdm name="empty_4"/></StgValue>
</bind>
</comp>

<comp id="66" class="1001" name="const_66">
<pin_list>
<pin id="67" dir="1" index="0" bw="1" slack="2147483647"/>
</pin_list>
<bind>
<StgValue><ssdm name="empty_7"/></StgValue>
</bind>
</comp>

<comp id="68" class="1001" name="const_68">
<pin_list>
<pin id="69" dir="1" index="0" bw="1" slack="2147483647"/>
</pin_list>
<bind>
<StgValue><ssdm name="empty_3"/></StgValue>
</bind>
</comp>

<comp id="70" class="1001" name="const_70">
<pin_list>
<pin id="71" dir="1" index="0" bw="1" slack="2147483647"/>
</pin_list>
<bind>
<StgValue><ssdm name="empty_12"/></StgValue>
</bind>
</comp>

<comp id="72" class="1004" name="A_out_r_c_fu_72">
<pin_list>
<pin id="73" dir="0" index="0" bw="1" slack="0"/>
<pin id="74" dir="1" index="1" bw="64" slack="0"/>
</pin_list>
<bind>
<opcode="alloca(26) " fcode="alloca"/>
<opset="A_out_r_c/1 "/>
</bind>
</comp>

<comp id="76" class="1004" name="grid_initial_alloca_fu_76">
<pin_list>
<pin id="77" dir="0" index="0" bw="1" slack="0"/>
<pin id="78" dir="1" index="1" bw="24" slack="2147483647"/>
</pin_list>
<bind>
<opcode="alloca(26) " fcode="alloca"/>
<opset="grid_initial/1 "/>
</bind>
</comp>

<comp id="80" class="1004" name="grid_final_alloca_fu_80">
<pin_list>
<pin id="81" dir="0" index="0" bw="1" slack="0"/>
<pin id="82" dir="1" index="1" bw="24" slack="2147483647"/>
</pin_list>
<bind>
<opcode="alloca(26) " fcode="alloca"/>
<opset="grid_final/1 "/>
</bind>
</comp>

<comp id="84" class="1004" name="A_out_r_read_read_fu_84">
<pin_list>
<pin id="85" dir="0" index="0" bw="64" slack="0"/>
<pin id="86" dir="0" index="1" bw="64" slack="0"/>
<pin id="87" dir="1" index="2" bw="64" slack="0"/>
</pin_list>
<bind>
<opcode="read(1150) " fcode="read"/>
<opset="A_out_r_read/1 "/>
</bind>
</comp>

<comp id="90" class="1004" name="A_in_r_read_read_fu_90">
<pin_list>
<pin id="91" dir="0" index="0" bw="64" slack="0"/>
<pin id="92" dir="0" index="1" bw="64" slack="0"/>
<pin id="93" dir="1" index="2" bw="64" slack="1"/>
</pin_list>
<bind>
<opcode="read(1150) " fcode="read"/>
<opset="A_in_r_read/1 "/>
</bind>
</comp>

<comp id="96" class="1004" name="call_ln106_entry_proc_fu_96">
<pin_list>
<pin id="97" dir="0" index="0" bw="0" slack="0"/>
<pin id="98" dir="0" index="1" bw="64" slack="0"/>
<pin id="99" dir="0" index="2" bw="64" slack="0"/>
<pin id="100" dir="1" index="3" bw="0" slack="2147483647"/>
</pin_list>
<bind>
<opcode="call(48) " fcode="call"/>
<opset="call_ln106/1 "/>
</bind>
</comp>

<comp id="103" class="1004" name="grp_read_input_fu_103">
<pin_list>
<pin id="104" dir="0" index="0" bw="0" slack="0"/>
<pin id="105" dir="0" index="1" bw="32" slack="0"/>
<pin id="106" dir="0" index="2" bw="64" slack="1"/>
<pin id="107" dir="0" index="3" bw="24" slack="2147483647"/>
<pin id="108" dir="1" index="4" bw="0" slack="2147483647"/>
</pin_list>
<bind>
<opcode="call(48) " fcode="call"/>
<opset="call_ln113/2 "/>
</bind>
</comp>

<comp id="111" class="1004" name="grp_compute_fu_111">
<pin_list>
<pin id="112" dir="0" index="0" bw="0" slack="0"/>
<pin id="113" dir="0" index="1" bw="24" slack="2147483647"/>
<pin id="114" dir="0" index="2" bw="24" slack="2147483647"/>
<pin id="115" dir="1" index="3" bw="0" slack="2147483647"/>
</pin_list>
<bind>
<opcode="call(48) " fcode="call"/>
<opset="call_ln114/4 "/>
</bind>
</comp>

<comp id="117" class="1004" name="grp_write_output_fu_117">
<pin_list>
<pin id="118" dir="0" index="0" bw="0" slack="0"/>
<pin id="119" dir="0" index="1" bw="24" slack="2147483647"/>
<pin id="120" dir="0" index="2" bw="32" slack="0"/>
<pin id="121" dir="0" index="3" bw="64" slack="5"/>
<pin id="122" dir="1" index="4" bw="0" slack="2147483647"/>
</pin_list>
<bind>
<opcode="call(48) " fcode="call"/>
<opset="call_ln115/6 "/>
</bind>
</comp>

<comp id="125" class="1005" name="A_in_r_read_reg_125">
<pin_list>
<pin id="126" dir="0" index="0" bw="64" slack="1"/>
<pin id="127" dir="1" index="1" bw="64" slack="1"/>
</pin_list>
<bind>
<opset="A_in_r_read "/>
</bind>
</comp>

<comp id="130" class="1005" name="A_out_r_c_reg_130">
<pin_list>
<pin id="131" dir="0" index="0" bw="64" slack="0"/>
<pin id="132" dir="1" index="1" bw="64" slack="0"/>
</pin_list>
<bind>
<opset="A_out_r_c "/>
</bind>
</comp>

</comp_list>

<net_list>
<net id="75"><net_src comp="10" pin="0"/><net_sink comp="72" pin=0"/></net>

<net id="79"><net_src comp="10" pin="0"/><net_sink comp="76" pin=0"/></net>

<net id="83"><net_src comp="10" pin="0"/><net_sink comp="80" pin=0"/></net>

<net id="88"><net_src comp="8" pin="0"/><net_sink comp="84" pin=0"/></net>

<net id="89"><net_src comp="6" pin="0"/><net_sink comp="84" pin=1"/></net>

<net id="94"><net_src comp="8" pin="0"/><net_sink comp="90" pin=0"/></net>

<net id="95"><net_src comp="4" pin="0"/><net_sink comp="90" pin=1"/></net>

<net id="101"><net_src comp="12" pin="0"/><net_sink comp="96" pin=0"/></net>

<net id="102"><net_src comp="84" pin="2"/><net_sink comp="96" pin=1"/></net>

<net id="109"><net_src comp="14" pin="0"/><net_sink comp="103" pin=0"/></net>

<net id="110"><net_src comp="0" pin="0"/><net_sink comp="103" pin=1"/></net>

<net id="116"><net_src comp="16" pin="0"/><net_sink comp="111" pin=0"/></net>

<net id="123"><net_src comp="18" pin="0"/><net_sink comp="117" pin=0"/></net>

<net id="124"><net_src comp="2" pin="0"/><net_sink comp="117" pin=2"/></net>

<net id="128"><net_src comp="90" pin="2"/><net_sink comp="125" pin=0"/></net>

<net id="129"><net_src comp="125" pin="1"/><net_sink comp="103" pin=2"/></net>

<net id="133"><net_src comp="72" pin="1"/><net_sink comp="130" pin=0"/></net>

<net id="134"><net_src comp="130" pin="1"/><net_sink comp="96" pin=2"/></net>

<net id="135"><net_src comp="130" pin="1"/><net_sink comp="117" pin=3"/></net>

</net_list>

</model> 
---------------- Datapath Model END ------------------

* FSMD analyzer results:
  - Output states:
	Port: A_out | {6 7 }
 - Input state : 
	Port: top_kernel : A_in | {2 3 }
	Port: top_kernel : A_in_r | {1 }
	Port: top_kernel : A_out_r | {1 }
  - Chain level:
	State 1
		call_ln106 : 1
	State 2
	State 3
	State 4
	State 5
	State 6
	State 7


============================================================
+ Verbose Summary: Datapath Resource usage 
============================================================

* Functional unit list:
|----------|-----------------------------|---------|---------|---------|---------|---------|---------|
| Operation|       Functional Unit       |   BRAM  |   DSP   |  Delay  |    FF   |   LUT   |   URAM  |
|----------|-----------------------------|---------|---------|---------|---------|---------|---------|
|          | call_ln106_entry_proc_fu_96 |    0    |    0    |    0    |    0    |    0    |    0    |
|   call   |    grp_read_input_fu_103    |    0    |    0    |  0.489  |   124   |    96   |    0    |
|          |      grp_compute_fu_111     |   196   |    15   |  27.624 |   3737  |   4663  |    0    |
|          |   grp_write_output_fu_117   |    0    |    0    |  0.489  |   236   |   142   |    0    |
|----------|-----------------------------|---------|---------|---------|---------|---------|---------|
|   read   |   A_out_r_read_read_fu_84   |    0    |    0    |    0    |    0    |    0    |    0    |
|          |    A_in_r_read_read_fu_90   |    0    |    0    |    0    |    0    |    0    |    0    |
|----------|-----------------------------|---------|---------|---------|---------|---------|---------|
|   Total  |                             |   196   |    15   |  28.602 |   4097  |   4901  |    0    |
|----------|-----------------------------|---------|---------|---------|---------|---------|---------|

Memories:
+------------+--------+--------+--------+--------+
|            |  BRAM  |   FF   |   LUT  |  URAM  |
+------------+--------+--------+--------+--------+
| grid_final |   176  |    0   |    0   |    0   |
|grid_initial|   176  |    0   |    0   |    0   |
+------------+--------+--------+--------+--------+
|    Total   |   352  |    0   |    0   |    0   |
+------------+--------+--------+--------+--------+

* Register list:
+-------------------+--------+
|                   |   FF   |
+-------------------+--------+
|A_in_r_read_reg_125|   64   |
| A_out_r_c_reg_130 |   64   |
+-------------------+--------+
|       Total       |   128  |
+-------------------+--------+

* Multiplexer (MUX) list: 
|--------|------|------|------|--------|
|  Comp  |  Pin | Size |  BW  | S x BW |
|--------|------|------|------|--------|
|  Total |      |      |      |    0   |
|--------|------|------|------|--------|



* Summary:
+-----------+--------+--------+--------+--------+--------+--------+
|           |  BRAM  |   DSP  |  Delay |   FF   |   LUT  |  URAM  |
+-----------+--------+--------+--------+--------+--------+--------+
|  Function |   196  |   15   |   28   |  4097  |  4901  |    0   |
|   Memory  |   352  |    -   |    -   |    0   |    0   |    0   |
|Multiplexer|    -   |    -   |    -   |    -   |    -   |    -   |
|  Register |    -   |    -   |    -   |   128  |    -   |    -   |
+-----------+--------+--------+--------+--------+--------+--------+
|   Total   |   548  |   15   |   28   |  4225  |  4901  |    0   |
+-----------+--------+--------+--------+--------+--------+--------+
