

================================================================
== Vitis HLS Report for 'write_output'
================================================================
* Date:           Fri Feb 20 11:31:00 2026

* Version:        2025.1.1 (Build 6214317 on Sep 11 2025)
* Project:        project_1
* Solution:       hls (Vivado IP Flow Target)
* Product family: zynquplus
* Target device:  xczu3eg-sbva484-1-e


================================================================
== Performance Estimates
================================================================
+ Timing: 
    * Summary: 
    +--------+----------+----------+------------+
    |  Clock |  Target  | Estimated| Uncertainty|
    +--------+----------+----------+------------+
    |ap_clk  |  10.00 ns|  7.300 ns|     2.70 ns|
    +--------+----------+----------+------------+

+ Latency: 
    * Summary: 
    +---------+---------+----------+----------+--------+--------+---------+
    |  Latency (cycles) |  Latency (absolute) |     Interval    | Pipeline|
    |   min   |   max   |    min   |    max   |   min  |   max  |   Type  |
    +---------+---------+----------+----------+--------+--------+---------+
    |   131591|   131591|  1.316 ms|  1.316 ms|  131591|  131591|       no|
    +---------+---------+----------+----------+--------+--------+---------+

    + Detail: 
        * Instance: 
        N/A

        * Loop: 
        +---------------------+---------+---------+----------+-----------+-----------+------+----------+
        |                     |  Latency (cycles) | Iteration|  Initiation Interval  | Trip |          |
        |      Loop Name      |   min   |   max   |  Latency |  achieved |   target  | Count| Pipelined|
        +---------------------+---------+---------+----------+-----------+-----------+------+----------+
        |- VITIS_LOOP_127_1   |   131584|   131584|       514|          -|          -|   256|        no|
        | + VITIS_LOOP_128_2  |      512|      512|         2|          -|          -|   256|        no|
        +---------------------+---------+---------+----------+-----------+-----------+------+----------+

============================================================
+ Verbose Summary: Synthesis Manager
============================================================
InlineROM: 1
ExposeGlobal: 0
============================================================
+ Verbose Summary: CDFG Model
============================================================
IsTopModel: 0
ResetActiveHigh: 1
IsCombinational: 2
IsDatapathOnly: 0
HasWiredReturn: 1
HasMFsm: 0
HasVarLatency: 1
IsPipeline: 0
IsRtlPipelined: 0
IsInstanceOverlapped: 0
IsDontTouch: 0
HasImplIP: 0
IsGatedGlobalClock: 0


============================================================
+ Verbose Summary: Schedule
============================================================
* Number of FSM states : 10
* Pipeline : 0
* Dataflow Pipeline: 0

* FSM state transitions: 
1 --> 2 
2 --> 3 
3 --> 6 4 
4 --> 5 3 
5 --> 4 
6 --> 7 
7 --> 8 
8 --> 9 
9 --> 10 
10 --> 

* FSM state operations: 

State 1 <SV = 0> <Delay = 2.16>
ST_1 : Operation 11 [1/1] (0.00ns)   --->   "%i = alloca i32 1" [top.cpp:127]   --->   Operation 11 'alloca' 'i' <Predicate = true> <Delay = 0.00>
ST_1 : Operation 12 [1/1] ( I:2.16ns O:2.16ns )   --->   "%A_out1_read = read i64 @_ssdm_op_Read.ap_fifo.i64P0A, i64 %A_out1"   --->   Operation 12 'read' 'A_out1_read' <Predicate = true> <Delay = 2.16> <CoreInst = "FIFO_SRL">   --->   Core 80 'FIFO_SRL' <Latency = 0> <II = 1> <Delay = 2.16> <Storage> <Opcode : 'read' 'write' 'nbread' 'nbwrite'> <Ports = 0> <Width = 64> <Depth = 4> <FIFO>
ST_1 : Operation 13 [1/1] (0.00ns)   --->   "%trunc_ln = partselect i62 @_ssdm_op_PartSelect.i62.i64.i32.i32, i64 %A_out1_read, i32 2, i32 63" [top.cpp:127]   --->   Operation 13 'partselect' 'trunc_ln' <Predicate = true> <Delay = 0.00>
ST_1 : Operation 14 [1/1] (0.00ns)   --->   "%sext_ln127 = sext i62 %trunc_ln" [top.cpp:127]   --->   Operation 14 'sext' 'sext_ln127' <Predicate = true> <Delay = 0.00>
ST_1 : Operation 15 [1/1] (0.00ns)   --->   "%A_out_addr = getelementptr i32 %A_out, i64 %sext_ln127" [top.cpp:127]   --->   Operation 15 'getelementptr' 'A_out_addr' <Predicate = true> <Delay = 0.00>
ST_1 : Operation 16 [1/1] (0.48ns)   --->   "%store_ln127 = store i9 0, i9 %i" [top.cpp:127]   --->   Operation 16 'store' 'store_ln127' <Predicate = true> <Delay = 0.48>

State 2 <SV = 1> <Delay = 7.30>
ST_2 : Operation 17 [1/1] (0.00ns)   --->   "%specinterface_ln0 = specinterface void @_ssdm_op_SpecInterface, i64 %A_out1, void @ap_fifo_str, i32 0, i32 0, void @p_str, i32 0, i32 0, void @p_str, void @p_str, void @p_str, i32 2, i32 2, i32 16, i32 16, void @p_str, void @ScalarProp_str, i32 4294967295, i32 0, i32 0"   --->   Operation 17 'specinterface' 'specinterface_ln0' <Predicate = true> <Delay = 0.00>
ST_2 : Operation 18 [1/1] (0.00ns)   --->   "%specinterface_ln0 = specinterface void @_ssdm_op_SpecInterface, i24 %grid_final, void @empty_0, i32 0, i32 0, void @empty_15, i32 0, i32 0, void @empty_15, void @empty_15, void @empty_15, i32 0, i32 0, i32 0, i32 0, void @empty_15, void @empty_15, i32 4294967295, i32 0, i32 0"   --->   Operation 18 'specinterface' 'specinterface_ln0' <Predicate = true> <Delay = 0.00>
ST_2 : Operation 19 [1/1] (0.00ns)   --->   "%specinterface_ln0 = specinterface void @_ssdm_op_SpecInterface, i32 %A_out, void @empty_14, i32 0, i32 0, void @empty_15, i32 0, i32 0, void @empty_3, void @empty_13, void @empty_15, i32 16, i32 16, i32 16, i32 16, void @empty_15, void @empty_15, i32 4294967295, i32 0, i32 0"   --->   Operation 19 'specinterface' 'specinterface_ln0' <Predicate = true> <Delay = 0.00>
ST_2 : Operation 20 [1/1] (7.30ns)   --->   "%empty = writereq i1 @_ssdm_op_WriteReq.m_axi.p1i32, i32 %A_out_addr, i64 65536" [top.cpp:127]   --->   Operation 20 'writereq' 'empty' <Predicate = true> <Delay = 7.30> <CoreInst = "m_axi">   --->   Core 119 'm_axi' <Latency = 9> <II = 1> <Delay = 1.00> <Adapter> <Opcode : 'read' 'write' 'readreq' 'writereq' 'writeresp'>
ST_2 : Operation 21 [1/1] (0.00ns)   --->   "%br_ln127 = br void %VITIS_LOOP_128_2" [top.cpp:127]   --->   Operation 21 'br' 'br_ln127' <Predicate = true> <Delay = 0.00>

State 3 <SV = 2> <Delay = 1.40>
ST_3 : Operation 22 [1/1] (0.00ns)   --->   "%i_1 = load i9 %i" [top.cpp:127]   --->   Operation 22 'load' 'i_1' <Predicate = true> <Delay = 0.00>
ST_3 : Operation 23 [1/1] (0.92ns)   --->   "%icmp_ln127 = icmp_eq  i9 %i_1, i9 256" [top.cpp:127]   --->   Operation 23 'icmp' 'icmp_ln127' <Predicate = true> <Delay = 0.92> <CoreInst = "Cmp">   --->   Core 9 'Cmp' <Latency = 0> <II = 1> <Delay = 0.92> <FuncUnit> <Opcode : 'seteq' 'setne' 'setle' 'setge' 'setlt' 'setgt'> <InPorts = 2> <OutPorts = 1>
ST_3 : Operation 24 [1/1] (0.92ns)   --->   "%add_ln127 = add i9 %i_1, i9 1" [top.cpp:127]   --->   Operation 24 'add' 'add_ln127' <Predicate = true> <Delay = 0.92> <CoreInst = "Adder">   --->   Core 1 'Adder' <Latency = 0> <II = 1> <Delay = 0.92> <FuncUnit> <Opcode : 'add' 'sub'> <InPorts = 2> <OutPorts = 1>
ST_3 : Operation 25 [1/1] (0.00ns)   --->   "%br_ln127 = br i1 %icmp_ln127, void %VITIS_LOOP_128_2.split, void %for.end13" [top.cpp:127]   --->   Operation 25 'br' 'br_ln127' <Predicate = true> <Delay = 0.00>
ST_3 : Operation 26 [1/1] (0.00ns)   --->   "%speclooptripcount_ln127 = speclooptripcount void @_ssdm_op_SpecLoopTripCount, i64 256, i64 256, i64 256" [top.cpp:127]   --->   Operation 26 'speclooptripcount' 'speclooptripcount_ln127' <Predicate = (!icmp_ln127)> <Delay = 0.00>
ST_3 : Operation 27 [1/1] (0.00ns)   --->   "%specloopname_ln127 = specloopname void @_ssdm_op_SpecLoopName, void @empty_7" [top.cpp:127]   --->   Operation 27 'specloopname' 'specloopname_ln127' <Predicate = (!icmp_ln127)> <Delay = 0.00>
ST_3 : Operation 28 [1/1] (0.48ns)   --->   "%br_ln128 = br void %for.inc" [top.cpp:128]   --->   Operation 28 'br' 'br_ln128' <Predicate = (!icmp_ln127)> <Delay = 0.48>

State 4 <SV = 3> <Delay = 3.08>
ST_4 : Operation 29 [1/1] (0.00ns)   --->   "%j = phi i9 0, void %VITIS_LOOP_128_2.split, i9 %add_ln128, void %for.inc.split" [top.cpp:128]   --->   Operation 29 'phi' 'j' <Predicate = true> <Delay = 0.00>
ST_4 : Operation 30 [1/1] (0.92ns)   --->   "%icmp_ln128 = icmp_eq  i9 %j, i9 256" [top.cpp:128]   --->   Operation 30 'icmp' 'icmp_ln128' <Predicate = true> <Delay = 0.92> <CoreInst = "Cmp">   --->   Core 9 'Cmp' <Latency = 0> <II = 1> <Delay = 0.92> <FuncUnit> <Opcode : 'seteq' 'setne' 'setle' 'setge' 'setlt' 'setgt'> <InPorts = 2> <OutPorts = 1>
ST_4 : Operation 31 [1/1] (0.92ns)   --->   "%add_ln128 = add i9 %j, i9 1" [top.cpp:128]   --->   Operation 31 'add' 'add_ln128' <Predicate = true> <Delay = 0.92> <CoreInst = "Adder">   --->   Core 1 'Adder' <Latency = 0> <II = 1> <Delay = 0.92> <FuncUnit> <Opcode : 'add' 'sub'> <InPorts = 2> <OutPorts = 1>
ST_4 : Operation 32 [1/1] (0.00ns)   --->   "%br_ln128 = br i1 %icmp_ln128, void %for.inc.split, void %for.inc11" [top.cpp:128]   --->   Operation 32 'br' 'br_ln128' <Predicate = true> <Delay = 0.00>
ST_4 : Operation 33 [1/1] ( I:2.16ns O:2.16ns )   --->   "%grid_final_read = read i24 @_ssdm_op_Read.ap_fifo.volatile.i24P0A, i24 %grid_final" [top.cpp:130]   --->   Operation 33 'read' 'grid_final_read' <Predicate = (!icmp_ln128)> <Delay = 2.16> <CoreInst = "FIFO_SRL">   --->   Core 80 'FIFO_SRL' <Latency = 0> <II = 1> <Delay = 2.16> <Storage> <Opcode : 'read' 'write' 'nbread' 'nbwrite'> <Ports = 0> <Width = 24> <Depth = 2> <FIFO>
ST_4 : Operation 34 [1/1] (0.48ns)   --->   "%store_ln127 = store i9 %add_ln127, i9 %i" [top.cpp:127]   --->   Operation 34 'store' 'store_ln127' <Predicate = (icmp_ln128)> <Delay = 0.48>
ST_4 : Operation 35 [1/1] (0.00ns)   --->   "%br_ln127 = br void %VITIS_LOOP_128_2" [top.cpp:127]   --->   Operation 35 'br' 'br_ln127' <Predicate = (icmp_ln128)> <Delay = 0.00>

State 5 <SV = 4> <Delay = 7.30>
ST_5 : Operation 36 [1/1] (0.00ns)   --->   "%speclooptripcount_ln128 = speclooptripcount void @_ssdm_op_SpecLoopTripCount, i64 256, i64 256, i64 256" [top.cpp:128]   --->   Operation 36 'speclooptripcount' 'speclooptripcount_ln128' <Predicate = true> <Delay = 0.00>
ST_5 : Operation 37 [1/1] (0.00ns)   --->   "%specloopname_ln128 = specloopname void @_ssdm_op_SpecLoopName, void @empty_8" [top.cpp:128]   --->   Operation 37 'specloopname' 'specloopname_ln128' <Predicate = true> <Delay = 0.00>
ST_5 : Operation 38 [1/1] (0.00ns)   --->   "%zext_ln130 = zext i24 %grid_final_read" [top.cpp:130]   --->   Operation 38 'zext' 'zext_ln130' <Predicate = true> <Delay = 0.00>
ST_5 : Operation 39 [1/1] (7.30ns)   --->   "%write_ln130 = write void @_ssdm_op_Write.m_axi.p1i32, i32 %A_out_addr, i32 %zext_ln130, i4 15" [top.cpp:130]   --->   Operation 39 'write' 'write_ln130' <Predicate = true> <Delay = 7.30> <CoreInst = "m_axi">   --->   Core 119 'm_axi' <Latency = 5> <II = 1> <Delay = 1.00> <Adapter> <Opcode : 'read' 'write' 'readreq' 'writereq' 'writeresp'>
ST_5 : Operation 40 [1/1] (0.00ns)   --->   "%br_ln128 = br void %for.inc" [top.cpp:128]   --->   Operation 40 'br' 'br_ln128' <Predicate = true> <Delay = 0.00>

State 6 <SV = 3> <Delay = 7.30>
ST_6 : Operation 41 [5/5] (7.30ns)   --->   "%empty_30 = writeresp i1 @_ssdm_op_WriteResp.m_axi.p1i32, i32 %A_out_addr" [top.cpp:133]   --->   Operation 41 'writeresp' 'empty_30' <Predicate = true> <Delay = 7.30> <CoreInst = "m_axi">   --->   Core 119 'm_axi' <Latency = 3> <II = 1> <Delay = 1.00> <Adapter> <Opcode : 'read' 'write' 'readreq' 'writereq' 'writeresp'>

State 7 <SV = 4> <Delay = 7.30>
ST_7 : Operation 42 [4/5] (7.30ns)   --->   "%empty_30 = writeresp i1 @_ssdm_op_WriteResp.m_axi.p1i32, i32 %A_out_addr" [top.cpp:133]   --->   Operation 42 'writeresp' 'empty_30' <Predicate = true> <Delay = 7.30> <CoreInst = "m_axi">   --->   Core 119 'm_axi' <Latency = 3> <II = 1> <Delay = 1.00> <Adapter> <Opcode : 'read' 'write' 'readreq' 'writereq' 'writeresp'>

State 8 <SV = 5> <Delay = 7.30>
ST_8 : Operation 43 [3/5] (7.30ns)   --->   "%empty_30 = writeresp i1 @_ssdm_op_WriteResp.m_axi.p1i32, i32 %A_out_addr" [top.cpp:133]   --->   Operation 43 'writeresp' 'empty_30' <Predicate = true> <Delay = 7.30> <CoreInst = "m_axi">   --->   Core 119 'm_axi' <Latency = 3> <II = 1> <Delay = 1.00> <Adapter> <Opcode : 'read' 'write' 'readreq' 'writereq' 'writeresp'>

State 9 <SV = 6> <Delay = 7.30>
ST_9 : Operation 44 [2/5] (7.30ns)   --->   "%empty_30 = writeresp i1 @_ssdm_op_WriteResp.m_axi.p1i32, i32 %A_out_addr" [top.cpp:133]   --->   Operation 44 'writeresp' 'empty_30' <Predicate = true> <Delay = 7.30> <CoreInst = "m_axi">   --->   Core 119 'm_axi' <Latency = 3> <II = 1> <Delay = 1.00> <Adapter> <Opcode : 'read' 'write' 'readreq' 'writereq' 'writeresp'>

State 10 <SV = 7> <Delay = 7.30>
ST_10 : Operation 45 [1/5] (7.30ns)   --->   "%empty_30 = writeresp i1 @_ssdm_op_WriteResp.m_axi.p1i32, i32 %A_out_addr" [top.cpp:133]   --->   Operation 45 'writeresp' 'empty_30' <Predicate = true> <Delay = 7.30> <CoreInst = "m_axi">   --->   Core 119 'm_axi' <Latency = 3> <II = 1> <Delay = 1.00> <Adapter> <Opcode : 'read' 'write' 'readreq' 'writereq' 'writeresp'>
ST_10 : Operation 46 [1/1] (0.00ns)   --->   "%ret_ln133 = ret" [top.cpp:133]   --->   Operation 46 'ret' 'ret_ln133' <Predicate = true> <Delay = 0.00>


============================================================
+ Verbose Summary: Timing violations
============================================================
Target clock period: 10.000ns, clock uncertainty: 2.700ns.

 <State 1>: 2.167ns
The critical path consists of the following:
	fifo read operation ('A_out1_read') on port 'A_out1' [6]  (2.167 ns)

 <State 2>: 7.300ns
The critical path consists of the following:
	bus request operation ('empty', top.cpp:127) on port 'A_out' (top.cpp:127) [12]  (7.300 ns)

 <State 3>: 1.410ns
The critical path consists of the following:
	'load' operation 9 bit ('i', top.cpp:127) on local variable 'i', top.cpp:127 [16]  (0.000 ns)
	'icmp' operation 1 bit ('icmp_ln127', top.cpp:127) [17]  (0.921 ns)
	blocking operation 0.489 ns on control path)

 <State 4>: 3.088ns
The critical path consists of the following:
	'phi' operation 9 bit ('j', top.cpp:128) with incoming values : ('add_ln128', top.cpp:128) [25]  (0.000 ns)
	'icmp' operation 1 bit ('icmp_ln128', top.cpp:128) [26]  (0.921 ns)
	fifo read operation ('grid_final_read', top.cpp:130) on port 'grid_final' (top.cpp:130) [32]  (2.167 ns)

 <State 5>: 7.300ns
The critical path consists of the following:
	bus write operation ('write_ln130', top.cpp:130) on port 'A_out' (top.cpp:130) [34]  (7.300 ns)

 <State 6>: 7.300ns
The critical path consists of the following:
	bus response operation ('empty_30', top.cpp:133) on port 'A_out' (top.cpp:133) [40]  (7.300 ns)

 <State 7>: 7.300ns
The critical path consists of the following:
	bus response operation ('empty_30', top.cpp:133) on port 'A_out' (top.cpp:133) [40]  (7.300 ns)

 <State 8>: 7.300ns
The critical path consists of the following:
	bus response operation ('empty_30', top.cpp:133) on port 'A_out' (top.cpp:133) [40]  (7.300 ns)

 <State 9>: 7.300ns
The critical path consists of the following:
	bus response operation ('empty_30', top.cpp:133) on port 'A_out' (top.cpp:133) [40]  (7.300 ns)

 <State 10>: 7.300ns
The critical path consists of the following:
	bus response operation ('empty_30', top.cpp:133) on port 'A_out' (top.cpp:133) [40]  (7.300 ns)


============================================================
+ Verbose Summary: Binding
============================================================
N/A
* FSMD analyzer results:
  - Output states:
 - Input state : 
  - Chain level:
	State 1
	State 2
	State 3
	State 4
	State 5
	State 6
	State 7
	State 8
	State 9
	State 10


============================================================
+ Verbose Summary: Datapath Resource usage 
============================================================
N/A
