

================================================================
== Vitis HLS Report for 'write_output'
================================================================
* Date:           Thu Feb 19 22:36:34 2026

* Version:        2025.1.1 (Build 6214317 on Sep 11 2025)
* Project:        project_1
* Solution:       hls (Vivado IP Flow Target)
* Product family: zynquplus
* Target device:  xczu3eg-sbva484-1-e


================================================================
== Performance Estimates
================================================================
+ Timing: 
    * Summary: 
    +--------+----------+----------+------------+
    |  Clock |  Target  | Estimated| Uncertainty|
    +--------+----------+----------+------------+
    |ap_clk  |  10.00 ns|  7.300 ns|     2.70 ns|
    +--------+----------+----------+------------+

+ Latency: 
    * Summary: 
    +---------+---------+----------+----------+-------+-------+------------------------------------------------+
    |  Latency (cycles) |  Latency (absolute) |    Interval   |                    Pipeline                    |
    |   min   |   max   |    min   |    max   |  min  |  max  |                      Type                      |
    +---------+---------+----------+----------+-------+-------+------------------------------------------------+
    |    65545|    65545|  0.655 ms|  0.655 ms|  65536|  65536|  loop auto-rewind stp (delay=0 clock cycles(s))|
    +---------+---------+----------+----------+-------+-------+------------------------------------------------+

    + Detail: 
        * Instance: 
        N/A

        * Loop: 
        +-----------------------------------+---------+---------+----------+-----------+-----------+-------+----------+
        |                                   |  Latency (cycles) | Iteration|  Initiation Interval  |  Trip |          |
        |             Loop Name             |   min   |   max   |  Latency |  achieved |   target  | Count | Pipelined|
        +-----------------------------------+---------+---------+----------+-----------+-----------+-------+----------+
        |- VITIS_LOOP_89_1_VITIS_LOOP_90_2  |    65543|    65543|         9|          1|          1|  65536|       yes|
        +-----------------------------------+---------+---------+----------+-----------+-----------+-------+----------+

============================================================
+ Verbose Summary: Synthesis Manager
============================================================
InlineROM: 1
ExposeGlobal: 0
============================================================
+ Verbose Summary: CDFG Model
============================================================
IsTopModel: 0
ResetActiveHigh: 1
IsCombinational: 2
IsDatapathOnly: 0
HasWiredReturn: 1
HasMFsm: 2
HasVarLatency: 1
IsPipeline: 0
IsRtlPipelined: 0
IsInstanceOverlapped: 0
IsDontTouch: 0
HasImplIP: 0
IsGatedGlobalClock: 0

+ Individual pipeline summary: 
  * Pipeline-0: initiation interval (II) = 1, depth = 9


============================================================
+ Verbose Summary: Schedule
============================================================
* Number of FSM states : 9
* Pipeline : 1
  Pipeline-0 : II = 1, D = 9, States = { 1 2 3 4 5 6 7 8 9 }
* Dataflow Pipeline: 0

* FSM state transitions: 
1 --> 2 
2 --> 3 
3 --> 4 
4 --> 5 
5 --> 6 
6 --> 7 
7 --> 8 
8 --> 9 
9 --> 

* FSM state operations: 

State 1 <SV = 0> <Delay = 4.23>
ST_1 : Operation 12 [1/1] (0.00ns)   --->   "%indvar_flatten6 = alloca i32 1"   --->   Operation 12 'alloca' 'indvar_flatten6' <Predicate = true> <Delay = 0.00>
ST_1 : Operation 13 [1/1] (0.00ns)   --->   "%i7 = alloca i32 1"   --->   Operation 13 'alloca' 'i7' <Predicate = true> <Delay = 0.00>
ST_1 : Operation 14 [1/1] (0.00ns)   --->   "%j8 = alloca i32 1"   --->   Operation 14 'alloca' 'j8' <Predicate = true> <Delay = 0.00>
ST_1 : Operation 15 [1/1] (0.00ns)   --->   "%sext_ln8910 = alloca i32 1"   --->   Operation 15 'alloca' 'sext_ln8910' <Predicate = true> <Delay = 0.00>
ST_1 : Operation 16 [1/1] (0.00ns)   --->   "%specinterface_ln0 = specinterface void @_ssdm_op_SpecInterface, i64 %A_out1, void @ap_fifo_str, i32 0, i32 0, void @p_str, i32 0, i32 0, void @p_str, void @p_str, void @p_str, i32 2, i32 2, i32 16, i32 16, void @p_str, void @ScalarProp_str, i32 4294967295, i32 0, i32 0"   --->   Operation 16 'specinterface' 'specinterface_ln0' <Predicate = true> <Delay = 0.00>
ST_1 : Operation 17 [1/1] (0.00ns)   --->   "%specinterface_ln0 = specinterface void @_ssdm_op_SpecInterface, i32 %A_out, void @empty_14, i32 0, i32 0, void @empty_13, i32 0, i32 0, void @empty_0, void @empty_1, void @empty_13, i32 16, i32 16, i32 16, i32 16, void @empty_13, void @empty_13, i32 4294967295, i32 0, i32 0"   --->   Operation 17 'specinterface' 'specinterface_ln0' <Predicate = true> <Delay = 0.00>
ST_1 : Operation 18 [1/1] (0.48ns)   --->   "%store_ln0 = store i9 0, i9 %j8"   --->   Operation 18 'store' 'store_ln0' <Predicate = true> <Delay = 0.48>
ST_1 : Operation 19 [1/1] (0.48ns)   --->   "%store_ln0 = store i9 0, i9 %i7"   --->   Operation 19 'store' 'store_ln0' <Predicate = true> <Delay = 0.48>
ST_1 : Operation 20 [1/1] (0.48ns)   --->   "%store_ln0 = store i16 0, i16 %indvar_flatten6"   --->   Operation 20 'store' 'store_ln0' <Predicate = true> <Delay = 0.48>
ST_1 : Operation 21 [1/1] (0.48ns)   --->   "%br_ln0 = br void %new.header"   --->   Operation 21 'br' 'br_ln0' <Predicate = true> <Delay = 0.48>
ST_1 : Operation 22 [1/1] (0.00ns)   --->   "%first_iter_0 = phi i1 1, void %entry, i1 0, void %new.latch.for.inc11.split"   --->   Operation 22 'phi' 'first_iter_0' <Predicate = true> <Delay = 0.00>
ST_1 : Operation 23 [1/1] (0.00ns)   --->   "%icmp_ln909 = phi i1 0, void %entry, i1 %icmp_ln90, void %new.latch.for.inc11.split" [top.cpp:90]   --->   Operation 23 'phi' 'icmp_ln909' <Predicate = true> <Delay = 0.00>
ST_1 : Operation 24 [1/1] (0.00ns)   --->   "%br_ln0 = br i1 %first_iter_0, void %for.inc11, void %for.first.iter.for.inc11"   --->   Operation 24 'br' 'br_ln0' <Predicate = true> <Delay = 0.00>
ST_1 : Operation 25 [1/1] (0.00ns)   --->   "%indvar_flatten6_load = load i16 %indvar_flatten6" [top.cpp:89]   --->   Operation 25 'load' 'indvar_flatten6_load' <Predicate = true> <Delay = 0.00>
ST_1 : Operation 26 [1/1] (0.00ns)   --->   "%i7_load = load i9 %i7" [top.cpp:89]   --->   Operation 26 'load' 'i7_load' <Predicate = true> <Delay = 0.00>
ST_1 : Operation 27 [1/1] (0.00ns)   --->   "%j8_load = load i9 %j8" [top.cpp:89]   --->   Operation 27 'load' 'j8_load' <Predicate = true> <Delay = 0.00>
ST_1 : Operation 28 [1/1] (0.92ns)   --->   "%add_ln89 = add i9 %i7_load, i9 1" [top.cpp:89]   --->   Operation 28 'add' 'add_ln89' <Predicate = true> <Delay = 0.92> <CoreInst = "Adder">   --->   Core 1 'Adder' <Latency = 0> <II = 1> <Delay = 0.92> <FuncUnit> <Opcode : 'add' 'sub'> <InPorts = 2> <OutPorts = 1>
ST_1 : Operation 29 [1/1] (0.45ns)   --->   "%select_ln89 = select i1 %icmp_ln909, i9 0, i9 %j8_load" [top.cpp:89]   --->   Operation 29 'select' 'select_ln89' <Predicate = true> <Delay = 0.45> <CoreInst = "Sel">   --->   Core 73 'Sel' <Latency = 0> <II = 1> <Delay = 0.45> <FuncUnit> <Opcode : 'select'> <InPorts = 3> <OutPorts = 1>
ST_1 : Operation 30 [1/1] (0.45ns)   --->   "%i = select i1 %icmp_ln909, i9 %add_ln89, i9 %i7_load" [top.cpp:89]   --->   Operation 30 'select' 'i' <Predicate = true> <Delay = 0.45> <CoreInst = "Sel">   --->   Core 73 'Sel' <Latency = 0> <II = 1> <Delay = 0.45> <FuncUnit> <Opcode : 'select'> <InPorts = 3> <OutPorts = 1>
ST_1 : Operation 31 [1/1] (0.00ns)   --->   "%trunc_ln92 = trunc i9 %i" [top.cpp:92]   --->   Operation 31 'trunc' 'trunc_ln92' <Predicate = true> <Delay = 0.00>
ST_1 : Operation 32 [1/1] (0.00ns)   --->   "%tmp = bitconcatenate i16 @_ssdm_op_BitConcatenate.i16.i8.i8, i8 %trunc_ln92, i8 0" [top.cpp:92]   --->   Operation 32 'bitconcatenate' 'tmp' <Predicate = true> <Delay = 0.00>
ST_1 : Operation 33 [1/1] (0.00ns)   --->   "%zext_ln92_1 = zext i9 %select_ln89" [top.cpp:92]   --->   Operation 33 'zext' 'zext_ln92_1' <Predicate = true> <Delay = 0.00>
ST_1 : Operation 34 [1/1] (1.01ns)   --->   "%add_ln92 = add i16 %tmp, i16 %zext_ln92_1" [top.cpp:92]   --->   Operation 34 'add' 'add_ln92' <Predicate = true> <Delay = 1.01> <CoreInst = "Adder">   --->   Core 1 'Adder' <Latency = 0> <II = 1> <Delay = 1.01> <FuncUnit> <Opcode : 'add' 'sub'> <InPorts = 2> <OutPorts = 1>
ST_1 : Operation 35 [1/1] (0.00ns)   --->   "%zext_ln92_2 = zext i16 %add_ln92" [top.cpp:92]   --->   Operation 35 'zext' 'zext_ln92_2' <Predicate = true> <Delay = 0.00>
ST_1 : Operation 36 [1/1] (0.00ns)   --->   "%stream_in_addr = getelementptr i24 %stream_in, i64 0, i64 %zext_ln92_2" [top.cpp:92]   --->   Operation 36 'getelementptr' 'stream_in_addr' <Predicate = true> <Delay = 0.00>
ST_1 : Operation 37 [2/2] (1.35ns)   --->   "%stream_in_load = load i16 %stream_in_addr" [top.cpp:92]   --->   Operation 37 'load' 'stream_in_load' <Predicate = true> <Delay = 1.35> <CoreInst = "RAM">   --->   Core 82 'RAM' <Latency = 1> <II = 1> <Delay = 1.35> <Storage> <Opcode : 'load' 'store'> <Ports = 2> <Width = 24> <Depth = 65536> <RAM>
ST_1 : Operation 38 [1/1] (0.92ns)   --->   "%j = add i9 %select_ln89, i9 1" [top.cpp:90]   --->   Operation 38 'add' 'j' <Predicate = true> <Delay = 0.92> <CoreInst = "Adder">   --->   Core 1 'Adder' <Latency = 0> <II = 1> <Delay = 0.92> <FuncUnit> <Opcode : 'add' 'sub'> <InPorts = 2> <OutPorts = 1>
ST_1 : Operation 39 [1/1] (1.01ns)   --->   "%add_ln89_1 = add i16 %indvar_flatten6_load, i16 1" [top.cpp:89]   --->   Operation 39 'add' 'add_ln89_1' <Predicate = true> <Delay = 1.01> <CoreInst = "Adder">   --->   Core 1 'Adder' <Latency = 0> <II = 1> <Delay = 1.01> <FuncUnit> <Opcode : 'add' 'sub'> <InPorts = 2> <OutPorts = 1>
ST_1 : Operation 40 [1/1] (0.92ns)   --->   "%icmp_ln90 = icmp_eq  i9 %j, i9 256" [top.cpp:90]   --->   Operation 40 'icmp' 'icmp_ln90' <Predicate = true> <Delay = 0.92> <CoreInst = "Cmp">   --->   Core 9 'Cmp' <Latency = 0> <II = 1> <Delay = 0.92> <FuncUnit> <Opcode : 'seteq' 'setne' 'setle' 'setge' 'setlt' 'setgt'> <InPorts = 2> <OutPorts = 1>
ST_1 : Operation 41 [1/1] (1.01ns)   --->   "%icmp_ln89 = icmp_eq  i16 %indvar_flatten6_load, i16 65535" [top.cpp:89]   --->   Operation 41 'icmp' 'icmp_ln89' <Predicate = true> <Delay = 1.01> <CoreInst = "Cmp">   --->   Core 9 'Cmp' <Latency = 0> <II = 1> <Delay = 1.01> <FuncUnit> <Opcode : 'seteq' 'setne' 'setle' 'setge' 'setlt' 'setgt'> <InPorts = 2> <OutPorts = 1>
ST_1 : Operation 42 [1/1] (0.00ns)   --->   "%br_ln89 = br i1 %icmp_ln89, void %new.latch.for.inc11.split, void %last.iter.for.inc11.split" [top.cpp:89]   --->   Operation 42 'br' 'br_ln89' <Predicate = true> <Delay = 0.00>
ST_1 : Operation 43 [1/1] (0.48ns)   --->   "%store_ln90 = store i9 %j, i9 %j8" [top.cpp:90]   --->   Operation 43 'store' 'store_ln90' <Predicate = true> <Delay = 0.48>
ST_1 : Operation 44 [1/1] (0.48ns)   --->   "%store_ln89 = store i9 %i, i9 %i7" [top.cpp:89]   --->   Operation 44 'store' 'store_ln89' <Predicate = true> <Delay = 0.48>
ST_1 : Operation 45 [1/1] (0.48ns)   --->   "%store_ln89 = store i16 %add_ln89_1, i16 %indvar_flatten6" [top.cpp:89]   --->   Operation 45 'store' 'store_ln89' <Predicate = true> <Delay = 0.48>
ST_1 : Operation 46 [1/1] (0.00ns)   --->   "%br_ln89 = br i1 %icmp_ln89, void %new.header, void %for.end13" [top.cpp:89]   --->   Operation 46 'br' 'br_ln89' <Predicate = true> <Delay = 0.00>

State 2 <SV = 1> <Delay = 2.16>
ST_2 : Operation 47 [1/1] ( I:2.16ns O:2.16ns )   --->   "%A_out1_read = read i64 @_ssdm_op_Read.ap_fifo.i64P0A, i64 %A_out1"   --->   Operation 47 'read' 'A_out1_read' <Predicate = (first_iter_0)> <Delay = 2.16> <CoreInst = "FIFO_SRL">   --->   Core 80 'FIFO_SRL' <Latency = 0> <II = 1> <Delay = 2.16> <Storage> <Opcode : 'read' 'write' 'nbread' 'nbwrite'> <Ports = 0> <Width = 64> <Depth = 4> <FIFO>
ST_2 : Operation 48 [1/1] (0.00ns)   --->   "%trunc_ln = partselect i62 @_ssdm_op_PartSelect.i62.i64.i32.i32, i64 %A_out1_read, i32 2, i32 63" [top.cpp:89]   --->   Operation 48 'partselect' 'trunc_ln' <Predicate = (first_iter_0)> <Delay = 0.00>
ST_2 : Operation 49 [1/2] ( I:1.35ns O:1.35ns )   --->   "%stream_in_load = load i16 %stream_in_addr" [top.cpp:92]   --->   Operation 49 'load' 'stream_in_load' <Predicate = true> <Delay = 1.35> <CoreInst = "RAM">   --->   Core 82 'RAM' <Latency = 1> <II = 1> <Delay = 1.35> <Storage> <Opcode : 'load' 'store'> <Ports = 2> <Width = 24> <Depth = 65536> <RAM>

State 3 <SV = 2> <Delay = 7.30>
ST_3 : Operation 50 [1/1] (0.00ns)   --->   "%sext_ln89 = sext i62 %trunc_ln" [top.cpp:89]   --->   Operation 50 'sext' 'sext_ln89' <Predicate = (first_iter_0)> <Delay = 0.00>
ST_3 : Operation 51 [1/1] (0.00ns)   --->   "%A_out_addr = getelementptr i32 %A_out, i64 %sext_ln89" [top.cpp:89]   --->   Operation 51 'getelementptr' 'A_out_addr' <Predicate = (first_iter_0)> <Delay = 0.00>
ST_3 : Operation 52 [1/1] (7.30ns)   --->   "%empty = writereq i1 @_ssdm_op_WriteReq.m_axi.p1i32, i32 %A_out_addr, i64 65536" [top.cpp:89]   --->   Operation 52 'writereq' 'empty' <Predicate = (first_iter_0)> <Delay = 7.30> <CoreInst = "m_axi">   --->   Core 119 'm_axi' <Latency = 9> <II = 1> <Delay = 1.00> <Adapter> <Opcode : 'read' 'write' 'readreq' 'writereq' 'writeresp'>
ST_3 : Operation 53 [1/1] (0.00ns)   --->   "%store_ln89 = store i64 %sext_ln89, i64 %sext_ln8910" [top.cpp:89]   --->   Operation 53 'store' 'store_ln89' <Predicate = (first_iter_0)> <Delay = 0.00>
ST_3 : Operation 54 [1/1] (0.00ns)   --->   "%br_ln0 = br void %for.inc11"   --->   Operation 54 'br' 'br_ln0' <Predicate = (first_iter_0)> <Delay = 0.00>

State 4 <SV = 3> <Delay = 7.30>
ST_4 : Operation 55 [1/1] (0.00ns)   --->   "%sext_ln8910_load = load i64 %sext_ln8910" [top.cpp:89]   --->   Operation 55 'load' 'sext_ln8910_load' <Predicate = true> <Delay = 0.00>
ST_4 : Operation 56 [1/1] (0.00ns)   --->   "%specloopname_ln0 = specloopname void @_ssdm_op_SpecLoopName, void @VITIS_LOOP_89_1_VITIS_LOOP_90_2_str"   --->   Operation 56 'specloopname' 'specloopname_ln0' <Predicate = true> <Delay = 0.00>
ST_4 : Operation 57 [1/1] (0.00ns)   --->   "%speclooptripcount_ln0 = speclooptripcount void @_ssdm_op_SpecLoopTripCount, i64 65536, i64 65536, i64 65536"   --->   Operation 57 'speclooptripcount' 'speclooptripcount_ln0' <Predicate = true> <Delay = 0.00>
ST_4 : Operation 58 [1/1] (0.00ns)   --->   "%specpipeline_ln91 = specpipeline void @_ssdm_op_SpecPipeline, i32 1, i32 0, i32 0, i32 0, void @empty_13" [top.cpp:91]   --->   Operation 58 'specpipeline' 'specpipeline_ln91' <Predicate = true> <Delay = 0.00>
ST_4 : Operation 59 [1/1] (0.00ns)   --->   "%zext_ln92 = zext i24 %stream_in_load" [top.cpp:92]   --->   Operation 59 'zext' 'zext_ln92' <Predicate = true> <Delay = 0.00>
ST_4 : Operation 60 [1/1] (0.00ns)   --->   "%A_out_addr_1 = getelementptr i32 %A_out, i64 %sext_ln8910_load" [top.cpp:89]   --->   Operation 60 'getelementptr' 'A_out_addr_1' <Predicate = true> <Delay = 0.00>
ST_4 : Operation 61 [1/1] (7.30ns)   --->   "%write_ln92 = write void @_ssdm_op_Write.m_axi.p1i32, i32 %A_out_addr_1, i32 %zext_ln92, i4 15" [top.cpp:92]   --->   Operation 61 'write' 'write_ln92' <Predicate = true> <Delay = 7.30> <CoreInst = "m_axi">   --->   Core 119 'm_axi' <Latency = 5> <II = 1> <Delay = 1.00> <Adapter> <Opcode : 'read' 'write' 'readreq' 'writereq' 'writeresp'>

State 5 <SV = 4> <Delay = 7.30>
ST_5 : Operation 62 [5/5] (7.30ns)   --->   "%empty_30 = writeresp i1 @_ssdm_op_WriteResp.m_axi.p1i32, i32 %A_out_addr_1" [top.cpp:95]   --->   Operation 62 'writeresp' 'empty_30' <Predicate = (icmp_ln89)> <Delay = 7.30> <CoreInst = "m_axi">   --->   Core 119 'm_axi' <Latency = 3> <II = 1> <Delay = 1.00> <Adapter> <Opcode : 'read' 'write' 'readreq' 'writereq' 'writeresp'>

State 6 <SV = 5> <Delay = 7.30>
ST_6 : Operation 63 [4/5] (7.30ns)   --->   "%empty_30 = writeresp i1 @_ssdm_op_WriteResp.m_axi.p1i32, i32 %A_out_addr_1" [top.cpp:95]   --->   Operation 63 'writeresp' 'empty_30' <Predicate = (icmp_ln89)> <Delay = 7.30> <CoreInst = "m_axi">   --->   Core 119 'm_axi' <Latency = 3> <II = 1> <Delay = 1.00> <Adapter> <Opcode : 'read' 'write' 'readreq' 'writereq' 'writeresp'>

State 7 <SV = 6> <Delay = 7.30>
ST_7 : Operation 64 [3/5] (7.30ns)   --->   "%empty_30 = writeresp i1 @_ssdm_op_WriteResp.m_axi.p1i32, i32 %A_out_addr_1" [top.cpp:95]   --->   Operation 64 'writeresp' 'empty_30' <Predicate = (icmp_ln89)> <Delay = 7.30> <CoreInst = "m_axi">   --->   Core 119 'm_axi' <Latency = 3> <II = 1> <Delay = 1.00> <Adapter> <Opcode : 'read' 'write' 'readreq' 'writereq' 'writeresp'>

State 8 <SV = 7> <Delay = 7.30>
ST_8 : Operation 65 [2/5] (7.30ns)   --->   "%empty_30 = writeresp i1 @_ssdm_op_WriteResp.m_axi.p1i32, i32 %A_out_addr_1" [top.cpp:95]   --->   Operation 65 'writeresp' 'empty_30' <Predicate = (icmp_ln89)> <Delay = 7.30> <CoreInst = "m_axi">   --->   Core 119 'm_axi' <Latency = 3> <II = 1> <Delay = 1.00> <Adapter> <Opcode : 'read' 'write' 'readreq' 'writereq' 'writeresp'>

State 9 <SV = 8> <Delay = 7.30>
ST_9 : Operation 66 [1/5] (7.30ns)   --->   "%empty_30 = writeresp i1 @_ssdm_op_WriteResp.m_axi.p1i32, i32 %A_out_addr_1" [top.cpp:95]   --->   Operation 66 'writeresp' 'empty_30' <Predicate = (icmp_ln89)> <Delay = 7.30> <CoreInst = "m_axi">   --->   Core 119 'm_axi' <Latency = 3> <II = 1> <Delay = 1.00> <Adapter> <Opcode : 'read' 'write' 'readreq' 'writereq' 'writeresp'>
ST_9 : Operation 67 [1/1] (0.00ns)   --->   "%br_ln0 = br void %new.latch.for.inc11.split"   --->   Operation 67 'br' 'br_ln0' <Predicate = (icmp_ln89)> <Delay = 0.00>
ST_9 : Operation 68 [1/1] (0.48ns)   --->   "%ret_ln95 = ret" [top.cpp:95]   --->   Operation 68 'ret' 'ret_ln95' <Predicate = (icmp_ln89)> <Delay = 0.48>


============================================================
+ Verbose Summary: Binding
============================================================
STG Binding: 
---------------- STG Properties BEGIN ----------------
- Is combinational: 0
- Is one-state seq: 0
- Is datapath-only: 0
- Is pipelined: 0
- Is top level: 0
Port [ Return ] is wired: 1; IO mode=ap_ctrl_hs:ce=0
Port [ stream_in]:  wired=1; compound=1; hidden=0; nouse=0; global=0; static=0; extern=0; dir=0; type=1; pingpong=1; private_global=0; MemPort=[13]; IO mode=ap_memory:ce=0
Port [ A_out]:  wired=1; compound=1; hidden=0; nouse=0; global=0; static=0; extern=0; dir=1; type=4; pingpong=0; private_global=0; IO mode=m_axi:ce=0
Port [ A_out1]:  wired=1; compound=1; hidden=0; nouse=0; global=0; static=0; extern=0; dir=0; type=3; pingpong=0; private_global=0; IO mode=ap_fifo:ce=0
---------------- STG Properties END ------------------

---------------- Datapath Model BEGIN ----------------

<LifeTime>
<method=bitvector/>
indvar_flatten6       (alloca           ) [ 0100000000]
i7                    (alloca           ) [ 0100000000]
j8                    (alloca           ) [ 0100000000]
sext_ln8910           (alloca           ) [ 0111100000]
specinterface_ln0     (specinterface    ) [ 0000000000]
specinterface_ln0     (specinterface    ) [ 0000000000]
store_ln0             (store            ) [ 0000000000]
store_ln0             (store            ) [ 0000000000]
store_ln0             (store            ) [ 0000000000]
br_ln0                (br               ) [ 0000000000]
first_iter_0          (phi              ) [ 0111000000]
icmp_ln909            (phi              ) [ 0100000000]
br_ln0                (br               ) [ 0000000000]
indvar_flatten6_load  (load             ) [ 0000000000]
i7_load               (load             ) [ 0000000000]
j8_load               (load             ) [ 0000000000]
add_ln89              (add              ) [ 0000000000]
select_ln89           (select           ) [ 0000000000]
i                     (select           ) [ 0000000000]
trunc_ln92            (trunc            ) [ 0000000000]
tmp                   (bitconcatenate   ) [ 0000000000]
zext_ln92_1           (zext             ) [ 0000000000]
add_ln92              (add              ) [ 0000000000]
zext_ln92_2           (zext             ) [ 0000000000]
stream_in_addr        (getelementptr    ) [ 0110000000]
j                     (add              ) [ 0000000000]
add_ln89_1            (add              ) [ 0000000000]
icmp_ln90             (icmp             ) [ 0100000000]
icmp_ln89             (icmp             ) [ 0111111111]
br_ln89               (br               ) [ 0000000000]
store_ln90            (store            ) [ 0000000000]
store_ln89            (store            ) [ 0000000000]
store_ln89            (store            ) [ 0000000000]
br_ln89               (br               ) [ 0100000000]
A_out1_read           (read             ) [ 0000000000]
trunc_ln              (partselect       ) [ 0101000000]
stream_in_load        (load             ) [ 0101100000]
sext_ln89             (sext             ) [ 0000000000]
A_out_addr            (getelementptr    ) [ 0000000000]
empty                 (writereq         ) [ 0000000000]
store_ln89            (store            ) [ 0000000000]
br_ln0                (br               ) [ 0000000000]
sext_ln8910_load      (load             ) [ 0000000000]
specloopname_ln0      (specloopname     ) [ 0000000000]
speclooptripcount_ln0 (speclooptripcount) [ 0000000000]
specpipeline_ln91     (specpipeline     ) [ 0000000000]
zext_ln92             (zext             ) [ 0000000000]
A_out_addr_1          (getelementptr    ) [ 0100011111]
write_ln92            (write            ) [ 0000000000]
empty_30              (writeresp        ) [ 0000000000]
br_ln0                (br               ) [ 0000000000]
ret_ln95              (ret              ) [ 0000000000]
</LifeTime>

<model>

<comp_list>
<comp id="0" class="1000" name="stream_in">
<pin_list>
<pin id="1" dir="1" index="0" bw="1" slack="0"/>
</pin_list>
<bind>
<StgValue><ssdm name="stream_in"/><MemPortTyVec>1 3 </MemPortTyVec>
</StgValue>
</bind>
</comp>

<comp id="2" class="1000" name="A_out">
<pin_list>
<pin id="3" dir="1" index="0" bw="1" slack="0"/>
</pin_list>
<bind>
<StgValue><ssdm name="A_out"/><MemPortTyVec>1 </MemPortTyVec>
</StgValue>
</bind>
</comp>

<comp id="4" class="1000" name="A_out1">
<pin_list>
<pin id="5" dir="1" index="0" bw="1" slack="0"/>
</pin_list>
<bind>
<StgValue><ssdm name="A_out1"/></StgValue>
</bind>
</comp>

<comp id="6" class="1001" name="const_6">
<pin_list>
<pin id="7" dir="1" index="0" bw="1" slack="0"/>
</pin_list>
<bind>
<StgValue><ssdm name=""/></StgValue>
</bind>
</comp>

<comp id="8" class="1001" name="const_8">
<pin_list>
<pin id="9" dir="1" index="0" bw="1" slack="2147483647"/>
</pin_list>
<bind>
<StgValue><ssdm name="_ssdm_op_SpecInterface"/></StgValue>
</bind>
</comp>

<comp id="10" class="1001" name="const_10">
<pin_list>
<pin id="11" dir="1" index="0" bw="1" slack="2147483647"/>
</pin_list>
<bind>
<StgValue><ssdm name="ap_fifo_str"/></StgValue>
</bind>
</comp>

<comp id="12" class="1001" name="const_12">
<pin_list>
<pin id="13" dir="1" index="0" bw="1" slack="2147483647"/>
</pin_list>
<bind>
<StgValue><ssdm name=""/></StgValue>
</bind>
</comp>

<comp id="14" class="1001" name="const_14">
<pin_list>
<pin id="15" dir="1" index="0" bw="1" slack="2147483647"/>
</pin_list>
<bind>
<StgValue><ssdm name="p_str"/></StgValue>
</bind>
</comp>

<comp id="16" class="1001" name="const_16">
<pin_list>
<pin id="17" dir="1" index="0" bw="1" slack="0"/>
</pin_list>
<bind>
<StgValue><ssdm name=""/></StgValue>
</bind>
</comp>

<comp id="18" class="1001" name="const_18">
<pin_list>
<pin id="19" dir="1" index="0" bw="1" slack="2147483647"/>
</pin_list>
<bind>
<StgValue><ssdm name=""/></StgValue>
</bind>
</comp>

<comp id="20" class="1001" name="const_20">
<pin_list>
<pin id="21" dir="1" index="0" bw="1" slack="2147483647"/>
</pin_list>
<bind>
<StgValue><ssdm name="ScalarProp_str"/></StgValue>
</bind>
</comp>

<comp id="22" class="1001" name="const_22">
<pin_list>
<pin id="23" dir="1" index="0" bw="1" slack="2147483647"/>
</pin_list>
<bind>
<StgValue><ssdm name=""/></StgValue>
</bind>
</comp>

<comp id="24" class="1001" name="const_24">
<pin_list>
<pin id="25" dir="1" index="0" bw="1" slack="2147483647"/>
</pin_list>
<bind>
<StgValue><ssdm name="empty_14"/></StgValue>
</bind>
</comp>

<comp id="26" class="1001" name="const_26">
<pin_list>
<pin id="27" dir="1" index="0" bw="1" slack="2147483647"/>
</pin_list>
<bind>
<StgValue><ssdm name="empty_13"/></StgValue>
</bind>
</comp>

<comp id="28" class="1001" name="const_28">
<pin_list>
<pin id="29" dir="1" index="0" bw="1" slack="2147483647"/>
</pin_list>
<bind>
<StgValue><ssdm name="empty_0"/></StgValue>
</bind>
</comp>

<comp id="30" class="1001" name="const_30">
<pin_list>
<pin id="31" dir="1" index="0" bw="1" slack="2147483647"/>
</pin_list>
<bind>
<StgValue><ssdm name="empty_1"/></StgValue>
</bind>
</comp>

<comp id="32" class="1001" name="const_32">
<pin_list>
<pin id="33" dir="1" index="0" bw="1" slack="0"/>
</pin_list>
<bind>
<StgValue><ssdm name=""/></StgValue>
</bind>
</comp>

<comp id="34" class="1001" name="const_34">
<pin_list>
<pin id="35" dir="1" index="0" bw="1" slack="0"/>
</pin_list>
<bind>
<StgValue><ssdm name=""/></StgValue>
</bind>
</comp>

<comp id="36" class="1001" name="const_36">
<pin_list>
<pin id="37" dir="1" index="0" bw="1" slack="0"/>
</pin_list>
<bind>
<StgValue><ssdm name=""/></StgValue>
</bind>
</comp>

<comp id="38" class="1001" name="const_38">
<pin_list>
<pin id="39" dir="1" index="0" bw="1" slack="0"/>
</pin_list>
<bind>
<StgValue><ssdm name=""/></StgValue>
</bind>
</comp>

<comp id="40" class="1001" name="const_40">
<pin_list>
<pin id="41" dir="1" index="0" bw="1" slack="0"/>
</pin_list>
<bind>
<StgValue><ssdm name=""/></StgValue>
</bind>
</comp>

<comp id="42" class="1001" name="const_42">
<pin_list>
<pin id="43" dir="1" index="0" bw="1" slack="0"/>
</pin_list>
<bind>
<StgValue><ssdm name="_ssdm_op_BitConcatenate.i16.i8.i8"/></StgValue>
</bind>
</comp>

<comp id="44" class="1001" name="const_44">
<pin_list>
<pin id="45" dir="1" index="0" bw="1" slack="0"/>
</pin_list>
<bind>
<StgValue><ssdm name=""/></StgValue>
</bind>
</comp>

<comp id="46" class="1001" name="const_46">
<pin_list>
<pin id="47" dir="1" index="0" bw="1" slack="0"/>
</pin_list>
<bind>
<StgValue><ssdm name=""/></StgValue>
</bind>
</comp>

<comp id="48" class="1001" name="const_48">
<pin_list>
<pin id="49" dir="1" index="0" bw="1" slack="0"/>
</pin_list>
<bind>
<StgValue><ssdm name=""/></StgValue>
</bind>
</comp>

<comp id="50" class="1001" name="const_50">
<pin_list>
<pin id="51" dir="1" index="0" bw="1" slack="0"/>
</pin_list>
<bind>
<StgValue><ssdm name=""/></StgValue>
</bind>
</comp>

<comp id="52" class="1001" name="const_52">
<pin_list>
<pin id="53" dir="1" index="0" bw="1" slack="0"/>
</pin_list>
<bind>
<StgValue><ssdm name=""/></StgValue>
</bind>
</comp>

<comp id="54" class="1001" name="const_54">
<pin_list>
<pin id="55" dir="1" index="0" bw="1" slack="0"/>
</pin_list>
<bind>
<StgValue><ssdm name="_ssdm_op_Read.ap_fifo.i64P0A"/></StgValue>
</bind>
</comp>

<comp id="56" class="1001" name="const_56">
<pin_list>
<pin id="57" dir="1" index="0" bw="1" slack="0"/>
</pin_list>
<bind>
<StgValue><ssdm name="_ssdm_op_PartSelect.i62.i64.i32.i32"/></StgValue>
</bind>
</comp>

<comp id="58" class="1001" name="const_58">
<pin_list>
<pin id="59" dir="1" index="0" bw="1" slack="0"/>
</pin_list>
<bind>
<StgValue><ssdm name=""/></StgValue>
</bind>
</comp>

<comp id="60" class="1001" name="const_60">
<pin_list>
<pin id="61" dir="1" index="0" bw="1" slack="0"/>
</pin_list>
<bind>
<StgValue><ssdm name="_ssdm_op_WriteReq.m_axi.p1i32"/></StgValue>
</bind>
</comp>

<comp id="62" class="1001" name="const_62">
<pin_list>
<pin id="63" dir="1" index="0" bw="1" slack="0"/>
</pin_list>
<bind>
<StgValue><ssdm name=""/></StgValue>
</bind>
</comp>

<comp id="64" class="1001" name="const_64">
<pin_list>
<pin id="65" dir="1" index="0" bw="1" slack="2147483647"/>
</pin_list>
<bind>
<StgValue><ssdm name="_ssdm_op_SpecLoopName"/></StgValue>
</bind>
</comp>

<comp id="66" class="1001" name="const_66">
<pin_list>
<pin id="67" dir="1" index="0" bw="1" slack="2147483647"/>
</pin_list>
<bind>
<StgValue><ssdm name="VITIS_LOOP_89_1_VITIS_LOOP_90_2_str"/></StgValue>
</bind>
</comp>

<comp id="68" class="1001" name="const_68">
<pin_list>
<pin id="69" dir="1" index="0" bw="1" slack="2147483647"/>
</pin_list>
<bind>
<StgValue><ssdm name="_ssdm_op_SpecLoopTripCount"/></StgValue>
</bind>
</comp>

<comp id="70" class="1001" name="const_70">
<pin_list>
<pin id="71" dir="1" index="0" bw="1" slack="2147483647"/>
</pin_list>
<bind>
<StgValue><ssdm name="_ssdm_op_SpecPipeline"/></StgValue>
</bind>
</comp>

<comp id="72" class="1001" name="const_72">
<pin_list>
<pin id="73" dir="1" index="0" bw="1" slack="0"/>
</pin_list>
<bind>
<StgValue><ssdm name="_ssdm_op_Write.m_axi.p1i32"/></StgValue>
</bind>
</comp>

<comp id="74" class="1001" name="const_74">
<pin_list>
<pin id="75" dir="1" index="0" bw="1" slack="0"/>
</pin_list>
<bind>
<StgValue><ssdm name=""/></StgValue>
</bind>
</comp>

<comp id="76" class="1001" name="const_76">
<pin_list>
<pin id="77" dir="1" index="0" bw="1" slack="0"/>
</pin_list>
<bind>
<StgValue><ssdm name="_ssdm_op_WriteResp.m_axi.p1i32"/></StgValue>
</bind>
</comp>

<comp id="78" class="1004" name="indvar_flatten6_fu_78">
<pin_list>
<pin id="79" dir="0" index="0" bw="1" slack="0"/>
<pin id="80" dir="1" index="1" bw="16" slack="0"/>
</pin_list>
<bind>
<opcode="alloca(26) " fcode="alloca"/>
<opset="indvar_flatten6/1 "/>
</bind>
</comp>

<comp id="82" class="1004" name="i7_fu_82">
<pin_list>
<pin id="83" dir="0" index="0" bw="1" slack="0"/>
<pin id="84" dir="1" index="1" bw="9" slack="0"/>
</pin_list>
<bind>
<opcode="alloca(26) " fcode="alloca"/>
<opset="i7/1 "/>
</bind>
</comp>

<comp id="86" class="1004" name="j8_fu_86">
<pin_list>
<pin id="87" dir="0" index="0" bw="1" slack="0"/>
<pin id="88" dir="1" index="1" bw="9" slack="0"/>
</pin_list>
<bind>
<opcode="alloca(26) " fcode="alloca"/>
<opset="j8/1 "/>
</bind>
</comp>

<comp id="90" class="1004" name="sext_ln8910_fu_90">
<pin_list>
<pin id="91" dir="0" index="0" bw="1" slack="0"/>
<pin id="92" dir="1" index="1" bw="64" slack="2"/>
</pin_list>
<bind>
<opcode="alloca(26) " fcode="alloca"/>
<opset="sext_ln8910/1 "/>
</bind>
</comp>

<comp id="94" class="1004" name="A_out1_read_read_fu_94">
<pin_list>
<pin id="95" dir="0" index="0" bw="64" slack="0"/>
<pin id="96" dir="0" index="1" bw="64" slack="0"/>
<pin id="97" dir="1" index="2" bw="64" slack="0"/>
</pin_list>
<bind>
<opcode="read(1150) " fcode="read"/>
<opset="A_out1_read/2 "/>
</bind>
</comp>

<comp id="100" class="1004" name="stream_in_addr_gep_fu_100">
<pin_list>
<pin id="101" dir="0" index="0" bw="24" slack="0"/>
<pin id="102" dir="0" index="1" bw="1" slack="0"/>
<pin id="103" dir="0" index="2" bw="16" slack="0"/>
<pin id="104" dir="1" index="3" bw="16" slack="0"/>
</pin_list>
<bind>
<opcode="getelementptr(29) " fcode="getelementptr"/>
<opset="stream_in_addr/1 "/>
</bind>
</comp>

<comp id="107" class="1004" name="grp_access_fu_107">
<pin_list>
<pin id="108" dir="0" index="0" bw="16" slack="0"/>
<pin id="109" dir="0" index="1" bw="24" slack="2147483647"/>
<pin id="110" dir="0" index="2" bw="0" slack="2147483647"/>
<pin id="111" dir="1" index="3" bw="24" slack="2"/>
</pin_list>
<bind>
<opcode="load(27) " fcode="load"/>
<opset="stream_in_load/1 "/>
</bind>
</comp>

<comp id="113" class="1004" name="empty_writereq_fu_113">
<pin_list>
<pin id="114" dir="0" index="0" bw="1" slack="0"/>
<pin id="115" dir="0" index="1" bw="32" slack="0"/>
<pin id="116" dir="0" index="2" bw="18" slack="0"/>
<pin id="117" dir="1" index="3" bw="1" slack="2147483647"/>
</pin_list>
<bind>
<opcode="writereq(1155) " fcode="writereq"/>
<opset="empty/3 "/>
</bind>
</comp>

<comp id="120" class="1004" name="write_ln92_write_fu_120">
<pin_list>
<pin id="121" dir="0" index="0" bw="0" slack="0"/>
<pin id="122" dir="0" index="1" bw="32" slack="0"/>
<pin id="123" dir="0" index="2" bw="24" slack="0"/>
<pin id="124" dir="0" index="3" bw="1" slack="0"/>
<pin id="125" dir="1" index="4" bw="0" slack="2147483647"/>
</pin_list>
<bind>
<opcode="write(1151) " fcode="write"/>
<opset="write_ln92/4 "/>
</bind>
</comp>

<comp id="128" class="1004" name="grp_writeresp_fu_128">
<pin_list>
<pin id="129" dir="0" index="0" bw="1" slack="0"/>
<pin id="130" dir="0" index="1" bw="32" slack="1"/>
<pin id="131" dir="1" index="2" bw="1" slack="2147483647"/>
</pin_list>
<bind>
<opcode="writeresp(1158) " fcode="writeresp"/>
<opset="empty_30/5 "/>
</bind>
</comp>

<comp id="133" class="1005" name="first_iter_0_reg_133">
<pin_list>
<pin id="134" dir="0" index="0" bw="1" slack="1"/>
<pin id="135" dir="1" index="1" bw="1" slack="2147483647"/>
</pin_list>
<bind>
<opset="first_iter_0 (phireg) "/>
</bind>
</comp>

<comp id="136" class="1004" name="first_iter_0_phi_fu_136">
<pin_list>
<pin id="137" dir="0" index="0" bw="1" slack="0"/>
<pin id="138" dir="0" index="1" bw="0" slack="2147483647"/>
<pin id="139" dir="0" index="2" bw="1" slack="0"/>
<pin id="140" dir="0" index="3" bw="0" slack="2147483647"/>
<pin id="141" dir="1" index="4" bw="1" slack="1"/>
</pin_list>
<bind>
<opcode="phi(47) " fcode="phi"/>
<opset="first_iter_0/1 "/>
</bind>
</comp>

<comp id="145" class="1005" name="icmp_ln909_reg_145">
<pin_list>
<pin id="146" dir="0" index="0" bw="1" slack="2147483647"/>
<pin id="147" dir="1" index="1" bw="1" slack="2147483647"/>
</pin_list>
<bind>
<opset="icmp_ln909 (phireg) "/>
</bind>
</comp>

<comp id="148" class="1004" name="icmp_ln909_phi_fu_148">
<pin_list>
<pin id="149" dir="0" index="0" bw="1" slack="0"/>
<pin id="150" dir="0" index="1" bw="0" slack="2147483647"/>
<pin id="151" dir="0" index="2" bw="1" slack="0"/>
<pin id="152" dir="0" index="3" bw="0" slack="2147483647"/>
<pin id="153" dir="1" index="4" bw="1" slack="0"/>
</pin_list>
<bind>
<opcode="phi(47) " fcode="phi"/>
<opset="icmp_ln909/1 "/>
</bind>
</comp>

<comp id="155" class="1004" name="store_ln0_store_fu_155">
<pin_list>
<pin id="156" dir="0" index="0" bw="1" slack="0"/>
<pin id="157" dir="0" index="1" bw="9" slack="0"/>
<pin id="158" dir="1" index="2" bw="0" slack="2147483647"/>
</pin_list>
<bind>
<opcode="store(28) " fcode="store"/>
<opset="store_ln0/1 "/>
</bind>
</comp>

<comp id="160" class="1004" name="store_ln0_store_fu_160">
<pin_list>
<pin id="161" dir="0" index="0" bw="1" slack="0"/>
<pin id="162" dir="0" index="1" bw="9" slack="0"/>
<pin id="163" dir="1" index="2" bw="0" slack="2147483647"/>
</pin_list>
<bind>
<opcode="store(28) " fcode="store"/>
<opset="store_ln0/1 "/>
</bind>
</comp>

<comp id="165" class="1004" name="store_ln0_store_fu_165">
<pin_list>
<pin id="166" dir="0" index="0" bw="1" slack="0"/>
<pin id="167" dir="0" index="1" bw="16" slack="0"/>
<pin id="168" dir="1" index="2" bw="0" slack="2147483647"/>
</pin_list>
<bind>
<opcode="store(28) " fcode="store"/>
<opset="store_ln0/1 "/>
</bind>
</comp>

<comp id="170" class="1004" name="indvar_flatten6_load_load_fu_170">
<pin_list>
<pin id="171" dir="0" index="0" bw="16" slack="0"/>
<pin id="172" dir="1" index="1" bw="16" slack="0"/>
</pin_list>
<bind>
<opcode="load(27) " fcode="load"/>
<opset="indvar_flatten6_load/1 "/>
</bind>
</comp>

<comp id="173" class="1004" name="i7_load_load_fu_173">
<pin_list>
<pin id="174" dir="0" index="0" bw="9" slack="0"/>
<pin id="175" dir="1" index="1" bw="9" slack="0"/>
</pin_list>
<bind>
<opcode="load(27) " fcode="load"/>
<opset="i7_load/1 "/>
</bind>
</comp>

<comp id="176" class="1004" name="j8_load_load_fu_176">
<pin_list>
<pin id="177" dir="0" index="0" bw="9" slack="0"/>
<pin id="178" dir="1" index="1" bw="9" slack="0"/>
</pin_list>
<bind>
<opcode="load(27) " fcode="load"/>
<opset="j8_load/1 "/>
</bind>
</comp>

<comp id="179" class="1004" name="add_ln89_fu_179">
<pin_list>
<pin id="180" dir="0" index="0" bw="9" slack="0"/>
<pin id="181" dir="0" index="1" bw="1" slack="0"/>
<pin id="182" dir="1" index="2" bw="9" slack="0"/>
</pin_list>
<bind>
<opcode="add(8) " fcode="add"/>
<opset="add_ln89/1 "/>
</bind>
</comp>

<comp id="185" class="1004" name="select_ln89_fu_185">
<pin_list>
<pin id="186" dir="0" index="0" bw="1" slack="0"/>
<pin id="187" dir="0" index="1" bw="1" slack="0"/>
<pin id="188" dir="0" index="2" bw="9" slack="0"/>
<pin id="189" dir="1" index="3" bw="9" slack="0"/>
</pin_list>
<bind>
<opcode="select(49) " fcode="select"/>
<opset="select_ln89/1 "/>
</bind>
</comp>

<comp id="193" class="1004" name="i_fu_193">
<pin_list>
<pin id="194" dir="0" index="0" bw="1" slack="0"/>
<pin id="195" dir="0" index="1" bw="9" slack="0"/>
<pin id="196" dir="0" index="2" bw="9" slack="0"/>
<pin id="197" dir="1" index="3" bw="9" slack="0"/>
</pin_list>
<bind>
<opcode="select(49) " fcode="select"/>
<opset="i/1 "/>
</bind>
</comp>

<comp id="201" class="1004" name="trunc_ln92_fu_201">
<pin_list>
<pin id="202" dir="0" index="0" bw="9" slack="0"/>
<pin id="203" dir="1" index="1" bw="8" slack="0"/>
</pin_list>
<bind>
<opcode="trunc(33) " fcode="trunc"/>
<opset="trunc_ln92/1 "/>
</bind>
</comp>

<comp id="205" class="1004" name="tmp_fu_205">
<pin_list>
<pin id="206" dir="0" index="0" bw="16" slack="0"/>
<pin id="207" dir="0" index="1" bw="8" slack="0"/>
<pin id="208" dir="0" index="2" bw="1" slack="0"/>
<pin id="209" dir="1" index="3" bw="16" slack="0"/>
</pin_list>
<bind>
<opcode="bitconcatenate(1004) " fcode="bitconcatenate"/>
<opset="tmp/1 "/>
</bind>
</comp>

<comp id="213" class="1004" name="zext_ln92_1_fu_213">
<pin_list>
<pin id="214" dir="0" index="0" bw="9" slack="0"/>
<pin id="215" dir="1" index="1" bw="16" slack="0"/>
</pin_list>
<bind>
<opcode="zext(34) " fcode="zext"/>
<opset="zext_ln92_1/1 "/>
</bind>
</comp>

<comp id="217" class="1004" name="add_ln92_fu_217">
<pin_list>
<pin id="218" dir="0" index="0" bw="16" slack="0"/>
<pin id="219" dir="0" index="1" bw="9" slack="0"/>
<pin id="220" dir="1" index="2" bw="16" slack="0"/>
</pin_list>
<bind>
<opcode="add(8) " fcode="add"/>
<opset="add_ln92/1 "/>
</bind>
</comp>

<comp id="223" class="1004" name="zext_ln92_2_fu_223">
<pin_list>
<pin id="224" dir="0" index="0" bw="16" slack="0"/>
<pin id="225" dir="1" index="1" bw="64" slack="0"/>
</pin_list>
<bind>
<opcode="zext(34) " fcode="zext"/>
<opset="zext_ln92_2/1 "/>
</bind>
</comp>

<comp id="228" class="1004" name="j_fu_228">
<pin_list>
<pin id="229" dir="0" index="0" bw="9" slack="0"/>
<pin id="230" dir="0" index="1" bw="1" slack="0"/>
<pin id="231" dir="1" index="2" bw="9" slack="0"/>
</pin_list>
<bind>
<opcode="add(8) " fcode="add"/>
<opset="j/1 "/>
</bind>
</comp>

<comp id="234" class="1004" name="add_ln89_1_fu_234">
<pin_list>
<pin id="235" dir="0" index="0" bw="16" slack="0"/>
<pin id="236" dir="0" index="1" bw="1" slack="0"/>
<pin id="237" dir="1" index="2" bw="16" slack="0"/>
</pin_list>
<bind>
<opcode="add(8) " fcode="add"/>
<opset="add_ln89_1/1 "/>
</bind>
</comp>

<comp id="240" class="1004" name="icmp_ln90_fu_240">
<pin_list>
<pin id="241" dir="0" index="0" bw="9" slack="0"/>
<pin id="242" dir="0" index="1" bw="9" slack="0"/>
<pin id="243" dir="1" index="2" bw="1" slack="0"/>
</pin_list>
<bind>
<opcode="icmp(45) " fcode="icmp"/>
<opset="icmp_ln90/1 "/>
</bind>
</comp>

<comp id="246" class="1004" name="icmp_ln89_fu_246">
<pin_list>
<pin id="247" dir="0" index="0" bw="16" slack="0"/>
<pin id="248" dir="0" index="1" bw="1" slack="0"/>
<pin id="249" dir="1" index="2" bw="1" slack="1"/>
</pin_list>
<bind>
<opcode="icmp(45) " fcode="icmp"/>
<opset="icmp_ln89/1 "/>
</bind>
</comp>

<comp id="252" class="1004" name="store_ln90_store_fu_252">
<pin_list>
<pin id="253" dir="0" index="0" bw="9" slack="0"/>
<pin id="254" dir="0" index="1" bw="9" slack="0"/>
<pin id="255" dir="1" index="2" bw="0" slack="2147483647"/>
</pin_list>
<bind>
<opcode="store(28) " fcode="store"/>
<opset="store_ln90/1 "/>
</bind>
</comp>

<comp id="257" class="1004" name="store_ln89_store_fu_257">
<pin_list>
<pin id="258" dir="0" index="0" bw="9" slack="0"/>
<pin id="259" dir="0" index="1" bw="9" slack="0"/>
<pin id="260" dir="1" index="2" bw="0" slack="2147483647"/>
</pin_list>
<bind>
<opcode="store(28) " fcode="store"/>
<opset="store_ln89/1 "/>
</bind>
</comp>

<comp id="262" class="1004" name="store_ln89_store_fu_262">
<pin_list>
<pin id="263" dir="0" index="0" bw="16" slack="0"/>
<pin id="264" dir="0" index="1" bw="16" slack="0"/>
<pin id="265" dir="1" index="2" bw="0" slack="2147483647"/>
</pin_list>
<bind>
<opcode="store(28) " fcode="store"/>
<opset="store_ln89/1 "/>
</bind>
</comp>

<comp id="267" class="1004" name="trunc_ln_fu_267">
<pin_list>
<pin id="268" dir="0" index="0" bw="62" slack="0"/>
<pin id="269" dir="0" index="1" bw="64" slack="0"/>
<pin id="270" dir="0" index="2" bw="3" slack="0"/>
<pin id="271" dir="0" index="3" bw="7" slack="0"/>
<pin id="272" dir="1" index="4" bw="62" slack="1"/>
</pin_list>
<bind>
<opcode="partselect(1002) " fcode="partselect"/>
<opset="trunc_ln/2 "/>
</bind>
</comp>

<comp id="277" class="1004" name="sext_ln89_fu_277">
<pin_list>
<pin id="278" dir="0" index="0" bw="62" slack="1"/>
<pin id="279" dir="1" index="1" bw="64" slack="0"/>
</pin_list>
<bind>
<opcode="sext(35) " fcode="sext"/>
<opset="sext_ln89/3 "/>
</bind>
</comp>

<comp id="280" class="1004" name="A_out_addr_fu_280">
<pin_list>
<pin id="281" dir="0" index="0" bw="32" slack="0"/>
<pin id="282" dir="0" index="1" bw="62" slack="0"/>
<pin id="283" dir="1" index="2" bw="32" slack="0"/>
</pin_list>
<bind>
<opcode="getelementptr(29) " fcode="getelementptr"/>
<opset="A_out_addr/3 "/>
</bind>
</comp>

<comp id="287" class="1004" name="store_ln89_store_fu_287">
<pin_list>
<pin id="288" dir="0" index="0" bw="62" slack="0"/>
<pin id="289" dir="0" index="1" bw="64" slack="2"/>
<pin id="290" dir="1" index="2" bw="0" slack="2147483647"/>
</pin_list>
<bind>
<opcode="store(28) " fcode="store"/>
<opset="store_ln89/3 "/>
</bind>
</comp>

<comp id="292" class="1004" name="sext_ln8910_load_load_fu_292">
<pin_list>
<pin id="293" dir="0" index="0" bw="64" slack="3"/>
<pin id="294" dir="1" index="1" bw="64" slack="0"/>
</pin_list>
<bind>
<opcode="load(27) " fcode="load"/>
<opset="sext_ln8910_load/4 "/>
</bind>
</comp>

<comp id="295" class="1004" name="zext_ln92_fu_295">
<pin_list>
<pin id="296" dir="0" index="0" bw="24" slack="2"/>
<pin id="297" dir="1" index="1" bw="32" slack="0"/>
</pin_list>
<bind>
<opcode="zext(34) " fcode="zext"/>
<opset="zext_ln92/4 "/>
</bind>
</comp>

<comp id="299" class="1004" name="A_out_addr_1_fu_299">
<pin_list>
<pin id="300" dir="0" index="0" bw="32" slack="0"/>
<pin id="301" dir="0" index="1" bw="64" slack="0"/>
<pin id="302" dir="1" index="2" bw="32" slack="0"/>
</pin_list>
<bind>
<opcode="getelementptr(29) " fcode="getelementptr"/>
<opset="A_out_addr_1/4 "/>
</bind>
</comp>

<comp id="306" class="1005" name="indvar_flatten6_reg_306">
<pin_list>
<pin id="307" dir="0" index="0" bw="16" slack="0"/>
<pin id="308" dir="1" index="1" bw="16" slack="0"/>
</pin_list>
<bind>
<opset="indvar_flatten6 "/>
</bind>
</comp>

<comp id="313" class="1005" name="i7_reg_313">
<pin_list>
<pin id="314" dir="0" index="0" bw="9" slack="0"/>
<pin id="315" dir="1" index="1" bw="9" slack="0"/>
</pin_list>
<bind>
<opset="i7 "/>
</bind>
</comp>

<comp id="320" class="1005" name="j8_reg_320">
<pin_list>
<pin id="321" dir="0" index="0" bw="9" slack="0"/>
<pin id="322" dir="1" index="1" bw="9" slack="0"/>
</pin_list>
<bind>
<opset="j8 "/>
</bind>
</comp>

<comp id="327" class="1005" name="sext_ln8910_reg_327">
<pin_list>
<pin id="328" dir="0" index="0" bw="64" slack="2"/>
<pin id="329" dir="1" index="1" bw="64" slack="2"/>
</pin_list>
<bind>
<opset="sext_ln8910 "/>
</bind>
</comp>

<comp id="333" class="1005" name="stream_in_addr_reg_333">
<pin_list>
<pin id="334" dir="0" index="0" bw="16" slack="1"/>
<pin id="335" dir="1" index="1" bw="16" slack="1"/>
</pin_list>
<bind>
<opset="stream_in_addr "/>
</bind>
</comp>

<comp id="338" class="1005" name="icmp_ln90_reg_338">
<pin_list>
<pin id="339" dir="0" index="0" bw="1" slack="0"/>
<pin id="340" dir="1" index="1" bw="1" slack="0"/>
</pin_list>
<bind>
<opset="icmp_ln90 "/>
</bind>
</comp>

<comp id="343" class="1005" name="icmp_ln89_reg_343">
<pin_list>
<pin id="344" dir="0" index="0" bw="1" slack="1"/>
<pin id="345" dir="1" index="1" bw="1" slack="2147483647"/>
</pin_list>
<bind>
<opset="icmp_ln89 "/>
</bind>
</comp>

<comp id="347" class="1005" name="trunc_ln_reg_347">
<pin_list>
<pin id="348" dir="0" index="0" bw="62" slack="1"/>
<pin id="349" dir="1" index="1" bw="62" slack="1"/>
</pin_list>
<bind>
<opset="trunc_ln "/>
</bind>
</comp>

<comp id="352" class="1005" name="stream_in_load_reg_352">
<pin_list>
<pin id="353" dir="0" index="0" bw="24" slack="2"/>
<pin id="354" dir="1" index="1" bw="24" slack="2"/>
</pin_list>
<bind>
<opset="stream_in_load "/>
</bind>
</comp>

<comp id="357" class="1005" name="A_out_addr_1_reg_357">
<pin_list>
<pin id="358" dir="0" index="0" bw="32" slack="1"/>
<pin id="359" dir="1" index="1" bw="32" slack="1"/>
</pin_list>
<bind>
<opset="A_out_addr_1 "/>
</bind>
</comp>

</comp_list>

<net_list>
<net id="81"><net_src comp="6" pin="0"/><net_sink comp="78" pin=0"/></net>

<net id="85"><net_src comp="6" pin="0"/><net_sink comp="82" pin=0"/></net>

<net id="89"><net_src comp="6" pin="0"/><net_sink comp="86" pin=0"/></net>

<net id="93"><net_src comp="6" pin="0"/><net_sink comp="90" pin=0"/></net>

<net id="98"><net_src comp="54" pin="0"/><net_sink comp="94" pin=0"/></net>

<net id="99"><net_src comp="4" pin="0"/><net_sink comp="94" pin=1"/></net>

<net id="105"><net_src comp="0" pin="0"/><net_sink comp="100" pin=0"/></net>

<net id="106"><net_src comp="46" pin="0"/><net_sink comp="100" pin=1"/></net>

<net id="112"><net_src comp="100" pin="3"/><net_sink comp="107" pin=0"/></net>

<net id="118"><net_src comp="60" pin="0"/><net_sink comp="113" pin=0"/></net>

<net id="119"><net_src comp="62" pin="0"/><net_sink comp="113" pin=2"/></net>

<net id="126"><net_src comp="72" pin="0"/><net_sink comp="120" pin=0"/></net>

<net id="127"><net_src comp="74" pin="0"/><net_sink comp="120" pin=3"/></net>

<net id="132"><net_src comp="76" pin="0"/><net_sink comp="128" pin=0"/></net>

<net id="142"><net_src comp="36" pin="0"/><net_sink comp="136" pin=0"/></net>

<net id="143"><net_src comp="38" pin="0"/><net_sink comp="136" pin=2"/></net>

<net id="144"><net_src comp="136" pin="4"/><net_sink comp="133" pin=0"/></net>

<net id="154"><net_src comp="38" pin="0"/><net_sink comp="148" pin=0"/></net>

<net id="159"><net_src comp="32" pin="0"/><net_sink comp="155" pin=0"/></net>

<net id="164"><net_src comp="32" pin="0"/><net_sink comp="160" pin=0"/></net>

<net id="169"><net_src comp="34" pin="0"/><net_sink comp="165" pin=0"/></net>

<net id="183"><net_src comp="173" pin="1"/><net_sink comp="179" pin=0"/></net>

<net id="184"><net_src comp="40" pin="0"/><net_sink comp="179" pin=1"/></net>

<net id="190"><net_src comp="148" pin="4"/><net_sink comp="185" pin=0"/></net>

<net id="191"><net_src comp="32" pin="0"/><net_sink comp="185" pin=1"/></net>

<net id="192"><net_src comp="176" pin="1"/><net_sink comp="185" pin=2"/></net>

<net id="198"><net_src comp="148" pin="4"/><net_sink comp="193" pin=0"/></net>

<net id="199"><net_src comp="179" pin="2"/><net_sink comp="193" pin=1"/></net>

<net id="200"><net_src comp="173" pin="1"/><net_sink comp="193" pin=2"/></net>

<net id="204"><net_src comp="193" pin="3"/><net_sink comp="201" pin=0"/></net>

<net id="210"><net_src comp="42" pin="0"/><net_sink comp="205" pin=0"/></net>

<net id="211"><net_src comp="201" pin="1"/><net_sink comp="205" pin=1"/></net>

<net id="212"><net_src comp="44" pin="0"/><net_sink comp="205" pin=2"/></net>

<net id="216"><net_src comp="185" pin="3"/><net_sink comp="213" pin=0"/></net>

<net id="221"><net_src comp="205" pin="3"/><net_sink comp="217" pin=0"/></net>

<net id="222"><net_src comp="213" pin="1"/><net_sink comp="217" pin=1"/></net>

<net id="226"><net_src comp="217" pin="2"/><net_sink comp="223" pin=0"/></net>

<net id="227"><net_src comp="223" pin="1"/><net_sink comp="100" pin=2"/></net>

<net id="232"><net_src comp="185" pin="3"/><net_sink comp="228" pin=0"/></net>

<net id="233"><net_src comp="40" pin="0"/><net_sink comp="228" pin=1"/></net>

<net id="238"><net_src comp="170" pin="1"/><net_sink comp="234" pin=0"/></net>

<net id="239"><net_src comp="48" pin="0"/><net_sink comp="234" pin=1"/></net>

<net id="244"><net_src comp="228" pin="2"/><net_sink comp="240" pin=0"/></net>

<net id="245"><net_src comp="50" pin="0"/><net_sink comp="240" pin=1"/></net>

<net id="250"><net_src comp="170" pin="1"/><net_sink comp="246" pin=0"/></net>

<net id="251"><net_src comp="52" pin="0"/><net_sink comp="246" pin=1"/></net>

<net id="256"><net_src comp="228" pin="2"/><net_sink comp="252" pin=0"/></net>

<net id="261"><net_src comp="193" pin="3"/><net_sink comp="257" pin=0"/></net>

<net id="266"><net_src comp="234" pin="2"/><net_sink comp="262" pin=0"/></net>

<net id="273"><net_src comp="56" pin="0"/><net_sink comp="267" pin=0"/></net>

<net id="274"><net_src comp="94" pin="2"/><net_sink comp="267" pin=1"/></net>

<net id="275"><net_src comp="16" pin="0"/><net_sink comp="267" pin=2"/></net>

<net id="276"><net_src comp="58" pin="0"/><net_sink comp="267" pin=3"/></net>

<net id="284"><net_src comp="2" pin="0"/><net_sink comp="280" pin=0"/></net>

<net id="285"><net_src comp="277" pin="1"/><net_sink comp="280" pin=1"/></net>

<net id="286"><net_src comp="280" pin="2"/><net_sink comp="113" pin=1"/></net>

<net id="291"><net_src comp="277" pin="1"/><net_sink comp="287" pin=0"/></net>

<net id="298"><net_src comp="295" pin="1"/><net_sink comp="120" pin=2"/></net>

<net id="303"><net_src comp="2" pin="0"/><net_sink comp="299" pin=0"/></net>

<net id="304"><net_src comp="292" pin="1"/><net_sink comp="299" pin=1"/></net>

<net id="305"><net_src comp="299" pin="2"/><net_sink comp="120" pin=1"/></net>

<net id="309"><net_src comp="78" pin="1"/><net_sink comp="306" pin=0"/></net>

<net id="310"><net_src comp="306" pin="1"/><net_sink comp="165" pin=1"/></net>

<net id="311"><net_src comp="306" pin="1"/><net_sink comp="170" pin=0"/></net>

<net id="312"><net_src comp="306" pin="1"/><net_sink comp="262" pin=1"/></net>

<net id="316"><net_src comp="82" pin="1"/><net_sink comp="313" pin=0"/></net>

<net id="317"><net_src comp="313" pin="1"/><net_sink comp="160" pin=1"/></net>

<net id="318"><net_src comp="313" pin="1"/><net_sink comp="173" pin=0"/></net>

<net id="319"><net_src comp="313" pin="1"/><net_sink comp="257" pin=1"/></net>

<net id="323"><net_src comp="86" pin="1"/><net_sink comp="320" pin=0"/></net>

<net id="324"><net_src comp="320" pin="1"/><net_sink comp="155" pin=1"/></net>

<net id="325"><net_src comp="320" pin="1"/><net_sink comp="176" pin=0"/></net>

<net id="326"><net_src comp="320" pin="1"/><net_sink comp="252" pin=1"/></net>

<net id="330"><net_src comp="90" pin="1"/><net_sink comp="327" pin=0"/></net>

<net id="331"><net_src comp="327" pin="1"/><net_sink comp="287" pin=1"/></net>

<net id="332"><net_src comp="327" pin="1"/><net_sink comp="292" pin=0"/></net>

<net id="336"><net_src comp="100" pin="3"/><net_sink comp="333" pin=0"/></net>

<net id="337"><net_src comp="333" pin="1"/><net_sink comp="107" pin=0"/></net>

<net id="341"><net_src comp="240" pin="2"/><net_sink comp="338" pin=0"/></net>

<net id="342"><net_src comp="338" pin="1"/><net_sink comp="148" pin=2"/></net>

<net id="346"><net_src comp="246" pin="2"/><net_sink comp="343" pin=0"/></net>

<net id="350"><net_src comp="267" pin="4"/><net_sink comp="347" pin=0"/></net>

<net id="351"><net_src comp="347" pin="1"/><net_sink comp="277" pin=0"/></net>

<net id="355"><net_src comp="107" pin="3"/><net_sink comp="352" pin=0"/></net>

<net id="356"><net_src comp="352" pin="1"/><net_sink comp="295" pin=0"/></net>

<net id="360"><net_src comp="299" pin="2"/><net_sink comp="357" pin=0"/></net>

<net id="361"><net_src comp="357" pin="1"/><net_sink comp="128" pin=1"/></net>

</net_list>

</model> 
---------------- Datapath Model END ------------------

* FSMD analyzer results:
  - Output states:
	Port: A_out | {3 4 5 6 7 8 9 }
 - Input state : 
	Port: write_output : stream_in | {1 2 }
	Port: write_output : A_out1 | {2 }
  - Chain level:
	State 1
		store_ln0 : 1
		store_ln0 : 1
		store_ln0 : 1
		first_iter_0 : 1
		icmp_ln909 : 1
		br_ln0 : 2
		indvar_flatten6_load : 1
		i7_load : 1
		j8_load : 1
		add_ln89 : 2
		select_ln89 : 2
		i : 3
		trunc_ln92 : 4
		tmp : 5
		zext_ln92_1 : 3
		add_ln92 : 6
		zext_ln92_2 : 7
		stream_in_addr : 8
		stream_in_load : 9
		j : 3
		add_ln89_1 : 2
		icmp_ln90 : 4
		icmp_ln89 : 2
		br_ln89 : 3
		store_ln90 : 4
		store_ln89 : 4
		store_ln89 : 3
		br_ln89 : 3
	State 2
	State 3
		A_out_addr : 1
		empty : 2
		store_ln89 : 1
	State 4
		A_out_addr_1 : 1
		write_ln92 : 2
	State 5
	State 6
	State 7
	State 8
	State 9


============================================================
+ Verbose Summary: Datapath Resource usage 
============================================================

* Functional unit list:
|----------|-------------------------|---------|---------|
| Operation|     Functional Unit     |    FF   |   LUT   |
|----------|-------------------------|---------|---------|
|          |     add_ln89_fu_179     |    0    |    16   |
|    add   |     add_ln92_fu_217     |    0    |    23   |
|          |         j_fu_228        |    0    |    16   |
|          |    add_ln89_1_fu_234    |    0    |    23   |
|----------|-------------------------|---------|---------|
|   icmp   |     icmp_ln90_fu_240    |    0    |    16   |
|          |     icmp_ln89_fu_246    |    0    |    23   |
|----------|-------------------------|---------|---------|
|  select  |    select_ln89_fu_185   |    0    |    8    |
|          |         i_fu_193        |    0    |    8    |
|----------|-------------------------|---------|---------|
|   read   |  A_out1_read_read_fu_94 |    0    |    0    |
|----------|-------------------------|---------|---------|
| writereq |  empty_writereq_fu_113  |    0    |    0    |
|----------|-------------------------|---------|---------|
|   write  | write_ln92_write_fu_120 |    0    |    0    |
|----------|-------------------------|---------|---------|
| writeresp|   grp_writeresp_fu_128  |    0    |    0    |
|----------|-------------------------|---------|---------|
|   trunc  |    trunc_ln92_fu_201    |    0    |    0    |
|----------|-------------------------|---------|---------|
|bitconcatenate|        tmp_fu_205       |    0    |    0    |
|----------|-------------------------|---------|---------|
|          |    zext_ln92_1_fu_213   |    0    |    0    |
|   zext   |    zext_ln92_2_fu_223   |    0    |    0    |
|          |     zext_ln92_fu_295    |    0    |    0    |
|----------|-------------------------|---------|---------|
|partselect|     trunc_ln_fu_267     |    0    |    0    |
|----------|-------------------------|---------|---------|
|   sext   |     sext_ln89_fu_277    |    0    |    0    |
|----------|-------------------------|---------|---------|
|   Total  |                         |    0    |   133   |
|----------|-------------------------|---------|---------|

Memories:
N/A

* Register list:
+-----------------------+--------+
|                       |   FF   |
+-----------------------+--------+
|  A_out_addr_1_reg_357 |   32   |
|  first_iter_0_reg_133 |    1   |
|       i7_reg_313      |    9   |
|   icmp_ln89_reg_343   |    1   |
|   icmp_ln909_reg_145  |    1   |
|   icmp_ln90_reg_338   |    1   |
|indvar_flatten6_reg_306|   16   |
|       j8_reg_320      |    9   |
|  sext_ln8910_reg_327  |   64   |
| stream_in_addr_reg_333|   16   |
| stream_in_load_reg_352|   24   |
|    trunc_ln_reg_347   |   62   |
+-----------------------+--------+
|         Total         |   236  |
+-----------------------+--------+

* Multiplexer (MUX) list: 
|-------------------|------|------|------|--------||---------||---------||---------|
|        Comp       |  Pin | Size |  BW  | S x BW ||  Delay  ||    FF   ||   LUT   |
|-------------------|------|------|------|--------||---------||---------||---------|
| grp_access_fu_107 |  p0  |   2  |  16  |   32   ||    0    ||    9    |
|-------------------|------|------|------|--------||---------||---------||---------|
|       Total       |      |      |      |   32   ||  0.489  ||    0    ||    9    |
|-------------------|------|------|------|--------||---------||---------||---------|



* Summary:
+-----------+--------+--------+--------+
|           |  Delay |   FF   |   LUT  |
+-----------+--------+--------+--------+
|  Function |    -   |    0   |   133  |
|   Memory  |    -   |    -   |    -   |
|Multiplexer|    0   |    0   |    9   |
|  Register |    -   |   236  |    -   |
+-----------+--------+--------+--------+
|   Total   |    0   |   236  |   142  |
+-----------+--------+--------+--------+
