

================================================================
== Vitis HLS Report for 'write_output'
================================================================
* Date:           Fri Feb 20 11:31:01 2026

* Version:        2025.1.1 (Build 6214317 on Sep 11 2025)
* Project:        project_1
* Solution:       hls (Vivado IP Flow Target)
* Product family: zynquplus
* Target device:  xczu3eg-sbva484-1-e


================================================================
== Performance Estimates
================================================================
+ Timing: 
    * Summary: 
    +--------+----------+----------+------------+
    |  Clock |  Target  | Estimated| Uncertainty|
    +--------+----------+----------+------------+
    |ap_clk  |  10.00 ns|  7.300 ns|     2.70 ns|
    +--------+----------+----------+------------+

+ Latency: 
    * Summary: 
    +---------+---------+----------+----------+--------+--------+---------+
    |  Latency (cycles) |  Latency (absolute) |     Interval    | Pipeline|
    |   min   |   max   |    min   |    max   |   min  |   max  |   Type  |
    +---------+---------+----------+----------+--------+--------+---------+
    |   131591|   131591|  1.316 ms|  1.316 ms|  131591|  131591|       no|
    +---------+---------+----------+----------+--------+--------+---------+

    + Detail: 
        * Instance: 
        N/A

        * Loop: 
        +---------------------+---------+---------+----------+-----------+-----------+------+----------+
        |                     |  Latency (cycles) | Iteration|  Initiation Interval  | Trip |          |
        |      Loop Name      |   min   |   max   |  Latency |  achieved |   target  | Count| Pipelined|
        +---------------------+---------+---------+----------+-----------+-----------+------+----------+
        |- VITIS_LOOP_127_1   |   131584|   131584|       514|          -|          -|   256|        no|
        | + VITIS_LOOP_128_2  |      512|      512|         2|          -|          -|   256|        no|
        +---------------------+---------+---------+----------+-----------+-----------+------+----------+



================================================================
== Utilization Estimates
================================================================
* Summary: 
+-----------------+---------+-----+--------+-------+-----+
|       Name      | BRAM_18K| DSP |   FF   |  LUT  | URAM|
+-----------------+---------+-----+--------+-------+-----+
|DSP              |        -|    -|       -|      -|    -|
|Expression       |        -|    -|       0|     70|    -|
|FIFO             |        -|    -|       -|      -|    -|
|Instance         |        -|    -|       -|      -|    -|
|Memory           |        -|    -|       -|      -|    -|
|Multiplexer      |        -|    -|       0|    131|    -|
|Register         |        -|    -|     135|      -|    -|
+-----------------+---------+-----+--------+-------+-----+
|Total            |        0|    0|     135|    201|    0|
+-----------------+---------+-----+--------+-------+-----+
|Available        |      432|  360|  141120|  70560|    0|
+-----------------+---------+-----+--------+-------+-----+
|Utilization (%)  |        0|    0|      ~0|     ~0|    0|
+-----------------+---------+-----+--------+-------+-----+

+ Detail: 
    * Instance: 
    N/A

    * DSP: 
    N/A

    * Memory: 
    N/A

    * FIFO: 
    N/A

    * Expression: 
    +----------------------+----------+----+---+----+------------+------------+
    |     Variable Name    | Operation| DSP| FF| LUT| Bitwidth P0| Bitwidth P1|
    +----------------------+----------+----+---+----+------------+------------+
    |add_ln127_fu_149_p2   |         +|   0|  0|  16|           9|           1|
    |add_ln128_fu_161_p2   |         +|   0|  0|  16|           9|           1|
    |ap_block_state4       |       and|   0|  0|   2|           1|           1|
    |icmp_ln127_fu_143_p2  |      icmp|   0|  0|  17|           9|          10|
    |icmp_ln128_fu_155_p2  |      icmp|   0|  0|  17|           9|          10|
    |ap_block_state1       |        or|   0|  0|   2|           1|           1|
    +----------------------+----------+----+---+----+------------+------------+
    |Total                 |          |   0|  0|  70|          38|          24|
    +----------------------+----------+----+---+----+------------+------------+

    * Multiplexer: 
    +------------------+----+-----------+-----+-----------+
    |       Name       | LUT| Input Size| Bits| Total Bits|
    +------------------+----+-----------+-----+-----------+
    |A_out1_blk_n      |   9|          2|    1|          2|
    |A_out_blk_n_AW    |   9|          2|    1|          2|
    |A_out_blk_n_B     |   9|          2|    1|          2|
    |A_out_blk_n_W     |   9|          2|    1|          2|
    |ap_NS_fsm         |  59|         11|    1|         11|
    |ap_done           |   9|          2|    1|          2|
    |grid_final_blk_n  |   9|          2|    1|          2|
    |i_fu_68           |   9|          2|    9|         18|
    |j_reg_104         |   9|          2|    9|         18|
    +------------------+----+-----------+-----+-----------+
    |Total             | 131|         27|   25|         59|
    +------------------+----+-----------+-----+-----------+

    * Register: 
    +-------------------------+----+----+-----+-----------+
    |           Name          | FF | LUT| Bits| Const Bits|
    +-------------------------+----+----+-----+-----------+
    |A_out_addr_reg_182       |  64|   0|   64|          0|
    |add_ln127_reg_192        |   9|   0|    9|          0|
    |add_ln128_reg_200        |   9|   0|    9|          0|
    |ap_CS_fsm                |  10|   0|   10|          0|
    |ap_done_reg              |   1|   0|    1|          0|
    |grid_final_read_reg_205  |  24|   0|   24|          0|
    |i_fu_68                  |   9|   0|    9|          0|
    |j_reg_104                |   9|   0|    9|          0|
    +-------------------------+----+----+-----+-----------+
    |Total                    | 135|   0|  135|          0|
    +-------------------------+----+----+-----+-----------+



================================================================
== Interface
================================================================
* Summary: 
+---------------------------+-----+-----+------------+--------------+--------------+
|         RTL Ports         | Dir | Bits|  Protocol  | Source Object|    C Type    |
+---------------------------+-----+-----+------------+--------------+--------------+
|ap_clk                     |   in|    1|  ap_ctrl_hs|  write_output|  return value|
|ap_rst                     |   in|    1|  ap_ctrl_hs|  write_output|  return value|
|ap_start                   |   in|    1|  ap_ctrl_hs|  write_output|  return value|
|ap_done                    |  out|    1|  ap_ctrl_hs|  write_output|  return value|
|ap_continue                |   in|    1|  ap_ctrl_hs|  write_output|  return value|
|ap_idle                    |  out|    1|  ap_ctrl_hs|  write_output|  return value|
|ap_ready                   |  out|    1|  ap_ctrl_hs|  write_output|  return value|
|grid_final_dout            |   in|   24|     ap_fifo|    grid_final|       pointer|
|grid_final_empty_n         |   in|    1|     ap_fifo|    grid_final|       pointer|
|grid_final_read            |  out|    1|     ap_fifo|    grid_final|       pointer|
|grid_final_num_data_valid  |   in|    3|     ap_fifo|    grid_final|       pointer|
|grid_final_fifo_cap        |   in|    3|     ap_fifo|    grid_final|       pointer|
|m_axi_A_out_0_AWVALID      |  out|    1|       m_axi|         A_out|       pointer|
|m_axi_A_out_0_AWREADY      |   in|    1|       m_axi|         A_out|       pointer|
|m_axi_A_out_0_AWADDR       |  out|   64|       m_axi|         A_out|       pointer|
|m_axi_A_out_0_AWID         |  out|    1|       m_axi|         A_out|       pointer|
|m_axi_A_out_0_AWLEN        |  out|   32|       m_axi|         A_out|       pointer|
|m_axi_A_out_0_AWSIZE       |  out|    3|       m_axi|         A_out|       pointer|
|m_axi_A_out_0_AWBURST      |  out|    2|       m_axi|         A_out|       pointer|
|m_axi_A_out_0_AWLOCK       |  out|    2|       m_axi|         A_out|       pointer|
|m_axi_A_out_0_AWCACHE      |  out|    4|       m_axi|         A_out|       pointer|
|m_axi_A_out_0_AWPROT       |  out|    3|       m_axi|         A_out|       pointer|
|m_axi_A_out_0_AWQOS        |  out|    4|       m_axi|         A_out|       pointer|
|m_axi_A_out_0_AWREGION     |  out|    4|       m_axi|         A_out|       pointer|
|m_axi_A_out_0_AWUSER       |  out|    1|       m_axi|         A_out|       pointer|
|m_axi_A_out_0_WVALID       |  out|    1|       m_axi|         A_out|       pointer|
|m_axi_A_out_0_WREADY       |   in|    1|       m_axi|         A_out|       pointer|
|m_axi_A_out_0_WDATA        |  out|   32|       m_axi|         A_out|       pointer|
|m_axi_A_out_0_WSTRB        |  out|    4|       m_axi|         A_out|       pointer|
|m_axi_A_out_0_WLAST        |  out|    1|       m_axi|         A_out|       pointer|
|m_axi_A_out_0_WID          |  out|    1|       m_axi|         A_out|       pointer|
|m_axi_A_out_0_WUSER        |  out|    1|       m_axi|         A_out|       pointer|
|m_axi_A_out_0_ARVALID      |  out|    1|       m_axi|         A_out|       pointer|
|m_axi_A_out_0_ARREADY      |   in|    1|       m_axi|         A_out|       pointer|
|m_axi_A_out_0_ARADDR       |  out|   64|       m_axi|         A_out|       pointer|
|m_axi_A_out_0_ARID         |  out|    1|       m_axi|         A_out|       pointer|
|m_axi_A_out_0_ARLEN        |  out|   32|       m_axi|         A_out|       pointer|
|m_axi_A_out_0_ARSIZE       |  out|    3|       m_axi|         A_out|       pointer|
|m_axi_A_out_0_ARBURST      |  out|    2|       m_axi|         A_out|       pointer|
|m_axi_A_out_0_ARLOCK       |  out|    2|       m_axi|         A_out|       pointer|
|m_axi_A_out_0_ARCACHE      |  out|    4|       m_axi|         A_out|       pointer|
|m_axi_A_out_0_ARPROT       |  out|    3|       m_axi|         A_out|       pointer|
|m_axi_A_out_0_ARQOS        |  out|    4|       m_axi|         A_out|       pointer|
|m_axi_A_out_0_ARREGION     |  out|    4|       m_axi|         A_out|       pointer|
|m_axi_A_out_0_ARUSER       |  out|    1|       m_axi|         A_out|       pointer|
|m_axi_A_out_0_RVALID       |   in|    1|       m_axi|         A_out|       pointer|
|m_axi_A_out_0_RREADY       |  out|    1|       m_axi|         A_out|       pointer|
|m_axi_A_out_0_RDATA        |   in|   32|       m_axi|         A_out|       pointer|
|m_axi_A_out_0_RLAST        |   in|    1|       m_axi|         A_out|       pointer|
|m_axi_A_out_0_RID          |   in|    1|       m_axi|         A_out|       pointer|
|m_axi_A_out_0_RFIFONUM     |   in|    9|       m_axi|         A_out|       pointer|
|m_axi_A_out_0_RUSER        |   in|    1|       m_axi|         A_out|       pointer|
|m_axi_A_out_0_RRESP        |   in|    2|       m_axi|         A_out|       pointer|
|m_axi_A_out_0_BVALID       |   in|    1|       m_axi|         A_out|       pointer|
|m_axi_A_out_0_BREADY       |  out|    1|       m_axi|         A_out|       pointer|
|m_axi_A_out_0_BRESP        |   in|    2|       m_axi|         A_out|       pointer|
|m_axi_A_out_0_BID          |   in|    1|       m_axi|         A_out|       pointer|
|m_axi_A_out_0_BUSER        |   in|    1|       m_axi|         A_out|       pointer|
|A_out1_dout                |   in|   64|     ap_fifo|        A_out1|       pointer|
|A_out1_empty_n             |   in|    1|     ap_fifo|        A_out1|       pointer|
|A_out1_read                |  out|    1|     ap_fifo|        A_out1|       pointer|
|A_out1_num_data_valid      |   in|    3|     ap_fifo|        A_out1|       pointer|
|A_out1_fifo_cap            |   in|    3|     ap_fifo|        A_out1|       pointer|
+---------------------------+-----+-----+------------+--------------+--------------+

============================================================
+ Verbose Summary: Synthesis Manager
============================================================
InlineROM: 1
ExposeGlobal: 0
============================================================
+ Verbose Summary: CDFG Model
============================================================
IsTopModel: 0
ResetActiveHigh: 1
IsCombinational: 2
IsDatapathOnly: 0
HasWiredReturn: 1
HasMFsm: 0
HasVarLatency: 1
IsPipeline: 0
IsRtlPipelined: 0
IsInstanceOverlapped: 0
IsDontTouch: 0
HasImplIP: 0
IsGatedGlobalClock: 0


============================================================
+ Verbose Summary: Schedule
============================================================
* Number of FSM states : 10
* Pipeline : 0
* Dataflow Pipeline: 0

* FSM state transitions: 
1 --> 2 
2 --> 3 
3 --> 6 4 
4 --> 5 3 
5 --> 4 
6 --> 7 
7 --> 8 
8 --> 9 
9 --> 10 
10 --> 

* FSM state operations: 

State 1 <SV = 0> <Delay = 2.16>
ST_1 : Operation 11 [1/1] (0.00ns)   --->   "%i = alloca i32 1" [top.cpp:127]   --->   Operation 11 'alloca' 'i' <Predicate = true> <Delay = 0.00>
ST_1 : Operation 12 [1/1] ( I:2.16ns O:2.16ns )   --->   "%A_out1_read = read i64 @_ssdm_op_Read.ap_fifo.i64P0A, i64 %A_out1"   --->   Operation 12 'read' 'A_out1_read' <Predicate = true> <Delay = 2.16> <CoreInst = "FIFO_SRL">   --->   Core 80 'FIFO_SRL' <Latency = 0> <II = 1> <Delay = 2.16> <Storage> <Opcode : 'read' 'write' 'nbread' 'nbwrite'> <Ports = 0> <Width = 64> <Depth = 4> <FIFO>
ST_1 : Operation 13 [1/1] (0.00ns)   --->   "%trunc_ln = partselect i62 @_ssdm_op_PartSelect.i62.i64.i32.i32, i64 %A_out1_read, i32 2, i32 63" [top.cpp:127]   --->   Operation 13 'partselect' 'trunc_ln' <Predicate = true> <Delay = 0.00>
ST_1 : Operation 14 [1/1] (0.00ns)   --->   "%sext_ln127 = sext i62 %trunc_ln" [top.cpp:127]   --->   Operation 14 'sext' 'sext_ln127' <Predicate = true> <Delay = 0.00>
ST_1 : Operation 15 [1/1] (0.00ns)   --->   "%A_out_addr = getelementptr i32 %A_out, i64 %sext_ln127" [top.cpp:127]   --->   Operation 15 'getelementptr' 'A_out_addr' <Predicate = true> <Delay = 0.00>
ST_1 : Operation 16 [1/1] (0.48ns)   --->   "%store_ln127 = store i9 0, i9 %i" [top.cpp:127]   --->   Operation 16 'store' 'store_ln127' <Predicate = true> <Delay = 0.48>

State 2 <SV = 1> <Delay = 7.30>
ST_2 : Operation 17 [1/1] (0.00ns)   --->   "%specinterface_ln0 = specinterface void @_ssdm_op_SpecInterface, i64 %A_out1, void @ap_fifo_str, i32 0, i32 0, void @p_str, i32 0, i32 0, void @p_str, void @p_str, void @p_str, i32 2, i32 2, i32 16, i32 16, void @p_str, void @ScalarProp_str, i32 4294967295, i32 0, i32 0"   --->   Operation 17 'specinterface' 'specinterface_ln0' <Predicate = true> <Delay = 0.00>
ST_2 : Operation 18 [1/1] (0.00ns)   --->   "%specinterface_ln0 = specinterface void @_ssdm_op_SpecInterface, i24 %grid_final, void @empty_0, i32 0, i32 0, void @empty_15, i32 0, i32 0, void @empty_15, void @empty_15, void @empty_15, i32 0, i32 0, i32 0, i32 0, void @empty_15, void @empty_15, i32 4294967295, i32 0, i32 0"   --->   Operation 18 'specinterface' 'specinterface_ln0' <Predicate = true> <Delay = 0.00>
ST_2 : Operation 19 [1/1] (0.00ns)   --->   "%specinterface_ln0 = specinterface void @_ssdm_op_SpecInterface, i32 %A_out, void @empty_14, i32 0, i32 0, void @empty_15, i32 0, i32 0, void @empty_3, void @empty_13, void @empty_15, i32 16, i32 16, i32 16, i32 16, void @empty_15, void @empty_15, i32 4294967295, i32 0, i32 0"   --->   Operation 19 'specinterface' 'specinterface_ln0' <Predicate = true> <Delay = 0.00>
ST_2 : Operation 20 [1/1] (7.30ns)   --->   "%empty = writereq i1 @_ssdm_op_WriteReq.m_axi.p1i32, i64 %A_out_addr, i64 65536" [top.cpp:127]   --->   Operation 20 'writereq' 'empty' <Predicate = true> <Delay = 7.30> <CoreInst = "m_axi">   --->   Core 119 'm_axi' <Latency = 9> <II = 1> <Delay = 1.00> <Adapter> <Opcode : 'read' 'write' 'readreq' 'writereq' 'writeresp'>
ST_2 : Operation 21 [1/1] (0.00ns)   --->   "%br_ln127 = br void %VITIS_LOOP_128_2" [top.cpp:127]   --->   Operation 21 'br' 'br_ln127' <Predicate = true> <Delay = 0.00>

State 3 <SV = 2> <Delay = 1.40>
ST_3 : Operation 22 [1/1] (0.00ns)   --->   "%i_1 = load i9 %i" [top.cpp:127]   --->   Operation 22 'load' 'i_1' <Predicate = true> <Delay = 0.00>
ST_3 : Operation 23 [1/1] (0.92ns)   --->   "%icmp_ln127 = icmp_eq  i9 %i_1, i9 256" [top.cpp:127]   --->   Operation 23 'icmp' 'icmp_ln127' <Predicate = true> <Delay = 0.92> <CoreInst = "Cmp">   --->   Core 9 'Cmp' <Latency = 0> <II = 1> <Delay = 0.93> <FuncUnit> <Opcode : 'seteq' 'setne' 'setle' 'setge' 'setlt' 'setgt'> <InPorts = 2> <OutPorts = 1>
ST_3 : Operation 24 [1/1] (0.92ns)   --->   "%add_ln127 = add i9 %i_1, i9 1" [top.cpp:127]   --->   Operation 24 'add' 'add_ln127' <Predicate = true> <Delay = 0.92> <CoreInst = "Adder">   --->   Core 1 'Adder' <Latency = 0> <II = 1> <Delay = 0.92> <FuncUnit> <Opcode : 'add' 'sub'> <InPorts = 2> <OutPorts = 1>
ST_3 : Operation 25 [1/1] (0.00ns)   --->   "%br_ln127 = br i1 %icmp_ln127, void %VITIS_LOOP_128_2.split, void %for.end13" [top.cpp:127]   --->   Operation 25 'br' 'br_ln127' <Predicate = true> <Delay = 0.00>
ST_3 : Operation 26 [1/1] (0.00ns)   --->   "%speclooptripcount_ln127 = speclooptripcount void @_ssdm_op_SpecLoopTripCount, i64 256, i64 256, i64 256" [top.cpp:127]   --->   Operation 26 'speclooptripcount' 'speclooptripcount_ln127' <Predicate = (!icmp_ln127)> <Delay = 0.00>
ST_3 : Operation 27 [1/1] (0.00ns)   --->   "%specloopname_ln127 = specloopname void @_ssdm_op_SpecLoopName, void @empty_7" [top.cpp:127]   --->   Operation 27 'specloopname' 'specloopname_ln127' <Predicate = (!icmp_ln127)> <Delay = 0.00>
ST_3 : Operation 28 [1/1] (0.48ns)   --->   "%br_ln128 = br void %for.inc" [top.cpp:128]   --->   Operation 28 'br' 'br_ln128' <Predicate = (!icmp_ln127)> <Delay = 0.48>

State 4 <SV = 3> <Delay = 3.08>
ST_4 : Operation 29 [1/1] (0.00ns)   --->   "%j = phi i9 0, void %VITIS_LOOP_128_2.split, i9 %add_ln128, void %for.inc.split" [top.cpp:128]   --->   Operation 29 'phi' 'j' <Predicate = true> <Delay = 0.00>
ST_4 : Operation 30 [1/1] (0.92ns)   --->   "%icmp_ln128 = icmp_eq  i9 %j, i9 256" [top.cpp:128]   --->   Operation 30 'icmp' 'icmp_ln128' <Predicate = true> <Delay = 0.92> <CoreInst = "Cmp">   --->   Core 9 'Cmp' <Latency = 0> <II = 1> <Delay = 0.93> <FuncUnit> <Opcode : 'seteq' 'setne' 'setle' 'setge' 'setlt' 'setgt'> <InPorts = 2> <OutPorts = 1>
ST_4 : Operation 31 [1/1] (0.92ns)   --->   "%add_ln128 = add i9 %j, i9 1" [top.cpp:128]   --->   Operation 31 'add' 'add_ln128' <Predicate = true> <Delay = 0.92> <CoreInst = "Adder">   --->   Core 1 'Adder' <Latency = 0> <II = 1> <Delay = 0.92> <FuncUnit> <Opcode : 'add' 'sub'> <InPorts = 2> <OutPorts = 1>
ST_4 : Operation 32 [1/1] (0.00ns)   --->   "%br_ln128 = br i1 %icmp_ln128, void %for.inc.split, void %for.inc11" [top.cpp:128]   --->   Operation 32 'br' 'br_ln128' <Predicate = true> <Delay = 0.00>
ST_4 : Operation 33 [1/1] ( I:2.16ns O:2.16ns )   --->   "%grid_final_read = read i24 @_ssdm_op_Read.ap_fifo.volatile.i24P0A, i24 %grid_final" [top.cpp:130]   --->   Operation 33 'read' 'grid_final_read' <Predicate = (!icmp_ln128)> <Delay = 2.16> <CoreInst = "FIFO_SRL">   --->   Core 80 'FIFO_SRL' <Latency = 0> <II = 1> <Delay = 2.16> <Storage> <Opcode : 'read' 'write' 'nbread' 'nbwrite'> <Ports = 0> <Width = 24> <Depth = 2> <FIFO>
ST_4 : Operation 34 [1/1] (0.48ns)   --->   "%store_ln127 = store i9 %add_ln127, i9 %i" [top.cpp:127]   --->   Operation 34 'store' 'store_ln127' <Predicate = (icmp_ln128)> <Delay = 0.48>
ST_4 : Operation 35 [1/1] (0.00ns)   --->   "%br_ln127 = br void %VITIS_LOOP_128_2" [top.cpp:127]   --->   Operation 35 'br' 'br_ln127' <Predicate = (icmp_ln128)> <Delay = 0.00>

State 5 <SV = 4> <Delay = 7.30>
ST_5 : Operation 36 [1/1] (0.00ns)   --->   "%speclooptripcount_ln128 = speclooptripcount void @_ssdm_op_SpecLoopTripCount, i64 256, i64 256, i64 256" [top.cpp:128]   --->   Operation 36 'speclooptripcount' 'speclooptripcount_ln128' <Predicate = true> <Delay = 0.00>
ST_5 : Operation 37 [1/1] (0.00ns)   --->   "%specloopname_ln128 = specloopname void @_ssdm_op_SpecLoopName, void @empty_8" [top.cpp:128]   --->   Operation 37 'specloopname' 'specloopname_ln128' <Predicate = true> <Delay = 0.00>
ST_5 : Operation 38 [1/1] (0.00ns)   --->   "%zext_ln130 = zext i24 %grid_final_read" [top.cpp:130]   --->   Operation 38 'zext' 'zext_ln130' <Predicate = true> <Delay = 0.00>
ST_5 : Operation 39 [1/1] (7.30ns)   --->   "%write_ln130 = write void @_ssdm_op_Write.m_axi.p1i32, i64 %A_out_addr, i32 %zext_ln130, i4 15" [top.cpp:130]   --->   Operation 39 'write' 'write_ln130' <Predicate = true> <Delay = 7.30> <CoreInst = "m_axi">   --->   Core 119 'm_axi' <Latency = 5> <II = 1> <Delay = 1.00> <Adapter> <Opcode : 'read' 'write' 'readreq' 'writereq' 'writeresp'>
ST_5 : Operation 40 [1/1] (0.00ns)   --->   "%br_ln128 = br void %for.inc" [top.cpp:128]   --->   Operation 40 'br' 'br_ln128' <Predicate = true> <Delay = 0.00>

State 6 <SV = 3> <Delay = 7.30>
ST_6 : Operation 41 [5/5] (7.30ns)   --->   "%empty_30 = writeresp i1 @_ssdm_op_WriteResp.m_axi.p1i32, i64 %A_out_addr" [top.cpp:133]   --->   Operation 41 'writeresp' 'empty_30' <Predicate = true> <Delay = 7.30> <CoreInst = "m_axi">   --->   Core 119 'm_axi' <Latency = 3> <II = 1> <Delay = 1.00> <Adapter> <Opcode : 'read' 'write' 'readreq' 'writereq' 'writeresp'>

State 7 <SV = 4> <Delay = 7.30>
ST_7 : Operation 42 [4/5] (7.30ns)   --->   "%empty_30 = writeresp i1 @_ssdm_op_WriteResp.m_axi.p1i32, i64 %A_out_addr" [top.cpp:133]   --->   Operation 42 'writeresp' 'empty_30' <Predicate = true> <Delay = 7.30> <CoreInst = "m_axi">   --->   Core 119 'm_axi' <Latency = 3> <II = 1> <Delay = 1.00> <Adapter> <Opcode : 'read' 'write' 'readreq' 'writereq' 'writeresp'>

State 8 <SV = 5> <Delay = 7.30>
ST_8 : Operation 43 [3/5] (7.30ns)   --->   "%empty_30 = writeresp i1 @_ssdm_op_WriteResp.m_axi.p1i32, i64 %A_out_addr" [top.cpp:133]   --->   Operation 43 'writeresp' 'empty_30' <Predicate = true> <Delay = 7.30> <CoreInst = "m_axi">   --->   Core 119 'm_axi' <Latency = 3> <II = 1> <Delay = 1.00> <Adapter> <Opcode : 'read' 'write' 'readreq' 'writereq' 'writeresp'>

State 9 <SV = 6> <Delay = 7.30>
ST_9 : Operation 44 [2/5] (7.30ns)   --->   "%empty_30 = writeresp i1 @_ssdm_op_WriteResp.m_axi.p1i32, i64 %A_out_addr" [top.cpp:133]   --->   Operation 44 'writeresp' 'empty_30' <Predicate = true> <Delay = 7.30> <CoreInst = "m_axi">   --->   Core 119 'm_axi' <Latency = 3> <II = 1> <Delay = 1.00> <Adapter> <Opcode : 'read' 'write' 'readreq' 'writereq' 'writeresp'>

State 10 <SV = 7> <Delay = 7.30>
ST_10 : Operation 45 [1/5] (7.30ns)   --->   "%empty_30 = writeresp i1 @_ssdm_op_WriteResp.m_axi.p1i32, i64 %A_out_addr" [top.cpp:133]   --->   Operation 45 'writeresp' 'empty_30' <Predicate = true> <Delay = 7.30> <CoreInst = "m_axi">   --->   Core 119 'm_axi' <Latency = 3> <II = 1> <Delay = 1.00> <Adapter> <Opcode : 'read' 'write' 'readreq' 'writereq' 'writeresp'>
ST_10 : Operation 46 [1/1] (0.00ns)   --->   "%ret_ln133 = ret" [top.cpp:133]   --->   Operation 46 'ret' 'ret_ln133' <Predicate = true> <Delay = 0.00>


============================================================
+ Verbose Summary: Binding
============================================================
STG Binding: 
---------------- STG Properties BEGIN ----------------
- Is combinational: 0
- Is one-state seq: 0
- Is datapath-only: 0
- Is pipelined: 0
- Is top level: 0
Port [ Return ] is wired: 1; IO mode=ap_ctrl_hs:ce=0
Port [ grid_final]:  wired=1; compound=1; hidden=0; nouse=0; global=0; static=0; extern=0; dir=0; type=3; pingpong=0; private_global=0; IO mode=ap_fifo:ce=0
Port [ A_out]:  wired=1; compound=1; hidden=0; nouse=0; global=0; static=0; extern=0; dir=1; type=4; pingpong=0; private_global=0; IO mode=m_axi:ce=0
Port [ A_out1]:  wired=1; compound=1; hidden=0; nouse=0; global=0; static=0; extern=0; dir=0; type=3; pingpong=0; private_global=0; IO mode=ap_fifo:ce=0
---------------- STG Properties END ------------------

---------------- Datapath Model BEGIN ----------------

<LifeTime>
<method=bitvector/>
i                       (alloca           ) [ 01111100000]
A_out1_read             (read             ) [ 00000000000]
trunc_ln                (partselect       ) [ 00000000000]
sext_ln127              (sext             ) [ 00000000000]
A_out_addr              (getelementptr    ) [ 00111111111]
store_ln127             (store            ) [ 00000000000]
specinterface_ln0       (specinterface    ) [ 00000000000]
specinterface_ln0       (specinterface    ) [ 00000000000]
specinterface_ln0       (specinterface    ) [ 00000000000]
empty                   (writereq         ) [ 00000000000]
br_ln127                (br               ) [ 00000000000]
i_1                     (load             ) [ 00000000000]
icmp_ln127              (icmp             ) [ 00011100000]
add_ln127               (add              ) [ 00001100000]
br_ln127                (br               ) [ 00000000000]
speclooptripcount_ln127 (speclooptripcount) [ 00000000000]
specloopname_ln127      (specloopname     ) [ 00000000000]
br_ln128                (br               ) [ 00011100000]
j                       (phi              ) [ 00001000000]
icmp_ln128              (icmp             ) [ 00011100000]
add_ln128               (add              ) [ 00011100000]
br_ln128                (br               ) [ 00000000000]
grid_final_read         (read             ) [ 00000100000]
store_ln127             (store            ) [ 00000000000]
br_ln127                (br               ) [ 00000000000]
speclooptripcount_ln128 (speclooptripcount) [ 00000000000]
specloopname_ln128      (specloopname     ) [ 00000000000]
zext_ln130              (zext             ) [ 00000000000]
write_ln130             (write            ) [ 00000000000]
br_ln128                (br               ) [ 00011100000]
empty_30                (writeresp        ) [ 00000000000]
ret_ln133               (ret              ) [ 00000000000]
</LifeTime>

<model>

<comp_list>
<comp id="0" class="1000" name="grid_final">
<pin_list>
<pin id="1" dir="1" index="0" bw="1" slack="0"/>
</pin_list>
<bind>
<StgValue><ssdm name="grid_final"/></StgValue>
</bind>
</comp>

<comp id="2" class="1000" name="A_out">
<pin_list>
<pin id="3" dir="1" index="0" bw="1" slack="0"/>
</pin_list>
<bind>
<StgValue><ssdm name="A_out"/><MemPortTyVec>1 </MemPortTyVec>
</StgValue>
</bind>
</comp>

<comp id="4" class="1000" name="A_out1">
<pin_list>
<pin id="5" dir="1" index="0" bw="1" slack="0"/>
</pin_list>
<bind>
<StgValue><ssdm name="A_out1"/></StgValue>
</bind>
</comp>

<comp id="6" class="1001" name="const_6">
<pin_list>
<pin id="7" dir="1" index="0" bw="1" slack="0"/>
</pin_list>
<bind>
<StgValue><ssdm name=""/></StgValue>
</bind>
</comp>

<comp id="8" class="1001" name="const_8">
<pin_list>
<pin id="9" dir="1" index="0" bw="1" slack="0"/>
</pin_list>
<bind>
<StgValue><ssdm name="_ssdm_op_Read.ap_fifo.i64P0A"/></StgValue>
</bind>
</comp>

<comp id="10" class="1001" name="const_10">
<pin_list>
<pin id="11" dir="1" index="0" bw="1" slack="0"/>
</pin_list>
<bind>
<StgValue><ssdm name="_ssdm_op_PartSelect.i62.i64.i32.i32"/></StgValue>
</bind>
</comp>

<comp id="12" class="1001" name="const_12">
<pin_list>
<pin id="13" dir="1" index="0" bw="1" slack="0"/>
</pin_list>
<bind>
<StgValue><ssdm name=""/></StgValue>
</bind>
</comp>

<comp id="14" class="1001" name="const_14">
<pin_list>
<pin id="15" dir="1" index="0" bw="1" slack="0"/>
</pin_list>
<bind>
<StgValue><ssdm name=""/></StgValue>
</bind>
</comp>

<comp id="16" class="1001" name="const_16">
<pin_list>
<pin id="17" dir="1" index="0" bw="1" slack="0"/>
</pin_list>
<bind>
<StgValue><ssdm name=""/></StgValue>
</bind>
</comp>

<comp id="18" class="1001" name="const_18">
<pin_list>
<pin id="19" dir="1" index="0" bw="1" slack="2147483647"/>
</pin_list>
<bind>
<StgValue><ssdm name="_ssdm_op_SpecInterface"/></StgValue>
</bind>
</comp>

<comp id="20" class="1001" name="const_20">
<pin_list>
<pin id="21" dir="1" index="0" bw="1" slack="2147483647"/>
</pin_list>
<bind>
<StgValue><ssdm name="ap_fifo_str"/></StgValue>
</bind>
</comp>

<comp id="22" class="1001" name="const_22">
<pin_list>
<pin id="23" dir="1" index="0" bw="1" slack="2147483647"/>
</pin_list>
<bind>
<StgValue><ssdm name=""/></StgValue>
</bind>
</comp>

<comp id="24" class="1001" name="const_24">
<pin_list>
<pin id="25" dir="1" index="0" bw="1" slack="2147483647"/>
</pin_list>
<bind>
<StgValue><ssdm name="p_str"/></StgValue>
</bind>
</comp>

<comp id="26" class="1001" name="const_26">
<pin_list>
<pin id="27" dir="1" index="0" bw="1" slack="2147483647"/>
</pin_list>
<bind>
<StgValue><ssdm name=""/></StgValue>
</bind>
</comp>

<comp id="28" class="1001" name="const_28">
<pin_list>
<pin id="29" dir="1" index="0" bw="1" slack="2147483647"/>
</pin_list>
<bind>
<StgValue><ssdm name="ScalarProp_str"/></StgValue>
</bind>
</comp>

<comp id="30" class="1001" name="const_30">
<pin_list>
<pin id="31" dir="1" index="0" bw="1" slack="2147483647"/>
</pin_list>
<bind>
<StgValue><ssdm name=""/></StgValue>
</bind>
</comp>

<comp id="32" class="1001" name="const_32">
<pin_list>
<pin id="33" dir="1" index="0" bw="1" slack="2147483647"/>
</pin_list>
<bind>
<StgValue><ssdm name="empty_0"/></StgValue>
</bind>
</comp>

<comp id="34" class="1001" name="const_34">
<pin_list>
<pin id="35" dir="1" index="0" bw="1" slack="2147483647"/>
</pin_list>
<bind>
<StgValue><ssdm name="empty_15"/></StgValue>
</bind>
</comp>

<comp id="36" class="1001" name="const_36">
<pin_list>
<pin id="37" dir="1" index="0" bw="1" slack="2147483647"/>
</pin_list>
<bind>
<StgValue><ssdm name="empty_14"/></StgValue>
</bind>
</comp>

<comp id="38" class="1001" name="const_38">
<pin_list>
<pin id="39" dir="1" index="0" bw="1" slack="2147483647"/>
</pin_list>
<bind>
<StgValue><ssdm name="empty_3"/></StgValue>
</bind>
</comp>

<comp id="40" class="1001" name="const_40">
<pin_list>
<pin id="41" dir="1" index="0" bw="1" slack="2147483647"/>
</pin_list>
<bind>
<StgValue><ssdm name="empty_13"/></StgValue>
</bind>
</comp>

<comp id="42" class="1001" name="const_42">
<pin_list>
<pin id="43" dir="1" index="0" bw="1" slack="0"/>
</pin_list>
<bind>
<StgValue><ssdm name="_ssdm_op_WriteReq.m_axi.p1i32"/></StgValue>
</bind>
</comp>

<comp id="44" class="1001" name="const_44">
<pin_list>
<pin id="45" dir="1" index="0" bw="1" slack="0"/>
</pin_list>
<bind>
<StgValue><ssdm name=""/></StgValue>
</bind>
</comp>

<comp id="46" class="1001" name="const_46">
<pin_list>
<pin id="47" dir="1" index="0" bw="1" slack="0"/>
</pin_list>
<bind>
<StgValue><ssdm name=""/></StgValue>
</bind>
</comp>

<comp id="48" class="1001" name="const_48">
<pin_list>
<pin id="49" dir="1" index="0" bw="1" slack="0"/>
</pin_list>
<bind>
<StgValue><ssdm name=""/></StgValue>
</bind>
</comp>

<comp id="50" class="1001" name="const_50">
<pin_list>
<pin id="51" dir="1" index="0" bw="1" slack="2147483647"/>
</pin_list>
<bind>
<StgValue><ssdm name="_ssdm_op_SpecLoopTripCount"/></StgValue>
</bind>
</comp>

<comp id="52" class="1001" name="const_52">
<pin_list>
<pin id="53" dir="1" index="0" bw="1" slack="2147483647"/>
</pin_list>
<bind>
<StgValue><ssdm name=""/></StgValue>
</bind>
</comp>

<comp id="54" class="1001" name="const_54">
<pin_list>
<pin id="55" dir="1" index="0" bw="1" slack="2147483647"/>
</pin_list>
<bind>
<StgValue><ssdm name="_ssdm_op_SpecLoopName"/></StgValue>
</bind>
</comp>

<comp id="56" class="1001" name="const_56">
<pin_list>
<pin id="57" dir="1" index="0" bw="1" slack="2147483647"/>
</pin_list>
<bind>
<StgValue><ssdm name="empty_7"/></StgValue>
</bind>
</comp>

<comp id="58" class="1001" name="const_58">
<pin_list>
<pin id="59" dir="1" index="0" bw="1" slack="0"/>
</pin_list>
<bind>
<StgValue><ssdm name="_ssdm_op_Read.ap_fifo.volatile.i24P0A"/></StgValue>
</bind>
</comp>

<comp id="60" class="1001" name="const_60">
<pin_list>
<pin id="61" dir="1" index="0" bw="1" slack="2147483647"/>
</pin_list>
<bind>
<StgValue><ssdm name="empty_8"/></StgValue>
</bind>
</comp>

<comp id="62" class="1001" name="const_62">
<pin_list>
<pin id="63" dir="1" index="0" bw="1" slack="0"/>
</pin_list>
<bind>
<StgValue><ssdm name="_ssdm_op_Write.m_axi.p1i32"/></StgValue>
</bind>
</comp>

<comp id="64" class="1001" name="const_64">
<pin_list>
<pin id="65" dir="1" index="0" bw="1" slack="0"/>
</pin_list>
<bind>
<StgValue><ssdm name=""/></StgValue>
</bind>
</comp>

<comp id="66" class="1001" name="const_66">
<pin_list>
<pin id="67" dir="1" index="0" bw="1" slack="0"/>
</pin_list>
<bind>
<StgValue><ssdm name="_ssdm_op_WriteResp.m_axi.p1i32"/></StgValue>
</bind>
</comp>

<comp id="68" class="1004" name="i_fu_68">
<pin_list>
<pin id="69" dir="0" index="0" bw="1" slack="0"/>
<pin id="70" dir="1" index="1" bw="9" slack="0"/>
</pin_list>
<bind>
<opcode="alloca(26) " fcode="alloca"/>
<opset="i/1 "/>
</bind>
</comp>

<comp id="72" class="1004" name="A_out1_read_read_fu_72">
<pin_list>
<pin id="73" dir="0" index="0" bw="64" slack="0"/>
<pin id="74" dir="0" index="1" bw="64" slack="0"/>
<pin id="75" dir="1" index="2" bw="64" slack="0"/>
</pin_list>
<bind>
<opcode="read(1150) " fcode="read"/>
<opset="A_out1_read/1 "/>
</bind>
</comp>

<comp id="78" class="1004" name="grid_final_read_read_fu_78">
<pin_list>
<pin id="79" dir="0" index="0" bw="24" slack="0"/>
<pin id="80" dir="0" index="1" bw="24" slack="0"/>
<pin id="81" dir="1" index="2" bw="24" slack="1"/>
</pin_list>
<bind>
<opcode="read(1150) " fcode="read"/>
<opset="grid_final_read/4 "/>
</bind>
</comp>

<comp id="84" class="1004" name="empty_writereq_fu_84">
<pin_list>
<pin id="85" dir="0" index="0" bw="1" slack="0"/>
<pin id="86" dir="0" index="1" bw="32" slack="1"/>
<pin id="87" dir="0" index="2" bw="18" slack="0"/>
<pin id="88" dir="1" index="3" bw="1" slack="2147483647"/>
</pin_list>
<bind>
<opcode="writereq(1155) " fcode="writereq"/>
<opset="empty/2 "/>
</bind>
</comp>

<comp id="91" class="1004" name="write_ln130_write_fu_91">
<pin_list>
<pin id="92" dir="0" index="0" bw="0" slack="0"/>
<pin id="93" dir="0" index="1" bw="32" slack="4"/>
<pin id="94" dir="0" index="2" bw="24" slack="0"/>
<pin id="95" dir="0" index="3" bw="1" slack="0"/>
<pin id="96" dir="1" index="4" bw="0" slack="2147483647"/>
</pin_list>
<bind>
<opcode="write(1151) " fcode="write"/>
<opset="write_ln130/5 "/>
</bind>
</comp>

<comp id="99" class="1004" name="grp_writeresp_fu_99">
<pin_list>
<pin id="100" dir="0" index="0" bw="1" slack="0"/>
<pin id="101" dir="0" index="1" bw="32" slack="3"/>
<pin id="102" dir="1" index="2" bw="1" slack="2147483647"/>
</pin_list>
<bind>
<opcode="writeresp(1158) " fcode="writeresp"/>
<opset="empty_30/6 "/>
</bind>
</comp>

<comp id="104" class="1005" name="j_reg_104">
<pin_list>
<pin id="105" dir="0" index="0" bw="9" slack="1"/>
<pin id="106" dir="1" index="1" bw="9" slack="1"/>
</pin_list>
<bind>
<opset="j (phireg) "/>
</bind>
</comp>

<comp id="108" class="1004" name="j_phi_fu_108">
<pin_list>
<pin id="109" dir="0" index="0" bw="1" slack="1"/>
<pin id="110" dir="0" index="1" bw="0" slack="2147483647"/>
<pin id="111" dir="0" index="2" bw="9" slack="0"/>
<pin id="112" dir="0" index="3" bw="0" slack="2147483647"/>
<pin id="113" dir="1" index="4" bw="9" slack="0"/>
</pin_list>
<bind>
<opcode="phi(47) " fcode="phi"/>
<opset="j/4 "/>
</bind>
</comp>

<comp id="115" class="1004" name="trunc_ln_fu_115">
<pin_list>
<pin id="116" dir="0" index="0" bw="62" slack="0"/>
<pin id="117" dir="0" index="1" bw="64" slack="0"/>
<pin id="118" dir="0" index="2" bw="3" slack="0"/>
<pin id="119" dir="0" index="3" bw="7" slack="0"/>
<pin id="120" dir="1" index="4" bw="62" slack="0"/>
</pin_list>
<bind>
<opcode="partselect(1002) " fcode="partselect"/>
<opset="trunc_ln/1 "/>
</bind>
</comp>

<comp id="125" class="1004" name="sext_ln127_fu_125">
<pin_list>
<pin id="126" dir="0" index="0" bw="62" slack="0"/>
<pin id="127" dir="1" index="1" bw="64" slack="0"/>
</pin_list>
<bind>
<opcode="sext(35) " fcode="sext"/>
<opset="sext_ln127/1 "/>
</bind>
</comp>

<comp id="129" class="1004" name="A_out_addr_fu_129">
<pin_list>
<pin id="130" dir="0" index="0" bw="64" slack="0"/>
<pin id="131" dir="0" index="1" bw="64" slack="0"/>
<pin id="132" dir="1" index="2" bw="64" slack="1"/>
</pin_list>
<bind>
<opcode="getelementptr(29) " fcode="getelementptr"/>
<opset="A_out_addr/1 "/>
</bind>
</comp>

<comp id="135" class="1004" name="store_ln127_store_fu_135">
<pin_list>
<pin id="136" dir="0" index="0" bw="1" slack="0"/>
<pin id="137" dir="0" index="1" bw="9" slack="0"/>
<pin id="138" dir="1" index="2" bw="0" slack="2147483647"/>
</pin_list>
<bind>
<opcode="store(28) " fcode="store"/>
<opset="store_ln127/1 "/>
</bind>
</comp>

<comp id="140" class="1004" name="i_1_load_fu_140">
<pin_list>
<pin id="141" dir="0" index="0" bw="9" slack="2"/>
<pin id="142" dir="1" index="1" bw="9" slack="0"/>
</pin_list>
<bind>
<opcode="load(27) " fcode="load"/>
<opset="i_1/3 "/>
</bind>
</comp>

<comp id="143" class="1004" name="icmp_ln127_fu_143">
<pin_list>
<pin id="144" dir="0" index="0" bw="9" slack="0"/>
<pin id="145" dir="0" index="1" bw="9" slack="0"/>
<pin id="146" dir="1" index="2" bw="1" slack="2147483647"/>
</pin_list>
<bind>
<opcode="icmp(45) " fcode="icmp"/>
<opset="icmp_ln127/3 "/>
</bind>
</comp>

<comp id="149" class="1004" name="add_ln127_fu_149">
<pin_list>
<pin id="150" dir="0" index="0" bw="9" slack="0"/>
<pin id="151" dir="0" index="1" bw="1" slack="0"/>
<pin id="152" dir="1" index="2" bw="9" slack="1"/>
</pin_list>
<bind>
<opcode="add(8) " fcode="add"/>
<opset="add_ln127/3 "/>
</bind>
</comp>

<comp id="155" class="1004" name="icmp_ln128_fu_155">
<pin_list>
<pin id="156" dir="0" index="0" bw="9" slack="0"/>
<pin id="157" dir="0" index="1" bw="9" slack="0"/>
<pin id="158" dir="1" index="2" bw="1" slack="2147483647"/>
</pin_list>
<bind>
<opcode="icmp(45) " fcode="icmp"/>
<opset="icmp_ln128/4 "/>
</bind>
</comp>

<comp id="161" class="1004" name="add_ln128_fu_161">
<pin_list>
<pin id="162" dir="0" index="0" bw="9" slack="0"/>
<pin id="163" dir="0" index="1" bw="1" slack="0"/>
<pin id="164" dir="1" index="2" bw="9" slack="0"/>
</pin_list>
<bind>
<opcode="add(8) " fcode="add"/>
<opset="add_ln128/4 "/>
</bind>
</comp>

<comp id="167" class="1004" name="store_ln127_store_fu_167">
<pin_list>
<pin id="168" dir="0" index="0" bw="9" slack="1"/>
<pin id="169" dir="0" index="1" bw="9" slack="3"/>
<pin id="170" dir="1" index="2" bw="0" slack="2147483647"/>
</pin_list>
<bind>
<opcode="store(28) " fcode="store"/>
<opset="store_ln127/4 "/>
</bind>
</comp>

<comp id="171" class="1004" name="zext_ln130_fu_171">
<pin_list>
<pin id="172" dir="0" index="0" bw="24" slack="1"/>
<pin id="173" dir="1" index="1" bw="32" slack="0"/>
</pin_list>
<bind>
<opcode="zext(34) " fcode="zext"/>
<opset="zext_ln130/5 "/>
</bind>
</comp>

<comp id="175" class="1005" name="i_reg_175">
<pin_list>
<pin id="176" dir="0" index="0" bw="9" slack="0"/>
<pin id="177" dir="1" index="1" bw="9" slack="0"/>
</pin_list>
<bind>
<opset="i "/>
</bind>
</comp>

<comp id="182" class="1005" name="A_out_addr_reg_182">
<pin_list>
<pin id="183" dir="0" index="0" bw="32" slack="1"/>
<pin id="184" dir="1" index="1" bw="32" slack="1"/>
</pin_list>
<bind>
<opset="A_out_addr "/>
</bind>
</comp>

<comp id="192" class="1005" name="add_ln127_reg_192">
<pin_list>
<pin id="193" dir="0" index="0" bw="9" slack="1"/>
<pin id="194" dir="1" index="1" bw="9" slack="1"/>
</pin_list>
<bind>
<opset="add_ln127 "/>
</bind>
</comp>

<comp id="200" class="1005" name="add_ln128_reg_200">
<pin_list>
<pin id="201" dir="0" index="0" bw="9" slack="0"/>
<pin id="202" dir="1" index="1" bw="9" slack="0"/>
</pin_list>
<bind>
<opset="add_ln128 "/>
</bind>
</comp>

<comp id="205" class="1005" name="grid_final_read_reg_205">
<pin_list>
<pin id="206" dir="0" index="0" bw="24" slack="1"/>
<pin id="207" dir="1" index="1" bw="24" slack="1"/>
</pin_list>
<bind>
<opset="grid_final_read "/>
</bind>
</comp>

</comp_list>

<net_list>
<net id="71"><net_src comp="6" pin="0"/><net_sink comp="68" pin=0"/></net>

<net id="76"><net_src comp="8" pin="0"/><net_sink comp="72" pin=0"/></net>

<net id="77"><net_src comp="4" pin="0"/><net_sink comp="72" pin=1"/></net>

<net id="82"><net_src comp="58" pin="0"/><net_sink comp="78" pin=0"/></net>

<net id="83"><net_src comp="0" pin="0"/><net_sink comp="78" pin=1"/></net>

<net id="89"><net_src comp="42" pin="0"/><net_sink comp="84" pin=0"/></net>

<net id="90"><net_src comp="44" pin="0"/><net_sink comp="84" pin=2"/></net>

<net id="97"><net_src comp="62" pin="0"/><net_sink comp="91" pin=0"/></net>

<net id="98"><net_src comp="64" pin="0"/><net_sink comp="91" pin=3"/></net>

<net id="103"><net_src comp="66" pin="0"/><net_sink comp="99" pin=0"/></net>

<net id="107"><net_src comp="16" pin="0"/><net_sink comp="104" pin=0"/></net>

<net id="114"><net_src comp="104" pin="1"/><net_sink comp="108" pin=0"/></net>

<net id="121"><net_src comp="10" pin="0"/><net_sink comp="115" pin=0"/></net>

<net id="122"><net_src comp="72" pin="2"/><net_sink comp="115" pin=1"/></net>

<net id="123"><net_src comp="12" pin="0"/><net_sink comp="115" pin=2"/></net>

<net id="124"><net_src comp="14" pin="0"/><net_sink comp="115" pin=3"/></net>

<net id="128"><net_src comp="115" pin="4"/><net_sink comp="125" pin=0"/></net>

<net id="133"><net_src comp="2" pin="0"/><net_sink comp="129" pin=0"/></net>

<net id="134"><net_src comp="125" pin="1"/><net_sink comp="129" pin=1"/></net>

<net id="139"><net_src comp="16" pin="0"/><net_sink comp="135" pin=0"/></net>

<net id="147"><net_src comp="140" pin="1"/><net_sink comp="143" pin=0"/></net>

<net id="148"><net_src comp="46" pin="0"/><net_sink comp="143" pin=1"/></net>

<net id="153"><net_src comp="140" pin="1"/><net_sink comp="149" pin=0"/></net>

<net id="154"><net_src comp="48" pin="0"/><net_sink comp="149" pin=1"/></net>

<net id="159"><net_src comp="108" pin="4"/><net_sink comp="155" pin=0"/></net>

<net id="160"><net_src comp="46" pin="0"/><net_sink comp="155" pin=1"/></net>

<net id="165"><net_src comp="108" pin="4"/><net_sink comp="161" pin=0"/></net>

<net id="166"><net_src comp="48" pin="0"/><net_sink comp="161" pin=1"/></net>

<net id="174"><net_src comp="171" pin="1"/><net_sink comp="91" pin=2"/></net>

<net id="178"><net_src comp="68" pin="1"/><net_sink comp="175" pin=0"/></net>

<net id="179"><net_src comp="175" pin="1"/><net_sink comp="135" pin=1"/></net>

<net id="180"><net_src comp="175" pin="1"/><net_sink comp="140" pin=0"/></net>

<net id="181"><net_src comp="175" pin="1"/><net_sink comp="167" pin=1"/></net>

<net id="185"><net_src comp="129" pin="2"/><net_sink comp="182" pin=0"/></net>

<net id="186"><net_src comp="182" pin="1"/><net_sink comp="84" pin=1"/></net>

<net id="187"><net_src comp="182" pin="1"/><net_sink comp="91" pin=1"/></net>

<net id="188"><net_src comp="182" pin="1"/><net_sink comp="99" pin=1"/></net>

<net id="195"><net_src comp="149" pin="2"/><net_sink comp="192" pin=0"/></net>

<net id="196"><net_src comp="192" pin="1"/><net_sink comp="167" pin=0"/></net>

<net id="203"><net_src comp="161" pin="2"/><net_sink comp="200" pin=0"/></net>

<net id="204"><net_src comp="200" pin="1"/><net_sink comp="108" pin=2"/></net>

<net id="208"><net_src comp="78" pin="2"/><net_sink comp="205" pin=0"/></net>

<net id="209"><net_src comp="205" pin="1"/><net_sink comp="171" pin=0"/></net>

</net_list>

</model> 
---------------- Datapath Model END ------------------

* FSMD analyzer results:
  - Output states:
	Port: A_out | {2 5 6 7 8 9 10 }
 - Input state : 
	Port: write_output : grid_final | {4 }
	Port: write_output : A_out | {}
	Port: write_output : A_out1 | {1 }
  - Chain level:
	State 1
		sext_ln127 : 1
		A_out_addr : 2
		store_ln127 : 1
	State 2
	State 3
		icmp_ln127 : 1
		add_ln127 : 1
		br_ln127 : 2
	State 4
		icmp_ln128 : 1
		add_ln128 : 1
		br_ln128 : 2
	State 5
		write_ln130 : 1
	State 6
	State 7
	State 8
	State 9
	State 10


============================================================
+ Verbose Summary: Datapath Resource usage 
============================================================

* Functional unit list:
|----------|----------------------------|---------|---------|
| Operation|       Functional Unit      |    FF   |   LUT   |
|----------|----------------------------|---------|---------|
|   icmp   |      icmp_ln127_fu_143     |    0    |    16   |
|          |      icmp_ln128_fu_155     |    0    |    16   |
|----------|----------------------------|---------|---------|
|    add   |      add_ln127_fu_149      |    0    |    16   |
|          |      add_ln128_fu_161      |    0    |    16   |
|----------|----------------------------|---------|---------|
|   read   |   A_out1_read_read_fu_72   |    0    |    0    |
|          | grid_final_read_read_fu_78 |    0    |    0    |
|----------|----------------------------|---------|---------|
| writereq |    empty_writereq_fu_84    |    0    |    0    |
|----------|----------------------------|---------|---------|
|   write  |   write_ln130_write_fu_91  |    0    |    0    |
|----------|----------------------------|---------|---------|
| writeresp|     grp_writeresp_fu_99    |    0    |    0    |
|----------|----------------------------|---------|---------|
|partselect|       trunc_ln_fu_115      |    0    |    0    |
|----------|----------------------------|---------|---------|
|   sext   |      sext_ln127_fu_125     |    0    |    0    |
|----------|----------------------------|---------|---------|
|   zext   |      zext_ln130_fu_171     |    0    |    0    |
|----------|----------------------------|---------|---------|
|   Total  |                            |    0    |    64   |
|----------|----------------------------|---------|---------|

Memories:
N/A

* Register list:
+-----------------------+--------+
|                       |   FF   |
+-----------------------+--------+
|   A_out_addr_reg_182  |   32   |
|   add_ln127_reg_192   |    9   |
|   add_ln128_reg_200   |    9   |
|grid_final_read_reg_205|   24   |
|       i_reg_175       |    9   |
|       j_reg_104       |    9   |
+-----------------------+--------+
|         Total         |   92   |
+-----------------------+--------+

* Multiplexer (MUX) list: 
|--------|------|------|------|--------|
|  Comp  |  Pin | Size |  BW  | S x BW |
|--------|------|------|------|--------|
|  Total |      |      |      |    0   |
|--------|------|------|------|--------|



* Summary:
+-----------+--------+--------+
|           |   FF   |   LUT  |
+-----------+--------+--------+
|  Function |    0   |   64   |
|   Memory  |    -   |    -   |
|Multiplexer|    -   |    -   |
|  Register |   92   |    -   |
+-----------+--------+--------+
|   Total   |   92   |   64   |
+-----------+--------+--------+
