Copyright 1986-2022 Xilinx, Inc. All Rights Reserved. Copyright 2022-2025 Advanced Micro Devices, Inc. All Rights Reserved.
---------------------------------------------------------------------------------------------------------------------------------------------
| Tool Version : Vivado v.2025.1.1 (lin64) Build 6233196 Thu Sep 11 21:27:11 MDT 2025
| Date         : Tue Mar 10 15:26:02 2026
| Host         : ece-linlabsrv01 running 64-bit Red Hat Enterprise Linux release 8.10 (Ootpa)
| Command      : report_control_sets -verbose -file bd_0_wrapper_control_sets_placed.rpt
| Design       : bd_0_wrapper
| Device       : xczu3eg
---------------------------------------------------------------------------------------------------------------------------------------------

Control Set Information

Table of Contents
-----------------
1. Summary
2. Histogram
3. Flip-Flop Distribution
4. Detailed Control Set Information

1. Summary
----------

+----------------------------------------------------------+-------+
|                          Status                          | Count |
+----------------------------------------------------------+-------+
| Total control sets                                       |   112 |
|    Minimum number of control sets                        |   112 |
|    Addition due to synthesis replication                 |     0 |
|    Addition due to physical synthesis replication        |     0 |
| Unused register locations in slices containing registers |   161 |
+----------------------------------------------------------+-------+
* Control sets can be merged at opt_design using control_set_merge or merge_equivalent_drivers
** Run report_qor_suggestions for automated merging and remapping suggestions


2. Histogram
------------

+--------------------+-------+
|       Fanout       | Count |
+--------------------+-------+
| Total control sets |   112 |
| >= 0 to < 4        |    18 |
| >= 4 to < 6        |    27 |
| >= 6 to < 8        |     2 |
| >= 8 to < 10       |    10 |
| >= 10 to < 12      |     2 |
| >= 12 to < 14      |     1 |
| >= 14 to < 16      |     0 |
| >= 16              |    52 |
+--------------------+-------+
* Control sets can be remapped at either synth_design or opt_design


3. Flip-Flop Distribution
-------------------------

+--------------+-----------------------+------------------------+-----------------+--------------+
| Clock Enable | Synchronous Set/Reset | Asynchronous Set/Reset | Total Registers | Total Slices |
+--------------+-----------------------+------------------------+-----------------+--------------+
| No           | No                    | No                     |            3957 |          417 |
| No           | No                    | Yes                    |               0 |            0 |
| No           | Yes                   | No                     |             258 |           83 |
| Yes          | No                    | No                     |             905 |          149 |
| Yes          | No                    | Yes                    |               0 |            0 |
| Yes          | Yes                   | No                     |            1491 |          271 |
+--------------+-----------------------+------------------------+-----------------+--------------+


4. Detailed Control Set Information
-----------------------------------

+--------------+----------------------------------------------------------------------------------------------------------------------+------------------------------------------------------------------------------------------------------------------------------------------------------------------------------+------------------+----------------+--------------+
| Clock Signal |                                                     Enable Signal                                                    |                                                                               Set/Reset Signal                                                                               | Slice Load Count | Bel Load Count | Bels / Slice |
+--------------+----------------------------------------------------------------------------------------------------------------------+------------------------------------------------------------------------------------------------------------------------------------------------------------------------------+------------------+----------------+--------------+
|  ap_clk      | bd_0_i/hls_inst/inst/out_r_m_axi_U/store_unit_0/fifo_wrsp/U_fifo_srl/pop                                             | ap_rst_n                                                                                                                                                                     |                1 |              1 |         1.00 |
|  ap_clk      | bd_0_i/hls_inst/inst/in_r_m_axi_U/bus_read/rreq_burst_conv/burst_sequential/push                                     |                                                                                                                                                                              |                1 |              1 |         1.00 |
|  ap_clk      | bd_0_i/hls_inst/inst/out_r_m_axi_U/bus_write/fifo_resp_gen[0].fifo_resp/U_fifo_srl/pop                               | ap_rst_n                                                                                                                                                                     |                1 |              1 |         1.00 |
|  ap_clk      | bd_0_i/hls_inst/inst/out_r_m_axi_U/bus_write/wreq_burst_conv/burst_sequential/push                                   |                                                                                                                                                                              |                1 |              1 |         1.00 |
|  ap_clk      | bd_0_i/hls_inst/inst/out_r_m_axi_U/store_unit_0/fifo_wrsp/push                                                       |                                                                                                                                                                              |                1 |              1 |         1.00 |
|  ap_clk      | bd_0_i/hls_inst/inst/in_r_m_axi_U/bus_read/rs_rdata/pop                                                              | ap_rst_n                                                                                                                                                                     |                1 |              1 |         1.00 |
|  ap_clk      | bd_0_i/hls_inst/inst/out_r_m_axi_U/store_unit_0/fifo_wreq/raddr[1]_i_1__3_n_0                                        | ap_rst_n                                                                                                                                                                     |                1 |              2 |         2.00 |
|  ap_clk      | bd_0_i/hls_inst/inst/grp_top_kernel_Pipeline_VITIS_LOOP_78_1_VITIS_LOOP_85_2_fu_217/s3_ce0                           |                                                                                                                                                                              |                1 |              2 |         2.00 |
|  ap_clk      | bd_0_i/hls_inst/inst/grp_top_kernel_Pipeline_VITIS_LOOP_78_1_VITIS_LOOP_85_2_fu_217/s1_ce0                           |                                                                                                                                                                              |                1 |              2 |         2.00 |
|  ap_clk      | bd_0_i/hls_inst/inst/grp_K1_fu_201/s0_ce0                                                                            |                                                                                                                                                                              |                1 |              2 |         2.00 |
|  ap_clk      | bd_0_i/hls_inst/inst/grp_K1_fu_201/s0_ce1                                                                            |                                                                                                                                                                              |                1 |              2 |         2.00 |
|  ap_clk      | bd_0_i/hls_inst/inst/in_r_m_axi_U/load_unit_0/fifo_rreq/raddr[1]_i_1_n_0                                             | ap_rst_n                                                                                                                                                                     |                1 |              2 |         2.00 |
|  ap_clk      |                                                                                                                      | bd_0_i/hls_inst/inst/grp_top_kernel_Pipeline_VITIS_LOOP_78_1_VITIS_LOOP_85_2_fu_217/ap_enable_reg_pp0_iter2_i_1__0_n_0                                                       |                1 |              2 |         2.00 |
|  ap_clk      | bd_0_i/hls_inst/inst/control_s_axi_U/int_ier10_out                                                                   | ap_rst_n                                                                                                                                                                     |                1 |              2 |         2.00 |
|  ap_clk      | bd_0_i/hls_inst/inst/out_r_m_axi_U/store_unit_0/fifo_wreq/num_data_cnt[2]_i_1__3_n_0                                 | ap_rst_n                                                                                                                                                                     |                1 |              3 |         3.00 |
|  ap_clk      | bd_0_i/hls_inst/inst/out_r_m_axi_U/store_unit_0/fifo_wreq/mOutPtr[2]_i_1__3_n_0                                      | ap_rst_n                                                                                                                                                                     |                1 |              3 |         3.00 |
|  ap_clk      | bd_0_i/hls_inst/inst/out_r_m_axi_U/store_unit_0/user_resp/mOutPtr[2]_i_1__7_n_0                                      | ap_rst_n                                                                                                                                                                     |                1 |              3 |         3.00 |
|  ap_clk      | bd_0_i/hls_inst/inst/out_r_m_axi_U/store_unit_0/fifo_wrsp/U_fifo_srl/ap_CS_fsm_reg[25][0]                            | ap_rst_n                                                                                                                                                                     |                1 |              3 |         3.00 |
|  ap_clk      | bd_0_i/hls_inst/inst/grp_K1_fu_201/ap_CS_fsm_state5                                                                  | bd_0_i/hls_inst/inst/grp_K1_fu_201/select_ln16_reg_8700_in[25]                                                                                                               |                2 |              4 |         2.00 |
|  ap_clk      | bd_0_i/hls_inst/inst/out_r_m_axi_U/store_unit_0/conservative_gen.local_BURST_WVALID_reg_0[0]                         |                                                                                                                                                                              |                1 |              4 |         4.00 |
|  ap_clk      | bd_0_i/hls_inst/inst/out_r_m_axi_U/bus_write/wreq_throttle/rs_burst/load_p1                                          |                                                                                                                                                                              |                1 |              4 |         4.00 |
|  ap_clk      | bd_0_i/hls_inst/inst/in_r_m_axi_U/bus_read/ost_ctrl_gen[0].fifo_burst/raddr[3]_i_1_n_0                               | ap_rst_n                                                                                                                                                                     |                2 |              4 |         2.00 |
|  ap_clk      | bd_0_i/hls_inst/inst/out_r_m_axi_U/bus_write/wreq_throttle/fifo_burst_gen[0].fifo_req/raddr[3]_i_1__4_n_0            | ap_rst_n                                                                                                                                                                     |                1 |              4 |         4.00 |
|  ap_clk      | bd_0_i/hls_inst/inst/out_r_m_axi_U/store_unit_0/fifo_wrsp/U_fifo_srl/raddr_reg[0][0]                                 | ap_rst_n                                                                                                                                                                     |                1 |              4 |         4.00 |
|  ap_clk      | bd_0_i/hls_inst/inst/out_r_m_axi_U/store_unit_0/conservative_gen.fifo_burst/U_fifo_srl/raddr_reg[0][0]               | ap_rst_n                                                                                                                                                                     |                1 |              4 |         4.00 |
|  ap_clk      | bd_0_i/hls_inst/inst/in_r_m_axi_U/load_unit_0/fifo_rreq/mOutPtr[3]_i_1_n_0                                           | ap_rst_n                                                                                                                                                                     |                1 |              4 |         4.00 |
|  ap_clk      | bd_0_i/hls_inst/inst/in_r_m_axi_U/load_unit_0/fifo_rreq/num_data_cnt[3]_i_1_n_0                                      | ap_rst_n                                                                                                                                                                     |                2 |              4 |         2.00 |
|  ap_clk      | bd_0_i/hls_inst/inst/out_r_m_axi_U/bus_write/fifo_resp_gen[0].fifo_resp/raddr[3]_i_1__5_n_0                          | ap_rst_n                                                                                                                                                                     |                1 |              4 |         4.00 |
|  ap_clk      | bd_0_i/hls_inst/inst/control_s_axi_U/waddr                                                                           |                                                                                                                                                                              |                1 |              4 |         4.00 |
|  ap_clk      | bd_0_i/hls_inst/inst/out_r_m_axi_U/store_unit_0/conservative_gen.fifo_burst/U_fifo_srl/dout_vld_reg                  | ap_rst_n                                                                                                                                                                     |                3 |              4 |         1.33 |
|  ap_clk      | bd_0_i/hls_inst/inst/out_r_m_axi_U/store_unit_0/conservative_gen.fifo_burst/U_fifo_srl/pop                           | ap_rst_n                                                                                                                                                                     |                2 |              4 |         2.00 |
|  ap_clk      | bd_0_i/hls_inst/inst/out_r_m_axi_U/store_unit_0/conservative_gen.fifo_burst/U_fifo_srl/push_0                        |                                                                                                                                                                              |                1 |              4 |         4.00 |
|  ap_clk      | bd_0_i/hls_inst/inst/in_r_m_axi_U/bus_read/ost_ctrl_gen[0].fifo_rctl/mOutPtr                                         | ap_rst_n                                                                                                                                                                     |                1 |              5 |         5.00 |
|  ap_clk      | bd_0_i/hls_inst/inst/out_r_m_axi_U/bus_write/fifo_resp_gen[0].fifo_resp/num_data_cnt[4]_i_1__5_n_0                   | ap_rst_n                                                                                                                                                                     |                1 |              5 |         5.00 |
|  ap_clk      | bd_0_i/hls_inst/inst/in_r_m_axi_U/bus_read/ost_ctrl_gen[0].fifo_burst/num_data_cnt[4]_i_1_n_0                        | ap_rst_n                                                                                                                                                                     |                2 |              5 |         2.50 |
|  ap_clk      | bd_0_i/hls_inst/inst/in_r_m_axi_U/bus_read/ost_ctrl_gen[0].fifo_burst/mOutPtr[4]_i_1_n_0                             | ap_rst_n                                                                                                                                                                     |                2 |              5 |         2.50 |
|  ap_clk      | bd_0_i/hls_inst/inst/in_r_m_axi_U/bus_read/ost_ctrl_gen[0].fifo_rctl/num_data_cnt                                    | ap_rst_n                                                                                                                                                                     |                1 |              5 |         5.00 |
|  ap_clk      | bd_0_i/hls_inst/inst/out_r_m_axi_U/bus_write/fifo_resp_gen[0].fifo_resp/mOutPtr[4]_i_1__5_n_0                        | ap_rst_n                                                                                                                                                                     |                1 |              5 |         5.00 |
|  ap_clk      | bd_0_i/hls_inst/inst/out_r_m_axi_U/bus_write/wreq_throttle/fifo_burst_gen[0].fifo_req/mOutPtr[4]_i_1__4_n_0          | ap_rst_n                                                                                                                                                                     |                1 |              5 |         5.00 |
|  ap_clk      | bd_0_i/hls_inst/inst/out_r_m_axi_U/bus_write/wreq_throttle/fifo_burst_gen[0].fifo_req/num_data_cnt[4]_i_1__4_n_0     | ap_rst_n                                                                                                                                                                     |                1 |              5 |         5.00 |
|  ap_clk      | bd_0_i/hls_inst/inst/out_r_m_axi_U/store_unit_0/buff_wdata/raddr[4]_i_1__0_n_0                                       | ap_rst_n                                                                                                                                                                     |                2 |              5 |         2.50 |
|  ap_clk      | bd_0_i/hls_inst/inst/out_r_m_axi_U/store_unit_0/conservative_gen.fifo_burst/U_fifo_srl/full_n_reg[0]                 | ap_rst_n                                                                                                                                                                     |                1 |              5 |         5.00 |
|  ap_clk      | bd_0_i/hls_inst/inst/out_r_m_axi_U/store_unit_0/fifo_wrsp/U_fifo_srl/E[0]                                            | ap_rst_n                                                                                                                                                                     |                1 |              5 |         5.00 |
|  ap_clk      | bd_0_i/hls_inst/inst/out_r_m_axi_U/store_unit_0/conservative_gen.fifo_burst/U_fifo_srl/E[0]                          | ap_rst_n                                                                                                                                                                     |                1 |              5 |         5.00 |
|  ap_clk      | bd_0_i/hls_inst/inst/out_r_m_axi_U/store_unit_0/fifo_wrsp/U_fifo_srl/s_ready_t_reg[0]                                | ap_rst_n                                                                                                                                                                     |                2 |              5 |         2.50 |
|  ap_clk      | bd_0_i/hls_inst/inst/out_r_m_axi_U/store_unit_0/buff_wdata/num_data_cnt[5]_i_1_n_0                                   | ap_rst_n                                                                                                                                                                     |                1 |              6 |         6.00 |
|  ap_clk      | bd_0_i/hls_inst/inst/out_r_m_axi_U/store_unit_0/buff_wdata/mOutPtr[5]_i_1_n_0                                        | ap_rst_n                                                                                                                                                                     |                2 |              6 |         3.00 |
|  ap_clk      | bd_0_i/hls_inst/inst/out_r_m_axi_U/store_unit_0/buff_wdata/E[0]                                                      | ap_rst_n                                                                                                                                                                     |                1 |              8 |         8.00 |
|  ap_clk      | bd_0_i/hls_inst/inst/in_r_m_axi_U/load_unit_0/buff_rdata/U_fifo_mem/full_n_reg                                       | ap_rst_n                                                                                                                                                                     |                2 |              8 |         4.00 |
|  ap_clk      | bd_0_i/hls_inst/inst/out_r_m_axi_U/bus_write/wreq_burst_conv/burst_sequential/could_multi_bursts.last_loop           | ap_rst_n                                                                                                                                                                     |                3 |              8 |         2.67 |
|  ap_clk      | bd_0_i/hls_inst/inst/out_r_m_axi_U/bus_write/wreq_throttle/rs_req/dout_vld_reg                                       | bd_0_i/hls_inst/inst/out_r_m_axi_U/bus_write/wreq_throttle/rs_burst/ap_rst_n_0[0]                                                                                            |                2 |              8 |         4.00 |
|  ap_clk      | bd_0_i/hls_inst/inst/in_r_m_axi_U/load_unit_0/buff_rdata/pop                                                         | ap_rst_n                                                                                                                                                                     |                2 |              8 |         4.00 |
|  ap_clk      | bd_0_i/hls_inst/inst/in_r_m_axi_U/bus_read/rreq_burst_conv/burst_sequential/could_multi_bursts.last_loop             | ap_rst_n                                                                                                                                                                     |                4 |              8 |         2.00 |
|  ap_clk      | bd_0_i/hls_inst/inst/in_r_m_axi_U/load_unit_0/buff_rdata/mOutPtr[8]_i_1_n_0                                          | ap_rst_n                                                                                                                                                                     |                2 |              9 |         4.50 |
|  ap_clk      | bd_0_i/hls_inst/inst/in_r_m_axi_U/load_unit_0/buff_rdata/num_data_cnt[8]_i_1_n_0                                     | ap_rst_n                                                                                                                                                                     |                2 |              9 |         4.50 |
|  ap_clk      | bd_0_i/hls_inst/inst/grp_K2_fu_209/ap_NS_fsm1                                                                        | bd_0_i/hls_inst/inst/grp_K2_fu_209/ap_NS_fsm11_out                                                                                                                           |                2 |              9 |         4.50 |
|  ap_clk      | bd_0_i/hls_inst/inst/grp_K2_fu_209/ap_CS_fsm_state4                                                                  | bd_0_i/hls_inst/inst/grp_K2_fu_209/i_reg_128                                                                                                                                 |                2 |              9 |         4.50 |
|  ap_clk      | bd_0_i/hls_inst/inst/in_r_m_axi_U/bus_read/rreq_burst_conv/burst_sequential/rs_req/p_15_in                           | bd_0_i/hls_inst/inst/in_r_m_axi_U/bus_read/rreq_burst_conv/burst_sequential/sect_addr_buf[11]_i_1_n_0                                                                        |                3 |             10 |         3.33 |
|  ap_clk      | bd_0_i/hls_inst/inst/out_r_m_axi_U/bus_write/wreq_burst_conv/burst_sequential/rs_req/p_15_in                         | bd_0_i/hls_inst/inst/out_r_m_axi_U/bus_write/wreq_burst_conv/burst_sequential/sect_addr_buf[11]_i_1__0_n_0                                                                   |                3 |             10 |         3.33 |
|  ap_clk      | bd_0_i/hls_inst/inst/ap_CS_fsm_state20                                                                               |                                                                                                                                                                              |                3 |             12 |         4.00 |
|  ap_clk      | bd_0_i/hls_inst/inst/in_r_m_axi_U/load_unit_0/buff_rdata/k_fu_8210_out                                               | bd_0_i/hls_inst/inst/grp_top_kernel_Pipeline_VITIS_LOOP_28_1_fu_192/flow_control_loop_pipe_sequential_init_U/grp_top_kernel_Pipeline_VITIS_LOOP_28_1_fu_192_ap_start_reg_reg |                6 |             16 |         2.67 |
|  ap_clk      | bd_0_i/hls_inst/inst/grp_K2_fu_209/ap_CS_fsm_state2                                                                  |                                                                                                                                                                              |                4 |             17 |         4.25 |
|  ap_clk      | bd_0_i/hls_inst/inst/grp_K1_fu_201/ap_NS_fsm[2]                                                                      | bd_0_i/hls_inst/inst/grp_K1_fu_201/ap_NS_fsm1                                                                                                                                |                3 |             17 |         5.67 |
|  ap_clk      | bd_0_i/hls_inst/inst/grp_K1_fu_201/ap_CS_fsm_state2                                                                  |                                                                                                                                                                              |                5 |             17 |         3.40 |
|  ap_clk      | bd_0_i/hls_inst/inst/ap_CS_fsm_state20                                                                               | bd_0_i/hls_inst/inst/s3_U/z_3_reg_5920_in[0]                                                                                                                                 |                6 |             17 |         2.83 |
|  ap_clk      | bd_0_i/hls_inst/inst/ap_NS_fsm[18]                                                                                   | bd_0_i/hls_inst/inst/control_s_axi_U/ap_NS_fsm14_out                                                                                                                         |                3 |             17 |         5.67 |
|  ap_clk      | bd_0_i/hls_inst/inst/grp_top_kernel_Pipeline_VITIS_LOOP_28_1_fu_192/flow_control_loop_pipe_sequential_init_U/k_fu_82 |                                                                                                                                                                              |                3 |             17 |         5.67 |
|  ap_clk      | bd_0_i/hls_inst/inst/ap_CS_fsm_state19                                                                               |                                                                                                                                                                              |                5 |             26 |         5.20 |
|  ap_clk      | bd_0_i/hls_inst/inst/grp_K1_fu_201/ap_CS_fsm_state5                                                                  | bd_0_i/hls_inst/inst/grp_K1_fu_201/select_ln16_reg_8700_in[15]                                                                                                               |                7 |             30 |         4.29 |
|  ap_clk      | bd_0_i/hls_inst/inst/control_s_axi_U/int_in_r_r[63]_i_1_n_0                                                          | ap_rst_n                                                                                                                                                                     |               20 |             32 |         1.60 |
|  ap_clk      | bd_0_i/hls_inst/inst/control_s_axi_U/int_out_r_r[63]_i_1_n_0                                                         | ap_rst_n                                                                                                                                                                     |               18 |             32 |         1.78 |
|  ap_clk      |                                                                                                                      | bd_0_i/hls_inst/inst/grp_top_kernel_Pipeline_VITIS_LOOP_78_1_VITIS_LOOP_85_2_fu_217/sdiv_50ns_34s_50_54_1_U12/SR[0]                                                          |                7 |             32 |         4.57 |
|  ap_clk      | bd_0_i/hls_inst/inst/control_s_axi_U/ar_hs                                                                           |                                                                                                                                                                              |               26 |             32 |         1.23 |
|  ap_clk      |                                                                                                                      | bd_0_i/hls_inst/inst/grp_top_kernel_Pipeline_VITIS_LOOP_78_1_VITIS_LOOP_85_2_fu_217/sdiv_50ns_34s_50_54_1_U12/top_kernel_sdiv_50ns_34s_50_54_1_divider_u/p_2_out[0]          |                5 |             32 |         6.40 |
|  ap_clk      | bd_0_i/hls_inst/inst/control_s_axi_U/int_out_r_r[31]_i_1_n_0                                                         | ap_rst_n                                                                                                                                                                     |               18 |             32 |         1.78 |
|  ap_clk      | bd_0_i/hls_inst/inst/control_s_axi_U/int_in_r_r[31]_i_1_n_0                                                          | ap_rst_n                                                                                                                                                                     |               20 |             32 |         1.60 |
|  ap_clk      | bd_0_i/hls_inst/inst/grp_K1_fu_201/grp_K1_fu_201_s0_ce1                                                              |                                                                                                                                                                              |                6 |             33 |         5.50 |
|  ap_clk      | bd_0_i/hls_inst/inst/out_r_m_axi_U/store_unit_0/buff_wdata/U_fifo_srl/sel                                            |                                                                                                                                                                              |                5 |             33 |         6.60 |
|  ap_clk      | bd_0_i/hls_inst/inst/out_r_m_axi_U/bus_write/wreq_throttle/rs_req/ap_rst_n_1                                         | bd_0_i/hls_inst/inst/out_r_m_axi_U/bus_write/wreq_throttle/rs_req/ap_rst_n_0                                                                                                 |               10 |             33 |         3.30 |
|  ap_clk      | bd_0_i/hls_inst/inst/in_r_m_axi_U/bus_read/rs_rdata/load_p1                                                          |                                                                                                                                                                              |                5 |             33 |         6.60 |
|  ap_clk      | bd_0_i/hls_inst/inst/in_r_m_axi_U/bus_read/rs_rdata/load_p2                                                          |                                                                                                                                                                              |                5 |             33 |         6.60 |
|  ap_clk      | bd_0_i/hls_inst/inst/grp_K1_fu_201/ap_CS_fsm_state4                                                                  |                                                                                                                                                                              |                5 |             33 |         6.60 |
|  ap_clk      | bd_0_i/hls_inst/inst/out_r_m_axi_U/bus_write/wreq_throttle/rs_burst/pop                                              | ap_rst_n                                                                                                                                                                     |               11 |             33 |         3.00 |
|  ap_clk      | bd_0_i/hls_inst/inst/grp_top_kernel_Pipeline_VITIS_LOOP_78_1_VITIS_LOOP_85_2_fu_217/b_fu_116                         | bd_0_i/hls_inst/inst/grp_top_kernel_Pipeline_VITIS_LOOP_78_1_VITIS_LOOP_85_2_fu_217/flow_control_loop_pipe_sequential_init_U/ap_loop_init                                    |                6 |             34 |         5.67 |
|  ap_clk      | bd_0_i/hls_inst/inst/grp_K2_fu_209/ap_NS_fsm[2]                                                                      |                                                                                                                                                                              |                6 |             35 |         5.83 |
|  ap_clk      | bd_0_i/hls_inst/inst/grp_K2_fu_209/Q[0]                                                                              |                                                                                                                                                                              |                7 |             37 |         5.29 |
|  ap_clk      | bd_0_i/hls_inst/inst/in_r_m_axi_U/load_unit_0/buff_rdata/k_fu_8210_out                                               |                                                                                                                                                                              |               16 |             48 |         3.00 |
|  ap_clk      | bd_0_i/hls_inst/inst/out_r_m_axi_U/bus_write/wreq_burst_conv/burst_sequential/rs_req/E[0]                            | ap_rst_n                                                                                                                                                                     |               12 |             53 |         4.42 |
|  ap_clk      | bd_0_i/hls_inst/inst/in_r_m_axi_U/bus_read/rreq_burst_conv/burst_sequential/rs_req/E[0]                              | ap_rst_n                                                                                                                                                                     |               12 |             53 |         4.42 |
|  ap_clk      | bd_0_i/hls_inst/inst/out_r_m_axi_U/bus_write/wreq_throttle/fifo_burst_gen[0].fifo_req/U_fifo_srl/push                |                                                                                                                                                                              |                4 |             62 |        15.50 |
|  ap_clk      | bd_0_i/hls_inst/inst/out_r_m_axi_U/bus_write/wreq_throttle/rs_burst/pop_0                                            | ap_rst_n                                                                                                                                                                     |               14 |             62 |         4.43 |
|  ap_clk      | bd_0_i/hls_inst/inst/out_r_m_axi_U/store_unit_0/fifo_wreq/U_fifo_srl/push_0                                          |                                                                                                                                                                              |                5 |             63 |        12.60 |
|  ap_clk      | bd_0_i/hls_inst/inst/out_r_m_axi_U/store_unit_0/fifo_wreq/U_fifo_srl/pop                                             | ap_rst_n                                                                                                                                                                     |               17 |             63 |         3.71 |
|  ap_clk      | bd_0_i/hls_inst/inst/in_r_m_axi_U/load_unit_0/fifo_rreq/U_fifo_srl/ap_CS_fsm_reg[1]                                  |                                                                                                                                                                              |                5 |             63 |        12.60 |
|  ap_clk      | bd_0_i/hls_inst/inst/in_r_m_axi_U/load_unit_0/fifo_rreq/U_fifo_srl/pop                                               | ap_rst_n                                                                                                                                                                     |               15 |             63 |         4.20 |
|  ap_clk      | bd_0_i/hls_inst/inst/out_r_m_axi_U/store_unit_0/fifo_wreq/next_wreq                                                  | ap_rst_n                                                                                                                                                                     |               20 |             64 |         3.20 |
|  ap_clk      | bd_0_i/hls_inst/inst/in_r_m_axi_U/bus_read/rreq_burst_conv/burst_sequential/rs_req/load_p1                           |                                                                                                                                                                              |               16 |             64 |         4.00 |
|  ap_clk      | bd_0_i/hls_inst/inst/in_r_m_axi_U/load_unit_0/E[0]                                                                   |                                                                                                                                                                              |               15 |             64 |         4.27 |
|  ap_clk      | bd_0_i/hls_inst/inst/in_r_m_axi_U/load_unit_0/fifo_rreq/E[0]                                                         | ap_rst_n                                                                                                                                                                     |               15 |             64 |         4.27 |
|  ap_clk      | bd_0_i/hls_inst/inst/out_r_m_axi_U/store_unit_0/E[0]                                                                 |                                                                                                                                                                              |               11 |             64 |         5.82 |
|  ap_clk      | bd_0_i/hls_inst/inst/out_r_m_axi_U/bus_write/wreq_burst_conv/burst_sequential/rs_req/load_p1                         |                                                                                                                                                                              |               11 |             64 |         5.82 |
|  ap_clk      | bd_0_i/hls_inst/inst/out_r_m_axi_U/bus_write/wreq_throttle/rs_burst/E[0]                                             |                                                                                                                                                                              |               11 |             66 |         6.00 |
|  ap_clk      | bd_0_i/hls_inst/inst/out_r_m_axi_U/bus_write/wreq_throttle/rs_req/load_p1                                            |                                                                                                                                                                              |               11 |             66 |         6.00 |
|  ap_clk      | bd_0_i/hls_inst/inst/out_r_m_axi_U/bus_write/wreq_burst_conv/burst_sequential/E[0]                                   | ap_rst_n                                                                                                                                                                     |               10 |             71 |         7.10 |
|  ap_clk      | bd_0_i/hls_inst/inst/in_r_m_axi_U/bus_read/rreq_burst_conv/burst_sequential/E[0]                                     | ap_rst_n                                                                                                                                                                     |               10 |             71 |         7.10 |
|  ap_clk      | bd_0_i/hls_inst/inst/in_r_m_axi_U/bus_read/rreq_burst_conv/burst_sequential/rs_req/p_15_in                           | ap_rst_n                                                                                                                                                                     |               18 |             77 |         4.28 |
|  ap_clk      | bd_0_i/hls_inst/inst/out_r_m_axi_U/bus_write/wreq_burst_conv/burst_sequential/rs_req/p_15_in                         | ap_rst_n                                                                                                                                                                     |               18 |             77 |         4.28 |
|  ap_clk      | bd_0_i/hls_inst/inst/in_r_m_axi_U/bus_read/rreq_burst_conv/burst_sequential/rs_req/next_req                          | ap_rst_n                                                                                                                                                                     |               26 |            103 |         3.96 |
|  ap_clk      | bd_0_i/hls_inst/inst/out_r_m_axi_U/bus_write/wreq_burst_conv/burst_sequential/rs_req/next_req                        | ap_rst_n                                                                                                                                                                     |               24 |            103 |         4.29 |
|  ap_clk      | bd_0_i/hls_inst/inst/ap_CS_fsm_state1                                                                                |                                                                                                                                                                              |               40 |            124 |         3.10 |
|  ap_clk      |                                                                                                                      | ap_rst_n                                                                                                                                                                     |               70 |            192 |         2.74 |
|  ap_clk      |                                                                                                                      |                                                                                                                                                                              |              427 |           4058 |         9.50 |
+--------------+----------------------------------------------------------------------------------------------------------------------+------------------------------------------------------------------------------------------------------------------------------------------------------------------------------+------------------+----------------+--------------+


